09-23 20:40:52.879 15533 15612 I TestRunner: started: testCompleteHistoryFlow(com.shareconnect.automation.FullAppFlowAutomationTest)
09-23 20:40:52.884 15533 15612 W Settings: Setting always_finish_activities has moved from android.provider.Settings.System to android.provider.Settings.Global, returning read-only value.
09-23 20:40:52.894 15533 15533 D LifecycleMonitor: Lifecycle status change: com.shareconnect.MainActivity@d20b023 in: PRE_ON_CREATE
09-23 20:40:52.894 15533 15533 V ActivityScenario: Activity lifecycle changed event received but ignored because the reported transition was not ON_CREATE while the last known transition was PRE_ON_CREATE
09-23 20:40:52.895 15533 15533 D Console : getDefaultTheme() returned: Warm Orange Light (ID: 1, isDefault: true)
09-23 20:40:52.895 15533 15533 D Console : getDefaultTheme() returned: Warm Orange Light (ID: 1, isDefault: true)
09-23 20:40:52.895 15533 15533 D Console : Applying theme: Warm Orange Light, colorScheme: warm_orange, isDarkMode: false, currentTheme: WARM_ORANGE_LIGHT
09-23 20:40:52.895 15533 15533 D Console : Activity MainActivity usesToolbar: true
09-23 20:40:52.895   779   868 W Parcel  : Expecting binder but got null!
09-23 20:40:52.896 15533 15533 D Console : Setting night mode to NO
09-23 20:40:52.910 15533 15533 D LifecycleMonitor: Lifecycle status change: com.shareconnect.MainActivity@d20b023 in: CREATED
09-23 20:40:52.910 15533 15533 V ActivityScenario: Update currentActivityStage to CREATED, currentActivity=com.shareconnect.MainActivity@d20b023
09-23 20:40:52.911 15533 15533 D LifecycleMonitor: Lifecycle status change: com.shareconnect.MainActivity@d20b023 in: STARTED
09-23 20:40:52.911 15533 15533 V ActivityScenario: Update currentActivityStage to STARTED, currentActivity=com.shareconnect.MainActivity@d20b023
09-23 20:40:52.911   779   868 E OpenGLRenderer: Unable to match the desired swap behavior.
09-23 20:40:52.912 15533 15533 D FirebaseSessions: App foregrounded on com.shareconnect
09-23 20:40:52.917 15533 15533 V Console : Activity lifecycle :: RESUMED :: MainActivity
09-23 20:40:52.917 15533 15533 V Console : Foreground activity counter :: AtomicIntWrapper :: 12312792 :: 227589169 :: Value of: 0
09-23 20:40:52.917 15533 15533 I Console : Activity lifecycle :: Main state :: Foreground
09-23 20:40:52.917 15533 15533 V Console : Foreground activity counter :: AtomicIntWrapper :: 12312792 :: 227589169 :: Incremented to: 1
09-23 20:40:52.917 15533 15533 D Console : hasThemeChanged() returned: false
09-23 20:40:52.917 15533 15533 D Console : onResume() called, themeChanged: false
09-23 20:40:52.917 15533 15533 D LifecycleMonitor: Lifecycle status change: com.shareconnect.MainActivity@d20b023 in: RESUMED
09-23 20:40:52.917 15533 15533 V ActivityScenario: Update currentActivityStage to RESUMED, currentActivity=com.shareconnect.MainActivity@d20b023
09-23 20:40:52.917 15533 15533 V Console : Activity lifecycle :: POST-RESUMED :: MainActivity
09-23 20:40:52.919 15533 15626 W Parcel  : Expecting binder but got null!
09-23 20:40:52.936 15533 15626 E OpenGLRenderer: Unable to match the desired swap behavior.
09-23 20:40:52.946   779   868 D EGL_emulation: app_time_stats: avg=725.66ms min=12.25ms max=7820.64ms count=11
09-23 20:40:52.947   488   503 W ziparchive: Unable to open '/data/app/~~ax2PC4cP0yVn6y5KYomcXg==/com.shareconnect-W6-yzzxxsq-l613Q0yLpRg==/base.dm': No such file or directory
09-23 20:40:52.948   488   503 I ActivityTaskManager: Displayed com.shareconnect/.MainActivity: +62ms
09-23 20:40:52.962 11811 11811 I GoogleInputMethodService: GoogleInputMethodService.onFinishInput():3227
09-23 20:40:52.962 11811 11811 I GoogleInputMethodService: GoogleInputMethodService.updateDeviceLockedStatus():2087 repeatCheckTimes = 0, unlocked = true
09-23 20:40:52.962 11811 11811 I GoogleInputMethodService: GoogleInputMethodService.onStartInput():1877 onStartInput(EditorInfo{inputType=0x0(NULL) imeOptions=0x0 privateImeOptions=null actionName=UNSPECIFIED actionLabel=null actionId=0 initialSelStart=-1 initialSelEnd=-1 initialCapsMode=0x0 hintText=null label=null packageName=com.shareconnect fieldId=-1 fieldName=null extras=null}, false)
09-23 20:40:52.962 11811 11811 I GoogleInputMethodService: GoogleInputMethodService.shouldHideHeaderOnInitialState():4008 ShouldHideHeaderOnInitialState = false
09-23 20:40:52.962 11811 11811 I GoogleInputMethodService: GoogleInputMethodService.updateDeviceLockedStatus():2087 repeatCheckTimes = 2, unlocked = true
09-23 20:40:52.989  1581  1581 I GsaVoiceInteractionSrv: Handling ACTION_STOP_HOTWORD
09-23 20:40:52.990  1581  2232 I HwDetectorWithState: (REDACTED) a: %d
09-23 20:40:53.212  1581  2228 I AssistantForeground: (REDACTED) Get launcher package: %s
09-23 20:40:53.228   998  1945 D OneSearchSuggestProvider: Shut down the binder channel
09-23 20:40:53.228   998 24438 I s.nexuslauncher: oneway function results for code 2 on binder at 0xb400007a39483d90 will be dropped but finished with status UNKNOWN_TRANSACTION
09-23 20:40:53.228   488  4083 W InputManager-JNI: Input channel object 'b0340ad Splash Screen com.shareconnect (client)' was disposed without first being removed with the input manager!
09-23 20:40:53.873   323   323 E android.hardware.power.stats@1.0-service-mock: Failed to getEnergyData
09-23 20:40:54.277 27599 16096 I ProvidersCache: Provider returned no roots. Possibly naughty: com.google.android.apps.docs.storage
09-23 20:40:55.844 12330 12379 W Settings: Setting airplane_mode_on has moved from android.provider.Settings.System to android.provider.Settings.Global, returning read-only value.
09-23 20:40:55.853 12330 15997 W SystemServiceRegistry: No service published for: wifirtt
09-23 20:40:56.423 12330 12379 I ActivityScheduler: nextTriggerTime: 11299919, in 238100ms, detectorType: 39, FULL_TYPE alarmWindowMillis: 80000
09-23 20:40:56.466 12330 15975 I NetworkScheduler.Stats: (REDACTED) Task %s/%s started execution. cause:%s exec_start_elapsed_seconds: %s
09-23 20:40:56.474 12330 16102 I NetworkScheduler.Stats: (REDACTED) Task %s/%s finished executing. cause:%s result: %s elapsed_millis: %s uptime_millis: %s exec_start_elapsed_seconds: %s
09-23 20:40:56.672   488  2445 D WifiNl80211Manager: Scan result ready event
09-23 20:40:56.672   488  2445 D WifiNative: Scan result ready event
09-23 20:40:56.700 12330 15997 I FrewleTileCacheManagerV: (REDACTED) Fetched %d AP models from cache
09-23 20:40:56.716   488   503 E GnssUtilsJni: IGnss injectLocation() failed.
09-23 20:40:56.719 12330 12395 I FusedLocation: (REDACTED) location delivery to %s blocked - too close
09-23 20:40:56.724 12330 12379 I ActivityScheduler: nextTriggerTime: 11299919, in 237799ms, detectorType: 39, FULL_TYPE alarmWindowMillis: 80000
09-23 20:40:58.230 15533 15533 I ViewInteraction: Performing 'scroll to' action on view view.getId() is <2131230851/com.shareconnect:id/buttonHistory>
09-23 20:40:58.231 15533 15533 I ScrollToAction: View is already displayed. Returning.
09-23 20:40:58.234 15533 15533 I ViewInteraction: Performing 'single click' action on view view.getId() is <2131230851/com.shareconnect:id/buttonHistory>
09-23 20:40:58.333 15533 15626 D EGL_emulation: app_time_stats: avg=527.49ms min=1.54ms max=5240.72ms count=10
09-23 20:40:58.333   334   452 D AudioFlinger: mixer(0xb400007c8943e9a0) throttle end: throttle time(38)
09-23 20:40:58.351 15533 15533 V Console : Activity lifecycle :: PRE-PAUSED :: MainActivity
09-23 20:40:58.351 15533 15533 D Console : Activity lifecycle :: Top activity: MainActivity
09-23 20:40:58.351 15533 15533 D FirebaseSessions: App backgrounded on com.shareconnect
09-23 20:40:58.353 15533 15533 V Console : Activity lifecycle :: PAUSED :: MainActivity
09-23 20:40:58.353 15533 15533 V Console : Foreground activity counter :: AtomicIntWrapper :: 12312792 :: 227589169 :: Decremented to: 0
09-23 20:40:58.353 15533 15533 D LifecycleMonitor: Lifecycle status change: com.shareconnect.MainActivity@d20b023 in: PAUSED
09-23 20:40:58.353 15533 15533 V ActivityScenario: Update currentActivityStage to PAUSED, currentActivity=com.shareconnect.MainActivity@d20b023
09-23 20:40:58.361 15533 15533 D LifecycleMonitor: Lifecycle status change: com.shareconnect.HistoryActivity@20aa4c1 in: PRE_ON_CREATE
09-23 20:40:58.361 15533 15533 V ActivityScenario: Activity lifecycle changed event received but ignored because the intent does not match. startActivityIntent=Intent { act=android.intent.action.MAIN cat=[android.intent.category.LAUNCHER] flg=0x10008000 cmp=com.shareconnect/.MainActivity }, activity.getIntent()=Intent { cmp=com.shareconnect/.HistoryActivity }, activity=com.shareconnect.HistoryActivity@20aa4c1
09-23 20:40:58.362 15533 15533 D Console : getDefaultTheme() returned: Warm Orange Light (ID: 1, isDefault: true)
09-23 20:40:58.362 15533 15533 D Console : getDefaultTheme() returned: Warm Orange Light (ID: 1, isDefault: true)
09-23 20:40:58.362 15533 15533 D Console : Applying theme: Warm Orange Light, colorScheme: warm_orange, isDarkMode: false, currentTheme: WARM_ORANGE_LIGHT
09-23 20:40:58.362 15533 15533 D Console : Activity HistoryActivity usesToolbar: true
09-23 20:40:58.364 15533 15533 D Console : Setting night mode to NO
09-23 20:40:58.383 15533 15533 D LifecycleMonitor: Lifecycle status change: com.shareconnect.HistoryActivity@20aa4c1 in: CREATED
09-23 20:40:58.383 15533 15533 V ActivityScenario: Activity lifecycle changed event received but ignored because the intent does not match. startActivityIntent=Intent { act=android.intent.action.MAIN cat=[android.intent.category.LAUNCHER] flg=0x10008000 cmp=com.shareconnect/.MainActivity }, activity.getIntent()=Intent { cmp=com.shareconnect/.HistoryActivity }, activity=com.shareconnect.HistoryActivity@20aa4c1
09-23 20:40:58.383 15533 15533 D LifecycleMonitor: Lifecycle status change: com.shareconnect.HistoryActivity@20aa4c1 in: STARTED
09-23 20:40:58.383 15533 15533 V ActivityScenario: Activity lifecycle changed event received but ignored because the intent does not match. startActivityIntent=Intent { act=android.intent.action.MAIN cat=[android.intent.category.LAUNCHER] flg=0x10008000 cmp=com.shareconnect/.MainActivity }, activity.getIntent()=Intent { cmp=com.shareconnect/.HistoryActivity }, activity=com.shareconnect.HistoryActivity@20aa4c1
09-23 20:40:58.384 15533 15533 D FirebaseSessions: App foregrounded on com.shareconnect
09-23 20:40:58.385 15533 15533 V Console : Activity lifecycle :: RESUMED :: HistoryActivity
09-23 20:40:58.385 15533 15533 V Console : Foreground activity counter :: AtomicIntWrapper :: 12312792 :: 227589169 :: Value of: 0
09-23 20:40:58.385 15533 15533 I Console : Activity lifecycle :: Main state :: Foreground
09-23 20:40:58.385 15533 15533 V Console : Foreground activity counter :: AtomicIntWrapper :: 12312792 :: 227589169 :: Incremented to: 1
09-23 20:40:58.385 15533 15533 D Console : hasThemeChanged() returned: false
09-23 20:40:58.386 15533 15533 D LifecycleMonitor: Lifecycle status change: com.shareconnect.HistoryActivity@20aa4c1 in: RESUMED
09-23 20:40:58.386 15533 15533 V ActivityScenario: Activity lifecycle changed event received but ignored because the intent does not match. startActivityIntent=Intent { act=android.intent.action.MAIN cat=[android.intent.category.LAUNCHER] flg=0x10008000 cmp=com.shareconnect/.MainActivity }, activity.getIntent()=Intent { cmp=com.shareconnect/.HistoryActivity }, activity=com.shareconnect.HistoryActivity@20aa4c1
09-23 20:40:58.386 15533 15533 V Console : Activity lifecycle :: POST-RESUMED :: HistoryActivity
09-23 20:40:58.391 15533 15626 W Parcel  : Expecting binder but got null!
09-23 20:40:58.426 15533 15626 E OpenGLRenderer: Unable to match the desired swap behavior.
09-23 20:40:58.435   488   503 I ActivityTaskManager: Displayed com.shareconnect/.HistoryActivity: +136ms
09-23 20:40:58.446   488 13626 W Parcel  : Expecting binder but got null!
09-23 20:40:58.446   488 13626 W Parcel  : Expecting binder but got null!
09-23 20:40:58.530 11811 11811 I GoogleInputMethodService: GoogleInputMethodService.onFinishInput():3227
09-23 20:40:58.530 11811 11811 I GoogleInputMethodService: GoogleInputMethodService.updateDeviceLockedStatus():2087 repeatCheckTimes = 0, unlocked = true
09-23 20:40:58.530 11811 11811 I GoogleInputMethodService: GoogleInputMethodService.onStartInput():1877 onStartInput(EditorInfo{inputType=0x0(NULL) imeOptions=0x0 privateImeOptions=null actionName=UNSPECIFIED actionLabel=null actionId=0 initialSelStart=-1 initialSelEnd=-1 initialCapsMode=0x0 hintText=null label=null packageName=com.shareconnect fieldId=-1 fieldName=null extras=null}, false)
09-23 20:40:58.530 11811 11811 I GoogleInputMethodService: GoogleInputMethodService.shouldHideHeaderOnInitialState():4008 ShouldHideHeaderOnInitialState = false
09-23 20:40:58.530 11811 11811 I GoogleInputMethodService: GoogleInputMethodService.updateDeviceLockedStatus():2087 repeatCheckTimes = 2, unlocked = true
09-23 20:40:58.854 15533 16105 V Console : Foreground activity counter :: AtomicIntWrapper :: 12312792 :: 227589169 :: Value of: 1
09-23 20:40:58.925 15533 15626 D OpenGLRenderer: endAllActiveAnimators on 0xb400007b2942ee10 (RippleDrawable) with handle 0xb400007a394b9f10
09-23 20:40:58.929 15533 15533 V Console : Activity lifecycle :: PRE-STOPPED :: MainActivity
09-23 20:40:58.930 15533 15533 V Console : Activity lifecycle :: STOPPED :: MainActivity
09-23 20:40:58.930 15533 15533 D LifecycleMonitor: Lifecycle status change: com.shareconnect.MainActivity@d20b023 in: STOPPED
09-23 20:40:58.930 15533 15533 V ActivityScenario: Update currentActivityStage to STOPPED, currentActivity=com.shareconnect.MainActivity@d20b023
09-23 20:40:58.930 15533 15533 V Console : Activity lifecycle :: POST-STOPPED :: MainActivity
09-23 20:40:59.716 15533 15533 V Console : Activity lifecycle :: PRE-PAUSED :: HistoryActivity
09-23 20:40:59.716 15533 15533 D Console : Activity lifecycle :: Top activity: HistoryActivity
09-23 20:40:59.716 15533 15533 D FirebaseSessions: App backgrounded on com.shareconnect
09-23 20:40:59.719 15533 15533 V Console : Activity lifecycle :: PAUSED :: HistoryActivity
09-23 20:40:59.719 15533 15533 V Console : Foreground activity counter :: AtomicIntWrapper :: 12312792 :: 227589169 :: Decremented to: 0
09-23 20:40:59.719 15533 15533 D LifecycleMonitor: Lifecycle status change: com.shareconnect.HistoryActivity@20aa4c1 in: PAUSED
09-23 20:40:59.719 15533 15533 V ActivityScenario: Activity lifecycle changed event received but ignored because the intent does not match. startActivityIntent=Intent { act=android.intent.action.MAIN cat=[android.intent.category.LAUNCHER] flg=0x10008000 cmp=com.shareconnect/.MainActivity }, activity.getIntent()=Intent { cmp=com.shareconnect/.HistoryActivity }, activity=com.shareconnect.HistoryActivity@20aa4c1
09-23 20:40:59.724 15533 15533 D LifecycleMonitor: Lifecycle status change: com.shareconnect.MainActivity@d20b023 in: RESTARTED
09-23 20:40:59.724 15533 15533 V ActivityScenario: Update currentActivityStage to RESTARTED, currentActivity=com.shareconnect.MainActivity@d20b023
09-23 20:40:59.724 15533 15533 D LifecycleMonitor: Lifecycle status change: com.shareconnect.MainActivity@d20b023 in: STARTED
09-23 20:40:59.724 15533 15533 V ActivityScenario: Update currentActivityStage to STARTED, currentActivity=com.shareconnect.MainActivity@d20b023
09-23 20:40:59.725 15533 15533 D FirebaseSessions: App foregrounded on com.shareconnect
09-23 20:40:59.726 15533 15533 V Console : Activity lifecycle :: RESUMED :: MainActivity
09-23 20:40:59.726 15533 15533 V Console : Foreground activity counter :: AtomicIntWrapper :: 12312792 :: 227589169 :: Value of: 0
09-23 20:40:59.726 15533 15533 I Console : Activity lifecycle :: Main state :: Foreground
09-23 20:40:59.726 15533 15533 V Console : Foreground activity counter :: AtomicIntWrapper :: 12312792 :: 227589169 :: Incremented to: 1
09-23 20:40:59.727 15533 15533 D Console : hasThemeChanged() returned: false
09-23 20:40:59.727 15533 15533 D Console : onResume() called, themeChanged: false
09-23 20:40:59.727 15533 15533 D LifecycleMonitor: Lifecycle status change: com.shareconnect.MainActivity@d20b023 in: RESUMED
09-23 20:40:59.727 15533 15533 V ActivityScenario: Update currentActivityStage to RESUMED, currentActivity=com.shareconnect.MainActivity@d20b023
09-23 20:40:59.727 15533 15533 V Console : Activity lifecycle :: POST-RESUMED :: MainActivity
09-23 20:40:59.735   998  1019 W System  : A resource failed to call release.
09-23 20:40:59.735   998  1019 W System  : A resource failed to call release.
09-23 20:40:59.735   998  1019 W System  : A resource failed to call release.
09-23 20:40:59.735   998  1019 W System  : A resource failed to call release.
09-23 20:40:59.735   998  1019 W System  : A resource failed to call release.
09-23 20:40:59.735   998  1019 W System  : A resource failed to call release.
09-23 20:40:59.745 15533 15626 E OpenGLRenderer: Unable to match the desired swap behavior.
09-23 20:40:59.763 15533 15626 D EGL_emulation: app_time_stats: avg=110.83ms min=15.21ms max=1121.60ms count=12
09-23 20:40:59.776 11811 11811 I GoogleInputMethodService: GoogleInputMethodService.onFinishInput():3227
09-23 20:40:59.777 11811 11811 I GoogleInputMethodService: GoogleInputMethodService.updateDeviceLockedStatus():2087 repeatCheckTimes = 0, unlocked = true
09-23 20:40:59.777 11811 11811 I GoogleInputMethodService: GoogleInputMethodService.onStartInput():1877 onStartInput(EditorInfo{inputType=0x0(NULL) imeOptions=0x0 privateImeOptions=null actionName=UNSPECIFIED actionLabel=null actionId=0 initialSelStart=-1 initialSelEnd=-1 initialCapsMode=0x0 hintText=null label=null packageName=com.shareconnect fieldId=-1 fieldName=null extras=null}, false)
09-23 20:40:59.777 11811 11811 I GoogleInputMethodService: GoogleInputMethodService.shouldHideHeaderOnInitialState():4008 ShouldHideHeaderOnInitialState = false
09-23 20:40:59.777 11811 11811 I GoogleInputMethodService: GoogleInputMethodService.updateDeviceLockedStatus():2087 repeatCheckTimes = 2, unlocked = true
09-23 20:40:59.778   488 13626 W Parcel  : Expecting binder but got null!
09-23 20:40:59.781   488 13626 W Parcel  : Expecting binder but got null!
09-23 20:40:59.810 15533 15533 I ViewInteraction: Performing 'scroll to' action on view view.getId() is <2131230859/com.shareconnect:id/buttonSettings>
09-23 20:40:59.811 15533 15533 I ScrollToAction: View is already displayed. Returning.
09-23 20:40:59.812 15533 15533 I ViewInteraction: Checking 'MatchesViewAssertion{viewMatcher=(view has effective visibility <VISIBLE> and view.getGlobalVisibleRect() to return non-empty rectangle)}' assertion on view view.getId() is <2131230859/com.shareconnect:id/buttonSettings>
09-23 20:40:59.815 15533 15533 V Console : Activity lifecycle :: PRE-PAUSED :: MainActivity
09-23 20:40:59.815 15533 15533 D Console : Activity lifecycle :: Top activity: MainActivity
09-23 20:40:59.815 15533 15533 D FirebaseSessions: App backgrounded on com.shareconnect
09-23 20:40:59.816 15533 15533 V Console : Activity lifecycle :: PAUSED :: MainActivity
09-23 20:40:59.816 15533 15533 V Console : Foreground activity counter :: AtomicIntWrapper :: 12312792 :: 227589169 :: Decremented to: 0
09-23 20:40:59.816 15533 15533 D LifecycleMonitor: Lifecycle status change: com.shareconnect.MainActivity@d20b023 in: PAUSED
09-23 20:40:59.816 15533 15533 V ActivityScenario: Update currentActivityStage to PAUSED, currentActivity=com.shareconnect.MainActivity@d20b023
09-23 20:40:59.819 15533 15533 D LifecycleMonitor: Lifecycle status change: androidx.test.core.app.InstrumentationActivityInvoker$EmptyActivity@2161243 in: PRE_ON_CREATE
09-23 20:40:59.819 15533 15533 V ActivityScenario: Activity lifecycle changed event received but ignored because the intent does not match. startActivityIntent=Intent { act=android.intent.action.MAIN cat=[android.intent.category.LAUNCHER] flg=0x10008000 cmp=com.shareconnect/.MainActivity }, activity.getIntent()=Intent { act=android.intent.action.MAIN cat=[android.intent.category.LAUNCHER] flg=0x10000000 cmp=com.shareconnect/androidx.test.core.app.InstrumentationActivityInvoker$EmptyActivity }, activity=androidx.test.core.app.InstrumentationActivityInvoker$EmptyActivity@2161243
09-23 20:40:59.820 15533 15533 D LifecycleMonitor: Lifecycle status change: androidx.test.core.app.InstrumentationActivityInvoker$EmptyActivity@2161243 in: CREATED
09-23 20:40:59.821 15533 15533 V ActivityScenario: Activity lifecycle changed event received but ignored because the intent does not match. startActivityIntent=Intent { act=android.intent.action.MAIN cat=[android.intent.category.LAUNCHER] flg=0x10008000 cmp=com.shareconnect/.MainActivity }, activity.getIntent()=Intent { act=android.intent.action.MAIN cat=[android.intent.category.LAUNCHER] flg=0x10000000 cmp=com.shareconnect/androidx.test.core.app.InstrumentationActivityInvoker$EmptyActivity }, activity=androidx.test.core.app.InstrumentationActivityInvoker$EmptyActivity@2161243
09-23 20:40:59.821 15533 15533 D LifecycleMonitor: Lifecycle status change: androidx.test.core.app.InstrumentationActivityInvoker$EmptyActivity@2161243 in: STARTED
09-23 20:40:59.821 15533 15533 V ActivityScenario: Activity lifecycle changed event received but ignored because the intent does not match. startActivityIntent=Intent { act=android.intent.action.MAIN cat=[android.intent.category.LAUNCHER] flg=0x10008000 cmp=com.shareconnect/.MainActivity }, activity.getIntent()=Intent { act=android.intent.action.MAIN cat=[android.intent.category.LAUNCHER] flg=0x10000000 cmp=com.shareconnect/androidx.test.core.app.InstrumentationActivityInvoker$EmptyActivity }, activity=androidx.test.core.app.InstrumentationActivityInvoker$EmptyActivity@2161243
09-23 20:40:59.822 15533 15533 D FirebaseSessions: App foregrounded on com.shareconnect
09-23 20:40:59.825 15533 15533 V Console : Activity lifecycle :: RESUMED :: EmptyActivity
09-23 20:40:59.825 15533 15533 V Console : Foreground activity counter :: AtomicIntWrapper :: 12312792 :: 227589169 :: Value of: 0
09-23 20:40:59.825 15533 15533 I Console : Activity lifecycle :: Main state :: Foreground
09-23 20:40:59.825 15533 15533 V Console : Foreground activity counter :: AtomicIntWrapper :: 12312792 :: 227589169 :: Incremented to: 1
09-23 20:40:59.825 15533 15533 D LifecycleMonitor: Lifecycle status change: androidx.test.core.app.InstrumentationActivityInvoker$EmptyActivity@2161243 in: RESUMED
09-23 20:40:59.825 15533 15533 V ActivityScenario: Activity lifecycle changed event received but ignored because the intent does not match. startActivityIntent=Intent { act=android.intent.action.MAIN cat=[android.intent.category.LAUNCHER] flg=0x10008000 cmp=com.shareconnect/.MainActivity }, activity.getIntent()=Intent { act=android.intent.action.MAIN cat=[android.intent.category.LAUNCHER] flg=0x10000000 cmp=com.shareconnect/androidx.test.core.app.InstrumentationActivityInvoker$EmptyActivity }, activity=androidx.test.core.app.InstrumentationActivityInvoker$EmptyActivity@2161243
09-23 20:40:59.826 15533 15533 V Console : Activity lifecycle :: POST-RESUMED :: EmptyActivity
09-23 20:40:59.827 15533 15626 W Parcel  : Expecting binder but got null!
09-23 20:40:59.833 15533 15626 E OpenGLRenderer: Unable to match the desired swap behavior.
09-23 20:40:59.844   488   503 I ActivityTaskManager: Displayed com.shareconnect/androidx.test.core.app.InstrumentationActivityInvoker$EmptyActivity: +30ms
09-23 20:40:59.876 11811 11811 I GoogleInputMethodService: GoogleInputMethodService.onFinishInput():3227
09-23 20:40:59.876 15533 15533 V Console : Activity lifecycle :: PRE-STOPPED :: MainActivity
09-23 20:40:59.876 11811 11811 I GoogleInputMethodService: GoogleInputMethodService.updateDeviceLockedStatus():2087 repeatCheckTimes = 0, unlocked = true
09-23 20:40:59.876 11811 11811 I GoogleInputMethodService: GoogleInputMethodService.onStartInput():1877 onStartInput(EditorInfo{inputType=0x0(NULL) imeOptions=0x0 privateImeOptions=null actionName=UNSPECIFIED actionLabel=null actionId=0 initialSelStart=-1 initialSelEnd=-1 initialCapsMode=0x0 hintText=null label=null packageName=com.shareconnect fieldId=-1 fieldName=null extras=null}, false)
09-23 20:40:59.876 11811 11811 I GoogleInputMethodService: GoogleInputMethodService.shouldHideHeaderOnInitialState():4008 ShouldHideHeaderOnInitialState = false
09-23 20:40:59.877 11811 11811 I GoogleInputMethodService: GoogleInputMethodService.updateDeviceLockedStatus():2087 repeatCheckTimes = 2, unlocked = true
09-23 20:40:59.877 15533 15533 V Console : Activity lifecycle :: STOPPED :: MainActivity
09-23 20:40:59.877 15533 15533 D LifecycleMonitor: Lifecycle status change: com.shareconnect.MainActivity@d20b023 in: STOPPED
09-23 20:40:59.877 15533 15533 V ActivityScenario: Update currentActivityStage to STOPPED, currentActivity=com.shareconnect.MainActivity@d20b023
09-23 20:40:59.877 15533 15533 V Console : Activity lifecycle :: POST-STOPPED :: MainActivity
09-23 20:40:59.881 15533 15533 V Console : Activity lifecycle :: PRE-DESTROYED :: MainActivity
09-23 20:40:59.881 15533 15533 V Console : Activity lifecycle :: DESTROYED :: MainActivity
09-23 20:40:59.881 15533 15533 D LifecycleMonitor: Lifecycle status change: com.shareconnect.MainActivity@d20b023 in: DESTROYED
09-23 20:40:59.881 15533 15533 V ActivityScenario: Update currentActivityStage to DESTROYED, currentActivity=null
09-23 20:40:59.882   488  4083 W InputManager-JNI: Input channel object '5705348 com.shareconnect/com.shareconnect.MainActivity (client)' was disposed without first being removed with the input manager!
09-23 20:40:59.884 15533 15612 I TestRunner: finished: testCompleteHistoryFlow(com.shareconnect.automation.FullAppFlowAutomationTest)
