09-23 20:39:43.050 15533 15544 D StrictMode: 	at androidx.room.util.DBUtil__DBUtil_androidKt$performBlocking$1$1.invoke(Unknown Source:8)
09-23 20:39:43.050 15533 15544 D StrictMode: 	at androidx.room.util.DBUtil__DBUtil_androidKt$performBlocking$1$1.invoke(Unknown Source:4)
09-23 20:39:43.050 15533 15544 D StrictMode: 	at kotlinx.coroutines.intrinsics.UndispatchedKt.startUndspatched(Undispatched.kt:66)
09-23 20:39:43.050 15533 15544 D StrictMode: 	at kotlinx.coroutines.intrinsics.UndispatchedKt.startUndispatchedOrReturn(Undispatched.kt:43)
09-23 20:39:43.050 15533 15544 D StrictMode: 	at kotlinx.coroutines.BuildersKt__Builders_commonKt.withContext(Builders.common.kt:157)
09-23 20:39:43.050 15533 15544 D StrictMode: 	at kotlinx.coroutines.BuildersKt.withContext(Unknown Source:1)
09-23 20:39:43.050 15533 15544 D StrictMode: 	at androidx.room.util.DBUtil__DBUtil_androidKt$performBlocking$1.invokeSuspend(DBUtil.android.kt:72)
09-23 20:39:43.050 15533 15544 D StrictMode: 	at androidx.room.util.DBUtil__DBUtil_androidKt$performBlocking$1.invoke(Unknown Source:8)
09-23 20:39:43.050 15533 15544 D StrictMode: 	at androidx.room.util.DBUtil__DBUtil_androidKt$performBlocking$1.invoke(Unknown Source:4)
09-23 20:39:43.050 15533 15544 D StrictMode: 	at androidx.room.coroutines.RunBlockingUninterruptible_androidKt$runBlockingUninterruptible$1$1.invokeSuspend(RunBlockingUninterruptible.android.kt:52)
09-23 20:39:43.050 15533 15544 D StrictMode: 	at androidx.room.coroutines.RunBlockingUninterruptible_androidKt$runBlockingUninterruptible$1$1.invoke(Unknown Source:8)
09-23 20:39:43.050 15533 15544 D StrictMode: 	at androidx.room.coroutines.RunBlockingUninterruptible_androidKt$runBlockingUninterruptible$1$1.invoke(Unknown Source:4)
09-23 20:39:43.050 15533 15544 D StrictMode: 	at kotlinx.coroutines.intrinsics.UndispatchedKt.startCoroutineUndispatched(Undispatched.kt:20)
09-23 20:39:43.050 15533 15544 D StrictMode: 	at kotlinx.coroutines.CoroutineStart.invoke(CoroutineStart.kt:360)
09-23 20:39:43.050 15533 15544 D StrictMode: 	at kotlinx.coroutines.AbstractCoroutine.start(AbstractCoroutine.kt:134)
09-23 20:39:43.050 15533 15544 D StrictMode: 	at kotlinx.coroutines.BuildersKt__Builders_commonKt.launch(Builders.common.kt:53)
09-23 20:39:43.050 15533 15544 D StrictMode: 	at kotlinx.coroutines.BuildersKt.launch(Unknown Source:1)
09-23 20:39:43.050 15533 15544 D StrictMode: 	at androidx.room.coroutines.RunBlockingUninterruptible_androidKt$runBlockingUninterruptible$1.invokeSuspend(RunBlockingUninterruptible.android.kt:51)
09-23 20:39:43.050 15533 15544 D StrictMode: 	at kotlin.coroutines.jvm.internal.BaseContinuationImpl.resumeWith(ContinuationImpl.kt:34)
09-23 20:39:43.050 15533 15544 D StrictMode: 	at kotlinx.coroutines.DispatchedTask.run(DispatchedTask.kt:100)
09-23 20:39:43.050 15533 15544 D StrictMode: 	at kotlinx.coroutines.EventLoopImplBase.processNextEvent(EventLoop.common.kt:263)
09-23 20:39:43.050 15533 15544 D StrictMode: 	at kotlinx.coroutines.BlockingCoroutine.joinBlocking(Builders.kt:94)
09-23 20:39:43.050 15533 15544 D StrictMode: 	at kotlinx.coroutines.BuildersKt__BuildersKt.runBlocking(Builders.kt:70)
09-23 20:39:43.050 15533 15544 D StrictMode: 	at kotlinx.coroutines.BuildersKt.runBlocking(Unknown Source:1)
09-23 20:39:43.050 15533 15544 D StrictMode: 	at kotlinx.coroutines.BuildersKt__BuildersKt.runBlocking$default(Builders.kt:48)
09-23 20:39:43.050 15533 15544 D StrictMode: 	at kotlinx.coroutines.BuildersKt.runBlocking$default(Unknown Source:1)
09-23 20:39:43.050 15533 15544 D StrictMode: 	at androidx.room.coroutines.RunBlockingUninterruptible_androidKt.runBlockingUninterruptible(RunBlockingUninterruptible.android.kt:45)
09-23 20:39:43.050 15533 15544 D StrictMode: 	at androidx.room.util.DBUtil__DBUtil_androidKt.performBlocking(DBUtil.android.kt:71)
09-23 20:39:43.050 15533 15544 D StrictMode: 	at androidx.room.util.DBUtil.performBlocking(Unknown Source:1)
09-23 20:39:43.050 15533 15544 D StrictMode: 	at com.shareconnect.database.HistoryItemDao_Impl.getAllHistoryItems(HistoryItemDao_Impl.kt:174)
09-23 20:39:43.050 15533 15544 D StrictMode: 	at com.shareconnect.database.HistoryRepository.getAllHistoryItems(HistoryRepository.kt:29)
09-23 20:39:43.050 15533 15544 D StrictMode: 	at com.shareconnect.HistoryActivity.loadHistoryItems(HistoryActivity.kt:86)
09-23 20:39:43.050 15533 15544 D StrictMode: 	at com.shareconnect.HistoryActivity.onCreate(HistoryActivity.kt:50)
09-23 20:39:43.050 15533 15544 D StrictMode: 	at android.app.Activity.performCreate(Activity.java:8342)
09-23 20:39:43.050 15533 15544 D StrictMode: 	at android.app.Activity.performCreate(Activity.java:8321)
09-23 20:39:43.050 15533 15544 D StrictMode: 	at android.app.Instrumentation.callActivityOnCreate(Instrumentation.java:1417)
09-23 20:39:43.050 15533 15544 D StrictMode: 	at androidx.test.runner.MonitoringInstrumentation.callActivityOnCreate(MonitoringInstrumentation.java:766)
09-23 20:39:43.050 15533 15544 D StrictMode: 	at android.app.ActivityThread.performLaunchActivity(ActivityThread.java:3626)
09-23 20:39:43.050 15533 15544 D StrictMode: 	at android.app.ActivityThread.handleLaunchActivity(ActivityThread.java:3782)
09-23 20:39:43.050 15533 15544 D StrictMode: 	at android.app.servertransaction.LaunchActivityItem.execute(LaunchActivityItem.java:101)
09-23 20:39:43.050 15533 15544 D StrictMode: 	at android.app.servertransaction.TransactionExecutor.executeCallbacks(TransactionExecutor.java:138)
09-23 20:39:43.050 15533 15544 D StrictMode: 	at android.app.servertransaction.TransactionExecutor.execute(TransactionExecutor.java:95)
09-23 20:39:43.050 15533 15544 D StrictMode: 	at android.app.ActivityThread$H.handleMessage(ActivityThread.java:2307)
09-23 20:39:43.050 15533 15544 D StrictMode: 	at android.os.Handler.dispatchMessage(Handler.java:106)
09-23 20:39:43.050 15533 15544 D StrictMode: 	at androidx.test.espresso.base.Interrogator.loopAndInterrogate(Interrogator.java:14)
09-23 20:39:43.050 15533 15544 D StrictMode: 	at androidx.test.espresso.base.UiControllerImpl.loopUntil(UiControllerImpl.java:8)
09-23 20:39:43.050 15533 15544 D StrictMode: 	at androidx.test.espresso.base.UiControllerImpl.loopUntil(UiControllerImpl.java:1)
09-23 20:39:43.050 15533 15544 D StrictMode: 	at androidx.test.espresso.base.UiControllerImpl.injectMotionEvent(UiControllerImpl.java:5)
09-23 20:39:43.050 15533 15544 D StrictMode: 	at androidx.test.espresso.action.MotionEvents.sendUp(MotionEvents.java:7)
09-23 20:39:43.050 15533 15544 D StrictMode: 	at androidx.test.espresso.action.MotionEvents.sendUp(MotionEvents.java:1)
09-23 20:39:43.050 15533 15544 D StrictMode: 	at androidx.test.espresso.action.Tap.sendSingleTap(Tap.java:5)
09-23 20:39:43.050 15533 15544 D StrictMode: 	at androidx.test.espresso.action.Tap.-$$Nest$smsendSingleTap(Unknown Source:0)
09-23 20:39:43.050 15533 15544 D StrictMode: 	at androidx.test.espresso.action.Tap$1.sendTap(Tap.java:3)
09-23 20:39:43.050 15533 15544 D StrictMode: 	at androidx.test.espresso.action.GeneralClickAction.perform(GeneralClickAction.java:6)
09-23 20:39:43.050 15533 15544 D StrictMode: 	at androidx.test.espresso.ViewInteraction$SingleExecutionViewAction.perform(ViewInteraction.java:2)
09-23 20:39:43.050 15533 15544 D StrictMode: 	at androidx.test.espresso.ViewInteraction.doPerform(ViewInteraction.java:25)
09-23 20:39:43.050 15533 15544 D StrictMode: 	at androidx.test.espresso.ViewInteraction.-$$Nest$mdoPerform(Unknown Source:0)
09-23 20:39:43.050 15533 15544 D StrictMode: 	at androidx.test.espresso.ViewInteraction$1.call(ViewInteraction.java:7)
09-23 20:39:43.050 15533 15544 D StrictMode: 	at androidx.test.espresso.ViewInteraction$1.call(ViewInteraction.java:1)
09-23 20:39:43.050 15533 15544 D StrictMode: 	at java.util.concurrent.FutureTask.run(FutureTask.java:264)
09-23 20:39:43.050 15533 15544 D StrictMode: 	at android.os.Handler.handleCallback(Handler.java:942)
09-23 20:39:43.050 15533 15544 D StrictMode: 	at android.os.Handler.dispatchMessage(Handler.java:99)
09-23 20:39:43.050 15533 15544 D StrictMode: 	at android.os.Looper.loopOnce(Looper.java:201)
09-23 20:39:43.050 15533 15544 D StrictMode: 	at android.os.Looper.loop(Looper.java:288)
09-23 20:39:43.050 15533 15544 D StrictMode: 	at android.app.ActivityThread.main(ActivityThread.java:7924)
09-23 20:39:43.050 15533 15544 D StrictMode: 	at java.lang.reflect.Method.invoke(Native Method)
09-23 20:39:43.050 15533 15544 D StrictMode: 	at com.android.internal.os.RuntimeInit$MethodAndArgsCaller.run(RuntimeInit.java:548)
09-23 20:39:43.050 15533 15544 D StrictMode: 	at com.android.internal.os.ZygoteInit.main(ZygoteInit.java:936)
09-23 20:39:43.065 15533 15533 I om.shareconnect: Explicit concurrent copying GC freed 33855(1490KB) AllocSpace objects, 4(84KB) LOS objects, 49% free, 7726KB/15MB, paused 15us,20us total 13.968ms
09-23 20:39:43.074   488  4157 W InputManager-JNI: Input channel object '1e3e561 com.shareconnect/com.shareconnect.HistoryActivity (client)' was disposed without first being removed with the input manager!
09-23 20:39:43.076 15533 15533 I ViewInteraction: Performing 'scroll to' action on view view.getId() is <2131230859/com.shareconnect:id/buttonSettings>
09-23 20:39:43.076 15533 15533 I ScrollToAction: View is already displayed. Returning.
09-23 20:39:43.077 15533 15533 I ViewInteraction: Checking 'MatchesViewAssertion{viewMatcher=(view has effective visibility <VISIBLE> and view.getGlobalVisibleRect() to return non-empty rectangle)}' assertion on view view.getId() is <2131230859/com.shareconnect:id/buttonSettings>
09-23 20:39:43.078 15533 15533 I ViewInteraction: Performing 'scroll to' action on view view.getId() is <2131230859/com.shareconnect:id/buttonSettings>
09-23 20:39:43.078 15533 15533 I ScrollToAction: View is already displayed. Returning.
09-23 20:39:43.079 15533 15533 I ViewInteraction: Performing 'single click' action on view view.getId() is <2131230859/com.shareconnect:id/buttonSettings>
09-23 20:39:43.142 15533 15533 V Console : Activity lifecycle :: PRE-PAUSED :: MainActivity
09-23 20:39:43.142 15533 15533 D Console : Activity lifecycle :: Top activity: MainActivity
09-23 20:39:43.142 15533 15533 D FirebaseSessions: App backgrounded on com.shareconnect
09-23 20:39:43.144 15533 15533 V Console : Activity lifecycle :: PAUSED :: MainActivity
09-23 20:39:43.144 15533 15533 V Console : Foreground activity counter :: AtomicIntWrapper :: 12312792 :: 227589169 :: Decremented to: 0
09-23 20:39:43.144 15533 15533 D LifecycleMonitor: Lifecycle status change: com.shareconnect.MainActivity@889d43e in: PAUSED
09-23 20:39:43.145 15533 15533 V ActivityScenario: Update currentActivityStage to PAUSED, currentActivity=com.shareconnect.MainActivity@889d43e
09-23 20:39:43.149 15533 15533 D LifecycleMonitor: Lifecycle status change: com.shareconnect.SettingsActivity@5aef2fb in: PRE_ON_CREATE
09-23 20:39:43.149 15533 15533 V ActivityScenario: Activity lifecycle changed event received but ignored because the intent does not match. startActivityIntent=Intent { act=android.intent.action.MAIN cat=[android.intent.category.LAUNCHER] flg=0x10008000 cmp=com.shareconnect/.MainActivity }, activity.getIntent()=Intent { cmp=com.shareconnect/.SettingsActivity }, activity=com.shareconnect.SettingsActivity@5aef2fb
09-23 20:39:43.149 15533 15533 D Console : getDefaultTheme() returned: Warm Orange Light (ID: 1, isDefault: true)
09-23 20:39:43.150 15533 15533 D Console : getDefaultTheme() returned: Warm Orange Light (ID: 1, isDefault: true)
09-23 20:39:43.150 15533 15533 D Console : Applying theme: Warm Orange Light, colorScheme: warm_orange, isDarkMode: false, currentTheme: WARM_ORANGE_LIGHT
09-23 20:39:43.150 15533 15533 D Console : Activity SettingsActivity usesToolbar: true
09-23 20:39:43.150 15533 15533 D Console : Setting night mode to NO
09-23 20:39:43.153 15533 15533 D LifecycleMonitor: Lifecycle status change: com.shareconnect.SettingsActivity@5aef2fb in: CREATED
09-23 20:39:43.153 15533 15533 V ActivityScenario: Activity lifecycle changed event received but ignored because the intent does not match. startActivityIntent=Intent { act=android.intent.action.MAIN cat=[android.intent.category.LAUNCHER] flg=0x10008000 cmp=com.shareconnect/.MainActivity }, activity.getIntent()=Intent { cmp=com.shareconnect/.SettingsActivity }, activity=com.shareconnect.SettingsActivity@5aef2fb
09-23 20:39:43.156 15533 15533 D LifecycleMonitor: Lifecycle status change: com.shareconnect.SettingsActivity@5aef2fb in: STARTED
09-23 20:39:43.156 15533 15533 V ActivityScenario: Activity lifecycle changed event received but ignored because the intent does not match. startActivityIntent=Intent { act=android.intent.action.MAIN cat=[android.intent.category.LAUNCHER] flg=0x10008000 cmp=com.shareconnect/.MainActivity }, activity.getIntent()=Intent { cmp=com.shareconnect/.SettingsActivity }, activity=com.shareconnect.SettingsActivity@5aef2fb
09-23 20:39:43.156 15533 15533 D FirebaseSessions: App foregrounded on com.shareconnect
09-23 20:39:43.159 15533 15533 V Console : Activity lifecycle :: RESUMED :: SettingsActivity
09-23 20:39:43.159 15533 15533 V Console : Foreground activity counter :: AtomicIntWrapper :: 12312792 :: 227589169 :: Value of: 0
09-23 20:39:43.159 15533 15533 I Console : Activity lifecycle :: Main state :: Foreground
09-23 20:39:43.159 15533 15533 V Console : Foreground activity counter :: AtomicIntWrapper :: 12312792 :: 227589169 :: Incremented to: 1
09-23 20:39:43.159 15533 15533 D LifecycleMonitor: Lifecycle status change: com.shareconnect.SettingsActivity@5aef2fb in: RESUMED
09-23 20:39:43.159 15533 15533 V ActivityScenario: Activity lifecycle changed event received but ignored because the intent does not match. startActivityIntent=Intent { act=android.intent.action.MAIN cat=[android.intent.category.LAUNCHER] flg=0x10008000 cmp=com.shareconnect/.MainActivity }, activity.getIntent()=Intent { cmp=com.shareconnect/.SettingsActivity }, activity=com.shareconnect.SettingsActivity@5aef2fb
09-23 20:39:43.163 15533 15533 V Console : Activity lifecycle :: POST-RESUMED :: SettingsActivity
09-23 20:39:43.164 15533 15626 W Parcel  : Expecting binder but got null!
09-23 20:39:43.175 15533 15626 E OpenGLRenderer: Unable to match the desired swap behavior.
09-23 20:39:43.192   488   503 I ActivityTaskManager: Displayed com.shareconnect/.SettingsActivity: +67ms
09-23 20:39:43.215   488 13626 W Parcel  : Expecting binder but got null!
09-23 20:39:43.219   488 13626 W Parcel  : Expecting binder but got null!
09-23 20:39:43.309 11811 11811 I GoogleInputMethodService: GoogleInputMethodService.onFinishInput():3227
09-23 20:39:43.309 11811 11811 I GoogleInputMethodService: GoogleInputMethodService.updateDeviceLockedStatus():2087 repeatCheckTimes = 0, unlocked = true
09-23 20:39:43.309 11811 11811 I GoogleInputMethodService: GoogleInputMethodService.onStartInput():1877 onStartInput(EditorInfo{inputType=0x0(NULL) imeOptions=0x0 privateImeOptions=null actionName=UNSPECIFIED actionLabel=null actionId=0 initialSelStart=-1 initialSelEnd=-1 initialCapsMode=0x0 hintText=null label=null packageName=com.shareconnect fieldId=2131231190 fieldName=null extras=null}, false)
09-23 20:39:43.309 11811 11811 I GoogleInputMethodService: GoogleInputMethodService.shouldHideHeaderOnInitialState():4008 ShouldHideHeaderOnInitialState = false
09-23 20:39:43.309 11811 11811 I GoogleInputMethodService: GoogleInputMethodService.updateDeviceLockedStatus():2087 repeatCheckTimes = 2, unlocked = true
09-23 20:39:43.544 15533 15626 D EGL_emulation: app_time_stats: avg=31.49ms min=13.61ms max=485.51ms count=33
09-23 20:39:43.645 15533 15891 V Console : Foreground activity counter :: AtomicIntWrapper :: 12312792 :: 227589169 :: Value of: 1
09-23 20:39:43.709 15533 15626 D OpenGLRenderer: endAllActiveAnimators on 0xb400007b2944d0e0 (RippleDrawable) with handle 0xb400007a394685b0
09-23 20:39:43.713 15533 15533 V Console : Activity lifecycle :: PRE-STOPPED :: MainActivity
09-23 20:39:43.714 15533 15533 V Console : Activity lifecycle :: STOPPED :: MainActivity
09-23 20:39:43.715 15533 15533 D LifecycleMonitor: Lifecycle status change: com.shareconnect.MainActivity@889d43e in: STOPPED
09-23 20:39:43.715 15533 15533 V ActivityScenario: Update currentActivityStage to STOPPED, currentActivity=com.shareconnect.MainActivity@889d43e
09-23 20:39:43.716 15533 15533 V Console : Activity lifecycle :: POST-STOPPED :: MainActivity
09-23 20:39:44.249 15533 15533 V Console : Activity lifecycle :: PRE-PAUSED :: SettingsActivity
09-23 20:39:44.249 15533 15533 D Console : Activity lifecycle :: Top activity: SettingsActivity
09-23 20:39:44.249 15533 15533 D FirebaseSessions: App backgrounded on com.shareconnect
09-23 20:39:44.252 15533 15533 V Console : Activity lifecycle :: PAUSED :: SettingsActivity
09-23 20:39:44.252 15533 15533 V Console : Foreground activity counter :: AtomicIntWrapper :: 12312792 :: 227589169 :: Decremented to: 0
09-23 20:39:44.253 15533 15533 D LifecycleMonitor: Lifecycle status change: com.shareconnect.SettingsActivity@5aef2fb in: PAUSED
09-23 20:39:44.253 15533 15533 V ActivityScenario: Activity lifecycle changed event received but ignored because the intent does not match. startActivityIntent=Intent { act=android.intent.action.MAIN cat=[android.intent.category.LAUNCHER] flg=0x10008000 cmp=com.shareconnect/.MainActivity }, activity.getIntent()=Intent { cmp=com.shareconnect/.SettingsActivity }, activity=com.shareconnect.SettingsActivity@5aef2fb
09-23 20:39:44.256 15533 15533 D LifecycleMonitor: Lifecycle status change: com.shareconnect.MainActivity@889d43e in: RESTARTED
09-23 20:39:44.256 15533 15533 V ActivityScenario: Update currentActivityStage to RESTARTED, currentActivity=com.shareconnect.MainActivity@889d43e
09-23 20:39:44.257 15533 15533 D LifecycleMonitor: Lifecycle status change: com.shareconnect.MainActivity@889d43e in: STARTED
09-23 20:39:44.257 15533 15533 V ActivityScenario: Update currentActivityStage to STARTED, currentActivity=com.shareconnect.MainActivity@889d43e
09-23 20:39:44.258 15533 15533 D FirebaseSessions: App foregrounded on com.shareconnect
09-23 20:39:44.263 15533 15533 V Console : Activity lifecycle :: RESUMED :: MainActivity
09-23 20:39:44.263 15533 15533 V Console : Foreground activity counter :: AtomicIntWrapper :: 12312792 :: 227589169 :: Value of: 0
09-23 20:39:44.263 15533 15533 I Console : Activity lifecycle :: Main state :: Foreground
09-23 20:39:44.264 15533 15533 V Console : Foreground activity counter :: AtomicIntWrapper :: 12312792 :: 227589169 :: Incremented to: 1
09-23 20:39:44.264 15533 15533 D Console : hasThemeChanged() returned: false
09-23 20:39:44.264 15533 15533 D Console : onResume() called, themeChanged: false
09-23 20:39:44.264 15533 15533 D LifecycleMonitor: Lifecycle status change: com.shareconnect.MainActivity@889d43e in: RESUMED
09-23 20:39:44.264 15533 15533 V ActivityScenario: Update currentActivityStage to RESUMED, currentActivity=com.shareconnect.MainActivity@889d43e
09-23 20:39:44.265 15533 15533 V Console : Activity lifecycle :: POST-RESUMED :: MainActivity
09-23 20:39:44.278 15533 15626 E OpenGLRenderer: Unable to match the desired swap behavior.
09-23 20:39:44.293 15533 15626 D EGL_emulation: app_time_stats: avg=84.94ms min=11.89ms max=868.53ms count=13
09-23 20:39:44.311   488 13626 W Parcel  : Expecting binder but got null!
09-23 20:39:44.311 11811 11811 I GoogleInputMethodService: GoogleInputMethodService.onFinishInput():3227
09-23 20:39:44.312 11811 11811 I GoogleInputMethodService: GoogleInputMethodService.updateDeviceLockedStatus():2087 repeatCheckTimes = 0, unlocked = true
09-23 20:39:44.312 11811 11811 I GoogleInputMethodService: GoogleInputMethodService.onStartInput():1877 onStartInput(EditorInfo{inputType=0x0(NULL) imeOptions=0x0 privateImeOptions=null actionName=UNSPECIFIED actionLabel=null actionId=0 initialSelStart=-1 initialSelEnd=-1 initialCapsMode=0x0 hintText=null label=null packageName=com.shareconnect fieldId=-1 fieldName=null extras=null}, false)
09-23 20:39:44.312 11811 11811 I GoogleInputMethodService: GoogleInputMethodService.shouldHideHeaderOnInitialState():4008 ShouldHideHeaderOnInitialState = false
09-23 20:39:44.312 11811 11811 I GoogleInputMethodService: GoogleInputMethodService.updateDeviceLockedStatus():2087 repeatCheckTimes = 2, unlocked = true
09-23 20:39:44.315   488 13626 W Parcel  : Expecting binder but got null!
09-23 20:39:44.754 15533 15898 V Console : Foreground activity counter :: AtomicIntWrapper :: 12312792 :: 227589169 :: Value of: 1
09-23 20:39:44.777 15533 15533 V Console : Activity lifecycle :: PRE-STOPPED :: SettingsActivity
09-23 20:39:44.780 15533 15533 V Console : Activity lifecycle :: STOPPED :: SettingsActivity
09-23 20:39:44.781 15533 15533 D LifecycleMonitor: Lifecycle status change: com.shareconnect.SettingsActivity@5aef2fb in: STOPPED
09-23 20:39:44.781 15533 15533 V ActivityScenario: Activity lifecycle changed event received but ignored because the intent does not match. startActivityIntent=Intent { act=android.intent.action.MAIN cat=[android.intent.category.LAUNCHER] flg=0x10008000 cmp=com.shareconnect/.MainActivity }, activity.getIntent()=Intent { cmp=com.shareconnect/.SettingsActivity }, activity=com.shareconnect.SettingsActivity@5aef2fb
09-23 20:39:44.781 15533 15533 V Console : Activity lifecycle :: POST-STOPPED :: SettingsActivity
09-23 20:39:44.782 15533 15533 V Console : Activity lifecycle :: PRE-DESTROYED :: SettingsActivity
09-23 20:39:44.782 15533 15533 V Console : Activity lifecycle :: DESTROYED :: SettingsActivity
09-23 20:39:44.785 15533 15533 D LifecycleMonitor: Lifecycle status change: com.shareconnect.SettingsActivity@5aef2fb in: DESTROYED
09-23 20:39:44.785 15533 15533 V ActivityScenario: Activity lifecycle changed event received but ignored because the intent does not match. startActivityIntent=Intent { act=android.intent.action.MAIN cat=[android.intent.category.LAUNCHER] flg=0x10008000 cmp=com.shareconnect/.MainActivity }, activity.getIntent()=Intent { cmp=com.shareconnect/.SettingsActivity }, activity=com.shareconnect.SettingsActivity@5aef2fb
09-23 20:39:44.788   488   502 W InputManager-JNI: Input channel object 'b97ab9c com.shareconnect/com.shareconnect.SettingsActivity (client)' was disposed without first being removed with the input manager!
09-23 20:39:44.826 15533 15533 I ViewInteraction: Performing 'scroll to' action on view view.getId() is <2131230851/com.shareconnect:id/buttonHistory>
09-23 20:39:44.827 15533 15533 I ScrollToAction: View is already displayed. Returning.
09-23 20:39:44.828 15533 15533 I ViewInteraction: Performing 'single click' action on view view.getId() is <2131230851/com.shareconnect:id/buttonHistory>
09-23 20:39:44.892 15533 15533 V Console : Activity lifecycle :: PRE-PAUSED :: MainActivity
09-23 20:39:44.892 15533 15533 D Console : Activity lifecycle :: Top activity: MainActivity
09-23 20:39:44.893 15533 15533 D FirebaseSessions: App backgrounded on com.shareconnect
09-23 20:39:44.894 15533 15533 V Console : Activity lifecycle :: PAUSED :: MainActivity
09-23 20:39:44.894 15533 15533 V Console : Foreground activity counter :: AtomicIntWrapper :: 12312792 :: 227589169 :: Decremented to: 0
09-23 20:39:44.895 15533 15533 D LifecycleMonitor: Lifecycle status change: com.shareconnect.MainActivity@889d43e in: PAUSED
09-23 20:39:44.895 15533 15533 V ActivityScenario: Update currentActivityStage to PAUSED, currentActivity=com.shareconnect.MainActivity@889d43e
09-23 20:39:44.900 15533 15533 D LifecycleMonitor: Lifecycle status change: com.shareconnect.HistoryActivity@64e7407 in: PRE_ON_CREATE
09-23 20:39:44.901 15533 15533 V ActivityScenario: Activity lifecycle changed event received but ignored because the intent does not match. startActivityIntent=Intent { act=android.intent.action.MAIN cat=[android.intent.category.LAUNCHER] flg=0x10008000 cmp=com.shareconnect/.MainActivity }, activity.getIntent()=Intent { cmp=com.shareconnect/.HistoryActivity }, activity=com.shareconnect.HistoryActivity@64e7407
09-23 20:39:44.901 15533 15533 D Console : getDefaultTheme() returned: Warm Orange Light (ID: 1, isDefault: true)
09-23 20:39:44.901 15533 15533 D Console : getDefaultTheme() returned: Warm Orange Light (ID: 1, isDefault: true)
09-23 20:39:44.902 15533 15533 D Console : Applying theme: Warm Orange Light, colorScheme: warm_orange, isDarkMode: false, currentTheme: WARM_ORANGE_LIGHT
09-23 20:39:44.902 15533 15533 D Console : Activity HistoryActivity usesToolbar: true
09-23 20:39:44.902 15533 15533 D Console : Setting night mode to NO
09-23 20:39:44.929 15533 15533 D LifecycleMonitor: Lifecycle status change: com.shareconnect.HistoryActivity@64e7407 in: CREATED
09-23 20:39:44.929 15533 15533 V ActivityScenario: Activity lifecycle changed event received but ignored because the intent does not match. startActivityIntent=Intent { act=android.intent.action.MAIN cat=[android.intent.category.LAUNCHER] flg=0x10008000 cmp=com.shareconnect/.MainActivity }, activity.getIntent()=Intent { cmp=com.shareconnect/.HistoryActivity }, activity=com.shareconnect.HistoryActivity@64e7407
09-23 20:39:44.930 15533 15533 D LifecycleMonitor: Lifecycle status change: com.shareconnect.HistoryActivity@64e7407 in: STARTED
09-23 20:39:44.930 15533 15533 V ActivityScenario: Activity lifecycle changed event received but ignored because the intent does not match. startActivityIntent=Intent { act=android.intent.action.MAIN cat=[android.intent.category.LAUNCHER] flg=0x10008000 cmp=com.shareconnect/.MainActivity }, activity.getIntent()=Intent { cmp=com.shareconnect/.HistoryActivity }, activity=com.shareconnect.HistoryActivity@64e7407
09-23 20:39:44.930 15533 15533 D FirebaseSessions: App foregrounded on com.shareconnect
09-23 20:39:44.932 15533 15533 V Console : Activity lifecycle :: RESUMED :: HistoryActivity
09-23 20:39:44.932 15533 15533 V Console : Foreground activity counter :: AtomicIntWrapper :: 12312792 :: 227589169 :: Value of: 0
09-23 20:39:44.932 15533 15533 I Console : Activity lifecycle :: Main state :: Foreground
09-23 20:39:44.932 15533 15533 V Console : Foreground activity counter :: AtomicIntWrapper :: 12312792 :: 227589169 :: Incremented to: 1
09-23 20:39:44.933 15533 15533 D Console : hasThemeChanged() returned: false
09-23 20:39:44.933 15533 15533 D LifecycleMonitor: Lifecycle status change: com.shareconnect.HistoryActivity@64e7407 in: RESUMED
09-23 20:39:44.933 15533 15533 V ActivityScenario: Activity lifecycle changed event received but ignored because the intent does not match. startActivityIntent=Intent { act=android.intent.action.MAIN cat=[android.intent.category.LAUNCHER] flg=0x10008000 cmp=com.shareconnect/.MainActivity }, activity.getIntent()=Intent { cmp=com.shareconnect/.HistoryActivity }, activity=com.shareconnect.HistoryActivity@64e7407
09-23 20:39:44.933 15533 15533 V Console : Activity lifecycle :: POST-RESUMED :: HistoryActivity
09-23 20:39:44.935 15533 15626 W Parcel  : Expecting binder but got null!
09-23 20:39:44.954 15533 15626 E OpenGLRenderer: Unable to match the desired swap behavior.
09-23 20:39:44.969   488   503 I ActivityTaskManager: Displayed com.shareconnect/.HistoryActivity: +93ms
09-23 20:39:44.978   488 13626 W Parcel  : Expecting binder but got null!
09-23 20:39:44.978   488 13626 W Parcel  : Expecting binder but got null!
09-23 20:39:45.079 11811 11811 I GoogleInputMethodService: GoogleInputMethodService.onFinishInput():3227
09-23 20:39:45.079 11811 11811 I GoogleInputMethodService: GoogleInputMethodService.updateDeviceLockedStatus():2087 repeatCheckTimes = 0, unlocked = true
09-23 20:39:45.079 11811 11811 I GoogleInputMethodService: GoogleInputMethodService.onStartInput():1877 onStartInput(EditorInfo{inputType=0x0(NULL) imeOptions=0x0 privateImeOptions=null actionName=UNSPECIFIED actionLabel=null actionId=0 initialSelStart=-1 initialSelEnd=-1 initialCapsMode=0x0 hintText=null label=null packageName=com.shareconnect fieldId=-1 fieldName=null extras=null}, false)
09-23 20:39:45.079 11811 11811 I GoogleInputMethodService: GoogleInputMethodService.shouldHideHeaderOnInitialState():4008 ShouldHideHeaderOnInitialState = false
09-23 20:39:45.079 11811 11811 I GoogleInputMethodService: GoogleInputMethodService.updateDeviceLockedStatus():2087 repeatCheckTimes = 2, unlocked = true
09-23 20:39:45.327 15533 15626 D EGL_emulation: app_time_stats: avg=29.75ms min=12.15ms max=454.49ms count=35
09-23 20:39:45.396 15533 15903 V Console : Foreground activity counter :: AtomicIntWrapper :: 12312792 :: 227589169 :: Value of: 1
09-23 20:39:45.476 15533 15626 D OpenGLRenderer: endAllActiveAnimators on 0xb400007b29462610 (RippleDrawable) with handle 0xb400007a394ae7e0
09-23 20:39:45.479 15533 15533 V Console : Activity lifecycle :: PRE-STOPPED :: MainActivity
09-23 20:39:45.481 15533 15533 V Console : Activity lifecycle :: STOPPED :: MainActivity
09-23 20:39:45.481 15533 15533 D LifecycleMonitor: Lifecycle status change: com.shareconnect.MainActivity@889d43e in: STOPPED
09-23 20:39:45.481 15533 15533 V ActivityScenario: Update currentActivityStage to STOPPED, currentActivity=com.shareconnect.MainActivity@889d43e
09-23 20:39:45.481 15533 15533 V Console : Activity lifecycle :: POST-STOPPED :: MainActivity
09-23 20:39:46.021 15533 15533 V Console : Activity lifecycle :: PRE-PAUSED :: HistoryActivity
09-23 20:39:46.021 15533 15533 D Console : Activity lifecycle :: Top activity: HistoryActivity
09-23 20:39:46.021 15533 15533 D FirebaseSessions: App backgrounded on com.shareconnect
09-23 20:39:46.025 15533 15533 V Console : Activity lifecycle :: PAUSED :: HistoryActivity
09-23 20:39:46.025 15533 15533 V Console : Foreground activity counter :: AtomicIntWrapper :: 12312792 :: 227589169 :: Decremented to: 0
09-23 20:39:46.026 15533 15533 D LifecycleMonitor: Lifecycle status change: com.shareconnect.HistoryActivity@64e7407 in: PAUSED
09-23 20:39:46.026 15533 15533 V ActivityScenario: Activity lifecycle changed event received but ignored because the intent does not match. startActivityIntent=Intent { act=android.intent.action.MAIN cat=[android.intent.category.LAUNCHER] flg=0x10008000 cmp=com.shareconnect/.MainActivity }, activity.getIntent()=Intent { cmp=com.shareconnect/.HistoryActivity }, activity=com.shareconnect.HistoryActivity@64e7407
09-23 20:39:46.034 15533 15533 D LifecycleMonitor: Lifecycle status change: com.shareconnect.MainActivity@889d43e in: RESTARTED
09-23 20:39:46.034 15533 15533 V ActivityScenario: Update currentActivityStage to RESTARTED, currentActivity=com.shareconnect.MainActivity@889d43e
09-23 20:39:46.035 15533 15533 D LifecycleMonitor: Lifecycle status change: com.shareconnect.MainActivity@889d43e in: STARTED
09-23 20:39:46.035 15533 15533 V ActivityScenario: Update currentActivityStage to STARTED, currentActivity=com.shareconnect.MainActivity@889d43e
09-23 20:39:46.035 15533 15533 D FirebaseSessions: App foregrounded on com.shareconnect
09-23 20:39:46.037 15533 15533 V Console : Activity lifecycle :: RESUMED :: MainActivity
09-23 20:39:46.037 15533 15533 V Console : Foreground activity counter :: AtomicIntWrapper :: 12312792 :: 227589169 :: Value of: 0
09-23 20:39:46.037 15533 15533 I Console : Activity lifecycle :: Main state :: Foreground
09-23 20:39:46.037 15533 15533 V Console : Foreground activity counter :: AtomicIntWrapper :: 12312792 :: 227589169 :: Incremented to: 1
09-23 20:39:46.037 15533 15533 D Console : hasThemeChanged() returned: false
09-23 20:39:46.037 15533 15533 D Console : onResume() called, themeChanged: false
09-23 20:39:46.037 15533 15533 D LifecycleMonitor: Lifecycle status change: com.shareconnect.MainActivity@889d43e in: RESUMED
09-23 20:39:46.037 15533 15533 V ActivityScenario: Update currentActivityStage to RESUMED, currentActivity=com.shareconnect.MainActivity@889d43e
09-23 20:39:46.041 15533 15533 V Console : Activity lifecycle :: POST-RESUMED :: MainActivity
09-23 20:39:46.048 15533 15626 E OpenGLRenderer: Unable to match the desired swap behavior.
09-23 20:39:46.077   488 13626 W Parcel  : Expecting binder but got null!
09-23 20:39:46.081   488 13626 W Parcel  : Expecting binder but got null!
09-23 20:39:46.087 15533 15626 D EGL_emulation: app_time_stats: avg=86.15ms min=12.71ms max=895.38ms count=13
09-23 20:39:46.088 11811 11811 I GoogleInputMethodService: GoogleInputMethodService.onFinishInput():3227
09-23 20:39:46.088 11811 11811 I GoogleInputMethodService: GoogleInputMethodService.updateDeviceLockedStatus():2087 repeatCheckTimes = 0, unlocked = true
09-23 20:39:46.088 11811 11811 I GoogleInputMethodService: GoogleInputMethodService.onStartInput():1877 onStartInput(EditorInfo{inputType=0x0(NULL) imeOptions=0x0 privateImeOptions=null actionName=UNSPECIFIED actionLabel=null actionId=0 initialSelStart=-1 initialSelEnd=-1 initialCapsMode=0x0 hintText=null label=null packageName=com.shareconnect fieldId=-1 fieldName=null extras=null}, false)
09-23 20:39:46.088 11811 11811 I GoogleInputMethodService: GoogleInputMethodService.shouldHideHeaderOnInitialState():4008 ShouldHideHeaderOnInitialState = false
09-23 20:39:46.089 11811 11811 I GoogleInputMethodService: GoogleInputMethodService.updateDeviceLockedStatus():2087 repeatCheckTimes = 2, unlocked = true
09-23 20:39:46.111   488   499 W System  : A resource failed to call HardwareBuffer.close.
09-23 20:39:46.111   488   499 W System  : A resource failed to call HardwareBuffer.close.
09-23 20:39:46.111   488   499 W System  : A resource failed to call HardwareBuffer.close.
09-23 20:39:46.111   488   499 W System  : A resource failed to call HardwareBuffer.close.
09-23 20:39:46.112   488   499 W System  : A resource failed to call HardwareBuffer.close.
09-23 20:39:46.113   488   499 W System  : A resource failed to call HardwareBuffer.close.
09-23 20:39:46.113   488   499 W System  : A resource failed to call HardwareBuffer.close.
09-23 20:39:46.113   488   499 W System  : A resource failed to call HardwareBuffer.close.
09-23 20:39:46.113   488   499 W System  : A resource failed to call HardwareBuffer.close.
09-23 20:39:46.114   488   499 W System  : A resource failed to call HardwareBuffer.close.
09-23 20:39:46.114   488   499 W System  : A resource failed to call HardwareBuffer.close.
09-23 20:39:46.114   488   499 W System  : A resource failed to call HardwareBuffer.close.
09-23 20:39:46.115   488   499 W System  : A resource failed to call HardwareBuffer.close.
09-23 20:39:46.115   488   499 W System  : A resource failed to call HardwareBuffer.close.
09-23 20:39:46.115   488   499 W System  : A resource failed to call HardwareBuffer.close.
09-23 20:39:46.115   488   499 W System  : A resource failed to call HardwareBuffer.close.
09-23 20:39:46.116   488   499 W System  : A resource failed to call HardwareBuffer.close.
09-23 20:39:46.116   488   499 W System  : A resource failed to call HardwareBuffer.close.
09-23 20:39:46.116   488   499 W System  : A resource failed to call HardwareBuffer.close.
09-23 20:39:46.116   488   499 W System  : A resource failed to call HardwareBuffer.close.
09-23 20:39:46.527 15533 15910 V Console : Foreground activity counter :: AtomicIntWrapper :: 12312792 :: 227589169 :: Value of: 1
09-23 20:39:46.562 15533 15533 V Console : Activity lifecycle :: PRE-STOPPED :: HistoryActivity
09-23 20:39:46.564 15533 15533 V Console : Activity lifecycle :: STOPPED :: HistoryActivity
09-23 20:39:46.564 15533 15533 D LifecycleMonitor: Lifecycle status change: com.shareconnect.HistoryActivity@64e7407 in: STOPPED
09-23 20:39:46.565 15533 15533 V ActivityScenario: Activity lifecycle changed event received but ignored because the intent does not match. startActivityIntent=Intent { act=android.intent.action.MAIN cat=[android.intent.category.LAUNCHER] flg=0x10008000 cmp=com.shareconnect/.MainActivity }, activity.getIntent()=Intent { cmp=com.shareconnect/.HistoryActivity }, activity=com.shareconnect.HistoryActivity@64e7407
09-23 20:39:46.565 15533 15533 V Console : Activity lifecycle :: POST-STOPPED :: HistoryActivity
09-23 20:39:46.566 15533 15533 V Console : Activity lifecycle :: PRE-DESTROYED :: HistoryActivity
09-23 20:39:46.567 15533 15533 V Console : Activity lifecycle :: DESTROYED :: HistoryActivity
09-23 20:39:46.568 15533 15533 D LifecycleMonitor: Lifecycle status change: com.shareconnect.HistoryActivity@64e7407 in: DESTROYED
09-23 20:39:46.568 15533 15533 V ActivityScenario: Activity lifecycle changed event received but ignored because the intent does not match. startActivityIntent=Intent { act=android.intent.action.MAIN cat=[android.intent.category.LAUNCHER] flg=0x10008000 cmp=com.shareconnect/.MainActivity }, activity.getIntent()=Intent { cmp=com.shareconnect/.HistoryActivity }, activity=com.shareconnect.HistoryActivity@64e7407
09-23 20:39:46.571   488   831 W InputManager-JNI: Input channel object 'f12a72e com.shareconnect/com.shareconnect.HistoryActivity (client)' was disposed without first being removed with the input manager!
09-23 20:39:46.593 15533 15533 I ViewInteraction: Performing 'scroll to' action on view view.getId() is <2131230859/com.shareconnect:id/buttonSettings>
09-23 20:39:46.594 15533 15533 I ScrollToAction: View is already displayed. Returning.
09-23 20:39:46.594 15533 15533 I ViewInteraction: Checking 'MatchesViewAssertion{viewMatcher=(view has effective visibility <VISIBLE> and view.getGlobalVisibleRect() to return non-empty rectangle)}' assertion on view view.getId() is <2131230859/com.shareconnect:id/buttonSettings>
09-23 20:39:46.596 15533 15533 I ViewInteraction: Performing 'scroll to' action on view view.getId() is <2131230859/com.shareconnect:id/buttonSettings>
09-23 20:39:46.596 15533 15533 I ScrollToAction: View is already displayed. Returning.
09-23 20:39:46.597 15533 15533 I ViewInteraction: Performing 'single click' action on view view.getId() is <2131230859/com.shareconnect:id/buttonSettings>
09-23 20:39:46.675 15533 15533 V Console : Activity lifecycle :: PRE-PAUSED :: MainActivity
09-23 20:39:46.676 15533 15533 D Console : Activity lifecycle :: Top activity: MainActivity
09-23 20:39:46.676 15533 15533 D FirebaseSessions: App backgrounded on com.shareconnect
09-23 20:39:46.677 15533 15533 V Console : Activity lifecycle :: PAUSED :: MainActivity
09-23 20:39:46.678 15533 15533 V Console : Foreground activity counter :: AtomicIntWrapper :: 12312792 :: 227589169 :: Decremented to: 0
09-23 20:39:46.678 15533 15533 D LifecycleMonitor: Lifecycle status change: com.shareconnect.MainActivity@889d43e in: PAUSED
09-23 20:39:46.678 15533 15533 V ActivityScenario: Update currentActivityStage to PAUSED, currentActivity=com.shareconnect.MainActivity@889d43e
09-23 20:39:46.685 15533 15533 D LifecycleMonitor: Lifecycle status change: com.shareconnect.SettingsActivity@38b51fc in: PRE_ON_CREATE
09-23 20:39:46.685 15533 15533 V ActivityScenario: Activity lifecycle changed event received but ignored because the intent does not match. startActivityIntent=Intent { act=android.intent.action.MAIN cat=[android.intent.category.LAUNCHER] flg=0x10008000 cmp=com.shareconnect/.MainActivity }, activity.getIntent()=Intent { cmp=com.shareconnect/.SettingsActivity }, activity=com.shareconnect.SettingsActivity@38b51fc
09-23 20:39:46.686 15533 15533 D Console : getDefaultTheme() returned: Warm Orange Light (ID: 1, isDefault: true)
09-23 20:39:46.687 15533 15533 D Console : getDefaultTheme() returned: Warm Orange Light (ID: 1, isDefault: true)
09-23 20:39:46.687 15533 15533 D Console : Applying theme: Warm Orange Light, colorScheme: warm_orange, isDarkMode: false, currentTheme: WARM_ORANGE_LIGHT
09-23 20:39:46.687 15533 15533 D Console : Activity SettingsActivity usesToolbar: true
09-23 20:39:46.688 15533 15533 D Console : Setting night mode to NO
09-23 20:39:46.695 15533 15533 D LifecycleMonitor: Lifecycle status change: com.shareconnect.SettingsActivity@38b51fc in: CREATED
09-23 20:39:46.695 15533 15533 V ActivityScenario: Activity lifecycle changed event received but ignored because the intent does not match. startActivityIntent=Intent { act=android.intent.action.MAIN cat=[android.intent.category.LAUNCHER] flg=0x10008000 cmp=com.shareconnect/.MainActivity }, activity.getIntent()=Intent { cmp=com.shareconnect/.SettingsActivity }, activity=com.shareconnect.SettingsActivity@38b51fc
09-23 20:39:46.698 15533 15533 D LifecycleMonitor: Lifecycle status change: com.shareconnect.SettingsActivity@38b51fc in: STARTED
09-23 20:39:46.698 15533 15533 V ActivityScenario: Activity lifecycle changed event received but ignored because the intent does not match. startActivityIntent=Intent { act=android.intent.action.MAIN cat=[android.intent.category.LAUNCHER] flg=0x10008000 cmp=com.shareconnect/.MainActivity }, activity.getIntent()=Intent { cmp=com.shareconnect/.SettingsActivity }, activity=com.shareconnect.SettingsActivity@38b51fc
09-23 20:39:46.699 15533 15533 D FirebaseSessions: App foregrounded on com.shareconnect
09-23 20:39:46.701 15533 15533 V Console : Activity lifecycle :: RESUMED :: SettingsActivity
09-23 20:39:46.701 15533 15533 V Console : Foreground activity counter :: AtomicIntWrapper :: 12312792 :: 227589169 :: Value of: 0
09-23 20:39:46.702 15533 15533 I Console : Activity lifecycle :: Main state :: Foreground
09-23 20:39:46.702 15533 15533 V Console : Foreground activity counter :: AtomicIntWrapper :: 12312792 :: 227589169 :: Incremented to: 1
09-23 20:39:46.702 15533 15533 D LifecycleMonitor: Lifecycle status change: com.shareconnect.SettingsActivity@38b51fc in: RESUMED
09-23 20:39:46.702 15533 15533 V ActivityScenario: Activity lifecycle changed event received but ignored because the intent does not match. startActivityIntent=Intent { act=android.intent.action.MAIN cat=[android.intent.category.LAUNCHER] flg=0x10008000 cmp=com.shareconnect/.MainActivity }, activity.getIntent()=Intent { cmp=com.shareconnect/.SettingsActivity }, activity=com.shareconnect.SettingsActivity@38b51fc
09-23 20:39:46.703 15533 15533 V Console : Activity lifecycle :: POST-RESUMED :: SettingsActivity
09-23 20:39:46.706 15533 15626 W Parcel  : Expecting binder but got null!
09-23 20:39:46.719 15533 15626 E OpenGLRenderer: Unable to match the desired swap behavior.
09-23 20:39:46.735   488   503 I ActivityTaskManager: Displayed com.shareconnect/.SettingsActivity: +75ms
09-23 20:39:46.747   488 13626 W Parcel  : Expecting binder but got null!
09-23 20:39:46.753   488 13626 W Parcel  : Expecting binder but got null!
09-23 20:39:46.841 11811 11811 I GoogleInputMethodService: GoogleInputMethodService.onFinishInput():3227
09-23 20:39:46.841 11811 11811 I GoogleInputMethodService: GoogleInputMethodService.updateDeviceLockedStatus():2087 repeatCheckTimes = 0, unlocked = true
09-23 20:39:46.841 11811 11811 I GoogleInputMethodService: GoogleInputMethodService.onStartInput():1877 onStartInput(EditorInfo{inputType=0x0(NULL) imeOptions=0x0 privateImeOptions=null actionName=UNSPECIFIED actionLabel=null actionId=0 initialSelStart=-1 initialSelEnd=-1 initialCapsMode=0x0 hintText=null label=null packageName=com.shareconnect fieldId=-1 fieldName=null extras=null}, false)
09-23 20:39:46.841 11811 11811 I GoogleInputMethodService: GoogleInputMethodService.shouldHideHeaderOnInitialState():4008 ShouldHideHeaderOnInitialState = false
09-23 20:39:46.842 11811 11811 I GoogleInputMethodService: GoogleInputMethodService.updateDeviceLockedStatus():2087 repeatCheckTimes = 2, unlocked = true
09-23 20:39:47.111 15533 15626 D EGL_emulation: app_time_stats: avg=29.36ms min=1.46ms max=453.99ms count=35
09-23 20:39:47.179 15533 15915 V Console : Foreground activity counter :: AtomicIntWrapper :: 12312792 :: 227589169 :: Value of: 1
09-23 20:39:47.226 15533 15626 D OpenGLRenderer: endAllActiveAnimators on 0xb400007b2944d0e0 (RippleDrawable) with handle 0xb400007a394b9730
09-23 20:39:47.230 15533 15533 V Console : Activity lifecycle :: PRE-STOPPED :: MainActivity
09-23 20:39:47.232 15533 15533 V Console : Activity lifecycle :: STOPPED :: MainActivity
09-23 20:39:47.232 15533 15533 D LifecycleMonitor: Lifecycle status change: com.shareconnect.MainActivity@889d43e in: STOPPED
09-23 20:39:47.232 15533 15533 V ActivityScenario: Update currentActivityStage to STOPPED, currentActivity=com.shareconnect.MainActivity@889d43e
09-23 20:39:47.232 15533 15533 V Console : Activity lifecycle :: POST-STOPPED :: MainActivity
09-23 20:39:47.766 15533 15533 V Console : Activity lifecycle :: PRE-PAUSED :: SettingsActivity
09-23 20:39:47.766 15533 15533 D Console : Activity lifecycle :: Top activity: SettingsActivity
09-23 20:39:47.766 15533 15533 D FirebaseSessions: App backgrounded on com.shareconnect
09-23 20:39:47.768 15533 15533 V Console : Activity lifecycle :: PAUSED :: SettingsActivity
09-23 20:39:47.769 15533 15533 V Console : Foreground activity counter :: AtomicIntWrapper :: 12312792 :: 227589169 :: Decremented to: 0
09-23 20:39:47.769 15533 15533 D LifecycleMonitor: Lifecycle status change: com.shareconnect.SettingsActivity@38b51fc in: PAUSED
09-23 20:39:47.769 15533 15533 V ActivityScenario: Activity lifecycle changed event received but ignored because the intent does not match. startActivityIntent=Intent { act=android.intent.action.MAIN cat=[android.intent.category.LAUNCHER] flg=0x10008000 cmp=com.shareconnect/.MainActivity }, activity.getIntent()=Intent { cmp=com.shareconnect/.SettingsActivity }, activity=com.shareconnect.SettingsActivity@38b51fc
09-23 20:39:47.775 15533 15533 D LifecycleMonitor: Lifecycle status change: com.shareconnect.MainActivity@889d43e in: RESTARTED
09-23 20:39:47.776 15533 15533 V ActivityScenario: Update currentActivityStage to RESTARTED, currentActivity=com.shareconnect.MainActivity@889d43e
09-23 20:39:47.776 15533 15533 D LifecycleMonitor: Lifecycle status change: com.shareconnect.MainActivity@889d43e in: STARTED
09-23 20:39:47.777 15533 15533 V ActivityScenario: Update currentActivityStage to STARTED, currentActivity=com.shareconnect.MainActivity@889d43e
09-23 20:39:47.778 15533 15533 D FirebaseSessions: App foregrounded on com.shareconnect
09-23 20:39:47.780 15533 15533 V Console : Activity lifecycle :: RESUMED :: MainActivity
09-23 20:39:47.780 15533 15533 V Console : Foreground activity counter :: AtomicIntWrapper :: 12312792 :: 227589169 :: Value of: 0
09-23 20:39:47.780 15533 15533 I Console : Activity lifecycle :: Main state :: Foreground
09-23 20:39:47.780 15533 15533 V Console : Foreground activity counter :: AtomicIntWrapper :: 12312792 :: 227589169 :: Incremented to: 1
09-23 20:39:47.781 15533 15533 D Console : hasThemeChanged() returned: false
09-23 20:39:47.781 15533 15533 D Console : onResume() called, themeChanged: false
09-23 20:39:47.781 15533 15533 D LifecycleMonitor: Lifecycle status change: com.shareconnect.MainActivity@889d43e in: RESUMED
09-23 20:39:47.781 15533 15533 V ActivityScenario: Update currentActivityStage to RESUMED, currentActivity=com.shareconnect.MainActivity@889d43e
09-23 20:39:47.781 15533 15533 V Console : Activity lifecycle :: POST-RESUMED :: MainActivity
09-23 20:39:47.797 15533 15626 E OpenGLRenderer: Unable to match the desired swap behavior.
09-23 20:39:47.825 15533 15626 D EGL_emulation: app_time_stats: avg=83.99ms min=9.37ms max=867.69ms count=13
09-23 20:39:47.829   488 13626 W Parcel  : Expecting binder but got null!
09-23 20:39:47.832   488 13626 W Parcel  : Expecting binder but got null!
09-23 20:39:47.842 11811 11811 I GoogleInputMethodService: GoogleInputMethodService.onFinishInput():3227
09-23 20:39:47.842 11811 11811 I GoogleInputMethodService: GoogleInputMethodService.updateDeviceLockedStatus():2087 repeatCheckTimes = 0, unlocked = true
09-23 20:39:47.842 11811 11811 I GoogleInputMethodService: GoogleInputMethodService.onStartInput():1877 onStartInput(EditorInfo{inputType=0x0(NULL) imeOptions=0x0 privateImeOptions=null actionName=UNSPECIFIED actionLabel=null actionId=0 initialSelStart=-1 initialSelEnd=-1 initialCapsMode=0x0 hintText=null label=null packageName=com.shareconnect fieldId=-1 fieldName=null extras=null}, false)
09-23 20:39:47.842 11811 11811 I GoogleInputMethodService: GoogleInputMethodService.shouldHideHeaderOnInitialState():4008 ShouldHideHeaderOnInitialState = false
09-23 20:39:47.842 11811 11811 I GoogleInputMethodService: GoogleInputMethodService.updateDeviceLockedStatus():2087 repeatCheckTimes = 2, unlocked = true
09-23 20:39:48.271 15533 15922 V Console : Foreground activity counter :: AtomicIntWrapper :: 12312792 :: 227589169 :: Value of: 1
09-23 20:39:48.310 15533 15533 V Console : Activity lifecycle :: PRE-STOPPED :: SettingsActivity
09-23 20:39:48.311 15533 15533 V Console : Activity lifecycle :: STOPPED :: SettingsActivity
09-23 20:39:48.311 15533 15533 D LifecycleMonitor: Lifecycle status change: com.shareconnect.SettingsActivity@38b51fc in: STOPPED
09-23 20:39:48.311 15533 15533 V ActivityScenario: Activity lifecycle changed event received but ignored because the intent does not match. startActivityIntent=Intent { act=android.intent.action.MAIN cat=[android.intent.category.LAUNCHER] flg=0x10008000 cmp=com.shareconnect/.MainActivity }, activity.getIntent()=Intent { cmp=com.shareconnect/.SettingsActivity }, activity=com.shareconnect.SettingsActivity@38b51fc
09-23 20:39:48.312 15533 15533 V Console : Activity lifecycle :: POST-STOPPED :: SettingsActivity
09-23 20:39:48.312 15533 15533 V Console : Activity lifecycle :: PRE-DESTROYED :: SettingsActivity
09-23 20:39:48.312 15533 15533 V Console : Activity lifecycle :: DESTROYED :: SettingsActivity
09-23 20:39:48.314 15533 15533 D LifecycleMonitor: Lifecycle status change: com.shareconnect.SettingsActivity@38b51fc in: DESTROYED
09-23 20:39:48.314 15533 15533 V ActivityScenario: Activity lifecycle changed event received but ignored because the intent does not match. startActivityIntent=Intent { act=android.intent.action.MAIN cat=[android.intent.category.LAUNCHER] flg=0x10008000 cmp=com.shareconnect/.MainActivity }, activity.getIntent()=Intent { cmp=com.shareconnect/.SettingsActivity }, activity=com.shareconnect.SettingsActivity@38b51fc
