09-23 20:39:48.315   488   831 W InputManager-JNI: Input channel object '437dda2 com.shareconnect/com.shareconnect.SettingsActivity (client)' was disposed without first being removed with the input manager!
09-23 20:39:48.342 15533 15533 I ViewInteraction: Performing 'scroll to' action on view view.getId() is <2131230851/com.shareconnect:id/buttonHistory>
09-23 20:39:48.343 15533 15533 I ScrollToAction: View is already displayed. Returning.
09-23 20:39:48.343 15533 15533 I ViewInteraction: Performing 'single click' action on view view.getId() is <2131230851/com.shareconnect:id/buttonHistory>
09-23 20:39:48.410 15533 15533 V Console : Activity lifecycle :: PRE-PAUSED :: MainActivity
09-23 20:39:48.410 15533 15533 D Console : Activity lifecycle :: Top activity: MainActivity
09-23 20:39:48.410 15533 15533 D FirebaseSessions: App backgrounded on com.shareconnect
09-23 20:39:48.412 15533 15533 V Console : Activity lifecycle :: PAUSED :: MainActivity
09-23 20:39:48.412 15533 15533 V Console : Foreground activity counter :: AtomicIntWrapper :: 12312792 :: 227589169 :: Decremented to: 0
09-23 20:39:48.412 15533 15533 D LifecycleMonitor: Lifecycle status change: com.shareconnect.MainActivity@889d43e in: PAUSED
09-23 20:39:48.413 15533 15533 V ActivityScenario: Update currentActivityStage to PAUSED, currentActivity=com.shareconnect.MainActivity@889d43e
09-23 20:39:48.419 15533 15533 D LifecycleMonitor: Lifecycle status change: com.shareconnect.HistoryActivity@bcdfc40 in: PRE_ON_CREATE
09-23 20:39:48.419 15533 15533 V ActivityScenario: Activity lifecycle changed event received but ignored because the intent does not match. startActivityIntent=Intent { act=android.intent.action.MAIN cat=[android.intent.category.LAUNCHER] flg=0x10008000 cmp=com.shareconnect/.MainActivity }, activity.getIntent()=Intent { cmp=com.shareconnect/.HistoryActivity }, activity=com.shareconnect.HistoryActivity@bcdfc40
09-23 20:39:48.420 15533 15533 D Console : getDefaultTheme() returned: Warm Orange Light (ID: 1, isDefault: true)
09-23 20:39:48.420 15533 15533 D Console : getDefaultTheme() returned: Warm Orange Light (ID: 1, isDefault: true)
09-23 20:39:48.420 15533 15533 D Console : Applying theme: Warm Orange Light, colorScheme: warm_orange, isDarkMode: false, currentTheme: WARM_ORANGE_LIGHT
09-23 20:39:48.420 15533 15533 D Console : Activity HistoryActivity usesToolbar: true
09-23 20:39:48.421 15533 15533 D Console : Setting night mode to NO
09-23 20:39:48.452 15533 15533 D LifecycleMonitor: Lifecycle status change: com.shareconnect.HistoryActivity@bcdfc40 in: CREATED
09-23 20:39:48.452 15533 15533 V ActivityScenario: Activity lifecycle changed event received but ignored because the intent does not match. startActivityIntent=Intent { act=android.intent.action.MAIN cat=[android.intent.category.LAUNCHER] flg=0x10008000 cmp=com.shareconnect/.MainActivity }, activity.getIntent()=Intent { cmp=com.shareconnect/.HistoryActivity }, activity=com.shareconnect.HistoryActivity@bcdfc40
09-23 20:39:48.453 15533 15533 D LifecycleMonitor: Lifecycle status change: com.shareconnect.HistoryActivity@bcdfc40 in: STARTED
09-23 20:39:48.453 15533 15533 V ActivityScenario: Activity lifecycle changed event received but ignored because the intent does not match. startActivityIntent=Intent { act=android.intent.action.MAIN cat=[android.intent.category.LAUNCHER] flg=0x10008000 cmp=com.shareconnect/.MainActivity }, activity.getIntent()=Intent { cmp=com.shareconnect/.HistoryActivity }, activity=com.shareconnect.HistoryActivity@bcdfc40
09-23 20:39:48.453 15533 15544 D StrictMode: StrictMode policy violation: android.os.strictmode.LeakedClosableViolation: A resource was acquired at attached stack trace but never released. See java.io.Closeable for information on avoiding resource leaks.
09-23 20:39:48.453 15533 15544 D StrictMode: 	at android.os.StrictMode$AndroidCloseGuardReporter.report(StrictMode.java:1986)
09-23 20:39:48.453 15533 15544 D StrictMode: 	at dalvik.system.CloseGuard.warnIfOpen(CloseGuard.java:336)
09-23 20:39:48.453 15533 15544 D StrictMode: 	at android.database.sqlite.SQLiteDatabase.dispose(SQLiteDatabase.java:511)
09-23 20:39:48.453 15533 15544 D StrictMode: 	at android.database.sqlite.SQLiteDatabase.finalize(SQLiteDatabase.java:495)
09-23 20:39:48.453 15533 15544 D StrictMode: 	at java.lang.Daemons$FinalizerDaemon.doFinalize(Daemons.java:319)
09-23 20:39:48.453 15533 15544 D StrictMode: 	at java.lang.Daemons$FinalizerDaemon.runInternal(Daemons.java:306)
09-23 20:39:48.453 15533 15544 D StrictMode: 	at java.lang.Daemons$Daemon.run(Daemons.java:140)
09-23 20:39:48.453 15533 15544 D StrictMode: 	at java.lang.Thread.run(Thread.java:1012)
09-23 20:39:48.453 15533 15544 D StrictMode: Caused by: java.lang.Throwable: Explicit termination method 'close' not called
09-23 20:39:48.453 15533 15544 D StrictMode: 	at dalvik.system.CloseGuard.openWithCallSite(CloseGuard.java:288)
09-23 20:39:48.453 15533 15544 D StrictMode: 	at dalvik.system.CloseGuard.open(CloseGuard.java:257)
09-23 20:39:48.453 15533 15544 D StrictMode: 	at android.database.sqlite.SQLiteDatabase.openInner(SQLiteDatabase.java:1086)
09-23 20:39:48.453 15533 15544 D StrictMode: 	at android.database.sqlite.SQLiteDatabase.open(SQLiteDatabase.java:1065)
09-23 20:39:48.453 15533 15544 D StrictMode: 	at android.database.sqlite.SQLiteDatabase.openDatabase(SQLiteDatabase.java:929)
09-23 20:39:48.453 15533 15544 D StrictMode: 	at android.database.sqlite.SQLiteDatabase.openDatabase(SQLiteDatabase.java:918)
09-23 20:39:48.453 15533 15544 D StrictMode: 	at android.database.sqlite.SQLiteOpenHelper.getDatabaseLocked(SQLiteOpenHelper.java:373)
09-23 20:39:48.453 15533 15544 D StrictMode: 	at android.database.sqlite.SQLiteOpenHelper.getWritableDatabase(SQLiteOpenHelper.java:316)
09-23 20:39:48.453 15533 15544 D StrictMode: 	at androidx.sqlite.db.framework.FrameworkSQLiteOpenHelper$OpenHelper.getWritableOrReadableDatabase(FrameworkSQLiteOpenHelper.android.kt:224)
09-23 20:39:48.453 15533 15544 D StrictMode: 	at androidx.sqlite.db.framework.FrameworkSQLiteOpenHelper$OpenHelper.innerGetDatabase(FrameworkSQLiteOpenHelper.android.kt:167)
09-23 20:39:48.453 15533 15544 D StrictMode: 	at androidx.sqlite.db.framework.FrameworkSQLiteOpenHelper$OpenHelper.getSupportDatabase(FrameworkSQLiteOpenHelper.android.kt:141)
09-23 20:39:48.453 15533 15544 D StrictMode: 	at androidx.sqlite.db.framework.FrameworkSQLiteOpenHelper.getWritableDatabase(FrameworkSQLiteOpenHelper.android.kt:96)
09-23 20:39:48.453 15533 15544 D StrictMode: 	at androidx.sqlite.driver.SupportSQLiteDriver.open(SupportSQLiteDriver.android.kt:57)
09-23 20:39:48.453 15533 15544 D StrictMode: 	at androidx.sqlite.driver.SupportSQLiteDriver.open(SupportSQLiteDriver.android.kt:33)
09-23 20:39:48.453 15533 15544 D StrictMode: 	at androidx.room.coroutines.PassthroughConnectionPool.connection$lambda$0(PassthroughConnectionPool.kt:47)
09-23 20:39:48.453 15533 15544 D StrictMode: 	at androidx.room.coroutines.PassthroughConnectionPool.$r8$lambda$5PfN97KPsXXXOapSC9IzcedL70w(Unknown Source:0)
09-23 20:39:48.453 15533 15544 D StrictMode: 	at androidx.room.coroutines.PassthroughConnectionPool$$ExternalSyntheticLambda0.invoke(D8$$SyntheticClass:0)
09-23 20:39:48.453 15533 15544 D StrictMode: 	at kotlin.SynchronizedLazyImpl.getValue(LazyJVM.kt:86)
09-23 20:39:48.453 15533 15544 D StrictMode: 	at androidx.room.coroutines.PassthroughConnectionPool.useConnection(PassthroughConnectionPool.kt:58)
09-23 20:39:48.453 15533 15544 D StrictMode: 	at androidx.room.RoomConnectionManager.useConnection(RoomConnectionManager.android.kt:136)
09-23 20:39:48.453 15533 15544 D StrictMode: 	at androidx.room.RoomDatabase.useConnection(RoomDatabase.android.kt:619)
09-23 20:39:48.453 15533 15544 D StrictMode: 	at androidx.room.util.DBUtil__DBUtil_androidKt$performBlocking$1$1.invokeSuspend(DBUtil.android.kt:260)
09-23 20:39:48.453 15533 15544 D StrictMode: 	at androidx.room.util.DBUtil__DBUtil_androidKt$performBlocking$1$1.invoke(Unknown Source:8)
09-23 20:39:48.453 15533 15544 D StrictMode: 	at androidx.room.util.DBUtil__DBUtil_androidKt$performBlocking$1$1.invoke(Unknown Source:4)
09-23 20:39:48.453 15533 15544 D StrictMode: 	at kotlinx.coroutines.intrinsics.UndispatchedKt.startUndspatched(Undispatched.kt:66)
09-23 20:39:48.453 15533 15544 D StrictMode: 	at kotlinx.coroutines.intrinsics.UndispatchedKt.startUndispatchedOrReturn(Undispatched.kt:43)
09-23 20:39:48.453 15533 15544 D StrictMode: 	at kotlinx.coroutines.BuildersKt__Builders_commonKt.withContext(Builders.common.kt:157)
09-23 20:39:48.453 15533 15544 D StrictMode: 	at kotlinx.coroutines.BuildersKt.withContext(Unknown Source:1)
09-23 20:39:48.453 15533 15544 D StrictMode: 	at androidx.room.util.DBUtil__DBUtil_androidKt$performBlocking$1.invokeSuspend(DBUtil.android.kt:72)
09-23 20:39:48.453 15533 15544 D StrictMode: 	at androidx.room.util.DBUtil__DBUtil_androidKt$performBlocking$1.invoke(Unknown Source:8)
09-23 20:39:48.453 15533 15544 D StrictMode: 	at androidx.room.util.DBUtil__DBUtil_androidKt$performBlocking$1.invoke(Unknown Source:4)
09-23 20:39:48.453 15533 15544 D StrictMode: 	at androidx.room.coroutines.RunBlockingUninterruptible_androidKt$runBlockingUninterruptible$1$1.invokeSuspend(RunBlockingUninterruptible.android.kt:52)
09-23 20:39:48.453 15533 15544 D StrictMode: 	at androidx.room.coroutines.RunBlockingUninterruptible_androidKt$runBlockingUninterruptible$1$1.invoke(Unknown Source:8)
09-23 20:39:48.453 15533 15544 D StrictMode: 	at androidx.room.coroutines.RunBlockingUninterruptible_androidKt$runBlockingUninterruptible$1$1.invoke(Unknown Source:4)
09-23 20:39:48.453 15533 15544 D StrictMode: 	at kotlinx.coroutines.intrinsics.UndispatchedKt.startCoroutineUndispatched(Undispatched.kt:20)
09-23 20:39:48.453 15533 15544 D StrictMode: 	at kotlinx.coroutines.CoroutineStart.invoke(CoroutineStart.kt:360)
09-23 20:39:48.453 15533 15544 D StrictMode: 	at kotlinx.coroutines.AbstractCoroutine.start(AbstractCoroutine.kt:134)
09-23 20:39:48.453 15533 15544 D StrictMode: 	at kotlinx.coroutines.BuildersKt__Builders_commonKt.launch(Builders.common.kt:53)
09-23 20:39:48.453 15533 15544 D StrictMode: 	at kotlinx.coroutines.BuildersKt.launch(Unknown Source:1)
09-23 20:39:48.453 15533 15544 D StrictMode: 	at androidx.room.coroutines.RunBlockingUninterruptible_androidKt$runBlockingUninterruptible$1.invokeSuspend(RunBlockingUninterruptible.android.kt:51)
09-23 20:39:48.453 15533 15544 D StrictMode: 	at kotlin.coroutines.jvm.internal.BaseContinuationImpl.resumeWith(ContinuationImpl.kt:34)
09-23 20:39:48.453 15533 15544 D StrictMode: 	at kotlinx.coroutines.DispatchedTask.run(DispatchedTask.kt:100)
09-23 20:39:48.453 15533 15544 D StrictMode: 	at kotlinx.coroutines.EventLoopImplBase.processNextEvent(EventLoop.common.kt:263)
09-23 20:39:48.453 15533 15544 D StrictMode: 	at kotlinx.coroutines.BlockingCoroutine.joinBlocking(Builders.kt:94)
09-23 20:39:48.453 15533 15544 D StrictMode: 	at kotlinx.coroutines.BuildersKt__BuildersKt.runBlocking(Builders.kt:70)
09-23 20:39:48.453 15533 15544 D StrictMode: 	at kotlinx.coroutines.BuildersKt.runBlocking(Unknown Source:1)
09-23 20:39:48.453 15533 15544 D StrictMode: 	at kotlinx.coroutines.BuildersKt__BuildersKt.runBlocking$default(Builders.kt:48)
09-23 20:39:48.453 15533 15544 D StrictMode: 	at kotlinx.coroutines.BuildersKt.runBlocking$default(Unknown Source:1)
09-23 20:39:48.453 15533 15544 D StrictMode: 	at androidx.room.coroutines.RunBlockingUninterruptible_androidKt.runBlockingUninterruptible(RunBlockingUninterruptible.android.kt:45)
09-23 20:39:48.453 15533 15544 D StrictMode: 	at androidx.room.util.DBUtil__DBUtil_androidKt.performBlocking(DBUtil.android.kt:71)
09-23 20:39:48.453 15533 15544 D StrictMode: 	at androidx.room.util.DBUtil.performBlocking(Unknown Source:1)
09-23 20:39:48.453 15533 15544 D StrictMode: 	at com.shareconnect.database.HistoryItemDao_Impl.getAllHistoryItems(HistoryItemDao_Impl.kt:174)
09-23 20:39:48.453 15533 15544 D StrictMode: 	at com.shareconnect.database.HistoryRepository.getAllHistoryItems(HistoryRepository.kt:29)
09-23 20:39:48.453 15533 15544 D StrictMode: 	at com.shareconnect.HistoryActivity.loadHistoryItems(HistoryActivity.kt:86)
09-23 20:39:48.453 15533 15544 D StrictMode: 	at com.shareconnect.HistoryActivity.onCreate(HistoryActivity.kt:50)
09-23 20:39:48.453 15533 15544 D StrictMode: 	at android.app.Activity.performCreate(Activity.java:8342)
09-23 20:39:48.453 15533 15544 D StrictMode: 	at android.app.Activity.performCreate(Activity.java:8321)
09-23 20:39:48.453 15533 15544 D StrictMode: 	at android.app.Instrumentation.callActivityOnCreate(Instrumentation.java:1417)
09-23 20:39:48.453 15533 15544 D StrictMode: 	at androidx.test.runner.MonitoringInstrumentation.callActivityOnCreate(MonitoringInstrumentation.java:766)
09-23 20:39:48.453 15533 15544 D StrictMode: 	at android.app.ActivityThread.performLaunchActivity(ActivityThread.java:3626)
09-23 20:39:48.453 15533 15544 D StrictMode: 	at android.app.ActivityThread.handleLaunchActivity(ActivityThread.java:3782)
09-23 20:39:48.453 15533 15544 D StrictMode: 	at android.app.servertransaction.LaunchActivityItem.execute(LaunchActivityItem.java:101)
09-23 20:39:48.453 15533 15544 D StrictMode: 	at android.app.servertransaction.TransactionExecutor.executeCallbacks(TransactionExecutor.java:138)
09-23 20:39:48.453 15533 15544 D StrictMode: 	at android.app.servertransaction.TransactionExecutor.execute(TransactionExecutor.java:95)
09-23 20:39:48.453 15533 15544 D StrictMode: 	at android.app.ActivityThread$H.handleMessage(ActivityThread.java:2307)
09-23 20:39:48.453 15533 15544 D StrictMode: 	at android.os.Handler.dispatchMessage(Handler.java:106)
09-23 20:39:48.453 15533 15544 D StrictMode: 	at androidx.test.espresso.base.Interrogator.loopAndInterrogate(Interrogator.java:14)
09-23 20:39:48.453 15533 15544 D StrictMode: 	at androidx.test.espresso.base.UiControllerImpl.loopUntil(UiControllerImpl.java:8)
09-23 20:39:48.453 15533 15544 D StrictMode: 	at androidx.test.espresso.base.UiControllerImpl.loopUntil(UiControllerImpl.java:1)
09-23 20:39:48.453 15533 15544 D StrictMode: 	at androidx.test.espresso.base.UiControllerImpl.injectMotionEvent(UiControllerImpl.java:5)
09-23 20:39:48.453 15533 15544 D StrictMode: 	at androidx.test.espresso.action.MotionEvents.sendUp(MotionEvents.java:7)
09-23 20:39:48.453 15533 15544 D StrictMode: 	at androidx.test.espresso.action.MotionEvents.sendUp(MotionEvents.java:1)
09-23 20:39:48.453 15533 15544 D StrictMode: 	at androidx.test.espresso.action.Tap.sendSingleTap(Tap.java:5)
09-23 20:39:48.453 15533 15544 D StrictMode: 	at androidx.test.espresso.action.Tap.-$$Nest$smsendSingleTap(Unknown Source:0)
09-23 20:39:48.453 15533 15544 D StrictMode: 	at androidx.test.espresso.action.Tap$1.sendTap(Tap.java:3)
09-23 20:39:48.453 15533 15544 D StrictMode: 	at androidx.test.espresso.action.GeneralClickAction.perform(GeneralClickAction.java:6)
09-23 20:39:48.453 15533 15544 D StrictMode: 	at androidx.test.espresso.ViewInteraction$SingleExecutionViewAction.perform(ViewInteraction.java:2)
09-23 20:39:48.453 15533 15544 D StrictMode: 	at androidx.test.espresso.ViewInteraction.doPerform(ViewInteraction.java:25)
09-23 20:39:48.453 15533 15544 D StrictMode: 	at androidx.test.espresso.ViewInteraction.-$$Nest$mdoPerform(Unknown Source:0)
09-23 20:39:48.453 15533 15544 D StrictMode: 	at androidx.test.espresso.ViewInteraction$1.call(ViewInteraction.java:7)
09-23 20:39:48.453 15533 15544 D StrictMode: 	at androidx.test.espresso.ViewInteraction$1.call(ViewInteraction.java:1)
09-23 20:39:48.453 15533 15544 D StrictMode: 	at java.util.concurrent.FutureTask.run(FutureTask.java:264)
09-23 20:39:48.453 15533 15544 D StrictMode: 	at android.os.Handler.handleCallback(Handler.java:942)
09-23 20:39:48.453 15533 15544 D StrictMode: 	at android.os.Handler.dispatchMessage(Handler.java:99)
09-23 20:39:48.453 15533 15544 D StrictMode: 	at android.os.Looper.loopOnce(Looper.java:201)
09-23 20:39:48.453 15533 15544 D StrictMode: 	at android.os.Looper.loop(Looper.java:288)
09-23 20:39:48.453 15533 15544 D StrictMode: 	at android.app.ActivityThread.main(ActivityThread.java:7924)
09-23 20:39:48.453 15533 15544 D StrictMode: 	at java.lang.reflect.Method.invoke(Native Method)
09-23 20:39:48.453 15533 15544 D StrictMode: 	at com.android.internal.os.RuntimeInit$MethodAndArgsCaller.run(RuntimeInit.java:548)
09-23 20:39:48.453 15533 15544 D StrictMode: 	at com.android.internal.os.ZygoteInit.main(ZygoteInit.java:936)
09-23 20:39:48.454 15533 15533 D FirebaseSessions: App foregrounded on com.shareconnect
09-23 20:39:48.456 15533 15533 V Console : Activity lifecycle :: RESUMED :: HistoryActivity
09-23 20:39:48.456 15533 15533 V Console : Foreground activity counter :: AtomicIntWrapper :: 12312792 :: 227589169 :: Value of: 0
09-23 20:39:48.456 15533 15533 I Console : Activity lifecycle :: Main state :: Foreground
09-23 20:39:48.456 15533 15533 V Console : Foreground activity counter :: AtomicIntWrapper :: 12312792 :: 227589169 :: Incremented to: 1
09-23 20:39:48.456 15533 15533 D Console : hasThemeChanged() returned: false
09-23 20:39:48.457 15533 15533 D LifecycleMonitor: Lifecycle status change: com.shareconnect.HistoryActivity@bcdfc40 in: RESUMED
09-23 20:39:48.457 15533 15533 V ActivityScenario: Activity lifecycle changed event received but ignored because the intent does not match. startActivityIntent=Intent { act=android.intent.action.MAIN cat=[android.intent.category.LAUNCHER] flg=0x10008000 cmp=com.shareconnect/.MainActivity }, activity.getIntent()=Intent { cmp=com.shareconnect/.HistoryActivity }, activity=com.shareconnect.HistoryActivity@bcdfc40
09-23 20:39:48.458 15533 15533 V Console : Activity lifecycle :: POST-RESUMED :: HistoryActivity
09-23 20:39:48.459 15533 15626 W Parcel  : Expecting binder but got null!
09-23 20:39:48.472 15533 15626 E OpenGLRenderer: Unable to match the desired swap behavior.
09-23 20:39:48.485   488   503 I ActivityTaskManager: Displayed com.shareconnect/.HistoryActivity: +90ms
09-23 20:39:48.496   488 13626 W Parcel  : Expecting binder but got null!
09-23 20:39:48.501   488 13626 W Parcel  : Expecting binder but got null!
09-23 20:39:48.580 11811 11811 I GoogleInputMethodService: GoogleInputMethodService.onFinishInput():3227
09-23 20:39:48.580 11811 11811 I GoogleInputMethodService: GoogleInputMethodService.updateDeviceLockedStatus():2087 repeatCheckTimes = 0, unlocked = true
09-23 20:39:48.580 11811 11811 I GoogleInputMethodService: GoogleInputMethodService.onStartInput():1877 onStartInput(EditorInfo{inputType=0x0(NULL) imeOptions=0x0 privateImeOptions=null actionName=UNSPECIFIED actionLabel=null actionId=0 initialSelStart=-1 initialSelEnd=-1 initialCapsMode=0x0 hintText=null label=null packageName=com.shareconnect fieldId=-1 fieldName=null extras=null}, false)
09-23 20:39:48.580 11811 11811 I GoogleInputMethodService: GoogleInputMethodService.shouldHideHeaderOnInitialState():4008 ShouldHideHeaderOnInitialState = false
09-23 20:39:48.581 11811 11811 I GoogleInputMethodService: GoogleInputMethodService.updateDeviceLockedStatus():2087 repeatCheckTimes = 2, unlocked = true
09-23 20:39:48.781 11307 11307 W ThreadPoolForeg: type=1400 audit(0.0:2140): avc: denied { write } for name="traced_producer" dev="tmpfs" ino=647 scontext=u:r:gmscore_app:s0:c512,c768 tcontext=u:object_r:traced_producer_socket:s0 tclass=sock_file permissive=0 app=com.google.android.gms
09-23 20:39:48.877 15533 15626 D EGL_emulation: app_time_stats: avg=28.97ms min=13.45ms max=441.62ms count=37
09-23 20:39:48.917 15533 15927 V Console : Foreground activity counter :: AtomicIntWrapper :: 12312792 :: 227589169 :: Value of: 1
09-23 20:39:48.976 15533 15626 D OpenGLRenderer: endAllActiveAnimators on 0xb400007b29462610 (RippleDrawable) with handle 0xb400007a394b7840
09-23 20:39:48.981 15533 15533 V Console : Activity lifecycle :: PRE-STOPPED :: MainActivity
09-23 20:39:48.982 15533 15533 V Console : Activity lifecycle :: STOPPED :: MainActivity
09-23 20:39:48.982 15533 15533 D LifecycleMonitor: Lifecycle status change: com.shareconnect.MainActivity@889d43e in: STOPPED
09-23 20:39:48.982 15533 15533 V ActivityScenario: Update currentActivityStage to STOPPED, currentActivity=com.shareconnect.MainActivity@889d43e
09-23 20:39:48.983 15533 15533 V Console : Activity lifecycle :: POST-STOPPED :: MainActivity
09-23 20:39:49.521 15533 15533 V Console : Activity lifecycle :: PRE-PAUSED :: HistoryActivity
09-23 20:39:49.521 15533 15533 D Console : Activity lifecycle :: Top activity: HistoryActivity
09-23 20:39:49.522 15533 15533 D FirebaseSessions: App backgrounded on com.shareconnect
09-23 20:39:49.528 15533 15533 V Console : Activity lifecycle :: PAUSED :: HistoryActivity
09-23 20:39:49.529 15533 15533 V Console : Foreground activity counter :: AtomicIntWrapper :: 12312792 :: 227589169 :: Decremented to: 0
09-23 20:39:49.529 15533 15533 D LifecycleMonitor: Lifecycle status change: com.shareconnect.HistoryActivity@bcdfc40 in: PAUSED
09-23 20:39:49.529 15533 15533 V ActivityScenario: Activity lifecycle changed event received but ignored because the intent does not match. startActivityIntent=Intent { act=android.intent.action.MAIN cat=[android.intent.category.LAUNCHER] flg=0x10008000 cmp=com.shareconnect/.MainActivity }, activity.getIntent()=Intent { cmp=com.shareconnect/.HistoryActivity }, activity=com.shareconnect.HistoryActivity@bcdfc40
09-23 20:39:49.532 15533 15533 D LifecycleMonitor: Lifecycle status change: com.shareconnect.MainActivity@889d43e in: RESTARTED
09-23 20:39:49.533 15533 15533 V ActivityScenario: Update currentActivityStage to RESTARTED, currentActivity=com.shareconnect.MainActivity@889d43e
09-23 20:39:49.533 15533 15533 D LifecycleMonitor: Lifecycle status change: com.shareconnect.MainActivity@889d43e in: STARTED
09-23 20:39:49.533 15533 15533 V ActivityScenario: Update currentActivityStage to STARTED, currentActivity=com.shareconnect.MainActivity@889d43e
09-23 20:39:49.534 15533 15533 D FirebaseSessions: App foregrounded on com.shareconnect
09-23 20:39:49.536 15533 15533 V Console : Activity lifecycle :: RESUMED :: MainActivity
09-23 20:39:49.536 15533 15533 V Console : Foreground activity counter :: AtomicIntWrapper :: 12312792 :: 227589169 :: Value of: 0
09-23 20:39:49.536 15533 15533 I Console : Activity lifecycle :: Main state :: Foreground
09-23 20:39:49.537 15533 15533 V Console : Foreground activity counter :: AtomicIntWrapper :: 12312792 :: 227589169 :: Incremented to: 1
09-23 20:39:49.537 15533 15533 D Console : hasThemeChanged() returned: false
09-23 20:39:49.537 15533 15533 D Console : onResume() called, themeChanged: false
09-23 20:39:49.537 15533 15533 D LifecycleMonitor: Lifecycle status change: com.shareconnect.MainActivity@889d43e in: RESUMED
09-23 20:39:49.537 15533 15533 V ActivityScenario: Update currentActivityStage to RESUMED, currentActivity=com.shareconnect.MainActivity@889d43e
09-23 20:39:49.537 15533 15533 V Console : Activity lifecycle :: POST-RESUMED :: MainActivity
09-23 20:39:49.561 15533 15626 E OpenGLRenderer: Unable to match the desired swap behavior.
09-23 20:39:49.572 15533 15626 D EGL_emulation: app_time_stats: avg=83.74ms min=10.55ms max=880.87ms count=13
09-23 20:39:49.574 15533 15533 D RootViewPicker: Root not ready - waiting: 10ms for one to appear.
09-23 20:39:49.586 15533 15533 D RootViewPicker: Root not ready - waiting: 25ms for one to appear.
09-23 20:39:49.594 11811 11811 I GoogleInputMethodService: GoogleInputMethodService.onFinishInput():3227
09-23 20:39:49.595 11811 11811 I GoogleInputMethodService: GoogleInputMethodService.updateDeviceLockedStatus():2087 repeatCheckTimes = 0, unlocked = true
09-23 20:39:49.595 11811 11811 I GoogleInputMethodService: GoogleInputMethodService.onStartInput():1877 onStartInput(EditorInfo{inputType=0x0(NULL) imeOptions=0x0 privateImeOptions=null actionName=UNSPECIFIED actionLabel=null actionId=0 initialSelStart=-1 initialSelEnd=-1 initialCapsMode=0x0 hintText=null label=null packageName=com.shareconnect fieldId=-1 fieldName=null extras=null}, false)
09-23 20:39:49.595 11811 11811 I GoogleInputMethodService: GoogleInputMethodService.shouldHideHeaderOnInitialState():4008 ShouldHideHeaderOnInitialState = false
09-23 20:39:49.595   488 13626 W Parcel  : Expecting binder but got null!
09-23 20:39:49.595 11811 11811 I GoogleInputMethodService: GoogleInputMethodService.updateDeviceLockedStatus():2087 repeatCheckTimes = 2, unlocked = true
09-23 20:39:49.599   488 13626 W Parcel  : Expecting binder but got null!
09-23 20:39:49.627 15533 15533 I ViewInteraction: Performing 'scroll to' action on view view.getId() is <2131230859/com.shareconnect:id/buttonSettings>
09-23 20:39:49.628 15533 15533 I ScrollToAction: View is already displayed. Returning.
09-23 20:39:49.628 15533 15533 I ViewInteraction: Checking 'MatchesViewAssertion{viewMatcher=(view has effective visibility <VISIBLE> and view.getGlobalVisibleRect() to return non-empty rectangle)}' assertion on view view.getId() is <2131230859/com.shareconnect:id/buttonSettings>
09-23 20:39:49.632 15533 15533 V Console : Activity lifecycle :: PRE-PAUSED :: MainActivity
09-23 20:39:49.632 15533 15533 D Console : Activity lifecycle :: Top activity: MainActivity
09-23 20:39:49.632 15533 15533 D FirebaseSessions: App backgrounded on com.shareconnect
09-23 20:39:49.633 15533 15533 V Console : Activity lifecycle :: PAUSED :: MainActivity
09-23 20:39:49.633 15533 15533 V Console : Foreground activity counter :: AtomicIntWrapper :: 12312792 :: 227589169 :: Decremented to: 0
09-23 20:39:49.634 15533 15533 D LifecycleMonitor: Lifecycle status change: com.shareconnect.MainActivity@889d43e in: PAUSED
09-23 20:39:49.635 15533 15533 V ActivityScenario: Update currentActivityStage to PAUSED, currentActivity=com.shareconnect.MainActivity@889d43e
09-23 20:39:49.637 15533 15533 D LifecycleMonitor: Lifecycle status change: androidx.test.core.app.InstrumentationActivityInvoker$EmptyActivity@cd491e6 in: PRE_ON_CREATE
09-23 20:39:49.637 15533 15533 V ActivityScenario: Activity lifecycle changed event received but ignored because the intent does not match. startActivityIntent=Intent { act=android.intent.action.MAIN cat=[android.intent.category.LAUNCHER] flg=0x10008000 cmp=com.shareconnect/.MainActivity }, activity.getIntent()=Intent { act=android.intent.action.MAIN cat=[android.intent.category.LAUNCHER] flg=0x10000000 cmp=com.shareconnect/androidx.test.core.app.InstrumentationActivityInvoker$EmptyActivity }, activity=androidx.test.core.app.InstrumentationActivityInvoker$EmptyActivity@cd491e6
09-23 20:39:49.639 15533 15533 D LifecycleMonitor: Lifecycle status change: androidx.test.core.app.InstrumentationActivityInvoker$EmptyActivity@cd491e6 in: CREATED
09-23 20:39:49.639 15533 15533 V ActivityScenario: Activity lifecycle changed event received but ignored because the intent does not match. startActivityIntent=Intent { act=android.intent.action.MAIN cat=[android.intent.category.LAUNCHER] flg=0x10008000 cmp=com.shareconnect/.MainActivity }, activity.getIntent()=Intent { act=android.intent.action.MAIN cat=[android.intent.category.LAUNCHER] flg=0x10000000 cmp=com.shareconnect/androidx.test.core.app.InstrumentationActivityInvoker$EmptyActivity }, activity=androidx.test.core.app.InstrumentationActivityInvoker$EmptyActivity@cd491e6
09-23 20:39:49.640 15533 15533 D LifecycleMonitor: Lifecycle status change: androidx.test.core.app.InstrumentationActivityInvoker$EmptyActivity@cd491e6 in: STARTED
09-23 20:39:49.640 15533 15533 V ActivityScenario: Activity lifecycle changed event received but ignored because the intent does not match. startActivityIntent=Intent { act=android.intent.action.MAIN cat=[android.intent.category.LAUNCHER] flg=0x10008000 cmp=com.shareconnect/.MainActivity }, activity.getIntent()=Intent { act=android.intent.action.MAIN cat=[android.intent.category.LAUNCHER] flg=0x10000000 cmp=com.shareconnect/androidx.test.core.app.InstrumentationActivityInvoker$EmptyActivity }, activity=androidx.test.core.app.InstrumentationActivityInvoker$EmptyActivity@cd491e6
09-23 20:39:49.640 15533 15533 D FirebaseSessions: App foregrounded on com.shareconnect
09-23 20:39:49.642 15533 15533 V Console : Activity lifecycle :: RESUMED :: EmptyActivity
09-23 20:39:49.642 15533 15533 V Console : Foreground activity counter :: AtomicIntWrapper :: 12312792 :: 227589169 :: Value of: 0
09-23 20:39:49.642 15533 15533 I Console : Activity lifecycle :: Main state :: Foreground
09-23 20:39:49.642 15533 15533 V Console : Foreground activity counter :: AtomicIntWrapper :: 12312792 :: 227589169 :: Incremented to: 1
09-23 20:39:49.642 15533 15533 D LifecycleMonitor: Lifecycle status change: androidx.test.core.app.InstrumentationActivityInvoker$EmptyActivity@cd491e6 in: RESUMED
09-23 20:39:49.642 15533 15533 V ActivityScenario: Activity lifecycle changed event received but ignored because the intent does not match. startActivityIntent=Intent { act=android.intent.action.MAIN cat=[android.intent.category.LAUNCHER] flg=0x10008000 cmp=com.shareconnect/.MainActivity }, activity.getIntent()=Intent { act=android.intent.action.MAIN cat=[android.intent.category.LAUNCHER] flg=0x10000000 cmp=com.shareconnect/androidx.test.core.app.InstrumentationActivityInvoker$EmptyActivity }, activity=androidx.test.core.app.InstrumentationActivityInvoker$EmptyActivity@cd491e6
09-23 20:39:49.642 15533 15533 V Console : Activity lifecycle :: POST-RESUMED :: EmptyActivity
09-23 20:39:49.643 15533 15626 W Parcel  : Expecting binder but got null!
09-23 20:39:49.649 15533 15626 E OpenGLRenderer: Unable to match the desired swap behavior.
09-23 20:39:49.659   488   503 I ActivityTaskManager: Displayed com.shareconnect/androidx.test.core.app.InstrumentationActivityInvoker$EmptyActivity: +28ms
09-23 20:39:49.678 11811 11811 I GoogleInputMethodService: GoogleInputMethodService.onFinishInput():3227
09-23 20:39:49.678 15533 15533 V Console : Activity lifecycle :: PRE-STOPPED :: MainActivity
09-23 20:39:49.679 11811 11811 I GoogleInputMethodService: GoogleInputMethodService.updateDeviceLockedStatus():2087 repeatCheckTimes = 0, unlocked = true
09-23 20:39:49.679 11811 11811 I GoogleInputMethodService: GoogleInputMethodService.onStartInput():1877 onStartInput(EditorInfo{inputType=0x0(NULL) imeOptions=0x0 privateImeOptions=null actionName=UNSPECIFIED actionLabel=null actionId=0 initialSelStart=-1 initialSelEnd=-1 initialCapsMode=0x0 hintText=null label=null packageName=com.shareconnect fieldId=-1 fieldName=null extras=null}, false)
09-23 20:39:49.679 11811 11811 I GoogleInputMethodService: GoogleInputMethodService.shouldHideHeaderOnInitialState():4008 ShouldHideHeaderOnInitialState = false
09-23 20:39:49.679 11811 11811 I GoogleInputMethodService: GoogleInputMethodService.updateDeviceLockedStatus():2087 repeatCheckTimes = 2, unlocked = true
09-23 20:39:49.691 15533 15533 V Console : Activity lifecycle :: STOPPED :: MainActivity
09-23 20:39:49.691 15533 15533 D LifecycleMonitor: Lifecycle status change: com.shareconnect.MainActivity@889d43e in: STOPPED
09-23 20:39:49.691 15533 15533 V ActivityScenario: Update currentActivityStage to STOPPED, currentActivity=com.shareconnect.MainActivity@889d43e
09-23 20:39:49.692 15533 15533 V Console : Activity lifecycle :: POST-STOPPED :: MainActivity
09-23 20:39:49.694 15533 15533 V Console : Activity lifecycle :: PRE-DESTROYED :: MainActivity
09-23 20:39:49.694 15533 15533 V Console : Activity lifecycle :: DESTROYED :: MainActivity
09-23 20:39:49.695 15533 15533 D LifecycleMonitor: Lifecycle status change: com.shareconnect.MainActivity@889d43e in: DESTROYED
09-23 20:39:49.695 15533 15533 V ActivityScenario: Update currentActivityStage to DESTROYED, currentActivity=null
09-23 20:39:49.696   488  4157 W InputManager-JNI: Input channel object 'bf0273e com.shareconnect/com.shareconnect.MainActivity (client)' was disposed without first being removed with the input manager!
09-23 20:39:49.698 15533 15612 I TestRunner: finished: testAppStressTest(com.shareconnect.automation.FullAppFlowAutomationTest)
