09-23 20:38:41.835 15533 15612 I TestRunner: started: testStateDescriptions(com.shareconnect.automation.AccessibilityAutomationTest)
09-23 20:38:41.852 15533 15612 W Settings: Setting always_finish_activities has moved from android.provider.Settings.System to android.provider.Settings.Global, returning read-only value.
09-23 20:38:41.886   779   868 W Parcel  : Expecting binder but got null!
09-23 20:38:41.899 15533 15533 D LifecycleMonitor: Lifecycle status change: com.shareconnect.MainActivity@1cc1857 in: PRE_ON_CREATE
09-23 20:38:41.899 15533 15533 V ActivityScenario: Activity lifecycle changed event received but ignored because the reported transition was not ON_CREATE while the last known transition was PRE_ON_CREATE
09-23 20:38:41.902 15533 15533 D Console : getDefaultTheme() returned: Warm Orange Light (ID: 1, isDefault: true)
09-23 20:38:41.902 15533 15533 D Console : getDefaultTheme() returned: Warm Orange Light (ID: 1, isDefault: true)
09-23 20:38:41.902 15533 15533 D Console : Applying theme: Warm Orange Light, colorScheme: warm_orange, isDarkMode: false, currentTheme: WARM_ORANGE_LIGHT
09-23 20:38:41.902 15533 15533 D Console : Activity MainActivity usesToolbar: true
09-23 20:38:41.902   779   868 E OpenGLRenderer: Unable to match the desired swap behavior.
09-23 20:38:41.904 15533 15533 D Console : Setting night mode to NO
09-23 20:38:41.993  1581  1581 I GsaVoiceInteractionSrv: Handling ACTION_STOP_HOTWORD
09-23 20:38:42.000  1581  2232 I HwDetectorWithState: (REDACTED) a: %d
09-23 20:38:42.180 15533 15533 D LifecycleMonitor: Lifecycle status change: com.shareconnect.MainActivity@1cc1857 in: CREATED
09-23 20:38:42.181 15533 15533 V ActivityScenario: Update currentActivityStage to CREATED, currentActivity=com.shareconnect.MainActivity@1cc1857
09-23 20:38:42.184 15533 15533 D LifecycleMonitor: Lifecycle status change: com.shareconnect.MainActivity@1cc1857 in: STARTED
09-23 20:38:42.184 15533 15533 V ActivityScenario: Update currentActivityStage to STARTED, currentActivity=com.shareconnect.MainActivity@1cc1857
09-23 20:38:42.188 15533 15533 D FirebaseSessions: App foregrounded on com.shareconnect
09-23 20:38:42.202 15533 15533 V Console : Activity lifecycle :: RESUMED :: MainActivity
09-23 20:38:42.203 15533 15533 V Console : Foreground activity counter :: AtomicIntWrapper :: 12312792 :: 227589169 :: Value of: 0
09-23 20:38:42.203 15533 15533 I Console : Activity lifecycle :: Main state :: Foreground
09-23 20:38:42.204 15533 15533 V Console : Foreground activity counter :: AtomicIntWrapper :: 12312792 :: 227589169 :: Incremented to: 1
09-23 20:38:42.205 15533 15533 D Console : hasThemeChanged() returned: false
09-23 20:38:42.205 15533 15533 D Console : onResume() called, themeChanged: false
09-23 20:38:42.205 15533 15533 D LifecycleMonitor: Lifecycle status change: com.shareconnect.MainActivity@1cc1857 in: RESUMED
09-23 20:38:42.205 15533 15533 V ActivityScenario: Update currentActivityStage to RESUMED, currentActivity=com.shareconnect.MainActivity@1cc1857
09-23 20:38:42.214 15533 15533 V Console : Activity lifecycle :: POST-RESUMED :: MainActivity
09-23 20:38:42.214   779   868 D EGL_emulation: app_time_stats: avg=1817.62ms min=33.60ms max=5336.42ms count=3
09-23 20:38:42.219 15533 15626 W Parcel  : Expecting binder but got null!
09-23 20:38:42.417   779   868 D EGL_emulation: app_time_stats: avg=880.32ms min=14.47ms max=7120.59ms count=9
09-23 20:38:42.428 15533 15626 E OpenGLRenderer: Unable to match the desired swap behavior.
09-23 20:38:42.584   488   503 W ziparchive: Unable to open '/data/app/~~ax2PC4cP0yVn6y5KYomcXg==/com.shareconnect-W6-yzzxxsq-l613Q0yLpRg==/base.dm': No such file or directory
09-23 20:38:42.589   488   503 I ActivityTaskManager: Displayed com.shareconnect/.MainActivity: +723ms
09-23 20:38:42.656 11811 11811 I GoogleInputMethodService: GoogleInputMethodService.onFinishInput():3227
09-23 20:38:42.657 11811 11811 I GoogleInputMethodService: GoogleInputMethodService.updateDeviceLockedStatus():2087 repeatCheckTimes = 0, unlocked = true
09-23 20:38:42.658 11811 11811 I GoogleInputMethodService: GoogleInputMethodService.onStartInput():1877 onStartInput(EditorInfo{inputType=0x0(NULL) imeOptions=0x0 privateImeOptions=null actionName=UNSPECIFIED actionLabel=null actionId=0 initialSelStart=-1 initialSelEnd=-1 initialCapsMode=0x0 hintText=null label=null packageName=com.shareconnect fieldId=-1 fieldName=null extras=null}, false)
09-23 20:38:42.658 11811 11811 I GoogleInputMethodService: GoogleInputMethodService.shouldHideHeaderOnInitialState():4008 ShouldHideHeaderOnInitialState = false
09-23 20:38:42.662 11811 11811 I GoogleInputMethodService: GoogleInputMethodService.updateDeviceLockedStatus():2087 repeatCheckTimes = 2, unlocked = true
09-23 20:38:42.842   998  1945 D OneSearchSuggestProvider: Shut down the binder channel
09-23 20:38:42.846   998  1038 I s.nexuslauncher: oneway function results for code 2 on binder at 0xb400007a39474970 will be dropped but finished with status UNKNOWN_TRANSACTION
09-23 20:38:42.855  1581  2227 I AssistantForeground: (REDACTED) Get launcher package: %s
09-23 20:38:42.920   488  3363 W InputManager-JNI: Input channel object 'de51562 Splash Screen com.shareconnect (client)' was disposed without first being removed with the input manager!
09-23 20:38:43.220   779   868 D EGL_emulation: app_time_stats: avg=18.56ms min=2.83ms max=98.04ms count=41
09-23 20:38:44.227   779   868 D EGL_emulation: app_time_stats: avg=12.12ms min=1.40ms max=44.36ms count=49
09-23 20:38:47.878 12330 12330 D BoundBrokerSvc: onUnbind: Intent { act=com.google.android.gms.presencemanager.service.START dat=chimera-action:/... cmp=com.google.android.gms/.chimera.PersistentApiService }
09-23 20:38:47.880 12330 12330 D BoundBrokerSvc: onUnbind: Intent { act=com.google.android.gms.presencemanager.service.INTERNAL_IDENTITY dat=chimera-action:/... cmp=com.google.android.gms/.chimera.PersistentApiService }
09-23 20:38:47.881 15533 15533 V Console : Activity lifecycle :: PRE-PAUSED :: MainActivity
09-23 20:38:47.881 15533 15533 D Console : Activity lifecycle :: Top activity: MainActivity
09-23 20:38:47.881 15533 15533 D FirebaseSessions: App backgrounded on com.shareconnect
09-23 20:38:47.885 15533 15533 V Console : Activity lifecycle :: PAUSED :: MainActivity
09-23 20:38:47.885 15533 15533 V Console : Foreground activity counter :: AtomicIntWrapper :: 12312792 :: 227589169 :: Decremented to: 0
09-23 20:38:47.886 15533 15533 D LifecycleMonitor: Lifecycle status change: com.shareconnect.MainActivity@1cc1857 in: PAUSED
09-23 20:38:47.886 15533 15533 V ActivityScenario: Update currentActivityStage to PAUSED, currentActivity=com.shareconnect.MainActivity@1cc1857
09-23 20:38:47.926 15533 15533 D LifecycleMonitor: Lifecycle status change: androidx.test.core.app.InstrumentationActivityInvoker$EmptyActivity@3b9e850 in: PRE_ON_CREATE
09-23 20:38:47.928 15533 15533 V ActivityScenario: Activity lifecycle changed event received but ignored because the intent does not match. startActivityIntent=Intent { act=android.intent.action.MAIN cat=[android.intent.category.LAUNCHER] flg=0x10008000 cmp=com.shareconnect/.MainActivity }, activity.getIntent()=Intent { act=android.intent.action.MAIN cat=[android.intent.category.LAUNCHER] flg=0x10000000 cmp=com.shareconnect/androidx.test.core.app.InstrumentationActivityInvoker$EmptyActivity }, activity=androidx.test.core.app.InstrumentationActivityInvoker$EmptyActivity@3b9e850
09-23 20:38:47.953 15533 15533 D LifecycleMonitor: Lifecycle status change: androidx.test.core.app.InstrumentationActivityInvoker$EmptyActivity@3b9e850 in: CREATED
09-23 20:38:47.954 15533 15533 V ActivityScenario: Activity lifecycle changed event received but ignored because the intent does not match. startActivityIntent=Intent { act=android.intent.action.MAIN cat=[android.intent.category.LAUNCHER] flg=0x10008000 cmp=com.shareconnect/.MainActivity }, activity.getIntent()=Intent { act=android.intent.action.MAIN cat=[android.intent.category.LAUNCHER] flg=0x10000000 cmp=com.shareconnect/androidx.test.core.app.InstrumentationActivityInvoker$EmptyActivity }, activity=androidx.test.core.app.InstrumentationActivityInvoker$EmptyActivity@3b9e850
09-23 20:38:47.956 15533 15533 D LifecycleMonitor: Lifecycle status change: androidx.test.core.app.InstrumentationActivityInvoker$EmptyActivity@3b9e850 in: STARTED
09-23 20:38:47.956 15533 15533 V ActivityScenario: Activity lifecycle changed event received but ignored because the intent does not match. startActivityIntent=Intent { act=android.intent.action.MAIN cat=[android.intent.category.LAUNCHER] flg=0x10008000 cmp=com.shareconnect/.MainActivity }, activity.getIntent()=Intent { act=android.intent.action.MAIN cat=[android.intent.category.LAUNCHER] flg=0x10000000 cmp=com.shareconnect/androidx.test.core.app.InstrumentationActivityInvoker$EmptyActivity }, activity=androidx.test.core.app.InstrumentationActivityInvoker$EmptyActivity@3b9e850
09-23 20:38:47.960 15533 15533 D FirebaseSessions: App foregrounded on com.shareconnect
09-23 20:38:47.970 15533 15533 V Console : Activity lifecycle :: RESUMED :: EmptyActivity
09-23 20:38:47.970 15533 15533 V Console : Foreground activity counter :: AtomicIntWrapper :: 12312792 :: 227589169 :: Value of: 0
09-23 20:38:47.971 15533 15533 I Console : Activity lifecycle :: Main state :: Foreground
09-23 20:38:47.971 15533 15533 V Console : Foreground activity counter :: AtomicIntWrapper :: 12312792 :: 227589169 :: Incremented to: 1
09-23 20:38:47.974 15533 15533 D LifecycleMonitor: Lifecycle status change: androidx.test.core.app.InstrumentationActivityInvoker$EmptyActivity@3b9e850 in: RESUMED
09-23 20:38:47.975 15533 15533 V ActivityScenario: Activity lifecycle changed event received but ignored because the intent does not match. startActivityIntent=Intent { act=android.intent.action.MAIN cat=[android.intent.category.LAUNCHER] flg=0x10008000 cmp=com.shareconnect/.MainActivity }, activity.getIntent()=Intent { act=android.intent.action.MAIN cat=[android.intent.category.LAUNCHER] flg=0x10000000 cmp=com.shareconnect/androidx.test.core.app.InstrumentationActivityInvoker$EmptyActivity }, activity=androidx.test.core.app.InstrumentationActivityInvoker$EmptyActivity@3b9e850
09-23 20:38:47.976 15533 15533 V Console : Activity lifecycle :: POST-RESUMED :: EmptyActivity
09-23 20:38:47.980 15533 15626 W Parcel  : Expecting binder but got null!
09-23 20:38:48.025 15533 15626 E OpenGLRenderer: Unable to match the desired swap behavior.
09-23 20:38:48.033 11307 15616 D AdvertisingIdClient: AdvertisingIdClient already created.
09-23 20:38:48.038 11307 15616 I AdvertisingIdClient: shouldSendLog 10569668
09-23 20:38:48.038 11307 15616 I AdvertisingIdClient: GetInfoInternal elapse 4ms
09-23 20:38:48.057   488   503 I ActivityTaskManager: Displayed com.shareconnect/androidx.test.core.app.InstrumentationActivityInvoker$EmptyActivity: +225ms
09-23 20:38:48.085 15533 15533 V Console : Activity lifecycle :: PRE-STOPPED :: MainActivity
09-23 20:38:48.092 15533 15626 D EGL_emulation: app_time_stats: avg=609.36ms min=9.38ms max=5260.14ms count=9
09-23 20:38:48.095 15533 15533 V Console : Activity lifecycle :: STOPPED :: MainActivity
09-23 20:38:48.096 15533 15533 D LifecycleMonitor: Lifecycle status change: com.shareconnect.MainActivity@1cc1857 in: STOPPED
09-23 20:38:48.096 15533 15533 V ActivityScenario: Update currentActivityStage to STOPPED, currentActivity=com.shareconnect.MainActivity@1cc1857
09-23 20:38:48.097 15533 15533 V Console : Activity lifecycle :: POST-STOPPED :: MainActivity
09-23 20:38:48.099 15533 15533 V Console : Activity lifecycle :: PRE-DESTROYED :: MainActivity
09-23 20:38:48.101 15533 15533 V Console : Activity lifecycle :: DESTROYED :: MainActivity
09-23 20:38:48.102 15533 15533 D LifecycleMonitor: Lifecycle status change: com.shareconnect.MainActivity@1cc1857 in: DESTROYED
09-23 20:38:48.102 15533 15533 V ActivityScenario: Update currentActivityStage to DESTROYED, currentActivity=null
09-23 20:38:48.113   488  4122 W InputManager-JNI: Input channel object 'f7b9a3f com.shareconnect/com.shareconnect.MainActivity (client)' was disposed without first being removed with the input manager!
09-23 20:38:48.142 11811 11811 I GoogleInputMethodService: GoogleInputMethodService.onFinishInput():3227
09-23 20:38:48.145 11811 11811 I GoogleInputMethodService: GoogleInputMethodService.updateDeviceLockedStatus():2087 repeatCheckTimes = 0, unlocked = true
09-23 20:38:48.145 11811 11811 I GoogleInputMethodService: GoogleInputMethodService.onStartInput():1877 onStartInput(EditorInfo{inputType=0x0(NULL) imeOptions=0x0 privateImeOptions=null actionName=UNSPECIFIED actionLabel=null actionId=0 initialSelStart=-1 initialSelEnd=-1 initialCapsMode=0x0 hintText=null label=null packageName=com.shareconnect fieldId=-1 fieldName=null extras=null}, false)
09-23 20:38:48.145 11811 11811 I GoogleInputMethodService: GoogleInputMethodService.shouldHideHeaderOnInitialState():4008 ShouldHideHeaderOnInitialState = false
09-23 20:38:48.147 11811 11811 I GoogleInputMethodService: GoogleInputMethodService.updateDeviceLockedStatus():2087 repeatCheckTimes = 2, unlocked = true
09-23 20:38:48.149 15533 15612 I TestRunner: finished: testStateDescriptions(com.shareconnect.automation.AccessibilityAutomationTest)
