09-23 20:39:25.892 15533 15612 I TestRunner: started: testAppStressTest(com.shareconnect.automation.FullAppFlowAutomationTest)
09-23 20:39:25.893 15533 15533 D LifecycleMonitor: Lifecycle status change: androidx.test.core.app.InstrumentationActivityInvoker$EmptyActivity@dd351c9 in: DESTROYED
09-23 20:39:25.898   488   831 W InputManager-JNI: Input channel object '1f55eda com.shareconnect/androidx.test.core.app.InstrumentationActivityInvoker$EmptyActivity (client)' was disposed without first being removed with the input manager!
09-23 20:39:25.949  1551  3060 I AiAiEcho: Settings cha with uri: content://settings/secure/accessibility_enabled
09-23 20:39:25.968  1581  2149 I A11yListener: (REDACTED) #onAccessibilityStateChanged enabled: %s
09-23 20:39:25.970  1581  2227 I A11yListener: #onChange
09-23 20:39:25.970 11699 11854 I A       : NGA enabled in interactor.
09-23 20:39:25.974  1551  3060 I AiAiEcho: Settings cha with uri: content://settings/secure/accessibility_enabled
09-23 20:39:25.978 11699 11852 I A       : NGA enabled in interactor.
09-23 20:39:25.978  1551  1815 I AiAiEcho: Predicting[0]:
09-23 20:39:25.978  1551  1815 I AiAiEcho: Ranked targets strategy: SORT, count: 0, ranking metadata:
09-23 20:39:25.979  1551  1815 I AiAiEcho: Predicting[0]:
09-23 20:39:25.979  1551  1815 I AiAiEcho: Ranked targets strategy: SORT, count: 0, ranking metadata:
09-23 20:39:25.979  1551  1815 I AiAiEcho: Predicting[0]:
09-23 20:39:25.980  1551  1815 I AiAiEcho: Ranked targets strategy: SORT, count: 0, ranking metadata:
09-23 20:39:25.980  1551  1815 I AiAiEcho: Predicting[0]:
09-23 20:39:25.980  1551  1815 I AiAiEcho: Ranked targets strategy: SORT, count: 0, ranking metadata:
09-23 20:39:25.980  1551  1815 I AiAiEcho: #postPredictionTargets: Sending updates to UISurface lockscreen with targets# 0
09-23 20:39:25.981  1551  1815 I AiAiEcho: #postPredictionTargets: Sending updates to UISurface home with targets# 0
09-23 20:39:25.982  1551  1815 I AiAiEcho: #postPredictionTargets: Sending updates to UISurface lockscreen with targets# 0
09-23 20:39:25.982  1551  1815 I AiAiEcho: #postPredictionTargets: Sending updates to UISurface home with targets# 0
09-23 20:39:25.982  1551  1815 I AiAiEcho: #postPredictionTargets: Sending updates to UISurface lockscreen with targets# 0
09-23 20:39:25.983  1551  1815 I AiAiEcho: #postPredictionTargets: Sending updates to UISurface home with targets# 0
09-23 20:39:25.983  1551  1815 I AiAiEcho: #postPredictionTargets: Sending updates to UISurface lockscreen with targets# 0
09-23 20:39:25.983  1551  1815 I AiAiEcho: #postPredictionTargets: Sending updates to UISurface home with targets# 0
09-23 20:39:25.990  1581  2227 E TraceManager: Duplicate trace
09-23 20:39:25.990  1581  2227 E TraceManager: com.google.apps.tiktok.tracing.w: Starting new trace A11yEventListener_onChange when already associated with a trace: . For more help, see http://go/tiktok-tracing#fixing-duplicate-trace-issues
09-23 20:39:25.990  1581  2227 E TraceManager: 	at com.google.apps.tiktok.tracing.el.f(PG:6)
09-23 20:39:25.990  1581  2227 E TraceManager: 	at com.google.apps.tiktok.tracing.el.g(PG:2)
09-23 20:39:25.990  1581  2227 E TraceManager: 	at com.google.apps.tiktok.tracing.dv.d(PG:1)
09-23 20:39:25.990  1581  2227 E TraceManager: 	at com.google.android.libraries.search.assistant.a.g.a(PG:7)
09-23 20:39:25.990  1581  2227 E TraceManager: 	at com.google.android.libraries.search.assistant.a.b.b(PG:2)
09-23 20:39:25.990  1581  2227 E TraceManager: 	at i.c.b.a.a.h(PG:4)
09-23 20:39:25.990  1581  2227 E TraceManager: 	at kotlinx.coroutines.bk.run(PG:14)
09-23 20:39:25.990  1581  2227 E TraceManager: 	at com.google.apps.tiktok.coroutines.g.run(PG:1)
09-23 20:39:25.990  1581  2227 E TraceManager: 	at com.google.android.libraries.i.z.run(PG:1)
09-23 20:39:25.990  1581  2227 E TraceManager: 	at java.util.concurrent.ThreadPoolExecutor.runWorker(ThreadPoolExecutor.java:1137)
09-23 20:39:25.990  1581  2227 E TraceManager: 	at java.util.concurrent.ThreadPoolExecutor$Worker.run(ThreadPoolExecutor.java:637)
09-23 20:39:25.990  1581  2227 E TraceManager: 	at com.google.android.libraries.i.h.run(PG:2)
09-23 20:39:25.990  1581  2227 E TraceManager: 	at java.lang.Thread.run(Thread.java:1012)
09-23 20:39:25.990  1581  2227 E TraceManager: 	at com.google.android.libraries.i.ai.run(PG:5)
09-23 20:39:25.990  1581  2227 E TraceManager: 	Suppressed: com.google.apps.tiktok.tracing.fv:
09-23 20:39:25.990  1581  2227 E TraceManager: 		at tk_trace.(Unknown Source:0)
09-23 20:39:25.990  1581  2227 E TraceManager: 		at tk_trace.Missing root trace(Unknown Source:0)
09-23 20:39:25.990  1581  2227 E TraceManager: Caused by: com.google.apps.tiktok.tracing.aa
09-23 20:39:25.993  1581  2227 I Ma-Fcf-A11yChangeNotifier: #FCF: onChange
09-23 20:39:25.998  1581  2228 I A       : (REDACTED) #FCF: Assistant primary locale : %s
09-23 20:39:25.999  1581  2228 I A       : (REDACTED) #FCF: Assistant Primary locale check status : %s
09-23 20:39:26.001  1581  2228 I A       : FCF A11y Checker - readyForTngMa
09-23 20:39:26.001  4855  4855 V SafetyCenterAccessibilityListener: accessibility event occurred, safety center feature not enabled.
09-23 20:39:26.002  1581  2227 I A       : (REDACTED) #FCF: Continued Conversation Mode Enabled: %s
09-23 20:39:26.013  1581  2227 I A       : (REDACTED) #FCF: Headset Connected Status: %s
09-23 20:39:26.018 15533 15612 W Settings: Setting always_finish_activities has moved from android.provider.Settings.System to android.provider.Settings.Global, returning read-only value.
09-23 20:39:26.023  1581  2227 W A       : Unable to check for productivity accounts. Assuming there are none.
09-23 20:39:26.023  1581  2227 W A       : com.google.android.libraries.geller.portable.GellerException: Code: INVALID_ARGUMENT, Message: Account name is null.
09-23 20:39:26.023  1581  2227 W A       : 	at com.google.android.libraries.search.h.k.a(PG:6)
09-23 20:39:26.023  1581  2227 W A       : 	at com.google.apps.tiktok.tracing.es.a(PG:3)
09-23 20:39:26.023  1581  2227 W A       : 	at com.google.common.w.a.bc.a(PG:1)
09-23 20:39:26.023  1581  2227 W A       : 	at com.google.common.w.a.cw.run(PG:4)
09-23 20:39:26.023  1581  2227 W A       : 	at com.google.android.libraries.i.z.run(PG:1)
09-23 20:39:26.023  1581  2227 W A       : 	at java.util.concurrent.ThreadPoolExecutor.runWorker(ThreadPoolExecutor.java:1137)
09-23 20:39:26.023  1581  2227 W A       : 	at java.util.concurrent.ThreadPoolExecutor$Worker.run(ThreadPoolExecutor.java:637)
09-23 20:39:26.023  1581  2227 W A       : 	at com.google.android.libraries.i.h.run(PG:2)
09-23 20:39:26.023  1581  2227 W A       : 	at java.lang.Thread.run(Thread.java:1012)
09-23 20:39:26.023  1581  2227 W A       : 	at com.google.android.libraries.i.ai.run(PG:5)
09-23 20:39:26.046  1581  2228 I A       : (REDACTED) #FCF evaluate: %s
09-23 20:39:26.048  1581  2228 I A       : (REDACTED) TngMaStatusChecker#evaluateInternal completed in %s millis
09-23 20:39:26.048  1581  2228 I Ma-Entry-Triggering: (REDACTED) TNG:MA status updated: %s
09-23 20:39:26.048  1581  2228 I Ma-Entry-Triggering: TNG:MA became ineligible, client should disconnect
09-23 20:39:26.052  1581  2228 I Ma-Entry-Triggering: #disconnectAndStop - preventing double stop
09-23 20:39:26.054  1581  2228 I A       : #invalidationSource: adding headset checker
09-23 20:39:26.054  1581  2228 I A       : #invalidationSource : adding a11y checker
09-23 20:39:26.069   779   868 W Parcel  : Expecting binder but got null!
09-23 20:39:26.092 15533 15533 D LifecycleMonitor: Lifecycle status change: com.shareconnect.MainActivity@889d43e in: PRE_ON_CREATE
09-23 20:39:26.092 15533 15533 V ActivityScenario: Activity lifecycle changed event received but ignored because the reported transition was not ON_CREATE while the last known transition was PRE_ON_CREATE
09-23 20:39:26.098 15533 15533 D Console : getDefaultTheme() returned: Warm Orange Light (ID: 1, isDefault: true)
09-23 20:39:26.098 15533 15533 D Console : getDefaultTheme() returned: Warm Orange Light (ID: 1, isDefault: true)
09-23 20:39:26.101 15533 15533 D Console : Applying theme: Warm Orange Light, colorScheme: warm_orange, isDarkMode: false, currentTheme: WARM_ORANGE_LIGHT
09-23 20:39:26.101 15533 15533 D Console : Activity MainActivity usesToolbar: true
09-23 20:39:26.113 15533 15533 D Console : Setting night mode to NO
09-23 20:39:26.130   779   868 E OpenGLRenderer: Unable to match the desired swap behavior.
09-23 20:39:26.186  1581  1581 I GsaVoiceInteractionSrv: Handling ACTION_STOP_HOTWORD
09-23 20:39:26.195  1581  2232 I HwDetectorWithState: (REDACTED) a: %d
09-23 20:39:26.231   998  1661 D EGL_emulation: app_time_stats: avg=18.90ms min=3.36ms max=280.25ms count=38
09-23 20:39:26.292 15533 15533 D LifecycleMonitor: Lifecycle status change: com.shareconnect.MainActivity@889d43e in: CREATED
09-23 20:39:26.292 15533 15533 V ActivityScenario: Update currentActivityStage to CREATED, currentActivity=com.shareconnect.MainActivity@889d43e
09-23 20:39:26.300 15533 15533 D LifecycleMonitor: Lifecycle status change: com.shareconnect.MainActivity@889d43e in: STARTED
09-23 20:39:26.300 15533 15533 V ActivityScenario: Update currentActivityStage to STARTED, currentActivity=com.shareconnect.MainActivity@889d43e
09-23 20:39:26.304 15533 15533 D FirebaseSessions: App foregrounded on com.shareconnect
09-23 20:39:26.314 15533 15533 V Console : Activity lifecycle :: RESUMED :: MainActivity
09-23 20:39:26.315 15533 15533 V Console : Foreground activity counter :: AtomicIntWrapper :: 12312792 :: 227589169 :: Value of: 0
09-23 20:39:26.316 15533 15533 I Console : Activity lifecycle :: Main state :: Foreground
09-23 20:39:26.317 15533 15533 V Console : Foreground activity counter :: AtomicIntWrapper :: 12312792 :: 227589169 :: Incremented to: 1
09-23 20:39:26.318 15533 15533 D Console : hasThemeChanged() returned: false
09-23 20:39:26.318 15533 15533 D Console : onResume() called, themeChanged: false
09-23 20:39:26.318 15533 15533 D LifecycleMonitor: Lifecycle status change: com.shareconnect.MainActivity@889d43e in: RESUMED
09-23 20:39:26.319 15533 15533 V ActivityScenario: Update currentActivityStage to RESUMED, currentActivity=com.shareconnect.MainActivity@889d43e
09-23 20:39:26.321 15533 15533 V Console : Activity lifecycle :: POST-RESUMED :: MainActivity
09-23 20:39:26.333 15533 15626 W Parcel  : Expecting binder but got null!
09-23 20:39:26.435   779   868 D EGL_emulation: app_time_stats: avg=813.85ms min=28.79ms max=6978.46ms count=9
09-23 20:39:26.445 15533 15626 E OpenGLRenderer: Unable to match the desired swap behavior.
09-23 20:39:26.562   779   868 D EGL_emulation: app_time_stats: avg=5467.45ms min=5467.45ms max=5467.45ms count=1
09-23 20:39:26.588   488   503 W ziparchive: Unable to open '/data/app/~~ax2PC4cP0yVn6y5KYomcXg==/com.shareconnect-W6-yzzxxsq-l613Q0yLpRg==/base.dm': No such file or directory
09-23 20:39:26.595   488   503 I ActivityTaskManager: Displayed com.shareconnect/.MainActivity: +512ms
09-23 20:39:26.621 11811 11811 I GoogleInputMethodService: GoogleInputMethodService.onFinishInput():3227
09-23 20:39:26.629 11811 11811 I GoogleInputMethodService: GoogleInputMethodService.updateDeviceLockedStatus():2087 repeatCheckTimes = 0, unlocked = true
09-23 20:39:26.629 11811 11811 I GoogleInputMethodService: GoogleInputMethodService.onStartInput():1877 onStartInput(EditorInfo{inputType=0x0(NULL) imeOptions=0x0 privateImeOptions=null actionName=UNSPECIFIED actionLabel=null actionId=0 initialSelStart=-1 initialSelEnd=-1 initialCapsMode=0x0 hintText=null label=null packageName=com.shareconnect fieldId=-1 fieldName=null extras=null}, false)
09-23 20:39:26.629 11811 11811 I GoogleInputMethodService: GoogleInputMethodService.shouldHideHeaderOnInitialState():4008 ShouldHideHeaderOnInitialState = false
09-23 20:39:26.631 11811 11811 I GoogleInputMethodService: GoogleInputMethodService.updateDeviceLockedStatus():2087 repeatCheckTimes = 2, unlocked = true
09-23 20:39:26.785   998  1945 D OneSearchSuggestProvider: Shut down the binder channel
09-23 20:39:26.788   998 11368 I s.nexuslauncher: oneway function results for code 2 on binder at 0xb400007a39485d70 will be dropped but finished with status UNKNOWN_TRANSACTION
09-23 20:39:26.823  1581  2227 I AssistantForeground: (REDACTED) Get launcher package: %s
09-23 20:39:26.894   488  1911 W InputManager-JNI: Input channel object 'ee70853 Splash Screen com.shareconnect (client)' was disposed without first being removed with the input manager!
09-23 20:39:26.936   779   850 W FrameTracker: Missed App frame:JANK_APP_DEADLINE_MISSED, 2360425, 0, CUJ=J<SPLASHSCREEN_EXIT_ANIM>
09-23 20:39:26.936   779   850 W FrameTracker: Missing HWUI jank callback for vsyncId: 2360425, CUJ=J<SPLASHSCREEN_EXIT_ANIM>
09-23 20:39:26.936   779   850 W FrameTracker: Missed App frame:UNKNOWN: 88, 2360454, 0, CUJ=J<SPLASHSCREEN_EXIT_ANIM>
09-23 20:39:26.936   779   850 W FrameTracker: Missed SF frame:UNKNOWN: 88, 2360454, 0, CUJ=J<SPLASHSCREEN_EXIT_ANIM>
09-23 20:39:26.936   779   850 W FrameTracker: Missing HWUI jank callback for vsyncId: 2360454, CUJ=J<SPLASHSCREEN_EXIT_ANIM>
09-23 20:39:26.936   779   850 W FrameTracker: Missed SF frame:UNKNOWN: 80, 2360529, 68167841, CUJ=J<SPLASHSCREEN_EXIT_ANIM>
09-23 20:39:26.936   779   850 W FrameTracker: Missed App frame:UNKNOWN: 88, 2360544, 0, CUJ=J<SPLASHSCREEN_EXIT_ANIM>
09-23 20:39:26.936   779   850 W FrameTracker: Missed SF frame:UNKNOWN: 88, 2360544, 0, CUJ=J<SPLASHSCREEN_EXIT_ANIM>
09-23 20:39:26.936   779   850 W FrameTracker: Missing HWUI jank callback for vsyncId: 2360544, CUJ=J<SPLASHSCREEN_EXIT_ANIM>
09-23 20:39:26.936   779   850 W FrameTracker: Missed App frame:UNKNOWN: 88, 2360567, 84455677, CUJ=J<SPLASHSCREEN_EXIT_ANIM>
09-23 20:39:26.936   779   850 W FrameTracker: Missed SF frame:UNKNOWN: 88, 2360567, 84455677, CUJ=J<SPLASHSCREEN_EXIT_ANIM>
09-23 20:39:26.937   779   850 W FrameTracker: Missed App frame:UNKNOWN: 88, 2360590, 84840011, CUJ=J<SPLASHSCREEN_EXIT_ANIM>
09-23 20:39:26.937   779   850 W FrameTracker: Missed SF frame:UNKNOWN: 88, 2360590, 84840011, CUJ=J<SPLASHSCREEN_EXIT_ANIM>
09-23 20:39:26.937   779   850 W FrameTracker: Missed App frame:UNKNOWN: 88, 2360627, 0, CUJ=J<SPLASHSCREEN_EXIT_ANIM>
09-23 20:39:26.937   779   850 W FrameTracker: Missed SF frame:UNKNOWN: 88, 2360627, 0, CUJ=J<SPLASHSCREEN_EXIT_ANIM>
09-23 20:39:26.937   779   850 W FrameTracker: Missing HWUI jank callback for vsyncId: 2360627, CUJ=J<SPLASHSCREEN_EXIT_ANIM>
09-23 20:39:27.582   779   868 D EGL_emulation: app_time_stats: avg=16.99ms min=2.97ms max=64.46ms count=51
09-23 20:39:28.114 11307 11307 D BoundBrokerSvc: onUnbind: Intent { act=com.google.android.gms.common.BIND_SHARED_PREFS pkg=com.google.android.gms }
09-23 20:39:31.765 15533 15612 W om.shareconnect: Accessing hidden method Landroid/view/ViewConfiguration;->getDoubleTapMinTime()I (unsupported, reflection, allowed)
09-23 20:39:31.771 15533 15533 I ViewInteraction: Performing 'scroll to' action on view view.getId() is <2131230859/com.shareconnect:id/buttonSettings>
09-23 20:39:31.773 15533 15533 I ScrollToAction: View is already displayed. Returning.
09-23 20:39:31.777 15533 15533 I ViewInteraction: Performing 'single click' action on view view.getId() is <2131230859/com.shareconnect:id/buttonSettings>
09-23 20:39:31.975   334   452 D AudioFlinger: mixer(0xb400007c8943e9a0) throttle end: throttle time(36)
09-23 20:39:31.987 15533 15626 D EGL_emulation: app_time_stats: avg=904.12ms min=10.61ms max=5201.02ms count=6
09-23 20:39:31.988 15533 15533 V Console : Activity lifecycle :: PRE-PAUSED :: MainActivity
09-23 20:39:31.989 15533 15533 D Console : Activity lifecycle :: Top activity: MainActivity
09-23 20:39:31.989 15533 15533 D FirebaseSessions: App backgrounded on com.shareconnect
09-23 20:39:31.992 15533 15533 V Console : Activity lifecycle :: PAUSED :: MainActivity
09-23 20:39:31.992 15533 15533 V Console : Foreground activity counter :: AtomicIntWrapper :: 12312792 :: 227589169 :: Decremented to: 0
09-23 20:39:31.992 15533 15533 D LifecycleMonitor: Lifecycle status change: com.shareconnect.MainActivity@889d43e in: PAUSED
09-23 20:39:31.993 15533 15533 V ActivityScenario: Update currentActivityStage to PAUSED, currentActivity=com.shareconnect.MainActivity@889d43e
09-23 20:39:32.012 15533 15533 D LifecycleMonitor: Lifecycle status change: com.shareconnect.SettingsActivity@6d1d9d5 in: PRE_ON_CREATE
09-23 20:39:32.012 15533 15533 V ActivityScenario: Activity lifecycle changed event received but ignored because the intent does not match. startActivityIntent=Intent { act=android.intent.action.MAIN cat=[android.intent.category.LAUNCHER] flg=0x10008000 cmp=com.shareconnect/.MainActivity }, activity.getIntent()=Intent { cmp=com.shareconnect/.SettingsActivity }, activity=com.shareconnect.SettingsActivity@6d1d9d5
09-23 20:39:32.013 15533 15533 D Console : getDefaultTheme() returned: Warm Orange Light (ID: 1, isDefault: true)
09-23 20:39:32.013 15533 15533 D Console : getDefaultTheme() returned: Warm Orange Light (ID: 1, isDefault: true)
09-23 20:39:32.013 15533 15533 D Console : Applying theme: Warm Orange Light, colorScheme: warm_orange, isDarkMode: false, currentTheme: WARM_ORANGE_LIGHT
09-23 20:39:32.013 15533 15533 D Console : Activity SettingsActivity usesToolbar: true
09-23 20:39:32.013 15533 15533 D Console : Setting night mode to NO
09-23 20:39:32.020 15533 15533 D LifecycleMonitor: Lifecycle status change: com.shareconnect.SettingsActivity@6d1d9d5 in: CREATED
09-23 20:39:32.020 15533 15533 V ActivityScenario: Activity lifecycle changed event received but ignored because the intent does not match. startActivityIntent=Intent { act=android.intent.action.MAIN cat=[android.intent.category.LAUNCHER] flg=0x10008000 cmp=com.shareconnect/.MainActivity }, activity.getIntent()=Intent { cmp=com.shareconnect/.SettingsActivity }, activity=com.shareconnect.SettingsActivity@6d1d9d5
09-23 20:39:32.033 15533 15533 D LifecycleMonitor: Lifecycle status change: com.shareconnect.SettingsActivity@6d1d9d5 in: STARTED
09-23 20:39:32.033 15533 15533 V ActivityScenario: Activity lifecycle changed event received but ignored because the intent does not match. startActivityIntent=Intent { act=android.intent.action.MAIN cat=[android.intent.category.LAUNCHER] flg=0x10008000 cmp=com.shareconnect/.MainActivity }, activity.getIntent()=Intent { cmp=com.shareconnect/.SettingsActivity }, activity=com.shareconnect.SettingsActivity@6d1d9d5
09-23 20:39:32.034 15533 15533 D FirebaseSessions: App foregrounded on com.shareconnect
09-23 20:39:32.035 15533 15533 V Console : Activity lifecycle :: RESUMED :: SettingsActivity
09-23 20:39:32.035 15533 15533 V Console : Foreground activity counter :: AtomicIntWrapper :: 12312792 :: 227589169 :: Value of: 0
09-23 20:39:32.036 15533 15533 I Console : Activity lifecycle :: Main state :: Foreground
09-23 20:39:32.036 15533 15533 V Console : Foreground activity counter :: AtomicIntWrapper :: 12312792 :: 227589169 :: Incremented to: 1
09-23 20:39:32.036 15533 15533 D LifecycleMonitor: Lifecycle status change: com.shareconnect.SettingsActivity@6d1d9d5 in: RESUMED
09-23 20:39:32.036 15533 15533 V ActivityScenario: Activity lifecycle changed event received but ignored because the intent does not match. startActivityIntent=Intent { act=android.intent.action.MAIN cat=[android.intent.category.LAUNCHER] flg=0x10008000 cmp=com.shareconnect/.MainActivity }, activity.getIntent()=Intent { cmp=com.shareconnect/.SettingsActivity }, activity=com.shareconnect.SettingsActivity@6d1d9d5
09-23 20:39:32.036 15533 15533 V Console : Activity lifecycle :: POST-RESUMED :: SettingsActivity
09-23 20:39:32.037 15533 15626 W Parcel  : Expecting binder but got null!
09-23 20:39:32.052 15533 15626 E OpenGLRenderer: Unable to match the desired swap behavior.
09-23 20:39:32.067   488   503 I ActivityTaskManager: Displayed com.shareconnect/.SettingsActivity: +212ms
09-23 20:39:32.072 11307 15616 D AdvertisingIdClient: AdvertisingIdClient already created.
09-23 20:39:32.072 11307 15616 I AdvertisingIdClient: shouldSendLog 10569668
09-23 20:39:32.072 11307 15616 I AdvertisingIdClient: GetInfoInternal elapse 1ms
09-23 20:39:32.078   488 13626 W Parcel  : Expecting binder but got null!
09-23 20:39:32.078   488 13626 W Parcel  : Expecting binder but got null!
09-23 20:39:32.175 11811 11811 I GoogleInputMethodService: GoogleInputMethodService.onFinishInput():3227
09-23 20:39:32.175 11811 11811 I GoogleInputMethodService: GoogleInputMethodService.updateDeviceLockedStatus():2087 repeatCheckTimes = 0, unlocked = true
09-23 20:39:32.175 11811 11811 I GoogleInputMethodService: GoogleInputMethodService.onStartInput():1877 onStartInput(EditorInfo{inputType=0x0(NULL) imeOptions=0x0 privateImeOptions=null actionName=UNSPECIFIED actionLabel=null actionId=0 initialSelStart=-1 initialSelEnd=-1 initialCapsMode=0x0 hintText=null label=null packageName=com.shareconnect fieldId=-1 fieldName=null extras=null}, false)
09-23 20:39:32.176 11811 11811 I GoogleInputMethodService: GoogleInputMethodService.shouldHideHeaderOnInitialState():4008 ShouldHideHeaderOnInitialState = false
09-23 20:39:32.176 11811 11811 I GoogleInputMethodService: GoogleInputMethodService.updateDeviceLockedStatus():2087 repeatCheckTimes = 2, unlocked = true
09-23 20:39:32.495 15533 15816 V Console : Foreground activity counter :: AtomicIntWrapper :: 12312792 :: 227589169 :: Value of: 1
09-23 20:39:32.577 15533 15626 D OpenGLRenderer: endAllActiveAnimators on 0xb400007b2944d0e0 (RippleDrawable) with handle 0xb400007a39463630
09-23 20:39:32.582 15533 15533 V Console : Activity lifecycle :: PRE-STOPPED :: MainActivity
09-23 20:39:32.584 15533 15533 V Console : Activity lifecycle :: STOPPED :: MainActivity
09-23 20:39:32.584 15533 15533 D LifecycleMonitor: Lifecycle status change: com.shareconnect.MainActivity@889d43e in: STOPPED
09-23 20:39:32.584 15533 15533 V ActivityScenario: Update currentActivityStage to STOPPED, currentActivity=com.shareconnect.MainActivity@889d43e
09-23 20:39:32.584 15533 15533 V Console : Activity lifecycle :: POST-STOPPED :: MainActivity
09-23 20:39:33.124 15533 15533 V Console : Activity lifecycle :: PRE-PAUSED :: SettingsActivity
09-23 20:39:33.124 15533 15533 D Console : Activity lifecycle :: Top activity: SettingsActivity
09-23 20:39:33.124 15533 15533 D FirebaseSessions: App backgrounded on com.shareconnect
09-23 20:39:33.129 15533 15533 V Console : Activity lifecycle :: PAUSED :: SettingsActivity
09-23 20:39:33.133 15533 15533 V Console : Foreground activity counter :: AtomicIntWrapper :: 12312792 :: 227589169 :: Decremented to: 0
09-23 20:39:33.133 15533 15533 D LifecycleMonitor: Lifecycle status change: com.shareconnect.SettingsActivity@6d1d9d5 in: PAUSED
09-23 20:39:33.133 15533 15533 V ActivityScenario: Activity lifecycle changed event received but ignored because the intent does not match. startActivityIntent=Intent { act=android.intent.action.MAIN cat=[android.intent.category.LAUNCHER] flg=0x10008000 cmp=com.shareconnect/.MainActivity }, activity.getIntent()=Intent { cmp=com.shareconnect/.SettingsActivity }, activity=com.shareconnect.SettingsActivity@6d1d9d5
09-23 20:39:33.159 15533 15626 D EGL_emulation: app_time_stats: avg=84.11ms min=12.29ms max=868.11ms count=13
09-23 20:39:33.159 15533 15533 D LifecycleMonitor: Lifecycle status change: com.shareconnect.MainActivity@889d43e in: RESTARTED
09-23 20:39:33.159 15533 15533 V ActivityScenario: Update currentActivityStage to RESTARTED, currentActivity=com.shareconnect.MainActivity@889d43e
09-23 20:39:33.160 15533 15533 D LifecycleMonitor: Lifecycle status change: com.shareconnect.MainActivity@889d43e in: STARTED
09-23 20:39:33.160 15533 15533 V ActivityScenario: Update currentActivityStage to STARTED, currentActivity=com.shareconnect.MainActivity@889d43e
09-23 20:39:33.161 15533 15533 D FirebaseSessions: App foregrounded on com.shareconnect
09-23 20:39:33.162 15533 15533 V Console : Activity lifecycle :: RESUMED :: MainActivity
09-23 20:39:33.162 15533 15533 V Console : Foreground activity counter :: AtomicIntWrapper :: 12312792 :: 227589169 :: Value of: 0
09-23 20:39:33.162 15533 15533 I Console : Activity lifecycle :: Main state :: Foreground
09-23 20:39:33.162 15533 15533 V Console : Foreground activity counter :: AtomicIntWrapper :: 12312792 :: 227589169 :: Incremented to: 1
09-23 20:39:33.163 15533 15533 D Console : hasThemeChanged() returned: false
09-23 20:39:33.163 15533 15533 D Console : onResume() called, themeChanged: false
09-23 20:39:33.163 15533 15533 D LifecycleMonitor: Lifecycle status change: com.shareconnect.MainActivity@889d43e in: RESUMED
09-23 20:39:33.163 15533 15533 V ActivityScenario: Update currentActivityStage to RESUMED, currentActivity=com.shareconnect.MainActivity@889d43e
09-23 20:39:33.163 15533 15533 V Console : Activity lifecycle :: POST-RESUMED :: MainActivity
09-23 20:39:33.178 15533 15626 E OpenGLRenderer: Unable to match the desired swap behavior.
09-23 20:39:33.194   488 13626 W Parcel  : Expecting binder but got null!
09-23 20:39:33.196 11811 11811 I GoogleInputMethodService: GoogleInputMethodService.onFinishInput():3227
09-23 20:39:33.197 11811 11811 I GoogleInputMethodService: GoogleInputMethodService.updateDeviceLockedStatus():2087 repeatCheckTimes = 0, unlocked = true
09-23 20:39:33.197 11811 11811 I GoogleInputMethodService: GoogleInputMethodService.onStartInput():1877 onStartInput(EditorInfo{inputType=0x0(NULL) imeOptions=0x0 privateImeOptions=null actionName=UNSPECIFIED actionLabel=null actionId=0 initialSelStart=-1 initialSelEnd=-1 initialCapsMode=0x0 hintText=null label=null packageName=com.shareconnect fieldId=-1 fieldName=null extras=null}, false)
09-23 20:39:33.197 11811 11811 I GoogleInputMethodService: GoogleInputMethodService.shouldHideHeaderOnInitialState():4008 ShouldHideHeaderOnInitialState = false
09-23 20:39:33.197 11811 11811 I GoogleInputMethodService: GoogleInputMethodService.updateDeviceLockedStatus():2087 repeatCheckTimes = 2, unlocked = true
09-23 20:39:33.199   488 13626 W Parcel  : Expecting binder but got null!
09-23 20:39:33.638 15533 15825 V Console : Foreground activity counter :: AtomicIntWrapper :: 12312792 :: 227589169 :: Value of: 1
09-23 20:39:33.676 15533 15533 V Console : Activity lifecycle :: PRE-STOPPED :: SettingsActivity
09-23 20:39:33.681 15533 15533 V Console : Activity lifecycle :: STOPPED :: SettingsActivity
09-23 20:39:33.682 15533 15533 D LifecycleMonitor: Lifecycle status change: com.shareconnect.SettingsActivity@6d1d9d5 in: STOPPED
09-23 20:39:33.682 15533 15533 V ActivityScenario: Activity lifecycle changed event received but ignored because the intent does not match. startActivityIntent=Intent { act=android.intent.action.MAIN cat=[android.intent.category.LAUNCHER] flg=0x10008000 cmp=com.shareconnect/.MainActivity }, activity.getIntent()=Intent { cmp=com.shareconnect/.SettingsActivity }, activity=com.shareconnect.SettingsActivity@6d1d9d5
09-23 20:39:33.683 15533 15533 V Console : Activity lifecycle :: POST-STOPPED :: SettingsActivity
09-23 20:39:33.684 15533 15533 V Console : Activity lifecycle :: PRE-DESTROYED :: SettingsActivity
09-23 20:39:33.684 15533 15533 V Console : Activity lifecycle :: DESTROYED :: SettingsActivity
09-23 20:39:33.691 15533 15533 D LifecycleMonitor: Lifecycle status change: com.shareconnect.SettingsActivity@6d1d9d5 in: DESTROYED
09-23 20:39:33.691 15533 15533 V ActivityScenario: Activity lifecycle changed event received but ignored because the intent does not match. startActivityIntent=Intent { act=android.intent.action.MAIN cat=[android.intent.category.LAUNCHER] flg=0x10008000 cmp=com.shareconnect/.MainActivity }, activity.getIntent()=Intent { cmp=com.shareconnect/.SettingsActivity }, activity=com.shareconnect.SettingsActivity@6d1d9d5
09-23 20:39:33.695   488  1911 W InputManager-JNI: Input channel object 'd00a438 com.shareconnect/com.shareconnect.SettingsActivity (client)' was disposed without first being removed with the input manager!
09-23 20:39:33.698 15533 15533 I ViewInteraction: Performing 'scroll to' action on view view.getId() is <2131230851/com.shareconnect:id/buttonHistory>
09-23 20:39:33.699 15533 15533 I ScrollToAction: View is already displayed. Returning.
09-23 20:39:33.700 15533 15533 I ViewInteraction: Performing 'single click' action on view view.getId() is <2131230851/com.shareconnect:id/buttonHistory>
09-23 20:39:33.775 15533 15533 V Console : Activity lifecycle :: PRE-PAUSED :: MainActivity
09-23 20:39:33.775 15533 15533 D Console : Activity lifecycle :: Top activity: MainActivity
09-23 20:39:33.776 15533 15533 D FirebaseSessions: App backgrounded on com.shareconnect
09-23 20:39:33.778 15533 15533 V Console : Activity lifecycle :: PAUSED :: MainActivity
09-23 20:39:33.778 15533 15533 V Console : Foreground activity counter :: AtomicIntWrapper :: 12312792 :: 227589169 :: Decremented to: 0
09-23 20:39:33.778   334   452 D AudioFlinger: mixer(0xb400007c8943e9a0) throttle end: throttle time(36)
09-23 20:39:33.778 15533 15533 D LifecycleMonitor: Lifecycle status change: com.shareconnect.MainActivity@889d43e in: PAUSED
09-23 20:39:33.778 15533 15533 V ActivityScenario: Update currentActivityStage to PAUSED, currentActivity=com.shareconnect.MainActivity@889d43e
09-23 20:39:33.786 15533 15533 D LifecycleMonitor: Lifecycle status change: com.shareconnect.HistoryActivity@1029b83 in: PRE_ON_CREATE
09-23 20:39:33.786 15533 15533 V ActivityScenario: Activity lifecycle changed event received but ignored because the intent does not match. startActivityIntent=Intent { act=android.intent.action.MAIN cat=[android.intent.category.LAUNCHER] flg=0x10008000 cmp=com.shareconnect/.MainActivity }, activity.getIntent()=Intent { cmp=com.shareconnect/.HistoryActivity }, activity=com.shareconnect.HistoryActivity@1029b83
09-23 20:39:33.788 15533 15533 D Console : getDefaultTheme() returned: Warm Orange Light (ID: 1, isDefault: true)
09-23 20:39:33.788 15533 15533 D Console : getDefaultTheme() returned: Warm Orange Light (ID: 1, isDefault: true)
09-23 20:39:33.789 15533 15533 D Console : Applying theme: Warm Orange Light, colorScheme: warm_orange, isDarkMode: false, currentTheme: WARM_ORANGE_LIGHT
09-23 20:39:33.789 15533 15533 D Console : Activity HistoryActivity usesToolbar: true
09-23 20:39:33.789 15533 15533 D Console : Setting night mode to NO
09-23 20:39:33.831 15533 15533 D LifecycleMonitor: Lifecycle status change: com.shareconnect.HistoryActivity@1029b83 in: CREATED
09-23 20:39:33.831 15533 15533 V ActivityScenario: Activity lifecycle changed event received but ignored because the intent does not match. startActivityIntent=Intent { act=android.intent.action.MAIN cat=[android.intent.category.LAUNCHER] flg=0x10008000 cmp=com.shareconnect/.MainActivity }, activity.getIntent()=Intent { cmp=com.shareconnect/.HistoryActivity }, activity=com.shareconnect.HistoryActivity@1029b83
09-23 20:39:33.832 15533 15533 D LifecycleMonitor: Lifecycle status change: com.shareconnect.HistoryActivity@1029b83 in: STARTED
09-23 20:39:33.832 15533 15533 V ActivityScenario: Activity lifecycle changed event received but ignored because the intent does not match. startActivityIntent=Intent { act=android.intent.action.MAIN cat=[android.intent.category.LAUNCHER] flg=0x10008000 cmp=com.shareconnect/.MainActivity }, activity.getIntent()=Intent { cmp=com.shareconnect/.HistoryActivity }, activity=com.shareconnect.HistoryActivity@1029b83
09-23 20:39:33.833 15533 15533 D FirebaseSessions: App foregrounded on com.shareconnect
09-23 20:39:33.835 15533 15533 V Console : Activity lifecycle :: RESUMED :: HistoryActivity
09-23 20:39:33.835 15533 15533 V Console : Foreground activity counter :: AtomicIntWrapper :: 12312792 :: 227589169 :: Value of: 0
09-23 20:39:33.835 15533 15533 I Console : Activity lifecycle :: Main state :: Foreground
09-23 20:39:33.835 15533 15533 V Console : Foreground activity counter :: AtomicIntWrapper :: 12312792 :: 227589169 :: Incremented to: 1
09-23 20:39:33.836 15533 15533 D Console : hasThemeChanged() returned: false
09-23 20:39:33.836 15533 15533 D LifecycleMonitor: Lifecycle status change: com.shareconnect.HistoryActivity@1029b83 in: RESUMED
09-23 20:39:33.836 15533 15533 V ActivityScenario: Activity lifecycle changed event received but ignored because the intent does not match. startActivityIntent=Intent { act=android.intent.action.MAIN cat=[android.intent.category.LAUNCHER] flg=0x10008000 cmp=com.shareconnect/.MainActivity }, activity.getIntent()=Intent { cmp=com.shareconnect/.HistoryActivity }, activity=com.shareconnect.HistoryActivity@1029b83
09-23 20:39:33.837 15533 15533 V Console : Activity lifecycle :: POST-RESUMED :: HistoryActivity
09-23 20:39:33.838 15533 15626 W Parcel  : Expecting binder but got null!
09-23 20:39:33.855 15533 15626 E OpenGLRenderer: Unable to match the desired swap behavior.
09-23 20:39:33.873   488   503 I ActivityTaskManager: Displayed com.shareconnect/.HistoryActivity: +111ms
09-23 20:39:33.894   488 13626 W Parcel  : Expecting binder but got null!
09-23 20:39:33.899   488 13626 W Parcel  : Expecting binder but got null!
09-23 20:39:33.980 11811 11811 I GoogleInputMethodService: GoogleInputMethodService.onFinishInput():3227
09-23 20:39:33.980 11811 11811 I GoogleInputMethodService: GoogleInputMethodService.updateDeviceLockedStatus():2087 repeatCheckTimes = 0, unlocked = true
09-23 20:39:33.980 11811 11811 I GoogleInputMethodService: GoogleInputMethodService.onStartInput():1877 onStartInput(EditorInfo{inputType=0x0(NULL) imeOptions=0x0 privateImeOptions=null actionName=UNSPECIFIED actionLabel=null actionId=0 initialSelStart=-1 initialSelEnd=-1 initialCapsMode=0x0 hintText=null label=null packageName=com.shareconnect fieldId=-1 fieldName=null extras=null}, false)
09-23 20:39:33.980 11811 11811 I GoogleInputMethodService: GoogleInputMethodService.shouldHideHeaderOnInitialState():4008 ShouldHideHeaderOnInitialState = false
09-23 20:39:33.981 11811 11811 I GoogleInputMethodService: GoogleInputMethodService.updateDeviceLockedStatus():2087 repeatCheckTimes = 2, unlocked = true
09-23 20:39:34.210 15533 15626 D EGL_emulation: app_time_stats: avg=30.17ms min=12.39ms max=456.60ms count=34
09-23 20:39:34.279 15533 15830 V Console : Foreground activity counter :: AtomicIntWrapper :: 12312792 :: 227589169 :: Value of: 1
09-23 20:39:34.375 15533 15626 D OpenGLRenderer: endAllActiveAnimators on 0xb400007b29462610 (RippleDrawable) with handle 0xb400007a394a7550
09-23 20:39:34.379 15533 15533 V Console : Activity lifecycle :: PRE-STOPPED :: MainActivity
09-23 20:39:34.380 15533 15533 V Console : Activity lifecycle :: STOPPED :: MainActivity
09-23 20:39:34.381 15533 15533 D LifecycleMonitor: Lifecycle status change: com.shareconnect.MainActivity@889d43e in: STOPPED
09-23 20:39:34.381 15533 15533 V ActivityScenario: Update currentActivityStage to STOPPED, currentActivity=com.shareconnect.MainActivity@889d43e
09-23 20:39:34.381 15533 15533 V Console : Activity lifecycle :: POST-STOPPED :: MainActivity
09-23 20:39:34.919 15533 15533 V Console : Activity lifecycle :: PRE-PAUSED :: HistoryActivity
09-23 20:39:34.919 15533 15533 D Console : Activity lifecycle :: Top activity: HistoryActivity
09-23 20:39:34.919 15533 15533 D FirebaseSessions: App backgrounded on com.shareconnect
09-23 20:39:34.924 15533 15533 V Console : Activity lifecycle :: PAUSED :: HistoryActivity
09-23 20:39:34.925 15533 15533 V Console : Foreground activity counter :: AtomicIntWrapper :: 12312792 :: 227589169 :: Decremented to: 0
09-23 20:39:34.925 15533 15533 D LifecycleMonitor: Lifecycle status change: com.shareconnect.HistoryActivity@1029b83 in: PAUSED
09-23 20:39:34.925 15533 15533 V ActivityScenario: Activity lifecycle changed event received but ignored because the intent does not match. startActivityIntent=Intent { act=android.intent.action.MAIN cat=[android.intent.category.LAUNCHER] flg=0x10008000 cmp=com.shareconnect/.MainActivity }, activity.getIntent()=Intent { cmp=com.shareconnect/.HistoryActivity }, activity=com.shareconnect.HistoryActivity@1029b83
09-23 20:39:34.929 15533 15533 D LifecycleMonitor: Lifecycle status change: com.shareconnect.MainActivity@889d43e in: RESTARTED
09-23 20:39:34.930 15533 15533 V ActivityScenario: Update currentActivityStage to RESTARTED, currentActivity=com.shareconnect.MainActivity@889d43e
09-23 20:39:34.930 15533 15533 D LifecycleMonitor: Lifecycle status change: com.shareconnect.MainActivity@889d43e in: STARTED
09-23 20:39:34.931 15533 15533 V ActivityScenario: Update currentActivityStage to STARTED, currentActivity=com.shareconnect.MainActivity@889d43e
09-23 20:39:34.932 15533 15533 D FirebaseSessions: App foregrounded on com.shareconnect
09-23 20:39:34.933 15533 15533 V Console : Activity lifecycle :: RESUMED :: MainActivity
09-23 20:39:34.934 15533 15533 V Console : Foreground activity counter :: AtomicIntWrapper :: 12312792 :: 227589169 :: Value of: 0
09-23 20:39:34.934 15533 15533 I Console : Activity lifecycle :: Main state :: Foreground
09-23 20:39:34.934 15533 15533 V Console : Foreground activity counter :: AtomicIntWrapper :: 12312792 :: 227589169 :: Incremented to: 1
09-23 20:39:34.934 15533 15533 D Console : hasThemeChanged() returned: false
09-23 20:39:34.934 15533 15533 D Console : onResume() called, themeChanged: false
09-23 20:39:34.935 15533 15533 D LifecycleMonitor: Lifecycle status change: com.shareconnect.MainActivity@889d43e in: RESUMED
09-23 20:39:34.935 15533 15533 V ActivityScenario: Update currentActivityStage to RESUMED, currentActivity=com.shareconnect.MainActivity@889d43e
09-23 20:39:34.936 15533 15533 V Console : Activity lifecycle :: POST-RESUMED :: MainActivity
09-23 20:39:34.943   998  1019 W System  : A resource failed to call release.
09-23 20:39:34.943   998  1019 W System  : A resource failed to call release.
09-23 20:39:34.943   998  1019 W System  : A resource failed to call release.
09-23 20:39:34.943   998  1019 W System  : A resource failed to call release.
09-23 20:39:34.943   998  1019 W System  : A resource failed to call release.
09-23 20:39:34.943   998  1019 W System  : A resource failed to call release.
09-23 20:39:34.948 15533 15626 E OpenGLRenderer: Unable to match the desired swap behavior.
09-23 20:39:34.976 15533 15626 D EGL_emulation: app_time_stats: avg=79.09ms min=10.54ms max=885.58ms count=14
09-23 20:39:34.980   488 13626 W Parcel  : Expecting binder but got null!
09-23 20:39:34.980   488 13626 W Parcel  : Expecting binder but got null!
09-23 20:39:34.992 11811 11811 I GoogleInputMethodService: GoogleInputMethodService.onFinishInput():3227
09-23 20:39:34.992 11811 11811 I GoogleInputMethodService: GoogleInputMethodService.updateDeviceLockedStatus():2087 repeatCheckTimes = 0, unlocked = true
09-23 20:39:34.992 11811 11811 I GoogleInputMethodService: GoogleInputMethodService.onStartInput():1877 onStartInput(EditorInfo{inputType=0x0(NULL) imeOptions=0x0 privateImeOptions=null actionName=UNSPECIFIED actionLabel=null actionId=0 initialSelStart=-1 initialSelEnd=-1 initialCapsMode=0x0 hintText=null label=null packageName=com.shareconnect fieldId=-1 fieldName=null extras=null}, false)
09-23 20:39:34.992 11811 11811 I GoogleInputMethodService: GoogleInputMethodService.shouldHideHeaderOnInitialState():4008 ShouldHideHeaderOnInitialState = false
09-23 20:39:34.992 11811 11811 I GoogleInputMethodService: GoogleInputMethodService.updateDeviceLockedStatus():2087 repeatCheckTimes = 2, unlocked = true
09-23 20:39:35.028 15533 15533 I ViewInteraction: Performing 'scroll to' action on view view.getId() is <2131230859/com.shareconnect:id/buttonSettings>
09-23 20:39:35.029 15533 15533 I ScrollToAction: View is already displayed. Returning.
09-23 20:39:35.030 15533 15533 I ViewInteraction: Checking 'MatchesViewAssertion{viewMatcher=(view has effective visibility <VISIBLE> and view.getGlobalVisibleRect() to return non-empty rectangle)}' assertion on view view.getId() is <2131230859/com.shareconnect:id/buttonSettings>
09-23 20:39:35.030 15533 15533 I ViewInteraction: Performing 'scroll to' action on view view.getId() is <2131230859/com.shareconnect:id/buttonSettings>
09-23 20:39:35.031 15533 15533 I ScrollToAction: View is already displayed. Returning.
09-23 20:39:35.031 15533 15533 I ViewInteraction: Performing 'single click' action on view view.getId() is <2131230859/com.shareconnect:id/buttonSettings>
09-23 20:39:35.091 15533 15533 V Console : Activity lifecycle :: PRE-PAUSED :: MainActivity
09-23 20:39:35.091 15533 15533 D Console : Activity lifecycle :: Top activity: MainActivity
09-23 20:39:35.091 15533 15533 D FirebaseSessions: App backgrounded on com.shareconnect
09-23 20:39:35.092 15533 15533 V Console : Activity lifecycle :: PAUSED :: MainActivity
09-23 20:39:35.092 15533 15533 V Console : Foreground activity counter :: AtomicIntWrapper :: 12312792 :: 227589169 :: Decremented to: 0
09-23 20:39:35.093 15533 15533 D LifecycleMonitor: Lifecycle status change: com.shareconnect.MainActivity@889d43e in: PAUSED
09-23 20:39:35.093 15533 15533 V ActivityScenario: Update currentActivityStage to PAUSED, currentActivity=com.shareconnect.MainActivity@889d43e
09-23 20:39:35.096 15533 15533 D LifecycleMonitor: Lifecycle status change: com.shareconnect.SettingsActivity@ccb94eb in: PRE_ON_CREATE
09-23 20:39:35.096 15533 15533 V ActivityScenario: Activity lifecycle changed event received but ignored because the intent does not match. startActivityIntent=Intent { act=android.intent.action.MAIN cat=[android.intent.category.LAUNCHER] flg=0x10008000 cmp=com.shareconnect/.MainActivity }, activity.getIntent()=Intent { cmp=com.shareconnect/.SettingsActivity }, activity=com.shareconnect.SettingsActivity@ccb94eb
09-23 20:39:35.096 15533 15533 D Console : getDefaultTheme() returned: Warm Orange Light (ID: 1, isDefault: true)
09-23 20:39:35.096 15533 15533 D Console : getDefaultTheme() returned: Warm Orange Light (ID: 1, isDefault: true)
09-23 20:39:35.096 15533 15533 D Console : Applying theme: Warm Orange Light, colorScheme: warm_orange, isDarkMode: false, currentTheme: WARM_ORANGE_LIGHT
09-23 20:39:35.096 15533 15533 D Console : Activity SettingsActivity usesToolbar: true
09-23 20:39:35.097 15533 15533 D Console : Setting night mode to NO
09-23 20:39:35.099 15533 15533 D LifecycleMonitor: Lifecycle status change: com.shareconnect.SettingsActivity@ccb94eb in: CREATED
09-23 20:39:35.099 15533 15533 V ActivityScenario: Activity lifecycle changed event received but ignored because the intent does not match. startActivityIntent=Intent { act=android.intent.action.MAIN cat=[android.intent.category.LAUNCHER] flg=0x10008000 cmp=com.shareconnect/.MainActivity }, activity.getIntent()=Intent { cmp=com.shareconnect/.SettingsActivity }, activity=com.shareconnect.SettingsActivity@ccb94eb
09-23 20:39:35.102 15533 15533 D LifecycleMonitor: Lifecycle status change: com.shareconnect.SettingsActivity@ccb94eb in: STARTED
09-23 20:39:35.102 15533 15533 V ActivityScenario: Activity lifecycle changed event received but ignored because the intent does not match. startActivityIntent=Intent { act=android.intent.action.MAIN cat=[android.intent.category.LAUNCHER] flg=0x10008000 cmp=com.shareconnect/.MainActivity }, activity.getIntent()=Intent { cmp=com.shareconnect/.SettingsActivity }, activity=com.shareconnect.SettingsActivity@ccb94eb
09-23 20:39:35.102 15533 15533 D FirebaseSessions: App foregrounded on com.shareconnect
09-23 20:39:35.104 15533 15533 V Console : Activity lifecycle :: RESUMED :: SettingsActivity
09-23 20:39:35.104 15533 15533 V Console : Foreground activity counter :: AtomicIntWrapper :: 12312792 :: 227589169 :: Value of: 0
09-23 20:39:35.104 15533 15533 I Console : Activity lifecycle :: Main state :: Foreground
09-23 20:39:35.104 15533 15533 V Console : Foreground activity counter :: AtomicIntWrapper :: 12312792 :: 227589169 :: Incremented to: 1
09-23 20:39:35.104 15533 15533 D LifecycleMonitor: Lifecycle status change: com.shareconnect.SettingsActivity@ccb94eb in: RESUMED
09-23 20:39:35.105 15533 15533 V ActivityScenario: Activity lifecycle changed event received but ignored because the intent does not match. startActivityIntent=Intent { act=android.intent.action.MAIN cat=[android.intent.category.LAUNCHER] flg=0x10008000 cmp=com.shareconnect/.MainActivity }, activity.getIntent()=Intent { cmp=com.shareconnect/.SettingsActivity }, activity=com.shareconnect.SettingsActivity@ccb94eb
09-23 20:39:35.105 15533 15533 V Console : Activity lifecycle :: POST-RESUMED :: SettingsActivity
09-23 20:39:35.107 15533 15626 W Parcel  : Expecting binder but got null!
09-23 20:39:35.117 15533 15626 E OpenGLRenderer: Unable to match the desired swap behavior.
09-23 20:39:35.131   488   503 I ActivityTaskManager: Displayed com.shareconnect/.SettingsActivity: +51ms
09-23 20:39:35.144   488 13626 W Parcel  : Expecting binder but got null!
09-23 20:39:35.149   488 13626 W Parcel  : Expecting binder but got null!
09-23 20:39:35.225 11811 11811 I GoogleInputMethodService: GoogleInputMethodService.onFinishInput():3227
09-23 20:39:35.226 11811 11811 I GoogleInputMethodService: GoogleInputMethodService.updateDeviceLockedStatus():2087 repeatCheckTimes = 0, unlocked = true
09-23 20:39:35.226 11811 11811 I GoogleInputMethodService: GoogleInputMethodService.onStartInput():1877 onStartInput(EditorInfo{inputType=0x0(NULL) imeOptions=0x0 privateImeOptions=null actionName=UNSPECIFIED actionLabel=null actionId=0 initialSelStart=-1 initialSelEnd=-1 initialCapsMode=0x0 hintText=null label=null packageName=com.shareconnect fieldId=2131231190 fieldName=null extras=null}, false)
09-23 20:39:35.226 11811 11811 I GoogleInputMethodService: GoogleInputMethodService.shouldHideHeaderOnInitialState():4008 ShouldHideHeaderOnInitialState = false
09-23 20:39:35.226 11811 11811 I GoogleInputMethodService: GoogleInputMethodService.updateDeviceLockedStatus():2087 repeatCheckTimes = 2, unlocked = true
09-23 20:39:35.426 15533 15837 V Console : Foreground activity counter :: AtomicIntWrapper :: 12312792 :: 227589169 :: Value of: 1
09-23 20:39:35.594 15533 15842 V Console : Foreground activity counter :: AtomicIntWrapper :: 12312792 :: 227589169 :: Value of: 1
09-23 20:39:35.632 15533 15533 V Console : Activity lifecycle :: PRE-STOPPED :: MainActivity
09-23 20:39:35.634 15533 15533 V Console : Activity lifecycle :: STOPPED :: MainActivity
09-23 20:39:35.634 15533 15533 D LifecycleMonitor: Lifecycle status change: com.shareconnect.MainActivity@889d43e in: STOPPED
09-23 20:39:35.634 15533 15533 V ActivityScenario: Update currentActivityStage to STOPPED, currentActivity=com.shareconnect.MainActivity@889d43e
09-23 20:39:35.634 15533 15533 V Console : Activity lifecycle :: POST-STOPPED :: MainActivity
09-23 20:39:35.636 15533 15533 V Console : Activity lifecycle :: PRE-STOPPED :: HistoryActivity
09-23 20:39:35.637 15533 15533 V Console : Activity lifecycle :: STOPPED :: HistoryActivity
09-23 20:39:35.637 15533 15533 D LifecycleMonitor: Lifecycle status change: com.shareconnect.HistoryActivity@1029b83 in: STOPPED
09-23 20:39:35.637 15533 15533 V ActivityScenario: Activity lifecycle changed event received but ignored because the intent does not match. startActivityIntent=Intent { act=android.intent.action.MAIN cat=[android.intent.category.LAUNCHER] flg=0x10008000 cmp=com.shareconnect/.MainActivity }, activity.getIntent()=Intent { cmp=com.shareconnect/.HistoryActivity }, activity=com.shareconnect.HistoryActivity@1029b83
09-23 20:39:35.637 15533 15533 V Console : Activity lifecycle :: POST-STOPPED :: HistoryActivity
09-23 20:39:35.637 15533 15533 V Console : Activity lifecycle :: PRE-DESTROYED :: HistoryActivity
09-23 20:39:35.638 15533 15533 V Console : Activity lifecycle :: DESTROYED :: HistoryActivity
09-23 20:39:35.638 15533 15533 D LifecycleMonitor: Lifecycle status change: com.shareconnect.HistoryActivity@1029b83 in: DESTROYED
09-23 20:39:35.638 15533 15533 V ActivityScenario: Activity lifecycle changed event received but ignored because the intent does not match. startActivityIntent=Intent { act=android.intent.action.MAIN cat=[android.intent.category.LAUNCHER] flg=0x10008000 cmp=com.shareconnect/.MainActivity }, activity.getIntent()=Intent { cmp=com.shareconnect/.HistoryActivity }, activity=com.shareconnect.HistoryActivity@1029b83
09-23 20:39:35.645   488  1182 W InputManager-JNI: Input channel object 'f4c3555 com.shareconnect/com.shareconnect.HistoryActivity (client)' was disposed without first being removed with the input manager!
09-23 20:39:35.647 15533 15626 D OpenGLRenderer: endAllActiveAnimators on 0xb400007b2944d0e0 (RippleDrawable) with handle 0xb400007a3946cc30
09-23 20:39:36.172 15533 15533 V Console : Activity lifecycle :: PRE-PAUSED :: SettingsActivity
09-23 20:39:36.172 15533 15533 D Console : Activity lifecycle :: Top activity: SettingsActivity
09-23 20:39:36.172 15533 15533 D FirebaseSessions: App backgrounded on com.shareconnect
09-23 20:39:36.180 15533 15533 V Console : Activity lifecycle :: PAUSED :: SettingsActivity
09-23 20:39:36.182 15533 15533 V Console : Foreground activity counter :: AtomicIntWrapper :: 12312792 :: 227589169 :: Decremented to: 0
09-23 20:39:36.184 15533 15533 D LifecycleMonitor: Lifecycle status change: com.shareconnect.SettingsActivity@ccb94eb in: PAUSED
09-23 20:39:36.184 15533 15533 V ActivityScenario: Activity lifecycle changed event received but ignored because the intent does not match. startActivityIntent=Intent { act=android.intent.action.MAIN cat=[android.intent.category.LAUNCHER] flg=0x10008000 cmp=com.shareconnect/.MainActivity }, activity.getIntent()=Intent { cmp=com.shareconnect/.SettingsActivity }, activity=com.shareconnect.SettingsActivity@ccb94eb
09-23 20:39:36.188 15533 15533 D LifecycleMonitor: Lifecycle status change: com.shareconnect.MainActivity@889d43e in: RESTARTED
09-23 20:39:36.188 15533 15533 V ActivityScenario: Update currentActivityStage to RESTARTED, currentActivity=com.shareconnect.MainActivity@889d43e
