09-23 20:38:32.884 15533 15612 I TestRunner: started: testAccessibilityLabels(com.shareconnect.automation.AccessibilityAutomationTest)
09-23 20:38:32.921 15533 15612 W Settings: Setting always_finish_activities has moved from android.provider.Settings.System to android.provider.Settings.Global, returning read-only value.
09-23 20:38:33.113 15533 15627 D libEGL  : loaded /vendor/lib64/egl/libEGL_emulation.so
09-23 20:38:33.152 15533 15627 D libEGL  : loaded /vendor/lib64/egl/libGLESv1_CM_emulation.so
09-23 20:38:33.152   779   868 W Parcel  : Expecting binder but got null!
09-23 20:38:33.179   998  1661 D EGL_emulation: app_time_stats: avg=3693.97ms min=3693.97ms max=3693.97ms count=1
09-23 20:38:33.202 15533 15627 D libEGL  : loaded /vendor/lib64/egl/libGLESv2_emulation.so
09-23 20:38:33.238   779   868 E OpenGLRenderer: Unable to match the desired swap behavior.
09-23 20:38:33.263  1581  1581 I GsaVoiceInteractionSrv: Handling ACTION_STOP_HOTWORD
09-23 20:38:33.345 15533 15533 D AppCompatDelegate: Checking for metadata for AppLocalesMetadataHolderService : Service not found
09-23 20:38:33.352   488  4083 W Binder  : Caught a RuntimeException from the binder stub implementation.
09-23 20:38:33.352   488  4083 W Binder  : java.lang.ArrayIndexOutOfBoundsException: Array index out of range: 0
09-23 20:38:33.352   488  4083 W Binder  : 	at android.util.ArraySet.valueAt(ArraySet.java:422)
09-23 20:38:33.352   488  4083 W Binder  : 	at com.android.server.contentcapture.ContentCapturePerUserService$ContentCaptureServiceRemoteCallback.updateContentCaptureOptions(ContentCapturePerUserService.java:733)
09-23 20:38:33.352   488  4083 W Binder  : 	at com.android.server.contentcapture.ContentCapturePerUserService$ContentCaptureServiceRemoteCallback.setContentCaptureWhitelist(ContentCapturePerUserService.java:646)
09-23 20:38:33.352   488  4083 W Binder  : 	at android.service.contentcapture.IContentCaptureServiceCallback$Stub.onTransact(IContentCaptureServiceCallback.java:115)
09-23 20:38:33.352   488  4083 W Binder  : 	at android.os.Binder.execTransactInternal(Binder.java:1285)
09-23 20:38:33.352   488  4083 W Binder  : 	at android.os.Binder.execTransact(Binder.java:1244)
09-23 20:38:33.393  1581  2233 I HwDetectorWithState: (REDACTED) a: %d
09-23 20:38:33.439 15533 15533 D LifecycleMonitor: Lifecycle status change: com.shareconnect.MainActivity@aef6c29 in: PRE_ON_CREATE
09-23 20:38:33.445 15533 15533 V ActivityScenario: Activity lifecycle changed event received but ignored because the reported transition was not ON_CREATE while the last known transition was PRE_ON_CREATE
09-23 20:38:33.521 15533 15592 W AnalyticsUserIDStore: initStore should have been called before calling setUserID
09-23 20:38:33.547 15533 15533 D Console : initializeDefaultThemes() called
09-23 20:38:33.592 11307 12188 D TrafficStats: tagSocket(89) with statsTag=0x4003300, statsUid=10212
09-23 20:38:33.639 15533 15533 D Console : No existing themes found, creating default themes
09-23 20:38:33.698   779   868 D EGL_emulation: app_time_stats: avg=23088.69ms min=17.16ms max=230330.70ms count=10
09-23 20:38:33.754 15533 15595 W om.shareconnect: Accessing hidden method Landroid/adservices/measurement/MeasurementManager;->get(Landroid/content/Context;)Landroid/adservices/measurement/MeasurementManager; (blocked, linking, denied)
09-23 20:38:33.794 15533 15557 D FirebaseSessions: Fetching settings from server.
09-23 20:38:33.824 15533 15533 D Console : Default themes created
09-23 20:38:33.828 15533 15533 D Console : getDefaultTheme() returned: Warm Orange Light (ID: 1, isDefault: true)
09-23 20:38:33.828 15533 15533 D Console : getDefaultTheme() returned: Warm Orange Light (ID: 1, isDefault: true)
09-23 20:38:33.828 15533 15533 D Console : Applying theme: Warm Orange Light, colorScheme: warm_orange, isDarkMode: false, currentTheme: WARM_ORANGE_LIGHT
09-23 20:38:33.829 15533 15533 D Console : Activity MainActivity usesToolbar: true
09-23 20:38:33.830 15533 15533 D Console : Setting night mode to NO
09-23 20:38:33.948 15533 15533 W om.shareconnect: Accessing hidden method Landroid/view/ViewGroup;->makeOptionalFitsSystemWindows()V (unsupported, reflection, allowed)
09-23 20:38:33.987 15533 15533 D CompatibilityChangeReporter: Compat change id reported: 210923482; UID 10212; state: ENABLED
09-23 20:38:34.079 15533 15533 D CompatibilityChangeReporter: Compat change id reported: 171228096; UID 10212; state: ENABLED
09-23 20:38:34.183 15533 15533 D LifecycleMonitor: Lifecycle status change: com.shareconnect.MainActivity@aef6c29 in: CREATED
09-23 20:38:34.183 15533 15533 V ActivityScenario: Update currentActivityStage to CREATED, currentActivity=com.shareconnect.MainActivity@aef6c29
09-23 20:38:34.186 15533 15533 D LifecycleMonitor: Lifecycle status change: com.shareconnect.MainActivity@aef6c29 in: STARTED
09-23 20:38:34.186 15533 15533 V ActivityScenario: Update currentActivityStage to STARTED, currentActivity=com.shareconnect.MainActivity@aef6c29
09-23 20:38:34.193 15533 15533 D FirebaseSessions: App foregrounded on com.shareconnect
09-23 20:38:34.194 15533 15533 D FirebaseSessions: Session 693dc979f3984ceb9620a7e633c9756b has not backgrounded yet
09-23 20:38:34.194 15533 15533 D FirebaseSessions: No process data for com.shareconnect
09-23 20:38:34.198 15533 15558 D FirebaseSessions: Session 7d6a4b15fba64981a8f7f6c08d2437c4 has not backgrounded yet
09-23 20:38:34.198 15533 15558 D FirebaseSessions: No process data map
09-23 20:38:34.198 15533 15558 D FirebaseSessions: No process data for com.shareconnect
09-23 20:38:34.232 15533 15533 V Console : Activity lifecycle :: RESUMED :: MainActivity
09-23 20:38:34.234 15533 15533 V Console : Foreground activity counter :: AtomicIntWrapper :: 12312792 :: 227589169 :: Value of: 0
09-23 20:38:34.235 15533 15533 I Console : Activity lifecycle :: Main state :: Foreground
09-23 20:38:34.235 15533 15533 V Console : Foreground activity counter :: AtomicIntWrapper :: 12312792 :: 227589169 :: Incremented to: 1
09-23 20:38:34.236 15533 15533 D Console : hasThemeChanged() returned: false
09-23 20:38:34.236 15533 15533 D Console : onResume() called, themeChanged: false
09-23 20:38:34.236 15533 15533 D LifecycleMonitor: Lifecycle status change: com.shareconnect.MainActivity@aef6c29 in: RESUMED
09-23 20:38:34.236 15533 15533 V ActivityScenario: Update currentActivityStage to RESUMED, currentActivity=com.shareconnect.MainActivity@aef6c29
09-23 20:38:34.238 15533 15533 V Console : Activity lifecycle :: POST-RESUMED :: MainActivity
09-23 20:38:34.265 15533 15533 D CompatibilityChangeReporter: Compat change id reported: 237531167; UID 10212; state: DISABLED
09-23 20:38:34.267 15533 15559 D FirebaseSessions: Notified CRASHLYTICS of new session ef0393c1a43543b1a5805fadb0ab2a9f
09-23 20:38:34.272 15533 15553 D FirebaseSessions: Fetched settings: {"settings_version":3,"cache_duration":172462,"features":{"collect_logged_exceptions":true,"collect_reports":true,"collect_analytics":false,"prompt_enabled":false,"push_enabled":false,"firebase_crashlytics_enabled":false,"collect_anrs":true,"collect_metric_kit":false,"collect_build_ids":true},"app":{"status":"activated","update_required":false,"report_upload_variant":2,"native_report_upload_variant":2},"fabric":{"org_id":"68d289c4086b6002f8cb956f","bundle_id":"com.shareconnect"},"on_demand_upload_rate_per_minute":10,"on_demand_backoff_base":1.2,"on_demand_backoff_step_duration_seconds":60,"app_quality":{"sessions_enabled":true,"sampling_rate":1,"session_timeout_seconds":1800},"on_demand_thread_recording_suspension_enabled":true}
09-23 20:38:34.283 15533 15626 W Parcel  : Expecting binder but got null!
09-23 20:38:34.302 15533 15589 I FA      : Tag Manager is not found and thus will not be used
09-23 20:38:34.352 15533 15557 D FirebaseSessions: Remote settings cache not expired. Using cached values.
09-23 20:38:34.394 15533 15557 D FirebaseSessions: Session Event Type: SESSION_START
09-23 20:38:34.396 15533 15557 D FirebaseSessions: Successfully logged Session Start event.
09-23 20:38:34.437 15533 15579 D CompatibilityChangeReporter: Compat change id reported: 194532703; UID 10212; state: ENABLED
09-23 20:38:34.440   338   441 W ServiceManager: Permission failure: android.permission.ACCESS_SURFACE_FLINGER from uid=10212 pid=0
09-23 20:38:34.441   338   441 D PermissionCache: checking android.permission.ACCESS_SURFACE_FLINGER for uid=10212 => denied (1423 us)
09-23 20:38:34.441   488  4083 D ConnectivityService: requestNetwork for uid/pid:1000/488 asUid: 10212 activeRequest: null callbackRequest: 389 [NetworkRequest [ REQUEST id=390, [ Capabilities: INTERNET&NOT_RESTRICTED&TRUSTED&NOT_VCN_MANAGED Uid: 10212 RequestorUid: 1000 RequestorPkg: android UnderlyingNetworks: Null] ]] callback flags: 0 order: 2147483647
09-23 20:38:34.441   338   441 W ServiceManager: Permission failure: android.permission.ROTATE_SURFACE_FLINGER from uid=10212 pid=0
09-23 20:38:34.441   338   441 D PermissionCache: checking android.permission.ROTATE_SURFACE_FLINGER for uid=10212 => denied (466 us)
09-23 20:38:34.444   338   484 W ServiceManager: Permission failure: android.permission.INTERNAL_SYSTEM_WINDOW from uid=10212 pid=15533
09-23 20:38:34.445   338   484 D PermissionCache: checking android.permission.INTERNAL_SYSTEM_WINDOW for uid=10212 => denied (712 us)
09-23 20:38:34.453   338   441 W ServiceManager: Permission failure: android.permission.INTERNAL_SYSTEM_WINDOW from uid=10212 pid=0
09-23 20:38:34.453   338   441 D PermissionCache: checking android.permission.INTERNAL_SYSTEM_WINDOW for uid=10212 => denied (11927 us)
09-23 20:38:34.460   488   710 D WifiNetworkFactory: got request NetworkRequest [ REQUEST id=390, [ Capabilities: INTERNET&NOT_RESTRICTED&TRUSTED&NOT_VCN_MANAGED Uid: 10212 RequestorUid: 1000 RequestorPkg: android UnderlyingNetworks: Null] ]
09-23 20:38:34.460   488   710 D UntrustedWifiNetworkFactory: got request NetworkRequest [ REQUEST id=390, [ Capabilities: INTERNET&NOT_RESTRICTED&TRUSTED&NOT_VCN_MANAGED Uid: 10212 RequestorUid: 1000 RequestorPkg: android UnderlyingNetworks: Null] ]
09-23 20:38:34.461   488   710 D OemPaidWifiNetworkFactory: got request NetworkRequest [ REQUEST id=390, [ Capabilities: INTERNET&NOT_RESTRICTED&TRUSTED&NOT_VCN_MANAGED Uid: 10212 RequestorUid: 1000 RequestorPkg: android UnderlyingNetworks: Null] ]
09-23 20:38:34.461   488   710 D MultiInternetWifiNetworkFactory: got request NetworkRequest [ REQUEST id=390, [ Capabilities: INTERNET&NOT_RESTRICTED&TRUSTED&NOT_VCN_MANAGED Uid: 10212 RequestorUid: 1000 RequestorPkg: android UnderlyingNetworks: Null] ]
09-23 20:38:34.461   488   717 D ConnectivityService: NetReassign [390 : null → 102] [c 0] [a 8] [i 10]
09-23 20:38:34.479 12330 12508 D TrafficStats: tagSocket(186) with statsTag=0x4000407, statsUid=-1
09-23 20:38:34.494   779   868 D EGL_emulation: app_time_stats: avg=17845.72ms min=17845.72ms max=17845.72ms count=1
09-23 20:38:34.529 15533 15626 D HostConnection: HostComposition ext ANDROID_EMU_CHECKSUM_HELPER_v1 ANDROID_EMU_native_sync_v2 ANDROID_EMU_native_sync_v3 ANDROID_EMU_native_sync_v4 ANDROID_EMU_dma_v1 ANDROID_EMU_direct_mem ANDROID_EMU_host_composition_v1 ANDROID_EMU_host_composition_v2 ANDROID_EMU_vulkan ANDROID_EMU_deferred_vulkan_commands ANDROID_EMU_vulkan_null_optional_strings ANDROID_EMU_vulkan_create_resources_with_requirements ANDROID_EMU_YUV_Cache ANDROID_EMU_vulkan_ignored_handles ANDROID_EMU_has_shared_slots_host_memory_allocator ANDROID_EMU_vulkan_free_memory_sync ANDROID_EMU_vulkan_shader_float16_int8 ANDROID_EMU_vulkan_async_queue_submit ANDROID_EMU_vulkan_queue_submit_with_commands ANDROID_EMU_sync_buffer_data ANDROID_EMU_vulkan_async_qsri ANDROID_EMU_read_color_buffer_dma GL_OES_EGL_image_external_essl3 GL_OES_vertex_array_object ANDROID_EMU_host_side_tracing ANDROID_EMU_gles_max_version_3_0
09-23 20:38:34.537 15533 15626 W OpenGLRenderer: Failed to choose config with EGL_SWAP_BEHAVIOR_PRESERVED, retrying without...
09-23 20:38:34.540 15533 15626 W OpenGLRenderer: Failed to initialize 101010-2 format, error = EGL_SUCCESS
09-23 20:38:34.545 15533 15626 D EGL_emulation: eglCreateContext: 0xb400007aa94270d0: maj 3 min 0 rcv 3
09-23 20:38:34.556 15533 15626 D EGL_emulation: eglMakeCurrent: 0xb400007aa94270d0: ver 3 0 (tinfo 0x7cc32bf080) (first time)
09-23 20:38:34.605   147   147 I hwservicemanager: getTransport: Cannot find entry android.hardware.graphics.mapper@4.0::IMapper/default in either framework or device VINTF manifest.
09-23 20:38:34.607 15533 15626 I Gralloc4: mapper 4.x is not supported
09-23 20:38:34.614   147   147 I hwservicemanager: getTransport: Cannot find entry android.hardware.graphics.allocator@4.0::IAllocator/default in either framework or device VINTF manifest.
09-23 20:38:34.616   146   146 I servicemanager: Could not find android.hardware.graphics.allocator.IAllocator/default in the VINTF manifest.
09-23 20:38:34.617 15533 15626 W Gralloc4: allocator 4.x is not supported
09-23 20:38:34.648 15533 15626 D HostConnection: HostComposition ext ANDROID_EMU_CHECKSUM_HELPER_v1 ANDROID_EMU_native_sync_v2 ANDROID_EMU_native_sync_v3 ANDROID_EMU_native_sync_v4 ANDROID_EMU_dma_v1 ANDROID_EMU_direct_mem ANDROID_EMU_host_composition_v1 ANDROID_EMU_host_composition_v2 ANDROID_EMU_vulkan ANDROID_EMU_deferred_vulkan_commands ANDROID_EMU_vulkan_null_optional_strings ANDROID_EMU_vulkan_create_resources_with_requirements ANDROID_EMU_YUV_Cache ANDROID_EMU_vulkan_ignored_handles ANDROID_EMU_has_shared_slots_host_memory_allocator ANDROID_EMU_vulkan_free_memory_sync ANDROID_EMU_vulkan_shader_float16_int8 ANDROID_EMU_vulkan_async_queue_submit ANDROID_EMU_vulkan_queue_submit_with_commands ANDROID_EMU_sync_buffer_data ANDROID_EMU_vulkan_async_qsri ANDROID_EMU_read_color_buffer_dma GL_OES_EGL_image_external_essl3 GL_OES_vertex_array_object ANDROID_EMU_host_side_tracing ANDROID_EMU_gles_max_version_3_0
09-23 20:38:34.648 15533 15626 E OpenGLRenderer: Unable to match the desired swap behavior.
09-23 20:38:34.703   779   868 D EGL_emulation: app_time_stats: avg=9.93ms min=1.50ms max=41.47ms count=53
09-23 20:38:34.905   488   503 W ziparchive: Unable to open '/data/app/~~ax2PC4cP0yVn6y5KYomcXg==/com.shareconnect-W6-yzzxxsq-l613Q0yLpRg==/base.dm': No such file or directory
09-23 20:38:34.908   488   503 I ActivityTaskManager: Displayed com.shareconnect/.MainActivity: +1s964ms
09-23 20:38:34.966 15533 15533 I Choreographer: Skipped 35 frames!  The application may be doing too much work on its main thread.
09-23 20:38:35.146 11811 11811 I GoogleInputMethodService: GoogleInputMethodService.onFinishInput():3227
09-23 20:38:35.167 11811 11811 I GoogleInputMethodService: GoogleInputMethodService.updateDeviceLockedStatus():2087 repeatCheckTimes = 0, unlocked = true
09-23 20:38:35.168 11811 11811 I GoogleInputMethodService: GoogleInputMethodService.onStartInput():1877 onStartInput(EditorInfo{inputType=0x0(NULL) imeOptions=0x0 privateImeOptions=null actionName=UNSPECIFIED actionLabel=null actionId=0 initialSelStart=-1 initialSelEnd=-1 initialCapsMode=0x0 hintText=null label=null packageName=com.shareconnect fieldId=-1 fieldName=null extras=null}, false)
09-23 20:38:35.168 11811 11811 I GoogleInputMethodService: GoogleInputMethodService.shouldHideHeaderOnInitialState():4008 ShouldHideHeaderOnInitialState = false
09-23 20:38:35.174 12330 17187 I FontLog : (REDACTED) Received query %s, URI %s
09-23 20:38:35.174 12330 17187 I FontLog : (REDACTED) Query [%s] resolved to %s
09-23 20:38:35.175 11811 11811 I GoogleInputMethodService: GoogleInputMethodService.updateDeviceLockedStatus():2087 repeatCheckTimes = 2, unlocked = true
09-23 20:38:35.179 12330 17187 I FontLog : (REDACTED) Fetch %s end status %s
09-23 20:38:35.201 12330 17187 I FontLog : (REDACTED) Pulling font file for id = %d, cache size = %d
09-23 20:38:35.219 12330 17187 I FontLog : (REDACTED) Pulling font file for id = %d, cache size = %d
09-23 20:38:35.240   998  1945 D OneSearchSuggestProvider: Shut down the binder channel
09-23 20:38:35.244   998 17829 I s.nexuslauncher: oneway function results for code 2 on binder at 0xb400007a394650a0 will be dropped but finished with status UNKNOWN_TRANSACTION
09-23 20:38:35.276  1581  2228 I AssistantForeground: (REDACTED) Get launcher package: %s
09-23 20:38:35.316   488  4083 W InputManager-JNI: Input channel object 'c4e6b94 Splash Screen com.shareconnect (client)' was disposed without first being removed with the input manager!
09-23 20:38:35.718   779   868 D EGL_emulation: app_time_stats: avg=14.87ms min=2.00ms max=169.30ms count=40
09-23 20:38:36.262 15533 15533 V Console : onCreate()
09-23 20:38:36.271 15533 15658 I Console : New token available: c2IDjJSwQ_C56NRXyB9s6W:APA91bFKRo8UxkhCZ1qhWCk6ekps_1niIjYTPxi6uzDko2v0yTJC2F1FTYCC778R0Kim0nYPQXxTxehm5MWt4y7Ar0ef3PWT0o-544OuCPHxA1sXHp2RBag
09-23 20:38:36.761   779   868 D EGL_emulation: app_time_stats: avg=12.38ms min=1.73ms max=66.74ms count=50
09-23 20:38:38.662 15533 15659 D ProfileInstaller: Installing profile for com.shareconnect
09-23 20:38:40.333 15533 15612 W FileTestStorage: Output properties is not supported.
09-23 20:38:40.334 15533 15612 I Tracing : Tracer added: class androidx.test.platform.tracing.AndroidXTracer
09-23 20:38:40.347 15533 15612 D EventInjectionStrategy: Creating injection strategy with input manager.
09-23 20:38:40.347 15533 15612 W om.shareconnect: Accessing hidden method Landroid/hardware/input/InputManager;->getInstance()Landroid/hardware/input/InputManager; (unsupported, reflection, allowed)
09-23 20:38:40.348 15533 15612 W om.shareconnect: Accessing hidden method Landroid/hardware/input/InputManager;->injectInputEvent(Landroid/view/InputEvent;I)Z (unsupported, reflection, allowed)
09-23 20:38:40.348 15533 15612 W om.shareconnect: Accessing hidden field Landroid/hardware/input/InputManager;->INJECT_INPUT_EVENT_MODE_WAIT_FOR_FINISH:I (unsupported, reflection, allowed)
09-23 20:38:40.392 15533 15533 W om.shareconnect: Accessing hidden method Landroid/os/MessageQueue;->next()Landroid/os/Message; (unsupported, reflection, allowed)
09-23 20:38:40.392 15533 15533 W om.shareconnect: Accessing hidden field Landroid/os/MessageQueue;->mMessages:Landroid/os/Message; (unsupported, reflection, allowed)
09-23 20:38:40.392 15533 15533 W om.shareconnect: Accessing hidden method Landroid/os/Message;->recycleUnchecked()V (unsupported, reflection, allowed)
09-23 20:38:40.394 15533 15533 W om.shareconnect: Accessing hidden method Landroid/view/WindowManagerGlobal;->getInstance()Landroid/view/WindowManagerGlobal; (unsupported, reflection, allowed)
09-23 20:38:40.394 15533 15533 W om.shareconnect: Accessing hidden field Landroid/view/WindowManagerGlobal;->mViews:Ljava/util/ArrayList; (unsupported, reflection, allowed)
09-23 20:38:40.394 15533 15533 W om.shareconnect: Accessing hidden field Landroid/view/WindowManagerGlobal;->mParams:Ljava/util/ArrayList; (unsupported, reflection, allowed)
09-23 20:38:40.397 15533 15533 I ViewInteraction: Performing 'scroll to' action on view view.getId() is <2131230859/com.shareconnect:id/buttonSettings>
09-23 20:38:40.398 15533 15533 I ScrollToAction: View is already displayed. Returning.
09-23 20:38:40.402 15533 15533 I ViewInteraction: Checking 'MatchesViewAssertion{viewMatcher=(view has effective visibility <VISIBLE> and view.getGlobalVisibleRect() to return non-empty rectangle)}' assertion on view view.getId() is <2131230859/com.shareconnect:id/buttonSettings>
09-23 20:38:40.406 15533 15533 I ViewInteraction: Checking 'MatchesViewAssertion{viewMatcher=view.isClickable() is <true>}' assertion on view view.getId() is <2131230859/com.shareconnect:id/buttonSettings>
09-23 20:38:40.410 15533 15533 I ViewInteraction: Performing 'scroll to' action on view view.getId() is <2131230852/com.shareconnect:id/buttonOpenMeTube>
09-23 20:38:40.413 15533 15533 I ScrollToAction: View is already displayed. Returning.
09-23 20:38:40.418 15533 15533 I ViewInteraction: Checking 'MatchesViewAssertion{viewMatcher=(view has effective visibility <VISIBLE> and view.getGlobalVisibleRect() to return non-empty rectangle)}' assertion on view view.getId() is <2131230852/com.shareconnect:id/buttonOpenMeTube>
09-23 20:38:40.423 15533 15533 I ViewInteraction: Checking 'MatchesViewAssertion{viewMatcher=view.isClickable() is <true>}' assertion on view view.getId() is <2131230852/com.shareconnect:id/buttonOpenMeTube>
09-23 20:38:40.427 15533 15533 I ViewInteraction: Performing 'scroll to' action on view view.getId() is <2131230851/com.shareconnect:id/buttonHistory>
09-23 20:38:40.428 15533 15533 I ScrollToAction: View is already displayed. Returning.
09-23 20:38:40.430 15533 15533 I ViewInteraction: Checking 'MatchesViewAssertion{viewMatcher=(view has effective visibility <VISIBLE> and view.getGlobalVisibleRect() to return non-empty rectangle)}' assertion on view view.getId() is <2131230851/com.shareconnect:id/buttonHistory>
09-23 20:38:40.433 15533 15533 I ViewInteraction: Checking 'MatchesViewAssertion{viewMatcher=view.isClickable() is <true>}' assertion on view view.getId() is <2131230851/com.shareconnect:id/buttonHistory>
09-23 20:38:40.435 15533 15533 I ViewInteraction: Performing 'scroll to' action on view view.getId() is <2131230970/com.shareconnect:id/fabAdd>
09-23 20:38:40.438 15533 15533 I ViewInteraction: Checking 'MatchesViewAssertion{viewMatcher=(view has effective visibility <VISIBLE> and view.getGlobalVisibleRect() to return non-empty rectangle)}' assertion on view view.getId() is <2131230970/com.shareconnect:id/fabAdd>
09-23 20:38:40.441 15533 15533 I ViewInteraction: Checking 'MatchesViewAssertion{viewMatcher=view.isClickable() is <true>}' assertion on view view.getId() is <2131230970/com.shareconnect:id/fabAdd>
09-23 20:38:40.461 15533 15533 V Console : Activity lifecycle :: PRE-PAUSED :: MainActivity
09-23 20:38:40.461 15533 15533 D Console : Activity lifecycle :: Top activity: MainActivity
09-23 20:38:40.468 15533 15533 D FirebaseSessions: App backgrounded on com.shareconnect
09-23 20:38:40.481 15533 15533 V Console : Activity lifecycle :: PAUSED :: MainActivity
09-23 20:38:40.483 15533 15533 V Console : Foreground activity counter :: AtomicIntWrapper :: 12312792 :: 227589169 :: Decremented to: 0
09-23 20:38:40.484 15533 15533 D LifecycleMonitor: Lifecycle status change: com.shareconnect.MainActivity@aef6c29 in: PAUSED
09-23 20:38:40.484 15533 15533 V ActivityScenario: Update currentActivityStage to PAUSED, currentActivity=com.shareconnect.MainActivity@aef6c29
09-23 20:38:40.509 15533 15533 D LifecycleMonitor: Lifecycle status change: androidx.test.core.app.InstrumentationActivityInvoker$EmptyActivity@6817c65 in: PRE_ON_CREATE
09-23 20:38:40.510 15533 15533 V ActivityScenario: Activity lifecycle changed event received but ignored because the intent does not match. startActivityIntent=Intent { act=android.intent.action.MAIN cat=[android.intent.category.LAUNCHER] flg=0x10008000 cmp=com.shareconnect/.MainActivity }, activity.getIntent()=Intent { act=android.intent.action.MAIN cat=[android.intent.category.LAUNCHER] flg=0x10000000 cmp=com.shareconnect/androidx.test.core.app.InstrumentationActivityInvoker$EmptyActivity }, activity=androidx.test.core.app.InstrumentationActivityInvoker$EmptyActivity@6817c65
09-23 20:38:40.530 15533 15626 D EGL_emulation: app_time_stats: avg=624.26ms min=10.03ms max=5211.78ms count=9
09-23 20:38:40.563 15533 15533 D LifecycleMonitor: Lifecycle status change: androidx.test.core.app.InstrumentationActivityInvoker$EmptyActivity@6817c65 in: CREATED
09-23 20:38:40.563 15533 15533 V ActivityScenario: Activity lifecycle changed event received but ignored because the intent does not match. startActivityIntent=Intent { act=android.intent.action.MAIN cat=[android.intent.category.LAUNCHER] flg=0x10008000 cmp=com.shareconnect/.MainActivity }, activity.getIntent()=Intent { act=android.intent.action.MAIN cat=[android.intent.category.LAUNCHER] flg=0x10000000 cmp=com.shareconnect/androidx.test.core.app.InstrumentationActivityInvoker$EmptyActivity }, activity=androidx.test.core.app.InstrumentationActivityInvoker$EmptyActivity@6817c65
09-23 20:38:40.565 15533 15533 D LifecycleMonitor: Lifecycle status change: androidx.test.core.app.InstrumentationActivityInvoker$EmptyActivity@6817c65 in: STARTED
09-23 20:38:40.566 15533 15533 V ActivityScenario: Activity lifecycle changed event received but ignored because the intent does not match. startActivityIntent=Intent { act=android.intent.action.MAIN cat=[android.intent.category.LAUNCHER] flg=0x10008000 cmp=com.shareconnect/.MainActivity }, activity.getIntent()=Intent { act=android.intent.action.MAIN cat=[android.intent.category.LAUNCHER] flg=0x10000000 cmp=com.shareconnect/androidx.test.core.app.InstrumentationActivityInvoker$EmptyActivity }, activity=androidx.test.core.app.InstrumentationActivityInvoker$EmptyActivity@6817c65
09-23 20:38:40.569 15533 15533 D FirebaseSessions: App foregrounded on com.shareconnect
09-23 20:38:40.569 15533 15533 D FirebaseSessions: Session ef0393c1a43543b1a5805fadb0ab2a9f has not backgrounded yet
09-23 20:38:40.580 15533 15533 V Console : Activity lifecycle :: RESUMED :: EmptyActivity
09-23 20:38:40.581 15533 15533 V Console : Foreground activity counter :: AtomicIntWrapper :: 12312792 :: 227589169 :: Value of: 0
09-23 20:38:40.584 15533 15533 I Console : Activity lifecycle :: Main state :: Foreground
09-23 20:38:40.585 15533 15533 V Console : Foreground activity counter :: AtomicIntWrapper :: 12312792 :: 227589169 :: Incremented to: 1
09-23 20:38:40.589 15533 15533 D LifecycleMonitor: Lifecycle status change: androidx.test.core.app.InstrumentationActivityInvoker$EmptyActivity@6817c65 in: RESUMED
09-23 20:38:40.589 15533 15533 V ActivityScenario: Activity lifecycle changed event received but ignored because the intent does not match. startActivityIntent=Intent { act=android.intent.action.MAIN cat=[android.intent.category.LAUNCHER] flg=0x10008000 cmp=com.shareconnect/.MainActivity }, activity.getIntent()=Intent { act=android.intent.action.MAIN cat=[android.intent.category.LAUNCHER] flg=0x10000000 cmp=com.shareconnect/androidx.test.core.app.InstrumentationActivityInvoker$EmptyActivity }, activity=androidx.test.core.app.InstrumentationActivityInvoker$EmptyActivity@6817c65
09-23 20:38:40.594 15533 15533 V Console : Activity lifecycle :: POST-RESUMED :: EmptyActivity
09-23 20:38:40.602 15533 15626 W Parcel  : Expecting binder but got null!
09-23 20:38:40.661 15533 15626 E OpenGLRenderer: Unable to match the desired swap behavior.
09-23 20:38:40.687   488   503 I ActivityTaskManager: Displayed com.shareconnect/androidx.test.core.app.InstrumentationActivityInvoker$EmptyActivity: +239ms
09-23 20:38:40.737 15533 15533 V Console : Activity lifecycle :: PRE-STOPPED :: MainActivity
09-23 20:38:40.757 15533 15533 V Console : Activity lifecycle :: STOPPED :: MainActivity
09-23 20:38:40.762 15533 15533 D LifecycleMonitor: Lifecycle status change: com.shareconnect.MainActivity@aef6c29 in: STOPPED
09-23 20:38:40.763 15533 15533 V ActivityScenario: Update currentActivityStage to STOPPED, currentActivity=com.shareconnect.MainActivity@aef6c29
09-23 20:38:40.764 15533 15533 V Console : Activity lifecycle :: POST-STOPPED :: MainActivity
09-23 20:38:40.771 15533 15533 V Console : Activity lifecycle :: PRE-DESTROYED :: MainActivity
09-23 20:38:40.775 15533 15533 V Console : Activity lifecycle :: DESTROYED :: MainActivity
09-23 20:38:40.778 15533 15533 D LifecycleMonitor: Lifecycle status change: com.shareconnect.MainActivity@aef6c29 in: DESTROYED
09-23 20:38:40.778 15533 15533 V ActivityScenario: Update currentActivityStage to DESTROYED, currentActivity=null
09-23 20:38:40.790   488  4083 W InputManager-JNI: Input channel object 'd846cd5 com.shareconnect/com.shareconnect.MainActivity (client)' was disposed without first being removed with the input manager!
09-23 20:38:40.821 11811 11811 I GoogleInputMethodService: GoogleInputMethodService.onFinishInput():3227
09-23 20:38:40.823 11811 11811 I GoogleInputMethodService: GoogleInputMethodService.updateDeviceLockedStatus():2087 repeatCheckTimes = 0, unlocked = true
09-23 20:38:40.824 11811 11811 I GoogleInputMethodService: GoogleInputMethodService.onStartInput():1877 onStartInput(EditorInfo{inputType=0x0(NULL) imeOptions=0x0 privateImeOptions=null actionName=UNSPECIFIED actionLabel=null actionId=0 initialSelStart=-1 initialSelEnd=-1 initialCapsMode=0x0 hintText=null label=null packageName=com.shareconnect fieldId=-1 fieldName=null extras=null}, false)
09-23 20:38:40.824 11811 11811 I GoogleInputMethodService: GoogleInputMethodService.shouldHideHeaderOnInitialState():4008 ShouldHideHeaderOnInitialState = false
09-23 20:38:40.825 11811 11811 I GoogleInputMethodService: GoogleInputMethodService.updateDeviceLockedStatus():2087 repeatCheckTimes = 2, unlocked = true
09-23 20:38:40.837 15533 15612 I TestRunner: finished: testAccessibilityLabels(com.shareconnect.automation.AccessibilityAutomationTest)
