09-23 20:39:36.188 15533 15533 D LifecycleMonitor: Lifecycle status change: com.shareconnect.MainActivity@889d43e in: STARTED
09-23 20:39:36.188 15533 15533 V ActivityScenario: Update currentActivityStage to STARTED, currentActivity=com.shareconnect.MainActivity@889d43e
09-23 20:39:36.189 15533 15533 D FirebaseSessions: App foregrounded on com.shareconnect
09-23 20:39:36.193 15533 15533 V Console : Activity lifecycle :: RESUMED :: MainActivity
09-23 20:39:36.193 15533 15533 V Console : Foreground activity counter :: AtomicIntWrapper :: 12312792 :: 227589169 :: Value of: 0
09-23 20:39:36.193 15533 15533 I Console : Activity lifecycle :: Main state :: Foreground
09-23 20:39:36.194 15533 15533 V Console : Foreground activity counter :: AtomicIntWrapper :: 12312792 :: 227589169 :: Incremented to: 1
09-23 20:39:36.194 15533 15533 D Console : hasThemeChanged() returned: false
09-23 20:39:36.194 15533 15533 D Console : onResume() called, themeChanged: false
09-23 20:39:36.194 15533 15533 D LifecycleMonitor: Lifecycle status change: com.shareconnect.MainActivity@889d43e in: RESUMED
09-23 20:39:36.194 15533 15533 V ActivityScenario: Update currentActivityStage to RESUMED, currentActivity=com.shareconnect.MainActivity@889d43e
09-23 20:39:36.194 15533 15533 V Console : Activity lifecycle :: POST-RESUMED :: MainActivity
09-23 20:39:36.204 15533 15626 E OpenGLRenderer: Unable to match the desired swap behavior.
09-23 20:39:36.228 15533 15626 D EGL_emulation: app_time_stats: avg=84.58ms min=12.95ms max=886.93ms count=13
09-23 20:39:36.228   488 13626 W Parcel  : Expecting binder but got null!
09-23 20:39:36.232   488 13626 W Parcel  : Expecting binder but got null!
09-23 20:39:36.241 11811 11811 I GoogleInputMethodService: GoogleInputMethodService.onFinishInput():3227
09-23 20:39:36.241 11811 11811 I GoogleInputMethodService: GoogleInputMethodService.updateDeviceLockedStatus():2087 repeatCheckTimes = 0, unlocked = true
09-23 20:39:36.241 11811 11811 I GoogleInputMethodService: GoogleInputMethodService.onStartInput():1877 onStartInput(EditorInfo{inputType=0x0(NULL) imeOptions=0x0 privateImeOptions=null actionName=UNSPECIFIED actionLabel=null actionId=0 initialSelStart=-1 initialSelEnd=-1 initialCapsMode=0x0 hintText=null label=null packageName=com.shareconnect fieldId=-1 fieldName=null extras=null}, false)
09-23 20:39:36.241 11811 11811 I GoogleInputMethodService: GoogleInputMethodService.shouldHideHeaderOnInitialState():4008 ShouldHideHeaderOnInitialState = false
09-23 20:39:36.241 11811 11811 I GoogleInputMethodService: GoogleInputMethodService.updateDeviceLockedStatus():2087 repeatCheckTimes = 2, unlocked = true
09-23 20:39:36.688 15533 15849 V Console : Foreground activity counter :: AtomicIntWrapper :: 12312792 :: 227589169 :: Value of: 1
09-23 20:39:36.715 15533 15533 V Console : Activity lifecycle :: PRE-STOPPED :: SettingsActivity
09-23 20:39:36.717 15533 15533 V Console : Activity lifecycle :: STOPPED :: SettingsActivity
09-23 20:39:36.717 15533 15533 D LifecycleMonitor: Lifecycle status change: com.shareconnect.SettingsActivity@ccb94eb in: STOPPED
09-23 20:39:36.717 15533 15533 V ActivityScenario: Activity lifecycle changed event received but ignored because the intent does not match. startActivityIntent=Intent { act=android.intent.action.MAIN cat=[android.intent.category.LAUNCHER] flg=0x10008000 cmp=com.shareconnect/.MainActivity }, activity.getIntent()=Intent { cmp=com.shareconnect/.SettingsActivity }, activity=com.shareconnect.SettingsActivity@ccb94eb
09-23 20:39:36.717 15533 15533 V Console : Activity lifecycle :: POST-STOPPED :: SettingsActivity
09-23 20:39:36.718 15533 15533 V Console : Activity lifecycle :: PRE-DESTROYED :: SettingsActivity
09-23 20:39:36.718 15533 15533 V Console : Activity lifecycle :: DESTROYED :: SettingsActivity
09-23 20:39:36.720 15533 15533 D LifecycleMonitor: Lifecycle status change: com.shareconnect.SettingsActivity@ccb94eb in: DESTROYED
09-23 20:39:36.720 15533 15533 V ActivityScenario: Activity lifecycle changed event received but ignored because the intent does not match. startActivityIntent=Intent { act=android.intent.action.MAIN cat=[android.intent.category.LAUNCHER] flg=0x10008000 cmp=com.shareconnect/.MainActivity }, activity.getIntent()=Intent { cmp=com.shareconnect/.SettingsActivity }, activity=com.shareconnect.SettingsActivity@ccb94eb
09-23 20:39:36.725   488  1911 W InputManager-JNI: Input channel object 'efea207 com.shareconnect/com.shareconnect.SettingsActivity (client)' was disposed without first being removed with the input manager!
09-23 20:39:37.761 15533 15612 W InteractionController: runAndwaitForEvents timed out waiting for events
09-23 20:39:37.766 15533 15533 I ViewInteraction: Performing 'scroll to' action on view view.getId() is <2131230851/com.shareconnect:id/buttonHistory>
09-23 20:39:37.768 15533 15533 I ScrollToAction: View is already displayed. Returning.
09-23 20:39:37.771 15533 15533 I ViewInteraction: Performing 'single click' action on view view.getId() is <2131230851/com.shareconnect:id/buttonHistory>
09-23 20:39:37.841 15533 15626 D EGL_emulation: app_time_stats: avg=203.42ms min=14.58ms max=1483.83ms count=8
09-23 20:39:37.846 15533 15533 V Console : Activity lifecycle :: PRE-PAUSED :: MainActivity
09-23 20:39:37.846 15533 15533 D Console : Activity lifecycle :: Top activity: MainActivity
09-23 20:39:37.847 15533 15533 D FirebaseSessions: App backgrounded on com.shareconnect
09-23 20:39:37.849 15533 15533 V Console : Activity lifecycle :: PAUSED :: MainActivity
09-23 20:39:37.850 15533 15533 V Console : Foreground activity counter :: AtomicIntWrapper :: 12312792 :: 227589169 :: Decremented to: 0
09-23 20:39:37.850 15533 15533 D LifecycleMonitor: Lifecycle status change: com.shareconnect.MainActivity@889d43e in: PAUSED
09-23 20:39:37.850 15533 15533 V ActivityScenario: Update currentActivityStage to PAUSED, currentActivity=com.shareconnect.MainActivity@889d43e
09-23 20:39:37.857 15533 15533 D LifecycleMonitor: Lifecycle status change: com.shareconnect.HistoryActivity@f9dc5e7 in: PRE_ON_CREATE
09-23 20:39:37.857 15533 15533 V ActivityScenario: Activity lifecycle changed event received but ignored because the intent does not match. startActivityIntent=Intent { act=android.intent.action.MAIN cat=[android.intent.category.LAUNCHER] flg=0x10008000 cmp=com.shareconnect/.MainActivity }, activity.getIntent()=Intent { cmp=com.shareconnect/.HistoryActivity }, activity=com.shareconnect.HistoryActivity@f9dc5e7
09-23 20:39:37.858 15533 15533 D Console : getDefaultTheme() returned: Warm Orange Light (ID: 1, isDefault: true)
09-23 20:39:37.858 15533 15533 D Console : getDefaultTheme() returned: Warm Orange Light (ID: 1, isDefault: true)
09-23 20:39:37.858 15533 15533 D Console : Applying theme: Warm Orange Light, colorScheme: warm_orange, isDarkMode: false, currentTheme: WARM_ORANGE_LIGHT
09-23 20:39:37.858 15533 15533 D Console : Activity HistoryActivity usesToolbar: true
09-23 20:39:37.859 15533 15533 D Console : Setting night mode to NO
09-23 20:39:37.893 15533 15533 D LifecycleMonitor: Lifecycle status change: com.shareconnect.HistoryActivity@f9dc5e7 in: CREATED
09-23 20:39:37.893 15533 15533 V ActivityScenario: Activity lifecycle changed event received but ignored because the intent does not match. startActivityIntent=Intent { act=android.intent.action.MAIN cat=[android.intent.category.LAUNCHER] flg=0x10008000 cmp=com.shareconnect/.MainActivity }, activity.getIntent()=Intent { cmp=com.shareconnect/.HistoryActivity }, activity=com.shareconnect.HistoryActivity@f9dc5e7
09-23 20:39:37.894 15533 15533 D LifecycleMonitor: Lifecycle status change: com.shareconnect.HistoryActivity@f9dc5e7 in: STARTED
09-23 20:39:37.894 15533 15533 V ActivityScenario: Activity lifecycle changed event received but ignored because the intent does not match. startActivityIntent=Intent { act=android.intent.action.MAIN cat=[android.intent.category.LAUNCHER] flg=0x10008000 cmp=com.shareconnect/.MainActivity }, activity.getIntent()=Intent { cmp=com.shareconnect/.HistoryActivity }, activity=com.shareconnect.HistoryActivity@f9dc5e7
09-23 20:39:37.895 15533 15533 D FirebaseSessions: App foregrounded on com.shareconnect
09-23 20:39:37.897 15533 15533 V Console : Activity lifecycle :: RESUMED :: HistoryActivity
09-23 20:39:37.897 15533 15533 V Console : Foreground activity counter :: AtomicIntWrapper :: 12312792 :: 227589169 :: Value of: 0
09-23 20:39:37.897 15533 15533 I Console : Activity lifecycle :: Main state :: Foreground
09-23 20:39:37.897 15533 15533 V Console : Foreground activity counter :: AtomicIntWrapper :: 12312792 :: 227589169 :: Incremented to: 1
09-23 20:39:37.898 15533 15533 D Console : hasThemeChanged() returned: false
09-23 20:39:37.900 15533 15533 D LifecycleMonitor: Lifecycle status change: com.shareconnect.HistoryActivity@f9dc5e7 in: RESUMED
09-23 20:39:37.900 15533 15533 V ActivityScenario: Activity lifecycle changed event received but ignored because the intent does not match. startActivityIntent=Intent { act=android.intent.action.MAIN cat=[android.intent.category.LAUNCHER] flg=0x10008000 cmp=com.shareconnect/.MainActivity }, activity.getIntent()=Intent { cmp=com.shareconnect/.HistoryActivity }, activity=com.shareconnect.HistoryActivity@f9dc5e7
09-23 20:39:37.900 15533 15533 V Console : Activity lifecycle :: POST-RESUMED :: HistoryActivity
09-23 20:39:37.908 15533 15626 W Parcel  : Expecting binder but got null!
09-23 20:39:37.926 15533 15626 E OpenGLRenderer: Unable to match the desired swap behavior.
09-23 20:39:37.938   488   503 I ActivityTaskManager: Displayed com.shareconnect/.HistoryActivity: +107ms
09-23 20:39:37.943   488 13626 W Parcel  : Expecting binder but got null!
09-23 20:39:37.949   488 13626 W Parcel  : Expecting binder but got null!
09-23 20:39:38.031 11811 11811 I GoogleInputMethodService: GoogleInputMethodService.onFinishInput():3227
09-23 20:39:38.031 11811 11811 I GoogleInputMethodService: GoogleInputMethodService.updateDeviceLockedStatus():2087 repeatCheckTimes = 0, unlocked = true
09-23 20:39:38.031 11811 11811 I GoogleInputMethodService: GoogleInputMethodService.onStartInput():1877 onStartInput(EditorInfo{inputType=0x0(NULL) imeOptions=0x0 privateImeOptions=null actionName=UNSPECIFIED actionLabel=null actionId=0 initialSelStart=-1 initialSelEnd=-1 initialCapsMode=0x0 hintText=null label=null packageName=com.shareconnect fieldId=-1 fieldName=null extras=null}, false)
09-23 20:39:38.031 11811 11811 I GoogleInputMethodService: GoogleInputMethodService.shouldHideHeaderOnInitialState():4008 ShouldHideHeaderOnInitialState = false
09-23 20:39:38.031 11811 11811 I GoogleInputMethodService: GoogleInputMethodService.updateDeviceLockedStatus():2087 repeatCheckTimes = 2, unlocked = true
09-23 20:39:38.352 15533 15854 V Console : Foreground activity counter :: AtomicIntWrapper :: 12312792 :: 227589169 :: Value of: 1
09-23 20:39:38.426 15533 15626 D OpenGLRenderer: endAllActiveAnimators on 0xb400007b29462610 (RippleDrawable) with handle 0xb400007a394c59d0
09-23 20:39:38.429 15533 15533 V Console : Activity lifecycle :: PRE-STOPPED :: MainActivity
09-23 20:39:38.430 15533 15533 V Console : Activity lifecycle :: STOPPED :: MainActivity
09-23 20:39:38.431 15533 15533 D LifecycleMonitor: Lifecycle status change: com.shareconnect.MainActivity@889d43e in: STOPPED
09-23 20:39:38.431 15533 15533 V ActivityScenario: Update currentActivityStage to STOPPED, currentActivity=com.shareconnect.MainActivity@889d43e
09-23 20:39:38.431 15533 15533 V Console : Activity lifecycle :: POST-STOPPED :: MainActivity
09-23 20:39:38.972 15533 15533 V Console : Activity lifecycle :: PRE-PAUSED :: HistoryActivity
09-23 20:39:38.972 15533 15533 D Console : Activity lifecycle :: Top activity: HistoryActivity
09-23 20:39:38.972 15533 15533 D FirebaseSessions: App backgrounded on com.shareconnect
09-23 20:39:38.980 15533 15533 V Console : Activity lifecycle :: PAUSED :: HistoryActivity
09-23 20:39:38.981 15533 15533 V Console : Foreground activity counter :: AtomicIntWrapper :: 12312792 :: 227589169 :: Decremented to: 0
09-23 20:39:38.981 15533 15533 D LifecycleMonitor: Lifecycle status change: com.shareconnect.HistoryActivity@f9dc5e7 in: PAUSED
09-23 20:39:38.981 15533 15533 V ActivityScenario: Activity lifecycle changed event received but ignored because the intent does not match. startActivityIntent=Intent { act=android.intent.action.MAIN cat=[android.intent.category.LAUNCHER] flg=0x10008000 cmp=com.shareconnect/.MainActivity }, activity.getIntent()=Intent { cmp=com.shareconnect/.HistoryActivity }, activity=com.shareconnect.HistoryActivity@f9dc5e7
09-23 20:39:38.984 15533 15533 D LifecycleMonitor: Lifecycle status change: com.shareconnect.MainActivity@889d43e in: RESTARTED
09-23 20:39:38.984 15533 15533 V ActivityScenario: Update currentActivityStage to RESTARTED, currentActivity=com.shareconnect.MainActivity@889d43e
09-23 20:39:38.985 15533 15533 D LifecycleMonitor: Lifecycle status change: com.shareconnect.MainActivity@889d43e in: STARTED
09-23 20:39:38.985 15533 15533 V ActivityScenario: Update currentActivityStage to STARTED, currentActivity=com.shareconnect.MainActivity@889d43e
09-23 20:39:38.985 15533 15533 D FirebaseSessions: App foregrounded on com.shareconnect
09-23 20:39:38.987 15533 15533 V Console : Activity lifecycle :: RESUMED :: MainActivity
09-23 20:39:38.987 15533 15533 V Console : Foreground activity counter :: AtomicIntWrapper :: 12312792 :: 227589169 :: Value of: 0
09-23 20:39:38.987 15533 15533 I Console : Activity lifecycle :: Main state :: Foreground
09-23 20:39:38.987 15533 15533 V Console : Foreground activity counter :: AtomicIntWrapper :: 12312792 :: 227589169 :: Incremented to: 1
09-23 20:39:38.987 15533 15533 D Console : hasThemeChanged() returned: false
09-23 20:39:38.987 15533 15533 D Console : onResume() called, themeChanged: false
09-23 20:39:38.987 15533 15533 D LifecycleMonitor: Lifecycle status change: com.shareconnect.MainActivity@889d43e in: RESUMED
09-23 20:39:38.987 15533 15533 V ActivityScenario: Update currentActivityStage to RESUMED, currentActivity=com.shareconnect.MainActivity@889d43e
09-23 20:39:38.988 15533 15533 V Console : Activity lifecycle :: POST-RESUMED :: MainActivity
09-23 20:39:38.997 15533 15626 E OpenGLRenderer: Unable to match the desired swap behavior.
09-23 20:39:39.027   488 13626 W Parcel  : Expecting binder but got null!
09-23 20:39:39.029 15533 15626 D EGL_emulation: app_time_stats: avg=84.22ms min=13.52ms max=888.43ms count=13
09-23 20:39:39.031 11811 11811 I GoogleInputMethodService: GoogleInputMethodService.onFinishInput():3227
09-23 20:39:39.032 11811 11811 I GoogleInputMethodService: GoogleInputMethodService.updateDeviceLockedStatus():2087 repeatCheckTimes = 0, unlocked = true
09-23 20:39:39.032 11811 11811 I GoogleInputMethodService: GoogleInputMethodService.onStartInput():1877 onStartInput(EditorInfo{inputType=0x0(NULL) imeOptions=0x0 privateImeOptions=null actionName=UNSPECIFIED actionLabel=null actionId=0 initialSelStart=-1 initialSelEnd=-1 initialCapsMode=0x0 hintText=null label=null packageName=com.shareconnect fieldId=-1 fieldName=null extras=null}, false)
09-23 20:39:39.032 11811 11811 I GoogleInputMethodService: GoogleInputMethodService.shouldHideHeaderOnInitialState():4008 ShouldHideHeaderOnInitialState = false
09-23 20:39:39.032 11811 11811 I GoogleInputMethodService: GoogleInputMethodService.updateDeviceLockedStatus():2087 repeatCheckTimes = 2, unlocked = true
09-23 20:39:39.035   488 13626 W Parcel  : Expecting binder but got null!
09-23 20:39:39.064   488   499 W System  : A resource failed to call HardwareBuffer.close.
09-23 20:39:39.064   488   499 W System  : A resource failed to call HardwareBuffer.close.
09-23 20:39:39.064   488   499 W System  : A resource failed to call HardwareBuffer.close.
09-23 20:39:39.065   488   499 W System  : A resource failed to call HardwareBuffer.close.
09-23 20:39:39.065   488   499 W System  : A resource failed to call HardwareBuffer.close.
09-23 20:39:39.065   488   499 W System  : A resource failed to call HardwareBuffer.close.
09-23 20:39:39.065   488   499 W System  : A resource failed to call HardwareBuffer.close.
09-23 20:39:39.066   488   499 W System  : A resource failed to call HardwareBuffer.close.
09-23 20:39:39.066   488   499 W System  : A resource failed to call HardwareBuffer.close.
09-23 20:39:39.066   488   499 W System  : A resource failed to call HardwareBuffer.close.
09-23 20:39:39.066   488   499 W System  : A resource failed to call HardwareBuffer.close.
09-23 20:39:39.067   488   499 W System  : A resource failed to call HardwareBuffer.close.
09-23 20:39:39.067   488   499 W System  : A resource failed to call HardwareBuffer.close.
09-23 20:39:39.067   488   499 W System  : A resource failed to call HardwareBuffer.close.
09-23 20:39:39.067   488   499 W System  : A resource failed to call HardwareBuffer.close.
09-23 20:39:39.068   488   499 W System  : A resource failed to call HardwareBuffer.close.
09-23 20:39:39.068   488   499 W System  : A resource failed to call HardwareBuffer.close.
09-23 20:39:39.068   488   499 W System  : A resource failed to call HardwareBuffer.close.
09-23 20:39:39.069   488   499 W System  : A resource failed to call HardwareBuffer.close.
09-23 20:39:39.069   488   499 W System  : A resource failed to call HardwareBuffer.close.
09-23 20:39:39.069   488   499 W System  : A resource failed to call release.
09-23 20:39:39.483 15533 15861 V Console : Foreground activity counter :: AtomicIntWrapper :: 12312792 :: 227589169 :: Value of: 1
09-23 20:39:39.531 15533 15533 V Console : Activity lifecycle :: PRE-STOPPED :: HistoryActivity
09-23 20:39:39.533 15533 15533 V Console : Activity lifecycle :: STOPPED :: HistoryActivity
09-23 20:39:39.533 15533 15533 D LifecycleMonitor: Lifecycle status change: com.shareconnect.HistoryActivity@f9dc5e7 in: STOPPED
09-23 20:39:39.534 15533 15533 V ActivityScenario: Activity lifecycle changed event received but ignored because the intent does not match. startActivityIntent=Intent { act=android.intent.action.MAIN cat=[android.intent.category.LAUNCHER] flg=0x10008000 cmp=com.shareconnect/.MainActivity }, activity.getIntent()=Intent { cmp=com.shareconnect/.HistoryActivity }, activity=com.shareconnect.HistoryActivity@f9dc5e7
09-23 20:39:39.534 15533 15533 V Console : Activity lifecycle :: POST-STOPPED :: HistoryActivity
09-23 20:39:39.535 15533 15533 V Console : Activity lifecycle :: PRE-DESTROYED :: HistoryActivity
09-23 20:39:39.536 15533 15533 V Console : Activity lifecycle :: DESTROYED :: HistoryActivity
09-23 20:39:39.537 15533 15533 D LifecycleMonitor: Lifecycle status change: com.shareconnect.HistoryActivity@f9dc5e7 in: DESTROYED
09-23 20:39:39.537 15533 15533 V ActivityScenario: Activity lifecycle changed event received but ignored because the intent does not match. startActivityIntent=Intent { act=android.intent.action.MAIN cat=[android.intent.category.LAUNCHER] flg=0x10008000 cmp=com.shareconnect/.MainActivity }, activity.getIntent()=Intent { cmp=com.shareconnect/.HistoryActivity }, activity=com.shareconnect.HistoryActivity@f9dc5e7
09-23 20:39:39.546   488  3363 W InputManager-JNI: Input channel object '600df63 com.shareconnect/com.shareconnect.HistoryActivity (client)' was disposed without first being removed with the input manager!
09-23 20:39:39.561 15533 15533 I ViewInteraction: Performing 'scroll to' action on view view.getId() is <2131230859/com.shareconnect:id/buttonSettings>
09-23 20:39:39.562 15533 15533 I ScrollToAction: View is already displayed. Returning.
09-23 20:39:39.563 15533 15533 I ViewInteraction: Checking 'MatchesViewAssertion{viewMatcher=(view has effective visibility <VISIBLE> and view.getGlobalVisibleRect() to return non-empty rectangle)}' assertion on view view.getId() is <2131230859/com.shareconnect:id/buttonSettings>
09-23 20:39:39.565 15533 15533 I ViewInteraction: Performing 'scroll to' action on view view.getId() is <2131230859/com.shareconnect:id/buttonSettings>
09-23 20:39:39.565 15533 15533 I ScrollToAction: View is already displayed. Returning.
09-23 20:39:39.566 15533 15533 I ViewInteraction: Performing 'single click' action on view view.getId() is <2131230859/com.shareconnect:id/buttonSettings>
09-23 20:39:39.642 15533 15533 V Console : Activity lifecycle :: PRE-PAUSED :: MainActivity
09-23 20:39:39.642 15533 15533 D Console : Activity lifecycle :: Top activity: MainActivity
09-23 20:39:39.642 15533 15533 D FirebaseSessions: App backgrounded on com.shareconnect
09-23 20:39:39.645 15533 15533 V Console : Activity lifecycle :: PAUSED :: MainActivity
09-23 20:39:39.645 15533 15533 V Console : Foreground activity counter :: AtomicIntWrapper :: 12312792 :: 227589169 :: Decremented to: 0
09-23 20:39:39.645 15533 15533 D LifecycleMonitor: Lifecycle status change: com.shareconnect.MainActivity@889d43e in: PAUSED
09-23 20:39:39.645 15533 15533 V ActivityScenario: Update currentActivityStage to PAUSED, currentActivity=com.shareconnect.MainActivity@889d43e
09-23 20:39:39.651 15533 15533 D LifecycleMonitor: Lifecycle status change: com.shareconnect.SettingsActivity@5fd12eb in: PRE_ON_CREATE
09-23 20:39:39.652 15533 15533 V ActivityScenario: Activity lifecycle changed event received but ignored because the intent does not match. startActivityIntent=Intent { act=android.intent.action.MAIN cat=[android.intent.category.LAUNCHER] flg=0x10008000 cmp=com.shareconnect/.MainActivity }, activity.getIntent()=Intent { cmp=com.shareconnect/.SettingsActivity }, activity=com.shareconnect.SettingsActivity@5fd12eb
09-23 20:39:39.652 15533 15533 D Console : getDefaultTheme() returned: Warm Orange Light (ID: 1, isDefault: true)
09-23 20:39:39.653 15533 15533 D Console : getDefaultTheme() returned: Warm Orange Light (ID: 1, isDefault: true)
09-23 20:39:39.653 15533 15533 D Console : Applying theme: Warm Orange Light, colorScheme: warm_orange, isDarkMode: false, currentTheme: WARM_ORANGE_LIGHT
09-23 20:39:39.653 15533 15533 D Console : Activity SettingsActivity usesToolbar: true
09-23 20:39:39.653 15533 15533 D Console : Setting night mode to NO
09-23 20:39:39.659 15533 15533 D LifecycleMonitor: Lifecycle status change: com.shareconnect.SettingsActivity@5fd12eb in: CREATED
09-23 20:39:39.659 15533 15533 V ActivityScenario: Activity lifecycle changed event received but ignored because the intent does not match. startActivityIntent=Intent { act=android.intent.action.MAIN cat=[android.intent.category.LAUNCHER] flg=0x10008000 cmp=com.shareconnect/.MainActivity }, activity.getIntent()=Intent { cmp=com.shareconnect/.SettingsActivity }, activity=com.shareconnect.SettingsActivity@5fd12eb
09-23 20:39:39.663 15533 15533 D LifecycleMonitor: Lifecycle status change: com.shareconnect.SettingsActivity@5fd12eb in: STARTED
09-23 20:39:39.663 15533 15533 V ActivityScenario: Activity lifecycle changed event received but ignored because the intent does not match. startActivityIntent=Intent { act=android.intent.action.MAIN cat=[android.intent.category.LAUNCHER] flg=0x10008000 cmp=com.shareconnect/.MainActivity }, activity.getIntent()=Intent { cmp=com.shareconnect/.SettingsActivity }, activity=com.shareconnect.SettingsActivity@5fd12eb
09-23 20:39:39.664 15533 15533 D FirebaseSessions: App foregrounded on com.shareconnect
09-23 20:39:39.666 15533 15533 V Console : Activity lifecycle :: RESUMED :: SettingsActivity
09-23 20:39:39.666 15533 15533 V Console : Foreground activity counter :: AtomicIntWrapper :: 12312792 :: 227589169 :: Value of: 0
09-23 20:39:39.666 15533 15533 I Console : Activity lifecycle :: Main state :: Foreground
09-23 20:39:39.666 15533 15533 V Console : Foreground activity counter :: AtomicIntWrapper :: 12312792 :: 227589169 :: Incremented to: 1
09-23 20:39:39.667 15533 15533 D LifecycleMonitor: Lifecycle status change: com.shareconnect.SettingsActivity@5fd12eb in: RESUMED
09-23 20:39:39.667 15533 15533 V ActivityScenario: Activity lifecycle changed event received but ignored because the intent does not match. startActivityIntent=Intent { act=android.intent.action.MAIN cat=[android.intent.category.LAUNCHER] flg=0x10008000 cmp=com.shareconnect/.MainActivity }, activity.getIntent()=Intent { cmp=com.shareconnect/.SettingsActivity }, activity=com.shareconnect.SettingsActivity@5fd12eb
09-23 20:39:39.667 15533 15533 V Console : Activity lifecycle :: POST-RESUMED :: SettingsActivity
09-23 20:39:39.669 15533 15626 W Parcel  : Expecting binder but got null!
09-23 20:39:39.683 15533 15626 E OpenGLRenderer: Unable to match the desired swap behavior.
09-23 20:39:39.696   488   503 I ActivityTaskManager: Displayed com.shareconnect/.SettingsActivity: +69ms
09-23 20:39:39.712   488 13626 W Parcel  : Expecting binder but got null!
09-23 20:39:39.712   488 13626 W Parcel  : Expecting binder but got null!
09-23 20:39:39.793 11811 11811 I GoogleInputMethodService: GoogleInputMethodService.onFinishInput():3227
09-23 20:39:39.794 11811 11811 I GoogleInputMethodService: GoogleInputMethodService.updateDeviceLockedStatus():2087 repeatCheckTimes = 0, unlocked = true
09-23 20:39:39.794 11811 11811 I GoogleInputMethodService: GoogleInputMethodService.onStartInput():1877 onStartInput(EditorInfo{inputType=0x0(NULL) imeOptions=0x0 privateImeOptions=null actionName=UNSPECIFIED actionLabel=null actionId=0 initialSelStart=-1 initialSelEnd=-1 initialCapsMode=0x0 hintText=null label=null packageName=com.shareconnect fieldId=-1 fieldName=null extras=null}, false)
09-23 20:39:39.794 11811 11811 I GoogleInputMethodService: GoogleInputMethodService.shouldHideHeaderOnInitialState():4008 ShouldHideHeaderOnInitialState = false
09-23 20:39:39.794 11811 11811 I GoogleInputMethodService: GoogleInputMethodService.updateDeviceLockedStatus():2087 repeatCheckTimes = 2, unlocked = true
09-23 20:39:40.067 15533 15626 D EGL_emulation: app_time_stats: avg=34.14ms min=12.13ms max=487.38ms count=31
09-23 20:39:40.146 15533 15866 V Console : Foreground activity counter :: AtomicIntWrapper :: 12312792 :: 227589169 :: Value of: 1
09-23 20:39:40.175 15533 15626 D OpenGLRenderer: endAllActiveAnimators on 0xb400007b2944d0e0 (RippleDrawable) with handle 0xb400007a394cd200
09-23 20:39:40.178 15533 15533 V Console : Activity lifecycle :: PRE-STOPPED :: MainActivity
09-23 20:39:40.179 15533 15533 V Console : Activity lifecycle :: STOPPED :: MainActivity
09-23 20:39:40.179 15533 15533 D LifecycleMonitor: Lifecycle status change: com.shareconnect.MainActivity@889d43e in: STOPPED
09-23 20:39:40.179 15533 15533 V ActivityScenario: Update currentActivityStage to STOPPED, currentActivity=com.shareconnect.MainActivity@889d43e
09-23 20:39:40.179 15533 15533 V Console : Activity lifecycle :: POST-STOPPED :: MainActivity
09-23 20:39:40.721 15533 15533 V Console : Activity lifecycle :: PRE-PAUSED :: SettingsActivity
09-23 20:39:40.721 15533 15533 D Console : Activity lifecycle :: Top activity: SettingsActivity
09-23 20:39:40.721 15533 15533 D FirebaseSessions: App backgrounded on com.shareconnect
09-23 20:39:40.728 15533 15533 V Console : Activity lifecycle :: PAUSED :: SettingsActivity
09-23 20:39:40.729 15533 15533 V Console : Foreground activity counter :: AtomicIntWrapper :: 12312792 :: 227589169 :: Decremented to: 0
09-23 20:39:40.730 15533 15533 D LifecycleMonitor: Lifecycle status change: com.shareconnect.SettingsActivity@5fd12eb in: PAUSED
09-23 20:39:40.730 15533 15533 V ActivityScenario: Activity lifecycle changed event received but ignored because the intent does not match. startActivityIntent=Intent { act=android.intent.action.MAIN cat=[android.intent.category.LAUNCHER] flg=0x10008000 cmp=com.shareconnect/.MainActivity }, activity.getIntent()=Intent { cmp=com.shareconnect/.SettingsActivity }, activity=com.shareconnect.SettingsActivity@5fd12eb
09-23 20:39:40.735 15533 15533 D LifecycleMonitor: Lifecycle status change: com.shareconnect.MainActivity@889d43e in: RESTARTED
09-23 20:39:40.735 15533 15533 V ActivityScenario: Update currentActivityStage to RESTARTED, currentActivity=com.shareconnect.MainActivity@889d43e
09-23 20:39:40.737 15533 15533 D LifecycleMonitor: Lifecycle status change: com.shareconnect.MainActivity@889d43e in: STARTED
09-23 20:39:40.738 15533 15533 V ActivityScenario: Update currentActivityStage to STARTED, currentActivity=com.shareconnect.MainActivity@889d43e
09-23 20:39:40.740 15533 15533 D FirebaseSessions: App foregrounded on com.shareconnect
09-23 20:39:40.742 15533 15533 V Console : Activity lifecycle :: RESUMED :: MainActivity
09-23 20:39:40.742 15533 15533 V Console : Foreground activity counter :: AtomicIntWrapper :: 12312792 :: 227589169 :: Value of: 0
09-23 20:39:40.742 15533 15533 I Console : Activity lifecycle :: Main state :: Foreground
09-23 20:39:40.742 15533 15533 V Console : Foreground activity counter :: AtomicIntWrapper :: 12312792 :: 227589169 :: Incremented to: 1
09-23 20:39:40.743 15533 15533 D Console : hasThemeChanged() returned: false
09-23 20:39:40.743 15533 15533 D Console : onResume() called, themeChanged: false
09-23 20:39:40.743 15533 15533 D LifecycleMonitor: Lifecycle status change: com.shareconnect.MainActivity@889d43e in: RESUMED
09-23 20:39:40.743 15533 15533 V ActivityScenario: Update currentActivityStage to RESUMED, currentActivity=com.shareconnect.MainActivity@889d43e
09-23 20:39:40.743 15533 15533 V Console : Activity lifecycle :: POST-RESUMED :: MainActivity
09-23 20:39:40.749 15533 15626 E OpenGLRenderer: Unable to match the desired swap behavior.
09-23 20:39:40.776 15533 15626 D EGL_emulation: app_time_stats: avg=72.14ms min=1.12ms max=866.36ms count=14
09-23 20:39:40.778   488 13626 W Parcel  : Expecting binder but got null!
09-23 20:39:40.778   488 13626 W Parcel  : Expecting binder but got null!
09-23 20:39:40.792 11811 11811 I GoogleInputMethodService: GoogleInputMethodService.onFinishInput():3227
09-23 20:39:40.793 11811 11811 I GoogleInputMethodService: GoogleInputMethodService.updateDeviceLockedStatus():2087 repeatCheckTimes = 0, unlocked = true
09-23 20:39:40.793 11811 11811 I GoogleInputMethodService: GoogleInputMethodService.onStartInput():1877 onStartInput(EditorInfo{inputType=0x0(NULL) imeOptions=0x0 privateImeOptions=null actionName=UNSPECIFIED actionLabel=null actionId=0 initialSelStart=-1 initialSelEnd=-1 initialCapsMode=0x0 hintText=null label=null packageName=com.shareconnect fieldId=-1 fieldName=null extras=null}, false)
09-23 20:39:40.793 11811 11811 I GoogleInputMethodService: GoogleInputMethodService.shouldHideHeaderOnInitialState():4008 ShouldHideHeaderOnInitialState = false
09-23 20:39:40.793 11811 11811 I GoogleInputMethodService: GoogleInputMethodService.updateDeviceLockedStatus():2087 repeatCheckTimes = 2, unlocked = true
09-23 20:39:41.232 15533 15873 V Console : Foreground activity counter :: AtomicIntWrapper :: 12312792 :: 227589169 :: Value of: 1
09-23 20:39:41.264 15533 15533 V Console : Activity lifecycle :: PRE-STOPPED :: SettingsActivity
09-23 20:39:41.265 15533 15533 V Console : Activity lifecycle :: STOPPED :: SettingsActivity
09-23 20:39:41.266 15533 15533 D LifecycleMonitor: Lifecycle status change: com.shareconnect.SettingsActivity@5fd12eb in: STOPPED
09-23 20:39:41.266 15533 15533 V ActivityScenario: Activity lifecycle changed event received but ignored because the intent does not match. startActivityIntent=Intent { act=android.intent.action.MAIN cat=[android.intent.category.LAUNCHER] flg=0x10008000 cmp=com.shareconnect/.MainActivity }, activity.getIntent()=Intent { cmp=com.shareconnect/.SettingsActivity }, activity=com.shareconnect.SettingsActivity@5fd12eb
09-23 20:39:41.267 15533 15533 V Console : Activity lifecycle :: POST-STOPPED :: SettingsActivity
09-23 20:39:41.268 15533 15533 V Console : Activity lifecycle :: PRE-DESTROYED :: SettingsActivity
09-23 20:39:41.269 15533 15533 V Console : Activity lifecycle :: DESTROYED :: SettingsActivity
09-23 20:39:41.272 15533 15533 D LifecycleMonitor: Lifecycle status change: com.shareconnect.SettingsActivity@5fd12eb in: DESTROYED
09-23 20:39:41.272 15533 15533 V ActivityScenario: Activity lifecycle changed event received but ignored because the intent does not match. startActivityIntent=Intent { act=android.intent.action.MAIN cat=[android.intent.category.LAUNCHER] flg=0x10008000 cmp=com.shareconnect/.MainActivity }, activity.getIntent()=Intent { cmp=com.shareconnect/.SettingsActivity }, activity=com.shareconnect.SettingsActivity@5fd12eb
09-23 20:39:41.276   488   502 W InputManager-JNI: Input channel object '9a57987 com.shareconnect/com.shareconnect.SettingsActivity (client)' was disposed without first being removed with the input manager!
09-23 20:39:41.293 15533 15533 I ViewInteraction: Performing 'scroll to' action on view view.getId() is <2131230851/com.shareconnect:id/buttonHistory>
09-23 20:39:41.293 15533 15533 I ScrollToAction: View is already displayed. Returning.
09-23 20:39:41.294 15533 15533 I ViewInteraction: Performing 'single click' action on view view.getId() is <2131230851/com.shareconnect:id/buttonHistory>
09-23 20:39:41.359 15533 15533 V Console : Activity lifecycle :: PRE-PAUSED :: MainActivity
09-23 20:39:41.360 15533 15533 D Console : Activity lifecycle :: Top activity: MainActivity
09-23 20:39:41.360 15533 15533 D FirebaseSessions: App backgrounded on com.shareconnect
09-23 20:39:41.361 15533 15533 V Console : Activity lifecycle :: PAUSED :: MainActivity
09-23 20:39:41.362 15533 15533 V Console : Foreground activity counter :: AtomicIntWrapper :: 12312792 :: 227589169 :: Decremented to: 0
09-23 20:39:41.363 15533 15533 D LifecycleMonitor: Lifecycle status change: com.shareconnect.MainActivity@889d43e in: PAUSED
09-23 20:39:41.363 15533 15533 V ActivityScenario: Update currentActivityStage to PAUSED, currentActivity=com.shareconnect.MainActivity@889d43e
09-23 20:39:41.369 15533 15533 D LifecycleMonitor: Lifecycle status change: com.shareconnect.HistoryActivity@e1d8ef7 in: PRE_ON_CREATE
09-23 20:39:41.369 15533 15533 V ActivityScenario: Activity lifecycle changed event received but ignored because the intent does not match. startActivityIntent=Intent { act=android.intent.action.MAIN cat=[android.intent.category.LAUNCHER] flg=0x10008000 cmp=com.shareconnect/.MainActivity }, activity.getIntent()=Intent { cmp=com.shareconnect/.HistoryActivity }, activity=com.shareconnect.HistoryActivity@e1d8ef7
09-23 20:39:41.370 15533 15533 D Console : getDefaultTheme() returned: Warm Orange Light (ID: 1, isDefault: true)
09-23 20:39:41.370 15533 15533 D Console : getDefaultTheme() returned: Warm Orange Light (ID: 1, isDefault: true)
09-23 20:39:41.370 15533 15533 D Console : Applying theme: Warm Orange Light, colorScheme: warm_orange, isDarkMode: false, currentTheme: WARM_ORANGE_LIGHT
09-23 20:39:41.371 15533 15533 D Console : Activity HistoryActivity usesToolbar: true
09-23 20:39:41.371 15533 15533 D Console : Setting night mode to NO
09-23 20:39:41.399 15533 15533 D LifecycleMonitor: Lifecycle status change: com.shareconnect.HistoryActivity@e1d8ef7 in: CREATED
09-23 20:39:41.400 15533 15533 V ActivityScenario: Activity lifecycle changed event received but ignored because the intent does not match. startActivityIntent=Intent { act=android.intent.action.MAIN cat=[android.intent.category.LAUNCHER] flg=0x10008000 cmp=com.shareconnect/.MainActivity }, activity.getIntent()=Intent { cmp=com.shareconnect/.HistoryActivity }, activity=com.shareconnect.HistoryActivity@e1d8ef7
09-23 20:39:41.400 15533 15533 D LifecycleMonitor: Lifecycle status change: com.shareconnect.HistoryActivity@e1d8ef7 in: STARTED
09-23 20:39:41.400 15533 15533 V ActivityScenario: Activity lifecycle changed event received but ignored because the intent does not match. startActivityIntent=Intent { act=android.intent.action.MAIN cat=[android.intent.category.LAUNCHER] flg=0x10008000 cmp=com.shareconnect/.MainActivity }, activity.getIntent()=Intent { cmp=com.shareconnect/.HistoryActivity }, activity=com.shareconnect.HistoryActivity@e1d8ef7
09-23 20:39:41.401 15533 15533 D FirebaseSessions: App foregrounded on com.shareconnect
09-23 20:39:41.403 15533 15533 V Console : Activity lifecycle :: RESUMED :: HistoryActivity
09-23 20:39:41.403 15533 15533 V Console : Foreground activity counter :: AtomicIntWrapper :: 12312792 :: 227589169 :: Value of: 0
09-23 20:39:41.403 15533 15533 I Console : Activity lifecycle :: Main state :: Foreground
09-23 20:39:41.403 15533 15533 V Console : Foreground activity counter :: AtomicIntWrapper :: 12312792 :: 227589169 :: Incremented to: 1
09-23 20:39:41.403 15533 15533 D Console : hasThemeChanged() returned: false
09-23 20:39:41.404 15533 15533 D LifecycleMonitor: Lifecycle status change: com.shareconnect.HistoryActivity@e1d8ef7 in: RESUMED
09-23 20:39:41.404 15533 15533 V ActivityScenario: Activity lifecycle changed event received but ignored because the intent does not match. startActivityIntent=Intent { act=android.intent.action.MAIN cat=[android.intent.category.LAUNCHER] flg=0x10008000 cmp=com.shareconnect/.MainActivity }, activity.getIntent()=Intent { cmp=com.shareconnect/.HistoryActivity }, activity=com.shareconnect.HistoryActivity@e1d8ef7
09-23 20:39:41.404 15533 15533 V Console : Activity lifecycle :: POST-RESUMED :: HistoryActivity
09-23 20:39:41.406 15533 15626 W Parcel  : Expecting binder but got null!
09-23 20:39:41.421 15533 15626 E OpenGLRenderer: Unable to match the desired swap behavior.
09-23 20:39:41.436   488   503 I ActivityTaskManager: Displayed com.shareconnect/.HistoryActivity: +92ms
09-23 20:39:41.445   488 13626 W Parcel  : Expecting binder but got null!
09-23 20:39:41.450   488 13626 W Parcel  : Expecting binder but got null!
09-23 20:39:41.530 11811 11811 I GoogleInputMethodService: GoogleInputMethodService.onFinishInput():3227
09-23 20:39:41.530 11811 11811 I GoogleInputMethodService: GoogleInputMethodService.updateDeviceLockedStatus():2087 repeatCheckTimes = 0, unlocked = true
09-23 20:39:41.530 11811 11811 I GoogleInputMethodService: GoogleInputMethodService.onStartInput():1877 onStartInput(EditorInfo{inputType=0x0(NULL) imeOptions=0x0 privateImeOptions=null actionName=UNSPECIFIED actionLabel=null actionId=0 initialSelStart=-1 initialSelEnd=-1 initialCapsMode=0x0 hintText=null label=null packageName=com.shareconnect fieldId=-1 fieldName=null extras=null}, false)
09-23 20:39:41.530 11811 11811 I GoogleInputMethodService: GoogleInputMethodService.shouldHideHeaderOnInitialState():4008 ShouldHideHeaderOnInitialState = false
09-23 20:39:41.531 11811 11811 I GoogleInputMethodService: GoogleInputMethodService.updateDeviceLockedStatus():2087 repeatCheckTimes = 2, unlocked = true
09-23 20:39:41.827 15533 15626 D EGL_emulation: app_time_stats: avg=28.92ms min=13.93ms max=436.81ms count=37
09-23 20:39:41.863 15533 15878 V Console : Foreground activity counter :: AtomicIntWrapper :: 12312792 :: 227589169 :: Value of: 1
09-23 20:39:41.926 15533 15626 D OpenGLRenderer: endAllActiveAnimators on 0xb400007b29462610 (RippleDrawable) with handle 0xb400007a394bf550
09-23 20:39:41.930 15533 15533 V Console : Activity lifecycle :: PRE-STOPPED :: MainActivity
09-23 20:39:41.931 15533 15533 V Console : Activity lifecycle :: STOPPED :: MainActivity
09-23 20:39:41.932 15533 15533 D LifecycleMonitor: Lifecycle status change: com.shareconnect.MainActivity@889d43e in: STOPPED
09-23 20:39:41.932 15533 15533 V ActivityScenario: Update currentActivityStage to STOPPED, currentActivity=com.shareconnect.MainActivity@889d43e
09-23 20:39:41.932 15533 15533 V Console : Activity lifecycle :: POST-STOPPED :: MainActivity
09-23 20:39:42.471 15533 15533 V Console : Activity lifecycle :: PRE-PAUSED :: HistoryActivity
09-23 20:39:42.472 15533 15533 D Console : Activity lifecycle :: Top activity: HistoryActivity
09-23 20:39:42.472 15533 15533 D FirebaseSessions: App backgrounded on com.shareconnect
09-23 20:39:42.477 15533 15533 V Console : Activity lifecycle :: PAUSED :: HistoryActivity
09-23 20:39:42.478 15533 15533 V Console : Foreground activity counter :: AtomicIntWrapper :: 12312792 :: 227589169 :: Decremented to: 0
09-23 20:39:42.479 15533 15533 D LifecycleMonitor: Lifecycle status change: com.shareconnect.HistoryActivity@e1d8ef7 in: PAUSED
09-23 20:39:42.479 15533 15533 V ActivityScenario: Activity lifecycle changed event received but ignored because the intent does not match. startActivityIntent=Intent { act=android.intent.action.MAIN cat=[android.intent.category.LAUNCHER] flg=0x10008000 cmp=com.shareconnect/.MainActivity }, activity.getIntent()=Intent { cmp=com.shareconnect/.HistoryActivity }, activity=com.shareconnect.HistoryActivity@e1d8ef7
09-23 20:39:42.483 15533 15533 D LifecycleMonitor: Lifecycle status change: com.shareconnect.MainActivity@889d43e in: RESTARTED
09-23 20:39:42.484 15533 15533 V ActivityScenario: Update currentActivityStage to RESTARTED, currentActivity=com.shareconnect.MainActivity@889d43e
09-23 20:39:42.484 15533 15533 D LifecycleMonitor: Lifecycle status change: com.shareconnect.MainActivity@889d43e in: STARTED
09-23 20:39:42.484 15533 15533 V ActivityScenario: Update currentActivityStage to STARTED, currentActivity=com.shareconnect.MainActivity@889d43e
09-23 20:39:42.485 15533 15533 D FirebaseSessions: App foregrounded on com.shareconnect
09-23 20:39:42.487 15533 15533 V Console : Activity lifecycle :: RESUMED :: MainActivity
09-23 20:39:42.488 15533 15533 V Console : Foreground activity counter :: AtomicIntWrapper :: 12312792 :: 227589169 :: Value of: 0
09-23 20:39:42.488 15533 15533 I Console : Activity lifecycle :: Main state :: Foreground
09-23 20:39:42.488 15533 15533 V Console : Foreground activity counter :: AtomicIntWrapper :: 12312792 :: 227589169 :: Incremented to: 1
09-23 20:39:42.488 15533 15533 D Console : hasThemeChanged() returned: false
09-23 20:39:42.488 15533 15533 D Console : onResume() called, themeChanged: false
09-23 20:39:42.488 15533 15533 D LifecycleMonitor: Lifecycle status change: com.shareconnect.MainActivity@889d43e in: RESUMED
09-23 20:39:42.488 15533 15533 V ActivityScenario: Update currentActivityStage to RESUMED, currentActivity=com.shareconnect.MainActivity@889d43e
09-23 20:39:42.488 15533 15533 V Console : Activity lifecycle :: POST-RESUMED :: MainActivity
09-23 20:39:42.496 15533 15626 E OpenGLRenderer: Unable to match the desired swap behavior.
09-23 20:39:42.502 11307 15616 D AdvertisingIdClient: AdvertisingIdClient already created.
09-23 20:39:42.505 11307 15616 I AdvertisingIdClient: shouldSendLog 10569668
09-23 20:39:42.505 11307 15616 I AdvertisingIdClient: GetInfoInternal elapse 3ms
09-23 20:39:42.519 15533 15626 D EGL_emulation: app_time_stats: avg=83.52ms min=8.43ms max=877.25ms count=13
09-23 20:39:42.526 11811 11811 I GoogleInputMethodService: GoogleInputMethodService.onFinishInput():3227
09-23 20:39:42.528 11811 11811 I GoogleInputMethodService: GoogleInputMethodService.updateDeviceLockedStatus():2087 repeatCheckTimes = 0, unlocked = true
09-23 20:39:42.528 11811 11811 I GoogleInputMethodService: GoogleInputMethodService.onStartInput():1877 onStartInput(EditorInfo{inputType=0x0(NULL) imeOptions=0x0 privateImeOptions=null actionName=UNSPECIFIED actionLabel=null actionId=0 initialSelStart=-1 initialSelEnd=-1 initialCapsMode=0x0 hintText=null label=null packageName=com.shareconnect fieldId=-1 fieldName=null extras=null}, false)
09-23 20:39:42.528 11811 11811 I GoogleInputMethodService: GoogleInputMethodService.shouldHideHeaderOnInitialState():4008 ShouldHideHeaderOnInitialState = false
09-23 20:39:42.528 11811 11811 I GoogleInputMethodService: GoogleInputMethodService.updateDeviceLockedStatus():2087 repeatCheckTimes = 2, unlocked = true
09-23 20:39:42.530   488 13626 W Parcel  : Expecting binder but got null!
09-23 20:39:42.530   488 13626 W Parcel  : Expecting binder but got null!
09-23 20:39:42.981 15533 15885 V Console : Foreground activity counter :: AtomicIntWrapper :: 12312792 :: 227589169 :: Value of: 1
09-23 20:39:43.016 15533 15533 V Console : Activity lifecycle :: PRE-STOPPED :: HistoryActivity
09-23 20:39:43.018 15533 15533 V Console : Activity lifecycle :: STOPPED :: HistoryActivity
09-23 20:39:43.018 15533 15533 D LifecycleMonitor: Lifecycle status change: com.shareconnect.HistoryActivity@e1d8ef7 in: STOPPED
09-23 20:39:43.019 15533 15533 V ActivityScenario: Activity lifecycle changed event received but ignored because the intent does not match. startActivityIntent=Intent { act=android.intent.action.MAIN cat=[android.intent.category.LAUNCHER] flg=0x10008000 cmp=com.shareconnect/.MainActivity }, activity.getIntent()=Intent { cmp=com.shareconnect/.HistoryActivity }, activity=com.shareconnect.HistoryActivity@e1d8ef7
09-23 20:39:43.019 15533 15533 V Console : Activity lifecycle :: POST-STOPPED :: HistoryActivity
09-23 20:39:43.020 15533 15533 V Console : Activity lifecycle :: PRE-DESTROYED :: HistoryActivity
09-23 20:39:43.020 15533 15533 V Console : Activity lifecycle :: DESTROYED :: HistoryActivity
09-23 20:39:43.021 15533 15533 D LifecycleMonitor: Lifecycle status change: com.shareconnect.HistoryActivity@e1d8ef7 in: DESTROYED
09-23 20:39:43.021 15533 15533 V ActivityScenario: Activity lifecycle changed event received but ignored because the intent does not match. startActivityIntent=Intent { act=android.intent.action.MAIN cat=[android.intent.category.LAUNCHER] flg=0x10008000 cmp=com.shareconnect/.MainActivity }, activity.getIntent()=Intent { cmp=com.shareconnect/.HistoryActivity }, activity=com.shareconnect.HistoryActivity@e1d8ef7
09-23 20:39:43.045 15533 15533 I om.shareconnect: Explicit concurrent copying GC freed 80964(3199KB) AllocSpace objects, 8(416KB) LOS objects, 49% free, 9025KB/17MB, paused 40us,30us total 23.720ms
09-23 20:39:43.050 15533 15544 D StrictMode: StrictMode policy violation: android.os.strictmode.LeakedClosableViolation: A resource was acquired at attached stack trace but never released. See java.io.Closeable for information on avoiding resource leaks.
09-23 20:39:43.050 15533 15544 D StrictMode: 	at android.os.StrictMode$AndroidCloseGuardReporter.report(StrictMode.java:1986)
09-23 20:39:43.050 15533 15544 D StrictMode: 	at dalvik.system.CloseGuard.warnIfOpen(CloseGuard.java:336)
09-23 20:39:43.050 15533 15544 D StrictMode: 	at android.database.sqlite.SQLiteDatabase.dispose(SQLiteDatabase.java:511)
09-23 20:39:43.050 15533 15544 D StrictMode: 	at android.database.sqlite.SQLiteDatabase.finalize(SQLiteDatabase.java:495)
09-23 20:39:43.050 15533 15544 D StrictMode: 	at java.lang.Daemons$FinalizerDaemon.doFinalize(Daemons.java:319)
09-23 20:39:43.050 15533 15544 D StrictMode: 	at java.lang.Daemons$FinalizerDaemon.runInternal(Daemons.java:306)
09-23 20:39:43.050 15533 15544 D StrictMode: 	at java.lang.Daemons$Daemon.run(Daemons.java:140)
09-23 20:39:43.050 15533 15544 D StrictMode: 	at java.lang.Thread.run(Thread.java:1012)
09-23 20:39:43.050 15533 15544 D StrictMode: Caused by: java.lang.Throwable: Explicit termination method 'close' not called
09-23 20:39:43.050 15533 15544 D StrictMode: 	at dalvik.system.CloseGuard.openWithCallSite(CloseGuard.java:288)
09-23 20:39:43.050 15533 15544 D StrictMode: 	at dalvik.system.CloseGuard.open(CloseGuard.java:257)
09-23 20:39:43.050 15533 15544 D StrictMode: 	at android.database.sqlite.SQLiteDatabase.openInner(SQLiteDatabase.java:1086)
09-23 20:39:43.050 15533 15544 D StrictMode: 	at android.database.sqlite.SQLiteDatabase.open(SQLiteDatabase.java:1065)
09-23 20:39:43.050 15533 15544 D StrictMode: 	at android.database.sqlite.SQLiteDatabase.openDatabase(SQLiteDatabase.java:929)
09-23 20:39:43.050 15533 15544 D StrictMode: 	at android.database.sqlite.SQLiteDatabase.openDatabase(SQLiteDatabase.java:918)
09-23 20:39:43.050 15533 15544 D StrictMode: 	at android.database.sqlite.SQLiteOpenHelper.getDatabaseLocked(SQLiteOpenHelper.java:373)
09-23 20:39:43.050 15533 15544 D StrictMode: 	at android.database.sqlite.SQLiteOpenHelper.getWritableDatabase(SQLiteOpenHelper.java:316)
09-23 20:39:43.050 15533 15544 D StrictMode: 	at androidx.sqlite.db.framework.FrameworkSQLiteOpenHelper$OpenHelper.getWritableOrReadableDatabase(FrameworkSQLiteOpenHelper.android.kt:224)
09-23 20:39:43.050 15533 15544 D StrictMode: 	at androidx.sqlite.db.framework.FrameworkSQLiteOpenHelper$OpenHelper.innerGetDatabase(FrameworkSQLiteOpenHelper.android.kt:167)
09-23 20:39:43.050 15533 15544 D StrictMode: 	at androidx.sqlite.db.framework.FrameworkSQLiteOpenHelper$OpenHelper.getSupportDatabase(FrameworkSQLiteOpenHelper.android.kt:141)
09-23 20:39:43.050 15533 15544 D StrictMode: 	at androidx.sqlite.db.framework.FrameworkSQLiteOpenHelper.getWritableDatabase(FrameworkSQLiteOpenHelper.android.kt:96)
09-23 20:39:43.050 15533 15544 D StrictMode: 	at androidx.sqlite.driver.SupportSQLiteDriver.open(SupportSQLiteDriver.android.kt:57)
09-23 20:39:43.050 15533 15544 D StrictMode: 	at androidx.sqlite.driver.SupportSQLiteDriver.open(SupportSQLiteDriver.android.kt:33)
09-23 20:39:43.050 15533 15544 D StrictMode: 	at androidx.room.coroutines.PassthroughConnectionPool.connection$lambda$0(PassthroughConnectionPool.kt:47)
09-23 20:39:43.050 15533 15544 D StrictMode: 	at androidx.room.coroutines.PassthroughConnectionPool.$r8$lambda$5PfN97KPsXXXOapSC9IzcedL70w(Unknown Source:0)
09-23 20:39:43.050 15533 15544 D StrictMode: 	at androidx.room.coroutines.PassthroughConnectionPool$$ExternalSyntheticLambda0.invoke(D8$$SyntheticClass:0)
09-23 20:39:43.050 15533 15544 D StrictMode: 	at kotlin.SynchronizedLazyImpl.getValue(LazyJVM.kt:86)
09-23 20:39:43.050 15533 15544 D StrictMode: 	at androidx.room.coroutines.PassthroughConnectionPool.useConnection(PassthroughConnectionPool.kt:58)
09-23 20:39:43.050 15533 15544 D StrictMode: 	at androidx.room.RoomConnectionManager.useConnection(RoomConnectionManager.android.kt:136)
09-23 20:39:43.050 15533 15544 D StrictMode: 	at androidx.room.RoomDatabase.useConnection(RoomDatabase.android.kt:619)
09-23 20:39:43.050 15533 15544 D StrictMode: 	at androidx.room.util.DBUtil__DBUtil_androidKt$performBlocking$1$1.invokeSuspend(DBUtil.android.kt:260)
