09-23 20:39:18.554 15533 15612 I TestRunner: started: testScreenReaderSupport(com.shareconnect.automation.AccessibilityAutomationTest)
09-23 20:39:18.576 15533 15612 W Settings: Setting always_finish_activities has moved from android.provider.Settings.System to android.provider.Settings.Global, returning read-only value.
09-23 20:39:18.602   779   868 W Parcel  : Expecting binder but got null!
09-23 20:39:18.673   779   868 E OpenGLRenderer: Unable to match the desired swap behavior.
09-23 20:39:18.727 15533 15533 D LifecycleMonitor: Lifecycle status change: com.shareconnect.MainActivity@961bd68 in: PRE_ON_CREATE
09-23 20:39:18.728 15533 15533 V ActivityScenario: Activity lifecycle changed event received but ignored because the reported transition was not ON_CREATE while the last known transition was PRE_ON_CREATE
09-23 20:39:18.735  1581  1581 I GsaVoiceInteractionSrv: Handling ACTION_STOP_HOTWORD
09-23 20:39:18.738  1581  2154 I HwDetectorWithState: (REDACTED) a: %d
09-23 20:39:18.741 15533 15533 D Console : getDefaultTheme() returned: Warm Orange Light (ID: 1, isDefault: true)
09-23 20:39:18.745 15533 15533 D Console : getDefaultTheme() returned: Warm Orange Light (ID: 1, isDefault: true)
09-23 20:39:18.746 15533 15533 D Console : Applying theme: Warm Orange Light, colorScheme: warm_orange, isDarkMode: false, currentTheme: WARM_ORANGE_LIGHT
09-23 20:39:18.748 15533 15533 D Console : Activity MainActivity usesToolbar: true
09-23 20:39:18.764 15533 15533 D Console : Setting night mode to NO
09-23 20:39:18.769 11307 11307 W ThreadPoolForeg: type=1400 audit(0.0:2138): avc: denied { write } for name="traced_producer" dev="tmpfs" ino=647 scontext=u:r:gmscore_app:s0:c512,c768 tcontext=u:object_r:traced_producer_socket:s0 tclass=sock_file permissive=0 app=com.google.android.gms
09-23 20:39:18.923 15533 15533 D LifecycleMonitor: Lifecycle status change: com.shareconnect.MainActivity@961bd68 in: CREATED
09-23 20:39:18.924 15533 15533 V ActivityScenario: Update currentActivityStage to CREATED, currentActivity=com.shareconnect.MainActivity@961bd68
09-23 20:39:18.929 15533 15533 D LifecycleMonitor: Lifecycle status change: com.shareconnect.MainActivity@961bd68 in: STARTED
09-23 20:39:18.929 15533 15533 V ActivityScenario: Update currentActivityStage to STARTED, currentActivity=com.shareconnect.MainActivity@961bd68
09-23 20:39:18.934 15533 15533 D FirebaseSessions: App foregrounded on com.shareconnect
09-23 20:39:18.956 15533 15533 V Console : Activity lifecycle :: RESUMED :: MainActivity
09-23 20:39:18.966 15533 15533 V Console : Foreground activity counter :: AtomicIntWrapper :: 12312792 :: 227589169 :: Value of: 0
09-23 20:39:18.966 15533 15533 I Console : Activity lifecycle :: Main state :: Foreground
09-23 20:39:18.966 15533 15533 V Console : Foreground activity counter :: AtomicIntWrapper :: 12312792 :: 227589169 :: Incremented to: 1
09-23 20:39:18.967 15533 15533 D Console : hasThemeChanged() returned: false
09-23 20:39:18.968 15533 15533 D Console : onResume() called, themeChanged: false
09-23 20:39:18.968 15533 15533 D LifecycleMonitor: Lifecycle status change: com.shareconnect.MainActivity@961bd68 in: RESUMED
09-23 20:39:18.968 15533 15533 V ActivityScenario: Update currentActivityStage to RESUMED, currentActivity=com.shareconnect.MainActivity@961bd68
09-23 20:39:18.969 15533 15533 V Console : Activity lifecycle :: POST-RESUMED :: MainActivity
09-23 20:39:18.990 15533 15626 W Parcel  : Expecting binder but got null!
09-23 20:39:19.066   779   868 D EGL_emulation: app_time_stats: avg=5185.08ms min=5185.08ms max=5185.08ms count=1
09-23 20:39:19.091 15533 15626 E OpenGLRenderer: Unable to match the desired swap behavior.
09-23 20:39:19.105   779   868 D EGL_emulation: app_time_stats: avg=799.30ms min=25.44ms max=6829.69ms count=9
09-23 20:39:19.184   488   503 W ziparchive: Unable to open '/data/app/~~ax2PC4cP0yVn6y5KYomcXg==/com.shareconnect-W6-yzzxxsq-l613Q0yLpRg==/base.dm': No such file or directory
09-23 20:39:19.188   488   503 I ActivityTaskManager: Displayed com.shareconnect/.MainActivity: +602ms
09-23 20:39:19.282 11811 11811 I GoogleInputMethodService: GoogleInputMethodService.onFinishInput():3227
09-23 20:39:19.285 11811 11811 I GoogleInputMethodService: GoogleInputMethodService.updateDeviceLockedStatus():2087 repeatCheckTimes = 0, unlocked = true
09-23 20:39:19.285 11811 11811 I GoogleInputMethodService: GoogleInputMethodService.onStartInput():1877 onStartInput(EditorInfo{inputType=0x0(NULL) imeOptions=0x0 privateImeOptions=null actionName=UNSPECIFIED actionLabel=null actionId=0 initialSelStart=-1 initialSelEnd=-1 initialCapsMode=0x0 hintText=null label=null packageName=com.shareconnect fieldId=-1 fieldName=null extras=null}, false)
09-23 20:39:19.285 11811 11811 I GoogleInputMethodService: GoogleInputMethodService.shouldHideHeaderOnInitialState():4008 ShouldHideHeaderOnInitialState = false
09-23 20:39:19.286 11811 11811 I GoogleInputMethodService: GoogleInputMethodService.updateDeviceLockedStatus():2087 repeatCheckTimes = 2, unlocked = true
09-23 20:39:19.345   998  1945 D OneSearchSuggestProvider: Shut down the binder channel
09-23 20:39:19.351   998 11368 I s.nexuslauncher: oneway function results for code 2 on binder at 0xb400007a39473a70 will be dropped but finished with status UNKNOWN_TRANSACTION
09-23 20:39:19.369  1581  2227 I AssistantForeground: (REDACTED) Get launcher package: %s
09-23 20:39:19.514   488  4122 W InputManager-JNI: Input channel object '5438be6 Splash Screen com.shareconnect (client)' was disposed without first being removed with the input manager!
09-23 20:39:20.071   779   868 D EGL_emulation: app_time_stats: avg=11.55ms min=2.90ms max=94.00ms count=48
09-23 20:39:21.094   779   868 D EGL_emulation: app_time_stats: avg=22.66ms min=1.32ms max=83.12ms count=37
09-23 20:39:22.477 12330 12330 W ThreadPoolForeg: type=1400 audit(0.0:2139): avc: denied { write } for name="traced_producer" dev="tmpfs" ino=647 scontext=u:r:gmscore_app:s0:c512,c768 tcontext=u:object_r:traced_producer_socket:s0 tclass=sock_file permissive=0 app=com.google.android.gms
09-23 20:39:24.394 15533 15533 I ViewInteraction: Performing 'scroll to' action on view view.getId() is <2131230859/com.shareconnect:id/buttonSettings>
09-23 20:39:24.399 15533 15533 I ScrollToAction: View is already displayed. Returning.
09-23 20:39:24.404 15533 15533 I ViewInteraction: Checking 'MatchesViewAssertion{viewMatcher=(view has effective visibility <VISIBLE> and view.getGlobalVisibleRect() to return non-empty rectangle)}' assertion on view view.getId() is <2131230859/com.shareconnect:id/buttonSettings>
09-23 20:39:24.408 15533 15533 I ViewInteraction: Checking 'MatchesViewAssertion{viewMatcher=view.isClickable() is <true>}' assertion on view view.getId() is <2131230859/com.shareconnect:id/buttonSettings>
09-23 20:39:24.411 15533 15533 I ViewInteraction: Checking 'MatchesViewAssertion{viewMatcher=view.isEnabled() is <true>}' assertion on view view.getId() is <2131230859/com.shareconnect:id/buttonSettings>
09-23 20:39:24.415 15533 15533 I ViewInteraction: Performing 'scroll to' action on view view.getId() is <2131230852/com.shareconnect:id/buttonOpenMeTube>
09-23 20:39:24.417 15533 15533 I ScrollToAction: View is already displayed. Returning.
09-23 20:39:24.423 15533 15533 I ViewInteraction: Checking 'MatchesViewAssertion{viewMatcher=(view has effective visibility <VISIBLE> and view.getGlobalVisibleRect() to return non-empty rectangle)}' assertion on view view.getId() is <2131230852/com.shareconnect:id/buttonOpenMeTube>
09-23 20:39:24.427 15533 15533 I ViewInteraction: Checking 'MatchesViewAssertion{viewMatcher=view.isClickable() is <true>}' assertion on view view.getId() is <2131230852/com.shareconnect:id/buttonOpenMeTube>
09-23 20:39:24.431 15533 15533 I ViewInteraction: Checking 'MatchesViewAssertion{viewMatcher=view.isEnabled() is <true>}' assertion on view view.getId() is <2131230852/com.shareconnect:id/buttonOpenMeTube>
09-23 20:39:24.436 15533 15533 I ViewInteraction: Performing 'scroll to' action on view view.getId() is <2131230851/com.shareconnect:id/buttonHistory>
09-23 20:39:24.438 15533 15533 I ScrollToAction: View is already displayed. Returning.
09-23 20:39:24.443 15533 15533 I ViewInteraction: Checking 'MatchesViewAssertion{viewMatcher=(view has effective visibility <VISIBLE> and view.getGlobalVisibleRect() to return non-empty rectangle)}' assertion on view view.getId() is <2131230851/com.shareconnect:id/buttonHistory>
09-23 20:39:24.448 15533 15533 I ViewInteraction: Checking 'MatchesViewAssertion{viewMatcher=view.isClickable() is <true>}' assertion on view view.getId() is <2131230851/com.shareconnect:id/buttonHistory>
09-23 20:39:24.452 15533 15533 I ViewInteraction: Checking 'MatchesViewAssertion{viewMatcher=view.isEnabled() is <true>}' assertion on view view.getId() is <2131230851/com.shareconnect:id/buttonHistory>
09-23 20:39:24.458 15533 15533 I ViewInteraction: Performing 'scroll to' action on view view.getId() is <2131230970/com.shareconnect:id/fabAdd>
09-23 20:39:24.466 15533 15533 I ViewInteraction: Checking 'MatchesViewAssertion{viewMatcher=(view has effective visibility <VISIBLE> and view.getGlobalVisibleRect() to return non-empty rectangle)}' assertion on view view.getId() is <2131230970/com.shareconnect:id/fabAdd>
09-23 20:39:24.470 15533 15533 I ViewInteraction: Checking 'MatchesViewAssertion{viewMatcher=view.isClickable() is <true>}' assertion on view view.getId() is <2131230970/com.shareconnect:id/fabAdd>
09-23 20:39:24.473 15533 15533 I ViewInteraction: Checking 'MatchesViewAssertion{viewMatcher=view.isEnabled() is <true>}' assertion on view view.getId() is <2131230970/com.shareconnect:id/fabAdd>
09-23 20:39:24.501 15533 15533 V Console : Activity lifecycle :: PRE-PAUSED :: MainActivity
09-23 20:39:24.501 15533 15533 D Console : Activity lifecycle :: Top activity: MainActivity
09-23 20:39:24.502 15533 15533 D FirebaseSessions: App backgrounded on com.shareconnect
09-23 20:39:24.513 15533 15626 D EGL_emulation: app_time_stats: avg=760.88ms min=9.19ms max=5108.84ms count=7
09-23 20:39:24.532 15533 15533 V Console : Activity lifecycle :: PAUSED :: MainActivity
09-23 20:39:24.533 15533 15533 V Console : Foreground activity counter :: AtomicIntWrapper :: 12312792 :: 227589169 :: Decremented to: 0
09-23 20:39:24.533 15533 15533 D LifecycleMonitor: Lifecycle status change: com.shareconnect.MainActivity@961bd68 in: PAUSED
09-23 20:39:24.533 15533 15533 V ActivityScenario: Update currentActivityStage to PAUSED, currentActivity=com.shareconnect.MainActivity@961bd68
09-23 20:39:24.565 15533 15533 D LifecycleMonitor: Lifecycle status change: androidx.test.core.app.InstrumentationActivityInvoker$EmptyActivity@dd351c9 in: PRE_ON_CREATE
09-23 20:39:24.566 15533 15533 V ActivityScenario: Activity lifecycle changed event received but ignored because the intent does not match. startActivityIntent=Intent { act=android.intent.action.MAIN cat=[android.intent.category.LAUNCHER] flg=0x10008000 cmp=com.shareconnect/.MainActivity }, activity.getIntent()=Intent { act=android.intent.action.MAIN cat=[android.intent.category.LAUNCHER] flg=0x10000000 cmp=com.shareconnect/androidx.test.core.app.InstrumentationActivityInvoker$EmptyActivity }, activity=androidx.test.core.app.InstrumentationActivityInvoker$EmptyActivity@dd351c9
09-23 20:39:24.581 15533 15533 D LifecycleMonitor: Lifecycle status change: androidx.test.core.app.InstrumentationActivityInvoker$EmptyActivity@dd351c9 in: CREATED
09-23 20:39:24.581 15533 15533 V ActivityScenario: Activity lifecycle changed event received but ignored because the intent does not match. startActivityIntent=Intent { act=android.intent.action.MAIN cat=[android.intent.category.LAUNCHER] flg=0x10008000 cmp=com.shareconnect/.MainActivity }, activity.getIntent()=Intent { act=android.intent.action.MAIN cat=[android.intent.category.LAUNCHER] flg=0x10000000 cmp=com.shareconnect/androidx.test.core.app.InstrumentationActivityInvoker$EmptyActivity }, activity=androidx.test.core.app.InstrumentationActivityInvoker$EmptyActivity@dd351c9
09-23 20:39:24.584 15533 15533 D LifecycleMonitor: Lifecycle status change: androidx.test.core.app.InstrumentationActivityInvoker$EmptyActivity@dd351c9 in: STARTED
09-23 20:39:24.585 15533 15533 V ActivityScenario: Activity lifecycle changed event received but ignored because the intent does not match. startActivityIntent=Intent { act=android.intent.action.MAIN cat=[android.intent.category.LAUNCHER] flg=0x10008000 cmp=com.shareconnect/.MainActivity }, activity.getIntent()=Intent { act=android.intent.action.MAIN cat=[android.intent.category.LAUNCHER] flg=0x10000000 cmp=com.shareconnect/androidx.test.core.app.InstrumentationActivityInvoker$EmptyActivity }, activity=androidx.test.core.app.InstrumentationActivityInvoker$EmptyActivity@dd351c9
09-23 20:39:24.588 15533 15533 D FirebaseSessions: App foregrounded on com.shareconnect
09-23 20:39:24.596 15533 15533 V Console : Activity lifecycle :: RESUMED :: EmptyActivity
09-23 20:39:24.597 15533 15533 V Console : Foreground activity counter :: AtomicIntWrapper :: 12312792 :: 227589169 :: Value of: 0
09-23 20:39:24.597 15533 15533 I Console : Activity lifecycle :: Main state :: Foreground
09-23 20:39:24.598 15533 15533 V Console : Foreground activity counter :: AtomicIntWrapper :: 12312792 :: 227589169 :: Incremented to: 1
09-23 20:39:24.600 15533 15533 D LifecycleMonitor: Lifecycle status change: androidx.test.core.app.InstrumentationActivityInvoker$EmptyActivity@dd351c9 in: RESUMED
09-23 20:39:24.601 15533 15533 V ActivityScenario: Activity lifecycle changed event received but ignored because the intent does not match. startActivityIntent=Intent { act=android.intent.action.MAIN cat=[android.intent.category.LAUNCHER] flg=0x10008000 cmp=com.shareconnect/.MainActivity }, activity.getIntent()=Intent { act=android.intent.action.MAIN cat=[android.intent.category.LAUNCHER] flg=0x10000000 cmp=com.shareconnect/androidx.test.core.app.InstrumentationActivityInvoker$EmptyActivity }, activity=androidx.test.core.app.InstrumentationActivityInvoker$EmptyActivity@dd351c9
09-23 20:39:24.602 15533 15533 V Console : Activity lifecycle :: POST-RESUMED :: EmptyActivity
09-23 20:39:24.611 15533 15626 W Parcel  : Expecting binder but got null!
09-23 20:39:24.671 15533 15626 E OpenGLRenderer: Unable to match the desired swap behavior.
09-23 20:39:24.701   488   503 I ActivityTaskManager: Displayed com.shareconnect/androidx.test.core.app.InstrumentationActivityInvoker$EmptyActivity: +210ms
09-23 20:39:24.738 15533 15533 V Console : Activity lifecycle :: PRE-STOPPED :: MainActivity
09-23 20:39:24.751 15533 15533 V Console : Activity lifecycle :: STOPPED :: MainActivity
09-23 20:39:24.752 15533 15533 D LifecycleMonitor: Lifecycle status change: com.shareconnect.MainActivity@961bd68 in: STOPPED
09-23 20:39:24.758 15533 15533 V ActivityScenario: Update currentActivityStage to STOPPED, currentActivity=com.shareconnect.MainActivity@961bd68
09-23 20:39:24.761 15533 15533 V Console : Activity lifecycle :: POST-STOPPED :: MainActivity
09-23 20:39:24.768 15533 15533 V Console : Activity lifecycle :: PRE-DESTROYED :: MainActivity
09-23 20:39:24.774 15533 15533 V Console : Activity lifecycle :: DESTROYED :: MainActivity
09-23 20:39:24.778 15533 15533 D LifecycleMonitor: Lifecycle status change: com.shareconnect.MainActivity@961bd68 in: DESTROYED
09-23 20:39:24.778 15533 15533 V ActivityScenario: Update currentActivityStage to DESTROYED, currentActivity=null
09-23 20:39:24.849 15533 15533 I om.shareconnect: Explicit concurrent copying GC freed 84217(4027KB) AllocSpace objects, 34(1704KB) LOS objects, 49% free, 7995KB/15MB, paused 111us,75us total 70.398ms
09-23 20:39:24.911 15533 15533 I om.shareconnect: Explicit concurrent copying GC freed 22273(922KB) AllocSpace objects, 4(80KB) LOS objects, 49% free, 7025KB/13MB, paused 60us,35us total 47.425ms
09-23 20:39:24.929   488   502 W InputManager-JNI: Input channel object '8333cb3 com.shareconnect/com.shareconnect.MainActivity (client)' was disposed without first being removed with the input manager!
09-23 20:39:24.948 11811 11811 I GoogleInputMethodService: GoogleInputMethodService.onFinishInput():3227
09-23 20:39:24.950 11811 11811 I GoogleInputMethodService: GoogleInputMethodService.updateDeviceLockedStatus():2087 repeatCheckTimes = 0, unlocked = true
09-23 20:39:24.951 11811 11811 I GoogleInputMethodService: GoogleInputMethodService.onStartInput():1877 onStartInput(EditorInfo{inputType=0x0(NULL) imeOptions=0x0 privateImeOptions=null actionName=UNSPECIFIED actionLabel=null actionId=0 initialSelStart=-1 initialSelEnd=-1 initialCapsMode=0x0 hintText=null label=null packageName=com.shareconnect fieldId=-1 fieldName=null extras=null}, false)
09-23 20:39:24.951 11811 11811 I GoogleInputMethodService: GoogleInputMethodService.shouldHideHeaderOnInitialState():4008 ShouldHideHeaderOnInitialState = false
09-23 20:39:24.953 11811 11811 I GoogleInputMethodService: GoogleInputMethodService.updateDeviceLockedStatus():2087 repeatCheckTimes = 2, unlocked = true
09-23 20:39:24.954 15533 15612 I TestRunner: finished: testScreenReaderSupport(com.shareconnect.automation.AccessibilityAutomationTest)
