09-23 20:40:34.473 15533 15612 I TestRunner: started: testCompleteFirstRunFlow(com.shareconnect.automation.FullAppFlowAutomationTest)
09-23 20:40:34.490 15533 15612 W Settings: Setting always_finish_activities has moved from android.provider.Settings.System to android.provider.Settings.Global, returning read-only value.
09-23 20:40:34.503   779   868 W Parcel  : Expecting binder but got null!
09-23 20:40:34.531 15533 15533 D LifecycleMonitor: Lifecycle status change: com.shareconnect.MainActivity@358c28c in: PRE_ON_CREATE
09-23 20:40:34.532 15533 15533 V ActivityScenario: Activity lifecycle changed event received but ignored because the reported transition was not ON_CREATE while the last known transition was PRE_ON_CREATE
09-23 20:40:34.533 15533 15533 D Console : getDefaultTheme() returned: Warm Orange Light (ID: 1, isDefault: true)
09-23 20:40:34.533 15533 15533 D Console : getDefaultTheme() returned: Warm Orange Light (ID: 1, isDefault: true)
09-23 20:40:34.533 15533 15533 D Console : Applying theme: Warm Orange Light, colorScheme: warm_orange, isDarkMode: false, currentTheme: WARM_ORANGE_LIGHT
09-23 20:40:34.533 15533 15533 D Console : Activity MainActivity usesToolbar: true
09-23 20:40:34.534   779   868 E OpenGLRenderer: Unable to match the desired swap behavior.
09-23 20:40:34.534 15533 15533 D Console : Setting night mode to NO
09-23 20:40:34.606  1581  1581 I GsaVoiceInteractionSrv: Handling ACTION_STOP_HOTWORD
09-23 20:40:34.606  1581  2154 I HwDetectorWithState: (REDACTED) a: %d
09-23 20:40:34.656 15533 15533 D LifecycleMonitor: Lifecycle status change: com.shareconnect.MainActivity@358c28c in: CREATED
09-23 20:40:34.657 15533 15533 V ActivityScenario: Update currentActivityStage to CREATED, currentActivity=com.shareconnect.MainActivity@358c28c
09-23 20:40:34.658 15533 15533 D LifecycleMonitor: Lifecycle status change: com.shareconnect.MainActivity@358c28c in: STARTED
09-23 20:40:34.659 15533 15533 V ActivityScenario: Update currentActivityStage to STARTED, currentActivity=com.shareconnect.MainActivity@358c28c
09-23 20:40:34.661   998  1661 D EGL_emulation: app_time_stats: avg=908.16ms min=13.27ms max=35680.82ms count=40
09-23 20:40:34.669 15533 15533 D FirebaseSessions: App foregrounded on com.shareconnect
09-23 20:40:34.678 15533 15533 V Console : Activity lifecycle :: RESUMED :: MainActivity
09-23 20:40:34.678 15533 15533 V Console : Foreground activity counter :: AtomicIntWrapper :: 12312792 :: 227589169 :: Value of: 0
09-23 20:40:34.678 15533 15533 I Console : Activity lifecycle :: Main state :: Foreground
09-23 20:40:34.679 15533 15533 V Console : Foreground activity counter :: AtomicIntWrapper :: 12312792 :: 227589169 :: Incremented to: 1
09-23 20:40:34.680 15533 15533 D Console : hasThemeChanged() returned: false
09-23 20:40:34.681 15533 15533 D Console : onResume() called, themeChanged: false
09-23 20:40:34.681 15533 15533 D LifecycleMonitor: Lifecycle status change: com.shareconnect.MainActivity@358c28c in: RESUMED
09-23 20:40:34.681 15533 15533 V ActivityScenario: Update currentActivityStage to RESUMED, currentActivity=com.shareconnect.MainActivity@358c28c
09-23 20:40:34.689 15533 15533 V Console : Activity lifecycle :: POST-RESUMED :: MainActivity
09-23 20:40:34.701 15533 15626 W Parcel  : Expecting binder but got null!
09-23 20:40:34.768 15533 15626 E OpenGLRenderer: Unable to match the desired swap behavior.
09-23 20:40:34.796   779   868 D EGL_emulation: app_time_stats: avg=34756.86ms min=34756.86ms max=34756.86ms count=1
09-23 20:40:34.862   779   868 D EGL_emulation: app_time_stats: avg=8616.35ms min=47.47ms max=42684.52ms count=5
09-23 20:40:34.870   488   503 W ziparchive: Unable to open '/data/app/~~ax2PC4cP0yVn6y5KYomcXg==/com.shareconnect-W6-yzzxxsq-l613Q0yLpRg==/base.dm': No such file or directory
09-23 20:40:34.871   488   503 I ActivityTaskManager: Displayed com.shareconnect/.MainActivity: +373ms
09-23 20:40:34.928 11307 11307 D BoundBrokerSvc: onBind: Intent { act=com.google.android.gms.measurement.START pkg=com.google.android.gms }
09-23 20:40:34.928 11307 11307 D BoundBrokerSvc: Loading bound service for intent: Intent { act=com.google.android.gms.measurement.START pkg=com.google.android.gms }
09-23 20:40:34.936 11811 11811 I GoogleInputMethodService: GoogleInputMethodService.onFinishInput():3227
09-23 20:40:34.939 11811 11811 I GoogleInputMethodService: GoogleInputMethodService.updateDeviceLockedStatus():2087 repeatCheckTimes = 0, unlocked = true
09-23 20:40:34.939 11811 11811 I GoogleInputMethodService: GoogleInputMethodService.onStartInput():1877 onStartInput(EditorInfo{inputType=0x0(NULL) imeOptions=0x0 privateImeOptions=null actionName=UNSPECIFIED actionLabel=null actionId=0 initialSelStart=-1 initialSelEnd=-1 initialCapsMode=0x0 hintText=null label=null packageName=com.shareconnect fieldId=-1 fieldName=null extras=null}, false)
09-23 20:40:34.939 11811 11811 I GoogleInputMethodService: GoogleInputMethodService.shouldHideHeaderOnInitialState():4008 ShouldHideHeaderOnInitialState = false
09-23 20:40:34.948 11811 11811 I GoogleInputMethodService: GoogleInputMethodService.updateDeviceLockedStatus():2087 repeatCheckTimes = 2, unlocked = true
09-23 20:40:35.031   998  1945 D OneSearchSuggestProvider: Shut down the binder channel
09-23 20:40:35.034   998 24438 I s.nexuslauncher: oneway function results for code 2 on binder at 0xb400007a39487180 will be dropped but finished with status UNKNOWN_TRANSACTION
09-23 20:40:35.058  1581  2227 I AssistantForeground: (REDACTED) Get launcher package: %s
09-23 20:40:35.163 11307 16011 D AdvertisingIdClient: AdvertisingIdClient already created.
09-23 20:40:35.164 11307 16011 D AdvertisingIdClient: AdvertisingIdClient is not bounded. Starting to bind it...
09-23 20:40:35.184   488  4083 W InputManager-JNI: Input channel object 'e98b4b Splash Screen com.shareconnect (client)' was disposed without first being removed with the input manager!
09-23 20:40:35.184 11307 16011 D AdvertisingIdClient: AdvertisingIdClient is bounded
09-23 20:40:35.187 11307 16011 I AdvertisingIdClient: shouldSendLog 10569668
09-23 20:40:35.187 11307 16011 I AdvertisingIdClient: GetInfoInternal elapse 23ms
09-23 20:40:35.198 12330 12330 D BoundBrokerSvc: onRebind: Intent { act=com.google.android.gms.presencemanager.service.START dat=chimera-action:/... cmp=com.google.android.gms/.chimera.PersistentApiService }
09-23 20:40:35.210 12330 12330 D BoundBrokerSvc: onRebind: Intent { act=com.google.android.gms.presencemanager.service.INTERNAL_IDENTITY dat=chimera-action:/... cmp=com.google.android.gms/.chimera.PersistentApiService }
09-23 20:40:35.864   779   868 D EGL_emulation: app_time_stats: avg=10.12ms min=1.11ms max=54.71ms count=51
09-23 20:40:36.603 12330 16001 I NetworkScheduler.Stats: (REDACTED) Task %s/%s started execution. cause:%s exec_start_elapsed_seconds: %s
09-23 20:40:36.620 12330 15997 I NetworkScheduler.Stats: (REDACTED) Task %s/%s finished executing. cause:%s result: %s elapsed_millis: %s uptime_millis: %s exec_start_elapsed_seconds: %s
09-23 20:40:36.648   779   868 D EGL_emulation: app_time_stats: avg=151.14ms min=5.05ms max=1514.51ms count=12
09-23 20:40:40.089 15533 15533 I ViewInteraction: Performing 'scroll to' action on view view.getId() is <2131230859/com.shareconnect:id/buttonSettings>
09-23 20:40:40.091 15533 15533 I ScrollToAction: View is already displayed. Returning.
09-23 20:40:40.095 15533 15533 I ViewInteraction: Checking 'MatchesViewAssertion{viewMatcher=(view has effective visibility <VISIBLE> and view.getGlobalVisibleRect() to return non-empty rectangle)}' assertion on view view.getId() is <2131230859/com.shareconnect:id/buttonSettings>
09-23 20:40:40.100 15533 15533 I ViewInteraction: Performing 'scroll to' action on view view.getId() is <2131230859/com.shareconnect:id/buttonSettings>
09-23 20:40:40.101 15533 15533 I ScrollToAction: View is already displayed. Returning.
09-23 20:40:40.105 15533 15533 I ViewInteraction: Performing 'single click' action on view view.getId() is <2131230859/com.shareconnect:id/buttonSettings>
09-23 20:40:40.242 15533 15626 D EGL_emulation: app_time_stats: avg=670.94ms min=5.06ms max=5148.84ms count=8
09-23 20:40:40.245   334   452 D AudioFlinger: mixer(0xb400007c8943e9a0) throttle end: throttle time(34)
09-23 20:40:40.246 15533 15533 V Console : Activity lifecycle :: PRE-PAUSED :: MainActivity
09-23 20:40:40.249 15533 15533 D Console : Activity lifecycle :: Top activity: MainActivity
09-23 20:40:40.251 15533 15533 D FirebaseSessions: App backgrounded on com.shareconnect
09-23 20:40:40.265 15533 15533 V Console : Activity lifecycle :: PAUSED :: MainActivity
09-23 20:40:40.266 15533 15533 V Console : Foreground activity counter :: AtomicIntWrapper :: 12312792 :: 227589169 :: Decremented to: 0
09-23 20:40:40.266 15533 15533 D LifecycleMonitor: Lifecycle status change: com.shareconnect.MainActivity@358c28c in: PAUSED
09-23 20:40:40.266 15533 15533 V ActivityScenario: Update currentActivityStage to PAUSED, currentActivity=com.shareconnect.MainActivity@358c28c
09-23 20:40:40.272 15533 15533 D LifecycleMonitor: Lifecycle status change: com.shareconnect.SettingsActivity@494139 in: PRE_ON_CREATE
09-23 20:40:40.272 15533 15533 V ActivityScenario: Activity lifecycle changed event received but ignored because the intent does not match. startActivityIntent=Intent { act=android.intent.action.MAIN cat=[android.intent.category.LAUNCHER] flg=0x10008000 cmp=com.shareconnect/.MainActivity }, activity.getIntent()=Intent { cmp=com.shareconnect/.SettingsActivity }, activity=com.shareconnect.SettingsActivity@494139
09-23 20:40:40.273 15533 15533 D Console : getDefaultTheme() returned: Warm Orange Light (ID: 1, isDefault: true)
09-23 20:40:40.273 15533 15533 D Console : getDefaultTheme() returned: Warm Orange Light (ID: 1, isDefault: true)
09-23 20:40:40.273 15533 15533 D Console : Applying theme: Warm Orange Light, colorScheme: warm_orange, isDarkMode: false, currentTheme: WARM_ORANGE_LIGHT
09-23 20:40:40.273 15533 15533 D Console : Activity SettingsActivity usesToolbar: true
09-23 20:40:40.274 15533 15533 D Console : Setting night mode to NO
09-23 20:40:40.277 15533 15533 D LifecycleMonitor: Lifecycle status change: com.shareconnect.SettingsActivity@494139 in: CREATED
09-23 20:40:40.278 15533 15533 V ActivityScenario: Activity lifecycle changed event received but ignored because the intent does not match. startActivityIntent=Intent { act=android.intent.action.MAIN cat=[android.intent.category.LAUNCHER] flg=0x10008000 cmp=com.shareconnect/.MainActivity }, activity.getIntent()=Intent { cmp=com.shareconnect/.SettingsActivity }, activity=com.shareconnect.SettingsActivity@494139
09-23 20:40:40.281 15533 15533 D LifecycleMonitor: Lifecycle status change: com.shareconnect.SettingsActivity@494139 in: STARTED
09-23 20:40:40.281 15533 15533 V ActivityScenario: Activity lifecycle changed event received but ignored because the intent does not match. startActivityIntent=Intent { act=android.intent.action.MAIN cat=[android.intent.category.LAUNCHER] flg=0x10008000 cmp=com.shareconnect/.MainActivity }, activity.getIntent()=Intent { cmp=com.shareconnect/.SettingsActivity }, activity=com.shareconnect.SettingsActivity@494139
09-23 20:40:40.281 15533 15533 D FirebaseSessions: App foregrounded on com.shareconnect
09-23 20:40:40.283 15533 15533 V Console : Activity lifecycle :: RESUMED :: SettingsActivity
09-23 20:40:40.283 15533 15533 V Console : Foreground activity counter :: AtomicIntWrapper :: 12312792 :: 227589169 :: Value of: 0
09-23 20:40:40.283 15533 15533 I Console : Activity lifecycle :: Main state :: Foreground
09-23 20:40:40.283 15533 15533 V Console : Foreground activity counter :: AtomicIntWrapper :: 12312792 :: 227589169 :: Incremented to: 1
09-23 20:40:40.283 15533 15533 D LifecycleMonitor: Lifecycle status change: com.shareconnect.SettingsActivity@494139 in: RESUMED
09-23 20:40:40.283 15533 15533 V ActivityScenario: Activity lifecycle changed event received but ignored because the intent does not match. startActivityIntent=Intent { act=android.intent.action.MAIN cat=[android.intent.category.LAUNCHER] flg=0x10008000 cmp=com.shareconnect/.MainActivity }, activity.getIntent()=Intent { cmp=com.shareconnect/.SettingsActivity }, activity=com.shareconnect.SettingsActivity@494139
09-23 20:40:40.283 15533 15533 V Console : Activity lifecycle :: POST-RESUMED :: SettingsActivity
09-23 20:40:40.284 15533 15626 W Parcel  : Expecting binder but got null!
09-23 20:40:40.294 15533 15626 E OpenGLRenderer: Unable to match the desired swap behavior.
09-23 20:40:40.307   488   503 I ActivityTaskManager: Displayed com.shareconnect/.SettingsActivity: +122ms
09-23 20:40:40.327   488 13626 W Parcel  : Expecting binder but got null!
09-23 20:40:40.333   488 13626 W Parcel  : Expecting binder but got null!
09-23 20:40:40.408 11811 11811 I GoogleInputMethodService: GoogleInputMethodService.onFinishInput():3227
09-23 20:40:40.408 11811 11811 I GoogleInputMethodService: GoogleInputMethodService.updateDeviceLockedStatus():2087 repeatCheckTimes = 0, unlocked = true
09-23 20:40:40.408 11811 11811 I GoogleInputMethodService: GoogleInputMethodService.onStartInput():1877 onStartInput(EditorInfo{inputType=0x0(NULL) imeOptions=0x0 privateImeOptions=null actionName=UNSPECIFIED actionLabel=null actionId=0 initialSelStart=-1 initialSelEnd=-1 initialCapsMode=0x0 hintText=null label=null packageName=com.shareconnect fieldId=-1 fieldName=null extras=null}, false)
09-23 20:40:40.408 11811 11811 I GoogleInputMethodService: GoogleInputMethodService.shouldHideHeaderOnInitialState():4008 ShouldHideHeaderOnInitialState = false
09-23 20:40:40.408 11811 11811 I GoogleInputMethodService: GoogleInputMethodService.updateDeviceLockedStatus():2087 repeatCheckTimes = 2, unlocked = true
09-23 20:40:40.550 15533 15533 E om.shareconnect: Invalid ID 0x00000000.
09-23 20:40:40.550 15533 15533 E om.shareconnect: Invalid ID 0x00000000.
09-23 20:40:40.551 15533 15533 E om.shareconnect: Invalid ID 0x00000000.
09-23 20:40:40.551 15533 15533 E om.shareconnect: Invalid ID 0x00000000.
09-23 20:40:40.553 15533 15533 D DeviceCapture: Found 2 global views to redraw
09-23 20:40:40.559 15533 15533 I forceRedraw: FrameCommitCallback complete
09-23 20:40:40.577 15533 15533 I forceRedraw: FrameCommitCallback complete
09-23 20:40:40.627 15533 15533 I DeviceCapture: got bitmap, returning
09-23 20:40:40.628 15533 15612 D FileTestStorage: openOutputFile from /sdcard/Android/media/com.shareconnect/additional_test_output/view-op-error-3.png
09-23 20:40:40.630  1552  1948 W MediaProvider: isAppCloneUserPair for user 0: false
09-23 20:40:40.713 15533 15612 E om.shareconnect: Invalid ID 0x00000000.
09-23 20:40:40.713 15533 15612 E om.shareconnect: Invalid ID 0x00000000.
09-23 20:40:40.714 15533 15612 E om.shareconnect: Invalid ID 0x00000000.
09-23 20:40:40.714 15533 15612 E om.shareconnect: Invalid ID 0x00000000.
09-23 20:40:40.716 15533 15612 D FileTestStorage: openOutputFile from /sdcard/Android/media/com.shareconnect/additional_test_output/view-hierarchy-3.txt
09-23 20:40:40.718  1552 24122 W MediaProvider: isAppCloneUserPair for user 0: false
09-23 20:40:40.721 15533 15612 W ViewHierarchyExceptionHandler: The complete view hierarchy is available in artifact file 'view-hierarchy-3.txt'.
09-23 20:40:40.722 12330 12373 I UriTaskContentObserver: (REDACTED) Throttling content uri change event for %s
09-23 20:40:40.725 15533 15612 E om.shareconnect: Invalid ID 0x00000000.
09-23 20:40:40.726 15533 15612 E om.shareconnect: Invalid ID 0x00000000.
09-23 20:40:40.726 15533 15612 E om.shareconnect: Invalid ID 0x00000000.
09-23 20:40:40.727 15533 15612 E om.shareconnect: Invalid ID 0x00000000.
09-23 20:40:40.730 15533 15533 E om.shareconnect: Invalid ID 0x00000000.
09-23 20:40:40.731 15533 15533 E om.shareconnect: Invalid ID 0x00000000.
09-23 20:40:40.732 15533 15533 E om.shareconnect: Invalid ID 0x00000000.
09-23 20:40:40.732 15533 15533 E om.shareconnect: Invalid ID 0x00000000.
09-23 20:40:40.733 15533 15533 D DeviceCapture: Found 2 global views to redraw
09-23 20:40:40.743 15533 15533 I forceRedraw: FrameCommitCallback complete
09-23 20:40:40.759 15533 15533 I forceRedraw: FrameCommitCallback complete
09-23 20:40:40.767 15533 16016 V Console : Foreground activity counter :: AtomicIntWrapper :: 12312792 :: 227589169 :: Value of: 1
09-23 20:40:40.779 15519 15529 W System  : A resource was acquired at attached stack trace but never released. See java.io.Closeable for information on avoiding resource leaks.
09-23 20:40:40.779 15519 15529 W System  : java.lang.Throwable: Explicit termination method 'HardwareBuffer.close' not called
09-23 20:40:40.779 15519 15529 W System  : 	at dalvik.system.CloseGuard.openWithCallSite(CloseGuard.java:288)
09-23 20:40:40.779 15519 15529 W System  : 	at dalvik.system.CloseGuard.open(CloseGuard.java:257)
09-23 20:40:40.779 15519 15529 W System  : 	at android.hardware.HardwareBuffer.<init>(HardwareBuffer.java:272)
09-23 20:40:40.780 15519 15529 W System  : A resource was acquired at attached stack trace but never released. See java.io.Closeable for information on avoiding resource leaks.
09-23 20:40:40.780 15519 15529 W System  : java.lang.Throwable: Explicit termination method 'HardwareBuffer.close' not called
09-23 20:40:40.780 15519 15529 W System  : 	at dalvik.system.CloseGuard.openWithCallSite(CloseGuard.java:288)
09-23 20:40:40.780 15519 15529 W System  : 	at dalvik.system.CloseGuard.open(CloseGuard.java:257)
09-23 20:40:40.780 15519 15529 W System  : 	at android.hardware.HardwareBuffer.<init>(HardwareBuffer.java:272)
09-23 20:40:40.809 15533 15533 I DeviceCapture: got bitmap, returning
09-23 20:40:40.809 15533 15612 D FileTestStorage: openOutputFile from /sdcard/Android/media/com.shareconnect/additional_test_output/view-op-error-4.png
09-23 20:40:40.809 15533 15533 V Console : Activity lifecycle :: PRE-STOPPED :: MainActivity
09-23 20:40:40.811 15533 15533 V Console : Activity lifecycle :: STOPPED :: MainActivity
09-23 20:40:40.811 15533 15533 D LifecycleMonitor: Lifecycle status change: com.shareconnect.MainActivity@358c28c in: STOPPED
09-23 20:40:40.811 15533 15533 V ActivityScenario: Update currentActivityStage to STOPPED, currentActivity=com.shareconnect.MainActivity@358c28c
09-23 20:40:40.811 15533 15533 V Console : Activity lifecycle :: POST-STOPPED :: MainActivity
09-23 20:40:40.811  1552  5211 W MediaProvider: isAppCloneUserPair for user 0: false
09-23 20:40:40.824 15533 15626 D OpenGLRenderer: endAllActiveAnimators on 0xb400007b29503b80 (RippleDrawable) with handle 0xb400007a394c86a0
09-23 20:40:40.892 15533 15612 E om.shareconnect: Invalid ID 0x00000000.
09-23 20:40:40.892 15533 15612 E om.shareconnect: Invalid ID 0x00000000.
09-23 20:40:40.893 15533 15612 E om.shareconnect: Invalid ID 0x00000000.
09-23 20:40:40.893 15533 15612 E om.shareconnect: Invalid ID 0x00000000.
09-23 20:40:40.893 15533 15612 D FileTestStorage: openOutputFile from /sdcard/Android/media/com.shareconnect/additional_test_output/view-hierarchy-4.txt
09-23 20:40:40.895  1552 24122 W MediaProvider: isAppCloneUserPair for user 0: false
09-23 20:40:40.898 12330 12373 I UriTaskContentObserver: (REDACTED) Throttling content uri change event for %s
09-23 20:40:40.898 15533 15612 W ViewHierarchyExceptionHandler: The complete view hierarchy is available in artifact file 'view-hierarchy-4.txt'.
09-23 20:40:40.900 15533 15612 E om.shareconnect: Invalid ID 0x00000000.
09-23 20:40:40.900 15533 15612 E om.shareconnect: Invalid ID 0x00000000.
09-23 20:40:40.900 15533 15612 E om.shareconnect: Invalid ID 0x00000000.
09-23 20:40:40.901 15533 15612 E om.shareconnect: Invalid ID 0x00000000.
09-23 20:40:41.345 15533 15533 V Console : Activity lifecycle :: PRE-PAUSED :: SettingsActivity
09-23 20:40:41.345 15533 15533 D Console : Activity lifecycle :: Top activity: SettingsActivity
09-23 20:40:41.346 15533 15533 D FirebaseSessions: App backgrounded on com.shareconnect
09-23 20:40:41.347 15533 15533 V Console : Activity lifecycle :: PAUSED :: SettingsActivity
09-23 20:40:41.348 15533 15533 V Console : Foreground activity counter :: AtomicIntWrapper :: 12312792 :: 227589169 :: Decremented to: 0
09-23 20:40:41.348 15533 15533 D LifecycleMonitor: Lifecycle status change: com.shareconnect.SettingsActivity@494139 in: PAUSED
09-23 20:40:41.348 15533 15533 V ActivityScenario: Activity lifecycle changed event received but ignored because the intent does not match. startActivityIntent=Intent { act=android.intent.action.MAIN cat=[android.intent.category.LAUNCHER] flg=0x10008000 cmp=com.shareconnect/.MainActivity }, activity.getIntent()=Intent { cmp=com.shareconnect/.SettingsActivity }, activity=com.shareconnect.SettingsActivity@494139
09-23 20:40:41.356 15533 15533 D LifecycleMonitor: Lifecycle status change: com.shareconnect.MainActivity@358c28c in: RESTARTED
09-23 20:40:41.356 15533 15533 V ActivityScenario: Update currentActivityStage to RESTARTED, currentActivity=com.shareconnect.MainActivity@358c28c
09-23 20:40:41.358 15533 15533 D LifecycleMonitor: Lifecycle status change: com.shareconnect.MainActivity@358c28c in: STARTED
09-23 20:40:41.358 15533 15533 V ActivityScenario: Update currentActivityStage to STARTED, currentActivity=com.shareconnect.MainActivity@358c28c
09-23 20:40:41.360 15533 15533 D FirebaseSessions: App foregrounded on com.shareconnect
09-23 20:40:41.362 15533 15533 V Console : Activity lifecycle :: RESUMED :: MainActivity
09-23 20:40:41.362 15533 15533 V Console : Foreground activity counter :: AtomicIntWrapper :: 12312792 :: 227589169 :: Value of: 0
09-23 20:40:41.362 15533 15533 I Console : Activity lifecycle :: Main state :: Foreground
09-23 20:40:41.362 15533 15533 V Console : Foreground activity counter :: AtomicIntWrapper :: 12312792 :: 227589169 :: Incremented to: 1
09-23 20:40:41.362 15533 15533 D Console : hasThemeChanged() returned: false
09-23 20:40:41.362 15533 15533 D Console : onResume() called, themeChanged: false
09-23 20:40:41.362 15533 15533 D LifecycleMonitor: Lifecycle status change: com.shareconnect.MainActivity@358c28c in: RESUMED
09-23 20:40:41.362 15533 15533 V ActivityScenario: Update currentActivityStage to RESUMED, currentActivity=com.shareconnect.MainActivity@358c28c
09-23 20:40:41.362 15533 15533 V Console : Activity lifecycle :: POST-RESUMED :: MainActivity
09-23 20:40:41.366   998  1019 W System  : A resource failed to call release.
09-23 20:40:41.366   998  1019 W System  : A resource failed to call release.
09-23 20:40:41.366   998  1019 W System  : A resource failed to call release.
09-23 20:40:41.367   998  1019 W System  : A resource failed to call release.
09-23 20:40:41.367   998  1019 W System  : A resource failed to call release.
09-23 20:40:41.367   998  1019 W System  : A resource failed to call release.
09-23 20:40:41.378 15533 15626 E OpenGLRenderer: Unable to match the desired swap behavior.
09-23 20:40:41.395 15533 15626 D EGL_emulation: app_time_stats: avg=72.75ms min=10.40ms max=636.04ms count=15
09-23 20:40:41.412   488 13626 W Parcel  : Expecting binder but got null!
09-23 20:40:41.413 11811 11811 I GoogleInputMethodService: GoogleInputMethodService.onFinishInput():3227
09-23 20:40:41.413 11811 11811 I GoogleInputMethodService: GoogleInputMethodService.updateDeviceLockedStatus():2087 repeatCheckTimes = 0, unlocked = true
09-23 20:40:41.413 11811 11811 I GoogleInputMethodService: GoogleInputMethodService.onStartInput():1877 onStartInput(EditorInfo{inputType=0x0(NULL) imeOptions=0x0 privateImeOptions=null actionName=UNSPECIFIED actionLabel=null actionId=0 initialSelStart=-1 initialSelEnd=-1 initialCapsMode=0x0 hintText=null label=null packageName=com.shareconnect fieldId=-1 fieldName=null extras=null}, false)
09-23 20:40:41.413 11811 11811 I GoogleInputMethodService: GoogleInputMethodService.shouldHideHeaderOnInitialState():4008 ShouldHideHeaderOnInitialState = false
09-23 20:40:41.413 11811 11811 I GoogleInputMethodService: GoogleInputMethodService.updateDeviceLockedStatus():2087 repeatCheckTimes = 2, unlocked = true
09-23 20:40:41.415   488 13626 W Parcel  : Expecting binder but got null!
09-23 20:40:41.761 27599 16035 I ProvidersCache: Provider returned no roots. Possibly naughty: com.google.android.apps.docs.storage
09-23 20:40:41.851 15533 16027 V Console : Foreground activity counter :: AtomicIntWrapper :: 12312792 :: 227589169 :: Value of: 1
09-23 20:40:41.879 15533 15533 V Console : Activity lifecycle :: PRE-STOPPED :: SettingsActivity
09-23 20:40:41.881 15533 15533 V Console : Activity lifecycle :: STOPPED :: SettingsActivity
09-23 20:40:41.881 15533 15533 D LifecycleMonitor: Lifecycle status change: com.shareconnect.SettingsActivity@494139 in: STOPPED
09-23 20:40:41.882 15533 15533 V ActivityScenario: Activity lifecycle changed event received but ignored because the intent does not match. startActivityIntent=Intent { act=android.intent.action.MAIN cat=[android.intent.category.LAUNCHER] flg=0x10008000 cmp=com.shareconnect/.MainActivity }, activity.getIntent()=Intent { cmp=com.shareconnect/.SettingsActivity }, activity=com.shareconnect.SettingsActivity@494139
09-23 20:40:41.882 15533 15533 V Console : Activity lifecycle :: POST-STOPPED :: SettingsActivity
09-23 20:40:41.883 15533 15533 V Console : Activity lifecycle :: PRE-DESTROYED :: SettingsActivity
09-23 20:40:41.883 15533 15533 V Console : Activity lifecycle :: DESTROYED :: SettingsActivity
09-23 20:40:41.885 15533 15533 D LifecycleMonitor: Lifecycle status change: com.shareconnect.SettingsActivity@494139 in: DESTROYED
09-23 20:40:41.885 15533 15533 V ActivityScenario: Activity lifecycle changed event received but ignored because the intent does not match. startActivityIntent=Intent { act=android.intent.action.MAIN cat=[android.intent.category.LAUNCHER] flg=0x10008000 cmp=com.shareconnect/.MainActivity }, activity.getIntent()=Intent { cmp=com.shareconnect/.SettingsActivity }, activity=com.shareconnect.SettingsActivity@494139
09-23 20:40:41.886   488  1182 W InputManager-JNI: Input channel object '65fe1df com.shareconnect/com.shareconnect.SettingsActivity (client)' was disposed without first being removed with the input manager!
09-23 20:40:42.480 15533 15533 V Console : Activity lifecycle :: PRE-PAUSED :: MainActivity
09-23 20:40:42.480 15533 15533 D Console : Activity lifecycle :: Top activity: MainActivity
09-23 20:40:42.480 15533 15533 D FirebaseSessions: App backgrounded on com.shareconnect
09-23 20:40:42.485 15533 15533 V Console : Activity lifecycle :: PAUSED :: MainActivity
09-23 20:40:42.485 15533 15533 V Console : Foreground activity counter :: AtomicIntWrapper :: 12312792 :: 227589169 :: Decremented to: 0
09-23 20:40:42.485 15533 15533 D LifecycleMonitor: Lifecycle status change: com.shareconnect.MainActivity@358c28c in: PAUSED
09-23 20:40:42.485 15533 15533 V ActivityScenario: Update currentActivityStage to PAUSED, currentActivity=com.shareconnect.MainActivity@358c28c
09-23 20:40:42.498 11699 11868 E OpenGLRenderer: Unable to match the desired swap behavior.
09-23 20:40:42.505  1581  2227 I AssistantForeground: (REDACTED) Get launcher package: %s
09-23 20:40:42.509   998  1661 E OpenGLRenderer: Unable to match the desired swap behavior.
09-23 20:40:42.514  1581  1581 I GsaVoiceInteractionSrv: Handling ACTION_START_HOTWORD
09-23 20:40:42.516  1581  2234 I GsaVoiceInteractionSrv: (REDACTED) disregardVoiceMatch: %b
09-23 20:40:42.516  1581  2234 I GsaVoiceInteractionSrv: Cannot start hotword, hotword has been explicitly disabled.
09-23 20:40:42.520 15533 15626 D EGL_emulation: app_time_stats: avg=141.74ms min=15.04ms max=994.63ms count=8
09-23 20:40:42.526   998  1057 D QuickstepModelDelegate: notifyAppTargetEvent action=1 launchLocation=workspace/0/[-1,-1]/[1,1]
09-23 20:40:42.532   488  1583 W AppSearchIcing: icing-search-engine.cc:217: Error: 5, Message: Document (com.google.android.googlequicksearchbox$OneSearchZeroStateGoogleSuggestions/default, zp) not found.
09-23 20:40:42.534   998  1945 E OneSearchSuggestProvider: Failed to fetch suggestions from AppSearch, fallback to AGA
09-23 20:40:42.534   998  1945 E OneSearchSuggestProvider: java.util.concurrent.CompletionException: java.util.NoSuchElementException: No value present
09-23 20:40:42.534   998  1945 E OneSearchSuggestProvider: 	at java.util.concurrent.CompletableFuture.encodeThrowable(CompletableFuture.java:307)
09-23 20:40:42.534   998  1945 E OneSearchSuggestProvider: 	at java.util.concurrent.CompletableFuture.completeThrowable(CompletableFuture.java:322)
09-23 20:40:42.534   998  1945 E OneSearchSuggestProvider: 	at java.util.concurrent.CompletableFuture$UniAccept.tryFire(CompletableFuture.java:680)
09-23 20:40:42.534   998  1945 E OneSearchSuggestProvider: 	at java.util.concurrent.CompletableFuture.postComplete(CompletableFuture.java:482)
09-23 20:40:42.534   998  1945 E OneSearchSuggestProvider: 	at java.util.concurrent.CompletableFuture.completeExceptionally(CompletableFuture.java:2064)
09-23 20:40:42.534   998  1945 E OneSearchSuggestProvider: 	at com.google.android.apps.nexuslauncher.allapps.J.onResult(Unknown Source:59)
09-23 20:40:42.534   998  1945 E OneSearchSuggestProvider: 	at android.app.appsearch.SearchSessionUtil$1.lambda$onResult$0(SearchSessionUtil.java:128)
09-23 20:40:42.534   998  1945 E OneSearchSuggestProvider: 	at android.app.appsearch.SearchSessionUtil$1.$r8$lambda$_nlk9WiPjSfaAsqKYmp0aPvSRC0(Unknown Source:0)
09-23 20:40:42.534   998  1945 E OneSearchSuggestProvider: 	at android.app.appsearch.AppSearchSession$4$$ExternalSyntheticLambda1.run(Unknown Source:26)
09-23 20:40:42.534   998  1945 E OneSearchSuggestProvider: 	at android.os.Handler.handleCallback(Handler.java:942)
09-23 20:40:42.534   998  1945 E OneSearchSuggestProvider: 	at android.os.Handler.dispatchMessage(Handler.java:99)
09-23 20:40:42.534   998  1945 E OneSearchSuggestProvider: 	at android.os.Looper.loopOnce(Looper.java:201)
09-23 20:40:42.534   998  1945 E OneSearchSuggestProvider: 	at android.os.Looper.loop(Looper.java:288)
09-23 20:40:42.534   998  1945 E OneSearchSuggestProvider: 	at android.os.HandlerThread.run(HandlerThread.java:67)
09-23 20:40:42.534   998  1945 E OneSearchSuggestProvider: Caused by: java.util.NoSuchElementException: No value present
09-23 20:40:42.534   998  1945 E OneSearchSuggestProvider: 	at java.util.Optional.get(Optional.java:144)
09-23 20:40:42.534   998  1945 E OneSearchSuggestProvider: 	at com.google.android.apps.nexuslauncher.allapps.J.onResult(Unknown Source:16)
09-23 20:40:42.534   998  1945 E OneSearchSuggestProvider: 	... 8 more
09-23 20:40:42.535   998  1945 D OneSearchSuggestProvider: Created the binder channel successfully for end point service =com.google.android.apps.search.googleapp.search.suggest.plugins.onesearch.server.OneSearchSuggestService , mChannel=O0{delegate=J0{logId=3993, target=directaddress:///AndroidComponentAddress%5BIntent%20%7B%20act=grpc.io.action.BIND%20cmp=com.google.android.googlequicksearchbox/com.google.android.apps.search.googleapp.search.suggest.plugins.onesearch.server.OneSearchSuggestService%20%7D%5D}} , mOneSearchConnection=y1.J@ab3f7e6
09-23 20:40:42.538 11699 11699 I A       : (REDACTED) Created gRPC endpoint for service %s
09-23 20:40:42.541  1551  1815 I AiAiEcho: Predicting[0]:
09-23 20:40:42.541  1551  1815 I AiAiEcho: Ranked targets strategy: SORT, count: 0, ranking metadata:
09-23 20:40:42.543   338   484 E SurfaceFlinger: Only WindowManager is allowed to use eEarlyWakeup[Start|End] flags
09-23 20:40:42.545  1551  1815 I AiAiEcho: #postPredictionTargets: Sending updates to UISurface lockscreen with targets# 0
09-23 20:40:42.546  1551  1815 I AiAiEcho: #postPredictionTargets: Sending updates to UISurface home with targets# 0
09-23 20:40:42.556   318   426 I RanchuHwc: validateDisplay: layer 6649 CompositionType 1, fallback to client
09-23 20:40:42.556   318   426 I RanchuHwc: validateDisplay: layer 6648 CompositionType 1, fallback to client
09-23 20:40:42.556   318   426 I RanchuHwc: validateDisplay: layer 6646 CompositionType 1, fallback to client
09-23 20:40:42.565 11811 11811 I GoogleInputMethodService: GoogleInputMethodService.onFinishInput():3227
09-23 20:40:42.566 11811 11811 I GoogleInputMethodService: GoogleInputMethodService.updateDeviceLockedStatus():2087 repeatCheckTimes = 0, unlocked = true
09-23 20:40:42.566 11811 11811 I GoogleInputMethodService: GoogleInputMethodService.onStartInput():1877 onStartInput(EditorInfo{inputType=0x0(NULL) imeOptions=0x0 privateImeOptions=null actionName=UNSPECIFIED actionLabel=null actionId=0 initialSelStart=-1 initialSelEnd=-1 initialCapsMode=0x0 hintText=null label=null packageName=com.google.android.apps.nexuslauncher fieldId=-1 fieldName=null extras=null}, false)
09-23 20:40:42.566 11811 11811 I GoogleInputMethodService: GoogleInputMethodService.shouldHideHeaderOnInitialState():4008 ShouldHideHeaderOnInitialState = false
09-23 20:40:42.567 11811 11811 I GoogleInputMethodService: GoogleInputMethodService.updateDeviceLockedStatus():2087 repeatCheckTimes = 2, unlocked = true
09-23 20:40:42.574   318   426 I RanchuHwc: validateDisplay: layer 6649 CompositionType 1, fallback to client
09-23 20:40:42.574   318   426 I RanchuHwc: validateDisplay: layer 6648 CompositionType 1, fallback to client
09-23 20:40:42.574   318   426 I RanchuHwc: validateDisplay: layer 6646 CompositionType 1, fallback to client
09-23 20:40:42.593   318   426 I RanchuHwc: validateDisplay: layer 6649 CompositionType 1, fallback to client
09-23 20:40:42.593   318   426 I RanchuHwc: validateDisplay: layer 6648 CompositionType 1, fallback to client
09-23 20:40:42.593   318   426 I RanchuHwc: validateDisplay: layer 6646 CompositionType 1, fallback to client
09-23 20:40:42.607   318   426 I RanchuHwc: validateDisplay: layer 6649 CompositionType 1, fallback to client
09-23 20:40:42.607   318   426 I RanchuHwc: validateDisplay: layer 6648 CompositionType 1, fallback to client
09-23 20:40:42.607   318   426 I RanchuHwc: validateDisplay: layer 6646 CompositionType 1, fallback to client
09-23 20:40:42.625   318   426 I RanchuHwc: validateDisplay: layer 6649 CompositionType 1, fallback to client
09-23 20:40:42.625   318   426 I RanchuHwc: validateDisplay: layer 6648 CompositionType 1, fallback to client
09-23 20:40:42.625   318   426 I RanchuHwc: validateDisplay: layer 6646 CompositionType 1, fallback to client
09-23 20:40:42.640   318   426 I RanchuHwc: validateDisplay: layer 6649 CompositionType 1, fallback to client
09-23 20:40:42.640   318   426 I RanchuHwc: validateDisplay: layer 6648 CompositionType 1, fallback to client
09-23 20:40:42.640   318   426 I RanchuHwc: validateDisplay: layer 6646 CompositionType 1, fallback to client
09-23 20:40:42.656   318   426 I RanchuHwc: validateDisplay: layer 6649 CompositionType 1, fallback to client
09-23 20:40:42.656   318   426 I RanchuHwc: validateDisplay: layer 6648 CompositionType 1, fallback to client
09-23 20:40:42.656   318   426 I RanchuHwc: validateDisplay: layer 6646 CompositionType 1, fallback to client
09-23 20:40:42.673   318   426 I RanchuHwc: validateDisplay: layer 6649 CompositionType 1, fallback to client
09-23 20:40:42.673   318   426 I RanchuHwc: validateDisplay: layer 6648 CompositionType 1, fallback to client
09-23 20:40:42.673   318   426 I RanchuHwc: validateDisplay: layer 6646 CompositionType 1, fallback to client
09-23 20:40:42.689   318   426 I RanchuHwc: validateDisplay: layer 6649 CompositionType 1, fallback to client
09-23 20:40:42.690   318   426 I RanchuHwc: validateDisplay: layer 6648 CompositionType 1, fallback to client
09-23 20:40:42.690   318   426 I RanchuHwc: validateDisplay: layer 6646 CompositionType 1, fallback to client
09-23 20:40:42.706   318   426 I RanchuHwc: validateDisplay: layer 6649 CompositionType 1, fallback to client
09-23 20:40:42.706   318   426 I RanchuHwc: validateDisplay: layer 6648 CompositionType 1, fallback to client
09-23 20:40:42.706   318   426 I RanchuHwc: validateDisplay: layer 6646 CompositionType 1, fallback to client
09-23 20:40:42.723   318   426 I RanchuHwc: validateDisplay: layer 6649 CompositionType 1, fallback to client
09-23 20:40:42.723   318   426 I RanchuHwc: validateDisplay: layer 6648 CompositionType 1, fallback to client
09-23 20:40:42.723   318   426 I RanchuHwc: validateDisplay: layer 6646 CompositionType 1, fallback to client
09-23 20:40:42.740   318   426 I RanchuHwc: validateDisplay: layer 6649 CompositionType 1, fallback to client
09-23 20:40:42.740   318   426 I RanchuHwc: validateDisplay: layer 6648 CompositionType 1, fallback to client
09-23 20:40:42.757   318   426 I RanchuHwc: validateDisplay: layer 6649 CompositionType 1, fallback to client
09-23 20:40:42.757   318   426 I RanchuHwc: validateDisplay: layer 6648 CompositionType 1, fallback to client
09-23 20:40:42.774   318   426 I RanchuHwc: validateDisplay: layer 6649 CompositionType 1, fallback to client
09-23 20:40:42.774   318   426 I RanchuHwc: validateDisplay: layer 6648 CompositionType 1, fallback to client
09-23 20:40:42.791   318   426 I RanchuHwc: validateDisplay: layer 6649 CompositionType 1, fallback to client
09-23 20:40:42.791   318   426 I RanchuHwc: validateDisplay: layer 6648 CompositionType 1, fallback to client
09-23 20:40:42.825   338   589 E SurfaceFlinger: Only WindowManager is allowed to use eEarlyWakeup[Start|End] flags
09-23 20:40:42.991 15533 16039 V Console : Foreground activity counter :: AtomicIntWrapper :: 12312792 :: 227589169 :: Value of: 0
09-23 20:40:42.991 15533 16039 I Console : Activity lifecycle :: Main state :: Background
09-23 20:40:43.198 15533 15533 V Console : Activity lifecycle :: PRE-STOPPED :: MainActivity
09-23 20:40:43.199 15533 15533 V Console : Activity lifecycle :: STOPPED :: MainActivity
09-23 20:40:43.199 15533 15533 D LifecycleMonitor: Lifecycle status change: com.shareconnect.MainActivity@358c28c in: STOPPED
09-23 20:40:43.199 15533 15533 V ActivityScenario: Update currentActivityStage to STOPPED, currentActivity=com.shareconnect.MainActivity@358c28c
09-23 20:40:43.200 15533 15533 V Console : Activity lifecycle :: POST-STOPPED :: MainActivity
09-23 20:40:43.200 15533 15533 V Console : Activity lifecycle :: PRE-DESTROYED :: MainActivity
09-23 20:40:43.201 15533 15533 V Console : Activity lifecycle :: DESTROYED :: MainActivity
09-23 20:40:43.201 15533 15533 D LifecycleMonitor: Lifecycle status change: com.shareconnect.MainActivity@358c28c in: DESTROYED
09-23 20:40:43.201 15533 15533 V ActivityScenario: Update currentActivityStage to DESTROYED, currentActivity=null
09-23 20:40:43.219 15533 15533 I om.shareconnect: Explicit concurrent copying GC freed 78703(3143KB) AllocSpace objects, 10(456KB) LOS objects, 49% free, 9094KB/17MB, paused 20us,14us total 17.491ms
09-23 20:40:43.225 15533 15544 D StrictMode: StrictMode policy violation: android.os.strictmode.LeakedClosableViolation: A resource was acquired at attached stack trace but never released. See java.io.Closeable for information on avoiding resource leaks.
09-23 20:40:43.225 15533 15544 D StrictMode: 	at android.os.StrictMode$AndroidCloseGuardReporter.report(StrictMode.java:1986)
09-23 20:40:43.225 15533 15544 D StrictMode: 	at dalvik.system.CloseGuard.warnIfOpen(CloseGuard.java:336)
09-23 20:40:43.225 15533 15544 D StrictMode: 	at android.database.sqlite.SQLiteConnectionPool.dispose(SQLiteConnectionPool.java:242)
09-23 20:40:43.225 15533 15544 D StrictMode: 	at android.database.sqlite.SQLiteConnectionPool.finalize(SQLiteConnectionPool.java:181)
09-23 20:40:43.225 15533 15544 D StrictMode: 	at java.lang.Daemons$FinalizerDaemon.doFinalize(Daemons.java:319)
09-23 20:40:43.225 15533 15544 D StrictMode: 	at java.lang.Daemons$FinalizerDaemon.runInternal(Daemons.java:306)
09-23 20:40:43.225 15533 15544 D StrictMode: 	at java.lang.Daemons$Daemon.run(Daemons.java:140)
09-23 20:40:43.225 15533 15544 D StrictMode: 	at java.lang.Thread.run(Thread.java:1012)
09-23 20:40:43.225 15533 15544 D StrictMode: Caused by: java.lang.Throwable: Explicit termination method 'SQLiteConnectionPool.close' not called
09-23 20:40:43.225 15533 15544 D StrictMode: 	at dalvik.system.CloseGuard.openWithCallSite(CloseGuard.java:288)
09-23 20:40:43.225 15533 15544 D StrictMode: 	at dalvik.system.CloseGuard.open(CloseGuard.java:257)
09-23 20:40:43.225 15533 15544 D StrictMode: 	at android.database.sqlite.SQLiteConnectionPool.open(SQLiteConnectionPool.java:221)
09-23 20:40:43.225 15533 15544 D StrictMode: 	at android.database.sqlite.SQLiteConnectionPool.open(SQLiteConnectionPool.java:202)
09-23 20:40:43.225 15533 15544 D StrictMode: 	at android.database.sqlite.SQLiteDatabase.openInner(SQLiteDatabase.java:1085)
09-23 20:40:43.225 15533 15544 D StrictMode: 	at android.database.sqlite.SQLiteDatabase.open(SQLiteDatabase.java:1065)
09-23 20:40:43.225 15533 15544 D StrictMode: 	at android.database.sqlite.SQLiteDatabase.openDatabase(SQLiteDatabase.java:929)
09-23 20:40:43.225 15533 15544 D StrictMode: 	at android.database.sqlite.SQLiteDatabase.openDatabase(SQLiteDatabase.java:918)
09-23 20:40:43.225 15533 15544 D StrictMode: 	at android.database.sqlite.SQLiteOpenHelper.getDatabaseLocked(SQLiteOpenHelper.java:373)
09-23 20:40:43.225 15533 15544 D StrictMode: 	at android.database.sqlite.SQLiteOpenHelper.getWritableDatabase(SQLiteOpenHelper.java:316)
09-23 20:40:43.225 15533 15544 D StrictMode: 	at androidx.sqlite.db.framework.FrameworkSQLiteOpenHelper$OpenHelper.getWritableOrReadableDatabase(FrameworkSQLiteOpenHelper.android.kt:224)
09-23 20:40:43.225 15533 15544 D StrictMode: 	at androidx.sqlite.db.framework.FrameworkSQLiteOpenHelper$OpenHelper.innerGetDatabase(FrameworkSQLiteOpenHelper.android.kt:167)
09-23 20:40:43.225 15533 15544 D StrictMode: 	at androidx.sqlite.db.framework.FrameworkSQLiteOpenHelper$OpenHelper.getSupportDatabase(FrameworkSQLiteOpenHelper.android.kt:141)
09-23 20:40:43.225 15533 15544 D StrictMode: 	at androidx.sqlite.db.framework.FrameworkSQLiteOpenHelper.getWritableDatabase(FrameworkSQLiteOpenHelper.android.kt:96)
09-23 20:40:43.225 15533 15544 D StrictMode: 	at androidx.sqlite.driver.SupportSQLiteDriver.open(SupportSQLiteDriver.android.kt:57)
09-23 20:40:43.225 15533 15544 D StrictMode: 	at androidx.sqlite.driver.SupportSQLiteDriver.open(SupportSQLiteDriver.android.kt:33)
09-23 20:40:43.225 15533 15544 D StrictMode: 	at androidx.room.coroutines.PassthroughConnectionPool.connection$lambda$0(PassthroughConnectionPool.kt:47)
09-23 20:40:43.225 15533 15544 D StrictMode: 	at androidx.room.coroutines.PassthroughConnectionPool.$r8$lambda$5PfN97KPsXXXOapSC9IzcedL70w(Unknown Source:0)
09-23 20:40:43.225 15533 15544 D StrictMode: 	at androidx.room.coroutines.PassthroughConnectionPool$$ExternalSyntheticLambda0.invoke(D8$$SyntheticClass:0)
09-23 20:40:43.225 15533 15544 D StrictMode: 	at kotlin.SynchronizedLazyImpl.getValue(LazyJVM.kt:86)
09-23 20:40:43.225 15533 15544 D StrictMode: 	at androidx.room.coroutines.PassthroughConnectionPool.useConnection(PassthroughConnectionPool.kt:58)
09-23 20:40:43.225 15533 15544 D StrictMode: 	at androidx.room.RoomConnectionManager.useConnection(RoomConnectionManager.android.kt:136)
09-23 20:40:43.225 15533 15544 D StrictMode: 	at androidx.room.RoomDatabase.useConnection(RoomDatabase.android.kt:619)
09-23 20:40:43.225 15533 15544 D StrictMode: 	at androidx.room.util.DBUtil__DBUtil_androidKt$performBlocking$1$1.invokeSuspend(DBUtil.android.kt:260)
09-23 20:40:43.225 15533 15544 D StrictMode: 	at androidx.room.util.DBUtil__DBUtil_androidKt$performBlocking$1$1.invoke(Unknown Source:8)
09-23 20:40:43.225 15533 15544 D StrictMode: 	at androidx.room.util.DBUtil__DBUtil_androidKt$performBlocking$1$1.invoke(Unknown Source:4)
09-23 20:40:43.225 15533 15544 D StrictMode: 	at kotlinx.coroutines.intrinsics.UndispatchedKt.startUndspatched(Undispatched.kt:66)
09-23 20:40:43.225 15533 15544 D StrictMode: 	at kotlinx.coroutines.intrinsics.UndispatchedKt.startUndispatchedOrReturn(Undispatched.kt:43)
09-23 20:40:43.225 15533 15544 D StrictMode: 	at kotlinx.coroutines.BuildersKt__Builders_commonKt.withContext(Builders.common.kt:157)
09-23 20:40:43.225 15533 15544 D StrictMode: 	at kotlinx.coroutines.BuildersKt.withContext(Unknown Source:1)
09-23 20:40:43.225 15533 15544 D StrictMode: 	at androidx.room.util.DBUtil__DBUtil_androidKt$performBlocking$1.invokeSuspend(DBUtil.android.kt:72)
09-23 20:40:43.225 15533 15544 D StrictMode: 	at androidx.room.util.DBUtil__DBUtil_androidKt$performBlocking$1.invoke(Unknown Source:8)
09-23 20:40:43.225 15533 15544 D StrictMode: 	at androidx.room.util.DBUtil__DBUtil_androidKt$performBlocking$1.invoke(Unknown Source:4)
09-23 20:40:43.225 15533 15544 D StrictMode: 	at androidx.room.coroutines.RunBlockingUninterruptible_androidKt$runBlockingUninterruptible$1$1.invokeSuspend(RunBlockingUninterruptible.android.kt:52)
09-23 20:40:43.225 15533 15544 D StrictMode: 	at androidx.room.coroutines.RunBlockingUninterruptible_androidKt$runBlockingUninterruptible$1$1.invoke(Unknown Source:8)
09-23 20:40:43.225 15533 15544 D StrictMode: 	at androidx.room.coroutines.RunBlockingUninterruptible_androidKt$runBlockingUninterruptible$1$1.invoke(Unknown Source:4)
09-23 20:40:43.225 15533 15544 D StrictMode: 	at kotlinx.coroutines.intrinsics.UndispatchedKt.startCoroutineUndispatched(Undispatched.kt:20)
09-23 20:40:43.225 15533 15544 D StrictMode: 	at kotlinx.coroutines.CoroutineStart.invoke(CoroutineStart.kt:360)
09-23 20:40:43.225 15533 15544 D StrictMode: 	at kotlinx.coroutines.AbstractCoroutine.start(AbstractCoroutine.kt:134)
09-23 20:40:43.225 15533 15544 D StrictMode: 	at kotlinx.coroutines.BuildersKt__Builders_commonKt.launch(Builders.common.kt:53)
09-23 20:40:43.225 15533 15544 D StrictMode: 	at kotlinx.coroutines.BuildersKt.launch(Unknown Source:1)
09-23 20:40:43.225 15533 15544 D StrictMode: 	at androidx.room.coroutines.RunBlockingUninterruptible_androidKt$runBlockingUninterruptible$1.invokeSuspend(RunBlockingUninterruptible.android.kt:51)
09-23 20:40:43.225 15533 15544 D StrictMode: 	at kotlin.coroutines.jvm.internal.BaseContinuationImpl.resumeWith(ContinuationImpl.kt:34)
09-23 20:40:43.225 15533 15544 D StrictMode: 	at kotlinx.coroutines.DispatchedTask.run(DispatchedTask.kt:100)
09-23 20:40:43.225 15533 15544 D StrictMode: 	at kotlinx.coroutines.EventLoopImplBase.processNextEvent(EventLoop.common.kt:263)
09-23 20:40:43.225 15533 15544 D StrictMode: 	at kotlinx.coroutines.BlockingCoroutine.joinBlocking(Builders.kt:94)
09-23 20:40:43.225 15533 15544 D StrictMode: 	at kotlinx.coroutines.BuildersKt__BuildersKt.runBlocking(Builders.kt:70)
09-23 20:40:43.225 15533 15544 D StrictMode: 	at kotlinx.coroutines.BuildersKt.runBlocking(Unknown Source:1)
09-23 20:40:43.225 15533 15544 D StrictMode: 	at kotlinx.coroutines.BuildersKt__BuildersKt.runBlocking$default(Builders.kt:48)
09-23 20:40:43.225 15533 15544 D StrictMode: 	at kotlinx.coroutines.BuildersKt.runBlocking$default(Unknown Source:1)
09-23 20:40:43.225 15533 15544 D StrictMode: 	at androidx.room.coroutines.RunBlockingUninterruptible_androidKt.runBlockingUninterruptible(RunBlockingUninterruptible.android.kt:45)
09-23 20:40:43.225 15533 15544 D StrictMode: 	at androidx.room.util.DBUtil__DBUtil_androidKt.performBlocking(DBUtil.android.kt:71)
09-23 20:40:43.225 15533 15544 D StrictMode: 	at androidx.room.util.DBUtil.performBlocking(Unknown Source:1)
09-23 20:40:43.225 15533 15544 D StrictMode: 	at com.shareconnect.database.HistoryItemDao_Impl.getAllHistoryItems(HistoryItemDao_Impl.kt:174)
09-23 20:40:43.225 15533 15544 D StrictMode: 	at com.shareconnect.database.HistoryRepository.getAllHistoryItems(HistoryRepository.kt:29)
09-23 20:40:43.225 15533 15544 D StrictMode: 	at com.shareconnect.HistoryActivity.loadHistoryItems(HistoryActivity.kt:86)
09-23 20:40:43.225 15533 15544 D StrictMode: 	at com.shareconnect.HistoryActivity.onCreate(HistoryActivity.kt:50)
09-23 20:40:43.225 15533 15544 D StrictMode: 	at android.app.Activity.performCreate(Activity.java:8342)
09-23 20:40:43.225 15533 15544 D StrictMode: 	at android.app.Activity.performCreate(Activity.java:8321)
09-23 20:40:43.225 15533 15544 D StrictMode: 	at android.app.Instrumentation.callActivityOnCreate(Instrumentation.java:1417)
09-23 20:40:43.225 15533 15544 D StrictMode: 	at androidx.test.runner.MonitoringInstrumentation.callActivityOnCreate(MonitoringInstrumentation.java:766)
09-23 20:40:43.225 15533 15544 D StrictMode: 	at android.app.ActivityThread.performLaunchActivity(ActivityThread.java:3626)
09-23 20:40:43.225 15533 15544 D StrictMode: 	at android.app.ActivityThread.handleLaunchActivity(ActivityThread.java:3782)
09-23 20:40:43.225 15533 15544 D StrictMode: 	at android.app.servertransaction.LaunchActivityItem.execute(LaunchActivityItem.java:101)
09-23 20:40:43.225 15533 15544 D StrictMode: 	at android.app.servertransaction.TransactionExecutor.executeCallbacks(TransactionExecutor.java:138)
09-23 20:40:43.225 15533 15544 D StrictMode: 	at android.app.servertransaction.TransactionExecutor.execute(TransactionExecutor.java:95)
09-23 20:40:43.225 15533 15544 D StrictMode: 	at android.app.ActivityThread$H.handleMessage(ActivityThread.java:2307)
09-23 20:40:43.225 15533 15544 D StrictMode: 	at android.os.Handler.dispatchMessage(Handler.java:106)
09-23 20:40:43.225 15533 15544 D StrictMode: 	at androidx.test.espresso.base.Interrogator.loopAndInterrogate(Interrogator.java:14)
09-23 20:40:43.225 15533 15544 D StrictMode: 	at androidx.test.espresso.base.UiControllerImpl.loopUntil(UiControllerImpl.java:8)
09-23 20:40:43.225 15533 15544 D StrictMode: 	at androidx.test.espresso.base.UiControllerImpl.loopUntil(UiControllerImpl.java:1)
09-23 20:40:43.225 15533 15544 D StrictMode: 	at androidx.test.espresso.base.UiControllerImpl.injectMotionEvent(UiControllerImpl.java:5)
09-23 20:40:43.225 15533 15544 D StrictMode: 	at androidx.test.espresso.action.MotionEvents.sendUp(MotionEvents.java:7)
09-23 20:40:43.225 15533 15544 D StrictMode: 	at androidx.test.espresso.action.MotionEvents.sendUp(MotionEvents.java:1)
