09-23 18:23:29.090 19052 19129 I TestRunner: started: testAppStressTest(com.shareconnect.automation.FullAppFlowAutomationTest)
09-23 18:23:29.103 19052 19129 W Settings: Setting always_finish_activities has moved from android.provider.Settings.System to android.provider.Settings.Global, returning read-only value.
09-23 18:23:29.129   779   868 W Parcel  : Expecting binder but got null!
09-23 18:23:29.169 19052 19052 D LifecycleMonitor: Lifecycle status change: com.shareconnect.MainActivity@8808908 in: PRE_ON_CREATE
09-23 18:23:29.169 19052 19052 V ActivityScenario: Activity lifecycle changed event received but ignored because the reported transition was not ON_CREATE while the last known transition was PRE_ON_CREATE
09-23 18:23:29.171 19052 19052 D Console : getDefaultTheme() returned: Warm Orange Light (ID: 1, isDefault: true)
09-23 18:23:29.171 19052 19052 D Console : getDefaultTheme() returned: Warm Orange Light (ID: 1, isDefault: true)
09-23 18:23:29.171 19052 19052 D Console : Applying theme: Warm Orange Light, colorScheme: warm_orange, isDarkMode: false, currentTheme: WARM_ORANGE_LIGHT
09-23 18:23:29.171 19052 19052 D Console : Activity MainActivity usesToolbar: true
09-23 18:23:29.171 19052 19052 D Console : Setting night mode to NO
09-23 18:23:29.175   779   868 E OpenGLRenderer: Unable to match the desired swap behavior.
09-23 18:23:29.212 19052 19052 D LifecycleMonitor: Lifecycle status change: com.shareconnect.MainActivity@8808908 in: CREATED
09-23 18:23:29.212 19052 19052 V ActivityScenario: Update currentActivityStage to CREATED, currentActivity=com.shareconnect.MainActivity@8808908
09-23 18:23:29.212 19052 19052 D LifecycleMonitor: Lifecycle status change: com.shareconnect.MainActivity@8808908 in: STARTED
09-23 18:23:29.213 19052 19052 V ActivityScenario: Update currentActivityStage to STARTED, currentActivity=com.shareconnect.MainActivity@8808908
09-23 18:23:29.214 19052 19052 D FirebaseSessions: App foregrounded on com.shareconnect
09-23 18:23:29.216 19052 19052 V Console : Activity lifecycle :: RESUMED :: MainActivity
09-23 18:23:29.216 19052 19052 V Console : Foreground activity counter :: AtomicIntWrapper :: 12312792 :: 227589169 :: Value of: 0
09-23 18:23:29.216 19052 19052 I Console : Activity lifecycle :: Main state :: Foreground
09-23 18:23:29.216 19052 19052 V Console : Foreground activity counter :: AtomicIntWrapper :: 12312792 :: 227589169 :: Incremented to: 1
09-23 18:23:29.216 19052 19052 D Console : hasThemeChanged() returned: false
09-23 18:23:29.217 19052 19052 D Console : onResume() called, themeChanged: false
09-23 18:23:29.217 19052 19052 D LifecycleMonitor: Lifecycle status change: com.shareconnect.MainActivity@8808908 in: RESUMED
09-23 18:23:29.217 19052 19052 V ActivityScenario: Update currentActivityStage to RESUMED, currentActivity=com.shareconnect.MainActivity@8808908
09-23 18:23:29.217 19052 19052 V Console : Activity lifecycle :: POST-RESUMED :: MainActivity
09-23 18:23:29.220 19052 19146 W Parcel  : Expecting binder but got null!
09-23 18:23:29.225  1581  1581 I GsaVoiceInteractionSrv: Handling ACTION_STOP_HOTWORD
09-23 18:23:29.225  1581  2232 I HwDetectorWithState: (REDACTED) a: %d
09-23 18:23:29.228 19052 19052 V Console : Activity lifecycle :: PRE-PAUSED :: MainActivity
09-23 18:23:29.228 19052 19052 D Console : Activity lifecycle :: Top activity: MainActivity
09-23 18:23:29.228 19052 19052 D FirebaseSessions: App backgrounded on com.shareconnect
09-23 18:23:29.230 19052 19052 V Console : Activity lifecycle :: PAUSED :: MainActivity
09-23 18:23:29.231 19052 19052 V Console : Foreground activity counter :: AtomicIntWrapper :: 12312792 :: 227589169 :: Decremented to: 0
09-23 18:23:29.231 19052 19052 D LifecycleMonitor: Lifecycle status change: com.shareconnect.MainActivity@8808908 in: PAUSED
09-23 18:23:29.231 19052 19052 V ActivityScenario: Update currentActivityStage to PAUSED, currentActivity=com.shareconnect.MainActivity@8808908
09-23 18:23:29.244 19052 19146 E OpenGLRenderer: Unable to match the desired swap behavior.
09-23 18:23:29.252 19052 19052 D LifecycleMonitor: Lifecycle status change: com.shareconnect.SettingsActivity@987e3f3 in: PRE_ON_CREATE
09-23 18:23:29.252 19052 19052 V ActivityScenario: Activity lifecycle changed event received but ignored because the intent does not match. startActivityIntent=Intent { act=android.intent.action.MAIN cat=[android.intent.category.LAUNCHER] flg=0x10008000 cmp=com.shareconnect/.MainActivity }, activity.getIntent()=Intent { cmp=com.shareconnect/.SettingsActivity (has extras) }, activity=com.shareconnect.SettingsActivity@987e3f3
09-23 18:23:29.252 19052 19052 D Console : getDefaultTheme() returned: Warm Orange Light (ID: 1, isDefault: true)
09-23 18:23:29.252 19052 19052 D Console : getDefaultTheme() returned: Warm Orange Light (ID: 1, isDefault: true)
09-23 18:23:29.252 19052 19052 D Console : Applying theme: Warm Orange Light, colorScheme: warm_orange, isDarkMode: false, currentTheme: WARM_ORANGE_LIGHT
09-23 18:23:29.253 19052 19052 D Console : Activity SettingsActivity usesToolbar: true
09-23 18:23:29.253 19052 19052 D Console : Setting night mode to NO
09-23 18:23:29.256 19052 19052 D LifecycleMonitor: Lifecycle status change: com.shareconnect.SettingsActivity@987e3f3 in: CREATED
09-23 18:23:29.256 19052 19052 V ActivityScenario: Activity lifecycle changed event received but ignored because the intent does not match. startActivityIntent=Intent { act=android.intent.action.MAIN cat=[android.intent.category.LAUNCHER] flg=0x10008000 cmp=com.shareconnect/.MainActivity }, activity.getIntent()=Intent { cmp=com.shareconnect/.SettingsActivity (has extras) }, activity=com.shareconnect.SettingsActivity@987e3f3
09-23 18:23:29.259   998  1661 D EGL_emulation: app_time_stats: avg=13.65ms min=1.04ms max=272.77ms count=43
09-23 18:23:29.260 19052 19052 D LifecycleMonitor: Lifecycle status change: com.shareconnect.SettingsActivity@987e3f3 in: STARTED
09-23 18:23:29.260 19052 19052 V ActivityScenario: Activity lifecycle changed event received but ignored because the intent does not match. startActivityIntent=Intent { act=android.intent.action.MAIN cat=[android.intent.category.LAUNCHER] flg=0x10008000 cmp=com.shareconnect/.MainActivity }, activity.getIntent()=Intent { cmp=com.shareconnect/.SettingsActivity (has extras) }, activity=com.shareconnect.SettingsActivity@987e3f3
09-23 18:23:29.261 19052 19052 D FirebaseSessions: App foregrounded on com.shareconnect
09-23 18:23:29.262 19052 19052 V Console : Activity lifecycle :: RESUMED :: SettingsActivity
09-23 18:23:29.262 19052 19052 V Console : Foreground activity counter :: AtomicIntWrapper :: 12312792 :: 227589169 :: Value of: 0
09-23 18:23:29.262 19052 19052 I Console : Activity lifecycle :: Main state :: Foreground
09-23 18:23:29.262 19052 19052 V Console : Foreground activity counter :: AtomicIntWrapper :: 12312792 :: 227589169 :: Incremented to: 1
09-23 18:23:29.262 19052 19052 D LifecycleMonitor: Lifecycle status change: com.shareconnect.SettingsActivity@987e3f3 in: RESUMED
09-23 18:23:29.262 19052 19052 V ActivityScenario: Activity lifecycle changed event received but ignored because the intent does not match. startActivityIntent=Intent { act=android.intent.action.MAIN cat=[android.intent.category.LAUNCHER] flg=0x10008000 cmp=com.shareconnect/.MainActivity }, activity.getIntent()=Intent { cmp=com.shareconnect/.SettingsActivity (has extras) }, activity=com.shareconnect.SettingsActivity@987e3f3
09-23 18:23:29.263 19052 19052 V Console : Activity lifecycle :: POST-RESUMED :: SettingsActivity
09-23 18:23:29.264 19052 19146 W Parcel  : Expecting binder but got null!
09-23 18:23:29.278 19052 19146 E OpenGLRenderer: Unable to match the desired swap behavior.
09-23 18:23:29.295   488   503 W ziparchive: Unable to open '/data/app/~~V1RMhJ4uRSUintQOLN924A==/com.shareconnect-Mtf-9DBQqrPAhiVsnmCAWA==/base.dm': No such file or directory
09-23 18:23:29.298   488   503 I ActivityTaskManager: Displayed com.shareconnect/.SettingsActivity: +186ms
09-23 18:23:29.307   779   868 D EGL_emulation: app_time_stats: avg=525.82ms min=3.91ms max=6164.17ms count=12
09-23 18:23:29.313 11811 11811 I GoogleInputMethodService: GoogleInputMethodService.onFinishInput():3227
09-23 18:23:29.318 11811 11811 I GoogleInputMethodService: GoogleInputMethodService.updateDeviceLockedStatus():2087 repeatCheckTimes = 0, unlocked = true
09-23 18:23:29.318 11811 11811 I GoogleInputMethodService: GoogleInputMethodService.onStartInput():1877 onStartInput(EditorInfo{inputType=0x0(NULL) imeOptions=0x0 privateImeOptions=null actionName=UNSPECIFIED actionLabel=null actionId=0 initialSelStart=-1 initialSelEnd=-1 initialCapsMode=0x0 hintText=null label=null packageName=com.shareconnect fieldId=2131231190 fieldName=null extras=null}, false)
09-23 18:23:29.318 11811 11811 I GoogleInputMethodService: GoogleInputMethodService.shouldHideHeaderOnInitialState():4008 ShouldHideHeaderOnInitialState = false
09-23 18:23:29.319 11811 11811 I GoogleInputMethodService: GoogleInputMethodService.updateDeviceLockedStatus():2087 repeatCheckTimes = 2, unlocked = true
09-23 18:23:29.477   779   868 D EGL_emulation: app_time_stats: avg=1056.71ms min=49.51ms max=4885.33ms count=5
09-23 18:23:29.510 19052 19052 V Console : Activity lifecycle :: PRE-STOPPED :: MainActivity
09-23 18:23:29.512  1581  2228 I AssistantForeground: (REDACTED) Get launcher package: %s
09-23 18:23:29.512 19052 19052 V Console : Activity lifecycle :: STOPPED :: MainActivity
09-23 18:23:29.512 19052 19052 D LifecycleMonitor: Lifecycle status change: com.shareconnect.MainActivity@8808908 in: STOPPED
09-23 18:23:29.512 19052 19052 V ActivityScenario: Update currentActivityStage to STOPPED, currentActivity=com.shareconnect.MainActivity@8808908
09-23 18:23:29.512 19052 19052 V Console : Activity lifecycle :: POST-STOPPED :: MainActivity
09-23 18:23:29.528   998  1945 D OneSearchSuggestProvider: Shut down the binder channel
09-23 18:23:29.529   998  1150 I s.nexuslauncher: oneway function results for code 2 on binder at 0xb400007a3948c310 will be dropped but finished with status UNKNOWN_TRANSACTION
09-23 18:23:29.593   488  1100 W InputManager-JNI: Input channel object '6bdcac0 Splash Screen com.shareconnect (client)' was disposed without first being removed with the input manager!
09-23 18:23:29.733 19052 19568 V Console : Foreground activity counter :: AtomicIntWrapper :: 12312792 :: 227589169 :: Value of: 1
09-23 18:23:29.886 19875 19889 V ClearcutMetricXmitter: Transmission is done.
09-23 18:23:29.886 19875 19890 V ClearcutMetricXmitter: Transmission is done.
09-23 18:23:30.486   779   868 D EGL_emulation: app_time_stats: avg=32.18ms min=0.50ms max=190.69ms count=26
09-23 18:23:30.897 19052 19146 D EGL_emulation: app_time_stats: avg=148.99ms min=0.66ms max=1455.06ms count=10
09-23 18:23:34.334 19052 19052 V Console : Activity lifecycle :: PRE-PAUSED :: SettingsActivity
09-23 18:23:34.334 19052 19052 D Console : Activity lifecycle :: Top activity: SettingsActivity
09-23 18:23:34.334 19052 19052 D FirebaseSessions: App backgrounded on com.shareconnect
09-23 18:23:34.353 19052 19052 V Console : Activity lifecycle :: PAUSED :: SettingsActivity
09-23 18:23:34.354 19052 19052 V Console : Foreground activity counter :: AtomicIntWrapper :: 12312792 :: 227589169 :: Decremented to: 0
09-23 18:23:34.354 19052 19052 D LifecycleMonitor: Lifecycle status change: com.shareconnect.SettingsActivity@987e3f3 in: PAUSED
09-23 18:23:34.355 19052 19052 V ActivityScenario: Activity lifecycle changed event received but ignored because the intent does not match. startActivityIntent=Intent { act=android.intent.action.MAIN cat=[android.intent.category.LAUNCHER] flg=0x10008000 cmp=com.shareconnect/.MainActivity }, activity.getIntent()=Intent { cmp=com.shareconnect/.SettingsActivity (has extras) }, activity=com.shareconnect.SettingsActivity@987e3f3
09-23 18:23:34.363 19052 19052 D LifecycleMonitor: Lifecycle status change: androidx.test.core.app.InstrumentationActivityInvoker$EmptyActivity@dcebdeb in: PRE_ON_CREATE
09-23 18:23:34.363 19052 19052 V ActivityScenario: Activity lifecycle changed event received but ignored because the intent does not match. startActivityIntent=Intent { act=android.intent.action.MAIN cat=[android.intent.category.LAUNCHER] flg=0x10008000 cmp=com.shareconnect/.MainActivity }, activity.getIntent()=Intent { act=android.intent.action.MAIN cat=[android.intent.category.LAUNCHER] flg=0x10000000 cmp=com.shareconnect/androidx.test.core.app.InstrumentationActivityInvoker$EmptyActivity }, activity=androidx.test.core.app.InstrumentationActivityInvoker$EmptyActivity@dcebdeb
09-23 18:23:34.366 19052 19052 D LifecycleMonitor: Lifecycle status change: androidx.test.core.app.InstrumentationActivityInvoker$EmptyActivity@dcebdeb in: CREATED
09-23 18:23:34.366 19052 19052 V ActivityScenario: Activity lifecycle changed event received but ignored because the intent does not match. startActivityIntent=Intent { act=android.intent.action.MAIN cat=[android.intent.category.LAUNCHER] flg=0x10008000 cmp=com.shareconnect/.MainActivity }, activity.getIntent()=Intent { act=android.intent.action.MAIN cat=[android.intent.category.LAUNCHER] flg=0x10000000 cmp=com.shareconnect/androidx.test.core.app.InstrumentationActivityInvoker$EmptyActivity }, activity=androidx.test.core.app.InstrumentationActivityInvoker$EmptyActivity@dcebdeb
09-23 18:23:34.366 19052 19052 D LifecycleMonitor: Lifecycle status change: androidx.test.core.app.InstrumentationActivityInvoker$EmptyActivity@dcebdeb in: STARTED
09-23 18:23:34.366 19052 19052 V ActivityScenario: Activity lifecycle changed event received but ignored because the intent does not match. startActivityIntent=Intent { act=android.intent.action.MAIN cat=[android.intent.category.LAUNCHER] flg=0x10008000 cmp=com.shareconnect/.MainActivity }, activity.getIntent()=Intent { act=android.intent.action.MAIN cat=[android.intent.category.LAUNCHER] flg=0x10000000 cmp=com.shareconnect/androidx.test.core.app.InstrumentationActivityInvoker$EmptyActivity }, activity=androidx.test.core.app.InstrumentationActivityInvoker$EmptyActivity@dcebdeb
09-23 18:23:34.367 19052 19052 D FirebaseSessions: App foregrounded on com.shareconnect
09-23 18:23:34.376 19052 19052 V Console : Activity lifecycle :: RESUMED :: EmptyActivity
09-23 18:23:34.376 19052 19052 V Console : Foreground activity counter :: AtomicIntWrapper :: 12312792 :: 227589169 :: Value of: 0
09-23 18:23:34.376 19052 19052 I Console : Activity lifecycle :: Main state :: Foreground
09-23 18:23:34.377 19052 19052 V Console : Foreground activity counter :: AtomicIntWrapper :: 12312792 :: 227589169 :: Incremented to: 1
09-23 18:23:34.378 19052 19052 D LifecycleMonitor: Lifecycle status change: androidx.test.core.app.InstrumentationActivityInvoker$EmptyActivity@dcebdeb in: RESUMED
09-23 18:23:34.379 19052 19052 V ActivityScenario: Activity lifecycle changed event received but ignored because the intent does not match. startActivityIntent=Intent { act=android.intent.action.MAIN cat=[android.intent.category.LAUNCHER] flg=0x10008000 cmp=com.shareconnect/.MainActivity }, activity.getIntent()=Intent { act=android.intent.action.MAIN cat=[android.intent.category.LAUNCHER] flg=0x10000000 cmp=com.shareconnect/androidx.test.core.app.InstrumentationActivityInvoker$EmptyActivity }, activity=androidx.test.core.app.InstrumentationActivityInvoker$EmptyActivity@dcebdeb
09-23 18:23:34.379 19052 19052 V Console : Activity lifecycle :: POST-RESUMED :: EmptyActivity
09-23 18:23:34.383 19052 19146 W Parcel  : Expecting binder but got null!
09-23 18:23:34.395 11307 19133 D AdvertisingIdClient: AdvertisingIdClient already created.
09-23 18:23:34.397 11307 19133 I AdvertisingIdClient: shouldSendLog 1481099
09-23 18:23:34.397 11307 19133 I AdvertisingIdClient: GetInfoInternal elapse 1ms
09-23 18:23:34.402 19052 19146 E OpenGLRenderer: Unable to match the desired swap behavior.
09-23 18:23:34.412   488   503 I ActivityTaskManager: Displayed com.shareconnect/androidx.test.core.app.InstrumentationActivityInvoker$EmptyActivity: +89ms
09-23 18:23:34.428 19052 19052 V Console : Activity lifecycle :: PRE-DESTROYED :: MainActivity
09-23 18:23:34.428 19052 19052 V Console : Activity lifecycle :: DESTROYED :: MainActivity
09-23 18:23:34.428 19052 19052 D LifecycleMonitor: Lifecycle status change: com.shareconnect.MainActivity@8808908 in: DESTROYED
09-23 18:23:34.429 19052 19052 V ActivityScenario: Update currentActivityStage to DESTROYED, currentActivity=null
09-23 18:23:34.430 19052 19146 D EGL_emulation: app_time_stats: avg=220.68ms min=12.87ms max=3284.87ms count=16
09-23 18:23:34.430   488  4150 W InputManager-JNI: Input channel object '55f3931 com.shareconnect/com.shareconnect.MainActivity (client)' was disposed without first being removed with the input manager!
09-23 18:23:34.431 19052 19052 V Console : Activity lifecycle :: PRE-STOPPED :: SettingsActivity
09-23 18:23:34.432 19052 19052 V Console : Activity lifecycle :: STOPPED :: SettingsActivity
09-23 18:23:34.432 19052 19052 D LifecycleMonitor: Lifecycle status change: com.shareconnect.SettingsActivity@987e3f3 in: STOPPED
09-23 18:23:34.433 19052 19052 V ActivityScenario: Activity lifecycle changed event received but ignored because the intent does not match. startActivityIntent=Intent { act=android.intent.action.MAIN cat=[android.intent.category.LAUNCHER] flg=0x10008000 cmp=com.shareconnect/.MainActivity }, activity.getIntent()=Intent { cmp=com.shareconnect/.SettingsActivity (has extras) }, activity=com.shareconnect.SettingsActivity@987e3f3
09-23 18:23:34.433 19052 19052 V Console : Activity lifecycle :: POST-STOPPED :: SettingsActivity
09-23 18:23:34.442 11811 11811 I GoogleInputMethodService: GoogleInputMethodService.onFinishInput():3227
09-23 18:23:34.443 19052 19129 E TestRunner: failed: testAppStressTest(com.shareconnect.automation.FullAppFlowAutomationTest)
09-23 18:23:34.443 19052 19129 E TestRunner: ----- begin exception -----
09-23 18:23:34.443 19052 19129 E TestRunner: java.lang.NoClassDefFoundError: Failed resolution of: Lorg/hamcrest/Matchers;
09-23 18:23:34.443 19052 19129 E TestRunner: 	at androidx.test.espresso.matcher.ViewMatchers.withId(ViewMatchers.java:1)
09-23 18:23:34.443 19052 19129 E TestRunner: 	at com.shareconnect.automation.FullAppFlowAutomationTest.testAppStressTest(FullAppFlowAutomationTest.kt:269)
09-23 18:23:34.443 19052 19129 E TestRunner: 	at java.lang.reflect.Method.invoke(Native Method)
09-23 18:23:34.443 19052 19129 E TestRunner: 	at org.junit.runners.model.FrameworkMethod$1.runReflectiveCall(FrameworkMethod.java:59)
09-23 18:23:34.443 19052 19129 E TestRunner: 	at org.junit.internal.runners.model.ReflectiveCallable.run(ReflectiveCallable.java:12)
09-23 18:23:34.443 19052 19129 E TestRunner: 	at org.junit.runners.model.FrameworkMethod.invokeExplosively(FrameworkMethod.java:56)
09-23 18:23:34.443 19052 19129 E TestRunner: 	at org.junit.internal.runners.statements.InvokeMethod.evaluate(InvokeMethod.java:17)
09-23 18:23:34.443 19052 19129 E TestRunner: 	at androidx.test.internal.runner.junit4.statement.RunBefores.evaluate(RunBefores.java:80)
09-23 18:23:34.443 19052 19129 E TestRunner: 	at androidx.test.internal.runner.junit4.statement.RunAfters.evaluate(RunAfters.java:61)
09-23 18:23:34.443 19052 19129 E TestRunner: 	at org.junit.runners.ParentRunner$3.evaluate(ParentRunner.java:306)
09-23 18:23:34.443 19052 19129 E TestRunner: 	at org.junit.runners.BlockJUnit4ClassRunner$1.evaluate(BlockJUnit4ClassRunner.java:100)
09-23 18:23:34.443 19052 19129 E TestRunner: 	at org.junit.runners.ParentRunner.runLeaf(ParentRunner.java:366)
09-23 18:23:34.443 19052 19129 E TestRunner: 	at org.junit.runners.BlockJUnit4ClassRunner.runChild(BlockJUnit4ClassRunner.java:103)
09-23 18:23:34.443 19052 19129 E TestRunner: 	at org.junit.runners.BlockJUnit4ClassRunner.runChild(BlockJUnit4ClassRunner.java:63)
09-23 18:23:34.443 19052 19129 E TestRunner: 	at org.junit.runners.ParentRunner$4.run(ParentRunner.java:331)
09-23 18:23:34.443 19052 19129 E TestRunner: 	at org.junit.runners.ParentRunner$1.schedule(ParentRunner.java:79)
09-23 18:23:34.443 19052 19129 E TestRunner: 	at org.junit.runners.ParentRunner.runChildren(ParentRunner.java:329)
09-23 18:23:34.443 19052 19129 E TestRunner: 	at org.junit.runners.ParentRunner.access$100(ParentRunner.java:66)
09-23 18:23:34.443 19052 19129 E TestRunner: 	at org.junit.runners.ParentRunner$2.evaluate(ParentRunner.java:293)
09-23 18:23:34.443 19052 19129 E TestRunner: 	at org.junit.runners.ParentRunner$3.evaluate(ParentRunner.java:306)
09-23 18:23:34.443 19052 19129 E TestRunner: 	at org.junit.runners.ParentRunner.run(ParentRunner.java:413)
09-23 18:23:34.443 19052 19129 E TestRunner: 	at androidx.test.ext.junit.runners.AndroidJUnit4.run(AndroidJUnit4.java:162)
09-23 18:23:34.443 19052 19129 E TestRunner: 	at org.junit.runners.Suite.runChild(Suite.java:128)
09-23 18:23:34.443 19052 19129 E TestRunner: 	at org.junit.runners.Suite.runChild(Suite.java:27)
09-23 18:23:34.443 19052 19129 E TestRunner: 	at org.junit.runners.ParentRunner$4.run(ParentRunner.java:331)
09-23 18:23:34.443 19052 19129 E TestRunner: 	at org.junit.runners.ParentRunner$1.schedule(ParentRunner.java:79)
09-23 18:23:34.443 19052 19129 E TestRunner: 	at org.junit.runners.ParentRunner.runChildren(ParentRunner.java:329)
09-23 18:23:34.443 19052 19129 E TestRunner: 	at org.junit.runners.ParentRunner.access$100(ParentRunner.java:66)
09-23 18:23:34.443 19052 19129 E TestRunner: 	at org.junit.runners.ParentRunner$2.evaluate(ParentRunner.java:293)
09-23 18:23:34.443 19052 19129 E TestRunner: 	at org.junit.runners.ParentRunner$3.evaluate(ParentRunner.java:306)
09-23 18:23:34.443 19052 19129 E TestRunner: 	at org.junit.runners.ParentRunner.run(ParentRunner.java:413)
09-23 18:23:34.443 19052 19129 E TestRunner: 	at org.junit.runners.Suite.runChild(Suite.java:128)
09-23 18:23:34.443 19052 19129 E TestRunner: 	at org.junit.runners.Suite.runChild(Suite.java:27)
09-23 18:23:34.443 19052 19129 E TestRunner: 	at org.junit.runners.ParentRunner$4.run(ParentRunner.java:331)
09-23 18:23:34.443 19052 19129 E TestRunner: 	at org.junit.runners.ParentRunner$1.schedule(ParentRunner.java:79)
09-23 18:23:34.443 19052 19129 E TestRunner: 	at org.junit.runners.ParentRunner.runChildren(ParentRunner.java:329)
09-23 18:23:34.443 19052 19129 E TestRunner: 	at org.junit.runners.ParentRunner.access$100(ParentRunner.java:66)
09-23 18:23:34.443 19052 19129 E TestRunner: 	at org.junit.runners.ParentRunner$2.evaluate(ParentRunner.java:293)
09-23 18:23:34.443 19052 19129 E TestRunner: 	at org.junit.runners.ParentRunner$3.evaluate(ParentRunner.java:306)
09-23 18:23:34.443 19052 19129 E TestRunner: 	at org.junit.runners.ParentRunner.run(ParentRunner.java:413)
09-23 18:23:34.443 19052 19129 E TestRunner: 	at org.junit.runner.JUnitCore.run(JUnitCore.java:137)
09-23 18:23:34.443 19052 19129 E TestRunner: 	at org.junit.runner.JUnitCore.run(JUnitCore.java:115)
09-23 18:23:34.443 19052 19129 E TestRunner: 	at androidx.test.internal.runner.TestExecutor.execute(TestExecutor.java:68)
09-23 18:23:34.443 19052 19129 E TestRunner: 	at androidx.test.internal.runner.TestExecutor.execute(TestExecutor.java:59)
09-23 18:23:34.443 19052 19129 E TestRunner: 	at androidx.test.runner.AndroidJUnitRunner.onStart(AndroidJUnitRunner.java:463)
09-23 18:23:34.443 19052 19129 E TestRunner: 	at android.app.Instrumentation$InstrumentationThread.run(Instrumentation.java:2361)
09-23 18:23:34.443 19052 19129 E TestRunner: Caused by: java.lang.ClassNotFoundException: Didn't find class "org.hamcrest.Matchers" on path: DexPathList[[zip file "/system/framework/android.test.runner.jar", zip file "/system/framework/android.test.mock.jar", zip file "/system/framework/android.test.base.jar", zip file "/data/app/~~9eIeSJpGNwuKEpS6UddecA==/com.shareconnect.test-GmDo4qJJgaAObNT6V__lHw==/base.apk", zip file "/data/app/~~V1RMhJ4uRSUintQOLN924A==/com.shareconnect-Mtf-9DBQqrPAhiVsnmCAWA==/base.apk"],nativeLibraryDirectories=[/data/app/~~9eIeSJpGNwuKEpS6UddecA==/com.shareconnect.test-GmDo4qJJgaAObNT6V__lHw==/lib/arm64, /data/app/~~V1RMhJ4uRSUintQOLN924A==/com.shareconnect-Mtf-9DBQqrPAhiVsnmCAWA==/lib/arm64, /data/app/~~9eIeSJpGNwuKEpS6UddecA==/com.shareconnect.test-GmDo4qJJgaAObNT6V__lHw==/base.apk!/lib/arm64-v8a, /data/app/~~V1RMhJ4uRSUintQOLN924A==/com.shareconnect-Mtf-9DBQqrPAhiVsnmCAWA==/base.apk!/lib/arm64-v8a, /system/lib64, /system_ext/lib64]]
09-23 18:23:34.443 19052 19129 E TestRunner: 	at dalvik.system.BaseDexClassLoader.findClass(BaseDexClassLoader.java:259)
09-23 18:23:34.443 19052 19129 E TestRunner: 	at java.lang.ClassLoader.loadClass(ClassLoader.java:379)
09-23 18:23:34.443 19052 19129 E TestRunner: 	at java.lang.ClassLoader.loadClass(ClassLoader.java:312)
09-23 18:23:34.443 19052 19129 E TestRunner: 	... 46 more
09-23 18:23:34.443 19052 19129 E TestRunner: ----- end exception -----
09-23 18:23:34.444 19052 19129 I TestRunner: finished: testAppStressTest(com.shareconnect.automation.FullAppFlowAutomationTest)
