09-23 18:25:05.595 19052 19129 I TestRunner: started: testOpenMeTubeButtonClick(com.shareconnect.activities.MainActivityInstrumentationTest)
09-23 18:25:05.597   488  1911 W InputManager-JNI: Input channel object 'f8c807c com.shareconnect/androidx.test.core.app.InstrumentationActivityInvoker$EmptyActivity (client)' was disposed without first being removed with the input manager!
09-23 18:25:05.599 19052 19129 W Settings: Setting always_finish_activities has moved from android.provider.Settings.System to android.provider.Settings.Global, returning read-only value.
09-23 18:25:05.618   779   868 W Parcel  : Expecting binder but got null!
09-23 18:25:05.625 19052 19052 D LifecycleMonitor: Lifecycle status change: com.shareconnect.MainActivity@6060c3c in: PRE_ON_CREATE
09-23 18:25:05.625 19052 19052 V ActivityScenario: Activity lifecycle changed event received but ignored because the reported transition was not ON_CREATE while the last known transition was PRE_ON_CREATE
09-23 18:25:05.626 19052 19052 D Console : getDefaultTheme() returned: Warm Orange Light (ID: 1, isDefault: true)
09-23 18:25:05.627 19052 19052 D Console : getDefaultTheme() returned: Warm Orange Light (ID: 1, isDefault: true)
09-23 18:25:05.627 19052 19052 D Console : Applying theme: Warm Orange Light, colorScheme: warm_orange, isDarkMode: false, currentTheme: WARM_ORANGE_LIGHT
09-23 18:25:05.628 19052 19052 D Console : Activity MainActivity usesToolbar: true
09-23 18:25:05.638 19052 19052 D Console : Setting night mode to NO
09-23 18:25:05.640   779   868 E OpenGLRenderer: Unable to match the desired swap behavior.
09-23 18:25:05.656 19052 19052 D LifecycleMonitor: Lifecycle status change: com.shareconnect.MainActivity@6060c3c in: CREATED
09-23 18:25:05.656 19052 19052 V ActivityScenario: Update currentActivityStage to CREATED, currentActivity=com.shareconnect.MainActivity@6060c3c
09-23 18:25:05.662 19052 19052 D LifecycleMonitor: Lifecycle status change: com.shareconnect.MainActivity@6060c3c in: STARTED
09-23 18:25:05.662 19052 19052 V ActivityScenario: Update currentActivityStage to STARTED, currentActivity=com.shareconnect.MainActivity@6060c3c
09-23 18:25:05.664 19052 19052 D FirebaseSessions: App foregrounded on com.shareconnect
09-23 18:25:05.669 19052 19052 V Console : Activity lifecycle :: RESUMED :: MainActivity
09-23 18:25:05.670 19052 19052 V Console : Foreground activity counter :: AtomicIntWrapper :: 12312792 :: 227589169 :: Value of: 0
09-23 18:25:05.670 19052 19052 I Console : Activity lifecycle :: Main state :: Foreground
09-23 18:25:05.672 19052 19052 V Console : Foreground activity counter :: AtomicIntWrapper :: 12312792 :: 227589169 :: Incremented to: 1
09-23 18:25:05.674 19052 19052 D Console : hasThemeChanged() returned: false
09-23 18:25:05.674 19052 19052 D Console : onResume() called, themeChanged: false
09-23 18:25:05.674 19052 19052 D LifecycleMonitor: Lifecycle status change: com.shareconnect.MainActivity@6060c3c in: RESUMED
09-23 18:25:05.679 19052 19052 V ActivityScenario: Update currentActivityStage to RESUMED, currentActivity=com.shareconnect.MainActivity@6060c3c
09-23 18:25:05.682 19052 19052 V Console : Activity lifecycle :: POST-RESUMED :: MainActivity
09-23 18:25:05.686 19052 19146 W Parcel  : Expecting binder but got null!
09-23 18:25:05.696 19052 19052 V Console : Activity lifecycle :: PRE-PAUSED :: MainActivity
09-23 18:25:05.696 19052 19052 D Console : Activity lifecycle :: Top activity: MainActivity
09-23 18:25:05.696 19052 19052 D FirebaseSessions: App backgrounded on com.shareconnect
09-23 18:25:05.697 19052 19052 V Console : Activity lifecycle :: PAUSED :: MainActivity
09-23 18:25:05.697 19052 19052 V Console : Foreground activity counter :: AtomicIntWrapper :: 12312792 :: 227589169 :: Decremented to: 0
09-23 18:25:05.697 19052 19052 D LifecycleMonitor: Lifecycle status change: com.shareconnect.MainActivity@6060c3c in: PAUSED
09-23 18:25:05.697 19052 19052 V ActivityScenario: Update currentActivityStage to PAUSED, currentActivity=com.shareconnect.MainActivity@6060c3c
09-23 18:25:05.712 19052 19146 E OpenGLRenderer: Unable to match the desired swap behavior.
09-23 18:25:05.713  1581  1581 I GsaVoiceInteractionSrv: Handling ACTION_STOP_HOTWORD
09-23 18:25:05.714  1581  2234 I HwDetectorWithState: (REDACTED) a: %d
09-23 18:25:05.718 19052 19052 D LifecycleMonitor: Lifecycle status change: com.shareconnect.SettingsActivity@804ece in: PRE_ON_CREATE
09-23 18:25:05.718 19052 19052 V ActivityScenario: Activity lifecycle changed event received but ignored because the intent does not match. startActivityIntent=Intent { act=android.intent.action.MAIN cat=[android.intent.category.LAUNCHER] flg=0x10008000 cmp=com.shareconnect/.MainActivity }, activity.getIntent()=Intent { cmp=com.shareconnect/.SettingsActivity (has extras) }, activity=com.shareconnect.SettingsActivity@804ece
09-23 18:25:05.719 19052 19052 D Console : getDefaultTheme() returned: Warm Orange Light (ID: 1, isDefault: true)
09-23 18:25:05.719 19052 19052 D Console : getDefaultTheme() returned: Warm Orange Light (ID: 1, isDefault: true)
09-23 18:25:05.719 19052 19052 D Console : Applying theme: Warm Orange Light, colorScheme: warm_orange, isDarkMode: false, currentTheme: WARM_ORANGE_LIGHT
09-23 18:25:05.719 19052 19052 D Console : Activity SettingsActivity usesToolbar: true
09-23 18:25:05.720 19052 19052 D Console : Setting night mode to NO
09-23 18:25:05.723 19052 19052 D LifecycleMonitor: Lifecycle status change: com.shareconnect.SettingsActivity@804ece in: CREATED
09-23 18:25:05.723 19052 19052 V ActivityScenario: Activity lifecycle changed event received but ignored because the intent does not match. startActivityIntent=Intent { act=android.intent.action.MAIN cat=[android.intent.category.LAUNCHER] flg=0x10008000 cmp=com.shareconnect/.MainActivity }, activity.getIntent()=Intent { cmp=com.shareconnect/.SettingsActivity (has extras) }, activity=com.shareconnect.SettingsActivity@804ece
09-23 18:25:05.727 19052 19052 D LifecycleMonitor: Lifecycle status change: com.shareconnect.SettingsActivity@804ece in: STARTED
09-23 18:25:05.727 19052 19052 V ActivityScenario: Activity lifecycle changed event received but ignored because the intent does not match. startActivityIntent=Intent { act=android.intent.action.MAIN cat=[android.intent.category.LAUNCHER] flg=0x10008000 cmp=com.shareconnect/.MainActivity }, activity.getIntent()=Intent { cmp=com.shareconnect/.SettingsActivity (has extras) }, activity=com.shareconnect.SettingsActivity@804ece
09-23 18:25:05.728 19052 19052 D FirebaseSessions: App foregrounded on com.shareconnect
09-23 18:25:05.730 19052 19052 V Console : Activity lifecycle :: RESUMED :: SettingsActivity
09-23 18:25:05.730 19052 19052 V Console : Foreground activity counter :: AtomicIntWrapper :: 12312792 :: 227589169 :: Value of: 0
09-23 18:25:05.730 19052 19052 I Console : Activity lifecycle :: Main state :: Foreground
09-23 18:25:05.730 19052 19052 V Console : Foreground activity counter :: AtomicIntWrapper :: 12312792 :: 227589169 :: Incremented to: 1
09-23 18:25:05.731 19052 19052 D LifecycleMonitor: Lifecycle status change: com.shareconnect.SettingsActivity@804ece in: RESUMED
09-23 18:25:05.731 19052 19052 V ActivityScenario: Activity lifecycle changed event received but ignored because the intent does not match. startActivityIntent=Intent { act=android.intent.action.MAIN cat=[android.intent.category.LAUNCHER] flg=0x10008000 cmp=com.shareconnect/.MainActivity }, activity.getIntent()=Intent { cmp=com.shareconnect/.SettingsActivity (has extras) }, activity=com.shareconnect.SettingsActivity@804ece
09-23 18:25:05.732 19052 19052 V Console : Activity lifecycle :: POST-RESUMED :: SettingsActivity
09-23 18:25:05.733 19052 19146 W Parcel  : Expecting binder but got null!
09-23 18:25:05.744 19052 19146 E OpenGLRenderer: Unable to match the desired swap behavior.
09-23 18:25:05.755   488   503 W ziparchive: Unable to open '/data/app/~~V1RMhJ4uRSUintQOLN924A==/com.shareconnect-Mtf-9DBQqrPAhiVsnmCAWA==/base.dm': No such file or directory
09-23 18:25:05.763 11811 11811 I GoogleInputMethodService: GoogleInputMethodService.onFinishInput():3227
09-23 18:25:05.765 11811 11811 I GoogleInputMethodService: GoogleInputMethodService.updateDeviceLockedStatus():2087 repeatCheckTimes = 0, unlocked = true
09-23 18:25:05.765 11811 11811 I GoogleInputMethodService: GoogleInputMethodService.onStartInput():1877 onStartInput(EditorInfo{inputType=0x0(NULL) imeOptions=0x0 privateImeOptions=null actionName=UNSPECIFIED actionLabel=null actionId=0 initialSelStart=-1 initialSelEnd=-1 initialCapsMode=0x0 hintText=null label=null packageName=com.shareconnect fieldId=2131231190 fieldName=null extras=null}, false)
09-23 18:25:05.765 11811 11811 I GoogleInputMethodService: GoogleInputMethodService.shouldHideHeaderOnInitialState():4008 ShouldHideHeaderOnInitialState = false
09-23 18:25:05.765 11811 11811 I GoogleInputMethodService: GoogleInputMethodService.updateDeviceLockedStatus():2087 repeatCheckTimes = 2, unlocked = true
09-23 18:25:05.766   488   503 I ActivityTaskManager: Displayed com.shareconnect/.SettingsActivity: +152ms
09-23 18:25:05.772   779   868 D EGL_emulation: app_time_stats: avg=528.57ms min=10.45ms max=5462.27ms count=12
09-23 18:25:05.946   779   868 D EGL_emulation: app_time_stats: avg=1051.53ms min=30.51ms max=4020.44ms count=4
09-23 18:25:05.981 19052 19052 V Console : Activity lifecycle :: PRE-STOPPED :: MainActivity
09-23 18:25:05.986 19052 19052 V Console : Activity lifecycle :: STOPPED :: MainActivity
09-23 18:25:05.986 19052 19052 D LifecycleMonitor: Lifecycle status change: com.shareconnect.MainActivity@6060c3c in: STOPPED
09-23 18:25:05.986 19052 19052 V ActivityScenario: Update currentActivityStage to STOPPED, currentActivity=com.shareconnect.MainActivity@6060c3c
09-23 18:25:05.986 19052 19052 V Console : Activity lifecycle :: POST-STOPPED :: MainActivity
09-23 18:25:06.004  1581  2228 I AssistantForeground: (REDACTED) Get launcher package: %s
09-23 18:25:06.033   998  1945 D OneSearchSuggestProvider: Shut down the binder channel
09-23 18:25:06.035   998  1038 I s.nexuslauncher: oneway function results for code 2 on binder at 0xb400007a394916e0 will be dropped but finished with status UNKNOWN_TRANSACTION
09-23 18:25:06.048   488  1121 W InputManager-JNI: Input channel object '6d5c95b Splash Screen com.shareconnect (client)' was disposed without first being removed with the input manager!
09-23 18:25:06.198 19052 19517 V Console : Foreground activity counter :: AtomicIntWrapper :: 12312792 :: 227589169 :: Value of: 1
09-23 18:25:06.975   779   868 D EGL_emulation: app_time_stats: avg=34.16ms min=0.80ms max=115.81ms count=28
09-23 18:25:07.358 19052 19146 D EGL_emulation: app_time_stats: avg=178.30ms min=8.80ms max=1479.82ms count=9
09-23 18:25:08.066 19875 19967 I BugleRcsEngine: [77] bgvx.run: delay time out, reset attempts 1 and process SIM event
09-23 18:25:08.098 19875 19967 W BugleRcsEngine: [77] bgvu.a: (Sim): process intent: android.intent.action.SIM_STATE_CHANGED
09-23 18:25:08.231 19875 19967 I BugleRcsEngine: [77] bgvu.o: (Sim): Processing an intent
09-23 18:25:08.243 19875 19967 I BugleRcsEngine: [77] bgvu.z: (Sim): Ignoring duplicate SIM state: LOADED
09-23 18:25:10.984 19052 19052 V Console : Activity lifecycle :: PRE-PAUSED :: SettingsActivity
09-23 18:25:10.984 19052 19052 D Console : Activity lifecycle :: Top activity: SettingsActivity
09-23 18:25:10.985 19052 19052 D FirebaseSessions: App backgrounded on com.shareconnect
09-23 18:25:11.027 19052 19052 V Console : Activity lifecycle :: PAUSED :: SettingsActivity
09-23 18:25:11.028 19052 19052 V Console : Foreground activity counter :: AtomicIntWrapper :: 12312792 :: 227589169 :: Decremented to: 0
09-23 18:25:11.029 19052 19052 D LifecycleMonitor: Lifecycle status change: com.shareconnect.SettingsActivity@804ece in: PAUSED
09-23 18:25:11.029 19052 19052 V ActivityScenario: Activity lifecycle changed event received but ignored because the intent does not match. startActivityIntent=Intent { act=android.intent.action.MAIN cat=[android.intent.category.LAUNCHER] flg=0x10008000 cmp=com.shareconnect/.MainActivity }, activity.getIntent()=Intent { cmp=com.shareconnect/.SettingsActivity (has extras) }, activity=com.shareconnect.SettingsActivity@804ece
09-23 18:25:11.047 19052 19052 D LifecycleMonitor: Lifecycle status change: androidx.test.core.app.InstrumentationActivityInvoker$EmptyActivity@d19af26 in: PRE_ON_CREATE
09-23 18:25:11.048 19052 19052 V ActivityScenario: Activity lifecycle changed event received but ignored because the intent does not match. startActivityIntent=Intent { act=android.intent.action.MAIN cat=[android.intent.category.LAUNCHER] flg=0x10008000 cmp=com.shareconnect/.MainActivity }, activity.getIntent()=Intent { act=android.intent.action.MAIN cat=[android.intent.category.LAUNCHER] flg=0x10000000 cmp=com.shareconnect/androidx.test.core.app.InstrumentationActivityInvoker$EmptyActivity }, activity=androidx.test.core.app.InstrumentationActivityInvoker$EmptyActivity@d19af26
09-23 18:25:11.055 19052 19052 D LifecycleMonitor: Lifecycle status change: androidx.test.core.app.InstrumentationActivityInvoker$EmptyActivity@d19af26 in: CREATED
09-23 18:25:11.055 19052 19052 V ActivityScenario: Activity lifecycle changed event received but ignored because the intent does not match. startActivityIntent=Intent { act=android.intent.action.MAIN cat=[android.intent.category.LAUNCHER] flg=0x10008000 cmp=com.shareconnect/.MainActivity }, activity.getIntent()=Intent { act=android.intent.action.MAIN cat=[android.intent.category.LAUNCHER] flg=0x10000000 cmp=com.shareconnect/androidx.test.core.app.InstrumentationActivityInvoker$EmptyActivity }, activity=androidx.test.core.app.InstrumentationActivityInvoker$EmptyActivity@d19af26
09-23 18:25:11.056 19052 19052 D LifecycleMonitor: Lifecycle status change: androidx.test.core.app.InstrumentationActivityInvoker$EmptyActivity@d19af26 in: STARTED
09-23 18:25:11.057 19052 19052 V ActivityScenario: Activity lifecycle changed event received but ignored because the intent does not match. startActivityIntent=Intent { act=android.intent.action.MAIN cat=[android.intent.category.LAUNCHER] flg=0x10008000 cmp=com.shareconnect/.MainActivity }, activity.getIntent()=Intent { act=android.intent.action.MAIN cat=[android.intent.category.LAUNCHER] flg=0x10000000 cmp=com.shareconnect/androidx.test.core.app.InstrumentationActivityInvoker$EmptyActivity }, activity=androidx.test.core.app.InstrumentationActivityInvoker$EmptyActivity@d19af26
09-23 18:25:11.061 19052 19052 D FirebaseSessions: App foregrounded on com.shareconnect
09-23 18:25:11.065 19052 19052 V Console : Activity lifecycle :: RESUMED :: EmptyActivity
09-23 18:25:11.066 19052 19052 V Console : Foreground activity counter :: AtomicIntWrapper :: 12312792 :: 227589169 :: Value of: 0
09-23 18:25:11.066 19052 19052 I Console : Activity lifecycle :: Main state :: Foreground
09-23 18:25:11.067 19052 19052 V Console : Foreground activity counter :: AtomicIntWrapper :: 12312792 :: 227589169 :: Incremented to: 1
09-23 18:25:11.070 19052 19052 D LifecycleMonitor: Lifecycle status change: androidx.test.core.app.InstrumentationActivityInvoker$EmptyActivity@d19af26 in: RESUMED
09-23 18:25:11.070 19052 19052 V ActivityScenario: Activity lifecycle changed event received but ignored because the intent does not match. startActivityIntent=Intent { act=android.intent.action.MAIN cat=[android.intent.category.LAUNCHER] flg=0x10008000 cmp=com.shareconnect/.MainActivity }, activity.getIntent()=Intent { act=android.intent.action.MAIN cat=[android.intent.category.LAUNCHER] flg=0x10000000 cmp=com.shareconnect/androidx.test.core.app.InstrumentationActivityInvoker$EmptyActivity }, activity=androidx.test.core.app.InstrumentationActivityInvoker$EmptyActivity@d19af26
09-23 18:25:11.070 19052 19052 V Console : Activity lifecycle :: POST-RESUMED :: EmptyActivity
09-23 18:25:11.074 19052 19146 W Parcel  : Expecting binder but got null!
09-23 18:25:11.100 19052 19146 E OpenGLRenderer: Unable to match the desired swap behavior.
09-23 18:25:11.144   488   503 I ActivityTaskManager: Displayed com.shareconnect/androidx.test.core.app.InstrumentationActivityInvoker$EmptyActivity: +263ms
09-23 18:25:11.162 19052 19052 V Console : Activity lifecycle :: PRE-STOPPED :: SettingsActivity
09-23 18:25:11.163 19052 19052 V Console : Activity lifecycle :: STOPPED :: SettingsActivity
09-23 18:25:11.164 19052 19052 D LifecycleMonitor: Lifecycle status change: com.shareconnect.SettingsActivity@804ece in: STOPPED
09-23 18:25:11.164 19052 19052 V ActivityScenario: Activity lifecycle changed event received but ignored because the intent does not match. startActivityIntent=Intent { act=android.intent.action.MAIN cat=[android.intent.category.LAUNCHER] flg=0x10008000 cmp=com.shareconnect/.MainActivity }, activity.getIntent()=Intent { cmp=com.shareconnect/.SettingsActivity (has extras) }, activity=com.shareconnect.SettingsActivity@804ece
09-23 18:25:11.164 19052 19052 V Console : Activity lifecycle :: POST-STOPPED :: SettingsActivity
09-23 18:25:11.165 19052 19052 V Console : Activity lifecycle :: PRE-DESTROYED :: MainActivity
09-23 18:25:11.165 19052 19052 V Console : Activity lifecycle :: DESTROYED :: MainActivity
09-23 18:25:11.166 19052 19052 D LifecycleMonitor: Lifecycle status change: com.shareconnect.MainActivity@6060c3c in: DESTROYED
09-23 18:25:11.166 19052 19052 V ActivityScenario: Update currentActivityStage to DESTROYED, currentActivity=null
09-23 18:25:11.167   488  1121 W InputManager-JNI: Input channel object '1a208d3 com.shareconnect/com.shareconnect.MainActivity (client)' was disposed without first being removed with the input manager!
09-23 18:25:11.170 11811 11811 I GoogleInputMethodService: GoogleInputMethodService.onFinishInput():3227
09-23 18:25:11.172 11811 11811 I GoogleInputMethodService: GoogleInputMethodService.updateDeviceLockedStatus():2087 repeatCheckTimes = 0, unlocked = true
09-23 18:25:11.172 11811 11811 I GoogleInputMethodService: GoogleInputMethodService.onStartInput():1877 onStartInput(EditorInfo{inputType=0x0(NULL) imeOptions=0x0 privateImeOptions=null actionName=UNSPECIFIED actionLabel=null actionId=0 initialSelStart=-1 initialSelEnd=-1 initialCapsMode=0x0 hintText=null label=null packageName=com.shareconnect fieldId=-1 fieldName=null extras=null}, false)
09-23 18:25:11.172 11811 11811 I GoogleInputMethodService: GoogleInputMethodService.shouldHideHeaderOnInitialState():4008 ShouldHideHeaderOnInitialState = false
09-23 18:25:11.172 11811 11811 I GoogleInputMethodService: GoogleInputMethodService.updateDeviceLockedStatus():2087 repeatCheckTimes = 2, unlocked = true
09-23 18:25:11.175 19052 19129 E TestRunner: failed: testOpenMeTubeButtonClick(com.shareconnect.activities.MainActivityInstrumentationTest)
09-23 18:25:11.176 19052 19129 E TestRunner: ----- begin exception -----
09-23 18:25:11.176 19052 19129 E TestRunner: java.lang.NoClassDefFoundError: Failed resolution of: Lorg/hamcrest/Matchers;
09-23 18:25:11.176 19052 19129 E TestRunner: 	at androidx.test.espresso.matcher.ViewMatchers.withId(ViewMatchers.java:1)
09-23 18:25:11.176 19052 19129 E TestRunner: 	at com.shareconnect.activities.MainActivityInstrumentationTest.testOpenMeTubeButtonClick(MainActivityInstrumentationTest.kt:66)
09-23 18:25:11.176 19052 19129 E TestRunner: 	at java.lang.reflect.Method.invoke(Native Method)
09-23 18:25:11.176 19052 19129 E TestRunner: 	at org.junit.runners.model.FrameworkMethod$1.runReflectiveCall(FrameworkMethod.java:59)
09-23 18:25:11.176 19052 19129 E TestRunner: 	at org.junit.internal.runners.model.ReflectiveCallable.run(ReflectiveCallable.java:12)
09-23 18:25:11.176 19052 19129 E TestRunner: 	at org.junit.runners.model.FrameworkMethod.invokeExplosively(FrameworkMethod.java:56)
09-23 18:25:11.176 19052 19129 E TestRunner: 	at org.junit.internal.runners.statements.InvokeMethod.evaluate(InvokeMethod.java:17)
09-23 18:25:11.176 19052 19129 E TestRunner: 	at androidx.test.internal.runner.junit4.statement.RunBefores.evaluate(RunBefores.java:80)
09-23 18:25:11.176 19052 19129 E TestRunner: 	at androidx.test.internal.runner.junit4.statement.RunAfters.evaluate(RunAfters.java:61)
09-23 18:25:11.176 19052 19129 E TestRunner: 	at androidx.test.rule.ActivityTestRule$ActivityStatement.evaluate(ActivityTestRule.java:522)
09-23 18:25:11.176 19052 19129 E TestRunner: 	at org.junit.runners.ParentRunner$3.evaluate(ParentRunner.java:306)
09-23 18:25:11.176 19052 19129 E TestRunner: 	at org.junit.runners.BlockJUnit4ClassRunner$1.evaluate(BlockJUnit4ClassRunner.java:100)
09-23 18:25:11.176 19052 19129 E TestRunner: 	at org.junit.runners.ParentRunner.runLeaf(ParentRunner.java:366)
09-23 18:25:11.176 19052 19129 E TestRunner: 	at org.junit.runners.BlockJUnit4ClassRunner.runChild(BlockJUnit4ClassRunner.java:103)
09-23 18:25:11.176 19052 19129 E TestRunner: 	at org.junit.runners.BlockJUnit4ClassRunner.runChild(BlockJUnit4ClassRunner.java:63)
09-23 18:25:11.176 19052 19129 E TestRunner: 	at org.junit.runners.ParentRunner$4.run(ParentRunner.java:331)
09-23 18:25:11.176 19052 19129 E TestRunner: 	at org.junit.runners.ParentRunner$1.schedule(ParentRunner.java:79)
09-23 18:25:11.176 19052 19129 E TestRunner: 	at org.junit.runners.ParentRunner.runChildren(ParentRunner.java:329)
09-23 18:25:11.176 19052 19129 E TestRunner: 	at org.junit.runners.ParentRunner.access$100(ParentRunner.java:66)
09-23 18:25:11.176 19052 19129 E TestRunner: 	at org.junit.runners.ParentRunner$2.evaluate(ParentRunner.java:293)
09-23 18:25:11.176 19052 19129 E TestRunner: 	at org.junit.runners.ParentRunner$3.evaluate(ParentRunner.java:306)
09-23 18:25:11.176 19052 19129 E TestRunner: 	at org.junit.runners.ParentRunner.run(ParentRunner.java:413)
09-23 18:25:11.176 19052 19129 E TestRunner: 	at androidx.test.ext.junit.runners.AndroidJUnit4.run(AndroidJUnit4.java:162)
09-23 18:25:11.176 19052 19129 E TestRunner: 	at org.junit.runners.Suite.runChild(Suite.java:128)
09-23 18:25:11.176 19052 19129 E TestRunner: 	at org.junit.runners.Suite.runChild(Suite.java:27)
09-23 18:25:11.176 19052 19129 E TestRunner: 	at org.junit.runners.ParentRunner$4.run(ParentRunner.java:331)
09-23 18:25:11.176 19052 19129 E TestRunner: 	at org.junit.runners.ParentRunner$1.schedule(ParentRunner.java:79)
09-23 18:25:11.176 19052 19129 E TestRunner: 	at org.junit.runners.ParentRunner.runChildren(ParentRunner.java:329)
09-23 18:25:11.176 19052 19129 E TestRunner: 	at org.junit.runners.ParentRunner.access$100(ParentRunner.java:66)
09-23 18:25:11.176 19052 19129 E TestRunner: 	at org.junit.runners.ParentRunner$2.evaluate(ParentRunner.java:293)
09-23 18:25:11.176 19052 19129 E TestRunner: 	at org.junit.runners.ParentRunner$3.evaluate(ParentRunner.java:306)
09-23 18:25:11.176 19052 19129 E TestRunner: 	at org.junit.runners.ParentRunner.run(ParentRunner.java:413)
09-23 18:25:11.176 19052 19129 E TestRunner: 	at org.junit.runners.Suite.runChild(Suite.java:128)
09-23 18:25:11.176 19052 19129 E TestRunner: 	at org.junit.runners.Suite.runChild(Suite.java:27)
09-23 18:25:11.176 19052 19129 E TestRunner: 	at org.junit.runners.ParentRunner$4.run(ParentRunner.java:331)
09-23 18:25:11.176 19052 19129 E TestRunner: 	at org.junit.runners.ParentRunner$1.schedule(ParentRunner.java:79)
09-23 18:25:11.176 19052 19129 E TestRunner: 	at org.junit.runners.ParentRunner.runChildren(ParentRunner.java:329)
09-23 18:25:11.176 19052 19129 E TestRunner: 	at org.junit.runners.ParentRunner.access$100(ParentRunner.java:66)
09-23 18:25:11.176 19052 19129 E TestRunner: 	at org.junit.runners.ParentRunner$2.evaluate(ParentRunner.java:293)
09-23 18:25:11.176 19052 19129 E TestRunner: 	at org.junit.runners.ParentRunner$3.evaluate(ParentRunner.java:306)
09-23 18:25:11.176 19052 19129 E TestRunner: 	at org.junit.runners.ParentRunner.run(ParentRunner.java:413)
09-23 18:25:11.176 19052 19129 E TestRunner: 	at org.junit.runner.JUnitCore.run(JUnitCore.java:137)
09-23 18:25:11.176 19052 19129 E TestRunner: 	at org.junit.runner.JUnitCore.run(JUnitCore.java:115)
09-23 18:25:11.176 19052 19129 E TestRunner: 	at androidx.test.internal.runner.TestExecutor.execute(TestExecutor.java:68)
09-23 18:25:11.176 19052 19129 E TestRunner: 	at androidx.test.internal.runner.TestExecutor.execute(TestExecutor.java:59)
09-23 18:25:11.176 19052 19129 E TestRunner: 	at androidx.test.runner.AndroidJUnitRunner.onStart(AndroidJUnitRunner.java:463)
09-23 18:25:11.176 19052 19129 E TestRunner: 	at android.app.Instrumentation$InstrumentationThread.run(Instrumentation.java:2361)
09-23 18:25:11.176 19052 19129 E TestRunner: Caused by: java.lang.ClassNotFoundException: Didn't find class "org.hamcrest.Matchers" on path: DexPathList[[zip file "/system/framework/android.test.runner.jar", zip file "/system/framework/android.test.mock.jar", zip file "/system/framework/android.test.base.jar", zip file "/data/app/~~9eIeSJpGNwuKEpS6UddecA==/com.shareconnect.test-GmDo4qJJgaAObNT6V__lHw==/base.apk", zip file "/data/app/~~V1RMhJ4uRSUintQOLN924A==/com.shareconnect-Mtf-9DBQqrPAhiVsnmCAWA==/base.apk"],nativeLibraryDirectories=[/data/app/~~9eIeSJpGNwuKEpS6UddecA==/com.shareconnect.test-GmDo4qJJgaAObNT6V__lHw==/lib/arm64, /data/app/~~V1RMhJ4uRSUintQOLN924A==/com.shareconnect-Mtf-9DBQqrPAhiVsnmCAWA==/lib/arm64, /data/app/~~9eIeSJpGNwuKEpS6UddecA==/com.shareconnect.test-GmDo4qJJgaAObNT6V__lHw==/base.apk!/lib/arm64-v8a, /data/app/~~V1RMhJ4uRSUintQOLN924A==/com.shareconnect-Mtf-9DBQqrPAhiVsnmCAWA==/base.apk!/lib/arm64-v8a, /system/lib64, /system_ext/lib64]]
09-23 18:25:11.176 19052 19129 E TestRunner: 	at dalvik.system.BaseDexClassLoader.findClass(BaseDexClassLoader.java:259)
09-23 18:25:11.176 19052 19129 E TestRunner: 	at java.lang.ClassLoader.loadClass(ClassLoader.java:379)
09-23 18:25:11.176 19052 19129 E TestRunner: 	at java.lang.ClassLoader.loadClass(ClassLoader.java:312)
09-23 18:25:11.176 19052 19129 E TestRunner: 	... 47 more
09-23 18:25:11.176 19052 19129 E TestRunner: ----- end exception -----
09-23 18:25:11.177 19052 19129 I TestRunner: finished: testOpenMeTubeButtonClick(com.shareconnect.activities.MainActivityInstrumentationTest)
