09-23 18:24:22.009 19052 19129 I TestRunner: started: testStateDescriptions(com.shareconnect.automation.AccessibilityAutomationTest)
09-23 18:24:22.011 19052 19129 W Settings: Setting always_finish_activities has moved from android.provider.Settings.System to android.provider.Settings.Global, returning read-only value.
09-23 18:24:22.016   779   868 W Parcel  : Expecting binder but got null!
09-23 18:24:22.021 19052 19052 D LifecycleMonitor: Lifecycle status change: com.shareconnect.MainActivity@3b8458a in: PRE_ON_CREATE
09-23 18:24:22.021 19052 19052 V ActivityScenario: Activity lifecycle changed event received but ignored because the reported transition was not ON_CREATE while the last known transition was PRE_ON_CREATE
09-23 18:24:22.025 19052 19052 D Console : getDefaultTheme() returned: Warm Orange Light (ID: 1, isDefault: true)
09-23 18:24:22.026 19052 19052 D Console : getDefaultTheme() returned: Warm Orange Light (ID: 1, isDefault: true)
09-23 18:24:22.026 19052 19052 D Console : Applying theme: Warm Orange Light, colorScheme: warm_orange, isDarkMode: false, currentTheme: WARM_ORANGE_LIGHT
09-23 18:24:22.026 19052 19052 D Console : Activity MainActivity usesToolbar: true
09-23 18:24:22.026   779   868 E OpenGLRenderer: Unable to match the desired swap behavior.
09-23 18:24:22.027 19052 19052 D Console : Setting night mode to NO
09-23 18:24:22.033 19052 19052 D LifecycleMonitor: Lifecycle status change: com.shareconnect.MainActivity@3b8458a in: CREATED
09-23 18:24:22.033 19052 19052 V ActivityScenario: Update currentActivityStage to CREATED, currentActivity=com.shareconnect.MainActivity@3b8458a
09-23 18:24:22.034 19052 19052 D LifecycleMonitor: Lifecycle status change: com.shareconnect.MainActivity@3b8458a in: STARTED
09-23 18:24:22.034 19052 19052 V ActivityScenario: Update currentActivityStage to STARTED, currentActivity=com.shareconnect.MainActivity@3b8458a
09-23 18:24:22.035 19052 19052 D FirebaseSessions: App foregrounded on com.shareconnect
09-23 18:24:22.037 19052 19052 V Console : Activity lifecycle :: RESUMED :: MainActivity
09-23 18:24:22.037 19052 19052 V Console : Foreground activity counter :: AtomicIntWrapper :: 12312792 :: 227589169 :: Value of: 0
09-23 18:24:22.037 19052 19052 I Console : Activity lifecycle :: Main state :: Foreground
09-23 18:24:22.038 19052 19052 V Console : Foreground activity counter :: AtomicIntWrapper :: 12312792 :: 227589169 :: Incremented to: 1
09-23 18:24:22.038 19052 19052 D Console : hasThemeChanged() returned: false
09-23 18:24:22.038 19052 19052 D Console : onResume() called, themeChanged: false
09-23 18:24:22.038 19052 19052 D LifecycleMonitor: Lifecycle status change: com.shareconnect.MainActivity@3b8458a in: RESUMED
09-23 18:24:22.038 19052 19052 V ActivityScenario: Update currentActivityStage to RESUMED, currentActivity=com.shareconnect.MainActivity@3b8458a
09-23 18:24:22.039 19052 19052 V Console : Activity lifecycle :: POST-RESUMED :: MainActivity
09-23 18:24:22.043 19052 19146 W Parcel  : Expecting binder but got null!
09-23 18:24:22.047 19052 19052 V Console : Activity lifecycle :: PRE-PAUSED :: MainActivity
09-23 18:24:22.047 19052 19052 D Console : Activity lifecycle :: Top activity: MainActivity
09-23 18:24:22.047 19052 19052 D FirebaseSessions: App backgrounded on com.shareconnect
09-23 18:24:22.049 19052 19052 V Console : Activity lifecycle :: PAUSED :: MainActivity
09-23 18:24:22.049 19052 19052 V Console : Foreground activity counter :: AtomicIntWrapper :: 12312792 :: 227589169 :: Decremented to: 0
09-23 18:24:22.049 19052 19052 D LifecycleMonitor: Lifecycle status change: com.shareconnect.MainActivity@3b8458a in: PAUSED
09-23 18:24:22.049 19052 19052 V ActivityScenario: Update currentActivityStage to PAUSED, currentActivity=com.shareconnect.MainActivity@3b8458a
09-23 18:24:22.062 19052 19146 E OpenGLRenderer: Unable to match the desired swap behavior.
09-23 18:24:22.070 19052 19052 D LifecycleMonitor: Lifecycle status change: com.shareconnect.SettingsActivity@c803bfd in: PRE_ON_CREATE
09-23 18:24:22.070 19052 19052 V ActivityScenario: Activity lifecycle changed event received but ignored because the intent does not match. startActivityIntent=Intent { act=android.intent.action.MAIN cat=[android.intent.category.LAUNCHER] flg=0x10008000 cmp=com.shareconnect/.MainActivity }, activity.getIntent()=Intent { cmp=com.shareconnect/.SettingsActivity (has extras) }, activity=com.shareconnect.SettingsActivity@c803bfd
09-23 18:24:22.070 19052 19052 D Console : getDefaultTheme() returned: Warm Orange Light (ID: 1, isDefault: true)
09-23 18:24:22.071 19052 19052 D Console : getDefaultTheme() returned: Warm Orange Light (ID: 1, isDefault: true)
09-23 18:24:22.071 19052 19052 D Console : Applying theme: Warm Orange Light, colorScheme: warm_orange, isDarkMode: false, currentTheme: WARM_ORANGE_LIGHT
09-23 18:24:22.071 19052 19052 D Console : Activity SettingsActivity usesToolbar: true
09-23 18:24:22.071 19052 19052 D Console : Setting night mode to NO
09-23 18:24:22.074 19052 19052 D LifecycleMonitor: Lifecycle status change: com.shareconnect.SettingsActivity@c803bfd in: CREATED
09-23 18:24:22.074 19052 19052 V ActivityScenario: Activity lifecycle changed event received but ignored because the intent does not match. startActivityIntent=Intent { act=android.intent.action.MAIN cat=[android.intent.category.LAUNCHER] flg=0x10008000 cmp=com.shareconnect/.MainActivity }, activity.getIntent()=Intent { cmp=com.shareconnect/.SettingsActivity (has extras) }, activity=com.shareconnect.SettingsActivity@c803bfd
09-23 18:24:22.077 19052 19052 D LifecycleMonitor: Lifecycle status change: com.shareconnect.SettingsActivity@c803bfd in: STARTED
09-23 18:24:22.077 19052 19052 V ActivityScenario: Activity lifecycle changed event received but ignored because the intent does not match. startActivityIntent=Intent { act=android.intent.action.MAIN cat=[android.intent.category.LAUNCHER] flg=0x10008000 cmp=com.shareconnect/.MainActivity }, activity.getIntent()=Intent { cmp=com.shareconnect/.SettingsActivity (has extras) }, activity=com.shareconnect.SettingsActivity@c803bfd
09-23 18:24:22.078 19052 19052 D FirebaseSessions: App foregrounded on com.shareconnect
09-23 18:24:22.080 19052 19052 V Console : Activity lifecycle :: RESUMED :: SettingsActivity
09-23 18:24:22.080 19052 19052 V Console : Foreground activity counter :: AtomicIntWrapper :: 12312792 :: 227589169 :: Value of: 0
09-23 18:24:22.080 19052 19052 I Console : Activity lifecycle :: Main state :: Foreground
09-23 18:24:22.080 19052 19052 V Console : Foreground activity counter :: AtomicIntWrapper :: 12312792 :: 227589169 :: Incremented to: 1
09-23 18:24:22.080 19052 19052 D LifecycleMonitor: Lifecycle status change: com.shareconnect.SettingsActivity@c803bfd in: RESUMED
09-23 18:24:22.080 19052 19052 V ActivityScenario: Activity lifecycle changed event received but ignored because the intent does not match. startActivityIntent=Intent { act=android.intent.action.MAIN cat=[android.intent.category.LAUNCHER] flg=0x10008000 cmp=com.shareconnect/.MainActivity }, activity.getIntent()=Intent { cmp=com.shareconnect/.SettingsActivity (has extras) }, activity=com.shareconnect.SettingsActivity@c803bfd
09-23 18:24:22.081 19052 19052 V Console : Activity lifecycle :: POST-RESUMED :: SettingsActivity
09-23 18:24:22.082 19052 19146 W Parcel  : Expecting binder but got null!
09-23 18:24:22.097 19052 19146 E OpenGLRenderer: Unable to match the desired swap behavior.
09-23 18:24:22.112   488   503 W ziparchive: Unable to open '/data/app/~~V1RMhJ4uRSUintQOLN924A==/com.shareconnect-Mtf-9DBQqrPAhiVsnmCAWA==/base.dm': No such file or directory
09-23 18:24:22.112   779   868 D EGL_emulation: app_time_stats: avg=554.09ms min=12.55ms max=5933.71ms count=11
09-23 18:24:22.112   488   503 I ActivityTaskManager: Displayed com.shareconnect/.SettingsActivity: +99ms
09-23 18:24:22.118  1581  1581 I GsaVoiceInteractionSrv: Handling ACTION_STOP_HOTWORD
09-23 18:24:22.119  1581  2233 I HwDetectorWithState: (REDACTED) a: %d
09-23 18:24:22.130 11811 11811 I GoogleInputMethodService: GoogleInputMethodService.onFinishInput():3227
09-23 18:24:22.131 11811 11811 I GoogleInputMethodService: GoogleInputMethodService.updateDeviceLockedStatus():2087 repeatCheckTimes = 0, unlocked = true
09-23 18:24:22.131 11811 11811 I GoogleInputMethodService: GoogleInputMethodService.onStartInput():1877 onStartInput(EditorInfo{inputType=0x0(NULL) imeOptions=0x0 privateImeOptions=null actionName=UNSPECIFIED actionLabel=null actionId=0 initialSelStart=-1 initialSelEnd=-1 initialCapsMode=0x0 hintText=null label=null packageName=com.shareconnect fieldId=2131231190 fieldName=null extras=null}, false)
09-23 18:24:22.131 11811 11811 I GoogleInputMethodService: GoogleInputMethodService.shouldHideHeaderOnInitialState():4008 ShouldHideHeaderOnInitialState = false
09-23 18:24:22.131 11811 11811 I GoogleInputMethodService: GoogleInputMethodService.updateDeviceLockedStatus():2087 repeatCheckTimes = 2, unlocked = true
09-23 18:24:22.311   779   868 D EGL_emulation: app_time_stats: avg=1007.43ms min=50.14ms max=4632.17ms count=5
09-23 18:24:22.327 19052 19052 V Console : Activity lifecycle :: PRE-STOPPED :: MainActivity
09-23 18:24:22.330  1581  2227 I AssistantForeground: (REDACTED) Get launcher package: %s
09-23 18:24:22.331 19052 19052 V Console : Activity lifecycle :: STOPPED :: MainActivity
09-23 18:24:22.331 19052 19052 D LifecycleMonitor: Lifecycle status change: com.shareconnect.MainActivity@3b8458a in: STOPPED
09-23 18:24:22.331 19052 19052 V ActivityScenario: Update currentActivityStage to STOPPED, currentActivity=com.shareconnect.MainActivity@3b8458a
09-23 18:24:22.332 19052 19052 V Console : Activity lifecycle :: POST-STOPPED :: MainActivity
09-23 18:24:22.346   998  1945 D OneSearchSuggestProvider: Shut down the binder channel
09-23 18:24:22.346   998 11368 I s.nexuslauncher: oneway function results for code 2 on binder at 0xb400007a3948d8a0 will be dropped but finished with status UNKNOWN_TRANSACTION
09-23 18:24:22.393   488   776 W InputManager-JNI: Input channel object '6adeba2 Splash Screen com.shareconnect (client)' was disposed without first being removed with the input manager!
09-23 18:24:22.550 19052 19356 V Console : Foreground activity counter :: AtomicIntWrapper :: 12312792 :: 227589169 :: Value of: 1
09-23 18:24:23.369   779   868 D EGL_emulation: app_time_stats: avg=36.31ms min=11.22ms max=164.23ms count=29
09-23 18:24:23.846 19052 19146 D EGL_emulation: app_time_stats: avg=162.13ms min=1.58ms max=1586.09ms count=10
09-23 18:24:27.137 19052 19052 V Console : Activity lifecycle :: PRE-PAUSED :: SettingsActivity
09-23 18:24:27.137 19052 19052 D Console : Activity lifecycle :: Top activity: SettingsActivity
09-23 18:24:27.137 19052 19052 D FirebaseSessions: App backgrounded on com.shareconnect
09-23 18:24:27.146 19052 19052 V Console : Activity lifecycle :: PAUSED :: SettingsActivity
09-23 18:24:27.147 19052 19052 V Console : Foreground activity counter :: AtomicIntWrapper :: 12312792 :: 227589169 :: Decremented to: 0
09-23 18:24:27.147 19052 19052 D LifecycleMonitor: Lifecycle status change: com.shareconnect.SettingsActivity@c803bfd in: PAUSED
09-23 18:24:27.147 19052 19052 V ActivityScenario: Activity lifecycle changed event received but ignored because the intent does not match. startActivityIntent=Intent { act=android.intent.action.MAIN cat=[android.intent.category.LAUNCHER] flg=0x10008000 cmp=com.shareconnect/.MainActivity }, activity.getIntent()=Intent { cmp=com.shareconnect/.SettingsActivity (has extras) }, activity=com.shareconnect.SettingsActivity@c803bfd
09-23 18:24:27.152 19052 19052 D LifecycleMonitor: Lifecycle status change: androidx.test.core.app.InstrumentationActivityInvoker$EmptyActivity@9dff81f in: PRE_ON_CREATE
09-23 18:24:27.153 19052 19052 V ActivityScenario: Activity lifecycle changed event received but ignored because the intent does not match. startActivityIntent=Intent { act=android.intent.action.MAIN cat=[android.intent.category.LAUNCHER] flg=0x10008000 cmp=com.shareconnect/.MainActivity }, activity.getIntent()=Intent { act=android.intent.action.MAIN cat=[android.intent.category.LAUNCHER] flg=0x10000000 cmp=com.shareconnect/androidx.test.core.app.InstrumentationActivityInvoker$EmptyActivity }, activity=androidx.test.core.app.InstrumentationActivityInvoker$EmptyActivity@9dff81f
09-23 18:24:27.159 19052 19052 D LifecycleMonitor: Lifecycle status change: androidx.test.core.app.InstrumentationActivityInvoker$EmptyActivity@9dff81f in: CREATED
09-23 18:24:27.160 19052 19052 V ActivityScenario: Activity lifecycle changed event received but ignored because the intent does not match. startActivityIntent=Intent { act=android.intent.action.MAIN cat=[android.intent.category.LAUNCHER] flg=0x10008000 cmp=com.shareconnect/.MainActivity }, activity.getIntent()=Intent { act=android.intent.action.MAIN cat=[android.intent.category.LAUNCHER] flg=0x10000000 cmp=com.shareconnect/androidx.test.core.app.InstrumentationActivityInvoker$EmptyActivity }, activity=androidx.test.core.app.InstrumentationActivityInvoker$EmptyActivity@9dff81f
09-23 18:24:27.162 19052 19052 D LifecycleMonitor: Lifecycle status change: androidx.test.core.app.InstrumentationActivityInvoker$EmptyActivity@9dff81f in: STARTED
09-23 18:24:27.162 19052 19052 V ActivityScenario: Activity lifecycle changed event received but ignored because the intent does not match. startActivityIntent=Intent { act=android.intent.action.MAIN cat=[android.intent.category.LAUNCHER] flg=0x10008000 cmp=com.shareconnect/.MainActivity }, activity.getIntent()=Intent { act=android.intent.action.MAIN cat=[android.intent.category.LAUNCHER] flg=0x10000000 cmp=com.shareconnect/androidx.test.core.app.InstrumentationActivityInvoker$EmptyActivity }, activity=androidx.test.core.app.InstrumentationActivityInvoker$EmptyActivity@9dff81f
09-23 18:24:27.164 19052 19052 D FirebaseSessions: App foregrounded on com.shareconnect
09-23 18:24:27.167 19052 19052 V Console : Activity lifecycle :: RESUMED :: EmptyActivity
09-23 18:24:27.167 19052 19052 V Console : Foreground activity counter :: AtomicIntWrapper :: 12312792 :: 227589169 :: Value of: 0
09-23 18:24:27.167 19052 19052 I Console : Activity lifecycle :: Main state :: Foreground
09-23 18:24:27.167 19052 19052 V Console : Foreground activity counter :: AtomicIntWrapper :: 12312792 :: 227589169 :: Incremented to: 1
09-23 18:24:27.168 19052 19052 D LifecycleMonitor: Lifecycle status change: androidx.test.core.app.InstrumentationActivityInvoker$EmptyActivity@9dff81f in: RESUMED
09-23 18:24:27.168 19052 19052 V ActivityScenario: Activity lifecycle changed event received but ignored because the intent does not match. startActivityIntent=Intent { act=android.intent.action.MAIN cat=[android.intent.category.LAUNCHER] flg=0x10008000 cmp=com.shareconnect/.MainActivity }, activity.getIntent()=Intent { act=android.intent.action.MAIN cat=[android.intent.category.LAUNCHER] flg=0x10000000 cmp=com.shareconnect/androidx.test.core.app.InstrumentationActivityInvoker$EmptyActivity }, activity=androidx.test.core.app.InstrumentationActivityInvoker$EmptyActivity@9dff81f
09-23 18:24:27.168 19052 19052 V Console : Activity lifecycle :: POST-RESUMED :: EmptyActivity
09-23 18:24:27.171 19052 19146 W Parcel  : Expecting binder but got null!
09-23 18:24:27.193 19052 19146 E OpenGLRenderer: Unable to match the desired swap behavior.
09-23 18:24:27.203   488   503 I ActivityTaskManager: Displayed com.shareconnect/androidx.test.core.app.InstrumentationActivityInvoker$EmptyActivity: +72ms
09-23 18:24:27.210 19052 19052 V Console : Activity lifecycle :: PRE-DESTROYED :: MainActivity
09-23 18:24:27.210 19052 19052 V Console : Activity lifecycle :: DESTROYED :: MainActivity
09-23 18:24:27.211 19052 19052 D LifecycleMonitor: Lifecycle status change: com.shareconnect.MainActivity@3b8458a in: DESTROYED
09-23 18:24:27.211 19052 19052 V ActivityScenario: Update currentActivityStage to DESTROYED, currentActivity=null
09-23 18:24:27.212 11307 19133 D AdvertisingIdClient: AdvertisingIdClient already created.
09-23 18:24:27.212 19052 19146 D EGL_emulation: app_time_stats: avg=292.03ms min=0.63ms max=3202.28ms count=11
09-23 18:24:27.213   488  1100 W InputManager-JNI: Input channel object '13222ab com.shareconnect/com.shareconnect.MainActivity (client)' was disposed without first being removed with the input manager!
09-23 18:24:27.213 11307 19133 I AdvertisingIdClient: shouldSendLog 1481099
09-23 18:24:27.213 11307 19133 I AdvertisingIdClient: GetInfoInternal elapse 1ms
09-23 18:24:27.214 19052 19052 V Console : Activity lifecycle :: PRE-STOPPED :: SettingsActivity
09-23 18:24:27.216 19052 19052 V Console : Activity lifecycle :: STOPPED :: SettingsActivity
09-23 18:24:27.216 19052 19052 D LifecycleMonitor: Lifecycle status change: com.shareconnect.SettingsActivity@c803bfd in: STOPPED
09-23 18:24:27.216 19052 19052 V ActivityScenario: Activity lifecycle changed event received but ignored because the intent does not match. startActivityIntent=Intent { act=android.intent.action.MAIN cat=[android.intent.category.LAUNCHER] flg=0x10008000 cmp=com.shareconnect/.MainActivity }, activity.getIntent()=Intent { cmp=com.shareconnect/.SettingsActivity (has extras) }, activity=com.shareconnect.SettingsActivity@c803bfd
09-23 18:24:27.216 19052 19052 V Console : Activity lifecycle :: POST-STOPPED :: SettingsActivity
09-23 18:24:27.229 19052 19129 E TestRunner: failed: testStateDescriptions(com.shareconnect.automation.AccessibilityAutomationTest)
09-23 18:24:27.229 11811 11811 I GoogleInputMethodService: GoogleInputMethodService.onFinishInput():3227
09-23 18:24:27.229 19052 19129 E TestRunner: ----- begin exception -----
09-23 18:24:27.229 19052 19129 E TestRunner: java.lang.NullPointerException: Attempt to invoke virtual method 'boolean android.view.View.isEnabled()' on a null object reference
09-23 18:24:27.229 19052 19129 E TestRunner: 	at com.shareconnect.automation.AccessibilityAutomationTest.testStateDescriptions$lambda$0(AccessibilityAutomationTest.kt:163)
09-23 18:24:27.229 19052 19129 E TestRunner: 	at com.shareconnect.automation.AccessibilityAutomationTest.$r8$lambda$UZDz-2ZK8LnEJF36JAwnFqS9YgM(Unknown Source:0)
09-23 18:24:27.229 19052 19129 E TestRunner: 	at com.shareconnect.automation.AccessibilityAutomationTest$$ExternalSyntheticLambda0.perform(D8$$SyntheticClass:0)
09-23 18:24:27.229 19052 19129 E TestRunner: 	at androidx.test.core.app.ActivityScenario.lambda$onActivity$2$androidx-test-core-app-ActivityScenario(ActivityScenario.java:794)
09-23 18:24:27.229 19052 19129 E TestRunner: 	at androidx.test.core.app.ActivityScenario$$ExternalSyntheticLambda2.run(D8$$SyntheticClass:0)
09-23 18:24:27.229 19052 19129 E TestRunner: 	at java.util.concurrent.Executors$RunnableAdapter.call(Executors.java:463)
09-23 18:24:27.229 19052 19129 E TestRunner: 	at java.util.concurrent.FutureTask.run(FutureTask.java:264)
09-23 18:24:27.229 19052 19129 E TestRunner: 	at android.app.Instrumentation$SyncRunnable.run(Instrumentation.java:2379)
09-23 18:24:27.229 19052 19129 E TestRunner: 	at android.os.Handler.handleCallback(Handler.java:942)
09-23 18:24:27.229 19052 19129 E TestRunner: 	at android.os.Handler.dispatchMessage(Handler.java:99)
09-23 18:24:27.229 19052 19129 E TestRunner: 	at android.os.Looper.loopOnce(Looper.java:201)
09-23 18:24:27.229 19052 19129 E TestRunner: 	at android.os.Looper.loop(Looper.java:288)
09-23 18:24:27.229 19052 19129 E TestRunner: 	at android.app.ActivityThread.main(ActivityThread.java:7924)
09-23 18:24:27.229 19052 19129 E TestRunner: 	at java.lang.reflect.Method.invoke(Native Method)
09-23 18:24:27.229 19052 19129 E TestRunner: 	at com.android.internal.os.RuntimeInit$MethodAndArgsCaller.run(RuntimeInit.java:548)
09-23 18:24:27.229 19052 19129 E TestRunner: 	at com.android.internal.os.ZygoteInit.main(ZygoteInit.java:936)
09-23 18:24:27.229 19052 19129 E TestRunner: ----- end exception -----
09-23 18:24:27.229 19052 19129 I TestRunner: finished: testStateDescriptions(com.shareconnect.automation.AccessibilityAutomationTest)
