09-23 18:24:27.996 19052 19129 I TestRunner: started: testTextContrast(com.shareconnect.automation.AccessibilityAutomationTest)
09-23 18:24:28.000 19052 19129 W Settings: Setting always_finish_activities has moved from android.provider.Settings.System to android.provider.Settings.Global, returning read-only value.
09-23 18:24:28.011   779   868 W Parcel  : Expecting binder but got null!
09-23 18:24:28.014 19052 19052 D LifecycleMonitor: Lifecycle status change: com.shareconnect.MainActivity@3db803a in: PRE_ON_CREATE
09-23 18:24:28.014 19052 19052 V ActivityScenario: Activity lifecycle changed event received but ignored because the reported transition was not ON_CREATE while the last known transition was PRE_ON_CREATE
09-23 18:24:28.015 19052 19052 D Console : getDefaultTheme() returned: Warm Orange Light (ID: 1, isDefault: true)
09-23 18:24:28.015 19052 19052 D Console : getDefaultTheme() returned: Warm Orange Light (ID: 1, isDefault: true)
09-23 18:24:28.015 19052 19052 D Console : Applying theme: Warm Orange Light, colorScheme: warm_orange, isDarkMode: false, currentTheme: WARM_ORANGE_LIGHT
09-23 18:24:28.015 19052 19052 D Console : Activity MainActivity usesToolbar: true
09-23 18:24:28.016 19052 19052 D Console : Setting night mode to NO
09-23 18:24:28.022 19052 19052 D LifecycleMonitor: Lifecycle status change: com.shareconnect.MainActivity@3db803a in: CREATED
09-23 18:24:28.022 19052 19052 V ActivityScenario: Update currentActivityStage to CREATED, currentActivity=com.shareconnect.MainActivity@3db803a
09-23 18:24:28.025 19052 19052 D LifecycleMonitor: Lifecycle status change: com.shareconnect.MainActivity@3db803a in: STARTED
09-23 18:24:28.025 19052 19052 V ActivityScenario: Update currentActivityStage to STARTED, currentActivity=com.shareconnect.MainActivity@3db803a
09-23 18:24:28.028 19052 19052 D FirebaseSessions: App foregrounded on com.shareconnect
09-23 18:24:28.032   779   868 E OpenGLRenderer: Unable to match the desired swap behavior.
09-23 18:24:28.032 19052 19052 V Console : Activity lifecycle :: RESUMED :: MainActivity
09-23 18:24:28.032 19052 19052 V Console : Foreground activity counter :: AtomicIntWrapper :: 12312792 :: 227589169 :: Value of: 0
09-23 18:24:28.032 19052 19052 I Console : Activity lifecycle :: Main state :: Foreground
09-23 18:24:28.032 19052 19052 V Console : Foreground activity counter :: AtomicIntWrapper :: 12312792 :: 227589169 :: Incremented to: 1
09-23 18:24:28.032 19052 19052 D Console : hasThemeChanged() returned: false
09-23 18:24:28.033 19052 19052 D Console : onResume() called, themeChanged: false
09-23 18:24:28.033 19052 19052 D LifecycleMonitor: Lifecycle status change: com.shareconnect.MainActivity@3db803a in: RESUMED
09-23 18:24:28.033 19052 19052 V ActivityScenario: Update currentActivityStage to RESUMED, currentActivity=com.shareconnect.MainActivity@3db803a
09-23 18:24:28.034 19052 19052 V Console : Activity lifecycle :: POST-RESUMED :: MainActivity
09-23 18:24:28.036 19052 19146 W Parcel  : Expecting binder but got null!
09-23 18:24:28.052 19052 19052 V Console : Activity lifecycle :: PRE-PAUSED :: MainActivity
09-23 18:24:28.052 19052 19052 D Console : Activity lifecycle :: Top activity: MainActivity
09-23 18:24:28.052 19052 19052 D FirebaseSessions: App backgrounded on com.shareconnect
09-23 18:24:28.054 19052 19052 V Console : Activity lifecycle :: PAUSED :: MainActivity
09-23 18:24:28.055 19052 19052 V Console : Foreground activity counter :: AtomicIntWrapper :: 12312792 :: 227589169 :: Decremented to: 0
09-23 18:24:28.055 19052 19052 D LifecycleMonitor: Lifecycle status change: com.shareconnect.MainActivity@3db803a in: PAUSED
09-23 18:24:28.055 19052 19052 V ActivityScenario: Update currentActivityStage to PAUSED, currentActivity=com.shareconnect.MainActivity@3db803a
09-23 18:24:28.094 19052 19146 E OpenGLRenderer: Unable to match the desired swap behavior.
09-23 18:24:28.105 19052 19052 D LifecycleMonitor: Lifecycle status change: com.shareconnect.SettingsActivity@ca2751c in: PRE_ON_CREATE
09-23 18:24:28.105 19052 19052 V ActivityScenario: Activity lifecycle changed event received but ignored because the intent does not match. startActivityIntent=Intent { act=android.intent.action.MAIN cat=[android.intent.category.LAUNCHER] flg=0x10008000 cmp=com.shareconnect/.MainActivity }, activity.getIntent()=Intent { cmp=com.shareconnect/.SettingsActivity (has extras) }, activity=com.shareconnect.SettingsActivity@ca2751c
09-23 18:24:28.108 19052 19052 D Console : getDefaultTheme() returned: Warm Orange Light (ID: 1, isDefault: true)
09-23 18:24:28.108 19052 19052 D Console : getDefaultTheme() returned: Warm Orange Light (ID: 1, isDefault: true)
09-23 18:24:28.108 19052 19052 D Console : Applying theme: Warm Orange Light, colorScheme: warm_orange, isDarkMode: false, currentTheme: WARM_ORANGE_LIGHT
09-23 18:24:28.108 19052 19052 D Console : Activity SettingsActivity usesToolbar: true
09-23 18:24:28.109 19052 19052 D Console : Setting night mode to NO
09-23 18:24:28.115  1581  1581 I GsaVoiceInteractionSrv: Handling ACTION_STOP_HOTWORD
09-23 18:24:28.115 19052 19052 D LifecycleMonitor: Lifecycle status change: com.shareconnect.SettingsActivity@ca2751c in: CREATED
09-23 18:24:28.115 19052 19052 V ActivityScenario: Activity lifecycle changed event received but ignored because the intent does not match. startActivityIntent=Intent { act=android.intent.action.MAIN cat=[android.intent.category.LAUNCHER] flg=0x10008000 cmp=com.shareconnect/.MainActivity }, activity.getIntent()=Intent { cmp=com.shareconnect/.SettingsActivity (has extras) }, activity=com.shareconnect.SettingsActivity@ca2751c
09-23 18:24:28.116  1581  2154 I HwDetectorWithState: (REDACTED) a: %d
09-23 18:24:28.118 19052 19052 D LifecycleMonitor: Lifecycle status change: com.shareconnect.SettingsActivity@ca2751c in: STARTED
09-23 18:24:28.119 19052 19052 V ActivityScenario: Activity lifecycle changed event received but ignored because the intent does not match. startActivityIntent=Intent { act=android.intent.action.MAIN cat=[android.intent.category.LAUNCHER] flg=0x10008000 cmp=com.shareconnect/.MainActivity }, activity.getIntent()=Intent { cmp=com.shareconnect/.SettingsActivity (has extras) }, activity=com.shareconnect.SettingsActivity@ca2751c
09-23 18:24:28.120 19052 19052 D FirebaseSessions: App foregrounded on com.shareconnect
09-23 18:24:28.122 19052 19052 V Console : Activity lifecycle :: RESUMED :: SettingsActivity
09-23 18:24:28.122 19052 19052 V Console : Foreground activity counter :: AtomicIntWrapper :: 12312792 :: 227589169 :: Value of: 0
09-23 18:24:28.122 19052 19052 I Console : Activity lifecycle :: Main state :: Foreground
09-23 18:24:28.122 19052 19052 V Console : Foreground activity counter :: AtomicIntWrapper :: 12312792 :: 227589169 :: Incremented to: 1
09-23 18:24:28.122 19052 19052 D LifecycleMonitor: Lifecycle status change: com.shareconnect.SettingsActivity@ca2751c in: RESUMED
09-23 18:24:28.122 19052 19052 V ActivityScenario: Activity lifecycle changed event received but ignored because the intent does not match. startActivityIntent=Intent { act=android.intent.action.MAIN cat=[android.intent.category.LAUNCHER] flg=0x10008000 cmp=com.shareconnect/.MainActivity }, activity.getIntent()=Intent { cmp=com.shareconnect/.SettingsActivity (has extras) }, activity=com.shareconnect.SettingsActivity@ca2751c
09-23 18:24:28.122 19052 19052 V Console : Activity lifecycle :: POST-RESUMED :: SettingsActivity
09-23 18:24:28.125 19052 19146 W Parcel  : Expecting binder but got null!
09-23 18:24:28.144 19052 19146 E OpenGLRenderer: Unable to match the desired swap behavior.
09-23 18:24:28.155   488   503 W ziparchive: Unable to open '/data/app/~~V1RMhJ4uRSUintQOLN924A==/com.shareconnect-Mtf-9DBQqrPAhiVsnmCAWA==/base.dm': No such file or directory
09-23 18:24:28.162   488   503 I ActivityTaskManager: Displayed com.shareconnect/.SettingsActivity: +153ms
09-23 18:24:28.170 11811 11811 I GoogleInputMethodService: GoogleInputMethodService.onFinishInput():3227
09-23 18:24:28.171 11811 11811 I GoogleInputMethodService: GoogleInputMethodService.updateDeviceLockedStatus():2087 repeatCheckTimes = 0, unlocked = true
09-23 18:24:28.172 11811 11811 I GoogleInputMethodService: GoogleInputMethodService.onStartInput():1877 onStartInput(EditorInfo{inputType=0x0(NULL) imeOptions=0x0 privateImeOptions=null actionName=UNSPECIFIED actionLabel=null actionId=0 initialSelStart=-1 initialSelEnd=-1 initialCapsMode=0x0 hintText=null label=null packageName=com.shareconnect fieldId=2131231190 fieldName=null extras=null}, false)
09-23 18:24:28.172 11811 11811 I GoogleInputMethodService: GoogleInputMethodService.shouldHideHeaderOnInitialState():4008 ShouldHideHeaderOnInitialState = false
09-23 18:24:28.172 11811 11811 I GoogleInputMethodService: GoogleInputMethodService.updateDeviceLockedStatus():2087 repeatCheckTimes = 2, unlocked = true
09-23 18:24:28.179   779   868 D EGL_emulation: app_time_stats: avg=551.57ms min=14.92ms max=5902.08ms count=11
09-23 18:24:28.327   779   868 D EGL_emulation: app_time_stats: avg=1239.34ms min=24.19ms max=4492.27ms count=4
09-23 18:24:28.347 19052 19052 V Console : Activity lifecycle :: PRE-STOPPED :: MainActivity
09-23 18:24:28.347  1581  2228 I AssistantForeground: (REDACTED) Get launcher package: %s
09-23 18:24:28.348 19052 19052 V Console : Activity lifecycle :: STOPPED :: MainActivity
09-23 18:24:28.348 19052 19052 D LifecycleMonitor: Lifecycle status change: com.shareconnect.MainActivity@3db803a in: STOPPED
09-23 18:24:28.348 19052 19052 V ActivityScenario: Update currentActivityStage to STOPPED, currentActivity=com.shareconnect.MainActivity@3db803a
09-23 18:24:28.348 19052 19052 V Console : Activity lifecycle :: POST-STOPPED :: MainActivity
09-23 18:24:28.363   998  1945 D OneSearchSuggestProvider: Shut down the binder channel
09-23 18:24:28.364   998 17829 I s.nexuslauncher: oneway function results for code 2 on binder at 0xb400007a39490450 will be dropped but finished with status UNKNOWN_TRANSACTION
09-23 18:24:28.659 19052 19381 V Console : Foreground activity counter :: AtomicIntWrapper :: 12312792 :: 227589169 :: Value of: 1
09-23 18:24:29.023   488  2254 W InputManager-JNI: Input channel object '609c758 Splash Screen com.shareconnect (client)' was disposed without first being removed with the input manager!
09-23 18:24:29.400   779   868 D EGL_emulation: app_time_stats: avg=33.17ms min=0.90ms max=176.01ms count=14
09-23 18:24:29.745 19052 19146 D EGL_emulation: app_time_stats: avg=176.55ms min=11.93ms max=1467.75ms count=9
09-23 18:24:33.216 19052 19052 V Console : Activity lifecycle :: PRE-PAUSED :: SettingsActivity
09-23 18:24:33.216 19052 19052 D Console : Activity lifecycle :: Top activity: SettingsActivity
09-23 18:24:33.217 19052 19052 D FirebaseSessions: App backgrounded on com.shareconnect
09-23 18:24:33.221 19052 19052 V Console : Activity lifecycle :: PAUSED :: SettingsActivity
09-23 18:24:33.223 19052 19052 V Console : Foreground activity counter :: AtomicIntWrapper :: 12312792 :: 227589169 :: Decremented to: 0
09-23 18:24:33.224 19052 19052 D LifecycleMonitor: Lifecycle status change: com.shareconnect.SettingsActivity@ca2751c in: PAUSED
09-23 18:24:33.224 19052 19052 V ActivityScenario: Activity lifecycle changed event received but ignored because the intent does not match. startActivityIntent=Intent { act=android.intent.action.MAIN cat=[android.intent.category.LAUNCHER] flg=0x10008000 cmp=com.shareconnect/.MainActivity }, activity.getIntent()=Intent { cmp=com.shareconnect/.SettingsActivity (has extras) }, activity=com.shareconnect.SettingsActivity@ca2751c
09-23 18:24:33.236 19052 19052 D LifecycleMonitor: Lifecycle status change: androidx.test.core.app.InstrumentationActivityInvoker$EmptyActivity@2920d34 in: PRE_ON_CREATE
09-23 18:24:33.236 19052 19052 V ActivityScenario: Activity lifecycle changed event received but ignored because the intent does not match. startActivityIntent=Intent { act=android.intent.action.MAIN cat=[android.intent.category.LAUNCHER] flg=0x10008000 cmp=com.shareconnect/.MainActivity }, activity.getIntent()=Intent { act=android.intent.action.MAIN cat=[android.intent.category.LAUNCHER] flg=0x10000000 cmp=com.shareconnect/androidx.test.core.app.InstrumentationActivityInvoker$EmptyActivity }, activity=androidx.test.core.app.InstrumentationActivityInvoker$EmptyActivity@2920d34
09-23 18:24:33.246 19052 19052 D LifecycleMonitor: Lifecycle status change: androidx.test.core.app.InstrumentationActivityInvoker$EmptyActivity@2920d34 in: CREATED
09-23 18:24:33.247 19052 19052 V ActivityScenario: Activity lifecycle changed event received but ignored because the intent does not match. startActivityIntent=Intent { act=android.intent.action.MAIN cat=[android.intent.category.LAUNCHER] flg=0x10008000 cmp=com.shareconnect/.MainActivity }, activity.getIntent()=Intent { act=android.intent.action.MAIN cat=[android.intent.category.LAUNCHER] flg=0x10000000 cmp=com.shareconnect/androidx.test.core.app.InstrumentationActivityInvoker$EmptyActivity }, activity=androidx.test.core.app.InstrumentationActivityInvoker$EmptyActivity@2920d34
09-23 18:24:33.248 19052 19052 D LifecycleMonitor: Lifecycle status change: androidx.test.core.app.InstrumentationActivityInvoker$EmptyActivity@2920d34 in: STARTED
09-23 18:24:33.248 19052 19052 V ActivityScenario: Activity lifecycle changed event received but ignored because the intent does not match. startActivityIntent=Intent { act=android.intent.action.MAIN cat=[android.intent.category.LAUNCHER] flg=0x10008000 cmp=com.shareconnect/.MainActivity }, activity.getIntent()=Intent { act=android.intent.action.MAIN cat=[android.intent.category.LAUNCHER] flg=0x10000000 cmp=com.shareconnect/androidx.test.core.app.InstrumentationActivityInvoker$EmptyActivity }, activity=androidx.test.core.app.InstrumentationActivityInvoker$EmptyActivity@2920d34
09-23 18:24:33.249 19052 19052 D FirebaseSessions: App foregrounded on com.shareconnect
09-23 18:24:33.252 19052 19052 V Console : Activity lifecycle :: RESUMED :: EmptyActivity
09-23 18:24:33.252 19052 19052 V Console : Foreground activity counter :: AtomicIntWrapper :: 12312792 :: 227589169 :: Value of: 0
09-23 18:24:33.252 19052 19052 I Console : Activity lifecycle :: Main state :: Foreground
09-23 18:24:33.252 19052 19052 V Console : Foreground activity counter :: AtomicIntWrapper :: 12312792 :: 227589169 :: Incremented to: 1
09-23 18:24:33.253 19052 19052 D LifecycleMonitor: Lifecycle status change: androidx.test.core.app.InstrumentationActivityInvoker$EmptyActivity@2920d34 in: RESUMED
09-23 18:24:33.253 19052 19052 V ActivityScenario: Activity lifecycle changed event received but ignored because the intent does not match. startActivityIntent=Intent { act=android.intent.action.MAIN cat=[android.intent.category.LAUNCHER] flg=0x10008000 cmp=com.shareconnect/.MainActivity }, activity.getIntent()=Intent { act=android.intent.action.MAIN cat=[android.intent.category.LAUNCHER] flg=0x10000000 cmp=com.shareconnect/androidx.test.core.app.InstrumentationActivityInvoker$EmptyActivity }, activity=androidx.test.core.app.InstrumentationActivityInvoker$EmptyActivity@2920d34
09-23 18:24:33.254 19052 19052 V Console : Activity lifecycle :: POST-RESUMED :: EmptyActivity
09-23 18:24:33.260 19052 19146 W Parcel  : Expecting binder but got null!
09-23 18:24:33.310 19052 19146 E OpenGLRenderer: Unable to match the desired swap behavior.
09-23 18:24:33.329   488   503 I ActivityTaskManager: Displayed com.shareconnect/androidx.test.core.app.InstrumentationActivityInvoker$EmptyActivity: +141ms
09-23 18:24:33.354 19052 19052 V Console : Activity lifecycle :: PRE-STOPPED :: SettingsActivity
09-23 18:24:33.355 19052 19052 V Console : Activity lifecycle :: STOPPED :: SettingsActivity
09-23 18:24:33.364 19052 19052 D LifecycleMonitor: Lifecycle status change: com.shareconnect.SettingsActivity@ca2751c in: STOPPED
09-23 18:24:33.364 19052 19052 V ActivityScenario: Activity lifecycle changed event received but ignored because the intent does not match. startActivityIntent=Intent { act=android.intent.action.MAIN cat=[android.intent.category.LAUNCHER] flg=0x10008000 cmp=com.shareconnect/.MainActivity }, activity.getIntent()=Intent { cmp=com.shareconnect/.SettingsActivity (has extras) }, activity=com.shareconnect.SettingsActivity@ca2751c
09-23 18:24:33.365 19052 19052 V Console : Activity lifecycle :: POST-STOPPED :: SettingsActivity
09-23 18:24:33.369 19052 19052 V Console : Activity lifecycle :: PRE-DESTROYED :: MainActivity
09-23 18:24:33.371 19052 19052 V Console : Activity lifecycle :: DESTROYED :: MainActivity
09-23 18:24:33.372 19052 19052 D LifecycleMonitor: Lifecycle status change: com.shareconnect.MainActivity@3db803a in: DESTROYED
09-23 18:24:33.372 19052 19052 V ActivityScenario: Update currentActivityStage to DESTROYED, currentActivity=null
09-23 18:24:33.373 11811 11811 I GoogleInputMethodService: GoogleInputMethodService.onFinishInput():3227
09-23 18:24:33.377 11811 11811 I GoogleInputMethodService: GoogleInputMethodService.updateDeviceLockedStatus():2087 repeatCheckTimes = 0, unlocked = true
09-23 18:24:33.378 11811 11811 I GoogleInputMethodService: GoogleInputMethodService.onStartInput():1877 onStartInput(EditorInfo{inputType=0x0(NULL) imeOptions=0x0 privateImeOptions=null actionName=UNSPECIFIED actionLabel=null actionId=0 initialSelStart=-1 initialSelEnd=-1 initialCapsMode=0x0 hintText=null label=null packageName=com.shareconnect fieldId=-1 fieldName=null extras=null}, false)
09-23 18:24:33.378 11811 11811 I GoogleInputMethodService: GoogleInputMethodService.shouldHideHeaderOnInitialState():4008 ShouldHideHeaderOnInitialState = false
09-23 18:24:33.379 11811 11811 I GoogleInputMethodService: GoogleInputMethodService.updateDeviceLockedStatus():2087 repeatCheckTimes = 2, unlocked = true
09-23 18:24:33.381 12330 12330 D BoundBrokerSvc: onRebind: Intent { act=com.google.android.gms.presencemanager.service.START dat=chimera-action:/... cmp=com.google.android.gms/.chimera.PersistentApiService }
09-23 18:24:33.384 12330 12330 D BoundBrokerSvc: onRebind: Intent { act=com.google.android.gms.presencemanager.service.INTERNAL_IDENTITY dat=chimera-action:/... cmp=com.google.android.gms/.chimera.PersistentApiService }
09-23 18:24:33.386   488   502 W InputManager-JNI: Input channel object '7fe2970 com.shareconnect/com.shareconnect.MainActivity (client)' was disposed without first being removed with the input manager!
09-23 18:24:33.393 19052 19129 E TestRunner: failed: testTextContrast(com.shareconnect.automation.AccessibilityAutomationTest)
09-23 18:24:33.396 19052 19129 E TestRunner: ----- begin exception -----
09-23 18:24:33.396 19052 19129 E TestRunner: java.lang.NoClassDefFoundError: Failed resolution of: Lorg/hamcrest/Matchers;
09-23 18:24:33.396 19052 19129 E TestRunner: 	at androidx.test.espresso.matcher.ViewMatchers.withId(ViewMatchers.java:1)
09-23 18:24:33.396 19052 19129 E TestRunner: 	at com.shareconnect.automation.AccessibilityAutomationTest.testTextContrast(AccessibilityAutomationTest.kt:80)
09-23 18:24:33.396 19052 19129 E TestRunner: 	at java.lang.reflect.Method.invoke(Native Method)
09-23 18:24:33.396 19052 19129 E TestRunner: 	at org.junit.runners.model.FrameworkMethod$1.runReflectiveCall(FrameworkMethod.java:59)
09-23 18:24:33.396 19052 19129 E TestRunner: 	at org.junit.internal.runners.model.ReflectiveCallable.run(ReflectiveCallable.java:12)
09-23 18:24:33.396 19052 19129 E TestRunner: 	at org.junit.runners.model.FrameworkMethod.invokeExplosively(FrameworkMethod.java:56)
09-23 18:24:33.396 19052 19129 E TestRunner: 	at org.junit.internal.runners.statements.InvokeMethod.evaluate(InvokeMethod.java:17)
09-23 18:24:33.396 19052 19129 E TestRunner: 	at androidx.test.internal.runner.junit4.statement.RunBefores.evaluate(RunBefores.java:80)
09-23 18:24:33.396 19052 19129 E TestRunner: 	at androidx.test.internal.runner.junit4.statement.RunAfters.evaluate(RunAfters.java:61)
09-23 18:24:33.396 19052 19129 E TestRunner: 	at org.junit.runners.ParentRunner$3.evaluate(ParentRunner.java:306)
09-23 18:24:33.396 19052 19129 E TestRunner: 	at org.junit.runners.BlockJUnit4ClassRunner$1.evaluate(BlockJUnit4ClassRunner.java:100)
09-23 18:24:33.396 19052 19129 E TestRunner: 	at org.junit.runners.ParentRunner.runLeaf(ParentRunner.java:366)
09-23 18:24:33.396 19052 19129 E TestRunner: 	at org.junit.runners.BlockJUnit4ClassRunner.runChild(BlockJUnit4ClassRunner.java:103)
09-23 18:24:33.396 19052 19129 E TestRunner: 	at org.junit.runners.BlockJUnit4ClassRunner.runChild(BlockJUnit4ClassRunner.java:63)
09-23 18:24:33.396 19052 19129 E TestRunner: 	at org.junit.runners.ParentRunner$4.run(ParentRunner.java:331)
09-23 18:24:33.396 19052 19129 E TestRunner: 	at org.junit.runners.ParentRunner$1.schedule(ParentRunner.java:79)
09-23 18:24:33.396 19052 19129 E TestRunner: 	at org.junit.runners.ParentRunner.runChildren(ParentRunner.java:329)
09-23 18:24:33.396 19052 19129 E TestRunner: 	at org.junit.runners.ParentRunner.access$100(ParentRunner.java:66)
09-23 18:24:33.396 19052 19129 E TestRunner: 	at org.junit.runners.ParentRunner$2.evaluate(ParentRunner.java:293)
09-23 18:24:33.396 19052 19129 E TestRunner: 	at org.junit.runners.ParentRunner$3.evaluate(ParentRunner.java:306)
09-23 18:24:33.396 19052 19129 E TestRunner: 	at org.junit.runners.ParentRunner.run(ParentRunner.java:413)
09-23 18:24:33.396 19052 19129 E TestRunner: 	at androidx.test.ext.junit.runners.AndroidJUnit4.run(AndroidJUnit4.java:162)
09-23 18:24:33.396 19052 19129 E TestRunner: 	at org.junit.runners.Suite.runChild(Suite.java:128)
09-23 18:24:33.396 19052 19129 E TestRunner: 	at org.junit.runners.Suite.runChild(Suite.java:27)
09-23 18:24:33.396 19052 19129 E TestRunner: 	at org.junit.runners.ParentRunner$4.run(ParentRunner.java:331)
09-23 18:24:33.396 19052 19129 E TestRunner: 	at org.junit.runners.ParentRunner$1.schedule(ParentRunner.java:79)
09-23 18:24:33.396 19052 19129 E TestRunner: 	at org.junit.runners.ParentRunner.runChildren(ParentRunner.java:329)
09-23 18:24:33.396 19052 19129 E TestRunner: 	at org.junit.runners.ParentRunner.access$100(ParentRunner.java:66)
09-23 18:24:33.396 19052 19129 E TestRunner: 	at org.junit.runners.ParentRunner$2.evaluate(ParentRunner.java:293)
09-23 18:24:33.396 19052 19129 E TestRunner: 	at org.junit.runners.ParentRunner$3.evaluate(ParentRunner.java:306)
09-23 18:24:33.396 19052 19129 E TestRunner: 	at org.junit.runners.ParentRunner.run(ParentRunner.java:413)
09-23 18:24:33.396 19052 19129 E TestRunner: 	at org.junit.runners.Suite.runChild(Suite.java:128)
09-23 18:24:33.396 19052 19129 E TestRunner: 	at org.junit.runners.Suite.runChild(Suite.java:27)
09-23 18:24:33.396 19052 19129 E TestRunner: 	at org.junit.runners.ParentRunner$4.run(ParentRunner.java:331)
09-23 18:24:33.396 19052 19129 E TestRunner: 	at org.junit.runners.ParentRunner$1.schedule(ParentRunner.java:79)
09-23 18:24:33.396 19052 19129 E TestRunner: 	at org.junit.runners.ParentRunner.runChildren(ParentRunner.java:329)
09-23 18:24:33.396 19052 19129 E TestRunner: 	at org.junit.runners.ParentRunner.access$100(ParentRunner.java:66)
09-23 18:24:33.396 19052 19129 E TestRunner: 	at org.junit.runners.ParentRunner$2.evaluate(ParentRunner.java:293)
09-23 18:24:33.396 19052 19129 E TestRunner: 	at org.junit.runners.ParentRunner$3.evaluate(ParentRunner.java:306)
09-23 18:24:33.396 19052 19129 E TestRunner: 	at org.junit.runners.ParentRunner.run(ParentRunner.java:413)
09-23 18:24:33.396 19052 19129 E TestRunner: 	at org.junit.runner.JUnitCore.run(JUnitCore.java:137)
09-23 18:24:33.396 19052 19129 E TestRunner: 	at org.junit.runner.JUnitCore.run(JUnitCore.java:115)
09-23 18:24:33.396 19052 19129 E TestRunner: 	at androidx.test.internal.runner.TestExecutor.execute(TestExecutor.java:68)
09-23 18:24:33.396 19052 19129 E TestRunner: 	at androidx.test.internal.runner.TestExecutor.execute(TestExecutor.java:59)
09-23 18:24:33.396 19052 19129 E TestRunner: 	at androidx.test.runner.AndroidJUnitRunner.onStart(AndroidJUnitRunner.java:463)
09-23 18:24:33.396 19052 19129 E TestRunner: 	at android.app.Instrumentation$InstrumentationThread.run(Instrumentation.java:2361)
09-23 18:24:33.396 19052 19129 E TestRunner: Caused by: java.lang.ClassNotFoundException: Didn't find class "org.hamcrest.Matchers" on path: DexPathList[[zip file "/system/framework/android.test.runner.jar", zip file "/system/framework/android.test.mock.jar", zip file "/system/framework/android.test.base.jar", zip file "/data/app/~~9eIeSJpGNwuKEpS6UddecA==/com.shareconnect.test-GmDo4qJJgaAObNT6V__lHw==/base.apk", zip file "/data/app/~~V1RMhJ4uRSUintQOLN924A==/com.shareconnect-Mtf-9DBQqrPAhiVsnmCAWA==/base.apk"],nativeLibraryDirectories=[/data/app/~~9eIeSJpGNwuKEpS6UddecA==/com.shareconnect.test-GmDo4qJJgaAObNT6V__lHw==/lib/arm64, /data/app/~~V1RMhJ4uRSUintQOLN924A==/com.shareconnect-Mtf-9DBQqrPAhiVsnmCAWA==/lib/arm64, /data/app/~~9eIeSJpGNwuKEpS6UddecA==/com.shareconnect.test-GmDo4qJJgaAObNT6V__lHw==/base.apk!/lib/arm64-v8a, /data/app/~~V1RMhJ4uRSUintQOLN924A==/com.shareconnect-Mtf-9DBQqrPAhiVsnmCAWA==/base.apk!/lib/arm64-v8a, /system/lib64, /system_ext/lib64]]
09-23 18:24:33.396 19052 19129 E TestRunner: 	at dalvik.system.BaseDexClassLoader.findClass(BaseDexClassLoader.java:259)
09-23 18:24:33.396 19052 19129 E TestRunner: 	at java.lang.ClassLoader.loadClass(ClassLoader.java:379)
09-23 18:24:33.396 19052 19129 E TestRunner: 	at java.lang.ClassLoader.loadClass(ClassLoader.java:312)
09-23 18:24:33.396 19052 19129 E TestRunner: 	... 46 more
09-23 18:24:33.396 19052 19129 E TestRunner: ----- end exception -----
09-23 18:24:33.397 19052 19129 I TestRunner: finished: testTextContrast(com.shareconnect.automation.AccessibilityAutomationTest)
