09-23 18:24:08.946 19052 19129 I TestRunner: started: testCompleteAppNavigationFlow(com.shareconnect.automation.FullAppFlowAutomationTest)
09-23 18:24:08.950   488   591 W InputManager-JNI: Input channel object 'bf1d078 com.shareconnect/androidx.test.core.app.InstrumentationActivityInvoker$EmptyActivity (client)' was disposed without first being removed with the input manager!
09-23 18:24:08.999 19052 19129 W Settings: Setting always_finish_activities has moved from android.provider.Settings.System to android.provider.Settings.Global, returning read-only value.
09-23 18:24:09.098 19052 19052 D LifecycleMonitor: Lifecycle status change: com.shareconnect.MainActivity@825dcd2 in: PRE_ON_CREATE
09-23 18:24:09.098 19052 19052 V ActivityScenario: Activity lifecycle changed event received but ignored because the reported transition was not ON_CREATE while the last known transition was PRE_ON_CREATE
09-23 18:24:09.100   779   868 W Parcel  : Expecting binder but got null!
09-23 18:24:09.101 19052 19052 D Console : getDefaultTheme() returned: Warm Orange Light (ID: 1, isDefault: true)
09-23 18:24:09.103 19052 19052 D Console : getDefaultTheme() returned: Warm Orange Light (ID: 1, isDefault: true)
09-23 18:24:09.103 19052 19052 D Console : Applying theme: Warm Orange Light, colorScheme: warm_orange, isDarkMode: false, currentTheme: WARM_ORANGE_LIGHT
09-23 18:24:09.103 19052 19052 D Console : Activity MainActivity usesToolbar: true
09-23 18:24:09.106 19052 19052 D Console : Setting night mode to NO
09-23 18:24:09.118   779   868 E OpenGLRenderer: Unable to match the desired swap behavior.
09-23 18:24:09.124 19052 19052 D LifecycleMonitor: Lifecycle status change: com.shareconnect.MainActivity@825dcd2 in: CREATED
09-23 18:24:09.124 19052 19052 V ActivityScenario: Update currentActivityStage to CREATED, currentActivity=com.shareconnect.MainActivity@825dcd2
09-23 18:24:09.125 19052 19052 D LifecycleMonitor: Lifecycle status change: com.shareconnect.MainActivity@825dcd2 in: STARTED
09-23 18:24:09.126 19052 19052 V ActivityScenario: Update currentActivityStage to STARTED, currentActivity=com.shareconnect.MainActivity@825dcd2
09-23 18:24:09.136 19052 19052 D FirebaseSessions: App foregrounded on com.shareconnect
09-23 18:24:09.143 19052 19052 V Console : Activity lifecycle :: RESUMED :: MainActivity
09-23 18:24:09.143 19052 19052 V Console : Foreground activity counter :: AtomicIntWrapper :: 12312792 :: 227589169 :: Value of: 0
09-23 18:24:09.143 19052 19052 I Console : Activity lifecycle :: Main state :: Foreground
09-23 18:24:09.144 19052 19052 V Console : Foreground activity counter :: AtomicIntWrapper :: 12312792 :: 227589169 :: Incremented to: 1
09-23 18:24:09.145 19052 19052 D Console : hasThemeChanged() returned: false
09-23 18:24:09.145 19052 19052 D Console : onResume() called, themeChanged: false
09-23 18:24:09.145 19052 19052 D LifecycleMonitor: Lifecycle status change: com.shareconnect.MainActivity@825dcd2 in: RESUMED
09-23 18:24:09.145 19052 19052 V ActivityScenario: Update currentActivityStage to RESUMED, currentActivity=com.shareconnect.MainActivity@825dcd2
09-23 18:24:09.146 19052 19052 V Console : Activity lifecycle :: POST-RESUMED :: MainActivity
09-23 18:24:09.150 19052 19146 W Parcel  : Expecting binder but got null!
09-23 18:24:09.163  1581  1581 I GsaVoiceInteractionSrv: Handling ACTION_STOP_HOTWORD
09-23 18:24:09.168 19052 19052 V Console : Activity lifecycle :: PRE-PAUSED :: MainActivity
09-23 18:24:09.168 19052 19052 D Console : Activity lifecycle :: Top activity: MainActivity
09-23 18:24:09.169 19052 19052 D FirebaseSessions: App backgrounded on com.shareconnect
09-23 18:24:09.170  1581  2233 I HwDetectorWithState: (REDACTED) a: %d
09-23 18:24:09.171 19052 19052 V Console : Activity lifecycle :: PAUSED :: MainActivity
09-23 18:24:09.172 19052 19052 V Console : Foreground activity counter :: AtomicIntWrapper :: 12312792 :: 227589169 :: Decremented to: 0
09-23 18:24:09.172 19052 19052 D LifecycleMonitor: Lifecycle status change: com.shareconnect.MainActivity@825dcd2 in: PAUSED
09-23 18:24:09.172 19052 19052 V ActivityScenario: Update currentActivityStage to PAUSED, currentActivity=com.shareconnect.MainActivity@825dcd2
09-23 18:24:09.191 19052 19146 E OpenGLRenderer: Unable to match the desired swap behavior.
09-23 18:24:09.203 19052 19052 D LifecycleMonitor: Lifecycle status change: com.shareconnect.SettingsActivity@7a3c665 in: PRE_ON_CREATE
09-23 18:24:09.203 19052 19052 V ActivityScenario: Activity lifecycle changed event received but ignored because the intent does not match. startActivityIntent=Intent { act=android.intent.action.MAIN cat=[android.intent.category.LAUNCHER] flg=0x10008000 cmp=com.shareconnect/.MainActivity }, activity.getIntent()=Intent { cmp=com.shareconnect/.SettingsActivity (has extras) }, activity=com.shareconnect.SettingsActivity@7a3c665
09-23 18:24:09.203 19052 19052 D Console : getDefaultTheme() returned: Warm Orange Light (ID: 1, isDefault: true)
09-23 18:24:09.204 19052 19052 D Console : getDefaultTheme() returned: Warm Orange Light (ID: 1, isDefault: true)
09-23 18:24:09.204 19052 19052 D Console : Applying theme: Warm Orange Light, colorScheme: warm_orange, isDarkMode: false, currentTheme: WARM_ORANGE_LIGHT
09-23 18:24:09.204 19052 19052 D Console : Activity SettingsActivity usesToolbar: true
09-23 18:24:09.204 19052 19052 D Console : Setting night mode to NO
09-23 18:24:09.206   998  1019 W System  : A resource failed to call release.
09-23 18:24:09.207   998  1019 W System  : A resource failed to call release.
09-23 18:24:09.207   998  1019 W System  : A resource failed to call release.
09-23 18:24:09.207   998  1019 W System  : A resource failed to call release.
09-23 18:24:09.207   998  1019 W System  : A resource failed to call release.
09-23 18:24:09.207   998  1019 W System  : A resource failed to call release.
09-23 18:24:09.207   998  1019 W System  : A resource failed to call release.
09-23 18:24:09.207   998  1019 W System  : A resource failed to call release.
09-23 18:24:09.208   998  1019 W System  : A resource failed to call release.
09-23 18:24:09.211 19052 19052 D LifecycleMonitor: Lifecycle status change: com.shareconnect.SettingsActivity@7a3c665 in: CREATED
09-23 18:24:09.211 19052 19052 V ActivityScenario: Activity lifecycle changed event received but ignored because the intent does not match. startActivityIntent=Intent { act=android.intent.action.MAIN cat=[android.intent.category.LAUNCHER] flg=0x10008000 cmp=com.shareconnect/.MainActivity }, activity.getIntent()=Intent { cmp=com.shareconnect/.SettingsActivity (has extras) }, activity=com.shareconnect.SettingsActivity@7a3c665
09-23 18:24:09.214 19052 19052 D LifecycleMonitor: Lifecycle status change: com.shareconnect.SettingsActivity@7a3c665 in: STARTED
09-23 18:24:09.214 19052 19052 V ActivityScenario: Activity lifecycle changed event received but ignored because the intent does not match. startActivityIntent=Intent { act=android.intent.action.MAIN cat=[android.intent.category.LAUNCHER] flg=0x10008000 cmp=com.shareconnect/.MainActivity }, activity.getIntent()=Intent { cmp=com.shareconnect/.SettingsActivity (has extras) }, activity=com.shareconnect.SettingsActivity@7a3c665
09-23 18:24:09.214 19052 19052 D FirebaseSessions: App foregrounded on com.shareconnect
09-23 18:24:09.216 19052 19052 V Console : Activity lifecycle :: RESUMED :: SettingsActivity
09-23 18:24:09.216 19052 19052 V Console : Foreground activity counter :: AtomicIntWrapper :: 12312792 :: 227589169 :: Value of: 0
09-23 18:24:09.216 19052 19052 I Console : Activity lifecycle :: Main state :: Foreground
09-23 18:24:09.216 19052 19052 V Console : Foreground activity counter :: AtomicIntWrapper :: 12312792 :: 227589169 :: Incremented to: 1
09-23 18:24:09.216 19052 19052 D LifecycleMonitor: Lifecycle status change: com.shareconnect.SettingsActivity@7a3c665 in: RESUMED
09-23 18:24:09.216 19052 19052 V ActivityScenario: Activity lifecycle changed event received but ignored because the intent does not match. startActivityIntent=Intent { act=android.intent.action.MAIN cat=[android.intent.category.LAUNCHER] flg=0x10008000 cmp=com.shareconnect/.MainActivity }, activity.getIntent()=Intent { cmp=com.shareconnect/.SettingsActivity (has extras) }, activity=com.shareconnect.SettingsActivity@7a3c665
09-23 18:24:09.216 19052 19052 V Console : Activity lifecycle :: POST-RESUMED :: SettingsActivity
09-23 18:24:09.217 19052 19146 W Parcel  : Expecting binder but got null!
09-23 18:24:09.229 19052 19146 E OpenGLRenderer: Unable to match the desired swap behavior.
09-23 18:24:09.251   779   868 D EGL_emulation: app_time_stats: avg=603.30ms min=15.69ms max=6438.12ms count=11
09-23 18:24:09.255   488   503 W ziparchive: Unable to open '/data/app/~~V1RMhJ4uRSUintQOLN924A==/com.shareconnect-Mtf-9DBQqrPAhiVsnmCAWA==/base.dm': No such file or directory
09-23 18:24:09.256   488   503 I ActivityTaskManager: Displayed com.shareconnect/.SettingsActivity: +249ms
09-23 18:24:09.264 11811 11811 I GoogleInputMethodService: GoogleInputMethodService.onFinishInput():3227
09-23 18:24:09.265 11811 11811 I GoogleInputMethodService: GoogleInputMethodService.updateDeviceLockedStatus():2087 repeatCheckTimes = 0, unlocked = true
09-23 18:24:09.265 11811 11811 I GoogleInputMethodService: GoogleInputMethodService.onStartInput():1877 onStartInput(EditorInfo{inputType=0x0(NULL) imeOptions=0x0 privateImeOptions=null actionName=UNSPECIFIED actionLabel=null actionId=0 initialSelStart=-1 initialSelEnd=-1 initialCapsMode=0x0 hintText=null label=null packageName=com.shareconnect fieldId=2131231190 fieldName=null extras=null}, false)
09-23 18:24:09.265 11811 11811 I GoogleInputMethodService: GoogleInputMethodService.shouldHideHeaderOnInitialState():4008 ShouldHideHeaderOnInitialState = false
09-23 18:24:09.265 11811 11811 I GoogleInputMethodService: GoogleInputMethodService.updateDeviceLockedStatus():2087 repeatCheckTimes = 2, unlocked = true
09-23 18:24:09.463  1581  2227 I AssistantForeground: (REDACTED) Get launcher package: %s
09-23 18:24:09.468 19052 19052 V Console : Activity lifecycle :: PRE-STOPPED :: MainActivity
09-23 18:24:09.469 19052 19052 V Console : Activity lifecycle :: STOPPED :: MainActivity
09-23 18:24:09.469 19052 19052 D LifecycleMonitor: Lifecycle status change: com.shareconnect.MainActivity@825dcd2 in: STOPPED
09-23 18:24:09.472 19052 19052 V ActivityScenario: Update currentActivityStage to STOPPED, currentActivity=com.shareconnect.MainActivity@825dcd2
09-23 18:24:09.472 19052 19052 V Console : Activity lifecycle :: POST-STOPPED :: MainActivity
09-23 18:24:09.530   998  1945 D OneSearchSuggestProvider: Shut down the binder channel
09-23 18:24:09.537   998  1604 I s.nexuslauncher: oneway function results for code 2 on binder at 0xb400007a3947cec0 will be dropped but finished with status UNKNOWN_TRANSACTION
09-23 18:24:09.584   779   868 D EGL_emulation: app_time_stats: avg=451.65ms min=17.46ms max=5206.71ms count=13
09-23 18:24:09.613   488   776 W InputManager-JNI: Input channel object 'bb38f87 Splash Screen com.shareconnect (client)' was disposed without first being removed with the input manager!
09-23 18:24:09.675 19052 19301 V Console : Foreground activity counter :: AtomicIntWrapper :: 12312792 :: 227589169 :: Value of: 1
09-23 18:24:10.645   779   868 D EGL_emulation: app_time_stats: avg=48.81ms min=1.53ms max=445.10ms count=21
09-23 18:24:10.852 19052 19146 D EGL_emulation: app_time_stats: avg=149.60ms min=0.56ms max=1461.24ms count=10
09-23 18:24:11.817 11307 11307 W ThreadPoolForeg: type=1400 audit(0.0:540): avc: denied { write } for name="traced_producer" dev="tmpfs" ino=647 scontext=u:r:gmscore_app:s0:c512,c768 tcontext=u:object_r:traced_producer_socket:s0 tclass=sock_file permissive=0 app=com.google.android.gms
09-23 18:24:14.310 19052 19052 V Console : Activity lifecycle :: PRE-PAUSED :: SettingsActivity
09-23 18:24:14.311 19052 19052 D Console : Activity lifecycle :: Top activity: SettingsActivity
09-23 18:24:14.313 19052 19052 D FirebaseSessions: App backgrounded on com.shareconnect
09-23 18:24:14.329 19052 19052 V Console : Activity lifecycle :: PAUSED :: SettingsActivity
09-23 18:24:14.331 19052 19052 V Console : Foreground activity counter :: AtomicIntWrapper :: 12312792 :: 227589169 :: Decremented to: 0
09-23 18:24:14.332 19052 19052 D LifecycleMonitor: Lifecycle status change: com.shareconnect.SettingsActivity@7a3c665 in: PAUSED
09-23 18:24:14.332 19052 19052 V ActivityScenario: Activity lifecycle changed event received but ignored because the intent does not match. startActivityIntent=Intent { act=android.intent.action.MAIN cat=[android.intent.category.LAUNCHER] flg=0x10008000 cmp=com.shareconnect/.MainActivity }, activity.getIntent()=Intent { cmp=com.shareconnect/.SettingsActivity (has extras) }, activity=com.shareconnect.SettingsActivity@7a3c665
09-23 18:24:14.343 19052 19052 D LifecycleMonitor: Lifecycle status change: androidx.test.core.app.InstrumentationActivityInvoker$EmptyActivity@d41bf47 in: PRE_ON_CREATE
09-23 18:24:14.343 19052 19052 V ActivityScenario: Activity lifecycle changed event received but ignored because the intent does not match. startActivityIntent=Intent { act=android.intent.action.MAIN cat=[android.intent.category.LAUNCHER] flg=0x10008000 cmp=com.shareconnect/.MainActivity }, activity.getIntent()=Intent { act=android.intent.action.MAIN cat=[android.intent.category.LAUNCHER] flg=0x10000000 cmp=com.shareconnect/androidx.test.core.app.InstrumentationActivityInvoker$EmptyActivity }, activity=androidx.test.core.app.InstrumentationActivityInvoker$EmptyActivity@d41bf47
09-23 18:24:14.348 19052 19052 D LifecycleMonitor: Lifecycle status change: androidx.test.core.app.InstrumentationActivityInvoker$EmptyActivity@d41bf47 in: CREATED
09-23 18:24:14.348 19052 19052 V ActivityScenario: Activity lifecycle changed event received but ignored because the intent does not match. startActivityIntent=Intent { act=android.intent.action.MAIN cat=[android.intent.category.LAUNCHER] flg=0x10008000 cmp=com.shareconnect/.MainActivity }, activity.getIntent()=Intent { act=android.intent.action.MAIN cat=[android.intent.category.LAUNCHER] flg=0x10000000 cmp=com.shareconnect/androidx.test.core.app.InstrumentationActivityInvoker$EmptyActivity }, activity=androidx.test.core.app.InstrumentationActivityInvoker$EmptyActivity@d41bf47
09-23 18:24:14.349 19052 19052 D LifecycleMonitor: Lifecycle status change: androidx.test.core.app.InstrumentationActivityInvoker$EmptyActivity@d41bf47 in: STARTED
09-23 18:24:14.349 19052 19052 V ActivityScenario: Activity lifecycle changed event received but ignored because the intent does not match. startActivityIntent=Intent { act=android.intent.action.MAIN cat=[android.intent.category.LAUNCHER] flg=0x10008000 cmp=com.shareconnect/.MainActivity }, activity.getIntent()=Intent { act=android.intent.action.MAIN cat=[android.intent.category.LAUNCHER] flg=0x10000000 cmp=com.shareconnect/androidx.test.core.app.InstrumentationActivityInvoker$EmptyActivity }, activity=androidx.test.core.app.InstrumentationActivityInvoker$EmptyActivity@d41bf47
09-23 18:24:14.351 19052 19052 D FirebaseSessions: App foregrounded on com.shareconnect
09-23 18:24:14.354 19052 19052 V Console : Activity lifecycle :: RESUMED :: EmptyActivity
09-23 18:24:14.354 19052 19052 V Console : Foreground activity counter :: AtomicIntWrapper :: 12312792 :: 227589169 :: Value of: 0
09-23 18:24:14.354 19052 19052 I Console : Activity lifecycle :: Main state :: Foreground
09-23 18:24:14.354 19052 19052 V Console : Foreground activity counter :: AtomicIntWrapper :: 12312792 :: 227589169 :: Incremented to: 1
09-23 18:24:14.359 19052 19052 D LifecycleMonitor: Lifecycle status change: androidx.test.core.app.InstrumentationActivityInvoker$EmptyActivity@d41bf47 in: RESUMED
09-23 18:24:14.359 19052 19052 V ActivityScenario: Activity lifecycle changed event received but ignored because the intent does not match. startActivityIntent=Intent { act=android.intent.action.MAIN cat=[android.intent.category.LAUNCHER] flg=0x10008000 cmp=com.shareconnect/.MainActivity }, activity.getIntent()=Intent { act=android.intent.action.MAIN cat=[android.intent.category.LAUNCHER] flg=0x10000000 cmp=com.shareconnect/androidx.test.core.app.InstrumentationActivityInvoker$EmptyActivity }, activity=androidx.test.core.app.InstrumentationActivityInvoker$EmptyActivity@d41bf47
09-23 18:24:14.359 19052 19052 V Console : Activity lifecycle :: POST-RESUMED :: EmptyActivity
09-23 18:24:14.363 19052 19146 W Parcel  : Expecting binder but got null!
09-23 18:24:14.393 19052 19146 E OpenGLRenderer: Unable to match the desired swap behavior.
09-23 18:24:14.400   488   503 I ActivityTaskManager: Displayed com.shareconnect/androidx.test.core.app.InstrumentationActivityInvoker$EmptyActivity: +105ms
09-23 18:24:14.407 19052 19052 V Console : Activity lifecycle :: PRE-DESTROYED :: MainActivity
09-23 18:24:14.409 19052 19052 V Console : Activity lifecycle :: DESTROYED :: MainActivity
09-23 18:24:14.410 19052 19052 D LifecycleMonitor: Lifecycle status change: com.shareconnect.MainActivity@825dcd2 in: DESTROYED
09-23 18:24:14.410 19052 19052 V ActivityScenario: Update currentActivityStage to DESTROYED, currentActivity=null
09-23 18:24:14.411 19052 19146 D EGL_emulation: app_time_stats: avg=209.17ms min=7.80ms max=3298.48ms count=17
09-23 18:24:14.411 11307 19133 D AdvertisingIdClient: AdvertisingIdClient already created.
09-23 18:24:14.414   488  4122 W InputManager-JNI: Input channel object 'fb7e04c com.shareconnect/com.shareconnect.MainActivity (client)' was disposed without first being removed with the input manager!
09-23 18:24:14.415 11307 19133 I AdvertisingIdClient: shouldSendLog 1481099
09-23 18:24:14.415 11307 19133 I AdvertisingIdClient: GetInfoInternal elapse 3ms
09-23 18:24:14.416 19052 19052 V Console : Activity lifecycle :: PRE-STOPPED :: SettingsActivity
09-23 18:24:14.417 19052 19052 V Console : Activity lifecycle :: STOPPED :: SettingsActivity
09-23 18:24:14.418 19052 19052 D LifecycleMonitor: Lifecycle status change: com.shareconnect.SettingsActivity@7a3c665 in: STOPPED
09-23 18:24:14.418 19052 19052 V ActivityScenario: Activity lifecycle changed event received but ignored because the intent does not match. startActivityIntent=Intent { act=android.intent.action.MAIN cat=[android.intent.category.LAUNCHER] flg=0x10008000 cmp=com.shareconnect/.MainActivity }, activity.getIntent()=Intent { cmp=com.shareconnect/.SettingsActivity (has extras) }, activity=com.shareconnect.SettingsActivity@7a3c665
09-23 18:24:14.418 19052 19052 V Console : Activity lifecycle :: POST-STOPPED :: SettingsActivity
09-23 18:24:14.430 19052 19129 E TestRunner: failed: testCompleteAppNavigationFlow(com.shareconnect.automation.FullAppFlowAutomationTest)
09-23 18:24:14.431 11811 11811 I GoogleInputMethodService: GoogleInputMethodService.onFinishInput():3227
09-23 18:24:14.431 19052 19129 E TestRunner: ----- begin exception -----
09-23 18:24:14.431 19052 19129 E TestRunner: java.lang.NoClassDefFoundError: Failed resolution of: Lorg/hamcrest/Matchers;
09-23 18:24:14.431 19052 19129 E TestRunner: 	at androidx.test.espresso.matcher.ViewMatchers.withId(ViewMatchers.java:1)
09-23 18:24:14.431 19052 19129 E TestRunner: 	at com.shareconnect.automation.FullAppFlowAutomationTest.testCompleteAppNavigationFlow(FullAppFlowAutomationTest.kt:215)
09-23 18:24:14.431 19052 19129 E TestRunner: 	at java.lang.reflect.Method.invoke(Native Method)
09-23 18:24:14.431 19052 19129 E TestRunner: 	at org.junit.runners.model.FrameworkMethod$1.runReflectiveCall(FrameworkMethod.java:59)
09-23 18:24:14.431 19052 19129 E TestRunner: 	at org.junit.internal.runners.model.ReflectiveCallable.run(ReflectiveCallable.java:12)
09-23 18:24:14.431 19052 19129 E TestRunner: 	at org.junit.runners.model.FrameworkMethod.invokeExplosively(FrameworkMethod.java:56)
09-23 18:24:14.431 19052 19129 E TestRunner: 	at org.junit.internal.runners.statements.InvokeMethod.evaluate(InvokeMethod.java:17)
09-23 18:24:14.431 19052 19129 E TestRunner: 	at androidx.test.internal.runner.junit4.statement.RunBefores.evaluate(RunBefores.java:80)
09-23 18:24:14.431 19052 19129 E TestRunner: 	at androidx.test.internal.runner.junit4.statement.RunAfters.evaluate(RunAfters.java:61)
09-23 18:24:14.431 19052 19129 E TestRunner: 	at org.junit.runners.ParentRunner$3.evaluate(ParentRunner.java:306)
09-23 18:24:14.431 19052 19129 E TestRunner: 	at org.junit.runners.BlockJUnit4ClassRunner$1.evaluate(BlockJUnit4ClassRunner.java:100)
09-23 18:24:14.431 19052 19129 E TestRunner: 	at org.junit.runners.ParentRunner.runLeaf(ParentRunner.java:366)
09-23 18:24:14.431 19052 19129 E TestRunner: 	at org.junit.runners.BlockJUnit4ClassRunner.runChild(BlockJUnit4ClassRunner.java:103)
09-23 18:24:14.431 19052 19129 E TestRunner: 	at org.junit.runners.BlockJUnit4ClassRunner.runChild(BlockJUnit4ClassRunner.java:63)
09-23 18:24:14.431 19052 19129 E TestRunner: 	at org.junit.runners.ParentRunner$4.run(ParentRunner.java:331)
09-23 18:24:14.431 19052 19129 E TestRunner: 	at org.junit.runners.ParentRunner$1.schedule(ParentRunner.java:79)
09-23 18:24:14.431 19052 19129 E TestRunner: 	at org.junit.runners.ParentRunner.runChildren(ParentRunner.java:329)
09-23 18:24:14.431 19052 19129 E TestRunner: 	at org.junit.runners.ParentRunner.access$100(ParentRunner.java:66)
09-23 18:24:14.431 19052 19129 E TestRunner: 	at org.junit.runners.ParentRunner$2.evaluate(ParentRunner.java:293)
09-23 18:24:14.431 19052 19129 E TestRunner: 	at org.junit.runners.ParentRunner$3.evaluate(ParentRunner.java:306)
09-23 18:24:14.431 19052 19129 E TestRunner: 	at org.junit.runners.ParentRunner.run(ParentRunner.java:413)
09-23 18:24:14.431 19052 19129 E TestRunner: 	at androidx.test.ext.junit.runners.AndroidJUnit4.run(AndroidJUnit4.java:162)
09-23 18:24:14.431 19052 19129 E TestRunner: 	at org.junit.runners.Suite.runChild(Suite.java:128)
09-23 18:24:14.431 19052 19129 E TestRunner: 	at org.junit.runners.Suite.runChild(Suite.java:27)
09-23 18:24:14.431 19052 19129 E TestRunner: 	at org.junit.runners.ParentRunner$4.run(ParentRunner.java:331)
09-23 18:24:14.431 19052 19129 E TestRunner: 	at org.junit.runners.ParentRunner$1.schedule(ParentRunner.java:79)
09-23 18:24:14.431 19052 19129 E TestRunner: 	at org.junit.runners.ParentRunner.runChildren(ParentRunner.java:329)
09-23 18:24:14.431 19052 19129 E TestRunner: 	at org.junit.runners.ParentRunner.access$100(ParentRunner.java:66)
09-23 18:24:14.431 19052 19129 E TestRunner: 	at org.junit.runners.ParentRunner$2.evaluate(ParentRunner.java:293)
09-23 18:24:14.431 19052 19129 E TestRunner: 	at org.junit.runners.ParentRunner$3.evaluate(ParentRunner.java:306)
09-23 18:24:14.431 19052 19129 E TestRunner: 	at org.junit.runners.ParentRunner.run(ParentRunner.java:413)
09-23 18:24:14.431 19052 19129 E TestRunner: 	at org.junit.runners.Suite.runChild(Suite.java:128)
09-23 18:24:14.431 19052 19129 E TestRunner: 	at org.junit.runners.Suite.runChild(Suite.java:27)
09-23 18:24:14.431 19052 19129 E TestRunner: 	at org.junit.runners.ParentRunner$4.run(ParentRunner.java:331)
09-23 18:24:14.431 19052 19129 E TestRunner: 	at org.junit.runners.ParentRunner$1.schedule(ParentRunner.java:79)
09-23 18:24:14.431 19052 19129 E TestRunner: 	at org.junit.runners.ParentRunner.runChildren(ParentRunner.java:329)
09-23 18:24:14.431 19052 19129 E TestRunner: 	at org.junit.runners.ParentRunner.access$100(ParentRunner.java:66)
09-23 18:24:14.431 19052 19129 E TestRunner: 	at org.junit.runners.ParentRunner$2.evaluate(ParentRunner.java:293)
09-23 18:24:14.431 19052 19129 E TestRunner: 	at org.junit.runners.ParentRunner$3.evaluate(ParentRunner.java:306)
09-23 18:24:14.431 19052 19129 E TestRunner: 	at org.junit.runners.ParentRunner.run(ParentRunner.java:413)
09-23 18:24:14.431 19052 19129 E TestRunner: 	at org.junit.runner.JUnitCore.run(JUnitCore.java:137)
09-23 18:24:14.431 19052 19129 E TestRunner: 	at org.junit.runner.JUnitCore.run(JUnitCore.java:115)
09-23 18:24:14.431 19052 19129 E TestRunner: 	at androidx.test.internal.runner.TestExecutor.execute(TestExecutor.java:68)
09-23 18:24:14.431 19052 19129 E TestRunner: 	at androidx.test.internal.runner.TestExecutor.execute(TestExecutor.java:59)
09-23 18:24:14.431 19052 19129 E TestRunner: 	at androidx.test.runner.AndroidJUnitRunner.onStart(AndroidJUnitRunner.java:463)
09-23 18:24:14.431 19052 19129 E TestRunner: 	at android.app.Instrumentation$InstrumentationThread.run(Instrumentation.java:2361)
09-23 18:24:14.431 19052 19129 E TestRunner: Caused by: java.lang.ClassNotFoundException: Didn't find class "org.hamcrest.Matchers" on path: DexPathList[[zip file "/system/framework/android.test.runner.jar", zip file "/system/framework/android.test.mock.jar", zip file "/system/framework/android.test.base.jar", zip file "/data/app/~~9eIeSJpGNwuKEpS6UddecA==/com.shareconnect.test-GmDo4qJJgaAObNT6V__lHw==/base.apk", zip file "/data/app/~~V1RMhJ4uRSUintQOLN924A==/com.shareconnect-Mtf-9DBQqrPAhiVsnmCAWA==/base.apk"],nativeLibraryDirectories=[/data/app/~~9eIeSJpGNwuKEpS6UddecA==/com.shareconnect.test-GmDo4qJJgaAObNT6V__lHw==/lib/arm64, /data/app/~~V1RMhJ4uRSUintQOLN924A==/com.shareconnect-Mtf-9DBQqrPAhiVsnmCAWA==/lib/arm64, /data/app/~~9eIeSJpGNwuKEpS6UddecA==/com.shareconnect.test-GmDo4qJJgaAObNT6V__lHw==/base.apk!/lib/arm64-v8a, /data/app/~~V1RMhJ4uRSUintQOLN924A==/com.shareconnect-Mtf-9DBQqrPAhiVsnmCAWA==/base.apk!/lib/arm64-v8a, /system/lib64, /system_ext/lib64]]
09-23 18:24:14.431 19052 19129 E TestRunner: 	at dalvik.system.BaseDexClassLoader.findClass(BaseDexClassLoader.java:259)
09-23 18:24:14.431 19052 19129 E TestRunner: 	at java.lang.ClassLoader.loadClass(ClassLoader.java:379)
09-23 18:24:14.431 19052 19129 E TestRunner: 	at java.lang.ClassLoader.loadClass(ClassLoader.java:312)
09-23 18:24:14.431 19052 19129 E TestRunner: 	... 46 more
09-23 18:24:14.431 19052 19129 E TestRunner: ----- end exception -----
09-23 18:24:14.432 19052 19129 I TestRunner: finished: testCompleteAppNavigationFlow(com.shareconnect.automation.FullAppFlowAutomationTest)
