09-23 18:24:15.533 19052 19129 I TestRunner: started: testAccessibilityLabels(com.shareconnect.automation.AccessibilityAutomationTest)
09-23 18:24:15.539 19052 19052 D LifecycleMonitor: Lifecycle status change: androidx.test.core.app.InstrumentationActivityInvoker$EmptyActivity@d41bf47 in: DESTROYED
09-23 18:24:15.545 19052 19129 W Settings: Setting always_finish_activities has moved from android.provider.Settings.System to android.provider.Settings.Global, returning read-only value.
09-23 18:24:15.549   488  2247 W InputManager-JNI: Input channel object '40e4599 com.shareconnect/androidx.test.core.app.InstrumentationActivityInvoker$EmptyActivity (client)' was disposed without first being removed with the input manager!
09-23 18:24:15.609   779   868 W Parcel  : Expecting binder but got null!
09-23 18:24:15.871  1581  1581 I GsaVoiceInteractionSrv: Handling ACTION_STOP_HOTWORD
09-23 18:24:15.881  1581  2154 I HwDetectorWithState: (REDACTED) a: %d
09-23 18:24:15.884 19052 19052 D LifecycleMonitor: Lifecycle status change: com.shareconnect.MainActivity@2022893 in: PRE_ON_CREATE
09-23 18:24:15.884 19052 19052 V ActivityScenario: Activity lifecycle changed event received but ignored because the reported transition was not ON_CREATE while the last known transition was PRE_ON_CREATE
09-23 18:24:15.887 19052 19052 D Console : getDefaultTheme() returned: Warm Orange Light (ID: 1, isDefault: true)
09-23 18:24:15.887 19052 19052 D Console : getDefaultTheme() returned: Warm Orange Light (ID: 1, isDefault: true)
09-23 18:24:15.887 19052 19052 D Console : Applying theme: Warm Orange Light, colorScheme: warm_orange, isDarkMode: false, currentTheme: WARM_ORANGE_LIGHT
09-23 18:24:15.887 19052 19052 D Console : Activity MainActivity usesToolbar: true
09-23 18:24:15.888 19052 19052 D Console : Setting night mode to NO
09-23 18:24:15.890   779   868 E OpenGLRenderer: Unable to match the desired swap behavior.
09-23 18:24:15.914   998  1661 D EGL_emulation: app_time_stats: avg=17.30ms min=1.09ms max=484.79ms count=40
09-23 18:24:15.922 19052 19052 D LifecycleMonitor: Lifecycle status change: com.shareconnect.MainActivity@2022893 in: CREATED
09-23 18:24:15.922 19052 19052 V ActivityScenario: Update currentActivityStage to CREATED, currentActivity=com.shareconnect.MainActivity@2022893
09-23 18:24:15.922 19052 19052 D LifecycleMonitor: Lifecycle status change: com.shareconnect.MainActivity@2022893 in: STARTED
09-23 18:24:15.922 19052 19052 V ActivityScenario: Update currentActivityStage to STARTED, currentActivity=com.shareconnect.MainActivity@2022893
09-23 18:24:15.923 19052 19052 D FirebaseSessions: App foregrounded on com.shareconnect
09-23 18:24:15.925 19052 19052 V Console : Activity lifecycle :: RESUMED :: MainActivity
09-23 18:24:15.925 19052 19052 V Console : Foreground activity counter :: AtomicIntWrapper :: 12312792 :: 227589169 :: Value of: 0
09-23 18:24:15.925 19052 19052 I Console : Activity lifecycle :: Main state :: Foreground
09-23 18:24:15.925 19052 19052 V Console : Foreground activity counter :: AtomicIntWrapper :: 12312792 :: 227589169 :: Incremented to: 1
09-23 18:24:15.926 19052 19052 D Console : hasThemeChanged() returned: false
09-23 18:24:15.926 19052 19052 D Console : onResume() called, themeChanged: false
09-23 18:24:15.926 19052 19052 D LifecycleMonitor: Lifecycle status change: com.shareconnect.MainActivity@2022893 in: RESUMED
09-23 18:24:15.926 19052 19052 V ActivityScenario: Update currentActivityStage to RESUMED, currentActivity=com.shareconnect.MainActivity@2022893
09-23 18:24:15.926 19052 19052 V Console : Activity lifecycle :: POST-RESUMED :: MainActivity
09-23 18:24:15.928 19052 19146 W Parcel  : Expecting binder but got null!
09-23 18:24:15.931 19052 19052 V Console : Activity lifecycle :: PRE-PAUSED :: MainActivity
09-23 18:24:15.932 19052 19052 D Console : Activity lifecycle :: Top activity: MainActivity
09-23 18:24:15.932 19052 19052 D FirebaseSessions: App backgrounded on com.shareconnect
09-23 18:24:15.933 19052 19052 V Console : Activity lifecycle :: PAUSED :: MainActivity
09-23 18:24:15.934 19052 19052 V Console : Foreground activity counter :: AtomicIntWrapper :: 12312792 :: 227589169 :: Decremented to: 0
09-23 18:24:15.934 19052 19052 D LifecycleMonitor: Lifecycle status change: com.shareconnect.MainActivity@2022893 in: PAUSED
09-23 18:24:15.934 19052 19052 V ActivityScenario: Update currentActivityStage to PAUSED, currentActivity=com.shareconnect.MainActivity@2022893
09-23 18:24:15.955 19052 19146 E OpenGLRenderer: Unable to match the desired swap behavior.
09-23 18:24:15.966 19052 19052 D LifecycleMonitor: Lifecycle status change: com.shareconnect.SettingsActivity@39d4e8d in: PRE_ON_CREATE
09-23 18:24:15.966 19052 19052 V ActivityScenario: Activity lifecycle changed event received but ignored because the intent does not match. startActivityIntent=Intent { act=android.intent.action.MAIN cat=[android.intent.category.LAUNCHER] flg=0x10008000 cmp=com.shareconnect/.MainActivity }, activity.getIntent()=Intent { cmp=com.shareconnect/.SettingsActivity (has extras) }, activity=com.shareconnect.SettingsActivity@39d4e8d
09-23 18:24:15.966 19052 19052 D Console : getDefaultTheme() returned: Warm Orange Light (ID: 1, isDefault: true)
09-23 18:24:15.966 19052 19052 D Console : getDefaultTheme() returned: Warm Orange Light (ID: 1, isDefault: true)
09-23 18:24:15.966 19052 19052 D Console : Applying theme: Warm Orange Light, colorScheme: warm_orange, isDarkMode: false, currentTheme: WARM_ORANGE_LIGHT
09-23 18:24:15.966 19052 19052 D Console : Activity SettingsActivity usesToolbar: true
09-23 18:24:15.967 19052 19052 D Console : Setting night mode to NO
09-23 18:24:15.970 19052 19052 D LifecycleMonitor: Lifecycle status change: com.shareconnect.SettingsActivity@39d4e8d in: CREATED
09-23 18:24:15.970 19052 19052 V ActivityScenario: Activity lifecycle changed event received but ignored because the intent does not match. startActivityIntent=Intent { act=android.intent.action.MAIN cat=[android.intent.category.LAUNCHER] flg=0x10008000 cmp=com.shareconnect/.MainActivity }, activity.getIntent()=Intent { cmp=com.shareconnect/.SettingsActivity (has extras) }, activity=com.shareconnect.SettingsActivity@39d4e8d
09-23 18:24:15.973 19052 19052 D LifecycleMonitor: Lifecycle status change: com.shareconnect.SettingsActivity@39d4e8d in: STARTED
09-23 18:24:15.974 19052 19052 V ActivityScenario: Activity lifecycle changed event received but ignored because the intent does not match. startActivityIntent=Intent { act=android.intent.action.MAIN cat=[android.intent.category.LAUNCHER] flg=0x10008000 cmp=com.shareconnect/.MainActivity }, activity.getIntent()=Intent { cmp=com.shareconnect/.SettingsActivity (has extras) }, activity=com.shareconnect.SettingsActivity@39d4e8d
09-23 18:24:15.974 19052 19052 D FirebaseSessions: App foregrounded on com.shareconnect
09-23 18:24:15.977 19052 19052 V Console : Activity lifecycle :: RESUMED :: SettingsActivity
09-23 18:24:15.977 19052 19052 V Console : Foreground activity counter :: AtomicIntWrapper :: 12312792 :: 227589169 :: Value of: 0
09-23 18:24:15.977 19052 19052 I Console : Activity lifecycle :: Main state :: Foreground
09-23 18:24:15.977 19052 19052 V Console : Foreground activity counter :: AtomicIntWrapper :: 12312792 :: 227589169 :: Incremented to: 1
09-23 18:24:15.977 19052 19052 D LifecycleMonitor: Lifecycle status change: com.shareconnect.SettingsActivity@39d4e8d in: RESUMED
09-23 18:24:15.977 19052 19052 V ActivityScenario: Activity lifecycle changed event received but ignored because the intent does not match. startActivityIntent=Intent { act=android.intent.action.MAIN cat=[android.intent.category.LAUNCHER] flg=0x10008000 cmp=com.shareconnect/.MainActivity }, activity.getIntent()=Intent { cmp=com.shareconnect/.SettingsActivity (has extras) }, activity=com.shareconnect.SettingsActivity@39d4e8d
09-23 18:24:15.978 19052 19052 V Console : Activity lifecycle :: POST-RESUMED :: SettingsActivity
09-23 18:24:15.979 19052 19146 W Parcel  : Expecting binder but got null!
09-23 18:24:15.996 19052 19146 E OpenGLRenderer: Unable to match the desired swap behavior.
09-23 18:24:16.007   488   503 W ziparchive: Unable to open '/data/app/~~V1RMhJ4uRSUintQOLN924A==/com.shareconnect-Mtf-9DBQqrPAhiVsnmCAWA==/base.dm': No such file or directory
09-23 18:24:16.007   488   503 I ActivityTaskManager: Displayed com.shareconnect/.SettingsActivity: +438ms
09-23 18:24:16.017   779   868 D EGL_emulation: app_time_stats: avg=563.83ms min=10.92ms max=6589.55ms count=12
09-23 18:24:16.029 11811 11811 I GoogleInputMethodService: GoogleInputMethodService.onFinishInput():3227
09-23 18:24:16.030 11811 11811 I GoogleInputMethodService: GoogleInputMethodService.updateDeviceLockedStatus():2087 repeatCheckTimes = 0, unlocked = true
09-23 18:24:16.030 11811 11811 I GoogleInputMethodService: GoogleInputMethodService.onStartInput():1877 onStartInput(EditorInfo{inputType=0x0(NULL) imeOptions=0x0 privateImeOptions=null actionName=UNSPECIFIED actionLabel=null actionId=0 initialSelStart=-1 initialSelEnd=-1 initialCapsMode=0x0 hintText=null label=null packageName=com.shareconnect fieldId=2131231190 fieldName=null extras=null}, false)
09-23 18:24:16.030 11811 11811 I GoogleInputMethodService: GoogleInputMethodService.shouldHideHeaderOnInitialState():4008 ShouldHideHeaderOnInitialState = false
09-23 18:24:16.030 11811 11811 I GoogleInputMethodService: GoogleInputMethodService.updateDeviceLockedStatus():2087 repeatCheckTimes = 2, unlocked = true
09-23 18:24:16.198  1581  2227 I AssistantForeground: (REDACTED) Get launcher package: %s
09-23 18:24:16.215 19052 19052 V Console : Activity lifecycle :: PRE-STOPPED :: MainActivity
09-23 18:24:16.215   998  1945 D OneSearchSuggestProvider: Shut down the binder channel
09-23 18:24:16.216   998  1150 I s.nexuslauncher: oneway function results for code 2 on binder at 0xb400007a3948fb50 will be dropped but finished with status UNKNOWN_TRANSACTION
09-23 18:24:16.216 19052 19052 V Console : Activity lifecycle :: STOPPED :: MainActivity
09-23 18:24:16.217 19052 19052 D LifecycleMonitor: Lifecycle status change: com.shareconnect.MainActivity@2022893 in: STOPPED
09-23 18:24:16.217 19052 19052 V ActivityScenario: Update currentActivityStage to STOPPED, currentActivity=com.shareconnect.MainActivity@2022893
09-23 18:24:16.217 19052 19052 V Console : Activity lifecycle :: POST-STOPPED :: MainActivity
09-23 18:24:16.246   779   868 D EGL_emulation: app_time_stats: avg=1400.08ms min=66.88ms max=5269.84ms count=4
09-23 18:24:16.294   488  2254 W InputManager-JNI: Input channel object '591499c Splash Screen com.shareconnect (client)' was disposed without first being removed with the input manager!
09-23 18:24:16.435 19052 19331 V Console : Foreground activity counter :: AtomicIntWrapper :: 12312792 :: 227589169 :: Value of: 1
09-23 18:24:16.445 12330 12330 W ThreadPoolForeg: type=1400 audit(0.0:541): avc: denied { write } for name="traced_producer" dev="tmpfs" ino=647 scontext=u:r:gmscore_app:s0:c512,c768 tcontext=u:object_r:traced_producer_socket:s0 tclass=sock_file permissive=0 app=com.google.android.gms
09-23 18:24:17.274   779   868 D EGL_emulation: app_time_stats: avg=36.64ms min=11.73ms max=116.13ms count=28
09-23 18:24:17.617 19052 19146 D EGL_emulation: app_time_stats: avg=161.21ms min=7.01ms max=1473.10ms count=10
09-23 18:24:21.082 19052 19052 V Console : Activity lifecycle :: PRE-PAUSED :: SettingsActivity
09-23 18:24:21.083 19052 19052 D Console : Activity lifecycle :: Top activity: SettingsActivity
09-23 18:24:21.088 19052 19052 D FirebaseSessions: App backgrounded on com.shareconnect
09-23 18:24:21.097 19052 19052 V Console : Activity lifecycle :: PAUSED :: SettingsActivity
09-23 18:24:21.100 19052 19052 V Console : Foreground activity counter :: AtomicIntWrapper :: 12312792 :: 227589169 :: Decremented to: 0
09-23 18:24:21.100 19052 19052 D LifecycleMonitor: Lifecycle status change: com.shareconnect.SettingsActivity@39d4e8d in: PAUSED
09-23 18:24:21.101 19052 19052 V ActivityScenario: Activity lifecycle changed event received but ignored because the intent does not match. startActivityIntent=Intent { act=android.intent.action.MAIN cat=[android.intent.category.LAUNCHER] flg=0x10008000 cmp=com.shareconnect/.MainActivity }, activity.getIntent()=Intent { cmp=com.shareconnect/.SettingsActivity (has extras) }, activity=com.shareconnect.SettingsActivity@39d4e8d
09-23 18:24:21.172 19052 19052 D LifecycleMonitor: Lifecycle status change: androidx.test.core.app.InstrumentationActivityInvoker$EmptyActivity@1c275c5 in: PRE_ON_CREATE
09-23 18:24:21.172 19052 19052 V ActivityScenario: Activity lifecycle changed event received but ignored because the intent does not match. startActivityIntent=Intent { act=android.intent.action.MAIN cat=[android.intent.category.LAUNCHER] flg=0x10008000 cmp=com.shareconnect/.MainActivity }, activity.getIntent()=Intent { act=android.intent.action.MAIN cat=[android.intent.category.LAUNCHER] flg=0x10000000 cmp=com.shareconnect/androidx.test.core.app.InstrumentationActivityInvoker$EmptyActivity }, activity=androidx.test.core.app.InstrumentationActivityInvoker$EmptyActivity@1c275c5
09-23 18:24:21.179 19052 19052 D LifecycleMonitor: Lifecycle status change: androidx.test.core.app.InstrumentationActivityInvoker$EmptyActivity@1c275c5 in: CREATED
09-23 18:24:21.179 19052 19052 V ActivityScenario: Activity lifecycle changed event received but ignored because the intent does not match. startActivityIntent=Intent { act=android.intent.action.MAIN cat=[android.intent.category.LAUNCHER] flg=0x10008000 cmp=com.shareconnect/.MainActivity }, activity.getIntent()=Intent { act=android.intent.action.MAIN cat=[android.intent.category.LAUNCHER] flg=0x10000000 cmp=com.shareconnect/androidx.test.core.app.InstrumentationActivityInvoker$EmptyActivity }, activity=androidx.test.core.app.InstrumentationActivityInvoker$EmptyActivity@1c275c5
09-23 18:24:21.180 19052 19052 D LifecycleMonitor: Lifecycle status change: androidx.test.core.app.InstrumentationActivityInvoker$EmptyActivity@1c275c5 in: STARTED
09-23 18:24:21.180 19052 19052 V ActivityScenario: Activity lifecycle changed event received but ignored because the intent does not match. startActivityIntent=Intent { act=android.intent.action.MAIN cat=[android.intent.category.LAUNCHER] flg=0x10008000 cmp=com.shareconnect/.MainActivity }, activity.getIntent()=Intent { act=android.intent.action.MAIN cat=[android.intent.category.LAUNCHER] flg=0x10000000 cmp=com.shareconnect/androidx.test.core.app.InstrumentationActivityInvoker$EmptyActivity }, activity=androidx.test.core.app.InstrumentationActivityInvoker$EmptyActivity@1c275c5
09-23 18:24:21.181 19052 19052 D FirebaseSessions: App foregrounded on com.shareconnect
09-23 18:24:21.182 19052 19052 V Console : Activity lifecycle :: RESUMED :: EmptyActivity
09-23 18:24:21.182 19052 19052 V Console : Foreground activity counter :: AtomicIntWrapper :: 12312792 :: 227589169 :: Value of: 0
09-23 18:24:21.182 19052 19052 I Console : Activity lifecycle :: Main state :: Foreground
09-23 18:24:21.183 19052 19052 V Console : Foreground activity counter :: AtomicIntWrapper :: 12312792 :: 227589169 :: Incremented to: 1
09-23 18:24:21.183 19052 19052 D LifecycleMonitor: Lifecycle status change: androidx.test.core.app.InstrumentationActivityInvoker$EmptyActivity@1c275c5 in: RESUMED
09-23 18:24:21.183 19052 19052 V ActivityScenario: Activity lifecycle changed event received but ignored because the intent does not match. startActivityIntent=Intent { act=android.intent.action.MAIN cat=[android.intent.category.LAUNCHER] flg=0x10008000 cmp=com.shareconnect/.MainActivity }, activity.getIntent()=Intent { act=android.intent.action.MAIN cat=[android.intent.category.LAUNCHER] flg=0x10000000 cmp=com.shareconnect/androidx.test.core.app.InstrumentationActivityInvoker$EmptyActivity }, activity=androidx.test.core.app.InstrumentationActivityInvoker$EmptyActivity@1c275c5
09-23 18:24:21.183 19052 19052 V Console : Activity lifecycle :: POST-RESUMED :: EmptyActivity
09-23 18:24:21.184 19052 19146 W Parcel  : Expecting binder but got null!
09-23 18:24:21.208 19052 19146 E OpenGLRenderer: Unable to match the desired swap behavior.
09-23 18:24:21.216   488   503 I ActivityTaskManager: Displayed com.shareconnect/androidx.test.core.app.InstrumentationActivityInvoker$EmptyActivity: +167ms
09-23 18:24:21.228 19052 19052 V Console : Activity lifecycle :: PRE-STOPPED :: SettingsActivity
09-23 18:24:21.229 19052 19052 V Console : Activity lifecycle :: STOPPED :: SettingsActivity
09-23 18:24:21.229 19052 19052 D LifecycleMonitor: Lifecycle status change: com.shareconnect.SettingsActivity@39d4e8d in: STOPPED
09-23 18:24:21.229 19052 19052 V ActivityScenario: Activity lifecycle changed event received but ignored because the intent does not match. startActivityIntent=Intent { act=android.intent.action.MAIN cat=[android.intent.category.LAUNCHER] flg=0x10008000 cmp=com.shareconnect/.MainActivity }, activity.getIntent()=Intent { cmp=com.shareconnect/.SettingsActivity (has extras) }, activity=com.shareconnect.SettingsActivity@39d4e8d
09-23 18:24:21.229 19052 19052 V Console : Activity lifecycle :: POST-STOPPED :: SettingsActivity
09-23 18:24:21.231 11811 11811 I GoogleInputMethodService: GoogleInputMethodService.onFinishInput():3227
09-23 18:24:21.231 19052 19052 V Console : Activity lifecycle :: PRE-DESTROYED :: MainActivity
09-23 18:24:21.231 19052 19052 V Console : Activity lifecycle :: DESTROYED :: MainActivity
09-23 18:24:21.231 11811 11811 I GoogleInputMethodService: GoogleInputMethodService.updateDeviceLockedStatus():2087 repeatCheckTimes = 0, unlocked = true
09-23 18:24:21.231 11811 11811 I GoogleInputMethodService: GoogleInputMethodService.onStartInput():1877 onStartInput(EditorInfo{inputType=0x0(NULL) imeOptions=0x0 privateImeOptions=null actionName=UNSPECIFIED actionLabel=null actionId=0 initialSelStart=-1 initialSelEnd=-1 initialCapsMode=0x0 hintText=null label=null packageName=com.shareconnect fieldId=-1 fieldName=null extras=null}, false)
09-23 18:24:21.231 11811 11811 I GoogleInputMethodService: GoogleInputMethodService.shouldHideHeaderOnInitialState():4008 ShouldHideHeaderOnInitialState = false
09-23 18:24:21.231 19052 19052 D LifecycleMonitor: Lifecycle status change: com.shareconnect.MainActivity@2022893 in: DESTROYED
09-23 18:24:21.231 19052 19052 V ActivityScenario: Update currentActivityStage to DESTROYED, currentActivity=null
09-23 18:24:21.232 11811 11811 I GoogleInputMethodService: GoogleInputMethodService.updateDeviceLockedStatus():2087 repeatCheckTimes = 2, unlocked = true
09-23 18:24:21.233   488   591 W InputManager-JNI: Input channel object 'd3f2c15 com.shareconnect/com.shareconnect.MainActivity (client)' was disposed without first being removed with the input manager!
09-23 18:24:21.243 19052 19129 E TestRunner: failed: testAccessibilityLabels(com.shareconnect.automation.AccessibilityAutomationTest)
09-23 18:24:21.243 19052 19129 E TestRunner: ----- begin exception -----
09-23 18:24:21.243 19052 19129 E TestRunner: java.lang.NoClassDefFoundError: Failed resolution of: Lorg/hamcrest/Matchers;
09-23 18:24:21.243 19052 19129 E TestRunner: 	at androidx.test.espresso.matcher.ViewMatchers.withId(ViewMatchers.java:1)
09-23 18:24:21.243 19052 19129 E TestRunner: 	at com.shareconnect.automation.AccessibilityAutomationTest.testAccessibilityLabels(AccessibilityAutomationTest.kt:35)
09-23 18:24:21.243 19052 19129 E TestRunner: 	at java.lang.reflect.Method.invoke(Native Method)
09-23 18:24:21.243 19052 19129 E TestRunner: 	at org.junit.runners.model.FrameworkMethod$1.runReflectiveCall(FrameworkMethod.java:59)
09-23 18:24:21.243 19052 19129 E TestRunner: 	at org.junit.internal.runners.model.ReflectiveCallable.run(ReflectiveCallable.java:12)
09-23 18:24:21.243 19052 19129 E TestRunner: 	at org.junit.runners.model.FrameworkMethod.invokeExplosively(FrameworkMethod.java:56)
09-23 18:24:21.243 19052 19129 E TestRunner: 	at org.junit.internal.runners.statements.InvokeMethod.evaluate(InvokeMethod.java:17)
09-23 18:24:21.243 19052 19129 E TestRunner: 	at androidx.test.internal.runner.junit4.statement.RunBefores.evaluate(RunBefores.java:80)
09-23 18:24:21.243 19052 19129 E TestRunner: 	at androidx.test.internal.runner.junit4.statement.RunAfters.evaluate(RunAfters.java:61)
09-23 18:24:21.243 19052 19129 E TestRunner: 	at org.junit.runners.ParentRunner$3.evaluate(ParentRunner.java:306)
09-23 18:24:21.243 19052 19129 E TestRunner: 	at org.junit.runners.BlockJUnit4ClassRunner$1.evaluate(BlockJUnit4ClassRunner.java:100)
09-23 18:24:21.243 19052 19129 E TestRunner: 	at org.junit.runners.ParentRunner.runLeaf(ParentRunner.java:366)
09-23 18:24:21.243 19052 19129 E TestRunner: 	at org.junit.runners.BlockJUnit4ClassRunner.runChild(BlockJUnit4ClassRunner.java:103)
09-23 18:24:21.243 19052 19129 E TestRunner: 	at org.junit.runners.BlockJUnit4ClassRunner.runChild(BlockJUnit4ClassRunner.java:63)
09-23 18:24:21.243 19052 19129 E TestRunner: 	at org.junit.runners.ParentRunner$4.run(ParentRunner.java:331)
09-23 18:24:21.243 19052 19129 E TestRunner: 	at org.junit.runners.ParentRunner$1.schedule(ParentRunner.java:79)
09-23 18:24:21.243 19052 19129 E TestRunner: 	at org.junit.runners.ParentRunner.runChildren(ParentRunner.java:329)
09-23 18:24:21.243 19052 19129 E TestRunner: 	at org.junit.runners.ParentRunner.access$100(ParentRunner.java:66)
09-23 18:24:21.243 19052 19129 E TestRunner: 	at org.junit.runners.ParentRunner$2.evaluate(ParentRunner.java:293)
09-23 18:24:21.243 19052 19129 E TestRunner: 	at org.junit.runners.ParentRunner$3.evaluate(ParentRunner.java:306)
09-23 18:24:21.243 19052 19129 E TestRunner: 	at org.junit.runners.ParentRunner.run(ParentRunner.java:413)
09-23 18:24:21.243 19052 19129 E TestRunner: 	at androidx.test.ext.junit.runners.AndroidJUnit4.run(AndroidJUnit4.java:162)
09-23 18:24:21.243 19052 19129 E TestRunner: 	at org.junit.runners.Suite.runChild(Suite.java:128)
09-23 18:24:21.243 19052 19129 E TestRunner: 	at org.junit.runners.Suite.runChild(Suite.java:27)
09-23 18:24:21.243 19052 19129 E TestRunner: 	at org.junit.runners.ParentRunner$4.run(ParentRunner.java:331)
09-23 18:24:21.243 19052 19129 E TestRunner: 	at org.junit.runners.ParentRunner$1.schedule(ParentRunner.java:79)
09-23 18:24:21.243 19052 19129 E TestRunner: 	at org.junit.runners.ParentRunner.runChildren(ParentRunner.java:329)
09-23 18:24:21.243 19052 19129 E TestRunner: 	at org.junit.runners.ParentRunner.access$100(ParentRunner.java:66)
09-23 18:24:21.243 19052 19129 E TestRunner: 	at org.junit.runners.ParentRunner$2.evaluate(ParentRunner.java:293)
09-23 18:24:21.243 19052 19129 E TestRunner: 	at org.junit.runners.ParentRunner$3.evaluate(ParentRunner.java:306)
09-23 18:24:21.243 19052 19129 E TestRunner: 	at org.junit.runners.ParentRunner.run(ParentRunner.java:413)
09-23 18:24:21.243 19052 19129 E TestRunner: 	at org.junit.runners.Suite.runChild(Suite.java:128)
09-23 18:24:21.243 19052 19129 E TestRunner: 	at org.junit.runners.Suite.runChild(Suite.java:27)
09-23 18:24:21.243 19052 19129 E TestRunner: 	at org.junit.runners.ParentRunner$4.run(ParentRunner.java:331)
09-23 18:24:21.243 19052 19129 E TestRunner: 	at org.junit.runners.ParentRunner$1.schedule(ParentRunner.java:79)
09-23 18:24:21.243 19052 19129 E TestRunner: 	at org.junit.runners.ParentRunner.runChildren(ParentRunner.java:329)
09-23 18:24:21.243 19052 19129 E TestRunner: 	at org.junit.runners.ParentRunner.access$100(ParentRunner.java:66)
09-23 18:24:21.243 19052 19129 E TestRunner: 	at org.junit.runners.ParentRunner$2.evaluate(ParentRunner.java:293)
09-23 18:24:21.243 19052 19129 E TestRunner: 	at org.junit.runners.ParentRunner$3.evaluate(ParentRunner.java:306)
09-23 18:24:21.243 19052 19129 E TestRunner: 	at org.junit.runners.ParentRunner.run(ParentRunner.java:413)
09-23 18:24:21.243 19052 19129 E TestRunner: 	at org.junit.runner.JUnitCore.run(JUnitCore.java:137)
09-23 18:24:21.243 19052 19129 E TestRunner: 	at org.junit.runner.JUnitCore.run(JUnitCore.java:115)
09-23 18:24:21.243 19052 19129 E TestRunner: 	at androidx.test.internal.runner.TestExecutor.execute(TestExecutor.java:68)
09-23 18:24:21.243 19052 19129 E TestRunner: 	at androidx.test.internal.runner.TestExecutor.execute(TestExecutor.java:59)
09-23 18:24:21.243 19052 19129 E TestRunner: 	at androidx.test.runner.AndroidJUnitRunner.onStart(AndroidJUnitRunner.java:463)
09-23 18:24:21.243 19052 19129 E TestRunner: 	at android.app.Instrumentation$InstrumentationThread.run(Instrumentation.java:2361)
09-23 18:24:21.243 19052 19129 E TestRunner: Caused by: java.lang.ClassNotFoundException: Didn't find class "org.hamcrest.Matchers" on path: DexPathList[[zip file "/system/framework/android.test.runner.jar", zip file "/system/framework/android.test.mock.jar", zip file "/system/framework/android.test.base.jar", zip file "/data/app/~~9eIeSJpGNwuKEpS6UddecA==/com.shareconnect.test-GmDo4qJJgaAObNT6V__lHw==/base.apk", zip file "/data/app/~~V1RMhJ4uRSUintQOLN924A==/com.shareconnect-Mtf-9DBQqrPAhiVsnmCAWA==/base.apk"],nativeLibraryDirectories=[/data/app/~~9eIeSJpGNwuKEpS6UddecA==/com.shareconnect.test-GmDo4qJJgaAObNT6V__lHw==/lib/arm64, /data/app/~~V1RMhJ4uRSUintQOLN924A==/com.shareconnect-Mtf-9DBQqrPAhiVsnmCAWA==/lib/arm64, /data/app/~~9eIeSJpGNwuKEpS6UddecA==/com.shareconnect.test-GmDo4qJJgaAObNT6V__lHw==/base.apk!/lib/arm64-v8a, /data/app/~~V1RMhJ4uRSUintQOLN924A==/com.shareconnect-Mtf-9DBQqrPAhiVsnmCAWA==/base.apk!/lib/arm64-v8a, /system/lib64, /system_ext/lib64]]
09-23 18:24:21.243 19052 19129 E TestRunner: 	at dalvik.system.BaseDexClassLoader.findClass(BaseDexClassLoader.java:259)
09-23 18:24:21.243 19052 19129 E TestRunner: 	at java.lang.ClassLoader.loadClass(ClassLoader.java:379)
09-23 18:24:21.243 19052 19129 E TestRunner: 	at java.lang.ClassLoader.loadClass(ClassLoader.java:312)
09-23 18:24:21.243 19052 19129 E TestRunner: 	... 46 more
09-23 18:24:21.243 19052 19129 E TestRunner: ----- end exception -----
09-23 18:24:21.244 19052 19129 I TestRunner: finished: testAccessibilityLabels(com.shareconnect.automation.AccessibilityAutomationTest)
