09-23 18:24:01.804 19052 19129 I TestRunner: started: testCompleteShareIntentFlow(com.shareconnect.automation.FullAppFlowAutomationTest)
09-23 18:24:01.806 19052 19129 W Settings: Setting always_finish_activities has moved from android.provider.Settings.System to android.provider.Settings.Global, returning read-only value.
09-23 18:24:01.831 19052 19052 D LifecycleMonitor: Lifecycle status change: com.shareconnect.MainActivity@7b21a79 in: PRE_ON_CREATE
09-23 18:24:01.831 19052 19052 V ActivityScenario: Activity lifecycle changed event received but ignored because the reported transition was not ON_CREATE while the last known transition was PRE_ON_CREATE
09-23 18:24:01.834 19052 19052 D Console : getDefaultTheme() returned: Warm Orange Light (ID: 1, isDefault: true)
09-23 18:24:01.834 19052 19052 D Console : getDefaultTheme() returned: Warm Orange Light (ID: 1, isDefault: true)
09-23 18:24:01.834 19052 19052 D Console : Applying theme: Warm Orange Light, colorScheme: warm_orange, isDarkMode: false, currentTheme: WARM_ORANGE_LIGHT
09-23 18:24:01.834 19052 19052 D Console : Activity MainActivity usesToolbar: true
09-23 18:24:01.834 19052 19052 D Console : Setting night mode to NO
09-23 18:24:01.844   779   868 W Parcel  : Expecting binder but got null!
09-23 18:24:01.857 19052 19052 D LifecycleMonitor: Lifecycle status change: com.shareconnect.MainActivity@7b21a79 in: CREATED
09-23 18:24:01.857 19052 19052 V ActivityScenario: Update currentActivityStage to CREATED, currentActivity=com.shareconnect.MainActivity@7b21a79
09-23 18:24:01.860   779   868 W Parcel  : Expecting binder but got null!
09-23 18:24:01.865 19052 19052 D LifecycleMonitor: Lifecycle status change: com.shareconnect.MainActivity@7b21a79 in: STARTED
09-23 18:24:01.865 19052 19052 V ActivityScenario: Update currentActivityStage to STARTED, currentActivity=com.shareconnect.MainActivity@7b21a79
09-23 18:24:01.866 19052 19052 D FirebaseSessions: App foregrounded on com.shareconnect
09-23 18:24:01.868   779   868 E OpenGLRenderer: Unable to match the desired swap behavior.
09-23 18:24:01.869 19052 19052 V Console : Activity lifecycle :: RESUMED :: MainActivity
09-23 18:24:01.869 19052 19052 V Console : Foreground activity counter :: AtomicIntWrapper :: 12312792 :: 227589169 :: Value of: 0
09-23 18:24:01.869 19052 19052 I Console : Activity lifecycle :: Main state :: Foreground
09-23 18:24:01.869 19052 19052 V Console : Foreground activity counter :: AtomicIntWrapper :: 12312792 :: 227589169 :: Incremented to: 1
09-23 18:24:01.870 19052 19052 D Console : hasThemeChanged() returned: false
09-23 18:24:01.870 19052 19052 D Console : onResume() called, themeChanged: false
09-23 18:24:01.870 19052 19052 D LifecycleMonitor: Lifecycle status change: com.shareconnect.MainActivity@7b21a79 in: RESUMED
09-23 18:24:01.870 19052 19052 V ActivityScenario: Update currentActivityStage to RESUMED, currentActivity=com.shareconnect.MainActivity@7b21a79
09-23 18:24:01.870 19052 19052 V Console : Activity lifecycle :: POST-RESUMED :: MainActivity
09-23 18:24:01.890 19052 19146 W Parcel  : Expecting binder but got null!
09-23 18:24:01.897 19052 19052 V Console : Activity lifecycle :: PRE-PAUSED :: MainActivity
09-23 18:24:01.897 19052 19052 D Console : Activity lifecycle :: Top activity: MainActivity
09-23 18:24:01.898 19052 19052 D FirebaseSessions: App backgrounded on com.shareconnect
09-23 18:24:01.901 19052 19052 V Console : Activity lifecycle :: PAUSED :: MainActivity
09-23 18:24:01.902 19052 19052 V Console : Foreground activity counter :: AtomicIntWrapper :: 12312792 :: 227589169 :: Decremented to: 0
09-23 18:24:01.902 19052 19052 D LifecycleMonitor: Lifecycle status change: com.shareconnect.MainActivity@7b21a79 in: PAUSED
09-23 18:24:01.902 19052 19052 V ActivityScenario: Update currentActivityStage to PAUSED, currentActivity=com.shareconnect.MainActivity@7b21a79
09-23 18:24:01.920  1581  1581 I GsaVoiceInteractionSrv: Handling ACTION_STOP_HOTWORD
09-23 18:24:01.926  1581  2234 I HwDetectorWithState: (REDACTED) a: %d
09-23 18:24:01.935 19052 19146 E OpenGLRenderer: Unable to match the desired swap behavior.
09-23 18:24:01.947 19052 19052 D LifecycleMonitor: Lifecycle status change: com.shareconnect.SettingsActivity@c8a1e83 in: PRE_ON_CREATE
09-23 18:24:01.947 19052 19052 V ActivityScenario: Activity lifecycle changed event received but ignored because the intent does not match. startActivityIntent=Intent { act=android.intent.action.MAIN cat=[android.intent.category.LAUNCHER] flg=0x10008000 cmp=com.shareconnect/.MainActivity }, activity.getIntent()=Intent { cmp=com.shareconnect/.SettingsActivity (has extras) }, activity=com.shareconnect.SettingsActivity@c8a1e83
09-23 18:24:01.947 19052 19052 D Console : getDefaultTheme() returned: Warm Orange Light (ID: 1, isDefault: true)
09-23 18:24:01.947 19052 19052 D Console : getDefaultTheme() returned: Warm Orange Light (ID: 1, isDefault: true)
09-23 18:24:01.947 19052 19052 D Console : Applying theme: Warm Orange Light, colorScheme: warm_orange, isDarkMode: false, currentTheme: WARM_ORANGE_LIGHT
09-23 18:24:01.948 19052 19052 D Console : Activity SettingsActivity usesToolbar: true
09-23 18:24:01.948 19052 19052 D Console : Setting night mode to NO
09-23 18:24:01.951 19052 19052 D LifecycleMonitor: Lifecycle status change: com.shareconnect.SettingsActivity@c8a1e83 in: CREATED
09-23 18:24:01.951 19052 19052 V ActivityScenario: Activity lifecycle changed event received but ignored because the intent does not match. startActivityIntent=Intent { act=android.intent.action.MAIN cat=[android.intent.category.LAUNCHER] flg=0x10008000 cmp=com.shareconnect/.MainActivity }, activity.getIntent()=Intent { cmp=com.shareconnect/.SettingsActivity (has extras) }, activity=com.shareconnect.SettingsActivity@c8a1e83
09-23 18:24:01.954 19052 19052 D LifecycleMonitor: Lifecycle status change: com.shareconnect.SettingsActivity@c8a1e83 in: STARTED
09-23 18:24:01.954 19052 19052 V ActivityScenario: Activity lifecycle changed event received but ignored because the intent does not match. startActivityIntent=Intent { act=android.intent.action.MAIN cat=[android.intent.category.LAUNCHER] flg=0x10008000 cmp=com.shareconnect/.MainActivity }, activity.getIntent()=Intent { cmp=com.shareconnect/.SettingsActivity (has extras) }, activity=com.shareconnect.SettingsActivity@c8a1e83
09-23 18:24:01.955 19052 19052 D FirebaseSessions: App foregrounded on com.shareconnect
09-23 18:24:01.959 19052 19052 V Console : Activity lifecycle :: RESUMED :: SettingsActivity
09-23 18:24:01.959 19052 19052 V Console : Foreground activity counter :: AtomicIntWrapper :: 12312792 :: 227589169 :: Value of: 0
09-23 18:24:01.959 19052 19052 I Console : Activity lifecycle :: Main state :: Foreground
09-23 18:24:01.959 19052 19052 V Console : Foreground activity counter :: AtomicIntWrapper :: 12312792 :: 227589169 :: Incremented to: 1
09-23 18:24:01.959 19052 19052 D LifecycleMonitor: Lifecycle status change: com.shareconnect.SettingsActivity@c8a1e83 in: RESUMED
09-23 18:24:01.959 19052 19052 V ActivityScenario: Activity lifecycle changed event received but ignored because the intent does not match. startActivityIntent=Intent { act=android.intent.action.MAIN cat=[android.intent.category.LAUNCHER] flg=0x10008000 cmp=com.shareconnect/.MainActivity }, activity.getIntent()=Intent { cmp=com.shareconnect/.SettingsActivity (has extras) }, activity=com.shareconnect.SettingsActivity@c8a1e83
09-23 18:24:01.960 19052 19052 V Console : Activity lifecycle :: POST-RESUMED :: SettingsActivity
09-23 18:24:01.961 19052 19146 W Parcel  : Expecting binder but got null!
09-23 18:24:01.979 19052 19146 E OpenGLRenderer: Unable to match the desired swap behavior.
09-23 18:24:02.447 19052 19264 V Console : Foreground activity counter :: AtomicIntWrapper :: 12312792 :: 227589169 :: Value of: 1
09-23 18:24:02.553 19052 19052 I Choreographer: Skipped 33 frames!  The application may be doing too much work on its main thread.
09-23 18:24:02.610   779   868 D EGL_emulation: app_time_stats: avg=2569.58ms min=2569.58ms max=2569.58ms count=1
09-23 18:24:02.616   779   779 I Choreographer: Skipped 36 frames!  The application may be doing too much work on its main thread.
09-23 18:24:02.652   488   503 W ziparchive: Unable to open '/data/app/~~V1RMhJ4uRSUintQOLN924A==/com.shareconnect-Mtf-9DBQqrPAhiVsnmCAWA==/base.dm': No such file or directory
09-23 18:24:02.653   488   503 I ActivityTaskManager: Displayed com.shareconnect/.SettingsActivity: +843ms
09-23 18:24:02.665 11811 11811 I GoogleInputMethodService: GoogleInputMethodService.onFinishInput():3227
09-23 18:24:02.665 11811 11811 I GoogleInputMethodService: GoogleInputMethodService.updateDeviceLockedStatus():2087 repeatCheckTimes = 0, unlocked = true
09-23 18:24:02.665 11811 11811 I GoogleInputMethodService: GoogleInputMethodService.onStartInput():1877 onStartInput(EditorInfo{inputType=0x0(NULL) imeOptions=0x0 privateImeOptions=null actionName=UNSPECIFIED actionLabel=null actionId=0 initialSelStart=-1 initialSelEnd=-1 initialCapsMode=0x0 hintText=null label=null packageName=com.shareconnect fieldId=2131231190 fieldName=null extras=null}, false)
09-23 18:24:02.665 11811 11811 I GoogleInputMethodService: GoogleInputMethodService.shouldHideHeaderOnInitialState():4008 ShouldHideHeaderOnInitialState = false
09-23 18:24:02.666 11811 11811 I GoogleInputMethodService: GoogleInputMethodService.updateDeviceLockedStatus():2087 repeatCheckTimes = 2, unlocked = true
09-23 18:24:02.680   779   868 D EGL_emulation: app_time_stats: avg=954.62ms min=27.79ms max=5388.94ms count=6
09-23 18:24:02.696 19052 19052 V Console : Activity lifecycle :: PRE-STOPPED :: MainActivity
09-23 18:24:02.698   998  1945 D OneSearchSuggestProvider: Shut down the binder channel
09-23 18:24:02.698   998  1150 I s.nexuslauncher: oneway function results for code 2 on binder at 0xb400007a39489d00 will be dropped but finished with status UNKNOWN_TRANSACTION
09-23 18:24:02.699  1581  2227 I AssistantForeground: (REDACTED) Get launcher package: %s
09-23 18:24:02.712 19052 19052 V Console : Activity lifecycle :: STOPPED :: MainActivity
09-23 18:24:02.713 19052 19052 D LifecycleMonitor: Lifecycle status change: com.shareconnect.MainActivity@7b21a79 in: STOPPED
09-23 18:24:02.713 19052 19052 V ActivityScenario: Update currentActivityStage to STOPPED, currentActivity=com.shareconnect.MainActivity@7b21a79
09-23 18:24:02.713 19052 19052 V Console : Activity lifecycle :: POST-STOPPED :: MainActivity
09-23 18:24:02.929   488  2254 W InputManager-JNI: Input channel object 'b938515 Splash Screen com.shareconnect (client)' was disposed without first being removed with the input manager!
09-23 18:24:03.642 19052 19146 D EGL_emulation: app_time_stats: avg=72.76ms min=1.23ms max=801.14ms count=14
09-23 18:24:03.712   779   868 D EGL_emulation: app_time_stats: avg=19.59ms min=12.32ms max=49.53ms count=52
09-23 18:24:07.833 19052 19052 V Console : Activity lifecycle :: PRE-PAUSED :: SettingsActivity
09-23 18:24:07.834 19052 19052 D Console : Activity lifecycle :: Top activity: SettingsActivity
09-23 18:24:07.836 19052 19052 D FirebaseSessions: App backgrounded on com.shareconnect
09-23 18:24:07.854 19052 19052 V Console : Activity lifecycle :: PAUSED :: SettingsActivity
09-23 18:24:07.864 19052 19052 V Console : Foreground activity counter :: AtomicIntWrapper :: 12312792 :: 227589169 :: Decremented to: 0
09-23 18:24:07.864 19052 19052 D LifecycleMonitor: Lifecycle status change: com.shareconnect.SettingsActivity@c8a1e83 in: PAUSED
09-23 18:24:07.865 19052 19052 V ActivityScenario: Activity lifecycle changed event received but ignored because the intent does not match. startActivityIntent=Intent { act=android.intent.action.MAIN cat=[android.intent.category.LAUNCHER] flg=0x10008000 cmp=com.shareconnect/.MainActivity }, activity.getIntent()=Intent { cmp=com.shareconnect/.SettingsActivity (has extras) }, activity=com.shareconnect.SettingsActivity@c8a1e83
09-23 18:24:07.903 19052 19052 D LifecycleMonitor: Lifecycle status change: androidx.test.core.app.InstrumentationActivityInvoker$EmptyActivity@d29da7b in: PRE_ON_CREATE
09-23 18:24:07.903 19052 19052 V ActivityScenario: Activity lifecycle changed event received but ignored because the intent does not match. startActivityIntent=Intent { act=android.intent.action.MAIN cat=[android.intent.category.LAUNCHER] flg=0x10008000 cmp=com.shareconnect/.MainActivity }, activity.getIntent()=Intent { act=android.intent.action.MAIN cat=[android.intent.category.LAUNCHER] flg=0x10000000 cmp=com.shareconnect/androidx.test.core.app.InstrumentationActivityInvoker$EmptyActivity }, activity=androidx.test.core.app.InstrumentationActivityInvoker$EmptyActivity@d29da7b
09-23 18:24:07.945 19052 19052 D LifecycleMonitor: Lifecycle status change: androidx.test.core.app.InstrumentationActivityInvoker$EmptyActivity@d29da7b in: CREATED
09-23 18:24:07.946 19052 19052 V ActivityScenario: Activity lifecycle changed event received but ignored because the intent does not match. startActivityIntent=Intent { act=android.intent.action.MAIN cat=[android.intent.category.LAUNCHER] flg=0x10008000 cmp=com.shareconnect/.MainActivity }, activity.getIntent()=Intent { act=android.intent.action.MAIN cat=[android.intent.category.LAUNCHER] flg=0x10000000 cmp=com.shareconnect/androidx.test.core.app.InstrumentationActivityInvoker$EmptyActivity }, activity=androidx.test.core.app.InstrumentationActivityInvoker$EmptyActivity@d29da7b
09-23 18:24:07.960 19052 19052 D LifecycleMonitor: Lifecycle status change: androidx.test.core.app.InstrumentationActivityInvoker$EmptyActivity@d29da7b in: STARTED
09-23 18:24:07.960 19052 19052 V ActivityScenario: Activity lifecycle changed event received but ignored because the intent does not match. startActivityIntent=Intent { act=android.intent.action.MAIN cat=[android.intent.category.LAUNCHER] flg=0x10008000 cmp=com.shareconnect/.MainActivity }, activity.getIntent()=Intent { act=android.intent.action.MAIN cat=[android.intent.category.LAUNCHER] flg=0x10000000 cmp=com.shareconnect/androidx.test.core.app.InstrumentationActivityInvoker$EmptyActivity }, activity=androidx.test.core.app.InstrumentationActivityInvoker$EmptyActivity@d29da7b
09-23 18:24:07.977 19052 19052 D FirebaseSessions: App foregrounded on com.shareconnect
09-23 18:24:07.982 19052 19052 V Console : Activity lifecycle :: RESUMED :: EmptyActivity
09-23 18:24:07.982 19052 19052 V Console : Foreground activity counter :: AtomicIntWrapper :: 12312792 :: 227589169 :: Value of: 0
09-23 18:24:07.982 19052 19052 I Console : Activity lifecycle :: Main state :: Foreground
09-23 18:24:07.982 19052 19052 V Console : Foreground activity counter :: AtomicIntWrapper :: 12312792 :: 227589169 :: Incremented to: 1
09-23 18:24:07.983 19052 19052 D LifecycleMonitor: Lifecycle status change: androidx.test.core.app.InstrumentationActivityInvoker$EmptyActivity@d29da7b in: RESUMED
09-23 18:24:07.984 19052 19052 V ActivityScenario: Activity lifecycle changed event received but ignored because the intent does not match. startActivityIntent=Intent { act=android.intent.action.MAIN cat=[android.intent.category.LAUNCHER] flg=0x10008000 cmp=com.shareconnect/.MainActivity }, activity.getIntent()=Intent { act=android.intent.action.MAIN cat=[android.intent.category.LAUNCHER] flg=0x10000000 cmp=com.shareconnect/androidx.test.core.app.InstrumentationActivityInvoker$EmptyActivity }, activity=androidx.test.core.app.InstrumentationActivityInvoker$EmptyActivity@d29da7b
09-23 18:24:07.985 19052 19052 V Console : Activity lifecycle :: POST-RESUMED :: EmptyActivity
09-23 18:24:07.994 19052 19146 W Parcel  : Expecting binder but got null!
09-23 18:24:08.015 19052 19146 E OpenGLRenderer: Unable to match the desired swap behavior.
09-23 18:24:08.022   488   503 I ActivityTaskManager: Displayed com.shareconnect/androidx.test.core.app.InstrumentationActivityInvoker$EmptyActivity: +256ms
09-23 18:24:08.029 19052 19052 V Console : Activity lifecycle :: PRE-DESTROYED :: MainActivity
09-23 18:24:08.030 19052 19052 V Console : Activity lifecycle :: DESTROYED :: MainActivity
09-23 18:24:08.031 19052 19052 D LifecycleMonitor: Lifecycle status change: com.shareconnect.MainActivity@7b21a79 in: DESTROYED
09-23 18:24:08.031 19052 19052 V ActivityScenario: Update currentActivityStage to DESTROYED, currentActivity=null
09-23 18:24:08.032 19052 19146 D EGL_emulation: app_time_stats: avg=337.58ms min=12.30ms max=4187.78ms count=13
09-23 18:24:08.033   488  1911 W InputManager-JNI: Input channel object 'eb45d91 com.shareconnect/com.shareconnect.MainActivity (client)' was disposed without first being removed with the input manager!
09-23 18:24:08.034 19052 19052 V Console : Activity lifecycle :: PRE-STOPPED :: SettingsActivity
09-23 18:24:08.036 19052 19052 V Console : Activity lifecycle :: STOPPED :: SettingsActivity
09-23 18:24:08.036 19052 19052 D LifecycleMonitor: Lifecycle status change: com.shareconnect.SettingsActivity@c8a1e83 in: STOPPED
09-23 18:24:08.036 19052 19052 V ActivityScenario: Activity lifecycle changed event received but ignored because the intent does not match. startActivityIntent=Intent { act=android.intent.action.MAIN cat=[android.intent.category.LAUNCHER] flg=0x10008000 cmp=com.shareconnect/.MainActivity }, activity.getIntent()=Intent { cmp=com.shareconnect/.SettingsActivity (has extras) }, activity=com.shareconnect.SettingsActivity@c8a1e83
09-23 18:24:08.037 19052 19052 V Console : Activity lifecycle :: POST-STOPPED :: SettingsActivity
09-23 18:24:08.072 11811 11811 I GoogleInputMethodService: GoogleInputMethodService.onFinishInput():3227
09-23 18:24:08.072 19052 19129 E TestRunner: failed: testCompleteShareIntentFlow(com.shareconnect.automation.FullAppFlowAutomationTest)
09-23 18:24:08.077 19052 19129 E TestRunner: ----- begin exception -----
09-23 18:24:08.077 19052 19129 E TestRunner: java.lang.NoClassDefFoundError: Failed resolution of: Lorg/hamcrest/Matchers;
09-23 18:24:08.077 19052 19129 E TestRunner: 	at androidx.test.espresso.matcher.ViewMatchers.withId(ViewMatchers.java:1)
09-23 18:24:08.077 19052 19129 E TestRunner: 	at com.shareconnect.automation.FullAppFlowAutomationTest.testCompleteShareIntentFlow(FullAppFlowAutomationTest.kt:192)
09-23 18:24:08.077 19052 19129 E TestRunner: 	at java.lang.reflect.Method.invoke(Native Method)
09-23 18:24:08.077 19052 19129 E TestRunner: 	at org.junit.runners.model.FrameworkMethod$1.runReflectiveCall(FrameworkMethod.java:59)
09-23 18:24:08.077 19052 19129 E TestRunner: 	at org.junit.internal.runners.model.ReflectiveCallable.run(ReflectiveCallable.java:12)
09-23 18:24:08.077 19052 19129 E TestRunner: 	at org.junit.runners.model.FrameworkMethod.invokeExplosively(FrameworkMethod.java:56)
09-23 18:24:08.077 19052 19129 E TestRunner: 	at org.junit.internal.runners.statements.InvokeMethod.evaluate(InvokeMethod.java:17)
09-23 18:24:08.077 19052 19129 E TestRunner: 	at androidx.test.internal.runner.junit4.statement.RunBefores.evaluate(RunBefores.java:80)
09-23 18:24:08.077 19052 19129 E TestRunner: 	at androidx.test.internal.runner.junit4.statement.RunAfters.evaluate(RunAfters.java:61)
09-23 18:24:08.077 19052 19129 E TestRunner: 	at org.junit.runners.ParentRunner$3.evaluate(ParentRunner.java:306)
09-23 18:24:08.077 19052 19129 E TestRunner: 	at org.junit.runners.BlockJUnit4ClassRunner$1.evaluate(BlockJUnit4ClassRunner.java:100)
09-23 18:24:08.077 19052 19129 E TestRunner: 	at org.junit.runners.ParentRunner.runLeaf(ParentRunner.java:366)
09-23 18:24:08.077 19052 19129 E TestRunner: 	at org.junit.runners.BlockJUnit4ClassRunner.runChild(BlockJUnit4ClassRunner.java:103)
09-23 18:24:08.077 19052 19129 E TestRunner: 	at org.junit.runners.BlockJUnit4ClassRunner.runChild(BlockJUnit4ClassRunner.java:63)
09-23 18:24:08.077 19052 19129 E TestRunner: 	at org.junit.runners.ParentRunner$4.run(ParentRunner.java:331)
09-23 18:24:08.077 19052 19129 E TestRunner: 	at org.junit.runners.ParentRunner$1.schedule(ParentRunner.java:79)
09-23 18:24:08.077 19052 19129 E TestRunner: 	at org.junit.runners.ParentRunner.runChildren(ParentRunner.java:329)
09-23 18:24:08.077 19052 19129 E TestRunner: 	at org.junit.runners.ParentRunner.access$100(ParentRunner.java:66)
09-23 18:24:08.077 19052 19129 E TestRunner: 	at org.junit.runners.ParentRunner$2.evaluate(ParentRunner.java:293)
09-23 18:24:08.077 19052 19129 E TestRunner: 	at org.junit.runners.ParentRunner$3.evaluate(ParentRunner.java:306)
09-23 18:24:08.077 19052 19129 E TestRunner: 	at org.junit.runners.ParentRunner.run(ParentRunner.java:413)
09-23 18:24:08.077 19052 19129 E TestRunner: 	at androidx.test.ext.junit.runners.AndroidJUnit4.run(AndroidJUnit4.java:162)
09-23 18:24:08.077 19052 19129 E TestRunner: 	at org.junit.runners.Suite.runChild(Suite.java:128)
09-23 18:24:08.077 19052 19129 E TestRunner: 	at org.junit.runners.Suite.runChild(Suite.java:27)
09-23 18:24:08.077 19052 19129 E TestRunner: 	at org.junit.runners.ParentRunner$4.run(ParentRunner.java:331)
09-23 18:24:08.077 19052 19129 E TestRunner: 	at org.junit.runners.ParentRunner$1.schedule(ParentRunner.java:79)
09-23 18:24:08.077 19052 19129 E TestRunner: 	at org.junit.runners.ParentRunner.runChildren(ParentRunner.java:329)
09-23 18:24:08.077 19052 19129 E TestRunner: 	at org.junit.runners.ParentRunner.access$100(ParentRunner.java:66)
09-23 18:24:08.077 19052 19129 E TestRunner: 	at org.junit.runners.ParentRunner$2.evaluate(ParentRunner.java:293)
09-23 18:24:08.077 19052 19129 E TestRunner: 	at org.junit.runners.ParentRunner$3.evaluate(ParentRunner.java:306)
09-23 18:24:08.077 19052 19129 E TestRunner: 	at org.junit.runners.ParentRunner.run(ParentRunner.java:413)
09-23 18:24:08.077 19052 19129 E TestRunner: 	at org.junit.runners.Suite.runChild(Suite.java:128)
09-23 18:24:08.077 19052 19129 E TestRunner: 	at org.junit.runners.Suite.runChild(Suite.java:27)
09-23 18:24:08.077 19052 19129 E TestRunner: 	at org.junit.runners.ParentRunner$4.run(ParentRunner.java:331)
09-23 18:24:08.077 19052 19129 E TestRunner: 	at org.junit.runners.ParentRunner$1.schedule(ParentRunner.java:79)
09-23 18:24:08.077 19052 19129 E TestRunner: 	at org.junit.runners.ParentRunner.runChildren(ParentRunner.java:329)
09-23 18:24:08.077 19052 19129 E TestRunner: 	at org.junit.runners.ParentRunner.access$100(ParentRunner.java:66)
09-23 18:24:08.077 19052 19129 E TestRunner: 	at org.junit.runners.ParentRunner$2.evaluate(ParentRunner.java:293)
09-23 18:24:08.077 19052 19129 E TestRunner: 	at org.junit.runners.ParentRunner$3.evaluate(ParentRunner.java:306)
09-23 18:24:08.077 19052 19129 E TestRunner: 	at org.junit.runners.ParentRunner.run(ParentRunner.java:413)
09-23 18:24:08.077 19052 19129 E TestRunner: 	at org.junit.runner.JUnitCore.run(JUnitCore.java:137)
09-23 18:24:08.077 19052 19129 E TestRunner: 	at org.junit.runner.JUnitCore.run(JUnitCore.java:115)
09-23 18:24:08.077 19052 19129 E TestRunner: 	at androidx.test.internal.runner.TestExecutor.execute(TestExecutor.java:68)
09-23 18:24:08.077 19052 19129 E TestRunner: 	at androidx.test.internal.runner.TestExecutor.execute(TestExecutor.java:59)
09-23 18:24:08.077 19052 19129 E TestRunner: 	at androidx.test.runner.AndroidJUnitRunner.onStart(AndroidJUnitRunner.java:463)
09-23 18:24:08.077 19052 19129 E TestRunner: 	at android.app.Instrumentation$InstrumentationThread.run(Instrumentation.java:2361)
09-23 18:24:08.077 19052 19129 E TestRunner: Caused by: java.lang.ClassNotFoundException: Didn't find class "org.hamcrest.Matchers" on path: DexPathList[[zip file "/system/framework/android.test.runner.jar", zip file "/system/framework/android.test.mock.jar", zip file "/system/framework/android.test.base.jar", zip file "/data/app/~~9eIeSJpGNwuKEpS6UddecA==/com.shareconnect.test-GmDo4qJJgaAObNT6V__lHw==/base.apk", zip file "/data/app/~~V1RMhJ4uRSUintQOLN924A==/com.shareconnect-Mtf-9DBQqrPAhiVsnmCAWA==/base.apk"],nativeLibraryDirectories=[/data/app/~~9eIeSJpGNwuKEpS6UddecA==/com.shareconnect.test-GmDo4qJJgaAObNT6V__lHw==/lib/arm64, /data/app/~~V1RMhJ4uRSUintQOLN924A==/com.shareconnect-Mtf-9DBQqrPAhiVsnmCAWA==/lib/arm64, /data/app/~~9eIeSJpGNwuKEpS6UddecA==/com.shareconnect.test-GmDo4qJJgaAObNT6V__lHw==/base.apk!/lib/arm64-v8a, /data/app/~~V1RMhJ4uRSUintQOLN924A==/com.shareconnect-Mtf-9DBQqrPAhiVsnmCAWA==/base.apk!/lib/arm64-v8a, /system/lib64, /system_ext/lib64]]
09-23 18:24:08.077 19052 19129 E TestRunner: 	at dalvik.system.BaseDexClassLoader.findClass(BaseDexClassLoader.java:259)
09-23 18:24:08.077 19052 19129 E TestRunner: 	at java.lang.ClassLoader.loadClass(ClassLoader.java:379)
09-23 18:24:08.077 19052 19129 E TestRunner: 	at java.lang.ClassLoader.loadClass(ClassLoader.java:312)
09-23 18:24:08.077 19052 19129 E TestRunner: 	... 46 more
09-23 18:24:08.077 19052 19129 E TestRunner: ----- end exception -----
09-23 18:24:08.077 11811 11811 I GoogleInputMethodService: GoogleInputMethodService.updateDeviceLockedStatus():2087 repeatCheckTimes = 0, unlocked = true
09-23 18:24:08.077 11811 11811 I GoogleInputMethodService: GoogleInputMethodService.onStartInput():1877 onStartInput(EditorInfo{inputType=0x0(NULL) imeOptions=0x0 privateImeOptions=null actionName=UNSPECIFIED actionLabel=null actionId=0 initialSelStart=-1 initialSelEnd=-1 initialCapsMode=0x0 hintText=null label=null packageName=com.shareconnect fieldId=-1 fieldName=null extras=null}, false)
09-23 18:24:08.077 11811 11811 I GoogleInputMethodService: GoogleInputMethodService.shouldHideHeaderOnInitialState():4008 ShouldHideHeaderOnInitialState = false
09-23 18:24:08.077 11811 11811 I GoogleInputMethodService: GoogleInputMethodService.updateDeviceLockedStatus():2087 repeatCheckTimes = 2, unlocked = true
09-23 18:24:08.081 19052 19129 I TestRunner: finished: testCompleteShareIntentFlow(com.shareconnect.automation.FullAppFlowAutomationTest)
