09-23 18:25:57.494 19052 19129 I TestRunner: started: testButtonTexts(com.shareconnect.activities.MainActivityInstrumentationTest)
09-23 18:25:57.496 19052 19129 W Settings: Setting always_finish_activities has moved from android.provider.Settings.System to android.provider.Settings.Global, returning read-only value.
09-23 18:25:57.503   779   868 W Parcel  : Expecting binder but got null!
09-23 18:25:57.508 19052 19052 D LifecycleMonitor: Lifecycle status change: com.shareconnect.MainActivity@a3b5ab in: PRE_ON_CREATE
09-23 18:25:57.508 19052 19052 V ActivityScenario: Activity lifecycle changed event received but ignored because the reported transition was not ON_CREATE while the last known transition was PRE_ON_CREATE
09-23 18:25:57.509 19052 19052 D Console : getDefaultTheme() returned: Warm Orange Light (ID: 1, isDefault: true)
09-23 18:25:57.509 19052 19052 D Console : getDefaultTheme() returned: Warm Orange Light (ID: 1, isDefault: true)
09-23 18:25:57.509 19052 19052 D Console : Applying theme: Warm Orange Light, colorScheme: warm_orange, isDarkMode: false, currentTheme: WARM_ORANGE_LIGHT
09-23 18:25:57.509 19052 19052 D Console : Activity MainActivity usesToolbar: true
09-23 18:25:57.509 19052 19052 D Console : Setting night mode to NO
09-23 18:25:57.510   779   868 E OpenGLRenderer: Unable to match the desired swap behavior.
09-23 18:25:57.517 19052 19052 D LifecycleMonitor: Lifecycle status change: com.shareconnect.MainActivity@a3b5ab in: CREATED
09-23 18:25:57.517 19052 19052 V ActivityScenario: Update currentActivityStage to CREATED, currentActivity=com.shareconnect.MainActivity@a3b5ab
09-23 18:25:57.518 19052 19052 D LifecycleMonitor: Lifecycle status change: com.shareconnect.MainActivity@a3b5ab in: STARTED
09-23 18:25:57.518 19052 19052 V ActivityScenario: Update currentActivityStage to STARTED, currentActivity=com.shareconnect.MainActivity@a3b5ab
09-23 18:25:57.520 19052 19052 D FirebaseSessions: App foregrounded on com.shareconnect
09-23 18:25:57.522 19052 19052 V Console : Activity lifecycle :: RESUMED :: MainActivity
09-23 18:25:57.522 19052 19052 V Console : Foreground activity counter :: AtomicIntWrapper :: 12312792 :: 227589169 :: Value of: 0
09-23 18:25:57.522 19052 19052 I Console : Activity lifecycle :: Main state :: Foreground
09-23 18:25:57.522 19052 19052 V Console : Foreground activity counter :: AtomicIntWrapper :: 12312792 :: 227589169 :: Incremented to: 1
09-23 18:25:57.522 19052 19052 D Console : hasThemeChanged() returned: false
09-23 18:25:57.522 19052 19052 D Console : onResume() called, themeChanged: false
09-23 18:25:57.522 19052 19052 D LifecycleMonitor: Lifecycle status change: com.shareconnect.MainActivity@a3b5ab in: RESUMED
09-23 18:25:57.522 19052 19052 V ActivityScenario: Update currentActivityStage to RESUMED, currentActivity=com.shareconnect.MainActivity@a3b5ab
09-23 18:25:57.522 19052 19052 V Console : Activity lifecycle :: POST-RESUMED :: MainActivity
09-23 18:25:57.524 19052 19146 W Parcel  : Expecting binder but got null!
09-23 18:25:57.527 19052 19052 V Console : Activity lifecycle :: PRE-PAUSED :: MainActivity
09-23 18:25:57.527 19052 19052 D Console : Activity lifecycle :: Top activity: MainActivity
09-23 18:25:57.527 19052 19052 D FirebaseSessions: App backgrounded on com.shareconnect
09-23 18:25:57.529 19052 19052 V Console : Activity lifecycle :: PAUSED :: MainActivity
09-23 18:25:57.529 19052 19052 V Console : Foreground activity counter :: AtomicIntWrapper :: 12312792 :: 227589169 :: Decremented to: 0
09-23 18:25:57.529 19052 19052 D LifecycleMonitor: Lifecycle status change: com.shareconnect.MainActivity@a3b5ab in: PAUSED
09-23 18:25:57.529 19052 19052 V ActivityScenario: Update currentActivityStage to PAUSED, currentActivity=com.shareconnect.MainActivity@a3b5ab
09-23 18:25:58.085 19052 19269 V Console : Foreground activity counter :: AtomicIntWrapper :: 12312792 :: 227589169 :: Value of: 0
09-23 18:25:58.095 19052 19269 I Console : Activity lifecycle :: Main state :: Background
09-23 18:25:58.119  1581  1581 I GsaVoiceInteractionSrv: Handling ACTION_STOP_HOTWORD
09-23 18:25:58.145  1581  2154 I HwDetectorWithState: (REDACTED) a: %d
09-23 18:25:58.182   488   507 I Choreographer: Skipped 38 frames!  The application may be doing too much work on its main thread.
09-23 18:25:58.185   998  1661 D EGL_emulation: app_time_stats: avg=22.13ms min=0.95ms max=722.32ms count=40
09-23 18:25:58.187   998   998 I Choreographer: Skipped 37 frames!  The application may be doing too much work on its main thread.
09-23 18:25:58.202 19052 19146 E OpenGLRenderer: Unable to match the desired swap behavior.
09-23 18:25:58.221 19052 19052 D LifecycleMonitor: Lifecycle status change: com.shareconnect.SettingsActivity@15c856b in: PRE_ON_CREATE
09-23 18:25:58.222 19052 19052 V ActivityScenario: Activity lifecycle changed event received but ignored because the intent does not match. startActivityIntent=Intent { act=android.intent.action.MAIN cat=[android.intent.category.LAUNCHER] flg=0x10008000 cmp=com.shareconnect/.MainActivity }, activity.getIntent()=Intent { cmp=com.shareconnect/.SettingsActivity (has extras) }, activity=com.shareconnect.SettingsActivity@15c856b
09-23 18:25:58.235 19052 19052 D Console : getDefaultTheme() returned: Warm Orange Light (ID: 1, isDefault: true)
09-23 18:25:58.237 19052 19052 D Console : getDefaultTheme() returned: Warm Orange Light (ID: 1, isDefault: true)
09-23 18:25:58.237 19052 19052 D Console : Applying theme: Warm Orange Light, colorScheme: warm_orange, isDarkMode: false, currentTheme: WARM_ORANGE_LIGHT
09-23 18:25:58.237 19052 19052 D Console : Activity SettingsActivity usesToolbar: true
09-23 18:25:58.238 19052 19052 D Console : Setting night mode to NO
09-23 18:25:58.256 19052 19052 D LifecycleMonitor: Lifecycle status change: com.shareconnect.SettingsActivity@15c856b in: CREATED
09-23 18:25:58.259 19052 19052 V ActivityScenario: Activity lifecycle changed event received but ignored because the intent does not match. startActivityIntent=Intent { act=android.intent.action.MAIN cat=[android.intent.category.LAUNCHER] flg=0x10008000 cmp=com.shareconnect/.MainActivity }, activity.getIntent()=Intent { cmp=com.shareconnect/.SettingsActivity (has extras) }, activity=com.shareconnect.SettingsActivity@15c856b
09-23 18:25:58.265 19052 19052 D LifecycleMonitor: Lifecycle status change: com.shareconnect.SettingsActivity@15c856b in: STARTED
09-23 18:25:58.265 19052 19052 V ActivityScenario: Activity lifecycle changed event received but ignored because the intent does not match. startActivityIntent=Intent { act=android.intent.action.MAIN cat=[android.intent.category.LAUNCHER] flg=0x10008000 cmp=com.shareconnect/.MainActivity }, activity.getIntent()=Intent { cmp=com.shareconnect/.SettingsActivity (has extras) }, activity=com.shareconnect.SettingsActivity@15c856b
09-23 18:25:58.266 19052 19052 D FirebaseSessions: App foregrounded on com.shareconnect
09-23 18:25:58.268 19052 19052 V Console : Activity lifecycle :: RESUMED :: SettingsActivity
09-23 18:25:58.269 19052 19052 V Console : Foreground activity counter :: AtomicIntWrapper :: 12312792 :: 227589169 :: Value of: 0
09-23 18:25:58.269 19052 19052 I Console : Activity lifecycle :: Main state :: Foreground
09-23 18:25:58.270 19052 19052 V Console : Foreground activity counter :: AtomicIntWrapper :: 12312792 :: 227589169 :: Incremented to: 1
09-23 18:25:58.270 19052 19052 D LifecycleMonitor: Lifecycle status change: com.shareconnect.SettingsActivity@15c856b in: RESUMED
09-23 18:25:58.270 19052 19052 V ActivityScenario: Activity lifecycle changed event received but ignored because the intent does not match. startActivityIntent=Intent { act=android.intent.action.MAIN cat=[android.intent.category.LAUNCHER] flg=0x10008000 cmp=com.shareconnect/.MainActivity }, activity.getIntent()=Intent { cmp=com.shareconnect/.SettingsActivity (has extras) }, activity=com.shareconnect.SettingsActivity@15c856b
09-23 18:25:58.271 19052 19052 V Console : Activity lifecycle :: POST-RESUMED :: SettingsActivity
09-23 18:25:58.277 19052 19146 W Parcel  : Expecting binder but got null!
09-23 18:25:58.303 19052 19146 E OpenGLRenderer: Unable to match the desired swap behavior.
09-23 18:25:58.309   779   868 D EGL_emulation: app_time_stats: avg=672.38ms min=5.14ms max=6586.86ms count=10
09-23 18:25:58.318   488   503 W ziparchive: Unable to open '/data/app/~~V1RMhJ4uRSUintQOLN924A==/com.shareconnect-Mtf-9DBQqrPAhiVsnmCAWA==/base.dm': No such file or directory
09-23 18:25:58.318   488   503 I ActivityTaskManager: Displayed com.shareconnect/.SettingsActivity: +820ms
09-23 18:25:58.319 19052 19052 V Console : Activity lifecycle :: PRE-STOPPED :: MainActivity
09-23 18:25:58.320   998  1945 D OneSearchSuggestProvider: Shut down the binder channel
09-23 18:25:58.320   998  1037 I s.nexuslauncher: oneway function results for code 2 on binder at 0xb400007a3948ef20 will be dropped but finished with status UNKNOWN_TRANSACTION
09-23 18:25:58.322 19052 19052 V Console : Activity lifecycle :: STOPPED :: MainActivity
09-23 18:25:58.322  1581  2228 I AssistantForeground: (REDACTED) Get launcher package: %s
09-23 18:25:58.322 19052 19052 D LifecycleMonitor: Lifecycle status change: com.shareconnect.MainActivity@a3b5ab in: STOPPED
09-23 18:25:58.322 19052 19052 V ActivityScenario: Update currentActivityStage to STOPPED, currentActivity=com.shareconnect.MainActivity@a3b5ab
09-23 18:25:58.325 19052 19052 V Console : Activity lifecycle :: POST-STOPPED :: MainActivity
09-23 18:25:58.326   779   868 D EGL_emulation: app_time_stats: avg=1383.98ms min=66.96ms max=5199.91ms count=4
09-23 18:25:58.331 11811 11811 I GoogleInputMethodService: GoogleInputMethodService.onFinishInput():3227
09-23 18:25:58.332 11811 11811 I GoogleInputMethodService: GoogleInputMethodService.updateDeviceLockedStatus():2087 repeatCheckTimes = 0, unlocked = true
09-23 18:25:58.332 11811 11811 I GoogleInputMethodService: GoogleInputMethodService.onStartInput():1877 onStartInput(EditorInfo{inputType=0x0(NULL) imeOptions=0x0 privateImeOptions=null actionName=UNSPECIFIED actionLabel=null actionId=0 initialSelStart=-1 initialSelEnd=-1 initialCapsMode=0x0 hintText=null label=null packageName=com.shareconnect fieldId=2131231190 fieldName=null extras=null}, false)
09-23 18:25:58.332 11811 11811 I GoogleInputMethodService: GoogleInputMethodService.shouldHideHeaderOnInitialState():4008 ShouldHideHeaderOnInitialState = false
09-23 18:25:58.333 11811 11811 I GoogleInputMethodService: GoogleInputMethodService.updateDeviceLockedStatus():2087 repeatCheckTimes = 2, unlocked = true
09-23 18:25:58.594   488   776 W InputManager-JNI: Input channel object '51faaf2 Splash Screen com.shareconnect (client)' was disposed without first being removed with the input manager!
09-23 18:25:59.341   779   868 D EGL_emulation: app_time_stats: avg=18.00ms min=11.41ms max=35.97ms count=55
09-23 18:25:59.914 19052 19146 D EGL_emulation: app_time_stats: avg=148.91ms min=0.87ms max=1455.52ms count=10
09-23 18:26:00.018   779   868 D EGL_emulation: app_time_stats: avg=155.37ms min=13.87ms max=1540.35ms count=11
09-23 18:26:00.019  1551  1815 I AiAiEcho: Predicting[0]:
09-23 18:26:00.019  1551  1815 I AiAiEcho: Ranked targets strategy: SORT, count: 0, ranking metadata:
09-23 18:26:00.020  1551  1815 I AiAiEcho: #postPredictionTargets: Sending updates to UISurface lockscreen with targets# 0
09-23 18:26:00.020  1551  1815 I AiAiEcho: #postPredictionTargets: Sending updates to UISurface home with targets# 0
09-23 18:26:03.386 19052 19052 V Console : Activity lifecycle :: PRE-PAUSED :: SettingsActivity
09-23 18:26:03.387 19052 19052 D Console : Activity lifecycle :: Top activity: SettingsActivity
09-23 18:26:03.388 19052 19052 D FirebaseSessions: App backgrounded on com.shareconnect
09-23 18:26:03.397 19052 19052 V Console : Activity lifecycle :: PAUSED :: SettingsActivity
09-23 18:26:03.397 19052 19052 V Console : Foreground activity counter :: AtomicIntWrapper :: 12312792 :: 227589169 :: Decremented to: 0
09-23 18:26:03.397 19052 19052 D LifecycleMonitor: Lifecycle status change: com.shareconnect.SettingsActivity@15c856b in: PAUSED
09-23 18:26:03.398 19052 19052 V ActivityScenario: Activity lifecycle changed event received but ignored because the intent does not match. startActivityIntent=Intent { act=android.intent.action.MAIN cat=[android.intent.category.LAUNCHER] flg=0x10008000 cmp=com.shareconnect/.MainActivity }, activity.getIntent()=Intent { cmp=com.shareconnect/.SettingsActivity (has extras) }, activity=com.shareconnect.SettingsActivity@15c856b
09-23 18:26:03.431 19052 19052 D LifecycleMonitor: Lifecycle status change: androidx.test.core.app.InstrumentationActivityInvoker$EmptyActivity@c22baf4 in: PRE_ON_CREATE
09-23 18:26:03.432 19052 19052 V ActivityScenario: Activity lifecycle changed event received but ignored because the intent does not match. startActivityIntent=Intent { act=android.intent.action.MAIN cat=[android.intent.category.LAUNCHER] flg=0x10008000 cmp=com.shareconnect/.MainActivity }, activity.getIntent()=Intent { act=android.intent.action.MAIN cat=[android.intent.category.LAUNCHER] flg=0x10000000 cmp=com.shareconnect/androidx.test.core.app.InstrumentationActivityInvoker$EmptyActivity }, activity=androidx.test.core.app.InstrumentationActivityInvoker$EmptyActivity@c22baf4
09-23 18:26:03.438 19052 19052 D LifecycleMonitor: Lifecycle status change: androidx.test.core.app.InstrumentationActivityInvoker$EmptyActivity@c22baf4 in: CREATED
09-23 18:26:03.438 19052 19052 V ActivityScenario: Activity lifecycle changed event received but ignored because the intent does not match. startActivityIntent=Intent { act=android.intent.action.MAIN cat=[android.intent.category.LAUNCHER] flg=0x10008000 cmp=com.shareconnect/.MainActivity }, activity.getIntent()=Intent { act=android.intent.action.MAIN cat=[android.intent.category.LAUNCHER] flg=0x10000000 cmp=com.shareconnect/androidx.test.core.app.InstrumentationActivityInvoker$EmptyActivity }, activity=androidx.test.core.app.InstrumentationActivityInvoker$EmptyActivity@c22baf4
09-23 18:26:03.438 19052 19052 D LifecycleMonitor: Lifecycle status change: androidx.test.core.app.InstrumentationActivityInvoker$EmptyActivity@c22baf4 in: STARTED
09-23 18:26:03.439 19052 19052 V ActivityScenario: Activity lifecycle changed event received but ignored because the intent does not match. startActivityIntent=Intent { act=android.intent.action.MAIN cat=[android.intent.category.LAUNCHER] flg=0x10008000 cmp=com.shareconnect/.MainActivity }, activity.getIntent()=Intent { act=android.intent.action.MAIN cat=[android.intent.category.LAUNCHER] flg=0x10000000 cmp=com.shareconnect/androidx.test.core.app.InstrumentationActivityInvoker$EmptyActivity }, activity=androidx.test.core.app.InstrumentationActivityInvoker$EmptyActivity@c22baf4
09-23 18:26:03.439 19052 19052 D FirebaseSessions: App foregrounded on com.shareconnect
09-23 18:26:03.443 19052 19052 V Console : Activity lifecycle :: RESUMED :: EmptyActivity
09-23 18:26:03.443 19052 19052 V Console : Foreground activity counter :: AtomicIntWrapper :: 12312792 :: 227589169 :: Value of: 0
09-23 18:26:03.443 19052 19052 I Console : Activity lifecycle :: Main state :: Foreground
09-23 18:26:03.443 19052 19052 V Console : Foreground activity counter :: AtomicIntWrapper :: 12312792 :: 227589169 :: Incremented to: 1
09-23 18:26:03.445 19052 19052 D LifecycleMonitor: Lifecycle status change: androidx.test.core.app.InstrumentationActivityInvoker$EmptyActivity@c22baf4 in: RESUMED
09-23 18:26:03.446 19052 19052 V ActivityScenario: Activity lifecycle changed event received but ignored because the intent does not match. startActivityIntent=Intent { act=android.intent.action.MAIN cat=[android.intent.category.LAUNCHER] flg=0x10008000 cmp=com.shareconnect/.MainActivity }, activity.getIntent()=Intent { act=android.intent.action.MAIN cat=[android.intent.category.LAUNCHER] flg=0x10000000 cmp=com.shareconnect/androidx.test.core.app.InstrumentationActivityInvoker$EmptyActivity }, activity=androidx.test.core.app.InstrumentationActivityInvoker$EmptyActivity@c22baf4
09-23 18:26:03.446 19052 19052 V Console : Activity lifecycle :: POST-RESUMED :: EmptyActivity
09-23 18:26:03.448 19052 19146 W Parcel  : Expecting binder but got null!
09-23 18:26:03.464 19052 19146 E OpenGLRenderer: Unable to match the desired swap behavior.
09-23 18:26:03.470   488   503 I ActivityTaskManager: Displayed com.shareconnect/androidx.test.core.app.InstrumentationActivityInvoker$EmptyActivity: +125ms
09-23 18:26:03.474 19052 19052 V Console : Activity lifecycle :: PRE-STOPPED :: SettingsActivity
09-23 18:26:03.476 19052 19146 D EGL_emulation: app_time_stats: avg=209.23ms min=12.91ms max=3299.87ms count=17
09-23 18:26:03.477 19052 19052 V Console : Activity lifecycle :: STOPPED :: SettingsActivity
09-23 18:26:03.477 19052 19052 D LifecycleMonitor: Lifecycle status change: com.shareconnect.SettingsActivity@15c856b in: STOPPED
09-23 18:26:03.477 19052 19052 V ActivityScenario: Activity lifecycle changed event received but ignored because the intent does not match. startActivityIntent=Intent { act=android.intent.action.MAIN cat=[android.intent.category.LAUNCHER] flg=0x10008000 cmp=com.shareconnect/.MainActivity }, activity.getIntent()=Intent { cmp=com.shareconnect/.SettingsActivity (has extras) }, activity=com.shareconnect.SettingsActivity@15c856b
09-23 18:26:03.477 19052 19052 V Console : Activity lifecycle :: POST-STOPPED :: SettingsActivity
09-23 18:26:03.481 19052 19052 V Console : Activity lifecycle :: PRE-DESTROYED :: MainActivity
09-23 18:26:03.482 19052 19052 V Console : Activity lifecycle :: DESTROYED :: MainActivity
09-23 18:26:03.482 19052 19052 D LifecycleMonitor: Lifecycle status change: com.shareconnect.MainActivity@a3b5ab in: DESTROYED
09-23 18:26:03.482 19052 19052 V ActivityScenario: Update currentActivityStage to DESTROYED, currentActivity=null
09-23 18:26:03.484   488   776 W InputManager-JNI: Input channel object 'b4e89bb com.shareconnect/com.shareconnect.MainActivity (client)' was disposed without first being removed with the input manager!
09-23 18:26:03.493 11811 11811 I GoogleInputMethodService: GoogleInputMethodService.onFinishInput():3227
09-23 18:26:03.493 11811 11811 I GoogleInputMethodService: GoogleInputMethodService.updateDeviceLockedStatus():2087 repeatCheckTimes = 0, unlocked = true
09-23 18:26:03.493 11811 11811 I GoogleInputMethodService: GoogleInputMethodService.onStartInput():1877 onStartInput(EditorInfo{inputType=0x0(NULL) imeOptions=0x0 privateImeOptions=null actionName=UNSPECIFIED actionLabel=null actionId=0 initialSelStart=-1 initialSelEnd=-1 initialCapsMode=0x0 hintText=null label=null packageName=com.shareconnect fieldId=-1 fieldName=null extras=null}, false)
09-23 18:26:03.493 19052 19129 E TestRunner: failed: testButtonTexts(com.shareconnect.activities.MainActivityInstrumentationTest)
09-23 18:26:03.493 11811 11811 I GoogleInputMethodService: GoogleInputMethodService.shouldHideHeaderOnInitialState():4008 ShouldHideHeaderOnInitialState = false
09-23 18:26:03.493 11811 11811 I GoogleInputMethodService: GoogleInputMethodService.updateDeviceLockedStatus():2087 repeatCheckTimes = 2, unlocked = true
09-23 18:26:03.493 19052 19129 E TestRunner: ----- begin exception -----
09-23 18:26:03.493 19052 19129 E TestRunner: java.lang.NoClassDefFoundError: Failed resolution of: Lorg/hamcrest/Matchers;
09-23 18:26:03.493 19052 19129 E TestRunner: 	at androidx.test.espresso.matcher.ViewMatchers.withId(ViewMatchers.java:1)
09-23 18:26:03.493 19052 19129 E TestRunner: 	at com.shareconnect.activities.MainActivityInstrumentationTest.testButtonTexts(MainActivityInstrumentationTest.kt:123)
09-23 18:26:03.493 19052 19129 E TestRunner: 	at java.lang.reflect.Method.invoke(Native Method)
09-23 18:26:03.493 19052 19129 E TestRunner: 	at org.junit.runners.model.FrameworkMethod$1.runReflectiveCall(FrameworkMethod.java:59)
09-23 18:26:03.493 19052 19129 E TestRunner: 	at org.junit.internal.runners.model.ReflectiveCallable.run(ReflectiveCallable.java:12)
09-23 18:26:03.493 19052 19129 E TestRunner: 	at org.junit.runners.model.FrameworkMethod.invokeExplosively(FrameworkMethod.java:56)
09-23 18:26:03.493 19052 19129 E TestRunner: 	at org.junit.internal.runners.statements.InvokeMethod.evaluate(InvokeMethod.java:17)
09-23 18:26:03.493 19052 19129 E TestRunner: 	at androidx.test.internal.runner.junit4.statement.RunBefores.evaluate(RunBefores.java:80)
09-23 18:26:03.493 19052 19129 E TestRunner: 	at androidx.test.internal.runner.junit4.statement.RunAfters.evaluate(RunAfters.java:61)
09-23 18:26:03.493 19052 19129 E TestRunner: 	at androidx.test.rule.ActivityTestRule$ActivityStatement.evaluate(ActivityTestRule.java:522)
09-23 18:26:03.493 19052 19129 E TestRunner: 	at org.junit.runners.ParentRunner$3.evaluate(ParentRunner.java:306)
09-23 18:26:03.493 19052 19129 E TestRunner: 	at org.junit.runners.BlockJUnit4ClassRunner$1.evaluate(BlockJUnit4ClassRunner.java:100)
09-23 18:26:03.493 19052 19129 E TestRunner: 	at org.junit.runners.ParentRunner.runLeaf(ParentRunner.java:366)
09-23 18:26:03.493 19052 19129 E TestRunner: 	at org.junit.runners.BlockJUnit4ClassRunner.runChild(BlockJUnit4ClassRunner.java:103)
09-23 18:26:03.493 19052 19129 E TestRunner: 	at org.junit.runners.BlockJUnit4ClassRunner.runChild(BlockJUnit4ClassRunner.java:63)
09-23 18:26:03.493 19052 19129 E TestRunner: 	at org.junit.runners.ParentRunner$4.run(ParentRunner.java:331)
09-23 18:26:03.493 19052 19129 E TestRunner: 	at org.junit.runners.ParentRunner$1.schedule(ParentRunner.java:79)
09-23 18:26:03.493 19052 19129 E TestRunner: 	at org.junit.runners.ParentRunner.runChildren(ParentRunner.java:329)
09-23 18:26:03.493 19052 19129 E TestRunner: 	at org.junit.runners.ParentRunner.access$100(ParentRunner.java:66)
09-23 18:26:03.493 19052 19129 E TestRunner: 	at org.junit.runners.ParentRunner$2.evaluate(ParentRunner.java:293)
09-23 18:26:03.493 19052 19129 E TestRunner: 	at org.junit.runners.ParentRunner$3.evaluate(ParentRunner.java:306)
09-23 18:26:03.493 19052 19129 E TestRunner: 	at org.junit.runners.ParentRunner.run(ParentRunner.java:413)
09-23 18:26:03.493 19052 19129 E TestRunner: 	at androidx.test.ext.junit.runners.AndroidJUnit4.run(AndroidJUnit4.java:162)
09-23 18:26:03.493 19052 19129 E TestRunner: 	at org.junit.runners.Suite.runChild(Suite.java:128)
09-23 18:26:03.493 19052 19129 E TestRunner: 	at org.junit.runners.Suite.runChild(Suite.java:27)
09-23 18:26:03.493 19052 19129 E TestRunner: 	at org.junit.runners.ParentRunner$4.run(ParentRunner.java:331)
09-23 18:26:03.493 19052 19129 E TestRunner: 	at org.junit.runners.ParentRunner$1.schedule(ParentRunner.java:79)
09-23 18:26:03.493 19052 19129 E TestRunner: 	at org.junit.runners.ParentRunner.runChildren(ParentRunner.java:329)
09-23 18:26:03.493 19052 19129 E TestRunner: 	at org.junit.runners.ParentRunner.access$100(ParentRunner.java:66)
09-23 18:26:03.493 19052 19129 E TestRunner: 	at org.junit.runners.ParentRunner$2.evaluate(ParentRunner.java:293)
09-23 18:26:03.493 19052 19129 E TestRunner: 	at org.junit.runners.ParentRunner$3.evaluate(ParentRunner.java:306)
09-23 18:26:03.493 19052 19129 E TestRunner: 	at org.junit.runners.ParentRunner.run(ParentRunner.java:413)
09-23 18:26:03.493 19052 19129 E TestRunner: 	at org.junit.runners.Suite.runChild(Suite.java:128)
09-23 18:26:03.493 19052 19129 E TestRunner: 	at org.junit.runners.Suite.runChild(Suite.java:27)
09-23 18:26:03.493 19052 19129 E TestRunner: 	at org.junit.runners.ParentRunner$4.run(ParentRunner.java:331)
09-23 18:26:03.493 19052 19129 E TestRunner: 	at org.junit.runners.ParentRunner$1.schedule(ParentRunner.java:79)
09-23 18:26:03.493 19052 19129 E TestRunner: 	at org.junit.runners.ParentRunner.runChildren(ParentRunner.java:329)
09-23 18:26:03.493 19052 19129 E TestRunner: 	at org.junit.runners.ParentRunner.access$100(ParentRunner.java:66)
09-23 18:26:03.493 19052 19129 E TestRunner: 	at org.junit.runners.ParentRunner$2.evaluate(ParentRunner.java:293)
09-23 18:26:03.493 19052 19129 E TestRunner: 	at org.junit.runners.ParentRunner$3.evaluate(ParentRunner.java:306)
09-23 18:26:03.493 19052 19129 E TestRunner: 	at org.junit.runners.ParentRunner.run(ParentRunner.java:413)
09-23 18:26:03.493 19052 19129 E TestRunner: 	at org.junit.runner.JUnitCore.run(JUnitCore.java:137)
09-23 18:26:03.493 19052 19129 E TestRunner: 	at org.junit.runner.JUnitCore.run(JUnitCore.java:115)
09-23 18:26:03.493 19052 19129 E TestRunner: 	at androidx.test.internal.runner.TestExecutor.execute(TestExecutor.java:68)
09-23 18:26:03.493 19052 19129 E TestRunner: 	at androidx.test.internal.runner.TestExecutor.execute(TestExecutor.java:59)
09-23 18:26:03.493 19052 19129 E TestRunner: 	at androidx.test.runner.AndroidJUnitRunner.onStart(AndroidJUnitRunner.java:463)
09-23 18:26:03.493 19052 19129 E TestRunner: 	at android.app.Instrumentation$InstrumentationThread.run(Instrumentation.java:2361)
09-23 18:26:03.494 19052 19129 E TestRunner: Caused by: java.lang.ClassNotFoundException: Didn't find class "org.hamcrest.Matchers" on path: DexPathList[[zip file "/system/framework/android.test.runner.jar", zip file "/system/framework/android.test.mock.jar", zip file "/system/framework/android.test.base.jar", zip file "/data/app/~~9eIeSJpGNwuKEpS6UddecA==/com.shareconnect.test-GmDo4qJJgaAObNT6V__lHw==/base.apk", zip file "/data/app/~~V1RMhJ4uRSUintQOLN924A==/com.shareconnect-Mtf-9DBQqrPAhiVsnmCAWA==/base.apk"],nativeLibraryDirectories=[/data/app/~~9eIeSJpGNwuKEpS6UddecA==/com.shareconnect.test-GmDo4qJJgaAObNT6V__lHw==/lib/arm64, /data/app/~~V1RMhJ4uRSUintQOLN924A==/com.shareconnect-Mtf-9DBQqrPAhiVsnmCAWA==/lib/arm64, /data/app/~~9eIeSJpGNwuKEpS6UddecA==/com.shareconnect.test-GmDo4qJJgaAObNT6V__lHw==/base.apk!/lib/arm64-v8a, /data/app/~~V1RMhJ4uRSUintQOLN924A==/com.shareconnect-Mtf-9DBQqrPAhiVsnmCAWA==/base.apk!/lib/arm64-v8a, /system/lib64, /system_ext/lib64]]
09-23 18:26:03.494 19052 19129 E TestRunner: 	at dalvik.system.BaseDexClassLoader.findClass(BaseDexClassLoader.java:259)
09-23 18:26:03.494 19052 19129 E TestRunner: 	at java.lang.ClassLoader.loadClass(ClassLoader.java:379)
09-23 18:26:03.494 19052 19129 E TestRunner: 	at java.lang.ClassLoader.loadClass(ClassLoader.java:312)
09-23 18:26:03.494 19052 19129 E TestRunner: 	... 47 more
09-23 18:26:03.494 19052 19129 E TestRunner: ----- end exception -----
09-23 18:26:03.494 19052 19129 I TestRunner: finished: testButtonTexts(com.shareconnect.activities.MainActivityInstrumentationTest)
