09-23 18:25:44.705 19052 19129 I TestRunner: started: testToolbarIsDisplayed(com.shareconnect.activities.MainActivityInstrumentationTest)
09-23 18:25:44.713 19052 19052 V Console : Activity lifecycle :: DESTROYED :: EmptyActivity
09-23 18:25:44.733 19052 19052 D LifecycleMonitor: Lifecycle status change: androidx.test.core.app.InstrumentationActivityInvoker$EmptyActivity@3fe9246 in: DESTROYED
09-23 18:25:44.735 12330 12330 D BoundBrokerSvc: onUnbind: Intent { act=com.google.android.gms.common.telemetry.service.START dat=chimera-action:/... cmp=com.google.android.gms/.chimera.PersistentApiService }
09-23 18:25:44.789 19052 19129 W Settings: Setting always_finish_activities has moved from android.provider.Settings.System to android.provider.Settings.Global, returning read-only value.
09-23 18:25:44.801   488  1911 W InputManager-JNI: Input channel object '6e4498d com.shareconnect/androidx.test.core.app.InstrumentationActivityInvoker$EmptyActivity (client)' was disposed without first being removed with the input manager!
09-23 18:25:44.827   779   868 W Parcel  : Expecting binder but got null!
09-23 18:25:44.832 19052 19052 D LifecycleMonitor: Lifecycle status change: com.shareconnect.MainActivity@c70fa90 in: PRE_ON_CREATE
09-23 18:25:44.832 19052 19052 V ActivityScenario: Activity lifecycle changed event received but ignored because the reported transition was not ON_CREATE while the last known transition was PRE_ON_CREATE
09-23 18:25:44.833 19052 19052 D Console : getDefaultTheme() returned: Warm Orange Light (ID: 1, isDefault: true)
09-23 18:25:44.833 19052 19052 D Console : getDefaultTheme() returned: Warm Orange Light (ID: 1, isDefault: true)
09-23 18:25:44.833 19052 19052 D Console : Applying theme: Warm Orange Light, colorScheme: warm_orange, isDarkMode: false, currentTheme: WARM_ORANGE_LIGHT
09-23 18:25:44.833 19052 19052 D Console : Activity MainActivity usesToolbar: true
09-23 18:25:44.834 19052 19052 D Console : Setting night mode to NO
09-23 18:25:44.839 19052 19052 D LifecycleMonitor: Lifecycle status change: com.shareconnect.MainActivity@c70fa90 in: CREATED
09-23 18:25:44.839 19052 19052 V ActivityScenario: Update currentActivityStage to CREATED, currentActivity=com.shareconnect.MainActivity@c70fa90
09-23 18:25:44.840 19052 19052 D LifecycleMonitor: Lifecycle status change: com.shareconnect.MainActivity@c70fa90 in: STARTED
09-23 18:25:44.840 19052 19052 V ActivityScenario: Update currentActivityStage to STARTED, currentActivity=com.shareconnect.MainActivity@c70fa90
09-23 18:25:44.842 19052 19052 D FirebaseSessions: App foregrounded on com.shareconnect
09-23 18:25:44.845   779   868 E OpenGLRenderer: Unable to match the desired swap behavior.
09-23 18:25:44.845 19052 19052 V Console : Activity lifecycle :: RESUMED :: MainActivity
09-23 18:25:44.845 19052 19052 V Console : Foreground activity counter :: AtomicIntWrapper :: 12312792 :: 227589169 :: Value of: 0
09-23 18:25:44.845 19052 19052 I Console : Activity lifecycle :: Main state :: Foreground
09-23 18:25:44.845 19052 19052 V Console : Foreground activity counter :: AtomicIntWrapper :: 12312792 :: 227589169 :: Incremented to: 1
09-23 18:25:44.845 19052 19052 D Console : hasThemeChanged() returned: false
09-23 18:25:44.845 19052 19052 D Console : onResume() called, themeChanged: false
09-23 18:25:44.845 19052 19052 D LifecycleMonitor: Lifecycle status change: com.shareconnect.MainActivity@c70fa90 in: RESUMED
09-23 18:25:44.846 19052 19052 V ActivityScenario: Update currentActivityStage to RESUMED, currentActivity=com.shareconnect.MainActivity@c70fa90
09-23 18:25:44.846 19052 19052 V Console : Activity lifecycle :: POST-RESUMED :: MainActivity
09-23 18:25:44.847 19052 19146 W Parcel  : Expecting binder but got null!
09-23 18:25:44.849 12330 12423 W PhBaseOp: Phenotype API error. Event: # hmrq@1a6cada8, EventCode: COMMIT_CONFIG [CONTEXT service_id=51 ]
09-23 18:25:44.849 12330 12423 W PhBaseOp: ejdy: 29538: Stale snapshot for com.google.android.libraries.consentverifier#com.google.android.gm(change count changed - expected 12  but was 9)
09-23 18:25:44.849 12330 12423 W PhBaseOp: 	at ejfw.d(:com.google.android.gms@253562029@25.35.62 (190400-804666989):1498)
09-23 18:25:44.849 12330 12423 W PhBaseOp: 	at ejfw.b(:com.google.android.gms@253562029@25.35.62 (190400-804666989):43)
09-23 18:25:44.849 12330 12423 W PhBaseOp: 	at ejfv.i(:com.google.android.gms@253562029@25.35.62 (190400-804666989):3)
09-23 18:25:44.849 12330 12423 W PhBaseOp: 	at ejfr.h(:com.google.android.gms@253562029@25.35.62 (190400-804666989):35)
09-23 18:25:44.849 12330 12423 W PhBaseOp: 	at ejfr.f(:com.google.android.gms@253562029@25.35.62 (190400-804666989):17)
09-23 18:25:44.849 12330 12423 W PhBaseOp: 	at cjzg.fA(:com.google.android.gms@253562029@25.35.62 (190400-804666989):1)
09-23 18:25:44.849 12330 12423 W PhBaseOp: 	at cjzk.run(:com.google.android.gms@253562029@25.35.62 (190400-804666989):128)
09-23 18:25:44.849 12330 12423 W PhBaseOp: 	at geoo.run(:com.google.android.gms@253562029@25.35.62 (190400-804666989):21)
09-23 18:25:44.849 12330 12423 W PhBaseOp: 	at bbnt.c(:com.google.android.gms@253562029@25.35.62 (190400-804666989):50)
09-23 18:25:44.849 12330 12423 W PhBaseOp: 	at bbnt.run(:com.google.android.gms@253562029@25.35.62 (190400-804666989):70)
09-23 18:25:44.849 12330 12423 W PhBaseOp: 	at java.util.concurrent.ThreadPoolExecutor.runWorker(ThreadPoolExecutor.java:1137)
09-23 18:25:44.849 12330 12423 W PhBaseOp: 	at java.util.concurrent.ThreadPoolExecutor$Worker.run(ThreadPoolExecutor.java:637)
09-23 18:25:44.849 12330 12423 W PhBaseOp: 	at bbtm.run(:com.google.android.gms@253562029@25.35.62 (190400-804666989):8)
09-23 18:25:44.849 12330 12423 W PhBaseOp: 	at java.lang.Thread.run(Thread.java:1012)
09-23 18:25:44.850 12330 12423 W AsyncOperation: operation=CommitToConfigurationOperationCall, opStatusCode=29538 [CONTEXT service_id=51 ]
09-23 18:25:44.850 12330 12423 W AsyncOperation: OperationException[Status{statusCode=Stale snapshot for com.google.android.libraries.consentverifier#com.google.android.gm(change count changed - expected 12  but was 9), resolution=null}]
09-23 18:25:44.850 12330 12423 W AsyncOperation: 	at ejfr.h(:com.google.android.gms@253562029@25.35.62 (190400-804666989):65)
09-23 18:25:44.850 12330 12423 W AsyncOperation: 	at ejfr.f(:com.google.android.gms@253562029@25.35.62 (190400-804666989):17)
09-23 18:25:44.850 12330 12423 W AsyncOperation: 	at cjzg.fA(:com.google.android.gms@253562029@25.35.62 (190400-804666989):1)
09-23 18:25:44.850 12330 12423 W AsyncOperation: 	at cjzk.run(:com.google.android.gms@253562029@25.35.62 (190400-804666989):128)
09-23 18:25:44.850 12330 12423 W AsyncOperation: 	at geoo.run(:com.google.android.gms@253562029@25.35.62 (190400-804666989):21)
09-23 18:25:44.850 12330 12423 W AsyncOperation: 	at bbnt.c(:com.google.android.gms@253562029@25.35.62 (190400-804666989):50)
09-23 18:25:44.850 12330 12423 W AsyncOperation: 	at bbnt.run(:com.google.android.gms@253562029@25.35.62 (190400-804666989):70)
09-23 18:25:44.850 12330 12423 W AsyncOperation: 	at java.util.concurrent.ThreadPoolExecutor.runWorker(ThreadPoolExecutor.java:1137)
09-23 18:25:44.850 12330 12423 W AsyncOperation: 	at java.util.concurrent.ThreadPoolExecutor$Worker.run(ThreadPoolExecutor.java:637)
09-23 18:25:44.850 12330 12423 W AsyncOperation: 	at bbtm.run(:com.google.android.gms@253562029@25.35.62 (190400-804666989):8)
09-23 18:25:44.850 12330 12423 W AsyncOperation: 	at java.lang.Thread.run(Thread.java:1012)
09-23 18:25:44.850 19052 19052 V Console : Activity lifecycle :: PRE-PAUSED :: MainActivity
09-23 18:25:44.850 19052 19052 D Console : Activity lifecycle :: Top activity: MainActivity
09-23 18:25:44.850 19052 19052 D FirebaseSessions: App backgrounded on com.shareconnect
09-23 18:25:44.853 19052 19052 V Console : Activity lifecycle :: PAUSED :: MainActivity
09-23 18:25:44.854 19052 19052 V Console : Foreground activity counter :: AtomicIntWrapper :: 12312792 :: 227589169 :: Decremented to: 0
09-23 18:25:44.854 19052 19052 D LifecycleMonitor: Lifecycle status change: com.shareconnect.MainActivity@c70fa90 in: PAUSED
09-23 18:25:44.854 19052 19052 V ActivityScenario: Update currentActivityStage to PAUSED, currentActivity=com.shareconnect.MainActivity@c70fa90
09-23 18:25:44.855 20387 20451 W MobStoreFlagStore: Failed to commit due to stale snapshot for com.google.android.libraries.consentverifier#com.google.android.gm, triggering flag update. Experiments may be delayed til next app start.
09-23 18:25:44.862   998  1661 D EGL_emulation: app_time_stats: avg=30.21ms min=3.29ms max=325.57ms count=40
09-23 18:25:44.869 19052 19146 E OpenGLRenderer: Unable to match the desired swap behavior.
09-23 18:25:44.886 19052 19052 D LifecycleMonitor: Lifecycle status change: com.shareconnect.SettingsActivity@af18c02 in: PRE_ON_CREATE
09-23 18:25:44.886 19052 19052 V ActivityScenario: Activity lifecycle changed event received but ignored because the intent does not match. startActivityIntent=Intent { act=android.intent.action.MAIN cat=[android.intent.category.LAUNCHER] flg=0x10008000 cmp=com.shareconnect/.MainActivity }, activity.getIntent()=Intent { cmp=com.shareconnect/.SettingsActivity (has extras) }, activity=com.shareconnect.SettingsActivity@af18c02
09-23 18:25:44.888 19052 19052 D Console : getDefaultTheme() returned: Warm Orange Light (ID: 1, isDefault: true)
09-23 18:25:44.888 19052 19052 D Console : getDefaultTheme() returned: Warm Orange Light (ID: 1, isDefault: true)
09-23 18:25:44.888 19052 19052 D Console : Applying theme: Warm Orange Light, colorScheme: warm_orange, isDarkMode: false, currentTheme: WARM_ORANGE_LIGHT
09-23 18:25:44.888 19052 19052 D Console : Activity SettingsActivity usesToolbar: true
09-23 18:25:44.889 19052 19052 D Console : Setting night mode to NO
09-23 18:25:44.896 19052 19052 D LifecycleMonitor: Lifecycle status change: com.shareconnect.SettingsActivity@af18c02 in: CREATED
09-23 18:25:44.896 19052 19052 V ActivityScenario: Activity lifecycle changed event received but ignored because the intent does not match. startActivityIntent=Intent { act=android.intent.action.MAIN cat=[android.intent.category.LAUNCHER] flg=0x10008000 cmp=com.shareconnect/.MainActivity }, activity.getIntent()=Intent { cmp=com.shareconnect/.SettingsActivity (has extras) }, activity=com.shareconnect.SettingsActivity@af18c02
09-23 18:25:44.900 19052 19052 D LifecycleMonitor: Lifecycle status change: com.shareconnect.SettingsActivity@af18c02 in: STARTED
09-23 18:25:44.900 19052 19052 V ActivityScenario: Activity lifecycle changed event received but ignored because the intent does not match. startActivityIntent=Intent { act=android.intent.action.MAIN cat=[android.intent.category.LAUNCHER] flg=0x10008000 cmp=com.shareconnect/.MainActivity }, activity.getIntent()=Intent { cmp=com.shareconnect/.SettingsActivity (has extras) }, activity=com.shareconnect.SettingsActivity@af18c02
09-23 18:25:44.901 19052 19052 D FirebaseSessions: App foregrounded on com.shareconnect
09-23 18:25:44.902 19052 19052 V Console : Activity lifecycle :: RESUMED :: SettingsActivity
09-23 18:25:44.902 19052 19052 V Console : Foreground activity counter :: AtomicIntWrapper :: 12312792 :: 227589169 :: Value of: 0
09-23 18:25:44.902 19052 19052 I Console : Activity lifecycle :: Main state :: Foreground
09-23 18:25:44.902 19052 19052 V Console : Foreground activity counter :: AtomicIntWrapper :: 12312792 :: 227589169 :: Incremented to: 1
09-23 18:25:44.903 19052 19052 D LifecycleMonitor: Lifecycle status change: com.shareconnect.SettingsActivity@af18c02 in: RESUMED
09-23 18:25:44.903 19052 19052 V ActivityScenario: Activity lifecycle changed event received but ignored because the intent does not match. startActivityIntent=Intent { act=android.intent.action.MAIN cat=[android.intent.category.LAUNCHER] flg=0x10008000 cmp=com.shareconnect/.MainActivity }, activity.getIntent()=Intent { cmp=com.shareconnect/.SettingsActivity (has extras) }, activity=com.shareconnect.SettingsActivity@af18c02
09-23 18:25:44.904 19052 19052 V Console : Activity lifecycle :: POST-RESUMED :: SettingsActivity
09-23 18:25:44.905 19052 19146 W Parcel  : Expecting binder but got null!
09-23 18:25:44.909 19052 19052 V Console : Activity lifecycle :: PRE-STOPPED :: MainActivity
09-23 18:25:44.911 19052 19052 V Console : Activity lifecycle :: STOPPED :: MainActivity
09-23 18:25:44.912 19052 19052 D LifecycleMonitor: Lifecycle status change: com.shareconnect.MainActivity@c70fa90 in: STOPPED
09-23 18:25:44.912 19052 19052 V ActivityScenario: Update currentActivityStage to STOPPED, currentActivity=com.shareconnect.MainActivity@c70fa90
09-23 18:25:44.912 19052 19052 V Console : Activity lifecycle :: POST-STOPPED :: MainActivity
09-23 18:25:44.929  1581  1581 I GsaVoiceInteractionSrv: Handling ACTION_STOP_HOTWORD
09-23 18:25:44.930  1581  2154 I HwDetectorWithState: (REDACTED) a: %d
09-23 18:25:44.944 19052 19146 E OpenGLRenderer: Unable to match the desired swap behavior.
09-23 18:25:44.944   779   868 D EGL_emulation: app_time_stats: avg=576.32ms min=9.21ms max=6736.08ms count=12
09-23 18:25:44.961   488   503 W ziparchive: Unable to open '/data/app/~~V1RMhJ4uRSUintQOLN924A==/com.shareconnect-Mtf-9DBQqrPAhiVsnmCAWA==/base.dm': No such file or directory
09-23 18:25:44.962   488   503 I ActivityTaskManager: Displayed com.shareconnect/.SettingsActivity: +138ms
09-23 18:25:44.965 11811 11811 I GoogleInputMethodService: GoogleInputMethodService.onFinishInput():3227
09-23 18:25:44.965 11811 11811 I GoogleInputMethodService: GoogleInputMethodService.updateDeviceLockedStatus():2087 repeatCheckTimes = 0, unlocked = true
09-23 18:25:44.965 11811 11811 I GoogleInputMethodService: GoogleInputMethodService.onStartInput():1877 onStartInput(EditorInfo{inputType=0x0(NULL) imeOptions=0x0 privateImeOptions=null actionName=UNSPECIFIED actionLabel=null actionId=0 initialSelStart=-1 initialSelEnd=-1 initialCapsMode=0x0 hintText=null label=null packageName=com.shareconnect fieldId=2131231190 fieldName=null extras=null}, false)
09-23 18:25:44.965 11811 11811 I GoogleInputMethodService: GoogleInputMethodService.shouldHideHeaderOnInitialState():4008 ShouldHideHeaderOnInitialState = false
09-23 18:25:44.966 11811 11811 I GoogleInputMethodService: GoogleInputMethodService.updateDeviceLockedStatus():2087 repeatCheckTimes = 2, unlocked = true
09-23 18:25:45.095   779   868 D EGL_emulation: app_time_stats: avg=1458.29ms min=67.84ms max=5435.35ms count=4
09-23 18:25:45.145  1581  2228 I AssistantForeground: (REDACTED) Get launcher package: %s
09-23 18:25:45.163   998  1945 D OneSearchSuggestProvider: Shut down the binder channel
09-23 18:25:45.163   998  1037 I s.nexuslauncher: oneway function results for code 2 on binder at 0xb400007a39479da0 will be dropped but finished with status UNKNOWN_TRANSACTION
09-23 18:25:45.246   488   776 W InputManager-JNI: Input channel object '151be77 Splash Screen com.shareconnect (client)' was disposed without first being removed with the input manager!
09-23 18:25:45.356 19052 19215 V Console : Foreground activity counter :: AtomicIntWrapper :: 12312792 :: 227589169 :: Value of: 1
09-23 18:25:46.107   779   868 D EGL_emulation: app_time_stats: avg=21.64ms min=6.12ms max=53.05ms count=46
09-23 18:25:46.193 12330 12361 W PhBaseOp: Phenotype API error. Event: # hmrq@9a5a85cf, EventCode: COMMIT_CONFIG [CONTEXT service_id=51 ]
09-23 18:25:46.193 12330 12361 W PhBaseOp: ejdy: 29538: Stale snapshot for com.google.android.libraries.performance.primes#com.google.android.gm(change count changed - expected 9  but was 5)
09-23 18:25:46.193 12330 12361 W PhBaseOp: 	at ejfw.d(:com.google.android.gms@253562029@25.35.62 (190400-804666989):1498)
09-23 18:25:46.193 12330 12361 W PhBaseOp: 	at ejfw.b(:com.google.android.gms@253562029@25.35.62 (190400-804666989):43)
09-23 18:25:46.193 12330 12361 W PhBaseOp: 	at ejfv.i(:com.google.android.gms@253562029@25.35.62 (190400-804666989):3)
09-23 18:25:46.193 12330 12361 W PhBaseOp: 	at ejfr.h(:com.google.android.gms@253562029@25.35.62 (190400-804666989):35)
09-23 18:25:46.193 12330 12361 W PhBaseOp: 	at ejfr.f(:com.google.android.gms@253562029@25.35.62 (190400-804666989):17)
09-23 18:25:46.193 12330 12361 W PhBaseOp: 	at cjzg.fA(:com.google.android.gms@253562029@25.35.62 (190400-804666989):1)
09-23 18:25:46.193 12330 12361 W PhBaseOp: 	at cjzk.run(:com.google.android.gms@253562029@25.35.62 (190400-804666989):128)
09-23 18:25:46.193 12330 12361 W PhBaseOp: 	at geoo.run(:com.google.android.gms@253562029@25.35.62 (190400-804666989):21)
09-23 18:25:46.193 12330 12361 W PhBaseOp: 	at bbnt.c(:com.google.android.gms@253562029@25.35.62 (190400-804666989):50)
09-23 18:25:46.193 12330 12361 W PhBaseOp: 	at bbnt.run(:com.google.android.gms@253562029@25.35.62 (190400-804666989):70)
09-23 18:25:46.193 12330 12361 W PhBaseOp: 	at java.util.concurrent.ThreadPoolExecutor.runWorker(ThreadPoolExecutor.java:1137)
09-23 18:25:46.193 12330 12361 W PhBaseOp: 	at java.util.concurrent.ThreadPoolExecutor$Worker.run(ThreadPoolExecutor.java:637)
09-23 18:25:46.193 12330 12361 W PhBaseOp: 	at bbtm.run(:com.google.android.gms@253562029@25.35.62 (190400-804666989):8)
09-23 18:25:46.193 12330 12361 W PhBaseOp: 	at java.lang.Thread.run(Thread.java:1012)
09-23 18:25:46.193 12330 12361 W AsyncOperation: operation=CommitToConfigurationOperationCall, opStatusCode=29538 [CONTEXT service_id=51 ]
09-23 18:25:46.193 12330 12361 W AsyncOperation: OperationException[Status{statusCode=Stale snapshot for com.google.android.libraries.performance.primes#com.google.android.gm(change count changed - expected 9  but was 5), resolution=null}]
09-23 18:25:46.193 12330 12361 W AsyncOperation: 	at ejfr.h(:com.google.android.gms@253562029@25.35.62 (190400-804666989):65)
09-23 18:25:46.193 12330 12361 W AsyncOperation: 	at ejfr.f(:com.google.android.gms@253562029@25.35.62 (190400-804666989):17)
09-23 18:25:46.193 12330 12361 W AsyncOperation: 	at cjzg.fA(:com.google.android.gms@253562029@25.35.62 (190400-804666989):1)
09-23 18:25:46.193 12330 12361 W AsyncOperation: 	at cjzk.run(:com.google.android.gms@253562029@25.35.62 (190400-804666989):128)
09-23 18:25:46.193 12330 12361 W AsyncOperation: 	at geoo.run(:com.google.android.gms@253562029@25.35.62 (190400-804666989):21)
09-23 18:25:46.193 12330 12361 W AsyncOperation: 	at bbnt.c(:com.google.android.gms@253562029@25.35.62 (190400-804666989):50)
09-23 18:25:46.193 12330 12361 W AsyncOperation: 	at bbnt.run(:com.google.android.gms@253562029@25.35.62 (190400-804666989):70)
09-23 18:25:46.193 12330 12361 W AsyncOperation: 	at java.util.concurrent.ThreadPoolExecutor.runWorker(ThreadPoolExecutor.java:1137)
09-23 18:25:46.193 12330 12361 W AsyncOperation: 	at java.util.concurrent.ThreadPoolExecutor$Worker.run(ThreadPoolExecutor.java:637)
09-23 18:25:46.193 12330 12361 W AsyncOperation: 	at bbtm.run(:com.google.android.gms@253562029@25.35.62 (190400-804666989):8)
09-23 18:25:46.193 12330 12361 W AsyncOperation: 	at java.lang.Thread.run(Thread.java:1012)
09-23 18:25:46.193 20387 20451 W MobStoreFlagStore: Failed to commit due to stale snapshot for com.google.android.libraries.performance.primes#com.google.android.gm, triggering flag update. Experiments may be delayed til next app start.
09-23 18:25:46.493 12330 12330 W ThreadPoolForeg: type=1400 audit(0.0:549): avc: denied { write } for name="traced_producer" dev="tmpfs" ino=647 scontext=u:r:gmscore_app:s0:c512,c768 tcontext=u:object_r:traced_producer_socket:s0 tclass=sock_file permissive=0 app=com.google.android.gms
09-23 18:25:46.544 19052 19146 D EGL_emulation: app_time_stats: avg=148.40ms min=1.61ms max=1453.49ms count=10
09-23 18:25:50.135 19052 19052 V Console : Activity lifecycle :: PRE-PAUSED :: SettingsActivity
09-23 18:25:50.138 19052 19052 D Console : Activity lifecycle :: Top activity: SettingsActivity
09-23 18:25:50.142 19052 19052 D FirebaseSessions: App backgrounded on com.shareconnect
09-23 18:25:50.158 19052 19052 V Console : Activity lifecycle :: PAUSED :: SettingsActivity
09-23 18:25:50.162 19052 19052 V Console : Foreground activity counter :: AtomicIntWrapper :: 12312792 :: 227589169 :: Decremented to: 0
09-23 18:25:50.162 19052 19052 D LifecycleMonitor: Lifecycle status change: com.shareconnect.SettingsActivity@af18c02 in: PAUSED
09-23 18:25:50.165 19052 19052 V ActivityScenario: Activity lifecycle changed event received but ignored because the intent does not match. startActivityIntent=Intent { act=android.intent.action.MAIN cat=[android.intent.category.LAUNCHER] flg=0x10008000 cmp=com.shareconnect/.MainActivity }, activity.getIntent()=Intent { cmp=com.shareconnect/.SettingsActivity (has extras) }, activity=com.shareconnect.SettingsActivity@af18c02
09-23 18:25:50.192 19052 19052 D LifecycleMonitor: Lifecycle status change: androidx.test.core.app.InstrumentationActivityInvoker$EmptyActivity@3fc86da in: PRE_ON_CREATE
09-23 18:25:50.192 19052 19052 V ActivityScenario: Activity lifecycle changed event received but ignored because the intent does not match. startActivityIntent=Intent { act=android.intent.action.MAIN cat=[android.intent.category.LAUNCHER] flg=0x10008000 cmp=com.shareconnect/.MainActivity }, activity.getIntent()=Intent { act=android.intent.action.MAIN cat=[android.intent.category.LAUNCHER] flg=0x10000000 cmp=com.shareconnect/androidx.test.core.app.InstrumentationActivityInvoker$EmptyActivity }, activity=androidx.test.core.app.InstrumentationActivityInvoker$EmptyActivity@3fc86da
09-23 18:25:50.198 19052 19052 D LifecycleMonitor: Lifecycle status change: androidx.test.core.app.InstrumentationActivityInvoker$EmptyActivity@3fc86da in: CREATED
09-23 18:25:50.198 19052 19052 V ActivityScenario: Activity lifecycle changed event received but ignored because the intent does not match. startActivityIntent=Intent { act=android.intent.action.MAIN cat=[android.intent.category.LAUNCHER] flg=0x10008000 cmp=com.shareconnect/.MainActivity }, activity.getIntent()=Intent { act=android.intent.action.MAIN cat=[android.intent.category.LAUNCHER] flg=0x10000000 cmp=com.shareconnect/androidx.test.core.app.InstrumentationActivityInvoker$EmptyActivity }, activity=androidx.test.core.app.InstrumentationActivityInvoker$EmptyActivity@3fc86da
09-23 18:25:50.199 19052 19052 D LifecycleMonitor: Lifecycle status change: androidx.test.core.app.InstrumentationActivityInvoker$EmptyActivity@3fc86da in: STARTED
09-23 18:25:50.199 19052 19052 V ActivityScenario: Activity lifecycle changed event received but ignored because the intent does not match. startActivityIntent=Intent { act=android.intent.action.MAIN cat=[android.intent.category.LAUNCHER] flg=0x10008000 cmp=com.shareconnect/.MainActivity }, activity.getIntent()=Intent { act=android.intent.action.MAIN cat=[android.intent.category.LAUNCHER] flg=0x10000000 cmp=com.shareconnect/androidx.test.core.app.InstrumentationActivityInvoker$EmptyActivity }, activity=androidx.test.core.app.InstrumentationActivityInvoker$EmptyActivity@3fc86da
09-23 18:25:50.200 19052 19052 D FirebaseSessions: App foregrounded on com.shareconnect
09-23 18:25:50.202 19052 19052 V Console : Activity lifecycle :: RESUMED :: EmptyActivity
09-23 18:25:50.202 19052 19052 V Console : Foreground activity counter :: AtomicIntWrapper :: 12312792 :: 227589169 :: Value of: 0
09-23 18:25:50.202 19052 19052 I Console : Activity lifecycle :: Main state :: Foreground
09-23 18:25:50.202 19052 19052 V Console : Foreground activity counter :: AtomicIntWrapper :: 12312792 :: 227589169 :: Incremented to: 1
09-23 18:25:50.204 19052 19052 D LifecycleMonitor: Lifecycle status change: androidx.test.core.app.InstrumentationActivityInvoker$EmptyActivity@3fc86da in: RESUMED
09-23 18:25:50.204 19052 19052 V ActivityScenario: Activity lifecycle changed event received but ignored because the intent does not match. startActivityIntent=Intent { act=android.intent.action.MAIN cat=[android.intent.category.LAUNCHER] flg=0x10008000 cmp=com.shareconnect/.MainActivity }, activity.getIntent()=Intent { act=android.intent.action.MAIN cat=[android.intent.category.LAUNCHER] flg=0x10000000 cmp=com.shareconnect/androidx.test.core.app.InstrumentationActivityInvoker$EmptyActivity }, activity=androidx.test.core.app.InstrumentationActivityInvoker$EmptyActivity@3fc86da
09-23 18:25:50.204 19052 19052 V Console : Activity lifecycle :: POST-RESUMED :: EmptyActivity
09-23 18:25:50.206 19052 19146 W Parcel  : Expecting binder but got null!
09-23 18:25:50.238 19052 19146 E OpenGLRenderer: Unable to match the desired swap behavior.
09-23 18:25:50.253   488   503 I ActivityTaskManager: Displayed com.shareconnect/androidx.test.core.app.InstrumentationActivityInvoker$EmptyActivity: +219ms
09-23 18:25:50.261 19052 19052 V Console : Activity lifecycle :: PRE-STOPPED :: SettingsActivity
09-23 18:25:50.262 19052 19052 V Console : Activity lifecycle :: STOPPED :: SettingsActivity
09-23 18:25:50.263 19052 19052 D LifecycleMonitor: Lifecycle status change: com.shareconnect.SettingsActivity@af18c02 in: STOPPED
09-23 18:25:50.263 19052 19052 V ActivityScenario: Activity lifecycle changed event received but ignored because the intent does not match. startActivityIntent=Intent { act=android.intent.action.MAIN cat=[android.intent.category.LAUNCHER] flg=0x10008000 cmp=com.shareconnect/.MainActivity }, activity.getIntent()=Intent { cmp=com.shareconnect/.SettingsActivity (has extras) }, activity=com.shareconnect.SettingsActivity@af18c02
09-23 18:25:50.263 19052 19052 V Console : Activity lifecycle :: POST-STOPPED :: SettingsActivity
09-23 18:25:50.282 19052 19052 V Console : Activity lifecycle :: PRE-DESTROYED :: MainActivity
09-23 18:25:50.282 19052 19052 V Console : Activity lifecycle :: DESTROYED :: MainActivity
09-23 18:25:50.283 19052 19052 D LifecycleMonitor: Lifecycle status change: com.shareconnect.MainActivity@c70fa90 in: DESTROYED
09-23 18:25:50.283 19052 19052 V ActivityScenario: Update currentActivityStage to DESTROYED, currentActivity=null
09-23 18:25:50.294 11811 11811 I GoogleInputMethodService: GoogleInputMethodService.onFinishInput():3227
09-23 18:25:50.294   488  4150 W InputManager-JNI: Input channel object '78d1705 com.shareconnect/com.shareconnect.MainActivity (client)' was disposed without first being removed with the input manager!
09-23 18:25:50.297 11811 11811 I GoogleInputMethodService: GoogleInputMethodService.updateDeviceLockedStatus():2087 repeatCheckTimes = 0, unlocked = true
09-23 18:25:50.297 11811 11811 I GoogleInputMethodService: GoogleInputMethodService.onStartInput():1877 onStartInput(EditorInfo{inputType=0x0(NULL) imeOptions=0x0 privateImeOptions=null actionName=UNSPECIFIED actionLabel=null actionId=0 initialSelStart=-1 initialSelEnd=-1 initialCapsMode=0x0 hintText=null label=null packageName=com.shareconnect fieldId=-1 fieldName=null extras=null}, false)
09-23 18:25:50.297 11811 11811 I GoogleInputMethodService: GoogleInputMethodService.shouldHideHeaderOnInitialState():4008 ShouldHideHeaderOnInitialState = false
09-23 18:25:50.297 11811 11811 I GoogleInputMethodService: GoogleInputMethodService.updateDeviceLockedStatus():2087 repeatCheckTimes = 2, unlocked = true
09-23 18:25:50.297 19052 19129 E TestRunner: failed: testToolbarIsDisplayed(com.shareconnect.activities.MainActivityInstrumentationTest)
09-23 18:25:50.299 19052 19129 E TestRunner: ----- begin exception -----
09-23 18:25:50.299 19052 19129 E TestRunner: java.lang.NoClassDefFoundError: Failed resolution of: Lorg/hamcrest/Matchers;
09-23 18:25:50.299 19052 19129 E TestRunner: 	at androidx.test.espresso.matcher.ViewMatchers.withId(ViewMatchers.java:1)
09-23 18:25:50.299 19052 19129 E TestRunner: 	at com.shareconnect.activities.MainActivityInstrumentationTest.testToolbarIsDisplayed(MainActivityInstrumentationTest.kt:99)
09-23 18:25:50.299 19052 19129 E TestRunner: 	at java.lang.reflect.Method.invoke(Native Method)
09-23 18:25:50.299 19052 19129 E TestRunner: 	at org.junit.runners.model.FrameworkMethod$1.runReflectiveCall(FrameworkMethod.java:59)
09-23 18:25:50.299 19052 19129 E TestRunner: 	at org.junit.internal.runners.model.ReflectiveCallable.run(ReflectiveCallable.java:12)
09-23 18:25:50.299 19052 19129 E TestRunner: 	at org.junit.runners.model.FrameworkMethod.invokeExplosively(FrameworkMethod.java:56)
09-23 18:25:50.299 19052 19129 E TestRunner: 	at org.junit.internal.runners.statements.InvokeMethod.evaluate(InvokeMethod.java:17)
09-23 18:25:50.299 19052 19129 E TestRunner: 	at androidx.test.internal.runner.junit4.statement.RunBefores.evaluate(RunBefores.java:80)
09-23 18:25:50.299 19052 19129 E TestRunner: 	at androidx.test.internal.runner.junit4.statement.RunAfters.evaluate(RunAfters.java:61)
09-23 18:25:50.299 19052 19129 E TestRunner: 	at androidx.test.rule.ActivityTestRule$ActivityStatement.evaluate(ActivityTestRule.java:522)
09-23 18:25:50.299 19052 19129 E TestRunner: 	at org.junit.runners.ParentRunner$3.evaluate(ParentRunner.java:306)
09-23 18:25:50.299 19052 19129 E TestRunner: 	at org.junit.runners.BlockJUnit4ClassRunner$1.evaluate(BlockJUnit4ClassRunner.java:100)
09-23 18:25:50.299 19052 19129 E TestRunner: 	at org.junit.runners.ParentRunner.runLeaf(ParentRunner.java:366)
09-23 18:25:50.299 19052 19129 E TestRunner: 	at org.junit.runners.BlockJUnit4ClassRunner.runChild(BlockJUnit4ClassRunner.java:103)
09-23 18:25:50.299 19052 19129 E TestRunner: 	at org.junit.runners.BlockJUnit4ClassRunner.runChild(BlockJUnit4ClassRunner.java:63)
09-23 18:25:50.299 19052 19129 E TestRunner: 	at org.junit.runners.ParentRunner$4.run(ParentRunner.java:331)
09-23 18:25:50.299 19052 19129 E TestRunner: 	at org.junit.runners.ParentRunner$1.schedule(ParentRunner.java:79)
09-23 18:25:50.299 19052 19129 E TestRunner: 	at org.junit.runners.ParentRunner.runChildren(ParentRunner.java:329)
09-23 18:25:50.299 19052 19129 E TestRunner: 	at org.junit.runners.ParentRunner.access$100(ParentRunner.java:66)
09-23 18:25:50.299 19052 19129 E TestRunner: 	at org.junit.runners.ParentRunner$2.evaluate(ParentRunner.java:293)
09-23 18:25:50.299 19052 19129 E TestRunner: 	at org.junit.runners.ParentRunner$3.evaluate(ParentRunner.java:306)
09-23 18:25:50.299 19052 19129 E TestRunner: 	at org.junit.runners.ParentRunner.run(ParentRunner.java:413)
09-23 18:25:50.299 19052 19129 E TestRunner: 	at androidx.test.ext.junit.runners.AndroidJUnit4.run(AndroidJUnit4.java:162)
09-23 18:25:50.299 19052 19129 E TestRunner: 	at org.junit.runners.Suite.runChild(Suite.java:128)
09-23 18:25:50.299 19052 19129 E TestRunner: 	at org.junit.runners.Suite.runChild(Suite.java:27)
09-23 18:25:50.299 19052 19129 E TestRunner: 	at org.junit.runners.ParentRunner$4.run(ParentRunner.java:331)
09-23 18:25:50.299 19052 19129 E TestRunner: 	at org.junit.runners.ParentRunner$1.schedule(ParentRunner.java:79)
09-23 18:25:50.299 19052 19129 E TestRunner: 	at org.junit.runners.ParentRunner.runChildren(ParentRunner.java:329)
09-23 18:25:50.299 19052 19129 E TestRunner: 	at org.junit.runners.ParentRunner.access$100(ParentRunner.java:66)
09-23 18:25:50.299 19052 19129 E TestRunner: 	at org.junit.runners.ParentRunner$2.evaluate(ParentRunner.java:293)
09-23 18:25:50.299 19052 19129 E TestRunner: 	at org.junit.runners.ParentRunner$3.evaluate(ParentRunner.java:306)
09-23 18:25:50.299 19052 19129 E TestRunner: 	at org.junit.runners.ParentRunner.run(ParentRunner.java:413)
09-23 18:25:50.299 19052 19129 E TestRunner: 	at org.junit.runners.Suite.runChild(Suite.java:128)
09-23 18:25:50.299 19052 19129 E TestRunner: 	at org.junit.runners.Suite.runChild(Suite.java:27)
09-23 18:25:50.299 19052 19129 E TestRunner: 	at org.junit.runners.ParentRunner$4.run(ParentRunner.java:331)
09-23 18:25:50.299 19052 19129 E TestRunner: 	at org.junit.runners.ParentRunner$1.schedule(ParentRunner.java:79)
09-23 18:25:50.299 19052 19129 E TestRunner: 	at org.junit.runners.ParentRunner.runChildren(ParentRunner.java:329)
09-23 18:25:50.299 19052 19129 E TestRunner: 	at org.junit.runners.ParentRunner.access$100(ParentRunner.java:66)
09-23 18:25:50.299 19052 19129 E TestRunner: 	at org.junit.runners.ParentRunner$2.evaluate(ParentRunner.java:293)
09-23 18:25:50.299 19052 19129 E TestRunner: 	at org.junit.runners.ParentRunner$3.evaluate(ParentRunner.java:306)
09-23 18:25:50.299 19052 19129 E TestRunner: 	at org.junit.runners.ParentRunner.run(ParentRunner.java:413)
09-23 18:25:50.299 19052 19129 E TestRunner: 	at org.junit.runner.JUnitCore.run(JUnitCore.java:137)
09-23 18:25:50.299 19052 19129 E TestRunner: 	at org.junit.runner.JUnitCore.run(JUnitCore.java:115)
09-23 18:25:50.299 19052 19129 E TestRunner: 	at androidx.test.internal.runner.TestExecutor.execute(TestExecutor.java:68)
09-23 18:25:50.299 19052 19129 E TestRunner: 	at androidx.test.internal.runner.TestExecutor.execute(TestExecutor.java:59)
09-23 18:25:50.299 19052 19129 E TestRunner: 	at androidx.test.runner.AndroidJUnitRunner.onStart(AndroidJUnitRunner.java:463)
09-23 18:25:50.299 19052 19129 E TestRunner: 	at android.app.Instrumentation$InstrumentationThread.run(Instrumentation.java:2361)
09-23 18:25:50.299 19052 19129 E TestRunner: Caused by: java.lang.ClassNotFoundException: Didn't find class "org.hamcrest.Matchers" on path: DexPathList[[zip file "/system/framework/android.test.runner.jar", zip file "/system/framework/android.test.mock.jar", zip file "/system/framework/android.test.base.jar", zip file "/data/app/~~9eIeSJpGNwuKEpS6UddecA==/com.shareconnect.test-GmDo4qJJgaAObNT6V__lHw==/base.apk", zip file "/data/app/~~V1RMhJ4uRSUintQOLN924A==/com.shareconnect-Mtf-9DBQqrPAhiVsnmCAWA==/base.apk"],nativeLibraryDirectories=[/data/app/~~9eIeSJpGNwuKEpS6UddecA==/com.shareconnect.test-GmDo4qJJgaAObNT6V__lHw==/lib/arm64, /data/app/~~V1RMhJ4uRSUintQOLN924A==/com.shareconnect-Mtf-9DBQqrPAhiVsnmCAWA==/lib/arm64, /data/app/~~9eIeSJpGNwuKEpS6UddecA==/com.shareconnect.test-GmDo4qJJgaAObNT6V__lHw==/base.apk!/lib/arm64-v8a, /data/app/~~V1RMhJ4uRSUintQOLN924A==/com.shareconnect-Mtf-9DBQqrPAhiVsnmCAWA==/base.apk!/lib/arm64-v8a, /system/lib64, /system_ext/lib64]]
09-23 18:25:50.299 19052 19129 E TestRunner: 	at dalvik.system.BaseDexClassLoader.findClass(BaseDexClassLoader.java:259)
09-23 18:25:50.299 19052 19129 E TestRunner: 	at java.lang.ClassLoader.loadClass(ClassLoader.java:379)
09-23 18:25:50.299 19052 19129 E TestRunner: 	at java.lang.ClassLoader.loadClass(ClassLoader.java:312)
09-23 18:25:50.299 19052 19129 E TestRunner: 	... 47 more
09-23 18:25:50.299 19052 19129 E TestRunner: ----- end exception -----
09-23 18:25:50.300 19052 19129 I TestRunner: finished: testToolbarIsDisplayed(com.shareconnect.activities.MainActivityInstrumentationTest)
