09-23 18:24:46.396 19052 19129 I TestRunner: started: testMinimumTouchTargetSize(com.shareconnect.automation.AccessibilityAutomationTest)
09-23 18:24:46.398 19052 19129 W Settings: Setting always_finish_activities has moved from android.provider.Settings.System to android.provider.Settings.Global, returning read-only value.
09-23 18:24:46.404   779   868 W Parcel  : Expecting binder but got null!
09-23 18:24:46.411 19052 19052 D LifecycleMonitor: Lifecycle status change: com.shareconnect.MainActivity@73863a1 in: PRE_ON_CREATE
09-23 18:24:46.411 19052 19052 V ActivityScenario: Activity lifecycle changed event received but ignored because the reported transition was not ON_CREATE while the last known transition was PRE_ON_CREATE
09-23 18:24:46.413 19052 19052 D Console : getDefaultTheme() returned: Warm Orange Light (ID: 1, isDefault: true)
09-23 18:24:46.413 19052 19052 D Console : getDefaultTheme() returned: Warm Orange Light (ID: 1, isDefault: true)
09-23 18:24:46.413 19052 19052 D Console : Applying theme: Warm Orange Light, colorScheme: warm_orange, isDarkMode: false, currentTheme: WARM_ORANGE_LIGHT
09-23 18:24:46.413 19052 19052 D Console : Activity MainActivity usesToolbar: true
09-23 18:24:46.414 19052 19052 D Console : Setting night mode to NO
09-23 18:24:46.414   779   868 E OpenGLRenderer: Unable to match the desired swap behavior.
09-23 18:24:46.422 19052 19052 D LifecycleMonitor: Lifecycle status change: com.shareconnect.MainActivity@73863a1 in: CREATED
09-23 18:24:46.422 19052 19052 V ActivityScenario: Update currentActivityStage to CREATED, currentActivity=com.shareconnect.MainActivity@73863a1
09-23 18:24:46.424 19052 19052 D LifecycleMonitor: Lifecycle status change: com.shareconnect.MainActivity@73863a1 in: STARTED
09-23 18:24:46.424 19052 19052 V ActivityScenario: Update currentActivityStage to STARTED, currentActivity=com.shareconnect.MainActivity@73863a1
09-23 18:24:46.425 19052 19052 D FirebaseSessions: App foregrounded on com.shareconnect
09-23 18:24:46.432 19052 19052 V Console : Activity lifecycle :: RESUMED :: MainActivity
09-23 18:24:46.432 19052 19052 V Console : Foreground activity counter :: AtomicIntWrapper :: 12312792 :: 227589169 :: Value of: 0
09-23 18:24:46.432 19052 19052 I Console : Activity lifecycle :: Main state :: Foreground
09-23 18:24:46.433 19052 19052 V Console : Foreground activity counter :: AtomicIntWrapper :: 12312792 :: 227589169 :: Incremented to: 1
09-23 18:24:46.436 19052 19052 D Console : hasThemeChanged() returned: false
09-23 18:24:46.436 19052 19052 D Console : onResume() called, themeChanged: false
09-23 18:24:46.436 19052 19052 D LifecycleMonitor: Lifecycle status change: com.shareconnect.MainActivity@73863a1 in: RESUMED
09-23 18:24:46.436 19052 19052 V ActivityScenario: Update currentActivityStage to RESUMED, currentActivity=com.shareconnect.MainActivity@73863a1
09-23 18:24:46.436 19052 19052 V Console : Activity lifecycle :: POST-RESUMED :: MainActivity
09-23 18:24:46.438 19052 19146 W Parcel  : Expecting binder but got null!
09-23 18:24:46.445 19052 19052 V Console : Activity lifecycle :: PRE-PAUSED :: MainActivity
09-23 18:24:46.445 19052 19052 D Console : Activity lifecycle :: Top activity: MainActivity
09-23 18:24:46.445 19052 19052 D FirebaseSessions: App backgrounded on com.shareconnect
09-23 18:24:46.446 19052 19052 V Console : Activity lifecycle :: PAUSED :: MainActivity
09-23 18:24:46.446 19052 19052 V Console : Foreground activity counter :: AtomicIntWrapper :: 12312792 :: 227589169 :: Decremented to: 0
09-23 18:24:46.446 19052 19052 D LifecycleMonitor: Lifecycle status change: com.shareconnect.MainActivity@73863a1 in: PAUSED
09-23 18:24:46.446 19052 19052 V ActivityScenario: Update currentActivityStage to PAUSED, currentActivity=com.shareconnect.MainActivity@73863a1
09-23 18:24:46.464 19052 19146 E OpenGLRenderer: Unable to match the desired swap behavior.
09-23 18:24:46.471 19052 19052 D LifecycleMonitor: Lifecycle status change: com.shareconnect.SettingsActivity@c219fb0 in: PRE_ON_CREATE
09-23 18:24:46.471 19052 19052 V ActivityScenario: Activity lifecycle changed event received but ignored because the intent does not match. startActivityIntent=Intent { act=android.intent.action.MAIN cat=[android.intent.category.LAUNCHER] flg=0x10008000 cmp=com.shareconnect/.MainActivity }, activity.getIntent()=Intent { cmp=com.shareconnect/.SettingsActivity (has extras) }, activity=com.shareconnect.SettingsActivity@c219fb0
09-23 18:24:46.472 19052 19052 D Console : getDefaultTheme() returned: Warm Orange Light (ID: 1, isDefault: true)
09-23 18:24:46.472 19052 19052 D Console : getDefaultTheme() returned: Warm Orange Light (ID: 1, isDefault: true)
09-23 18:24:46.472 19052 19052 D Console : Applying theme: Warm Orange Light, colorScheme: warm_orange, isDarkMode: false, currentTheme: WARM_ORANGE_LIGHT
09-23 18:24:46.472 19052 19052 D Console : Activity SettingsActivity usesToolbar: true
09-23 18:24:46.472 19052 19052 D Console : Setting night mode to NO
09-23 18:24:46.469 12330 12330 W ThreadPoolForeg: type=1400 audit(0.0:543): avc: denied { write } for name="traced_producer" dev="tmpfs" ino=647 scontext=u:r:gmscore_app:s0:c512,c768 tcontext=u:object_r:traced_producer_socket:s0 tclass=sock_file permissive=0 app=com.google.android.gms
09-23 18:24:46.477 19052 19052 D LifecycleMonitor: Lifecycle status change: com.shareconnect.SettingsActivity@c219fb0 in: CREATED
09-23 18:24:46.477 19052 19052 V ActivityScenario: Activity lifecycle changed event received but ignored because the intent does not match. startActivityIntent=Intent { act=android.intent.action.MAIN cat=[android.intent.category.LAUNCHER] flg=0x10008000 cmp=com.shareconnect/.MainActivity }, activity.getIntent()=Intent { cmp=com.shareconnect/.SettingsActivity (has extras) }, activity=com.shareconnect.SettingsActivity@c219fb0
09-23 18:24:46.479 19052 19052 D LifecycleMonitor: Lifecycle status change: com.shareconnect.SettingsActivity@c219fb0 in: STARTED
09-23 18:24:46.479 19052 19052 V ActivityScenario: Activity lifecycle changed event received but ignored because the intent does not match. startActivityIntent=Intent { act=android.intent.action.MAIN cat=[android.intent.category.LAUNCHER] flg=0x10008000 cmp=com.shareconnect/.MainActivity }, activity.getIntent()=Intent { cmp=com.shareconnect/.SettingsActivity (has extras) }, activity=com.shareconnect.SettingsActivity@c219fb0
09-23 18:24:46.480 19052 19052 D FirebaseSessions: App foregrounded on com.shareconnect
09-23 18:24:46.483 19052 19052 V Console : Activity lifecycle :: RESUMED :: SettingsActivity
09-23 18:24:46.483 19052 19052 V Console : Foreground activity counter :: AtomicIntWrapper :: 12312792 :: 227589169 :: Value of: 0
09-23 18:24:46.483 19052 19052 I Console : Activity lifecycle :: Main state :: Foreground
09-23 18:24:46.483 19052 19052 V Console : Foreground activity counter :: AtomicIntWrapper :: 12312792 :: 227589169 :: Incremented to: 1
09-23 18:24:46.483 19052 19052 D LifecycleMonitor: Lifecycle status change: com.shareconnect.SettingsActivity@c219fb0 in: RESUMED
09-23 18:24:46.483 19052 19052 V ActivityScenario: Activity lifecycle changed event received but ignored because the intent does not match. startActivityIntent=Intent { act=android.intent.action.MAIN cat=[android.intent.category.LAUNCHER] flg=0x10008000 cmp=com.shareconnect/.MainActivity }, activity.getIntent()=Intent { cmp=com.shareconnect/.SettingsActivity (has extras) }, activity=com.shareconnect.SettingsActivity@c219fb0
09-23 18:24:46.484 19052 19052 V Console : Activity lifecycle :: POST-RESUMED :: SettingsActivity
09-23 18:24:46.485 19052 19146 W Parcel  : Expecting binder but got null!
09-23 18:24:46.495 19052 19146 E OpenGLRenderer: Unable to match the desired swap behavior.
09-23 18:24:46.507  1581  1581 I GsaVoiceInteractionSrv: Handling ACTION_STOP_HOTWORD
09-23 18:24:46.507  1581  2233 I HwDetectorWithState: (REDACTED) a: %d
09-23 18:24:46.528   779   868 D EGL_emulation: app_time_stats: avg=533.31ms min=3.31ms max=5784.66ms count=11
09-23 18:24:46.976 19052 19471 V Console : Foreground activity counter :: AtomicIntWrapper :: 12312792 :: 227589169 :: Value of: 1
09-23 18:24:47.061   488   503 W ziparchive: Unable to open '/data/app/~~V1RMhJ4uRSUintQOLN924A==/com.shareconnect-Mtf-9DBQqrPAhiVsnmCAWA==/base.dm': No such file or directory
09-23 18:24:47.062   488   507 I Choreographer: Skipped 32 frames!  The application may be doing too much work on its main thread.
09-23 18:24:47.064   488   503 I ActivityTaskManager: Displayed com.shareconnect/.SettingsActivity: +502ms
09-23 18:24:47.066   998  1661 D EGL_emulation: app_time_stats: avg=22.86ms min=1.08ms max=555.13ms count=42
09-23 18:24:47.071  1581  2228 I AssistantForeground: (REDACTED) Get launcher package: %s
09-23 18:24:47.076 19052 19052 V Console : Activity lifecycle :: PRE-STOPPED :: MainActivity
09-23 18:24:47.081 19052 19052 V Console : Activity lifecycle :: STOPPED :: MainActivity
09-23 18:24:47.082 19052 19052 D LifecycleMonitor: Lifecycle status change: com.shareconnect.MainActivity@73863a1 in: STOPPED
09-23 18:24:47.083 19052 19052 V ActivityScenario: Update currentActivityStage to STOPPED, currentActivity=com.shareconnect.MainActivity@73863a1
09-23 18:24:47.083 19052 19052 V Console : Activity lifecycle :: POST-STOPPED :: MainActivity
09-23 18:24:47.095   998  1945 D OneSearchSuggestProvider: Shut down the binder channel
09-23 18:24:47.102   998 11368 I s.nexuslauncher: oneway function results for code 2 on binder at 0xb400007a39490d80 will be dropped but finished with status UNKNOWN_TRANSACTION
09-23 18:24:47.113 11811 11811 I GoogleInputMethodService: GoogleInputMethodService.onFinishInput():3227
09-23 18:24:47.114 11811 11811 I GoogleInputMethodService: GoogleInputMethodService.updateDeviceLockedStatus():2087 repeatCheckTimes = 0, unlocked = true
09-23 18:24:47.114 11811 11811 I GoogleInputMethodService: GoogleInputMethodService.onStartInput():1877 onStartInput(EditorInfo{inputType=0x0(NULL) imeOptions=0x0 privateImeOptions=null actionName=UNSPECIFIED actionLabel=null actionId=0 initialSelStart=-1 initialSelEnd=-1 initialCapsMode=0x0 hintText=null label=null packageName=com.shareconnect fieldId=2131231190 fieldName=null extras=null}, false)
09-23 18:24:47.114 11811 11811 I GoogleInputMethodService: GoogleInputMethodService.shouldHideHeaderOnInitialState():4008 ShouldHideHeaderOnInitialState = false
09-23 18:24:47.114 11811 11811 I GoogleInputMethodService: GoogleInputMethodService.updateDeviceLockedStatus():2087 repeatCheckTimes = 2, unlocked = true
09-23 18:24:47.116   779   868 D EGL_emulation: app_time_stats: avg=1062.99ms min=50.38ms max=4924.18ms count=5
09-23 18:24:47.346   488  4122 W InputManager-JNI: Input channel object '9ec0a8 Splash Screen com.shareconnect (client)' was disposed without first being removed with the input manager!
09-23 18:24:48.122 19052 19146 D EGL_emulation: app_time_stats: avg=127.25ms min=3.05ms max=914.04ms count=11
09-23 18:24:48.126   779   868 D EGL_emulation: app_time_stats: avg=22.12ms min=1.07ms max=78.25ms count=44
09-23 18:24:48.419 12330 12330 D BoundBrokerSvc: onUnbind: Intent { act=com.google.android.gms.presencemanager.service.START dat=chimera-action:/... cmp=com.google.android.gms/.chimera.PersistentApiService }
09-23 18:24:48.419 12330 12330 D BoundBrokerSvc: onUnbind: Intent { act=com.google.android.gms.presencemanager.service.INTERNAL_IDENTITY dat=chimera-action:/... cmp=com.google.android.gms/.chimera.PersistentApiService }
09-23 18:24:51.538 19052 19052 V Console : Activity lifecycle :: PRE-PAUSED :: SettingsActivity
09-23 18:24:51.538 19052 19052 D Console : Activity lifecycle :: Top activity: SettingsActivity
09-23 18:24:51.539 19052 19052 D FirebaseSessions: App backgrounded on com.shareconnect
09-23 18:24:51.598 19052 19052 V Console : Activity lifecycle :: PAUSED :: SettingsActivity
09-23 18:24:51.599 19052 19052 V Console : Foreground activity counter :: AtomicIntWrapper :: 12312792 :: 227589169 :: Decremented to: 0
09-23 18:24:51.599 19052 19052 D LifecycleMonitor: Lifecycle status change: com.shareconnect.SettingsActivity@c219fb0 in: PAUSED
09-23 18:24:51.599 19052 19052 V ActivityScenario: Activity lifecycle changed event received but ignored because the intent does not match. startActivityIntent=Intent { act=android.intent.action.MAIN cat=[android.intent.category.LAUNCHER] flg=0x10008000 cmp=com.shareconnect/.MainActivity }, activity.getIntent()=Intent { cmp=com.shareconnect/.SettingsActivity (has extras) }, activity=com.shareconnect.SettingsActivity@c219fb0
09-23 18:24:51.607 19052 19052 D LifecycleMonitor: Lifecycle status change: androidx.test.core.app.InstrumentationActivityInvoker$EmptyActivity@57de48 in: PRE_ON_CREATE
09-23 18:24:51.607 19052 19052 V ActivityScenario: Activity lifecycle changed event received but ignored because the intent does not match. startActivityIntent=Intent { act=android.intent.action.MAIN cat=[android.intent.category.LAUNCHER] flg=0x10008000 cmp=com.shareconnect/.MainActivity }, activity.getIntent()=Intent { act=android.intent.action.MAIN cat=[android.intent.category.LAUNCHER] flg=0x10000000 cmp=com.shareconnect/androidx.test.core.app.InstrumentationActivityInvoker$EmptyActivity }, activity=androidx.test.core.app.InstrumentationActivityInvoker$EmptyActivity@57de48
09-23 18:24:51.612 19052 19052 D LifecycleMonitor: Lifecycle status change: androidx.test.core.app.InstrumentationActivityInvoker$EmptyActivity@57de48 in: CREATED
09-23 18:24:51.613 19052 19052 V ActivityScenario: Activity lifecycle changed event received but ignored because the intent does not match. startActivityIntent=Intent { act=android.intent.action.MAIN cat=[android.intent.category.LAUNCHER] flg=0x10008000 cmp=com.shareconnect/.MainActivity }, activity.getIntent()=Intent { act=android.intent.action.MAIN cat=[android.intent.category.LAUNCHER] flg=0x10000000 cmp=com.shareconnect/androidx.test.core.app.InstrumentationActivityInvoker$EmptyActivity }, activity=androidx.test.core.app.InstrumentationActivityInvoker$EmptyActivity@57de48
09-23 18:24:51.613 19052 19052 D LifecycleMonitor: Lifecycle status change: androidx.test.core.app.InstrumentationActivityInvoker$EmptyActivity@57de48 in: STARTED
09-23 18:24:51.613 19052 19052 V ActivityScenario: Activity lifecycle changed event received but ignored because the intent does not match. startActivityIntent=Intent { act=android.intent.action.MAIN cat=[android.intent.category.LAUNCHER] flg=0x10008000 cmp=com.shareconnect/.MainActivity }, activity.getIntent()=Intent { act=android.intent.action.MAIN cat=[android.intent.category.LAUNCHER] flg=0x10000000 cmp=com.shareconnect/androidx.test.core.app.InstrumentationActivityInvoker$EmptyActivity }, activity=androidx.test.core.app.InstrumentationActivityInvoker$EmptyActivity@57de48
09-23 18:24:51.614 19052 19052 D FirebaseSessions: App foregrounded on com.shareconnect
09-23 18:24:51.616 19052 19052 V Console : Activity lifecycle :: RESUMED :: EmptyActivity
09-23 18:24:51.616 19052 19052 V Console : Foreground activity counter :: AtomicIntWrapper :: 12312792 :: 227589169 :: Value of: 0
09-23 18:24:51.616 19052 19052 I Console : Activity lifecycle :: Main state :: Foreground
09-23 18:24:51.617 19052 19052 V Console : Foreground activity counter :: AtomicIntWrapper :: 12312792 :: 227589169 :: Incremented to: 1
09-23 18:24:51.617 19052 19052 D LifecycleMonitor: Lifecycle status change: androidx.test.core.app.InstrumentationActivityInvoker$EmptyActivity@57de48 in: RESUMED
09-23 18:24:51.618 19052 19052 V ActivityScenario: Activity lifecycle changed event received but ignored because the intent does not match. startActivityIntent=Intent { act=android.intent.action.MAIN cat=[android.intent.category.LAUNCHER] flg=0x10008000 cmp=com.shareconnect/.MainActivity }, activity.getIntent()=Intent { act=android.intent.action.MAIN cat=[android.intent.category.LAUNCHER] flg=0x10000000 cmp=com.shareconnect/androidx.test.core.app.InstrumentationActivityInvoker$EmptyActivity }, activity=androidx.test.core.app.InstrumentationActivityInvoker$EmptyActivity@57de48
09-23 18:24:51.619 19052 19052 V Console : Activity lifecycle :: POST-RESUMED :: EmptyActivity
09-23 18:24:51.621 19052 19146 W Parcel  : Expecting binder but got null!
09-23 18:24:51.631 11307 19133 D AdvertisingIdClient: AdvertisingIdClient already created.
09-23 18:24:51.633 11307 19133 I AdvertisingIdClient: shouldSendLog 1481099
09-23 18:24:51.633 11307 19133 I AdvertisingIdClient: GetInfoInternal elapse 1ms
09-23 18:24:51.647 19052 19146 E OpenGLRenderer: Unable to match the desired swap behavior.
09-23 18:24:51.659   488   503 I ActivityTaskManager: Displayed com.shareconnect/androidx.test.core.app.InstrumentationActivityInvoker$EmptyActivity: +124ms
09-23 18:24:51.663 19052 19052 V Console : Activity lifecycle :: PRE-DESTROYED :: MainActivity
09-23 18:24:51.664 19052 19052 V Console : Activity lifecycle :: DESTROYED :: MainActivity
09-23 18:24:51.665 19052 19052 D LifecycleMonitor: Lifecycle status change: com.shareconnect.MainActivity@73863a1 in: DESTROYED
09-23 18:24:51.665 19052 19052 V ActivityScenario: Update currentActivityStage to DESTROYED, currentActivity=null
09-23 18:24:51.668 19052 19146 D EGL_emulation: app_time_stats: avg=206.74ms min=0.73ms max=3289.76ms count=16
09-23 18:24:51.669   488  4122 W InputManager-JNI: Input channel object 'c44df9 com.shareconnect/com.shareconnect.MainActivity (client)' was disposed without first being removed with the input manager!
09-23 18:24:51.671 19052 19052 V Console : Activity lifecycle :: PRE-STOPPED :: SettingsActivity
09-23 18:24:51.672 19052 19052 V Console : Activity lifecycle :: STOPPED :: SettingsActivity
09-23 18:24:51.677 19052 19052 D LifecycleMonitor: Lifecycle status change: com.shareconnect.SettingsActivity@c219fb0 in: STOPPED
09-23 18:24:51.677 19052 19052 V ActivityScenario: Activity lifecycle changed event received but ignored because the intent does not match. startActivityIntent=Intent { act=android.intent.action.MAIN cat=[android.intent.category.LAUNCHER] flg=0x10008000 cmp=com.shareconnect/.MainActivity }, activity.getIntent()=Intent { cmp=com.shareconnect/.SettingsActivity (has extras) }, activity=com.shareconnect.SettingsActivity@c219fb0
09-23 18:24:51.677 19052 19052 V Console : Activity lifecycle :: POST-STOPPED :: SettingsActivity
09-23 18:24:51.694 11811 11811 I GoogleInputMethodService: GoogleInputMethodService.onFinishInput():3227
09-23 18:24:52.167 19052 19467 V Console : Foreground activity counter :: AtomicIntWrapper :: 12312792 :: 227589169 :: Value of: 1
09-23 18:24:52.271 19052 19129 E TestRunner: failed: testMinimumTouchTargetSize(com.shareconnect.automation.AccessibilityAutomationTest)
09-23 18:24:52.282   488   507 I Choreographer: Skipped 35 frames!  The application may be doing too much work on its main thread.
09-23 18:24:52.284 19052 19129 E TestRunner: ----- begin exception -----
09-23 18:24:52.284 19052 19129 E TestRunner: java.lang.NoClassDefFoundError: Failed resolution of: Lorg/hamcrest/Matchers;
09-23 18:24:52.284 19052 19129 E TestRunner: 	at androidx.test.espresso.matcher.ViewMatchers.withId(ViewMatchers.java:1)
09-23 18:24:52.284 19052 19129 E TestRunner: 	at com.shareconnect.automation.AccessibilityAutomationTest.testMinimumTouchTargetSize(AccessibilityAutomationTest.kt:59)
09-23 18:24:52.284 19052 19129 E TestRunner: 	at java.lang.reflect.Method.invoke(Native Method)
09-23 18:24:52.284 19052 19129 E TestRunner: 	at org.junit.runners.model.FrameworkMethod$1.runReflectiveCall(FrameworkMethod.java:59)
09-23 18:24:52.284 19052 19129 E TestRunner: 	at org.junit.internal.runners.model.ReflectiveCallable.run(ReflectiveCallable.java:12)
09-23 18:24:52.284 19052 19129 E TestRunner: 	at org.junit.runners.model.FrameworkMethod.invokeExplosively(FrameworkMethod.java:56)
09-23 18:24:52.284 19052 19129 E TestRunner: 	at org.junit.internal.runners.statements.InvokeMethod.evaluate(InvokeMethod.java:17)
09-23 18:24:52.284 19052 19129 E TestRunner: 	at androidx.test.internal.runner.junit4.statement.RunBefores.evaluate(RunBefores.java:80)
09-23 18:24:52.284 19052 19129 E TestRunner: 	at androidx.test.internal.runner.junit4.statement.RunAfters.evaluate(RunAfters.java:61)
09-23 18:24:52.284 19052 19129 E TestRunner: 	at org.junit.runners.ParentRunner$3.evaluate(ParentRunner.java:306)
09-23 18:24:52.284 19052 19129 E TestRunner: 	at org.junit.runners.BlockJUnit4ClassRunner$1.evaluate(BlockJUnit4ClassRunner.java:100)
09-23 18:24:52.284 19052 19129 E TestRunner: 	at org.junit.runners.ParentRunner.runLeaf(ParentRunner.java:366)
09-23 18:24:52.284 19052 19129 E TestRunner: 	at org.junit.runners.BlockJUnit4ClassRunner.runChild(BlockJUnit4ClassRunner.java:103)
09-23 18:24:52.284 19052 19129 E TestRunner: 	at org.junit.runners.BlockJUnit4ClassRunner.runChild(BlockJUnit4ClassRunner.java:63)
09-23 18:24:52.284 19052 19129 E TestRunner: 	at org.junit.runners.ParentRunner$4.run(ParentRunner.java:331)
09-23 18:24:52.284 19052 19129 E TestRunner: 	at org.junit.runners.ParentRunner$1.schedule(ParentRunner.java:79)
09-23 18:24:52.284 19052 19129 E TestRunner: 	at org.junit.runners.ParentRunner.runChildren(ParentRunner.java:329)
09-23 18:24:52.284 19052 19129 E TestRunner: 	at org.junit.runners.ParentRunner.access$100(ParentRunner.java:66)
09-23 18:24:52.284 19052 19129 E TestRunner: 	at org.junit.runners.ParentRunner$2.evaluate(ParentRunner.java:293)
09-23 18:24:52.284 19052 19129 E TestRunner: 	at org.junit.runners.ParentRunner$3.evaluate(ParentRunner.java:306)
09-23 18:24:52.284 19052 19129 E TestRunner: 	at org.junit.runners.ParentRunner.run(ParentRunner.java:413)
09-23 18:24:52.284 19052 19129 E TestRunner: 	at androidx.test.ext.junit.runners.AndroidJUnit4.run(AndroidJUnit4.java:162)
09-23 18:24:52.284 19052 19129 E TestRunner: 	at org.junit.runners.Suite.runChild(Suite.java:128)
09-23 18:24:52.284 19052 19129 E TestRunner: 	at org.junit.runners.Suite.runChild(Suite.java:27)
09-23 18:24:52.284 19052 19129 E TestRunner: 	at org.junit.runners.ParentRunner$4.run(ParentRunner.java:331)
09-23 18:24:52.284 19052 19129 E TestRunner: 	at org.junit.runners.ParentRunner$1.schedule(ParentRunner.java:79)
09-23 18:24:52.284 19052 19129 E TestRunner: 	at org.junit.runners.ParentRunner.runChildren(ParentRunner.java:329)
09-23 18:24:52.284 19052 19129 E TestRunner: 	at org.junit.runners.ParentRunner.access$100(ParentRunner.java:66)
09-23 18:24:52.284 19052 19129 E TestRunner: 	at org.junit.runners.ParentRunner$2.evaluate(ParentRunner.java:293)
09-23 18:24:52.284 19052 19129 E TestRunner: 	at org.junit.runners.ParentRunner$3.evaluate(ParentRunner.java:306)
09-23 18:24:52.284 19052 19129 E TestRunner: 	at org.junit.runners.ParentRunner.run(ParentRunner.java:413)
09-23 18:24:52.284 19052 19129 E TestRunner: 	at org.junit.runners.Suite.runChild(Suite.java:128)
09-23 18:24:52.284 19052 19129 E TestRunner: 	at org.junit.runners.Suite.runChild(Suite.java:27)
09-23 18:24:52.284 19052 19129 E TestRunner: 	at org.junit.runners.ParentRunner$4.run(ParentRunner.java:331)
09-23 18:24:52.284 19052 19129 E TestRunner: 	at org.junit.runners.ParentRunner$1.schedule(ParentRunner.java:79)
09-23 18:24:52.284 19052 19129 E TestRunner: 	at org.junit.runners.ParentRunner.runChildren(ParentRunner.java:329)
09-23 18:24:52.284 19052 19129 E TestRunner: 	at org.junit.runners.ParentRunner.access$100(ParentRunner.java:66)
09-23 18:24:52.284 19052 19129 E TestRunner: 	at org.junit.runners.ParentRunner$2.evaluate(ParentRunner.java:293)
09-23 18:24:52.284 19052 19129 E TestRunner: 	at org.junit.runners.ParentRunner$3.evaluate(ParentRunner.java:306)
09-23 18:24:52.284 19052 19129 E TestRunner: 	at org.junit.runners.ParentRunner.run(ParentRunner.java:413)
09-23 18:24:52.284 19052 19129 E TestRunner: 	at org.junit.runner.JUnitCore.run(JUnitCore.java:137)
09-23 18:24:52.284 19052 19129 E TestRunner: 	at org.junit.runner.JUnitCore.run(JUnitCore.java:115)
09-23 18:24:52.284 19052 19129 E TestRunner: 	at androidx.test.internal.runner.TestExecutor.execute(TestExecutor.java:68)
09-23 18:24:52.284 19052 19129 E TestRunner: 	at androidx.test.internal.runner.TestExecutor.execute(TestExecutor.java:59)
09-23 18:24:52.284 19052 19129 E TestRunner: 	at androidx.test.runner.AndroidJUnitRunner.onStart(AndroidJUnitRunner.java:463)
09-23 18:24:52.284 19052 19129 E TestRunner: 	at android.app.Instrumentation$InstrumentationThread.run(Instrumentation.java:2361)
09-23 18:24:52.284 19052 19129 E TestRunner: Caused by: java.lang.ClassNotFoundException: Didn't find class "org.hamcrest.Matchers" on path: DexPathList[[zip file "/system/framework/android.test.runner.jar", zip file "/system/framework/android.test.mock.jar", zip file "/system/framework/android.test.base.jar", zip file "/data/app/~~9eIeSJpGNwuKEpS6UddecA==/com.shareconnect.test-GmDo4qJJgaAObNT6V__lHw==/base.apk", zip file "/data/app/~~V1RMhJ4uRSUintQOLN924A==/com.shareconnect-Mtf-9DBQqrPAhiVsnmCAWA==/base.apk"],nativeLibraryDirectories=[/data/app/~~9eIeSJpGNwuKEpS6UddecA==/com.shareconnect.test-GmDo4qJJgaAObNT6V__lHw==/lib/arm64, /data/app/~~V1RMhJ4uRSUintQOLN924A==/com.shareconnect-Mtf-9DBQqrPAhiVsnmCAWA==/lib/arm64, /data/app/~~9eIeSJpGNwuKEpS6UddecA==/com.shareconnect.test-GmDo4qJJgaAObNT6V__lHw==/base.apk!/lib/arm64-v8a, /data/app/~~V1RMhJ4uRSUintQOLN924A==/com.shareconnect-Mtf-9DBQqrPAhiVsnmCAWA==/base.apk!/lib/arm64-v8a, /system/lib64, /system_ext/lib64]]
09-23 18:24:52.284 19052 19129 E TestRunner: 	at dalvik.system.BaseDexClassLoader.findClass(BaseDexClassLoader.java:259)
09-23 18:24:52.284 19052 19129 E TestRunner: 	at java.lang.ClassLoader.loadClass(ClassLoader.java:379)
09-23 18:24:52.284 19052 19129 E TestRunner: 	at java.lang.ClassLoader.loadClass(ClassLoader.java:312)
09-23 18:24:52.284 19052 19129 E TestRunner: 	... 46 more
09-23 18:24:52.284 19052 19129 E TestRunner: ----- end exception -----
09-23 18:24:52.313 19052 19129 I TestRunner: finished: testMinimumTouchTargetSize(com.shareconnect.automation.AccessibilityAutomationTest)
