09-23 18:25:51.270 19052 19129 I TestRunner: started: testButtonIcons(com.shareconnect.activities.MainActivityInstrumentationTest)
09-23 18:25:51.277 19052 19129 W Settings: Setting always_finish_activities has moved from android.provider.Settings.System to android.provider.Settings.Global, returning read-only value.
09-23 18:25:51.301   779   868 W Parcel  : Expecting binder but got null!
09-23 18:25:51.313 19052 19052 D LifecycleMonitor: Lifecycle status change: com.shareconnect.MainActivity@a4c1d8 in: PRE_ON_CREATE
09-23 18:25:51.314 19052 19052 V ActivityScenario: Activity lifecycle changed event received but ignored because the reported transition was not ON_CREATE while the last known transition was PRE_ON_CREATE
09-23 18:25:51.316 19052 19052 D Console : getDefaultTheme() returned: Warm Orange Light (ID: 1, isDefault: true)
09-23 18:25:51.316 19052 19052 D Console : getDefaultTheme() returned: Warm Orange Light (ID: 1, isDefault: true)
09-23 18:25:51.316 19052 19052 D Console : Applying theme: Warm Orange Light, colorScheme: warm_orange, isDarkMode: false, currentTheme: WARM_ORANGE_LIGHT
09-23 18:25:51.316 19052 19052 D Console : Activity MainActivity usesToolbar: true
09-23 18:25:51.317 19052 19052 D Console : Setting night mode to NO
09-23 18:25:51.317   779   868 E OpenGLRenderer: Unable to match the desired swap behavior.
09-23 18:25:51.365 19052 19052 D LifecycleMonitor: Lifecycle status change: com.shareconnect.MainActivity@a4c1d8 in: CREATED
09-23 18:25:51.365 19052 19052 V ActivityScenario: Update currentActivityStage to CREATED, currentActivity=com.shareconnect.MainActivity@a4c1d8
09-23 18:25:51.366 19052 19052 D LifecycleMonitor: Lifecycle status change: com.shareconnect.MainActivity@a4c1d8 in: STARTED
09-23 18:25:51.366 19052 19052 V ActivityScenario: Update currentActivityStage to STARTED, currentActivity=com.shareconnect.MainActivity@a4c1d8
09-23 18:25:51.373 19052 19052 D FirebaseSessions: App foregrounded on com.shareconnect
09-23 18:25:51.383 19052 19052 V Console : Activity lifecycle :: RESUMED :: MainActivity
09-23 18:25:51.384 19052 19052 V Console : Foreground activity counter :: AtomicIntWrapper :: 12312792 :: 227589169 :: Value of: 0
09-23 18:25:51.384 19052 19052 I Console : Activity lifecycle :: Main state :: Foreground
09-23 18:25:51.384 19052 19052 V Console : Foreground activity counter :: AtomicIntWrapper :: 12312792 :: 227589169 :: Incremented to: 1
09-23 18:25:51.385 19052 19052 D Console : hasThemeChanged() returned: false
09-23 18:25:51.385 19052 19052 D Console : onResume() called, themeChanged: false
09-23 18:25:51.385 19052 19052 D LifecycleMonitor: Lifecycle status change: com.shareconnect.MainActivity@a4c1d8 in: RESUMED
09-23 18:25:51.386 19052 19052 V ActivityScenario: Update currentActivityStage to RESUMED, currentActivity=com.shareconnect.MainActivity@a4c1d8
09-23 18:25:51.387 19052 19052 V Console : Activity lifecycle :: POST-RESUMED :: MainActivity
09-23 18:25:51.391 19052 19146 W Parcel  : Expecting binder but got null!
09-23 18:25:51.395  1581  1581 I GsaVoiceInteractionSrv: Handling ACTION_STOP_HOTWORD
09-23 18:25:51.397  1581  2232 I HwDetectorWithState: (REDACTED) a: %d
09-23 18:25:51.403 19052 19052 V Console : Activity lifecycle :: PRE-PAUSED :: MainActivity
09-23 18:25:51.403 19052 19052 D Console : Activity lifecycle :: Top activity: MainActivity
09-23 18:25:51.403 19052 19052 D FirebaseSessions: App backgrounded on com.shareconnect
09-23 18:25:51.407 19052 19052 V Console : Activity lifecycle :: PAUSED :: MainActivity
09-23 18:25:51.409 19052 19052 V Console : Foreground activity counter :: AtomicIntWrapper :: 12312792 :: 227589169 :: Decremented to: 0
09-23 18:25:51.409 19052 19052 D LifecycleMonitor: Lifecycle status change: com.shareconnect.MainActivity@a4c1d8 in: PAUSED
09-23 18:25:51.410 19052 19052 V ActivityScenario: Update currentActivityStage to PAUSED, currentActivity=com.shareconnect.MainActivity@a4c1d8
09-23 18:25:51.450 19052 19146 E OpenGLRenderer: Unable to match the desired swap behavior.
09-23 18:25:51.467 19052 19052 D LifecycleMonitor: Lifecycle status change: com.shareconnect.SettingsActivity@4b4dc03 in: PRE_ON_CREATE
09-23 18:25:51.467 19052 19052 V ActivityScenario: Activity lifecycle changed event received but ignored because the intent does not match. startActivityIntent=Intent { act=android.intent.action.MAIN cat=[android.intent.category.LAUNCHER] flg=0x10008000 cmp=com.shareconnect/.MainActivity }, activity.getIntent()=Intent { cmp=com.shareconnect/.SettingsActivity (has extras) }, activity=com.shareconnect.SettingsActivity@4b4dc03
09-23 18:25:51.469 19052 19052 D Console : getDefaultTheme() returned: Warm Orange Light (ID: 1, isDefault: true)
09-23 18:25:51.469 19052 19052 D Console : getDefaultTheme() returned: Warm Orange Light (ID: 1, isDefault: true)
09-23 18:25:51.469 19052 19052 D Console : Applying theme: Warm Orange Light, colorScheme: warm_orange, isDarkMode: false, currentTheme: WARM_ORANGE_LIGHT
09-23 18:25:51.469 19052 19052 D Console : Activity SettingsActivity usesToolbar: true
09-23 18:25:51.470 19052 19052 D Console : Setting night mode to NO
09-23 18:25:51.476 19052 19052 D LifecycleMonitor: Lifecycle status change: com.shareconnect.SettingsActivity@4b4dc03 in: CREATED
09-23 18:25:51.476 19052 19052 V ActivityScenario: Activity lifecycle changed event received but ignored because the intent does not match. startActivityIntent=Intent { act=android.intent.action.MAIN cat=[android.intent.category.LAUNCHER] flg=0x10008000 cmp=com.shareconnect/.MainActivity }, activity.getIntent()=Intent { cmp=com.shareconnect/.SettingsActivity (has extras) }, activity=com.shareconnect.SettingsActivity@4b4dc03
09-23 18:25:51.480 19052 19052 D LifecycleMonitor: Lifecycle status change: com.shareconnect.SettingsActivity@4b4dc03 in: STARTED
09-23 18:25:51.480 19052 19052 V ActivityScenario: Activity lifecycle changed event received but ignored because the intent does not match. startActivityIntent=Intent { act=android.intent.action.MAIN cat=[android.intent.category.LAUNCHER] flg=0x10008000 cmp=com.shareconnect/.MainActivity }, activity.getIntent()=Intent { cmp=com.shareconnect/.SettingsActivity (has extras) }, activity=com.shareconnect.SettingsActivity@4b4dc03
09-23 18:25:51.481 19052 19052 D FirebaseSessions: App foregrounded on com.shareconnect
09-23 18:25:51.482 19052 19052 V Console : Activity lifecycle :: RESUMED :: SettingsActivity
09-23 18:25:51.482 19052 19052 V Console : Foreground activity counter :: AtomicIntWrapper :: 12312792 :: 227589169 :: Value of: 0
09-23 18:25:51.482 19052 19052 I Console : Activity lifecycle :: Main state :: Foreground
09-23 18:25:51.483 19052 19052 V Console : Foreground activity counter :: AtomicIntWrapper :: 12312792 :: 227589169 :: Incremented to: 1
09-23 18:25:51.483 19052 19052 D LifecycleMonitor: Lifecycle status change: com.shareconnect.SettingsActivity@4b4dc03 in: RESUMED
09-23 18:25:51.483 19052 19052 V ActivityScenario: Activity lifecycle changed event received but ignored because the intent does not match. startActivityIntent=Intent { act=android.intent.action.MAIN cat=[android.intent.category.LAUNCHER] flg=0x10008000 cmp=com.shareconnect/.MainActivity }, activity.getIntent()=Intent { cmp=com.shareconnect/.SettingsActivity (has extras) }, activity=com.shareconnect.SettingsActivity@4b4dc03
09-23 18:25:51.483 19052 19052 V Console : Activity lifecycle :: POST-RESUMED :: SettingsActivity
09-23 18:25:51.485 19052 19146 W Parcel  : Expecting binder but got null!
09-23 18:25:51.494 19052 19146 E OpenGLRenderer: Unable to match the desired swap behavior.
09-23 18:25:51.517   488   503 W ziparchive: Unable to open '/data/app/~~V1RMhJ4uRSUintQOLN924A==/com.shareconnect-Mtf-9DBQqrPAhiVsnmCAWA==/base.dm': No such file or directory
09-23 18:25:51.520   488   503 I ActivityTaskManager: Displayed com.shareconnect/.SettingsActivity: +236ms
09-23 18:25:51.527   779   868 D EGL_emulation: app_time_stats: avg=548.57ms min=11.13ms max=6399.32ms count=12
09-23 18:25:51.544 11811 11811 I GoogleInputMethodService: GoogleInputMethodService.onFinishInput():3227
09-23 18:25:51.545 11811 11811 I GoogleInputMethodService: GoogleInputMethodService.updateDeviceLockedStatus():2087 repeatCheckTimes = 0, unlocked = true
09-23 18:25:51.545 11811 11811 I GoogleInputMethodService: GoogleInputMethodService.onStartInput():1877 onStartInput(EditorInfo{inputType=0x0(NULL) imeOptions=0x0 privateImeOptions=null actionName=UNSPECIFIED actionLabel=null actionId=0 initialSelStart=-1 initialSelEnd=-1 initialCapsMode=0x0 hintText=null label=null packageName=com.shareconnect fieldId=2131231190 fieldName=null extras=null}, false)
09-23 18:25:51.545 11811 11811 I GoogleInputMethodService: GoogleInputMethodService.shouldHideHeaderOnInitialState():4008 ShouldHideHeaderOnInitialState = false
09-23 18:25:51.546 11811 11811 I GoogleInputMethodService: GoogleInputMethodService.updateDeviceLockedStatus():2087 repeatCheckTimes = 2, unlocked = true
09-23 18:25:51.655 19052 19052 V Console : Activity lifecycle :: PRE-STOPPED :: MainActivity
09-23 18:25:51.662   998  1945 D OneSearchSuggestProvider: Shut down the binder channel
09-23 18:25:51.664   998 11368 I s.nexuslauncher: oneway function results for code 2 on binder at 0xb400007a39491b30 will be dropped but finished with status UNKNOWN_TRANSACTION
09-23 18:25:51.671 19052 19052 V Console : Activity lifecycle :: STOPPED :: MainActivity
09-23 18:25:51.671 19052 19052 D LifecycleMonitor: Lifecycle status change: com.shareconnect.MainActivity@a4c1d8 in: STOPPED
09-23 18:25:51.671 19052 19052 V ActivityScenario: Update currentActivityStage to STOPPED, currentActivity=com.shareconnect.MainActivity@a4c1d8
09-23 18:25:51.672 19052 19052 V Console : Activity lifecycle :: POST-STOPPED :: MainActivity
09-23 18:25:51.678  1581  2227 I AssistantForeground: (REDACTED) Get launcher package: %s
09-23 18:25:51.728   779   868 D EGL_emulation: app_time_stats: avg=510.94ms min=19.01ms max=5001.08ms count=11
09-23 18:25:51.797   779   850 E BLASTBufferQueue: [VRI[shareconnect]#272](f:0,a:1) Applying pending transactions on dtor 1
09-23 18:25:51.798   488   591 W InputManager-JNI: Input channel object 'b7fd8ca Splash Screen com.shareconnect (client)' was disposed without first being removed with the input manager!
09-23 18:25:51.849   779   850 W FrameTracker: Missed SF frame:PREDICTION_ERROR, 639724, 11359706, CUJ=J<SPLASHSCREEN_EXIT_ANIM>
09-23 18:25:51.849   779   850 W FrameTracker: Missed SF frame:PREDICTION_ERROR, 639760, 7930748, CUJ=J<SPLASHSCREEN_EXIT_ANIM>
09-23 18:25:51.849   779   850 W FrameTracker: Missed App frame:JANK_APP_DEADLINE_MISSED, 639818, 0, CUJ=J<SPLASHSCREEN_EXIT_ANIM>
09-23 18:25:51.849   779   850 W FrameTracker: Missing HWUI jank callback for vsyncId: 639818, CUJ=J<SPLASHSCREEN_EXIT_ANIM>
09-23 18:25:51.849   779   850 W FrameTracker: Missed SF frame:UNKNOWN: 80, 639854, 0, CUJ=J<SPLASHSCREEN_EXIT_ANIM>
09-23 18:25:51.849   779   850 W FrameTracker: Missing HWUI jank callback for vsyncId: 639854, CUJ=J<SPLASHSCREEN_EXIT_ANIM>
09-23 18:25:51.849   779   850 W FrameTracker: Missed App frame:UNKNOWN: 88, 639883, 0, CUJ=J<SPLASHSCREEN_EXIT_ANIM>
09-23 18:25:51.849   779   850 W FrameTracker: Missed SF frame:UNKNOWN: 88, 639883, 0, CUJ=J<SPLASHSCREEN_EXIT_ANIM>
09-23 18:25:51.849   779   850 W FrameTracker: Missing HWUI jank callback for vsyncId: 639883, CUJ=J<SPLASHSCREEN_EXIT_ANIM>
09-23 18:25:51.849   779   850 W FrameTracker: Missed SF frame:UNKNOWN: 80, 639919, 50513626, CUJ=J<SPLASHSCREEN_EXIT_ANIM>
09-23 18:25:51.849   779   850 W FrameTracker: Missed App frame:UNKNOWN: 72, 639970, 45907128, CUJ=J<SPLASHSCREEN_EXIT_ANIM>
09-23 18:25:51.849   779   850 W FrameTracker: Missed SF frame:UNKNOWN: 80, 639999, 0, CUJ=J<SPLASHSCREEN_EXIT_ANIM>
09-23 18:25:51.849   779   850 W FrameTracker: Missing HWUI jank callback for vsyncId: 639999, CUJ=J<SPLASHSCREEN_EXIT_ANIM>
09-23 18:25:51.849   779   850 W FrameTracker: Missed SF frame:UNKNOWN: 80, 640021, 0, CUJ=J<SPLASHSCREEN_EXIT_ANIM>
09-23 18:25:51.849   779   850 W FrameTracker: Missing HWUI jank callback for vsyncId: 640021, CUJ=J<SPLASHSCREEN_EXIT_ANIM>
09-23 18:25:51.849   779   850 W FrameTracker: Missed App frame:UNKNOWN: 88, 640051, 33953297, CUJ=J<SPLASHSCREEN_EXIT_ANIM>
09-23 18:25:51.849   779   850 W FrameTracker: Missed SF frame:UNKNOWN: 88, 640051, 33953297, CUJ=J<SPLASHSCREEN_EXIT_ANIM>
09-23 18:25:51.849   779   850 W FrameTracker: Missing SF jank callback for vsyncId: 640066, CUJ=J<SPLASHSCREEN_EXIT_ANIM>
09-23 18:25:51.911 19052 19240 V Console : Foreground activity counter :: AtomicIntWrapper :: 12312792 :: 227589169 :: Value of: 1
09-23 18:25:52.790   779   868 D EGL_emulation: app_time_stats: avg=46.61ms min=0.75ms max=335.64ms count=22
09-23 18:25:53.097 19052 19146 D EGL_emulation: app_time_stats: avg=150.70ms min=1.79ms max=1413.27ms count=10
09-23 18:25:53.178 20345 20355 W System  : A resource failed to call AbstractCursor.close.
09-23 18:25:53.179 20345 20355 W System  : A resource failed to call AbstractCursor.close.
09-23 18:25:53.669 11307 11307 D BoundBrokerSvc: onUnbind: Intent { act=com.google.android.gms.people.contactssync.service.START pkg=com.google.android.gms }
09-23 18:25:54.574 12330 12330 D BoundBrokerSvc: onUnbind: Intent { act=com.google.android.gms.auth.aang.events.services.START dat=chimera-action:/... cmp=com.google.android.gms/.chimera.PersistentApiService }
09-23 18:25:54.575 11307 11307 D BoundBrokerSvc: onUnbind: Intent { act=com.google.android.gms.auth.service.START pkg=com.google.android.gms }
09-23 18:25:54.636 11307 11307 D BoundBrokerSvc: onUnbind: Intent { act=com.google.android.mobstore.service.START pkg=com.google.android.gms }
09-23 18:25:56.622 19052 19052 V Console : Activity lifecycle :: PRE-PAUSED :: SettingsActivity
09-23 18:25:56.622 19052 19052 D Console : Activity lifecycle :: Top activity: SettingsActivity
09-23 18:25:56.623 19052 19052 D FirebaseSessions: App backgrounded on com.shareconnect
09-23 18:25:56.634 19052 19052 V Console : Activity lifecycle :: PAUSED :: SettingsActivity
09-23 18:25:56.640 19052 19052 V Console : Foreground activity counter :: AtomicIntWrapper :: 12312792 :: 227589169 :: Decremented to: 0
09-23 18:25:56.641 19052 19052 D LifecycleMonitor: Lifecycle status change: com.shareconnect.SettingsActivity@4b4dc03 in: PAUSED
09-23 18:25:56.641 19052 19052 V ActivityScenario: Activity lifecycle changed event received but ignored because the intent does not match. startActivityIntent=Intent { act=android.intent.action.MAIN cat=[android.intent.category.LAUNCHER] flg=0x10008000 cmp=com.shareconnect/.MainActivity }, activity.getIntent()=Intent { cmp=com.shareconnect/.SettingsActivity (has extras) }, activity=com.shareconnect.SettingsActivity@4b4dc03
09-23 18:25:56.653 19052 19052 D LifecycleMonitor: Lifecycle status change: androidx.test.core.app.InstrumentationActivityInvoker$EmptyActivity@a6c0d2c in: PRE_ON_CREATE
09-23 18:25:56.653 19052 19052 V ActivityScenario: Activity lifecycle changed event received but ignored because the intent does not match. startActivityIntent=Intent { act=android.intent.action.MAIN cat=[android.intent.category.LAUNCHER] flg=0x10008000 cmp=com.shareconnect/.MainActivity }, activity.getIntent()=Intent { act=android.intent.action.MAIN cat=[android.intent.category.LAUNCHER] flg=0x10000000 cmp=com.shareconnect/androidx.test.core.app.InstrumentationActivityInvoker$EmptyActivity }, activity=androidx.test.core.app.InstrumentationActivityInvoker$EmptyActivity@a6c0d2c
09-23 18:25:56.664 19052 19052 D LifecycleMonitor: Lifecycle status change: androidx.test.core.app.InstrumentationActivityInvoker$EmptyActivity@a6c0d2c in: CREATED
09-23 18:25:56.664 19052 19052 V ActivityScenario: Activity lifecycle changed event received but ignored because the intent does not match. startActivityIntent=Intent { act=android.intent.action.MAIN cat=[android.intent.category.LAUNCHER] flg=0x10008000 cmp=com.shareconnect/.MainActivity }, activity.getIntent()=Intent { act=android.intent.action.MAIN cat=[android.intent.category.LAUNCHER] flg=0x10000000 cmp=com.shareconnect/androidx.test.core.app.InstrumentationActivityInvoker$EmptyActivity }, activity=androidx.test.core.app.InstrumentationActivityInvoker$EmptyActivity@a6c0d2c
09-23 18:25:56.665 19052 19052 D LifecycleMonitor: Lifecycle status change: androidx.test.core.app.InstrumentationActivityInvoker$EmptyActivity@a6c0d2c in: STARTED
09-23 18:25:56.665 19052 19052 V ActivityScenario: Activity lifecycle changed event received but ignored because the intent does not match. startActivityIntent=Intent { act=android.intent.action.MAIN cat=[android.intent.category.LAUNCHER] flg=0x10008000 cmp=com.shareconnect/.MainActivity }, activity.getIntent()=Intent { act=android.intent.action.MAIN cat=[android.intent.category.LAUNCHER] flg=0x10000000 cmp=com.shareconnect/androidx.test.core.app.InstrumentationActivityInvoker$EmptyActivity }, activity=androidx.test.core.app.InstrumentationActivityInvoker$EmptyActivity@a6c0d2c
09-23 18:25:56.666 19052 19052 D FirebaseSessions: App foregrounded on com.shareconnect
09-23 18:25:56.667 19052 19052 V Console : Activity lifecycle :: RESUMED :: EmptyActivity
09-23 18:25:56.667 19052 19052 V Console : Foreground activity counter :: AtomicIntWrapper :: 12312792 :: 227589169 :: Value of: 0
09-23 18:25:56.667 19052 19052 I Console : Activity lifecycle :: Main state :: Foreground
09-23 18:25:56.668 19052 19052 V Console : Foreground activity counter :: AtomicIntWrapper :: 12312792 :: 227589169 :: Incremented to: 1
09-23 18:25:56.668 19052 19052 D LifecycleMonitor: Lifecycle status change: androidx.test.core.app.InstrumentationActivityInvoker$EmptyActivity@a6c0d2c in: RESUMED
09-23 18:25:56.668 19052 19052 V ActivityScenario: Activity lifecycle changed event received but ignored because the intent does not match. startActivityIntent=Intent { act=android.intent.action.MAIN cat=[android.intent.category.LAUNCHER] flg=0x10008000 cmp=com.shareconnect/.MainActivity }, activity.getIntent()=Intent { act=android.intent.action.MAIN cat=[android.intent.category.LAUNCHER] flg=0x10000000 cmp=com.shareconnect/androidx.test.core.app.InstrumentationActivityInvoker$EmptyActivity }, activity=androidx.test.core.app.InstrumentationActivityInvoker$EmptyActivity@a6c0d2c
09-23 18:25:56.668 19052 19052 V Console : Activity lifecycle :: POST-RESUMED :: EmptyActivity
09-23 18:25:56.669 19052 19146 W Parcel  : Expecting binder but got null!
09-23 18:25:56.692 19052 19146 E OpenGLRenderer: Unable to match the desired swap behavior.
09-23 18:25:56.699   488   503 I ActivityTaskManager: Displayed com.shareconnect/androidx.test.core.app.InstrumentationActivityInvoker$EmptyActivity: +105ms
09-23 18:25:56.704 19052 19052 V Console : Activity lifecycle :: PRE-STOPPED :: SettingsActivity
09-23 18:25:56.705 19052 19052 V Console : Activity lifecycle :: STOPPED :: SettingsActivity
09-23 18:25:56.705 19052 19052 D LifecycleMonitor: Lifecycle status change: com.shareconnect.SettingsActivity@4b4dc03 in: STOPPED
09-23 18:25:56.705 19052 19052 V ActivityScenario: Activity lifecycle changed event received but ignored because the intent does not match. startActivityIntent=Intent { act=android.intent.action.MAIN cat=[android.intent.category.LAUNCHER] flg=0x10008000 cmp=com.shareconnect/.MainActivity }, activity.getIntent()=Intent { cmp=com.shareconnect/.SettingsActivity (has extras) }, activity=com.shareconnect.SettingsActivity@4b4dc03
09-23 18:25:56.705 19052 19052 V Console : Activity lifecycle :: POST-STOPPED :: SettingsActivity
09-23 18:25:56.712 11307 19133 D AdvertisingIdClient: AdvertisingIdClient already created.
09-23 18:25:56.714 11307 19133 I AdvertisingIdClient: shouldSendLog 1481099
09-23 18:25:56.714 11307 19133 I AdvertisingIdClient: GetInfoInternal elapse 1ms
09-23 18:25:56.716 19052 19052 V Console : Activity lifecycle :: PRE-DESTROYED :: MainActivity
09-23 18:25:56.716 19052 19052 V Console : Activity lifecycle :: DESTROYED :: MainActivity
09-23 18:25:56.716 11811 11811 I GoogleInputMethodService: GoogleInputMethodService.onFinishInput():3227
09-23 18:25:56.717 19052 19052 D LifecycleMonitor: Lifecycle status change: com.shareconnect.MainActivity@a4c1d8 in: DESTROYED
09-23 18:25:56.717 19052 19052 V ActivityScenario: Update currentActivityStage to DESTROYED, currentActivity=null
09-23 18:25:56.718 11811 11811 I GoogleInputMethodService: GoogleInputMethodService.updateDeviceLockedStatus():2087 repeatCheckTimes = 0, unlocked = true
09-23 18:25:56.718 11811 11811 I GoogleInputMethodService: GoogleInputMethodService.onStartInput():1877 onStartInput(EditorInfo{inputType=0x0(NULL) imeOptions=0x0 privateImeOptions=null actionName=UNSPECIFIED actionLabel=null actionId=0 initialSelStart=-1 initialSelEnd=-1 initialCapsMode=0x0 hintText=null label=null packageName=com.shareconnect fieldId=-1 fieldName=null extras=null}, false)
09-23 18:25:56.718 11811 11811 I GoogleInputMethodService: GoogleInputMethodService.shouldHideHeaderOnInitialState():4008 ShouldHideHeaderOnInitialState = false
09-23 18:25:56.718 11811 11811 I GoogleInputMethodService: GoogleInputMethodService.updateDeviceLockedStatus():2087 repeatCheckTimes = 2, unlocked = true
09-23 18:25:56.719   488  1100 W InputManager-JNI: Input channel object '31dbe21 com.shareconnect/com.shareconnect.MainActivity (client)' was disposed without first being removed with the input manager!
09-23 18:25:56.720 19052 19129 E TestRunner: failed: testButtonIcons(com.shareconnect.activities.MainActivityInstrumentationTest)
09-23 18:25:56.721 19052 19129 E TestRunner: ----- begin exception -----
09-23 18:25:56.721 19052 19129 E TestRunner: java.lang.NoClassDefFoundError: Failed resolution of: Lorg/hamcrest/Matchers;
09-23 18:25:56.721 19052 19129 E TestRunner: 	at androidx.test.espresso.matcher.ViewMatchers.withId(ViewMatchers.java:1)
09-23 18:25:56.721 19052 19129 E TestRunner: 	at com.shareconnect.activities.MainActivityInstrumentationTest.testButtonIcons(MainActivityInstrumentationTest.kt:139)
09-23 18:25:56.721 19052 19129 E TestRunner: 	at java.lang.reflect.Method.invoke(Native Method)
09-23 18:25:56.721 19052 19129 E TestRunner: 	at org.junit.runners.model.FrameworkMethod$1.runReflectiveCall(FrameworkMethod.java:59)
09-23 18:25:56.721 19052 19129 E TestRunner: 	at org.junit.internal.runners.model.ReflectiveCallable.run(ReflectiveCallable.java:12)
09-23 18:25:56.721 19052 19129 E TestRunner: 	at org.junit.runners.model.FrameworkMethod.invokeExplosively(FrameworkMethod.java:56)
09-23 18:25:56.721 19052 19129 E TestRunner: 	at org.junit.internal.runners.statements.InvokeMethod.evaluate(InvokeMethod.java:17)
09-23 18:25:56.721 19052 19129 E TestRunner: 	at androidx.test.internal.runner.junit4.statement.RunBefores.evaluate(RunBefores.java:80)
09-23 18:25:56.721 19052 19129 E TestRunner: 	at androidx.test.internal.runner.junit4.statement.RunAfters.evaluate(RunAfters.java:61)
09-23 18:25:56.721 19052 19129 E TestRunner: 	at androidx.test.rule.ActivityTestRule$ActivityStatement.evaluate(ActivityTestRule.java:522)
09-23 18:25:56.721 19052 19129 E TestRunner: 	at org.junit.runners.ParentRunner$3.evaluate(ParentRunner.java:306)
09-23 18:25:56.721 19052 19129 E TestRunner: 	at org.junit.runners.BlockJUnit4ClassRunner$1.evaluate(BlockJUnit4ClassRunner.java:100)
09-23 18:25:56.721 19052 19129 E TestRunner: 	at org.junit.runners.ParentRunner.runLeaf(ParentRunner.java:366)
09-23 18:25:56.721 19052 19129 E TestRunner: 	at org.junit.runners.BlockJUnit4ClassRunner.runChild(BlockJUnit4ClassRunner.java:103)
09-23 18:25:56.721 19052 19129 E TestRunner: 	at org.junit.runners.BlockJUnit4ClassRunner.runChild(BlockJUnit4ClassRunner.java:63)
09-23 18:25:56.721 19052 19129 E TestRunner: 	at org.junit.runners.ParentRunner$4.run(ParentRunner.java:331)
09-23 18:25:56.721 19052 19129 E TestRunner: 	at org.junit.runners.ParentRunner$1.schedule(ParentRunner.java:79)
09-23 18:25:56.721 19052 19129 E TestRunner: 	at org.junit.runners.ParentRunner.runChildren(ParentRunner.java:329)
09-23 18:25:56.721 19052 19129 E TestRunner: 	at org.junit.runners.ParentRunner.access$100(ParentRunner.java:66)
09-23 18:25:56.721 19052 19129 E TestRunner: 	at org.junit.runners.ParentRunner$2.evaluate(ParentRunner.java:293)
09-23 18:25:56.721 19052 19129 E TestRunner: 	at org.junit.runners.ParentRunner$3.evaluate(ParentRunner.java:306)
09-23 18:25:56.721 19052 19129 E TestRunner: 	at org.junit.runners.ParentRunner.run(ParentRunner.java:413)
09-23 18:25:56.721 19052 19129 E TestRunner: 	at androidx.test.ext.junit.runners.AndroidJUnit4.run(AndroidJUnit4.java:162)
09-23 18:25:56.721 19052 19129 E TestRunner: 	at org.junit.runners.Suite.runChild(Suite.java:128)
09-23 18:25:56.721 19052 19129 E TestRunner: 	at org.junit.runners.Suite.runChild(Suite.java:27)
09-23 18:25:56.721 19052 19129 E TestRunner: 	at org.junit.runners.ParentRunner$4.run(ParentRunner.java:331)
09-23 18:25:56.721 19052 19129 E TestRunner: 	at org.junit.runners.ParentRunner$1.schedule(ParentRunner.java:79)
09-23 18:25:56.721 19052 19129 E TestRunner: 	at org.junit.runners.ParentRunner.runChildren(ParentRunner.java:329)
09-23 18:25:56.721 19052 19129 E TestRunner: 	at org.junit.runners.ParentRunner.access$100(ParentRunner.java:66)
09-23 18:25:56.721 19052 19129 E TestRunner: 	at org.junit.runners.ParentRunner$2.evaluate(ParentRunner.java:293)
09-23 18:25:56.721 19052 19129 E TestRunner: 	at org.junit.runners.ParentRunner$3.evaluate(ParentRunner.java:306)
09-23 18:25:56.721 19052 19129 E TestRunner: 	at org.junit.runners.ParentRunner.run(ParentRunner.java:413)
09-23 18:25:56.721 19052 19129 E TestRunner: 	at org.junit.runners.Suite.runChild(Suite.java:128)
09-23 18:25:56.721 19052 19129 E TestRunner: 	at org.junit.runners.Suite.runChild(Suite.java:27)
09-23 18:25:56.721 19052 19129 E TestRunner: 	at org.junit.runners.ParentRunner$4.run(ParentRunner.java:331)
09-23 18:25:56.721 19052 19129 E TestRunner: 	at org.junit.runners.ParentRunner$1.schedule(ParentRunner.java:79)
09-23 18:25:56.721 19052 19129 E TestRunner: 	at org.junit.runners.ParentRunner.runChildren(ParentRunner.java:329)
09-23 18:25:56.721 19052 19129 E TestRunner: 	at org.junit.runners.ParentRunner.access$100(ParentRunner.java:66)
09-23 18:25:56.721 19052 19129 E TestRunner: 	at org.junit.runners.ParentRunner$2.evaluate(ParentRunner.java:293)
09-23 18:25:56.721 19052 19129 E TestRunner: 	at org.junit.runners.ParentRunner$3.evaluate(ParentRunner.java:306)
09-23 18:25:56.721 19052 19129 E TestRunner: 	at org.junit.runners.ParentRunner.run(ParentRunner.java:413)
09-23 18:25:56.721 19052 19129 E TestRunner: 	at org.junit.runner.JUnitCore.run(JUnitCore.java:137)
09-23 18:25:56.721 19052 19129 E TestRunner: 	at org.junit.runner.JUnitCore.run(JUnitCore.java:115)
09-23 18:25:56.721 19052 19129 E TestRunner: 	at androidx.test.internal.runner.TestExecutor.execute(TestExecutor.java:68)
09-23 18:25:56.721 19052 19129 E TestRunner: 	at androidx.test.internal.runner.TestExecutor.execute(TestExecutor.java:59)
09-23 18:25:56.721 19052 19129 E TestRunner: 	at androidx.test.runner.AndroidJUnitRunner.onStart(AndroidJUnitRunner.java:463)
09-23 18:25:56.721 19052 19129 E TestRunner: 	at android.app.Instrumentation$InstrumentationThread.run(Instrumentation.java:2361)
09-23 18:25:56.721 19052 19129 E TestRunner: Caused by: java.lang.ClassNotFoundException: Didn't find class "org.hamcrest.Matchers" on path: DexPathList[[zip file "/system/framework/android.test.runner.jar", zip file "/system/framework/android.test.mock.jar", zip file "/system/framework/android.test.base.jar", zip file "/data/app/~~9eIeSJpGNwuKEpS6UddecA==/com.shareconnect.test-GmDo4qJJgaAObNT6V__lHw==/base.apk", zip file "/data/app/~~V1RMhJ4uRSUintQOLN924A==/com.shareconnect-Mtf-9DBQqrPAhiVsnmCAWA==/base.apk"],nativeLibraryDirectories=[/data/app/~~9eIeSJpGNwuKEpS6UddecA==/com.shareconnect.test-GmDo4qJJgaAObNT6V__lHw==/lib/arm64, /data/app/~~V1RMhJ4uRSUintQOLN924A==/com.shareconnect-Mtf-9DBQqrPAhiVsnmCAWA==/lib/arm64, /data/app/~~9eIeSJpGNwuKEpS6UddecA==/com.shareconnect.test-GmDo4qJJgaAObNT6V__lHw==/base.apk!/lib/arm64-v8a, /data/app/~~V1RMhJ4uRSUintQOLN924A==/com.shareconnect-Mtf-9DBQqrPAhiVsnmCAWA==/base.apk!/lib/arm64-v8a, /system/lib64, /system_ext/lib64]]
09-23 18:25:56.721 19052 19129 E TestRunner: 	at dalvik.system.BaseDexClassLoader.findClass(BaseDexClassLoader.java:259)
09-23 18:25:56.721 19052 19129 E TestRunner: 	at java.lang.ClassLoader.loadClass(ClassLoader.java:379)
09-23 18:25:56.721 19052 19129 E TestRunner: 	at java.lang.ClassLoader.loadClass(ClassLoader.java:312)
09-23 18:25:56.721 19052 19129 E TestRunner: 	... 47 more
09-23 18:25:56.721 19052 19129 E TestRunner: ----- end exception -----
09-23 18:25:56.721 19052 19129 I TestRunner: finished: testButtonIcons(com.shareconnect.activities.MainActivityInstrumentationTest)
