09-23 18:25:24.892 19052 19129 I TestRunner: started: testMainContentIsScrollable(com.shareconnect.activities.MainActivityInstrumentationTest)
09-23 18:25:24.896 12330 20251 I AlarmManager: setExactAndAllowWhileIdle [name: GCM_HB_ALARM type: 2 triggerAtMillis: 3530293]
09-23 18:25:24.897 19052 19129 W Settings: Setting always_finish_activities has moved from android.provider.Settings.System to android.provider.Settings.Global, returning read-only value.
09-23 18:25:24.928 19052 19052 D LifecycleMonitor: Lifecycle status change: com.shareconnect.MainActivity@6ea3dfc in: PRE_ON_CREATE
09-23 18:25:24.928 19052 19052 V ActivityScenario: Activity lifecycle changed event received but ignored because the reported transition was not ON_CREATE while the last known transition was PRE_ON_CREATE
09-23 18:25:24.930   779   868 W Parcel  : Expecting binder but got null!
09-23 18:25:24.932 19052 19052 D Console : getDefaultTheme() returned: Warm Orange Light (ID: 1, isDefault: true)
09-23 18:25:24.932 19052 19052 D Console : getDefaultTheme() returned: Warm Orange Light (ID: 1, isDefault: true)
09-23 18:25:24.932 19052 19052 D Console : Applying theme: Warm Orange Light, colorScheme: warm_orange, isDarkMode: false, currentTheme: WARM_ORANGE_LIGHT
09-23 18:25:24.932 19052 19052 D Console : Activity MainActivity usesToolbar: true
09-23 18:25:24.934 19052 19052 D Console : Setting night mode to NO
09-23 18:25:24.962   779   868 E OpenGLRenderer: Unable to match the desired swap behavior.
09-23 18:25:24.986   998   998 W FrameTracker: Missed App frame:UNKNOWN: 24, 626027, 33959058, CUJ=J<LAUNCHER_APP_CLOSE_TO_HOME>
09-23 18:25:24.986 19052 19052 D LifecycleMonitor: Lifecycle status change: com.shareconnect.MainActivity@6ea3dfc in: CREATED
09-23 18:25:24.986 19052 19052 V ActivityScenario: Update currentActivityStage to CREATED, currentActivity=com.shareconnect.MainActivity@6ea3dfc
09-23 18:25:24.986   998   998 W FrameTracker: Missed SF frame:UNKNOWN: 24, 626027, 33959058, CUJ=J<LAUNCHER_APP_CLOSE_TO_HOME>
09-23 18:25:24.986   998   998 W FrameTracker: Missed App frame:UNKNOWN: 88, 626040, 50373226, CUJ=J<LAUNCHER_APP_CLOSE_TO_HOME>
09-23 18:25:24.986   998   998 W FrameTracker: Missed SF frame:UNKNOWN: 88, 626040, 50373226, CUJ=J<LAUNCHER_APP_CLOSE_TO_HOME>
09-23 18:25:24.986   998   998 W FrameTracker: Missed SF frame:UNKNOWN: 80, 626070, 29036977, CUJ=J<LAUNCHER_APP_CLOSE_TO_HOME>
09-23 18:25:24.986   998   998 W FrameTracker: Missed SF frame:UNKNOWN: 80, 626078, 20893478, CUJ=J<LAUNCHER_APP_CLOSE_TO_HOME>
09-23 18:25:24.986   998   998 W FrameTracker: Missed SF frame:UNKNOWN: 80, 626093, 23313728, CUJ=J<LAUNCHER_APP_CLOSE_TO_HOME>
09-23 18:25:24.986   998   998 W FrameTracker: Missed SF frame:UNKNOWN: 80, 626115, 22991896, CUJ=J<LAUNCHER_APP_CLOSE_TO_HOME>
09-23 18:25:24.987   998   998 W FrameTracker: Missed SF frame:UNKNOWN: 68, 626123, 0, CUJ=J<LAUNCHER_APP_CLOSE_TO_HOME>
09-23 18:25:24.987   998   998 W FrameTracker: Missing HWUI jank callback for vsyncId: 626123, CUJ=J<LAUNCHER_APP_CLOSE_TO_HOME>
09-23 18:25:24.987   998   998 W FrameTracker: Missed SF frame:UNKNOWN: 66, 626145, 0, CUJ=J<LAUNCHER_APP_CLOSE_TO_HOME>
09-23 18:25:24.987   998   998 W FrameTracker: Missing HWUI jank callback for vsyncId: 626145, CUJ=J<LAUNCHER_APP_CLOSE_TO_HOME>
09-23 18:25:24.987   998   998 W FrameTracker: Missed App frame:UNKNOWN: 328, 626160, 136791648, CUJ=J<LAUNCHER_APP_CLOSE_TO_HOME>
09-23 18:25:24.987   998   998 W FrameTracker: Missed App frame:UNKNOWN: 24, 626184, 17704653, CUJ=J<LAUNCHER_APP_CLOSE_TO_HOME>
09-23 18:25:24.987   998   998 W FrameTracker: Missed SF frame:UNKNOWN: 24, 626184, 17704653, CUJ=J<LAUNCHER_APP_CLOSE_TO_HOME>
09-23 18:25:24.987   998   998 W FrameTracker: Missed SF frame:UNKNOWN: 80, 626193, 20046862, CUJ=J<LAUNCHER_APP_CLOSE_TO_HOME>
09-23 18:25:24.987   998   998 W FrameTracker: Missed SF frame:UNKNOWN: 80, 626208, 18761510, CUJ=J<LAUNCHER_APP_CLOSE_TO_HOME>
09-23 18:25:24.987   998   998 W FrameTracker: Missed SF frame:UNKNOWN: 80, 626222, 19062822, CUJ=J<LAUNCHER_APP_CLOSE_TO_HOME>
09-23 18:25:24.987   998   998 W FrameTracker: Missed SF frame:UNKNOWN: 80, 626230, 20207197, CUJ=J<LAUNCHER_APP_CLOSE_TO_HOME>
09-23 18:25:24.987   998   998 W FrameTracker: Missed SF frame:UNKNOWN: 80, 626238, 19646906, CUJ=J<LAUNCHER_APP_CLOSE_TO_HOME>
09-23 18:25:24.987   998   998 W FrameTracker: Missed SF frame:UNKNOWN: 80, 626246, 21385907, CUJ=J<LAUNCHER_APP_CLOSE_TO_HOME>
09-23 18:25:24.987   998   998 W FrameTracker: Missed SF frame:UNKNOWN: 80, 626254, 19669783, CUJ=J<LAUNCHER_APP_CLOSE_TO_HOME>
09-23 18:25:24.987   998   998 W FrameTracker: Missed SF frame:UNKNOWN: 80, 626262, 18684408, CUJ=J<LAUNCHER_APP_CLOSE_TO_HOME>
09-23 18:25:24.987   998   998 W FrameTracker: Missed SF frame:UNKNOWN: 80, 626270, 18671284, CUJ=J<LAUNCHER_APP_CLOSE_TO_HOME>
09-23 18:25:24.987   998   998 W FrameTracker: Missed SF frame:UNKNOWN: 80, 626278, 18522618, CUJ=J<LAUNCHER_APP_CLOSE_TO_HOME>
09-23 18:25:24.988   998   998 W FrameTracker: Missed SF frame:UNKNOWN: 80, 626286, 18727619, CUJ=J<LAUNCHER_APP_CLOSE_TO_HOME>
09-23 18:25:24.988   998   998 W FrameTracker: Missed SF frame:UNKNOWN: 80, 626294, 19711911, CUJ=J<LAUNCHER_APP_CLOSE_TO_HOME>
09-23 18:25:24.988   998   998 W FrameTracker: Missed SF frame:UNKNOWN: 80, 626302, 18784578, CUJ=J<LAUNCHER_APP_CLOSE_TO_HOME>
09-23 18:25:24.988   998   998 W FrameTracker: Missed SF frame:UNKNOWN: 80, 626310, 19253287, CUJ=J<LAUNCHER_APP_CLOSE_TO_HOME>
09-23 18:25:24.988   998   998 W FrameTracker: Missed SF frame:UNKNOWN: 80, 626318, 18670413, CUJ=J<LAUNCHER_APP_CLOSE_TO_HOME>
09-23 18:25:24.988   998   998 W FrameTracker: Missed SF frame:UNKNOWN: 80, 626326, 20579456, CUJ=J<LAUNCHER_APP_CLOSE_TO_HOME>
09-23 18:25:24.988   998   998 W FrameTracker: Missed SF frame:UNKNOWN: 80, 626334, 20605040, CUJ=J<LAUNCHER_APP_CLOSE_TO_HOME>
09-23 18:25:24.988   998   998 W FrameTracker: Missed SF frame:UNKNOWN: 80, 626342, 20470790, CUJ=J<LAUNCHER_APP_CLOSE_TO_HOME>
09-23 18:25:24.988   998   998 W FrameTracker: Missed SF frame:UNKNOWN: 80, 626350, 23725541, CUJ=J<LAUNCHER_APP_CLOSE_TO_HOME>
09-23 18:25:24.988   998   998 W FrameTracker: Missing SF jank callback for vsyncId: 626358, CUJ=J<LAUNCHER_APP_CLOSE_TO_HOME>
09-23 18:25:24.993 19052 19052 D LifecycleMonitor: Lifecycle status change: com.shareconnect.MainActivity@6ea3dfc in: STARTED
09-23 18:25:24.993 19052 19052 V ActivityScenario: Update currentActivityStage to STARTED, currentActivity=com.shareconnect.MainActivity@6ea3dfc
09-23 18:25:24.996 19052 19052 D FirebaseSessions: App foregrounded on com.shareconnect
09-23 18:25:24.999 19052 19052 V Console : Activity lifecycle :: RESUMED :: MainActivity
09-23 18:25:24.999 19052 19052 V Console : Foreground activity counter :: AtomicIntWrapper :: 12312792 :: 227589169 :: Value of: 0
09-23 18:25:25.000 19052 19052 I Console : Activity lifecycle :: Main state :: Foreground
09-23 18:25:25.000 19052 19052 V Console : Foreground activity counter :: AtomicIntWrapper :: 12312792 :: 227589169 :: Incremented to: 1
09-23 18:25:25.000 19052 19052 D Console : hasThemeChanged() returned: false
09-23 18:25:25.000 19052 19052 D Console : onResume() called, themeChanged: false
09-23 18:25:25.000 19052 19052 D LifecycleMonitor: Lifecycle status change: com.shareconnect.MainActivity@6ea3dfc in: RESUMED
09-23 18:25:25.000 19052 19052 V ActivityScenario: Update currentActivityStage to RESUMED, currentActivity=com.shareconnect.MainActivity@6ea3dfc
09-23 18:25:25.000 19052 19052 V Console : Activity lifecycle :: POST-RESUMED :: MainActivity
09-23 18:25:25.001 19052 19146 W Parcel  : Expecting binder but got null!
09-23 18:25:25.004 19052 19052 V Console : Activity lifecycle :: PRE-PAUSED :: MainActivity
09-23 18:25:25.004 19052 19052 D Console : Activity lifecycle :: Top activity: MainActivity
09-23 18:25:25.004 19052 19052 D FirebaseSessions: App backgrounded on com.shareconnect
09-23 18:25:25.005 19052 19052 V Console : Activity lifecycle :: PAUSED :: MainActivity
09-23 18:25:25.005 19052 19052 V Console : Foreground activity counter :: AtomicIntWrapper :: 12312792 :: 227589169 :: Decremented to: 0
09-23 18:25:25.006 19052 19052 D LifecycleMonitor: Lifecycle status change: com.shareconnect.MainActivity@6ea3dfc in: PAUSED
09-23 18:25:25.006 19052 19052 V ActivityScenario: Update currentActivityStage to PAUSED, currentActivity=com.shareconnect.MainActivity@6ea3dfc
09-23 18:25:25.018  1581  1581 I GsaVoiceInteractionSrv: Handling ACTION_STOP_HOTWORD
09-23 18:25:25.022  1581  2232 I HwDetectorWithState: (REDACTED) a: %d
09-23 18:25:25.029 19052 19146 E OpenGLRenderer: Unable to match the desired swap behavior.
09-23 18:25:25.037 19052 19052 D LifecycleMonitor: Lifecycle status change: com.shareconnect.SettingsActivity@ee673b7 in: PRE_ON_CREATE
09-23 18:25:25.037 19052 19052 V ActivityScenario: Activity lifecycle changed event received but ignored because the intent does not match. startActivityIntent=Intent { act=android.intent.action.MAIN cat=[android.intent.category.LAUNCHER] flg=0x10008000 cmp=com.shareconnect/.MainActivity }, activity.getIntent()=Intent { cmp=com.shareconnect/.SettingsActivity (has extras) }, activity=com.shareconnect.SettingsActivity@ee673b7
09-23 18:25:25.038 19052 19052 D Console : getDefaultTheme() returned: Warm Orange Light (ID: 1, isDefault: true)
09-23 18:25:25.038 19052 19052 D Console : getDefaultTheme() returned: Warm Orange Light (ID: 1, isDefault: true)
09-23 18:25:25.038 19052 19052 D Console : Applying theme: Warm Orange Light, colorScheme: warm_orange, isDarkMode: false, currentTheme: WARM_ORANGE_LIGHT
09-23 18:25:25.038 19052 19052 D Console : Activity SettingsActivity usesToolbar: true
09-23 18:25:25.038 19052 19052 D Console : Setting night mode to NO
09-23 18:25:25.041 19052 19052 D LifecycleMonitor: Lifecycle status change: com.shareconnect.SettingsActivity@ee673b7 in: CREATED
09-23 18:25:25.041 19052 19052 V ActivityScenario: Activity lifecycle changed event received but ignored because the intent does not match. startActivityIntent=Intent { act=android.intent.action.MAIN cat=[android.intent.category.LAUNCHER] flg=0x10008000 cmp=com.shareconnect/.MainActivity }, activity.getIntent()=Intent { cmp=com.shareconnect/.SettingsActivity (has extras) }, activity=com.shareconnect.SettingsActivity@ee673b7
09-23 18:25:25.048 19052 19052 D LifecycleMonitor: Lifecycle status change: com.shareconnect.SettingsActivity@ee673b7 in: STARTED
09-23 18:25:25.048 19052 19052 V ActivityScenario: Activity lifecycle changed event received but ignored because the intent does not match. startActivityIntent=Intent { act=android.intent.action.MAIN cat=[android.intent.category.LAUNCHER] flg=0x10008000 cmp=com.shareconnect/.MainActivity }, activity.getIntent()=Intent { cmp=com.shareconnect/.SettingsActivity (has extras) }, activity=com.shareconnect.SettingsActivity@ee673b7
09-23 18:25:25.048 19052 19052 D FirebaseSessions: App foregrounded on com.shareconnect
09-23 18:25:25.054 19052 19052 V Console : Activity lifecycle :: RESUMED :: SettingsActivity
09-23 18:25:25.054 19052 19052 V Console : Foreground activity counter :: AtomicIntWrapper :: 12312792 :: 227589169 :: Value of: 0
09-23 18:25:25.054 19052 19052 I Console : Activity lifecycle :: Main state :: Foreground
09-23 18:25:25.054 19052 19052 V Console : Foreground activity counter :: AtomicIntWrapper :: 12312792 :: 227589169 :: Incremented to: 1
09-23 18:25:25.054 19052 19052 D LifecycleMonitor: Lifecycle status change: com.shareconnect.SettingsActivity@ee673b7 in: RESUMED
09-23 18:25:25.054 19052 19052 V ActivityScenario: Activity lifecycle changed event received but ignored because the intent does not match. startActivityIntent=Intent { act=android.intent.action.MAIN cat=[android.intent.category.LAUNCHER] flg=0x10008000 cmp=com.shareconnect/.MainActivity }, activity.getIntent()=Intent { cmp=com.shareconnect/.SettingsActivity (has extras) }, activity=com.shareconnect.SettingsActivity@ee673b7
09-23 18:25:25.054 19052 19052 V Console : Activity lifecycle :: POST-RESUMED :: SettingsActivity
09-23 18:25:25.055 19052 19146 W Parcel  : Expecting binder but got null!
09-23 18:25:25.065 19052 19146 E OpenGLRenderer: Unable to match the desired swap behavior.
09-23 18:25:25.085   779   868 D EGL_emulation: app_time_stats: avg=476.62ms min=8.73ms max=6005.47ms count=13
09-23 18:25:25.085   488   503 W ziparchive: Unable to open '/data/app/~~V1RMhJ4uRSUintQOLN924A==/com.shareconnect-Mtf-9DBQqrPAhiVsnmCAWA==/base.dm': No such file or directory
09-23 18:25:25.091   488   503 I ActivityTaskManager: Displayed com.shareconnect/.SettingsActivity: +185ms
09-23 18:25:25.101 11811 11811 I GoogleInputMethodService: GoogleInputMethodService.onFinishInput():3227
09-23 18:25:25.105 11811 11811 I GoogleInputMethodService: GoogleInputMethodService.updateDeviceLockedStatus():2087 repeatCheckTimes = 0, unlocked = true
09-23 18:25:25.105 11811 11811 I GoogleInputMethodService: GoogleInputMethodService.onStartInput():1877 onStartInput(EditorInfo{inputType=0x0(NULL) imeOptions=0x0 privateImeOptions=null actionName=UNSPECIFIED actionLabel=null actionId=0 initialSelStart=-1 initialSelEnd=-1 initialCapsMode=0x0 hintText=null label=null packageName=com.shareconnect fieldId=2131231190 fieldName=null extras=null}, false)
09-23 18:25:25.105 11811 11811 I GoogleInputMethodService: GoogleInputMethodService.shouldHideHeaderOnInitialState():4008 ShouldHideHeaderOnInitialState = false
09-23 18:25:25.106 11811 11811 I GoogleInputMethodService: GoogleInputMethodService.updateDeviceLockedStatus():2087 repeatCheckTimes = 2, unlocked = true
09-23 18:25:25.279   779   868 D EGL_emulation: app_time_stats: avg=1040.77ms min=50.63ms max=4800.98ms count=5
09-23 18:25:25.300 19052 19052 V Console : Activity lifecycle :: PRE-STOPPED :: MainActivity
09-23 18:25:25.302 19052 19052 V Console : Activity lifecycle :: STOPPED :: MainActivity
09-23 18:25:25.303 19052 19052 D LifecycleMonitor: Lifecycle status change: com.shareconnect.MainActivity@6ea3dfc in: STOPPED
09-23 18:25:25.303 19052 19052 V ActivityScenario: Update currentActivityStage to STOPPED, currentActivity=com.shareconnect.MainActivity@6ea3dfc
09-23 18:25:25.303 19052 19052 V Console : Activity lifecycle :: POST-STOPPED :: MainActivity
09-23 18:25:25.311  1581  2228 I AssistantForeground: (REDACTED) Get launcher package: %s
09-23 18:25:25.313   998  1945 D OneSearchSuggestProvider: Shut down the binder channel
09-23 18:25:25.313   998  1038 I s.nexuslauncher: oneway function results for code 2 on binder at 0xb400007a3946f600 will be dropped but finished with status UNKNOWN_TRANSACTION
09-23 18:25:25.378   488   502 W InputManager-JNI: Input channel object 'c90c3cf Splash Screen com.shareconnect (client)' was disposed without first being removed with the input manager!
09-23 18:25:25.509 19052 19600 V Console : Foreground activity counter :: AtomicIntWrapper :: 12312792 :: 227589169 :: Value of: 1
09-23 18:25:25.587 12330 12338 I .gms.persistent: Background young concurrent copying GC freed 307305(12MB) AllocSpace objects, 5(104KB) LOS objects, 45% free, 15MB/28MB, paused 2.184ms,9us total 685.299ms
09-23 18:25:26.404   779   868 D EGL_emulation: app_time_stats: avg=43.20ms min=14.58ms max=199.49ms count=26
09-23 18:25:26.679 19052 19146 D EGL_emulation: app_time_stats: avg=149.91ms min=0.54ms max=1455.19ms count=10
09-23 18:25:30.214 19052 19052 V Console : Activity lifecycle :: PRE-PAUSED :: SettingsActivity
09-23 18:25:30.214 19052 19052 D Console : Activity lifecycle :: Top activity: SettingsActivity
09-23 18:25:30.216 19052 19052 D FirebaseSessions: App backgrounded on com.shareconnect
09-23 18:25:30.221 19052 19052 V Console : Activity lifecycle :: PAUSED :: SettingsActivity
09-23 18:25:30.223 19052 19052 V Console : Foreground activity counter :: AtomicIntWrapper :: 12312792 :: 227589169 :: Decremented to: 0
09-23 18:25:30.223 19052 19052 D LifecycleMonitor: Lifecycle status change: com.shareconnect.SettingsActivity@ee673b7 in: PAUSED
09-23 18:25:30.224 19052 19052 V ActivityScenario: Activity lifecycle changed event received but ignored because the intent does not match. startActivityIntent=Intent { act=android.intent.action.MAIN cat=[android.intent.category.LAUNCHER] flg=0x10008000 cmp=com.shareconnect/.MainActivity }, activity.getIntent()=Intent { cmp=com.shareconnect/.SettingsActivity (has extras) }, activity=com.shareconnect.SettingsActivity@ee673b7
09-23 18:25:30.269 19052 19052 D LifecycleMonitor: Lifecycle status change: androidx.test.core.app.InstrumentationActivityInvoker$EmptyActivity@2f2ca2f in: PRE_ON_CREATE
09-23 18:25:30.269 19052 19052 V ActivityScenario: Activity lifecycle changed event received but ignored because the intent does not match. startActivityIntent=Intent { act=android.intent.action.MAIN cat=[android.intent.category.LAUNCHER] flg=0x10008000 cmp=com.shareconnect/.MainActivity }, activity.getIntent()=Intent { act=android.intent.action.MAIN cat=[android.intent.category.LAUNCHER] flg=0x10000000 cmp=com.shareconnect/androidx.test.core.app.InstrumentationActivityInvoker$EmptyActivity }, activity=androidx.test.core.app.InstrumentationActivityInvoker$EmptyActivity@2f2ca2f
09-23 18:25:30.274 19052 19052 D LifecycleMonitor: Lifecycle status change: androidx.test.core.app.InstrumentationActivityInvoker$EmptyActivity@2f2ca2f in: CREATED
09-23 18:25:30.274 19052 19052 V ActivityScenario: Activity lifecycle changed event received but ignored because the intent does not match. startActivityIntent=Intent { act=android.intent.action.MAIN cat=[android.intent.category.LAUNCHER] flg=0x10008000 cmp=com.shareconnect/.MainActivity }, activity.getIntent()=Intent { act=android.intent.action.MAIN cat=[android.intent.category.LAUNCHER] flg=0x10000000 cmp=com.shareconnect/androidx.test.core.app.InstrumentationActivityInvoker$EmptyActivity }, activity=androidx.test.core.app.InstrumentationActivityInvoker$EmptyActivity@2f2ca2f
09-23 18:25:30.274 19052 19052 D LifecycleMonitor: Lifecycle status change: androidx.test.core.app.InstrumentationActivityInvoker$EmptyActivity@2f2ca2f in: STARTED
09-23 18:25:30.274 19052 19052 V ActivityScenario: Activity lifecycle changed event received but ignored because the intent does not match. startActivityIntent=Intent { act=android.intent.action.MAIN cat=[android.intent.category.LAUNCHER] flg=0x10008000 cmp=com.shareconnect/.MainActivity }, activity.getIntent()=Intent { act=android.intent.action.MAIN cat=[android.intent.category.LAUNCHER] flg=0x10000000 cmp=com.shareconnect/androidx.test.core.app.InstrumentationActivityInvoker$EmptyActivity }, activity=androidx.test.core.app.InstrumentationActivityInvoker$EmptyActivity@2f2ca2f
09-23 18:25:30.276 19052 19052 D FirebaseSessions: App foregrounded on com.shareconnect
09-23 18:25:30.278 19052 19052 V Console : Activity lifecycle :: RESUMED :: EmptyActivity
09-23 18:25:30.278 19052 19052 V Console : Foreground activity counter :: AtomicIntWrapper :: 12312792 :: 227589169 :: Value of: 0
09-23 18:25:30.278 19052 19052 I Console : Activity lifecycle :: Main state :: Foreground
09-23 18:25:30.278 19052 19052 V Console : Foreground activity counter :: AtomicIntWrapper :: 12312792 :: 227589169 :: Incremented to: 1
09-23 18:25:30.279 19052 19052 D LifecycleMonitor: Lifecycle status change: androidx.test.core.app.InstrumentationActivityInvoker$EmptyActivity@2f2ca2f in: RESUMED
09-23 18:25:30.279 19052 19052 V ActivityScenario: Activity lifecycle changed event received but ignored because the intent does not match. startActivityIntent=Intent { act=android.intent.action.MAIN cat=[android.intent.category.LAUNCHER] flg=0x10008000 cmp=com.shareconnect/.MainActivity }, activity.getIntent()=Intent { act=android.intent.action.MAIN cat=[android.intent.category.LAUNCHER] flg=0x10000000 cmp=com.shareconnect/androidx.test.core.app.InstrumentationActivityInvoker$EmptyActivity }, activity=androidx.test.core.app.InstrumentationActivityInvoker$EmptyActivity@2f2ca2f
09-23 18:25:30.280 19052 19052 V Console : Activity lifecycle :: POST-RESUMED :: EmptyActivity
09-23 18:25:30.285 19052 19146 W Parcel  : Expecting binder but got null!
09-23 18:25:30.303 11307 19133 D AdvertisingIdClient: AdvertisingIdClient already created.
09-23 18:25:30.306 11307 19133 I AdvertisingIdClient: shouldSendLog 1481099
09-23 18:25:30.310 19052 19146 E OpenGLRenderer: Unable to match the desired swap behavior.
09-23 18:25:30.310 11307 19133 I AdvertisingIdClient: GetInfoInternal elapse 2ms
09-23 18:25:30.329   488   503 I ActivityTaskManager: Displayed com.shareconnect/androidx.test.core.app.InstrumentationActivityInvoker$EmptyActivity: +134ms
09-23 18:25:30.353 19052 19052 V Console : Activity lifecycle :: PRE-STOPPED :: SettingsActivity
09-23 18:25:30.354 19052 19052 V Console : Activity lifecycle :: STOPPED :: SettingsActivity
09-23 18:25:30.354 19052 19052 D LifecycleMonitor: Lifecycle status change: com.shareconnect.SettingsActivity@ee673b7 in: STOPPED
09-23 18:25:30.354 19052 19052 V ActivityScenario: Activity lifecycle changed event received but ignored because the intent does not match. startActivityIntent=Intent { act=android.intent.action.MAIN cat=[android.intent.category.LAUNCHER] flg=0x10008000 cmp=com.shareconnect/.MainActivity }, activity.getIntent()=Intent { cmp=com.shareconnect/.SettingsActivity (has extras) }, activity=com.shareconnect.SettingsActivity@ee673b7
09-23 18:25:30.354 19052 19052 V Console : Activity lifecycle :: POST-STOPPED :: SettingsActivity
09-23 18:25:30.356 19052 19052 V Console : Activity lifecycle :: PRE-DESTROYED :: MainActivity
09-23 18:25:30.357 19052 19052 V Console : Activity lifecycle :: DESTROYED :: MainActivity
09-23 18:25:30.358 19052 19052 D LifecycleMonitor: Lifecycle status change: com.shareconnect.MainActivity@6ea3dfc in: DESTROYED
09-23 18:25:30.358 19052 19052 V ActivityScenario: Update currentActivityStage to DESTROYED, currentActivity=null
09-23 18:25:30.361   488   502 W InputManager-JNI: Input channel object '10b5dc7 com.shareconnect/com.shareconnect.MainActivity (client)' was disposed without first being removed with the input manager!
09-23 18:25:30.368 19052 19129 E TestRunner: failed: testMainContentIsScrollable(com.shareconnect.activities.MainActivityInstrumentationTest)
09-23 18:25:30.369 11811 11811 I GoogleInputMethodService: GoogleInputMethodService.onFinishInput():3227
09-23 18:25:30.369 19052 19129 E TestRunner: ----- begin exception -----
09-23 18:25:30.369 19052 19129 E TestRunner: java.lang.NoClassDefFoundError: Failed resolution of: Lorg/hamcrest/Matchers;
09-23 18:25:30.369 19052 19129 E TestRunner: 	at androidx.test.espresso.matcher.ViewMatchers.withId(ViewMatchers.java:1)
09-23 18:25:30.369 19052 19129 E TestRunner: 	at com.shareconnect.activities.MainActivityInstrumentationTest.testMainContentIsScrollable(MainActivityInstrumentationTest.kt:113)
09-23 18:25:30.369 19052 19129 E TestRunner: 	at java.lang.reflect.Method.invoke(Native Method)
09-23 18:25:30.369 19052 19129 E TestRunner: 	at org.junit.runners.model.FrameworkMethod$1.runReflectiveCall(FrameworkMethod.java:59)
09-23 18:25:30.369 19052 19129 E TestRunner: 	at org.junit.internal.runners.model.ReflectiveCallable.run(ReflectiveCallable.java:12)
09-23 18:25:30.369 19052 19129 E TestRunner: 	at org.junit.runners.model.FrameworkMethod.invokeExplosively(FrameworkMethod.java:56)
09-23 18:25:30.369 19052 19129 E TestRunner: 	at org.junit.internal.runners.statements.InvokeMethod.evaluate(InvokeMethod.java:17)
09-23 18:25:30.369 19052 19129 E TestRunner: 	at androidx.test.internal.runner.junit4.statement.RunBefores.evaluate(RunBefores.java:80)
09-23 18:25:30.369 19052 19129 E TestRunner: 	at androidx.test.internal.runner.junit4.statement.RunAfters.evaluate(RunAfters.java:61)
09-23 18:25:30.369 19052 19129 E TestRunner: 	at androidx.test.rule.ActivityTestRule$ActivityStatement.evaluate(ActivityTestRule.java:522)
09-23 18:25:30.369 19052 19129 E TestRunner: 	at org.junit.runners.ParentRunner$3.evaluate(ParentRunner.java:306)
09-23 18:25:30.369 19052 19129 E TestRunner: 	at org.junit.runners.BlockJUnit4ClassRunner$1.evaluate(BlockJUnit4ClassRunner.java:100)
09-23 18:25:30.369 19052 19129 E TestRunner: 	at org.junit.runners.ParentRunner.runLeaf(ParentRunner.java:366)
09-23 18:25:30.369 19052 19129 E TestRunner: 	at org.junit.runners.BlockJUnit4ClassRunner.runChild(BlockJUnit4ClassRunner.java:103)
09-23 18:25:30.369 19052 19129 E TestRunner: 	at org.junit.runners.BlockJUnit4ClassRunner.runChild(BlockJUnit4ClassRunner.java:63)
09-23 18:25:30.369 19052 19129 E TestRunner: 	at org.junit.runners.ParentRunner$4.run(ParentRunner.java:331)
09-23 18:25:30.369 19052 19129 E TestRunner: 	at org.junit.runners.ParentRunner$1.schedule(ParentRunner.java:79)
09-23 18:25:30.369 19052 19129 E TestRunner: 	at org.junit.runners.ParentRunner.runChildren(ParentRunner.java:329)
09-23 18:25:30.369 19052 19129 E TestRunner: 	at org.junit.runners.ParentRunner.access$100(ParentRunner.java:66)
09-23 18:25:30.369 19052 19129 E TestRunner: 	at org.junit.runners.ParentRunner$2.evaluate(ParentRunner.java:293)
09-23 18:25:30.369 19052 19129 E TestRunner: 	at org.junit.runners.ParentRunner$3.evaluate(ParentRunner.java:306)
09-23 18:25:30.369 19052 19129 E TestRunner: 	at org.junit.runners.ParentRunner.run(ParentRunner.java:413)
09-23 18:25:30.369 19052 19129 E TestRunner: 	at androidx.test.ext.junit.runners.AndroidJUnit4.run(AndroidJUnit4.java:162)
09-23 18:25:30.369 19052 19129 E TestRunner: 	at org.junit.runners.Suite.runChild(Suite.java:128)
09-23 18:25:30.369 19052 19129 E TestRunner: 	at org.junit.runners.Suite.runChild(Suite.java:27)
09-23 18:25:30.369 19052 19129 E TestRunner: 	at org.junit.runners.ParentRunner$4.run(ParentRunner.java:331)
09-23 18:25:30.369 19052 19129 E TestRunner: 	at org.junit.runners.ParentRunner$1.schedule(ParentRunner.java:79)
09-23 18:25:30.369 19052 19129 E TestRunner: 	at org.junit.runners.ParentRunner.runChildren(ParentRunner.java:329)
09-23 18:25:30.369 19052 19129 E TestRunner: 	at org.junit.runners.ParentRunner.access$100(ParentRunner.java:66)
09-23 18:25:30.369 19052 19129 E TestRunner: 	at org.junit.runners.ParentRunner$2.evaluate(ParentRunner.java:293)
09-23 18:25:30.369 19052 19129 E TestRunner: 	at org.junit.runners.ParentRunner$3.evaluate(ParentRunner.java:306)
09-23 18:25:30.369 19052 19129 E TestRunner: 	at org.junit.runners.ParentRunner.run(ParentRunner.java:413)
09-23 18:25:30.369 19052 19129 E TestRunner: 	at org.junit.runners.Suite.runChild(Suite.java:128)
09-23 18:25:30.369 19052 19129 E TestRunner: 	at org.junit.runners.Suite.runChild(Suite.java:27)
09-23 18:25:30.369 19052 19129 E TestRunner: 	at org.junit.runners.ParentRunner$4.run(ParentRunner.java:331)
09-23 18:25:30.369 19052 19129 E TestRunner: 	at org.junit.runners.ParentRunner$1.schedule(ParentRunner.java:79)
09-23 18:25:30.369 19052 19129 E TestRunner: 	at org.junit.runners.ParentRunner.runChildren(ParentRunner.java:329)
09-23 18:25:30.369 19052 19129 E TestRunner: 	at org.junit.runners.ParentRunner.access$100(ParentRunner.java:66)
09-23 18:25:30.369 19052 19129 E TestRunner: 	at org.junit.runners.ParentRunner$2.evaluate(ParentRunner.java:293)
09-23 18:25:30.369 19052 19129 E TestRunner: 	at org.junit.runners.ParentRunner$3.evaluate(ParentRunner.java:306)
09-23 18:25:30.369 19052 19129 E TestRunner: 	at org.junit.runners.ParentRunner.run(ParentRunner.java:413)
09-23 18:25:30.369 19052 19129 E TestRunner: 	at org.junit.runner.JUnitCore.run(JUnitCore.java:137)
09-23 18:25:30.369 19052 19129 E TestRunner: 	at org.junit.runner.JUnitCore.run(JUnitCore.java:115)
09-23 18:25:30.369 19052 19129 E TestRunner: 	at androidx.test.internal.runner.TestExecutor.execute(TestExecutor.java:68)
09-23 18:25:30.369 19052 19129 E TestRunner: 	at androidx.test.internal.runner.TestExecutor.execute(TestExecutor.java:59)
09-23 18:25:30.369 19052 19129 E TestRunner: 	at androidx.test.runner.AndroidJUnitRunner.onStart(AndroidJUnitRunner.java:463)
09-23 18:25:30.369 19052 19129 E TestRunner: 	at android.app.Instrumentation$InstrumentationThread.run(Instrumentation.java:2361)
09-23 18:25:30.369 19052 19129 E TestRunner: Caused by: java.lang.ClassNotFoundException: Didn't find class "org.hamcrest.Matchers" on path: DexPathList[[zip file "/system/framework/android.test.runner.jar", zip file "/system/framework/android.test.mock.jar", zip file "/system/framework/android.test.base.jar", zip file "/data/app/~~9eIeSJpGNwuKEpS6UddecA==/com.shareconnect.test-GmDo4qJJgaAObNT6V__lHw==/base.apk", zip file "/data/app/~~V1RMhJ4uRSUintQOLN924A==/com.shareconnect-Mtf-9DBQqrPAhiVsnmCAWA==/base.apk"],nativeLibraryDirectories=[/data/app/~~9eIeSJpGNwuKEpS6UddecA==/com.shareconnect.test-GmDo4qJJgaAObNT6V__lHw==/lib/arm64, /data/app/~~V1RMhJ4uRSUintQOLN924A==/com.shareconnect-Mtf-9DBQqrPAhiVsnmCAWA==/lib/arm64, /data/app/~~9eIeSJpGNwuKEpS6UddecA==/com.shareconnect.test-GmDo4qJJgaAObNT6V__lHw==/base.apk!/lib/arm64-v8a, /data/app/~~V1RMhJ4uRSUintQOLN924A==/com.shareconnect-Mtf-9DBQqrPAhiVsnmCAWA==/base.apk!/lib/arm64-v8a, /system/lib64, /system_ext/lib64]]
09-23 18:25:30.369 19052 19129 E TestRunner: 	at dalvik.system.BaseDexClassLoader.findClass(BaseDexClassLoader.java:259)
09-23 18:25:30.369 19052 19129 E TestRunner: 	at java.lang.ClassLoader.loadClass(ClassLoader.java:379)
09-23 18:25:30.369 19052 19129 E TestRunner: 	at java.lang.ClassLoader.loadClass(ClassLoader.java:312)
09-23 18:25:30.369 19052 19129 E TestRunner: 	... 47 more
09-23 18:25:30.369 19052 19129 E TestRunner: ----- end exception -----
09-23 18:25:30.370 19052 19129 I TestRunner: finished: testMainContentIsScrollable(com.shareconnect.activities.MainActivityInstrumentationTest)
