09-23 18:24:53.082 19052 19129 I TestRunner: started: testScreenReaderSupport(com.shareconnect.automation.AccessibilityAutomationTest)
09-23 18:24:53.084 19052 19129 W Settings: Setting always_finish_activities has moved from android.provider.Settings.System to android.provider.Settings.Global, returning read-only value.
09-23 18:24:53.091   779   868 W Parcel  : Expecting binder but got null!
09-23 18:24:53.097 19052 19052 D LifecycleMonitor: Lifecycle status change: com.shareconnect.MainActivity@fccdb76 in: PRE_ON_CREATE
09-23 18:24:53.097 19052 19052 V ActivityScenario: Activity lifecycle changed event received but ignored because the reported transition was not ON_CREATE while the last known transition was PRE_ON_CREATE
09-23 18:24:53.098 19052 19052 D Console : getDefaultTheme() returned: Warm Orange Light (ID: 1, isDefault: true)
09-23 18:24:53.098 19052 19052 D Console : getDefaultTheme() returned: Warm Orange Light (ID: 1, isDefault: true)
09-23 18:24:53.098 19052 19052 D Console : Applying theme: Warm Orange Light, colorScheme: warm_orange, isDarkMode: false, currentTheme: WARM_ORANGE_LIGHT
09-23 18:24:53.098 19052 19052 D Console : Activity MainActivity usesToolbar: true
09-23 18:24:53.099 19052 19052 D Console : Setting night mode to NO
09-23 18:24:53.104 19052 19052 D LifecycleMonitor: Lifecycle status change: com.shareconnect.MainActivity@fccdb76 in: CREATED
09-23 18:24:53.104 19052 19052 V ActivityScenario: Update currentActivityStage to CREATED, currentActivity=com.shareconnect.MainActivity@fccdb76
09-23 18:24:53.104 19052 19052 D LifecycleMonitor: Lifecycle status change: com.shareconnect.MainActivity@fccdb76 in: STARTED
09-23 18:24:53.104 19052 19052 V ActivityScenario: Update currentActivityStage to STARTED, currentActivity=com.shareconnect.MainActivity@fccdb76
09-23 18:24:53.105 19052 19052 D FirebaseSessions: App foregrounded on com.shareconnect
09-23 18:24:53.109   779   868 E OpenGLRenderer: Unable to match the desired swap behavior.
09-23 18:24:53.112 19052 19052 V Console : Activity lifecycle :: RESUMED :: MainActivity
09-23 18:24:53.112 19052 19052 V Console : Foreground activity counter :: AtomicIntWrapper :: 12312792 :: 227589169 :: Value of: 0
09-23 18:24:53.112 19052 19052 I Console : Activity lifecycle :: Main state :: Foreground
09-23 18:24:53.112 19052 19052 V Console : Foreground activity counter :: AtomicIntWrapper :: 12312792 :: 227589169 :: Incremented to: 1
09-23 18:24:53.112 19052 19052 D Console : hasThemeChanged() returned: false
09-23 18:24:53.112 19052 19052 D Console : onResume() called, themeChanged: false
09-23 18:24:53.112 19052 19052 D LifecycleMonitor: Lifecycle status change: com.shareconnect.MainActivity@fccdb76 in: RESUMED
09-23 18:24:53.112 19052 19052 V ActivityScenario: Update currentActivityStage to RESUMED, currentActivity=com.shareconnect.MainActivity@fccdb76
09-23 18:24:53.112 19052 19052 V Console : Activity lifecycle :: POST-RESUMED :: MainActivity
09-23 18:24:53.113 19052 19146 W Parcel  : Expecting binder but got null!
09-23 18:24:53.117 19052 19052 V Console : Activity lifecycle :: PRE-PAUSED :: MainActivity
09-23 18:24:53.117 19052 19052 D Console : Activity lifecycle :: Top activity: MainActivity
09-23 18:24:53.117 19052 19052 D FirebaseSessions: App backgrounded on com.shareconnect
09-23 18:24:53.118 19052 19052 V Console : Activity lifecycle :: PAUSED :: MainActivity
09-23 18:24:53.118 19052 19052 V Console : Foreground activity counter :: AtomicIntWrapper :: 12312792 :: 227589169 :: Decremented to: 0
09-23 18:24:53.118 19052 19052 D LifecycleMonitor: Lifecycle status change: com.shareconnect.MainActivity@fccdb76 in: PAUSED
09-23 18:24:53.118 19052 19052 V ActivityScenario: Update currentActivityStage to PAUSED, currentActivity=com.shareconnect.MainActivity@fccdb76
09-23 18:24:53.130 19052 19146 E OpenGLRenderer: Unable to match the desired swap behavior.
09-23 18:24:53.136 19052 19052 D LifecycleMonitor: Lifecycle status change: com.shareconnect.SettingsActivity@6a5f2f8 in: PRE_ON_CREATE
09-23 18:24:53.136 19052 19052 V ActivityScenario: Activity lifecycle changed event received but ignored because the intent does not match. startActivityIntent=Intent { act=android.intent.action.MAIN cat=[android.intent.category.LAUNCHER] flg=0x10008000 cmp=com.shareconnect/.MainActivity }, activity.getIntent()=Intent { cmp=com.shareconnect/.SettingsActivity (has extras) }, activity=com.shareconnect.SettingsActivity@6a5f2f8
09-23 18:24:53.137 19052 19052 D Console : getDefaultTheme() returned: Warm Orange Light (ID: 1, isDefault: true)
09-23 18:24:53.137 19052 19052 D Console : getDefaultTheme() returned: Warm Orange Light (ID: 1, isDefault: true)
09-23 18:24:53.137 19052 19052 D Console : Applying theme: Warm Orange Light, colorScheme: warm_orange, isDarkMode: false, currentTheme: WARM_ORANGE_LIGHT
09-23 18:24:53.137 19052 19052 D Console : Activity SettingsActivity usesToolbar: true
09-23 18:24:53.138 19052 19052 D Console : Setting night mode to NO
09-23 18:24:53.143 19052 19052 D LifecycleMonitor: Lifecycle status change: com.shareconnect.SettingsActivity@6a5f2f8 in: CREATED
09-23 18:24:53.143 19052 19052 V ActivityScenario: Activity lifecycle changed event received but ignored because the intent does not match. startActivityIntent=Intent { act=android.intent.action.MAIN cat=[android.intent.category.LAUNCHER] flg=0x10008000 cmp=com.shareconnect/.MainActivity }, activity.getIntent()=Intent { cmp=com.shareconnect/.SettingsActivity (has extras) }, activity=com.shareconnect.SettingsActivity@6a5f2f8
09-23 18:24:53.145 19052 19052 D LifecycleMonitor: Lifecycle status change: com.shareconnect.SettingsActivity@6a5f2f8 in: STARTED
09-23 18:24:53.145 19052 19052 V ActivityScenario: Activity lifecycle changed event received but ignored because the intent does not match. startActivityIntent=Intent { act=android.intent.action.MAIN cat=[android.intent.category.LAUNCHER] flg=0x10008000 cmp=com.shareconnect/.MainActivity }, activity.getIntent()=Intent { cmp=com.shareconnect/.SettingsActivity (has extras) }, activity=com.shareconnect.SettingsActivity@6a5f2f8
09-23 18:24:53.146 19052 19052 D FirebaseSessions: App foregrounded on com.shareconnect
09-23 18:24:53.147 19052 19052 V Console : Activity lifecycle :: RESUMED :: SettingsActivity
09-23 18:24:53.147 19052 19052 V Console : Foreground activity counter :: AtomicIntWrapper :: 12312792 :: 227589169 :: Value of: 0
09-23 18:24:53.147 19052 19052 I Console : Activity lifecycle :: Main state :: Foreground
09-23 18:24:53.148 19052 19052 V Console : Foreground activity counter :: AtomicIntWrapper :: 12312792 :: 227589169 :: Incremented to: 1
09-23 18:24:53.148 19052 19052 D LifecycleMonitor: Lifecycle status change: com.shareconnect.SettingsActivity@6a5f2f8 in: RESUMED
09-23 18:24:53.148 19052 19052 V ActivityScenario: Activity lifecycle changed event received but ignored because the intent does not match. startActivityIntent=Intent { act=android.intent.action.MAIN cat=[android.intent.category.LAUNCHER] flg=0x10008000 cmp=com.shareconnect/.MainActivity }, activity.getIntent()=Intent { cmp=com.shareconnect/.SettingsActivity (has extras) }, activity=com.shareconnect.SettingsActivity@6a5f2f8
09-23 18:24:53.148 19052 19052 V Console : Activity lifecycle :: POST-RESUMED :: SettingsActivity
09-23 18:24:53.149 19052 19146 W Parcel  : Expecting binder but got null!
09-23 18:24:53.161 19052 19146 E OpenGLRenderer: Unable to match the desired swap behavior.
09-23 18:24:53.170   488   503 W ziparchive: Unable to open '/data/app/~~V1RMhJ4uRSUintQOLN924A==/com.shareconnect-Mtf-9DBQqrPAhiVsnmCAWA==/base.dm': No such file or directory
09-23 18:24:53.171   488   503 I ActivityTaskManager: Displayed com.shareconnect/.SettingsActivity: +84ms
09-23 18:24:53.176   779   868 D EGL_emulation: app_time_stats: avg=808.53ms min=31.84ms max=5899.66ms count=8
09-23 18:24:53.179 11811 11811 I GoogleInputMethodService: GoogleInputMethodService.onFinishInput():3227
09-23 18:24:53.179 11811 11811 I GoogleInputMethodService: GoogleInputMethodService.updateDeviceLockedStatus():2087 repeatCheckTimes = 0, unlocked = true
09-23 18:24:53.180 11811 11811 I GoogleInputMethodService: GoogleInputMethodService.onStartInput():1877 onStartInput(EditorInfo{inputType=0x0(NULL) imeOptions=0x0 privateImeOptions=null actionName=UNSPECIFIED actionLabel=null actionId=0 initialSelStart=-1 initialSelEnd=-1 initialCapsMode=0x0 hintText=null label=null packageName=com.shareconnect fieldId=2131231190 fieldName=null extras=null}, false)
09-23 18:24:53.180 11811 11811 I GoogleInputMethodService: GoogleInputMethodService.shouldHideHeaderOnInitialState():4008 ShouldHideHeaderOnInitialState = false
09-23 18:24:53.180 11811 11811 I GoogleInputMethodService: GoogleInputMethodService.updateDeviceLockedStatus():2087 repeatCheckTimes = 2, unlocked = true
09-23 18:24:53.196  1581  1581 I GsaVoiceInteractionSrv: Handling ACTION_STOP_HOTWORD
09-23 18:24:53.200  1581  2234 I HwDetectorWithState: (REDACTED) a: %d
09-23 18:24:53.376   779   868 D EGL_emulation: app_time_stats: avg=437.48ms min=16.58ms max=4598.34ms count=12
09-23 18:24:53.396 19052 19052 V Console : Activity lifecycle :: PRE-STOPPED :: MainActivity
09-23 18:24:53.398 19052 19052 V Console : Activity lifecycle :: STOPPED :: MainActivity
09-23 18:24:53.399 19052 19052 D LifecycleMonitor: Lifecycle status change: com.shareconnect.MainActivity@fccdb76 in: STOPPED
09-23 18:24:53.399 19052 19052 V ActivityScenario: Update currentActivityStage to STOPPED, currentActivity=com.shareconnect.MainActivity@fccdb76
09-23 18:24:53.399 19052 19052 V Console : Activity lifecycle :: POST-STOPPED :: MainActivity
09-23 18:24:53.399  1581  2228 I AssistantForeground: (REDACTED) Get launcher package: %s
09-23 18:24:53.413   998  1945 D OneSearchSuggestProvider: Shut down the binder channel
09-23 18:24:53.414   998  1038 I s.nexuslauncher: oneway function results for code 2 on binder at 0xb400007a394746d0 will be dropped but finished with status UNKNOWN_TRANSACTION
09-23 18:24:53.447   488  2254 W InputManager-JNI: Input channel object '95aac09 Splash Screen com.shareconnect (client)' was disposed without first being removed with the input manager!
09-23 18:24:53.553   323   323 E android.hardware.power.stats@1.0-service-mock: Failed to getEnergyData
09-23 18:24:53.620 19052 19488 V Console : Foreground activity counter :: AtomicIntWrapper :: 12312792 :: 227589169 :: Value of: 1
09-23 18:24:54.506   779   868 D EGL_emulation: app_time_stats: avg=38.87ms min=12.94ms max=228.11ms count=29
09-23 18:24:54.801 19052 19146 D EGL_emulation: app_time_stats: avg=176.62ms min=1.27ms max=1492.91ms count=9
09-23 18:24:58.259 19052 19052 V Console : Activity lifecycle :: PRE-PAUSED :: SettingsActivity
09-23 18:24:58.260 19052 19052 D Console : Activity lifecycle :: Top activity: SettingsActivity
09-23 18:24:58.260 19052 19052 D FirebaseSessions: App backgrounded on com.shareconnect
09-23 18:24:58.266 19052 19052 V Console : Activity lifecycle :: PAUSED :: SettingsActivity
09-23 18:24:58.267 19052 19052 V Console : Foreground activity counter :: AtomicIntWrapper :: 12312792 :: 227589169 :: Decremented to: 0
09-23 18:24:58.267 19052 19052 D LifecycleMonitor: Lifecycle status change: com.shareconnect.SettingsActivity@6a5f2f8 in: PAUSED
09-23 18:24:58.267 19052 19052 V ActivityScenario: Activity lifecycle changed event received but ignored because the intent does not match. startActivityIntent=Intent { act=android.intent.action.MAIN cat=[android.intent.category.LAUNCHER] flg=0x10008000 cmp=com.shareconnect/.MainActivity }, activity.getIntent()=Intent { cmp=com.shareconnect/.SettingsActivity (has extras) }, activity=com.shareconnect.SettingsActivity@6a5f2f8
09-23 18:24:58.273 19052 19052 D LifecycleMonitor: Lifecycle status change: androidx.test.core.app.InstrumentationActivityInvoker$EmptyActivity@71ff542 in: PRE_ON_CREATE
09-23 18:24:58.274 19052 19052 V ActivityScenario: Activity lifecycle changed event received but ignored because the intent does not match. startActivityIntent=Intent { act=android.intent.action.MAIN cat=[android.intent.category.LAUNCHER] flg=0x10008000 cmp=com.shareconnect/.MainActivity }, activity.getIntent()=Intent { act=android.intent.action.MAIN cat=[android.intent.category.LAUNCHER] flg=0x10000000 cmp=com.shareconnect/androidx.test.core.app.InstrumentationActivityInvoker$EmptyActivity }, activity=androidx.test.core.app.InstrumentationActivityInvoker$EmptyActivity@71ff542
09-23 18:24:58.279 19052 19052 D LifecycleMonitor: Lifecycle status change: androidx.test.core.app.InstrumentationActivityInvoker$EmptyActivity@71ff542 in: CREATED
09-23 18:24:58.279 19052 19052 V ActivityScenario: Activity lifecycle changed event received but ignored because the intent does not match. startActivityIntent=Intent { act=android.intent.action.MAIN cat=[android.intent.category.LAUNCHER] flg=0x10008000 cmp=com.shareconnect/.MainActivity }, activity.getIntent()=Intent { act=android.intent.action.MAIN cat=[android.intent.category.LAUNCHER] flg=0x10000000 cmp=com.shareconnect/androidx.test.core.app.InstrumentationActivityInvoker$EmptyActivity }, activity=androidx.test.core.app.InstrumentationActivityInvoker$EmptyActivity@71ff542
09-23 18:24:58.280 19052 19052 D LifecycleMonitor: Lifecycle status change: androidx.test.core.app.InstrumentationActivityInvoker$EmptyActivity@71ff542 in: STARTED
09-23 18:24:58.280 19052 19052 V ActivityScenario: Activity lifecycle changed event received but ignored because the intent does not match. startActivityIntent=Intent { act=android.intent.action.MAIN cat=[android.intent.category.LAUNCHER] flg=0x10008000 cmp=com.shareconnect/.MainActivity }, activity.getIntent()=Intent { act=android.intent.action.MAIN cat=[android.intent.category.LAUNCHER] flg=0x10000000 cmp=com.shareconnect/androidx.test.core.app.InstrumentationActivityInvoker$EmptyActivity }, activity=androidx.test.core.app.InstrumentationActivityInvoker$EmptyActivity@71ff542
09-23 18:24:58.281 19052 19052 D FirebaseSessions: App foregrounded on com.shareconnect
09-23 18:24:58.284 19052 19052 V Console : Activity lifecycle :: RESUMED :: EmptyActivity
09-23 18:24:58.284 19052 19052 V Console : Foreground activity counter :: AtomicIntWrapper :: 12312792 :: 227589169 :: Value of: 0
09-23 18:24:58.284 19052 19052 I Console : Activity lifecycle :: Main state :: Foreground
09-23 18:24:58.284 19052 19052 V Console : Foreground activity counter :: AtomicIntWrapper :: 12312792 :: 227589169 :: Incremented to: 1
09-23 18:24:58.287 19052 19052 D LifecycleMonitor: Lifecycle status change: androidx.test.core.app.InstrumentationActivityInvoker$EmptyActivity@71ff542 in: RESUMED
09-23 18:24:58.287 19052 19052 V ActivityScenario: Activity lifecycle changed event received but ignored because the intent does not match. startActivityIntent=Intent { act=android.intent.action.MAIN cat=[android.intent.category.LAUNCHER] flg=0x10008000 cmp=com.shareconnect/.MainActivity }, activity.getIntent()=Intent { act=android.intent.action.MAIN cat=[android.intent.category.LAUNCHER] flg=0x10000000 cmp=com.shareconnect/androidx.test.core.app.InstrumentationActivityInvoker$EmptyActivity }, activity=androidx.test.core.app.InstrumentationActivityInvoker$EmptyActivity@71ff542
09-23 18:24:58.288 19052 19052 V Console : Activity lifecycle :: POST-RESUMED :: EmptyActivity
09-23 18:24:58.293 19052 19146 W Parcel  : Expecting binder but got null!
09-23 18:24:58.314 19052 19146 E OpenGLRenderer: Unable to match the desired swap behavior.
09-23 18:24:58.328   488   503 I ActivityTaskManager: Displayed com.shareconnect/androidx.test.core.app.InstrumentationActivityInvoker$EmptyActivity: +83ms
09-23 18:24:58.341 19052 19052 V Console : Activity lifecycle :: PRE-DESTROYED :: MainActivity
09-23 18:24:58.343 19052 19052 V Console : Activity lifecycle :: DESTROYED :: MainActivity
09-23 18:24:58.343 19052 19052 D LifecycleMonitor: Lifecycle status change: com.shareconnect.MainActivity@fccdb76 in: DESTROYED
09-23 18:24:58.343 19052 19052 V ActivityScenario: Update currentActivityStage to DESTROYED, currentActivity=null
09-23 18:24:58.345 19052 19146 D EGL_emulation: app_time_stats: avg=570.52ms min=1.42ms max=3286.89ms count=6
09-23 18:24:58.346   488  2254 W InputManager-JNI: Input channel object 'd3f0e6 com.shareconnect/com.shareconnect.MainActivity (client)' was disposed without first being removed with the input manager!
09-23 18:24:58.350 19052 19052 V Console : Activity lifecycle :: PRE-STOPPED :: SettingsActivity
09-23 18:24:58.351 19052 19052 V Console : Activity lifecycle :: STOPPED :: SettingsActivity
09-23 18:24:58.351 19052 19052 D LifecycleMonitor: Lifecycle status change: com.shareconnect.SettingsActivity@6a5f2f8 in: STOPPED
09-23 18:24:58.352 19052 19052 V ActivityScenario: Activity lifecycle changed event received but ignored because the intent does not match. startActivityIntent=Intent { act=android.intent.action.MAIN cat=[android.intent.category.LAUNCHER] flg=0x10008000 cmp=com.shareconnect/.MainActivity }, activity.getIntent()=Intent { cmp=com.shareconnect/.SettingsActivity (has extras) }, activity=com.shareconnect.SettingsActivity@6a5f2f8
09-23 18:24:58.352 19052 19052 V Console : Activity lifecycle :: POST-STOPPED :: SettingsActivity
09-23 18:24:58.361 19052 19129 E TestRunner: failed: testScreenReaderSupport(com.shareconnect.automation.AccessibilityAutomationTest)
09-23 18:24:58.361 11811 11811 I GoogleInputMethodService: GoogleInputMethodService.onFinishInput():3227
09-23 18:24:58.361 11811 11811 I GoogleInputMethodService: GoogleInputMethodService.updateDeviceLockedStatus():2087 repeatCheckTimes = 0, unlocked = true
09-23 18:24:58.361 19052 19129 E TestRunner: ----- begin exception -----
09-23 18:24:58.361 19052 19129 E TestRunner: java.lang.NoClassDefFoundError: Failed resolution of: Lorg/hamcrest/Matchers;
09-23 18:24:58.361 19052 19129 E TestRunner: 	at androidx.test.espresso.matcher.ViewMatchers.withId(ViewMatchers.java:1)
09-23 18:24:58.361 19052 19129 E TestRunner: 	at com.shareconnect.automation.AccessibilityAutomationTest.testScreenReaderSupport(AccessibilityAutomationTest.kt:114)
09-23 18:24:58.361 19052 19129 E TestRunner: 	at java.lang.reflect.Method.invoke(Native Method)
09-23 18:24:58.361 19052 19129 E TestRunner: 	at org.junit.runners.model.FrameworkMethod$1.runReflectiveCall(FrameworkMethod.java:59)
09-23 18:24:58.361 19052 19129 E TestRunner: 	at org.junit.internal.runners.model.ReflectiveCallable.run(ReflectiveCallable.java:12)
09-23 18:24:58.361 19052 19129 E TestRunner: 	at org.junit.runners.model.FrameworkMethod.invokeExplosively(FrameworkMethod.java:56)
09-23 18:24:58.361 19052 19129 E TestRunner: 	at org.junit.internal.runners.statements.InvokeMethod.evaluate(InvokeMethod.java:17)
09-23 18:24:58.361 19052 19129 E TestRunner: 	at androidx.test.internal.runner.junit4.statement.RunBefores.evaluate(RunBefores.java:80)
09-23 18:24:58.361 19052 19129 E TestRunner: 	at androidx.test.internal.runner.junit4.statement.RunAfters.evaluate(RunAfters.java:61)
09-23 18:24:58.361 19052 19129 E TestRunner: 	at org.junit.runners.ParentRunner$3.evaluate(ParentRunner.java:306)
09-23 18:24:58.361 19052 19129 E TestRunner: 	at org.junit.runners.BlockJUnit4ClassRunner$1.evaluate(BlockJUnit4ClassRunner.java:100)
09-23 18:24:58.361 19052 19129 E TestRunner: 	at org.junit.runners.ParentRunner.runLeaf(ParentRunner.java:366)
09-23 18:24:58.361 19052 19129 E TestRunner: 	at org.junit.runners.BlockJUnit4ClassRunner.runChild(BlockJUnit4ClassRunner.java:103)
09-23 18:24:58.361 19052 19129 E TestRunner: 	at org.junit.runners.BlockJUnit4ClassRunner.runChild(BlockJUnit4ClassRunner.java:63)
09-23 18:24:58.361 19052 19129 E TestRunner: 	at org.junit.runners.ParentRunner$4.run(ParentRunner.java:331)
09-23 18:24:58.361 19052 19129 E TestRunner: 	at org.junit.runners.ParentRunner$1.schedule(ParentRunner.java:79)
09-23 18:24:58.361 19052 19129 E TestRunner: 	at org.junit.runners.ParentRunner.runChildren(ParentRunner.java:329)
09-23 18:24:58.361 19052 19129 E TestRunner: 	at org.junit.runners.ParentRunner.access$100(ParentRunner.java:66)
09-23 18:24:58.361 19052 19129 E TestRunner: 	at org.junit.runners.ParentRunner$2.evaluate(ParentRunner.java:293)
09-23 18:24:58.361 19052 19129 E TestRunner: 	at org.junit.runners.ParentRunner$3.evaluate(ParentRunner.java:306)
09-23 18:24:58.361 19052 19129 E TestRunner: 	at org.junit.runners.ParentRunner.run(ParentRunner.java:413)
09-23 18:24:58.361 19052 19129 E TestRunner: 	at androidx.test.ext.junit.runners.AndroidJUnit4.run(AndroidJUnit4.java:162)
09-23 18:24:58.361 19052 19129 E TestRunner: 	at org.junit.runners.Suite.runChild(Suite.java:128)
09-23 18:24:58.361 19052 19129 E TestRunner: 	at org.junit.runners.Suite.runChild(Suite.java:27)
09-23 18:24:58.361 19052 19129 E TestRunner: 	at org.junit.runners.ParentRunner$4.run(ParentRunner.java:331)
09-23 18:24:58.361 19052 19129 E TestRunner: 	at org.junit.runners.ParentRunner$1.schedule(ParentRunner.java:79)
09-23 18:24:58.361 19052 19129 E TestRunner: 	at org.junit.runners.ParentRunner.runChildren(ParentRunner.java:329)
09-23 18:24:58.361 19052 19129 E TestRunner: 	at org.junit.runners.ParentRunner.access$100(ParentRunner.java:66)
09-23 18:24:58.361 19052 19129 E TestRunner: 	at org.junit.runners.ParentRunner$2.evaluate(ParentRunner.java:293)
09-23 18:24:58.361 19052 19129 E TestRunner: 	at org.junit.runners.ParentRunner$3.evaluate(ParentRunner.java:306)
09-23 18:24:58.361 19052 19129 E TestRunner: 	at org.junit.runners.ParentRunner.run(ParentRunner.java:413)
09-23 18:24:58.361 19052 19129 E TestRunner: 	at org.junit.runners.Suite.runChild(Suite.java:128)
09-23 18:24:58.361 19052 19129 E TestRunner: 	at org.junit.runners.Suite.runChild(Suite.java:27)
09-23 18:24:58.361 19052 19129 E TestRunner: 	at org.junit.runners.ParentRunner$4.run(ParentRunner.java:331)
09-23 18:24:58.361 19052 19129 E TestRunner: 	at org.junit.runners.ParentRunner$1.schedule(ParentRunner.java:79)
09-23 18:24:58.361 19052 19129 E TestRunner: 	at org.junit.runners.ParentRunner.runChildren(ParentRunner.java:329)
09-23 18:24:58.361 19052 19129 E TestRunner: 	at org.junit.runners.ParentRunner.access$100(ParentRunner.java:66)
09-23 18:24:58.361 19052 19129 E TestRunner: 	at org.junit.runners.ParentRunner$2.evaluate(ParentRunner.java:293)
09-23 18:24:58.361 19052 19129 E TestRunner: 	at org.junit.runners.ParentRunner$3.evaluate(ParentRunner.java:306)
09-23 18:24:58.361 19052 19129 E TestRunner: 	at org.junit.runners.ParentRunner.run(ParentRunner.java:413)
09-23 18:24:58.361 19052 19129 E TestRunner: 	at org.junit.runner.JUnitCore.run(JUnitCore.java:137)
09-23 18:24:58.361 19052 19129 E TestRunner: 	at org.junit.runner.JUnitCore.run(JUnitCore.java:115)
09-23 18:24:58.361 19052 19129 E TestRunner: 	at androidx.test.internal.runner.TestExecutor.execute(TestExecutor.java:68)
09-23 18:24:58.361 19052 19129 E TestRunner: 	at androidx.test.internal.runner.TestExecutor.execute(TestExecutor.java:59)
09-23 18:24:58.361 19052 19129 E TestRunner: 	at androidx.test.runner.AndroidJUnitRunner.onStart(AndroidJUnitRunner.java:463)
09-23 18:24:58.361 19052 19129 E TestRunner: 	at android.app.Instrumentation$InstrumentationThread.run(Instrumentation.java:2361)
09-23 18:24:58.361 11811 11811 I GoogleInputMethodService: GoogleInputMethodService.onStartInput():1877 onStartInput(EditorInfo{inputType=0x0(NULL) imeOptions=0x0 privateImeOptions=null actionName=UNSPECIFIED actionLabel=null actionId=0 initialSelStart=-1 initialSelEnd=-1 initialCapsMode=0x0 hintText=null label=null packageName=com.shareconnect fieldId=-1 fieldName=null extras=null}, false)
09-23 18:24:58.361 11811 11811 I GoogleInputMethodService: GoogleInputMethodService.shouldHideHeaderOnInitialState():4008 ShouldHideHeaderOnInitialState = false
09-23 18:24:58.361 19052 19129 E TestRunner: Caused by: java.lang.ClassNotFoundException: Didn't find class "org.hamcrest.Matchers" on path: DexPathList[[zip file "/system/framework/android.test.runner.jar", zip file "/system/framework/android.test.mock.jar", zip file "/system/framework/android.test.base.jar", zip file "/data/app/~~9eIeSJpGNwuKEpS6UddecA==/com.shareconnect.test-GmDo4qJJgaAObNT6V__lHw==/base.apk", zip file "/data/app/~~V1RMhJ4uRSUintQOLN924A==/com.shareconnect-Mtf-9DBQqrPAhiVsnmCAWA==/base.apk"],nativeLibraryDirectories=[/data/app/~~9eIeSJpGNwuKEpS6UddecA==/com.shareconnect.test-GmDo4qJJgaAObNT6V__lHw==/lib/arm64, /data/app/~~V1RMhJ4uRSUintQOLN924A==/com.shareconnect-Mtf-9DBQqrPAhiVsnmCAWA==/lib/arm64, /data/app/~~9eIeSJpGNwuKEpS6UddecA==/com.shareconnect.test-GmDo4qJJgaAObNT6V__lHw==/base.apk!/lib/arm64-v8a, /data/app/~~V1RMhJ4uRSUintQOLN924A==/com.shareconnect-Mtf-9DBQqrPAhiVsnmCAWA==/base.apk!/lib/arm64-v8a, /system/lib64, /system_ext/lib64]]
09-23 18:24:58.361 19052 19129 E TestRunner: 	at dalvik.system.BaseDexClassLoader.findClass(BaseDexClassLoader.java:259)
09-23 18:24:58.361 19052 19129 E TestRunner: 	at java.lang.ClassLoader.loadClass(ClassLoader.java:379)
09-23 18:24:58.361 19052 19129 E TestRunner: 	at java.lang.ClassLoader.loadClass(ClassLoader.java:312)
09-23 18:24:58.361 19052 19129 E TestRunner: 	... 46 more
09-23 18:24:58.362 19052 19129 E TestRunner: ----- end exception -----
09-23 18:24:58.362 11811 11811 I GoogleInputMethodService: GoogleInputMethodService.updateDeviceLockedStatus():2087 repeatCheckTimes = 2, unlocked = true
09-23 18:24:58.362 19052 19129 I TestRunner: finished: testScreenReaderSupport(com.shareconnect.automation.AccessibilityAutomationTest)
