09-23 18:26:11.444 19052 19129 I TestRunner: started: testSettingsActivityLaunches(com.shareconnect.activities.SettingsActivityInstrumentationTest)
09-23 18:26:11.447 19052 19129 W Settings: Setting always_finish_activities has moved from android.provider.Settings.System to android.provider.Settings.Global, returning read-only value.
09-23 18:26:11.459   779   868 W Parcel  : Expecting binder but got null!
09-23 18:26:11.465   998   998 W FrameTracker: Missed App frame:UNKNOWN: 10, 649953, 18296527, CUJ=J<LAUNCHER_APP_CLOSE_TO_HOME>
09-23 18:26:11.465   998   998 W FrameTracker: Missed SF frame:UNKNOWN: 10, 649953, 18296527, CUJ=J<LAUNCHER_APP_CLOSE_TO_HOME>
09-23 18:26:11.465   998   998 W FrameTracker: Missed App frame:UNKNOWN: 24, 649961, 586865486, CUJ=J<LAUNCHER_APP_CLOSE_TO_HOME>
09-23 18:26:11.465   998   998 W FrameTracker: Missed SF frame:UNKNOWN: 24, 649961, 586865486, CUJ=J<LAUNCHER_APP_CLOSE_TO_HOME>
09-23 18:26:11.465   998   998 W FrameTracker: Missed SF frame:UNKNOWN: 80, 649984, 304330861, CUJ=J<LAUNCHER_APP_CLOSE_TO_HOME>
09-23 18:26:11.465   998   998 W FrameTracker: Missed SF frame:UNKNOWN: 80, 649999, 287029281, CUJ=J<LAUNCHER_APP_CLOSE_TO_HOME>
09-23 18:26:11.468 19052 19052 D LifecycleMonitor: Lifecycle status change: com.shareconnect.SettingsActivity@f36fe11 in: PRE_ON_CREATE
09-23 18:26:11.468 19052 19052 V ActivityScenario: Activity lifecycle changed event received but ignored because the reported transition was not ON_CREATE while the last known transition was PRE_ON_CREATE
09-23 18:26:11.469 19052 19052 D Console : getDefaultTheme() returned: Warm Orange Light (ID: 1, isDefault: true)
09-23 18:26:11.469 19052 19052 D Console : getDefaultTheme() returned: Warm Orange Light (ID: 1, isDefault: true)
09-23 18:26:11.469 19052 19052 D Console : Applying theme: Warm Orange Light, colorScheme: warm_orange, isDarkMode: false, currentTheme: WARM_ORANGE_LIGHT
09-23 18:26:11.469 19052 19052 D Console : Activity SettingsActivity usesToolbar: true
09-23 18:26:11.469 19052 19052 D Console : Setting night mode to NO
09-23 18:26:11.472 19052 19052 D LifecycleMonitor: Lifecycle status change: com.shareconnect.SettingsActivity@f36fe11 in: CREATED
09-23 18:26:11.472 19052 19052 V ActivityScenario: Update currentActivityStage to CREATED, currentActivity=com.shareconnect.SettingsActivity@f36fe11
09-23 18:26:11.476 19052 19052 D LifecycleMonitor: Lifecycle status change: com.shareconnect.SettingsActivity@f36fe11 in: STARTED
09-23 18:26:11.476 19052 19052 V ActivityScenario: Update currentActivityStage to STARTED, currentActivity=com.shareconnect.SettingsActivity@f36fe11
09-23 18:26:11.476 19052 19052 D FirebaseSessions: App foregrounded on com.shareconnect
09-23 18:26:11.479   779   868 E OpenGLRenderer: Unable to match the desired swap behavior.
09-23 18:26:11.480 19052 19052 V Console : Activity lifecycle :: RESUMED :: SettingsActivity
09-23 18:26:11.480 19052 19052 V Console : Foreground activity counter :: AtomicIntWrapper :: 12312792 :: 227589169 :: Value of: 0
09-23 18:26:11.480 19052 19052 I Console : Activity lifecycle :: Main state :: Foreground
09-23 18:26:11.480 19052 19052 V Console : Foreground activity counter :: AtomicIntWrapper :: 12312792 :: 227589169 :: Incremented to: 1
09-23 18:26:11.480 19052 19052 D LifecycleMonitor: Lifecycle status change: com.shareconnect.SettingsActivity@f36fe11 in: RESUMED
09-23 18:26:11.481 19052 19052 V ActivityScenario: Update currentActivityStage to RESUMED, currentActivity=com.shareconnect.SettingsActivity@f36fe11
09-23 18:26:11.481 19052 19052 V Console : Activity lifecycle :: POST-RESUMED :: SettingsActivity
09-23 18:26:11.483 19052 19146 W Parcel  : Expecting binder but got null!
09-23 18:26:11.496 19052 19146 E OpenGLRenderer: Unable to match the desired swap behavior.
09-23 18:26:11.506   488   503 W ziparchive: Unable to open '/data/app/~~V1RMhJ4uRSUintQOLN924A==/com.shareconnect-Mtf-9DBQqrPAhiVsnmCAWA==/base.dm': No such file or directory
09-23 18:26:11.506   488   503 I ActivityTaskManager: Displayed com.shareconnect/.SettingsActivity: +56ms
09-23 18:26:11.509   779   868 D EGL_emulation: app_time_stats: avg=125.36ms min=13.41ms max=1217.58ms count=11
09-23 18:26:11.529 11811 11811 I GoogleInputMethodService: GoogleInputMethodService.onFinishInput():3227
09-23 18:26:11.530 11811 11811 I GoogleInputMethodService: GoogleInputMethodService.updateDeviceLockedStatus():2087 repeatCheckTimes = 0, unlocked = true
09-23 18:26:11.530 11811 11811 I GoogleInputMethodService: GoogleInputMethodService.onStartInput():1877 onStartInput(EditorInfo{inputType=0x0(NULL) imeOptions=0x0 privateImeOptions=null actionName=UNSPECIFIED actionLabel=null actionId=0 initialSelStart=-1 initialSelEnd=-1 initialCapsMode=0x0 hintText=null label=null packageName=com.shareconnect fieldId=2131231190 fieldName=null extras=null}, false)
09-23 18:26:11.530 11811 11811 I GoogleInputMethodService: GoogleInputMethodService.shouldHideHeaderOnInitialState():4008 ShouldHideHeaderOnInitialState = false
09-23 18:26:11.531 11811 11811 I GoogleInputMethodService: GoogleInputMethodService.updateDeviceLockedStatus():2087 repeatCheckTimes = 2, unlocked = true
09-23 18:26:11.562  1581  1581 I GsaVoiceInteractionSrv: Handling ACTION_STOP_HOTWORD
09-23 18:26:11.562  1581  2233 I HwDetectorWithState: (REDACTED) a: %d
09-23 18:26:11.612   998  1661 D EGL_emulation: app_time_stats: avg=41.74ms min=1.76ms max=599.98ms count=24
09-23 18:26:11.745   779   868 D EGL_emulation: app_time_stats: avg=729.52ms min=19.31ms max=11652.54ms count=17
09-23 18:26:11.763  1581  2227 I AssistantForeground: (REDACTED) Get launcher package: %s
09-23 18:26:11.781   998  1945 D OneSearchSuggestProvider: Shut down the binder channel
09-23 18:26:11.782   998  3874 I s.nexuslauncher: oneway function results for code 2 on binder at 0xb400007a3947bfc0 will be dropped but finished with status UNKNOWN_TRANSACTION
09-23 18:26:11.783 19052 19052 V Console : Activity lifecycle :: PRE-PAUSED :: SettingsActivity
09-23 18:26:11.783 19052 19052 D Console : Activity lifecycle :: Top activity: SettingsActivity
09-23 18:26:11.783 19052 19052 D FirebaseSessions: App backgrounded on com.shareconnect
09-23 18:26:11.785 19052 19052 V Console : Activity lifecycle :: PAUSED :: SettingsActivity
09-23 18:26:11.785 19052 19052 V Console : Foreground activity counter :: AtomicIntWrapper :: 12312792 :: 227589169 :: Decremented to: 0
09-23 18:26:11.785 19052 19052 D LifecycleMonitor: Lifecycle status change: com.shareconnect.SettingsActivity@f36fe11 in: PAUSED
09-23 18:26:11.785 19052 19052 V ActivityScenario: Update currentActivityStage to PAUSED, currentActivity=com.shareconnect.SettingsActivity@f36fe11
09-23 18:26:11.788 19052 19052 D LifecycleMonitor: Lifecycle status change: androidx.test.core.app.InstrumentationActivityInvoker$EmptyActivity@ff38acc in: PRE_ON_CREATE
09-23 18:26:11.788 19052 19052 V ActivityScenario: Activity lifecycle changed event received but ignored because the intent does not match. startActivityIntent=Intent { act=android.intent.action.MAIN cat=[android.intent.category.LAUNCHER] flg=0x10008000 cmp=com.shareconnect/.SettingsActivity }, activity.getIntent()=Intent { act=android.intent.action.MAIN cat=[android.intent.category.LAUNCHER] flg=0x10000000 cmp=com.shareconnect/androidx.test.core.app.InstrumentationActivityInvoker$EmptyActivity }, activity=androidx.test.core.app.InstrumentationActivityInvoker$EmptyActivity@ff38acc
09-23 18:26:11.793 19052 19052 D LifecycleMonitor: Lifecycle status change: androidx.test.core.app.InstrumentationActivityInvoker$EmptyActivity@ff38acc in: CREATED
09-23 18:26:11.793 19052 19052 V ActivityScenario: Activity lifecycle changed event received but ignored because the intent does not match. startActivityIntent=Intent { act=android.intent.action.MAIN cat=[android.intent.category.LAUNCHER] flg=0x10008000 cmp=com.shareconnect/.SettingsActivity }, activity.getIntent()=Intent { act=android.intent.action.MAIN cat=[android.intent.category.LAUNCHER] flg=0x10000000 cmp=com.shareconnect/androidx.test.core.app.InstrumentationActivityInvoker$EmptyActivity }, activity=androidx.test.core.app.InstrumentationActivityInvoker$EmptyActivity@ff38acc
09-23 18:26:11.794 19052 19052 D LifecycleMonitor: Lifecycle status change: androidx.test.core.app.InstrumentationActivityInvoker$EmptyActivity@ff38acc in: STARTED
09-23 18:26:11.794 19052 19052 V ActivityScenario: Activity lifecycle changed event received but ignored because the intent does not match. startActivityIntent=Intent { act=android.intent.action.MAIN cat=[android.intent.category.LAUNCHER] flg=0x10008000 cmp=com.shareconnect/.SettingsActivity }, activity.getIntent()=Intent { act=android.intent.action.MAIN cat=[android.intent.category.LAUNCHER] flg=0x10000000 cmp=com.shareconnect/androidx.test.core.app.InstrumentationActivityInvoker$EmptyActivity }, activity=androidx.test.core.app.InstrumentationActivityInvoker$EmptyActivity@ff38acc
09-23 18:26:11.794 19052 19052 D FirebaseSessions: App foregrounded on com.shareconnect
09-23 18:26:11.796 19052 19052 V Console : Activity lifecycle :: RESUMED :: EmptyActivity
09-23 18:26:11.796 19052 19052 V Console : Foreground activity counter :: AtomicIntWrapper :: 12312792 :: 227589169 :: Value of: 0
09-23 18:26:11.796 19052 19052 I Console : Activity lifecycle :: Main state :: Foreground
09-23 18:26:11.796 19052 19052 V Console : Foreground activity counter :: AtomicIntWrapper :: 12312792 :: 227589169 :: Incremented to: 1
09-23 18:26:11.797 19052 19052 D LifecycleMonitor: Lifecycle status change: androidx.test.core.app.InstrumentationActivityInvoker$EmptyActivity@ff38acc in: RESUMED
09-23 18:26:11.798 19052 19052 V ActivityScenario: Activity lifecycle changed event received but ignored because the intent does not match. startActivityIntent=Intent { act=android.intent.action.MAIN cat=[android.intent.category.LAUNCHER] flg=0x10008000 cmp=com.shareconnect/.SettingsActivity }, activity.getIntent()=Intent { act=android.intent.action.MAIN cat=[android.intent.category.LAUNCHER] flg=0x10000000 cmp=com.shareconnect/androidx.test.core.app.InstrumentationActivityInvoker$EmptyActivity }, activity=androidx.test.core.app.InstrumentationActivityInvoker$EmptyActivity@ff38acc
09-23 18:26:11.798 19052 19052 V Console : Activity lifecycle :: POST-RESUMED :: EmptyActivity
09-23 18:26:11.799   488  2088 W InputManager-JNI: Input channel object 'ba8705d Splash Screen com.shareconnect (client)' was disposed without first being removed with the input manager!
09-23 18:26:11.799 19052 19146 W Parcel  : Expecting binder but got null!
09-23 18:26:11.813 19052 19146 E OpenGLRenderer: Unable to match the desired swap behavior.
09-23 18:26:11.818   488   503 I ActivityTaskManager: Displayed com.shareconnect/androidx.test.core.app.InstrumentationActivityInvoker$EmptyActivity: +39ms
09-23 18:26:11.825 19052 19052 V Console : Activity lifecycle :: PRE-STOPPED :: SettingsActivity
09-23 18:26:11.827 19052 19052 V Console : Activity lifecycle :: STOPPED :: SettingsActivity
09-23 18:26:11.827 19052 19052 D LifecycleMonitor: Lifecycle status change: com.shareconnect.SettingsActivity@f36fe11 in: STOPPED
09-23 18:26:11.827 19052 19052 V ActivityScenario: Update currentActivityStage to STOPPED, currentActivity=com.shareconnect.SettingsActivity@f36fe11
09-23 18:26:11.827 19052 19052 V Console : Activity lifecycle :: POST-STOPPED :: SettingsActivity
09-23 18:26:11.830 19052 19052 V Console : Activity lifecycle :: PRE-DESTROYED :: SettingsActivity
09-23 18:26:11.830 19052 19052 V Console : Activity lifecycle :: DESTROYED :: SettingsActivity
09-23 18:26:11.831 19052 19052 D LifecycleMonitor: Lifecycle status change: com.shareconnect.SettingsActivity@f36fe11 in: DESTROYED
09-23 18:26:11.831 19052 19052 V ActivityScenario: Update currentActivityStage to DESTROYED, currentActivity=null
09-23 18:26:11.897 19052 19052 I om.shareconnect: Explicit concurrent copying GC freed 47352(3265KB) AllocSpace objects, 28(1320KB) LOS objects, 49% free, 8269KB/16MB, paused 23us,29us total 66.606ms
09-23 18:26:11.911 19052 19052 I om.shareconnect: Explicit concurrent copying GC freed 9541(450KB) AllocSpace objects, 0(0B) LOS objects, 49% free, 7850KB/15MB, paused 15us,23us total 12.116ms
09-23 18:26:11.917   488  1060 W InputManager-JNI: Input channel object '46e19f6 com.shareconnect/com.shareconnect.SettingsActivity (client)' was disposed without first being removed with the input manager!
09-23 18:26:11.920 11811 11811 I GoogleInputMethodService: GoogleInputMethodService.onFinishInput():3227
09-23 18:26:11.920 11811 11811 I GoogleInputMethodService: GoogleInputMethodService.updateDeviceLockedStatus():2087 repeatCheckTimes = 0, unlocked = true
09-23 18:26:11.920 11811 11811 I GoogleInputMethodService: GoogleInputMethodService.onStartInput():1877 onStartInput(EditorInfo{inputType=0x0(NULL) imeOptions=0x0 privateImeOptions=null actionName=UNSPECIFIED actionLabel=null actionId=0 initialSelStart=-1 initialSelEnd=-1 initialCapsMode=0x0 hintText=null label=null packageName=com.shareconnect fieldId=-1 fieldName=null extras=null}, false)
09-23 18:26:11.920 11811 11811 I GoogleInputMethodService: GoogleInputMethodService.shouldHideHeaderOnInitialState():4008 ShouldHideHeaderOnInitialState = false
09-23 18:26:11.920 19052 19129 E TestRunner: failed: testSettingsActivityLaunches(com.shareconnect.activities.SettingsActivityInstrumentationTest)
09-23 18:26:11.921 11811 11811 I GoogleInputMethodService: GoogleInputMethodService.updateDeviceLockedStatus():2087 repeatCheckTimes = 2, unlocked = true
09-23 18:26:11.921 19052 19129 E TestRunner: ----- begin exception -----
09-23 18:26:11.921 19052 19129 E TestRunner: java.lang.NoClassDefFoundError: Failed resolution of: Lorg/hamcrest/Matchers;
09-23 18:26:11.921 19052 19129 E TestRunner: 	at androidx.test.espresso.matcher.ViewMatchers.withId(ViewMatchers.java:1)
09-23 18:26:11.921 19052 19129 E TestRunner: 	at com.shareconnect.activities.SettingsActivityInstrumentationTest.testSettingsActivityLaunches(SettingsActivityInstrumentationTest.kt:38)
09-23 18:26:11.921 19052 19129 E TestRunner: 	at java.lang.reflect.Method.invoke(Native Method)
09-23 18:26:11.921 19052 19129 E TestRunner: 	at org.junit.runners.model.FrameworkMethod$1.runReflectiveCall(FrameworkMethod.java:59)
09-23 18:26:11.921 19052 19129 E TestRunner: 	at org.junit.internal.runners.model.ReflectiveCallable.run(ReflectiveCallable.java:12)
09-23 18:26:11.921 19052 19129 E TestRunner: 	at org.junit.runners.model.FrameworkMethod.invokeExplosively(FrameworkMethod.java:56)
09-23 18:26:11.921 19052 19129 E TestRunner: 	at org.junit.internal.runners.statements.InvokeMethod.evaluate(InvokeMethod.java:17)
09-23 18:26:11.921 19052 19129 E TestRunner: 	at androidx.test.internal.runner.junit4.statement.RunBefores.evaluate(RunBefores.java:80)
09-23 18:26:11.921 19052 19129 E TestRunner: 	at androidx.test.internal.runner.junit4.statement.RunAfters.evaluate(RunAfters.java:61)
09-23 18:26:11.921 19052 19129 E TestRunner: 	at org.junit.runners.ParentRunner$3.evaluate(ParentRunner.java:306)
09-23 18:26:11.921 19052 19129 E TestRunner: 	at org.junit.runners.BlockJUnit4ClassRunner$1.evaluate(BlockJUnit4ClassRunner.java:100)
09-23 18:26:11.921 19052 19129 E TestRunner: 	at org.junit.runners.ParentRunner.runLeaf(ParentRunner.java:366)
09-23 18:26:11.921 19052 19129 E TestRunner: 	at org.junit.runners.BlockJUnit4ClassRunner.runChild(BlockJUnit4ClassRunner.java:103)
09-23 18:26:11.921 19052 19129 E TestRunner: 	at org.junit.runners.BlockJUnit4ClassRunner.runChild(BlockJUnit4ClassRunner.java:63)
09-23 18:26:11.921 19052 19129 E TestRunner: 	at org.junit.runners.ParentRunner$4.run(ParentRunner.java:331)
09-23 18:26:11.921 19052 19129 E TestRunner: 	at org.junit.runners.ParentRunner$1.schedule(ParentRunner.java:79)
09-23 18:26:11.921 19052 19129 E TestRunner: 	at org.junit.runners.ParentRunner.runChildren(ParentRunner.java:329)
09-23 18:26:11.921 19052 19129 E TestRunner: 	at org.junit.runners.ParentRunner.access$100(ParentRunner.java:66)
09-23 18:26:11.921 19052 19129 E TestRunner: 	at org.junit.runners.ParentRunner$2.evaluate(ParentRunner.java:293)
09-23 18:26:11.921 19052 19129 E TestRunner: 	at org.junit.runners.ParentRunner$3.evaluate(ParentRunner.java:306)
09-23 18:26:11.921 19052 19129 E TestRunner: 	at org.junit.runners.ParentRunner.run(ParentRunner.java:413)
09-23 18:26:11.921 19052 19129 E TestRunner: 	at androidx.test.ext.junit.runners.AndroidJUnit4.run(AndroidJUnit4.java:162)
09-23 18:26:11.921 19052 19129 E TestRunner: 	at org.junit.runners.Suite.runChild(Suite.java:128)
09-23 18:26:11.921 19052 19129 E TestRunner: 	at org.junit.runners.Suite.runChild(Suite.java:27)
09-23 18:26:11.921 19052 19129 E TestRunner: 	at org.junit.runners.ParentRunner$4.run(ParentRunner.java:331)
09-23 18:26:11.921 19052 19129 E TestRunner: 	at org.junit.runners.ParentRunner$1.schedule(ParentRunner.java:79)
09-23 18:26:11.921 19052 19129 E TestRunner: 	at org.junit.runners.ParentRunner.runChildren(ParentRunner.java:329)
09-23 18:26:11.921 19052 19129 E TestRunner: 	at org.junit.runners.ParentRunner.access$100(ParentRunner.java:66)
09-23 18:26:11.921 19052 19129 E TestRunner: 	at org.junit.runners.ParentRunner$2.evaluate(ParentRunner.java:293)
09-23 18:26:11.921 19052 19129 E TestRunner: 	at org.junit.runners.ParentRunner$3.evaluate(ParentRunner.java:306)
09-23 18:26:11.921 19052 19129 E TestRunner: 	at org.junit.runners.ParentRunner.run(ParentRunner.java:413)
09-23 18:26:11.921 19052 19129 E TestRunner: 	at org.junit.runners.Suite.runChild(Suite.java:128)
09-23 18:26:11.921 19052 19129 E TestRunner: 	at org.junit.runners.Suite.runChild(Suite.java:27)
09-23 18:26:11.921 19052 19129 E TestRunner: 	at org.junit.runners.ParentRunner$4.run(ParentRunner.java:331)
09-23 18:26:11.921 19052 19129 E TestRunner: 	at org.junit.runners.ParentRunner$1.schedule(ParentRunner.java:79)
09-23 18:26:11.921 19052 19129 E TestRunner: 	at org.junit.runners.ParentRunner.runChildren(ParentRunner.java:329)
09-23 18:26:11.921 19052 19129 E TestRunner: 	at org.junit.runners.ParentRunner.access$100(ParentRunner.java:66)
09-23 18:26:11.921 19052 19129 E TestRunner: 	at org.junit.runners.ParentRunner$2.evaluate(ParentRunner.java:293)
09-23 18:26:11.921 19052 19129 E TestRunner: 	at org.junit.runners.ParentRunner$3.evaluate(ParentRunner.java:306)
09-23 18:26:11.921 19052 19129 E TestRunner: 	at org.junit.runners.ParentRunner.run(ParentRunner.java:413)
09-23 18:26:11.921 19052 19129 E TestRunner: 	at org.junit.runner.JUnitCore.run(JUnitCore.java:137)
09-23 18:26:11.921 19052 19129 E TestRunner: 	at org.junit.runner.JUnitCore.run(JUnitCore.java:115)
09-23 18:26:11.921 19052 19129 E TestRunner: 	at androidx.test.internal.runner.TestExecutor.execute(TestExecutor.java:68)
09-23 18:26:11.921 19052 19129 E TestRunner: 	at androidx.test.internal.runner.TestExecutor.execute(TestExecutor.java:59)
09-23 18:26:11.921 19052 19129 E TestRunner: 	at androidx.test.runner.AndroidJUnitRunner.onStart(AndroidJUnitRunner.java:463)
09-23 18:26:11.921 19052 19129 E TestRunner: 	at android.app.Instrumentation$InstrumentationThread.run(Instrumentation.java:2361)
09-23 18:26:11.921 19052 19129 E TestRunner: Caused by: java.lang.ClassNotFoundException: Didn't find class "org.hamcrest.Matchers" on path: DexPathList[[zip file "/system/framework/android.test.runner.jar", zip file "/system/framework/android.test.mock.jar", zip file "/system/framework/android.test.base.jar", zip file "/data/app/~~9eIeSJpGNwuKEpS6UddecA==/com.shareconnect.test-GmDo4qJJgaAObNT6V__lHw==/base.apk", zip file "/data/app/~~V1RMhJ4uRSUintQOLN924A==/com.shareconnect-Mtf-9DBQqrPAhiVsnmCAWA==/base.apk"],nativeLibraryDirectories=[/data/app/~~9eIeSJpGNwuKEpS6UddecA==/com.shareconnect.test-GmDo4qJJgaAObNT6V__lHw==/lib/arm64, /data/app/~~V1RMhJ4uRSUintQOLN924A==/com.shareconnect-Mtf-9DBQqrPAhiVsnmCAWA==/lib/arm64, /data/app/~~9eIeSJpGNwuKEpS6UddecA==/com.shareconnect.test-GmDo4qJJgaAObNT6V__lHw==/base.apk!/lib/arm64-v8a, /data/app/~~V1RMhJ4uRSUintQOLN924A==/com.shareconnect-Mtf-9DBQqrPAhiVsnmCAWA==/base.apk!/lib/arm64-v8a, /system/lib64, /system_ext/lib64]]
09-23 18:26:11.921 19052 19129 E TestRunner: 	at dalvik.system.BaseDexClassLoader.findClass(BaseDexClassLoader.java:259)
09-23 18:26:11.921 19052 19129 E TestRunner: 	at java.lang.ClassLoader.loadClass(ClassLoader.java:379)
09-23 18:26:11.921 19052 19129 E TestRunner: 	at java.lang.ClassLoader.loadClass(ClassLoader.java:312)
09-23 18:26:11.921 19052 19129 E TestRunner: 	... 46 more
09-23 18:26:11.921 19052 19129 E TestRunner: ----- end exception -----
09-23 18:26:11.921 19052 19129 I TestRunner: finished: testSettingsActivityLaunches(com.shareconnect.activities.SettingsActivityInstrumentationTest)
