09-23 20:22:03.196 11079 11160 I TestRunner: started: testSettingsActivityLaunches(com.shareconnect.activities.SettingsActivityInstrumentationTest)
09-23 20:22:03.209 11079 11160 W Settings: Setting always_finish_activities has moved from android.provider.Settings.System to android.provider.Settings.Global, returning read-only value.
09-23 20:22:03.249   779   868 W Parcel  : Expecting binder but got null!
09-23 20:22:03.278 11079 11079 D LifecycleMonitor: Lifecycle status change: com.shareconnect.SettingsActivity@6ddeb2e in: PRE_ON_CREATE
09-23 20:22:03.279 11079 11079 V ActivityScenario: Activity lifecycle changed event received but ignored because the reported transition was not ON_CREATE while the last known transition was PRE_ON_CREATE
09-23 20:22:03.281 11079 11079 D Console : getDefaultTheme() returned: Warm Orange Light (ID: 1, isDefault: true)
09-23 20:22:03.281   779   868 E OpenGLRenderer: Unable to match the desired swap behavior.
09-23 20:22:03.281 11079 11079 D Console : getDefaultTheme() returned: Warm Orange Light (ID: 1, isDefault: true)
09-23 20:22:03.282 11079 11079 D Console : Applying theme: Warm Orange Light, colorScheme: warm_orange, isDarkMode: false, currentTheme: WARM_ORANGE_LIGHT
09-23 20:22:03.282 11079 11079 D Console : Activity SettingsActivity usesToolbar: true
09-23 20:22:03.283 11079 11079 D Console : Setting night mode to NO
09-23 20:22:03.303 11079 11079 D LifecycleMonitor: Lifecycle status change: com.shareconnect.SettingsActivity@6ddeb2e in: CREATED
09-23 20:22:03.304 11079 11079 V ActivityScenario: Update currentActivityStage to CREATED, currentActivity=com.shareconnect.SettingsActivity@6ddeb2e
09-23 20:22:03.331 11079 11079 D LifecycleMonitor: Lifecycle status change: com.shareconnect.SettingsActivity@6ddeb2e in: STARTED
09-23 20:22:03.332 11079 11079 V ActivityScenario: Update currentActivityStage to STARTED, currentActivity=com.shareconnect.SettingsActivity@6ddeb2e
09-23 20:22:03.336 11079 11079 D FirebaseSessions: App foregrounded on com.shareconnect
09-23 20:22:03.345 11079 11079 V Console : Activity lifecycle :: RESUMED :: SettingsActivity
09-23 20:22:03.347 11079 11079 V Console : Foreground activity counter :: AtomicIntWrapper :: 12312792 :: 227589169 :: Value of: 0
09-23 20:22:03.347  1581  1581 I GsaVoiceInteractionSrv: Handling ACTION_STOP_HOTWORD
09-23 20:22:03.347 11079 11079 I Console : Activity lifecycle :: Main state :: Foreground
09-23 20:22:03.348 11079 11079 V Console : Foreground activity counter :: AtomicIntWrapper :: 12312792 :: 227589169 :: Incremented to: 1
09-23 20:22:03.348  1581  2234 I HwDetectorWithState: (REDACTED) a: %d
09-23 20:22:03.349 11079 11079 D LifecycleMonitor: Lifecycle status change: com.shareconnect.SettingsActivity@6ddeb2e in: RESUMED
09-23 20:22:03.349 11079 11079 V ActivityScenario: Update currentActivityStage to RESUMED, currentActivity=com.shareconnect.SettingsActivity@6ddeb2e
09-23 20:22:03.350 11079 11079 V Console : Activity lifecycle :: POST-RESUMED :: SettingsActivity
09-23 20:22:03.354 11079 11177 W Parcel  : Expecting binder but got null!
09-23 20:22:03.399 11079 11177 E OpenGLRenderer: Unable to match the desired swap behavior.
09-23 20:22:03.405   779   868 D EGL_emulation: app_time_stats: avg=3377.95ms min=3377.95ms max=3377.95ms count=1
09-23 20:22:03.461   488   503 W ziparchive: Unable to open '/data/app/~~CkD-qpsAhP47aZsyS-Jzdw==/com.shareconnect-cxZCNXaokBWhym7ugpaavg==/base.dm': No such file or directory
09-23 20:22:03.463   488   503 I ActivityTaskManager: Displayed com.shareconnect/.SettingsActivity: +245ms
09-23 20:22:03.485 11811 11811 I GoogleInputMethodService: GoogleInputMethodService.onFinishInput():3227
09-23 20:22:03.486 11811 11811 I GoogleInputMethodService: GoogleInputMethodService.updateDeviceLockedStatus():2087 repeatCheckTimes = 0, unlocked = true
09-23 20:22:03.486 11811 11811 I GoogleInputMethodService: GoogleInputMethodService.onStartInput():1877 onStartInput(EditorInfo{inputType=0x0(NULL) imeOptions=0x0 privateImeOptions=null actionName=UNSPECIFIED actionLabel=null actionId=0 initialSelStart=-1 initialSelEnd=-1 initialCapsMode=0x0 hintText=null label=null packageName=com.shareconnect fieldId=2131231190 fieldName=null extras=null}, false)
09-23 20:22:03.486 11811 11811 I GoogleInputMethodService: GoogleInputMethodService.shouldHideHeaderOnInitialState():4008 ShouldHideHeaderOnInitialState = false
09-23 20:22:03.488 11811 11811 I GoogleInputMethodService: GoogleInputMethodService.updateDeviceLockedStatus():2087 repeatCheckTimes = 2, unlocked = true
09-23 20:22:03.651  1581  2227 I AssistantForeground: (REDACTED) Get launcher package: %s
09-23 20:22:03.669   779   868 D EGL_emulation: app_time_stats: avg=366.29ms min=16.38ms max=3806.68ms count=12
09-23 20:22:03.678   998  1945 D OneSearchSuggestProvider: Shut down the binder channel
09-23 20:22:03.679   998 11368 I s.nexuslauncher: oneway function results for code 2 on binder at 0xb400007a394877b0 will be dropped but finished with status UNKNOWN_TRANSACTION
09-23 20:22:03.752   488  2088 W InputManager-JNI: Input channel object '71fe136 Splash Screen com.shareconnect (client)' was disposed without first being removed with the input manager!
09-23 20:22:04.708   779   868 D EGL_emulation: app_time_stats: avg=35.63ms min=3.00ms max=111.32ms count=28
09-23 20:22:05.014 11079 11177 D EGL_emulation: app_time_stats: avg=147.89ms min=2.26ms max=1403.60ms count=10
09-23 20:22:05.661 11079 11079 I ViewInteraction: Checking 'MatchesViewAssertion{viewMatcher=(view has effective visibility <VISIBLE> and view.getGlobalVisibleRect() to return non-empty rectangle)}' assertion on view view.getId() is <2131231228/com.shareconnect:id/settings>
09-23 20:22:05.681 11079 11079 V Console : Activity lifecycle :: PRE-PAUSED :: SettingsActivity
09-23 20:22:05.681 11079 11079 D Console : Activity lifecycle :: Top activity: SettingsActivity
09-23 20:22:05.682 11079 11079 D FirebaseSessions: App backgrounded on com.shareconnect
09-23 20:22:05.685 11079 11079 V Console : Activity lifecycle :: PAUSED :: SettingsActivity
09-23 20:22:05.687 11079 11079 V Console : Foreground activity counter :: AtomicIntWrapper :: 12312792 :: 227589169 :: Decremented to: 0
09-23 20:22:05.687 11079 11079 D LifecycleMonitor: Lifecycle status change: com.shareconnect.SettingsActivity@6ddeb2e in: PAUSED
09-23 20:22:05.689 11079 11079 V ActivityScenario: Update currentActivityStage to PAUSED, currentActivity=com.shareconnect.SettingsActivity@6ddeb2e
09-23 20:22:05.709 11079 11079 D LifecycleMonitor: Lifecycle status change: androidx.test.core.app.InstrumentationActivityInvoker$EmptyActivity@b0939ba in: PRE_ON_CREATE
09-23 20:22:05.710 11079 11079 V ActivityScenario: Activity lifecycle changed event received but ignored because the intent does not match. startActivityIntent=Intent { act=android.intent.action.MAIN cat=[android.intent.category.LAUNCHER] flg=0x10008000 cmp=com.shareconnect/.SettingsActivity }, activity.getIntent()=Intent { act=android.intent.action.MAIN cat=[android.intent.category.LAUNCHER] flg=0x10000000 cmp=com.shareconnect/androidx.test.core.app.InstrumentationActivityInvoker$EmptyActivity }, activity=androidx.test.core.app.InstrumentationActivityInvoker$EmptyActivity@b0939ba
09-23 20:22:05.718 11079 11079 D LifecycleMonitor: Lifecycle status change: androidx.test.core.app.InstrumentationActivityInvoker$EmptyActivity@b0939ba in: CREATED
09-23 20:22:05.719 11079 11079 V ActivityScenario: Activity lifecycle changed event received but ignored because the intent does not match. startActivityIntent=Intent { act=android.intent.action.MAIN cat=[android.intent.category.LAUNCHER] flg=0x10008000 cmp=com.shareconnect/.SettingsActivity }, activity.getIntent()=Intent { act=android.intent.action.MAIN cat=[android.intent.category.LAUNCHER] flg=0x10000000 cmp=com.shareconnect/androidx.test.core.app.InstrumentationActivityInvoker$EmptyActivity }, activity=androidx.test.core.app.InstrumentationActivityInvoker$EmptyActivity@b0939ba
09-23 20:22:05.720 11079 11079 D LifecycleMonitor: Lifecycle status change: androidx.test.core.app.InstrumentationActivityInvoker$EmptyActivity@b0939ba in: STARTED
09-23 20:22:05.720 11079 11079 V ActivityScenario: Activity lifecycle changed event received but ignored because the intent does not match. startActivityIntent=Intent { act=android.intent.action.MAIN cat=[android.intent.category.LAUNCHER] flg=0x10008000 cmp=com.shareconnect/.SettingsActivity }, activity.getIntent()=Intent { act=android.intent.action.MAIN cat=[android.intent.category.LAUNCHER] flg=0x10000000 cmp=com.shareconnect/androidx.test.core.app.InstrumentationActivityInvoker$EmptyActivity }, activity=androidx.test.core.app.InstrumentationActivityInvoker$EmptyActivity@b0939ba
09-23 20:22:05.722 11079 11079 D FirebaseSessions: App foregrounded on com.shareconnect
09-23 20:22:05.737 11079 11079 V Console : Activity lifecycle :: RESUMED :: EmptyActivity
09-23 20:22:05.737 11079 11079 V Console : Foreground activity counter :: AtomicIntWrapper :: 12312792 :: 227589169 :: Value of: 0
09-23 20:22:05.737 11079 11079 I Console : Activity lifecycle :: Main state :: Foreground
09-23 20:22:05.737 11079 11079 V Console : Foreground activity counter :: AtomicIntWrapper :: 12312792 :: 227589169 :: Incremented to: 1
09-23 20:22:05.739 11079 11079 D LifecycleMonitor: Lifecycle status change: androidx.test.core.app.InstrumentationActivityInvoker$EmptyActivity@b0939ba in: RESUMED
09-23 20:22:05.742 11079 11079 V ActivityScenario: Activity lifecycle changed event received but ignored because the intent does not match. startActivityIntent=Intent { act=android.intent.action.MAIN cat=[android.intent.category.LAUNCHER] flg=0x10008000 cmp=com.shareconnect/.SettingsActivity }, activity.getIntent()=Intent { act=android.intent.action.MAIN cat=[android.intent.category.LAUNCHER] flg=0x10000000 cmp=com.shareconnect/androidx.test.core.app.InstrumentationActivityInvoker$EmptyActivity }, activity=androidx.test.core.app.InstrumentationActivityInvoker$EmptyActivity@b0939ba
09-23 20:22:05.745 11079 11079 V Console : Activity lifecycle :: POST-RESUMED :: EmptyActivity
09-23 20:22:05.754 11079 11177 W Parcel  : Expecting binder but got null!
09-23 20:22:05.829 11079 11177 E OpenGLRenderer: Unable to match the desired swap behavior.
09-23 20:22:05.852   488   503 I ActivityTaskManager: Displayed com.shareconnect/androidx.test.core.app.InstrumentationActivityInvoker$EmptyActivity: +182ms
09-23 20:22:05.871 11079 11079 V Console : Activity lifecycle :: PRE-STOPPED :: SettingsActivity
09-23 20:22:05.880 11079 11079 V Console : Activity lifecycle :: STOPPED :: SettingsActivity
09-23 20:22:05.884 11079 11079 D LifecycleMonitor: Lifecycle status change: com.shareconnect.SettingsActivity@6ddeb2e in: STOPPED
09-23 20:22:05.885 11079 11079 V ActivityScenario: Update currentActivityStage to STOPPED, currentActivity=com.shareconnect.SettingsActivity@6ddeb2e
09-23 20:22:05.885 11079 11079 V Console : Activity lifecycle :: POST-STOPPED :: SettingsActivity
09-23 20:22:05.886 11079 11079 V Console : Activity lifecycle :: PRE-DESTROYED :: SettingsActivity
09-23 20:22:05.888 11079 11079 V Console : Activity lifecycle :: DESTROYED :: SettingsActivity
09-23 20:22:05.894 11079 11079 D LifecycleMonitor: Lifecycle status change: com.shareconnect.SettingsActivity@6ddeb2e in: DESTROYED
09-23 20:22:05.895 11079 11079 V ActivityScenario: Update currentActivityStage to DESTROYED, currentActivity=null
09-23 20:22:05.903   488   502 W InputManager-JNI: Input channel object '12b274b com.shareconnect/com.shareconnect.SettingsActivity (client)' was disposed without first being removed with the input manager!
09-23 20:22:05.944 11811 11811 I GoogleInputMethodService: GoogleInputMethodService.onFinishInput():3227
09-23 20:22:05.945 11079 11160 I TestRunner: finished: testSettingsActivityLaunches(com.shareconnect.activities.SettingsActivityInstrumentationTest)
