09-23 20:22:23.783 11079 11160 I TestRunner: started: testThemeSelectionPreferenceExists(com.shareconnect.activities.SettingsActivityInstrumentationTest)
09-23 20:22:23.802 11079 11160 W Settings: Setting always_finish_activities has moved from android.provider.Settings.System to android.provider.Settings.Global, returning read-only value.
09-23 20:22:23.899 11079 11079 I om.shareconnect: Explicit concurrent copying GC freed 45603(2744KB) AllocSpace objects, 24(1248KB) LOS objects, 49% free, 7438KB/14MB, paused 231us,134us total 117.302ms
09-23 20:22:23.952 11079 11079 I om.shareconnect: Explicit concurrent copying GC freed 11752(659KB) AllocSpace objects, 0(0B) LOS objects, 49% free, 6810KB/13MB, paused 55us,115us total 39.938ms
09-23 20:22:23.978   488  2445 W InputManager-JNI: Input channel object '3c511d4 com.shareconnect/androidx.test.core.app.InstrumentationActivityInvoker$EmptyActivity (client)' was disposed without first being removed with the input manager!
09-23 20:22:24.030   779   868 W Parcel  : Expecting binder but got null!
09-23 20:22:24.072   779   868 E OpenGLRenderer: Unable to match the desired swap behavior.
09-23 20:22:24.075 11079 11079 D LifecycleMonitor: Lifecycle status change: com.shareconnect.SettingsActivity@36e29f9 in: PRE_ON_CREATE
09-23 20:22:24.076 11079 11079 V ActivityScenario: Activity lifecycle changed event received but ignored because the reported transition was not ON_CREATE while the last known transition was PRE_ON_CREATE
09-23 20:22:24.085 11079 11079 D Console : getDefaultTheme() returned: Warm Orange Light (ID: 1, isDefault: true)
09-23 20:22:24.086 11079 11079 D Console : getDefaultTheme() returned: Warm Orange Light (ID: 1, isDefault: true)
09-23 20:22:24.086 11079 11079 D Console : Applying theme: Warm Orange Light, colorScheme: warm_orange, isDarkMode: false, currentTheme: WARM_ORANGE_LIGHT
09-23 20:22:24.086 11079 11079 D Console : Activity SettingsActivity usesToolbar: true
09-23 20:22:24.094 11079 11079 D Console : Setting night mode to NO
09-23 20:22:24.130   998  1661 D EGL_emulation: app_time_stats: avg=19.37ms min=2.76ms max=360.72ms count=36
09-23 20:22:24.140  1581  1581 I GsaVoiceInteractionSrv: Handling ACTION_STOP_HOTWORD
09-23 20:22:24.142  1581  2233 I HwDetectorWithState: (REDACTED) a: %d
09-23 20:22:24.161 11079 11079 D LifecycleMonitor: Lifecycle status change: com.shareconnect.SettingsActivity@36e29f9 in: CREATED
09-23 20:22:24.161 11079 11079 V ActivityScenario: Update currentActivityStage to CREATED, currentActivity=com.shareconnect.SettingsActivity@36e29f9
09-23 20:22:24.183 11079 11079 D LifecycleMonitor: Lifecycle status change: com.shareconnect.SettingsActivity@36e29f9 in: STARTED
09-23 20:22:24.184 11079 11079 V ActivityScenario: Update currentActivityStage to STARTED, currentActivity=com.shareconnect.SettingsActivity@36e29f9
09-23 20:22:24.186 11079 11079 D FirebaseSessions: App foregrounded on com.shareconnect
09-23 20:22:24.197 11079 11079 V Console : Activity lifecycle :: RESUMED :: SettingsActivity
09-23 20:22:24.197 11079 11079 V Console : Foreground activity counter :: AtomicIntWrapper :: 12312792 :: 227589169 :: Value of: 0
09-23 20:22:24.198 11079 11079 I Console : Activity lifecycle :: Main state :: Foreground
09-23 20:22:24.198 11079 11079 V Console : Foreground activity counter :: AtomicIntWrapper :: 12312792 :: 227589169 :: Incremented to: 1
09-23 20:22:24.199 11079 11079 D LifecycleMonitor: Lifecycle status change: com.shareconnect.SettingsActivity@36e29f9 in: RESUMED
09-23 20:22:24.201 11079 11079 V ActivityScenario: Update currentActivityStage to RESUMED, currentActivity=com.shareconnect.SettingsActivity@36e29f9
09-23 20:22:24.205 11079 11079 V Console : Activity lifecycle :: POST-RESUMED :: SettingsActivity
09-23 20:22:24.212 11079 11177 W Parcel  : Expecting binder but got null!
09-23 20:22:24.252 11307 10558 D AdvertisingIdClient: AdvertisingIdClient already created.
09-23 20:22:24.262 11079 11177 E OpenGLRenderer: Unable to match the desired swap behavior.
09-23 20:22:24.272 11307 10558 I AdvertisingIdClient: shouldSendLog 8709359
09-23 20:22:24.272   998  1019 W System  : A resource failed to call release.
09-23 20:22:24.272 11307 10558 I AdvertisingIdClient: GetInfoInternal elapse 20ms
09-23 20:22:24.282   779   868 D EGL_emulation: app_time_stats: avg=484.34ms min=6.81ms max=4598.19ms count=10
09-23 20:22:24.286   998  1019 W System  : A resource failed to call release.
09-23 20:22:24.297   998  1019 W System  : A resource failed to call release.
09-23 20:22:24.297   998  1019 W System  : A resource failed to call release.
09-23 20:22:24.297   998  1019 W System  : A resource failed to call release.
09-23 20:22:24.297   998  1019 W System  : A resource failed to call release.
09-23 20:22:24.301   998  1019 W System  : A resource failed to call release.
09-23 20:22:24.301   998  1019 W System  : A resource failed to call release.
09-23 20:22:24.301   998  1019 W System  : A resource failed to call release.
09-23 20:22:24.368   488   503 W ziparchive: Unable to open '/data/app/~~CkD-qpsAhP47aZsyS-Jzdw==/com.shareconnect-cxZCNXaokBWhym7ugpaavg==/base.dm': No such file or directory
09-23 20:22:24.369   488   503 I ActivityTaskManager: Displayed com.shareconnect/.SettingsActivity: +380ms
09-23 20:22:24.396 11811 11811 I GoogleInputMethodService: GoogleInputMethodService.onFinishInput():3227
09-23 20:22:24.399 11811 11811 I GoogleInputMethodService: GoogleInputMethodService.updateDeviceLockedStatus():2087 repeatCheckTimes = 0, unlocked = true
09-23 20:22:24.400 11811 11811 I GoogleInputMethodService: GoogleInputMethodService.onStartInput():1877 onStartInput(EditorInfo{inputType=0x0(NULL) imeOptions=0x0 privateImeOptions=null actionName=UNSPECIFIED actionLabel=null actionId=0 initialSelStart=-1 initialSelEnd=-1 initialCapsMode=0x0 hintText=null label=null packageName=com.shareconnect fieldId=2131231190 fieldName=null extras=null}, false)
09-23 20:22:24.400 11811 11811 I GoogleInputMethodService: GoogleInputMethodService.shouldHideHeaderOnInitialState():4008 ShouldHideHeaderOnInitialState = false
09-23 20:22:24.401 11811 11811 I GoogleInputMethodService: GoogleInputMethodService.updateDeviceLockedStatus():2087 repeatCheckTimes = 2, unlocked = true
09-23 20:22:24.582 12330 11095 W WakeLock: GCM_HB_ALARM release without a matched acquire!
09-23 20:22:24.582 12330 11095 W WakeLock: GCM_HB_ALARM counter does not exist
09-23 20:22:24.608   998  1945 D OneSearchSuggestProvider: Shut down the binder channel
09-23 20:22:24.609   779   868 D EGL_emulation: app_time_stats: avg=485.08ms min=31.90ms max=3348.97ms count=8
09-23 20:22:24.612   998  1604 I s.nexuslauncher: oneway function results for code 2 on binder at 0xb400007a3948be00 will be dropped but finished with status UNKNOWN_TRANSACTION
09-23 20:22:24.636  1581  2227 I AssistantForeground: (REDACTED) Get launcher package: %s
09-23 20:22:24.697   488  1212 W InputManager-JNI: Input channel object '3750f82 Splash Screen com.shareconnect (client)' was disposed without first being removed with the input manager!
09-23 20:22:24.706 12330 23703 D TrafficStats: tagSocket(-1) with statsTag=0x407, statsUid=-1
09-23 20:22:24.706 12330 23703 I TrafficStats: tagSocketFd(-1, 1031, -1) failed with errno-9
09-23 20:22:24.706 12330 23703 D TrafficStats: tagSocket(79) with statsTag=0x407, statsUid=-1
09-23 20:22:24.955 12330 11095 D TrafficStats: tagSocket(81) with statsTag=0x407, statsUid=-1
09-23 20:22:24.970 12330 11095 I AlarmManager: setExactAndAllowWhileIdle [name: GCM_HB_ALARM type: 2 triggerAtMillis: 10550366]
09-23 20:22:25.124 12330 11095 I AlarmManager: setExactAndAllowWhileIdle [name: GCM_HB_ALARM type: 2 triggerAtMillis: 10550520]
09-23 20:22:25.126 12330 11095 W WakeLock: GCM_CONN_ALARM release without a matched acquire!
09-23 20:22:25.138 12330 11095 I AlarmManager: setExactAndAllowWhileIdle [name: GCM_HB_ALARM type: 2 triggerAtMillis: 10550534]
09-23 20:22:25.610   779   868 D EGL_emulation: app_time_stats: avg=12.58ms min=1.16ms max=32.37ms count=55
09-23 20:22:25.830 11079 11177 D EGL_emulation: app_time_stats: avg=190.20ms min=2.71ms max=1199.01ms count=7
09-23 20:22:27.570 11079 11079 E om.shareconnect: Invalid ID 0x00000000.
09-23 20:22:27.573 11079 11079 E om.shareconnect: Invalid ID 0x00000000.
09-23 20:22:27.574 11079 11079 E om.shareconnect: Invalid ID 0x00000000.
09-23 20:22:27.576 11079 11079 E om.shareconnect: Invalid ID 0x00000000.
09-23 20:22:27.577 11079 11079 I ViewInteraction: Checking 'MatchesViewAssertion{viewMatcher=(view has effective visibility <VISIBLE> and view.getGlobalVisibleRect() to return non-empty rectangle)}' assertion on view an instance of android.widget.TextView and view.getText() with or without transformation to match: is "Theme Selection"
09-23 20:22:27.579 11079 11079 D DeviceCapture: Found 1 global views to redraw
09-23 20:22:27.609 11079 11177 D EGL_emulation: app_time_stats: avg=97.88ms min=2.13ms max=1495.26ms count=17
09-23 20:22:27.609 11079 11079 I forceRedraw: FrameCommitCallback complete
09-23 20:22:27.667 11065 11075 W System  : A resource was acquired at attached stack trace but never released. See java.io.Closeable for information on avoiding resource leaks.
09-23 20:22:27.668 11065 11075 W System  : java.lang.Throwable: Explicit termination method 'HardwareBuffer.close' not called
09-23 20:22:27.668 11065 11075 W System  : 	at dalvik.system.CloseGuard.openWithCallSite(CloseGuard.java:288)
09-23 20:22:27.668 11065 11075 W System  : 	at dalvik.system.CloseGuard.open(CloseGuard.java:257)
09-23 20:22:27.668 11065 11075 W System  : 	at android.hardware.HardwareBuffer.<init>(HardwareBuffer.java:272)
09-23 20:22:27.716 11079 11079 I DeviceCapture: got bitmap, returning
09-23 20:22:27.717 11079 11160 D FileTestStorage: openOutputFile from /sdcard/Android/media/com.shareconnect/additional_test_output/view-op-error-2.png
09-23 20:22:27.732  1552  1948 W MediaProvider: isAppCloneUserPair for user 0: false
09-23 20:22:28.014 11079 11160 E om.shareconnect: Invalid ID 0x00000000.
09-23 20:22:28.015 11079 11160 E om.shareconnect: Invalid ID 0x00000000.
09-23 20:22:28.017 11079 11160 E om.shareconnect: Invalid ID 0x00000000.
09-23 20:22:28.019 11079 11160 E om.shareconnect: Invalid ID 0x00000000.
09-23 20:22:28.021 11079 11160 D FileTestStorage: openOutputFile from /sdcard/Android/media/com.shareconnect/additional_test_output/view-hierarchy-2.txt
09-23 20:22:28.026  1552 24122 W MediaProvider: isAppCloneUserPair for user 0: false
09-23 20:22:28.042 11079 11160 W ViewHierarchyExceptionHandler: The complete view hierarchy is available in artifact file 'view-hierarchy-2.txt'.
09-23 20:22:28.051 11079 11160 E om.shareconnect: Invalid ID 0x00000000.
09-23 20:22:28.053 11079 11160 E om.shareconnect: Invalid ID 0x00000000.
09-23 20:22:28.055 11079 11160 E om.shareconnect: Invalid ID 0x00000000.
09-23 20:22:28.056 11079 11160 E om.shareconnect: Invalid ID 0x00000000.
09-23 20:22:28.060 11079 11079 I ViewInteraction: Checking 'MatchesViewAssertion{viewMatcher=(view has effective visibility <VISIBLE> and view.getGlobalVisibleRect() to return non-empty rectangle)}' assertion on view view.getId() is <2131231228/com.shareconnect:id/settings>
09-23 20:22:28.069 11079 11079 V Console : Activity lifecycle :: PRE-PAUSED :: SettingsActivity
09-23 20:22:28.069 11079 11079 D Console : Activity lifecycle :: Top activity: SettingsActivity
09-23 20:22:28.070 11079 11079 D FirebaseSessions: App backgrounded on com.shareconnect
09-23 20:22:28.074 11079 11079 V Console : Activity lifecycle :: PAUSED :: SettingsActivity
09-23 20:22:28.080 11079 11079 V Console : Foreground activity counter :: AtomicIntWrapper :: 12312792 :: 227589169 :: Decremented to: 0
09-23 20:22:28.081 11079 11079 D LifecycleMonitor: Lifecycle status change: com.shareconnect.SettingsActivity@36e29f9 in: PAUSED
09-23 20:22:28.081 11079 11079 V ActivityScenario: Update currentActivityStage to PAUSED, currentActivity=com.shareconnect.SettingsActivity@36e29f9
09-23 20:22:28.162 11079 11079 D LifecycleMonitor: Lifecycle status change: androidx.test.core.app.InstrumentationActivityInvoker$EmptyActivity@8b88501 in: PRE_ON_CREATE
09-23 20:22:28.162 11079 11079 V ActivityScenario: Activity lifecycle changed event received but ignored because the intent does not match. startActivityIntent=Intent { act=android.intent.action.MAIN cat=[android.intent.category.LAUNCHER] flg=0x10008000 cmp=com.shareconnect/.SettingsActivity }, activity.getIntent()=Intent { act=android.intent.action.MAIN cat=[android.intent.category.LAUNCHER] flg=0x10000000 cmp=com.shareconnect/androidx.test.core.app.InstrumentationActivityInvoker$EmptyActivity }, activity=androidx.test.core.app.InstrumentationActivityInvoker$EmptyActivity@8b88501
09-23 20:22:28.180 11079 11079 D LifecycleMonitor: Lifecycle status change: androidx.test.core.app.InstrumentationActivityInvoker$EmptyActivity@8b88501 in: CREATED
09-23 20:22:28.181 11079 11079 V ActivityScenario: Activity lifecycle changed event received but ignored because the intent does not match. startActivityIntent=Intent { act=android.intent.action.MAIN cat=[android.intent.category.LAUNCHER] flg=0x10008000 cmp=com.shareconnect/.SettingsActivity }, activity.getIntent()=Intent { act=android.intent.action.MAIN cat=[android.intent.category.LAUNCHER] flg=0x10000000 cmp=com.shareconnect/androidx.test.core.app.InstrumentationActivityInvoker$EmptyActivity }, activity=androidx.test.core.app.InstrumentationActivityInvoker$EmptyActivity@8b88501
09-23 20:22:28.186 11079 11079 D LifecycleMonitor: Lifecycle status change: androidx.test.core.app.InstrumentationActivityInvoker$EmptyActivity@8b88501 in: STARTED
09-23 20:22:28.187 11079 11079 V ActivityScenario: Activity lifecycle changed event received but ignored because the intent does not match. startActivityIntent=Intent { act=android.intent.action.MAIN cat=[android.intent.category.LAUNCHER] flg=0x10008000 cmp=com.shareconnect/.SettingsActivity }, activity.getIntent()=Intent { act=android.intent.action.MAIN cat=[android.intent.category.LAUNCHER] flg=0x10000000 cmp=com.shareconnect/androidx.test.core.app.InstrumentationActivityInvoker$EmptyActivity }, activity=androidx.test.core.app.InstrumentationActivityInvoker$EmptyActivity@8b88501
09-23 20:22:28.191 11079 11079 D FirebaseSessions: App foregrounded on com.shareconnect
09-23 20:22:28.195 11079 11079 V Console : Activity lifecycle :: RESUMED :: EmptyActivity
09-23 20:22:28.196 11079 11079 V Console : Foreground activity counter :: AtomicIntWrapper :: 12312792 :: 227589169 :: Value of: 0
09-23 20:22:28.196 11079 11079 I Console : Activity lifecycle :: Main state :: Foreground
09-23 20:22:28.197 11079 11079 V Console : Foreground activity counter :: AtomicIntWrapper :: 12312792 :: 227589169 :: Incremented to: 1
09-23 20:22:28.199 11079 11079 D LifecycleMonitor: Lifecycle status change: androidx.test.core.app.InstrumentationActivityInvoker$EmptyActivity@8b88501 in: RESUMED
09-23 20:22:28.200 11079 11079 V ActivityScenario: Activity lifecycle changed event received but ignored because the intent does not match. startActivityIntent=Intent { act=android.intent.action.MAIN cat=[android.intent.category.LAUNCHER] flg=0x10008000 cmp=com.shareconnect/.SettingsActivity }, activity.getIntent()=Intent { act=android.intent.action.MAIN cat=[android.intent.category.LAUNCHER] flg=0x10000000 cmp=com.shareconnect/androidx.test.core.app.InstrumentationActivityInvoker$EmptyActivity }, activity=androidx.test.core.app.InstrumentationActivityInvoker$EmptyActivity@8b88501
09-23 20:22:28.203 11079 11079 V Console : Activity lifecycle :: POST-RESUMED :: EmptyActivity
09-23 20:22:28.208 11079 11177 W Parcel  : Expecting binder but got null!
09-23 20:22:28.321 11079 11177 E OpenGLRenderer: Unable to match the desired swap behavior.
09-23 20:22:28.346   488   503 I ActivityTaskManager: Displayed com.shareconnect/androidx.test.core.app.InstrumentationActivityInvoker$EmptyActivity: +280ms
09-23 20:22:28.360 11079 11079 V Console : Activity lifecycle :: PRE-STOPPED :: SettingsActivity
09-23 20:22:28.369 11079 11079 V Console : Activity lifecycle :: STOPPED :: SettingsActivity
09-23 20:22:28.370 11079 11079 D LifecycleMonitor: Lifecycle status change: com.shareconnect.SettingsActivity@36e29f9 in: STOPPED
09-23 20:22:28.371 11079 11079 V ActivityScenario: Update currentActivityStage to STOPPED, currentActivity=com.shareconnect.SettingsActivity@36e29f9
09-23 20:22:28.372 11079 11079 V Console : Activity lifecycle :: POST-STOPPED :: SettingsActivity
09-23 20:22:28.376 11079 11079 V Console : Activity lifecycle :: PRE-DESTROYED :: SettingsActivity
09-23 20:22:28.378 11079 11079 V Console : Activity lifecycle :: DESTROYED :: SettingsActivity
09-23 20:22:28.383 11079 11079 D LifecycleMonitor: Lifecycle status change: com.shareconnect.SettingsActivity@36e29f9 in: DESTROYED
09-23 20:22:28.384 11079 11079 V ActivityScenario: Update currentActivityStage to DESTROYED, currentActivity=null
09-23 20:22:28.391   488  1182 W InputManager-JNI: Input channel object 'c945d32 com.shareconnect/com.shareconnect.SettingsActivity (client)' was disposed without first being removed with the input manager!
09-23 20:22:28.400 11811 11811 I GoogleInputMethodService: GoogleInputMethodService.onFinishInput():3227
09-23 20:22:28.401 11811 11811 I GoogleInputMethodService: GoogleInputMethodService.updateDeviceLockedStatus():2087 repeatCheckTimes = 0, unlocked = true
09-23 20:22:28.401 11811 11811 I GoogleInputMethodService: GoogleInputMethodService.onStartInput():1877 onStartInput(EditorInfo{inputType=0x0(NULL) imeOptions=0x0 privateImeOptions=null actionName=UNSPECIFIED actionLabel=null actionId=0 initialSelStart=-1 initialSelEnd=-1 initialCapsMode=0x0 hintText=null label=null packageName=com.shareconnect fieldId=-1 fieldName=null extras=null}, false)
09-23 20:22:28.401 11811 11811 I GoogleInputMethodService: GoogleInputMethodService.shouldHideHeaderOnInitialState():4008 ShouldHideHeaderOnInitialState = false
09-23 20:22:28.401 11811 11811 I GoogleInputMethodService: GoogleInputMethodService.updateDeviceLockedStatus():2087 repeatCheckTimes = 2, unlocked = true
09-23 20:22:28.402 11079 11160 I TestRunner: finished: testThemeSelectionPreferenceExists(com.shareconnect.activities.SettingsActivityInstrumentationTest)
