09-23 20:21:11.821 11079 11160 I TestRunner: started: testAppNameIsDisplayed(com.shareconnect.activities.MainActivityInstrumentationTest)
09-23 20:21:11.840 11079 11160 W Settings: Setting always_finish_activities has moved from android.provider.Settings.System to android.provider.Settings.Global, returning read-only value.
09-23 20:21:11.872   779   868 W Parcel  : Expecting binder but got null!
09-23 20:21:11.898 11079 11079 D LifecycleMonitor: Lifecycle status change: com.shareconnect.MainActivity@b0a786b in: PRE_ON_CREATE
09-23 20:21:11.900 11079 11079 V ActivityScenario: Activity lifecycle changed event received but ignored because the reported transition was not ON_CREATE while the last known transition was PRE_ON_CREATE
09-23 20:21:11.903 11079 11079 D Console : getDefaultTheme() returned: Warm Orange Light (ID: 1, isDefault: true)
09-23 20:21:11.904 11079 11079 D Console : getDefaultTheme() returned: Warm Orange Light (ID: 1, isDefault: true)
09-23 20:21:11.904 11079 11079 D Console : Applying theme: Warm Orange Light, colorScheme: warm_orange, isDarkMode: false, currentTheme: WARM_ORANGE_LIGHT
09-23 20:21:11.904 11079 11079 D Console : Activity MainActivity usesToolbar: true
09-23 20:21:11.913   779   868 E OpenGLRenderer: Unable to match the desired swap behavior.
09-23 20:21:11.914 11079 11079 D Console : Setting night mode to NO
09-23 20:21:11.980  1581  1581 I GsaVoiceInteractionSrv: Handling ACTION_STOP_HOTWORD
09-23 20:21:11.983  1581  2232 I HwDetectorWithState: (REDACTED) a: %d
09-23 20:21:12.072 11079 11079 D LifecycleMonitor: Lifecycle status change: com.shareconnect.MainActivity@b0a786b in: CREATED
09-23 20:21:12.072 11079 11079 V ActivityScenario: Update currentActivityStage to CREATED, currentActivity=com.shareconnect.MainActivity@b0a786b
09-23 20:21:12.074 11079 11079 D LifecycleMonitor: Lifecycle status change: com.shareconnect.MainActivity@b0a786b in: STARTED
09-23 20:21:12.074 11079 11079 V ActivityScenario: Update currentActivityStage to STARTED, currentActivity=com.shareconnect.MainActivity@b0a786b
09-23 20:21:12.078 11079 11079 D FirebaseSessions: App foregrounded on com.shareconnect
09-23 20:21:12.085 11079 11079 V Console : Activity lifecycle :: RESUMED :: MainActivity
09-23 20:21:12.086 11079 11079 V Console : Foreground activity counter :: AtomicIntWrapper :: 12312792 :: 227589169 :: Value of: 0
09-23 20:21:12.086 11079 11079 I Console : Activity lifecycle :: Main state :: Foreground
09-23 20:21:12.086 11079 11079 V Console : Foreground activity counter :: AtomicIntWrapper :: 12312792 :: 227589169 :: Incremented to: 1
09-23 20:21:12.087 11079 11079 D Console : hasThemeChanged() returned: false
09-23 20:21:12.088 11079 11079 D Console : onResume() called, themeChanged: false
09-23 20:21:12.088 11079 11079 D LifecycleMonitor: Lifecycle status change: com.shareconnect.MainActivity@b0a786b in: RESUMED
09-23 20:21:12.089 11079 11079 V ActivityScenario: Update currentActivityStage to RESUMED, currentActivity=com.shareconnect.MainActivity@b0a786b
09-23 20:21:12.090 11079 11079 V Console : Activity lifecycle :: POST-RESUMED :: MainActivity
09-23 20:21:12.098 11079 11177 W Parcel  : Expecting binder but got null!
09-23 20:21:12.160   779   868 D EGL_emulation: app_time_stats: avg=707.86ms min=8.55ms max=7518.64ms count=11
09-23 20:21:12.169 11079 11177 E OpenGLRenderer: Unable to match the desired swap behavior.
09-23 20:21:12.230   488   503 W ziparchive: Unable to open '/data/app/~~CkD-qpsAhP47aZsyS-Jzdw==/com.shareconnect-cxZCNXaokBWhym7ugpaavg==/base.dm': No such file or directory
09-23 20:21:12.233   488   503 I ActivityTaskManager: Displayed com.shareconnect/.MainActivity: +381ms
09-23 20:21:12.258 11811 11811 I GoogleInputMethodService: GoogleInputMethodService.onFinishInput():3227
09-23 20:21:12.260 11811 11811 I GoogleInputMethodService: GoogleInputMethodService.updateDeviceLockedStatus():2087 repeatCheckTimes = 0, unlocked = true
09-23 20:21:12.260 11811 11811 I GoogleInputMethodService: GoogleInputMethodService.onStartInput():1877 onStartInput(EditorInfo{inputType=0x0(NULL) imeOptions=0x0 privateImeOptions=null actionName=UNSPECIFIED actionLabel=null actionId=0 initialSelStart=-1 initialSelEnd=-1 initialCapsMode=0x0 hintText=null label=null packageName=com.shareconnect fieldId=-1 fieldName=null extras=null}, false)
09-23 20:21:12.260 11811 11811 I GoogleInputMethodService: GoogleInputMethodService.shouldHideHeaderOnInitialState():4008 ShouldHideHeaderOnInitialState = false
09-23 20:21:12.261 11811 11811 I GoogleInputMethodService: GoogleInputMethodService.updateDeviceLockedStatus():2087 repeatCheckTimes = 2, unlocked = true
09-23 20:21:12.278   779   868 D EGL_emulation: app_time_stats: avg=395.69ms min=17.75ms max=6035.63ms count=17
09-23 20:21:12.322  1581  2228 I AssistantForeground: (REDACTED) Get launcher package: %s
09-23 20:21:12.344   998  1945 D OneSearchSuggestProvider: Shut down the binder channel
09-23 20:21:12.345   998  1604 I s.nexuslauncher: oneway function results for code 2 on binder at 0xb400007a3946f9f0 will be dropped but finished with status UNKNOWN_TRANSACTION
09-23 20:21:12.541   488   831 W InputManager-JNI: Input channel object '4376f09 Splash Screen com.shareconnect (client)' was disposed without first being removed with the input manager!
09-23 20:21:13.296   779   868 D EGL_emulation: app_time_stats: avg=19.50ms min=4.08ms max=50.03ms count=50
09-23 20:21:17.329 11079 11079 I ViewInteraction: Checking 'MatchesViewAssertion{viewMatcher=(view has effective visibility <VISIBLE> and view.getGlobalVisibleRect() to return non-empty rectangle)}' assertion on view view.getId() is <2131231328/com.shareconnect:id/toolbar>
09-23 20:21:17.347 11079 11079 V Console : Activity lifecycle :: PRE-PAUSED :: MainActivity
09-23 20:21:17.347 11079 11079 D Console : Activity lifecycle :: Top activity: MainActivity
09-23 20:21:17.348 11079 11079 D FirebaseSessions: App backgrounded on com.shareconnect
09-23 20:21:17.354 11079 11079 V Console : Activity lifecycle :: PAUSED :: MainActivity
09-23 20:21:17.355 11079 11079 V Console : Foreground activity counter :: AtomicIntWrapper :: 12312792 :: 227589169 :: Decremented to: 0
09-23 20:21:17.361 11079 11079 D LifecycleMonitor: Lifecycle status change: com.shareconnect.MainActivity@b0a786b in: PAUSED
09-23 20:21:17.361 11079 11079 V ActivityScenario: Update currentActivityStage to PAUSED, currentActivity=com.shareconnect.MainActivity@b0a786b
09-23 20:21:17.380 11079 11079 D LifecycleMonitor: Lifecycle status change: androidx.test.core.app.InstrumentationActivityInvoker$EmptyActivity@32968a9 in: PRE_ON_CREATE
09-23 20:21:17.380 11079 11079 V ActivityScenario: Activity lifecycle changed event received but ignored because the intent does not match. startActivityIntent=Intent { act=android.intent.action.MAIN cat=[android.intent.category.LAUNCHER] flg=0x10008000 cmp=com.shareconnect/.MainActivity }, activity.getIntent()=Intent { act=android.intent.action.MAIN cat=[android.intent.category.LAUNCHER] flg=0x10000000 cmp=com.shareconnect/androidx.test.core.app.InstrumentationActivityInvoker$EmptyActivity }, activity=androidx.test.core.app.InstrumentationActivityInvoker$EmptyActivity@32968a9
09-23 20:21:17.392 11079 11079 D LifecycleMonitor: Lifecycle status change: androidx.test.core.app.InstrumentationActivityInvoker$EmptyActivity@32968a9 in: CREATED
09-23 20:21:17.393 11079 11079 V ActivityScenario: Activity lifecycle changed event received but ignored because the intent does not match. startActivityIntent=Intent { act=android.intent.action.MAIN cat=[android.intent.category.LAUNCHER] flg=0x10008000 cmp=com.shareconnect/.MainActivity }, activity.getIntent()=Intent { act=android.intent.action.MAIN cat=[android.intent.category.LAUNCHER] flg=0x10000000 cmp=com.shareconnect/androidx.test.core.app.InstrumentationActivityInvoker$EmptyActivity }, activity=androidx.test.core.app.InstrumentationActivityInvoker$EmptyActivity@32968a9
09-23 20:21:17.396 11079 11079 D LifecycleMonitor: Lifecycle status change: androidx.test.core.app.InstrumentationActivityInvoker$EmptyActivity@32968a9 in: STARTED
09-23 20:21:17.397 11079 11079 V ActivityScenario: Activity lifecycle changed event received but ignored because the intent does not match. startActivityIntent=Intent { act=android.intent.action.MAIN cat=[android.intent.category.LAUNCHER] flg=0x10008000 cmp=com.shareconnect/.MainActivity }, activity.getIntent()=Intent { act=android.intent.action.MAIN cat=[android.intent.category.LAUNCHER] flg=0x10000000 cmp=com.shareconnect/androidx.test.core.app.InstrumentationActivityInvoker$EmptyActivity }, activity=androidx.test.core.app.InstrumentationActivityInvoker$EmptyActivity@32968a9
09-23 20:21:17.402 11079 11079 D FirebaseSessions: App foregrounded on com.shareconnect
09-23 20:21:17.406 11079 11079 V Console : Activity lifecycle :: RESUMED :: EmptyActivity
09-23 20:21:17.407 11079 11079 V Console : Foreground activity counter :: AtomicIntWrapper :: 12312792 :: 227589169 :: Value of: 0
09-23 20:21:17.408 11079 11079 I Console : Activity lifecycle :: Main state :: Foreground
09-23 20:21:17.408 11079 11079 V Console : Foreground activity counter :: AtomicIntWrapper :: 12312792 :: 227589169 :: Incremented to: 1
09-23 20:21:17.411 11079 11079 D LifecycleMonitor: Lifecycle status change: androidx.test.core.app.InstrumentationActivityInvoker$EmptyActivity@32968a9 in: RESUMED
09-23 20:21:17.412 11079 11079 V ActivityScenario: Activity lifecycle changed event received but ignored because the intent does not match. startActivityIntent=Intent { act=android.intent.action.MAIN cat=[android.intent.category.LAUNCHER] flg=0x10008000 cmp=com.shareconnect/.MainActivity }, activity.getIntent()=Intent { act=android.intent.action.MAIN cat=[android.intent.category.LAUNCHER] flg=0x10000000 cmp=com.shareconnect/androidx.test.core.app.InstrumentationActivityInvoker$EmptyActivity }, activity=androidx.test.core.app.InstrumentationActivityInvoker$EmptyActivity@32968a9
09-23 20:21:17.413 11079 11079 V Console : Activity lifecycle :: POST-RESUMED :: EmptyActivity
09-23 20:21:17.418 11079 11177 W Parcel  : Expecting binder but got null!
09-23 20:21:17.461 11079 11177 E OpenGLRenderer: Unable to match the desired swap behavior.
09-23 20:21:17.480   488   503 I ActivityTaskManager: Displayed com.shareconnect/androidx.test.core.app.InstrumentationActivityInvoker$EmptyActivity: +141ms
09-23 20:21:17.508 11079 11079 V Console : Activity lifecycle :: PRE-STOPPED :: MainActivity
09-23 20:21:17.517 11079 11177 D EGL_emulation: app_time_stats: avg=585.95ms min=5.72ms max=5138.32ms count=9
09-23 20:21:17.520 11079 11079 V Console : Activity lifecycle :: STOPPED :: MainActivity
09-23 20:21:17.521 11079 11079 D LifecycleMonitor: Lifecycle status change: com.shareconnect.MainActivity@b0a786b in: STOPPED
09-23 20:21:17.522 11079 11079 V ActivityScenario: Update currentActivityStage to STOPPED, currentActivity=com.shareconnect.MainActivity@b0a786b
09-23 20:21:17.522 11079 11079 V Console : Activity lifecycle :: POST-STOPPED :: MainActivity
09-23 20:21:17.526 11079 11079 V Console : Activity lifecycle :: PRE-DESTROYED :: MainActivity
09-23 20:21:17.529 11079 11079 V Console : Activity lifecycle :: DESTROYED :: MainActivity
09-23 20:21:17.529 11079 11079 D LifecycleMonitor: Lifecycle status change: com.shareconnect.MainActivity@b0a786b in: DESTROYED
09-23 20:21:17.530 11079 11079 V ActivityScenario: Update currentActivityStage to DESTROYED, currentActivity=null
09-23 20:21:17.616 11079 11079 I om.shareconnect: Explicit concurrent copying GC freed 68699(3469KB) AllocSpace objects, 34(1704KB) LOS objects, 49% free, 8043KB/15MB, paused 95us,77us total 85.775ms
09-23 20:21:17.674 11079 11079 I om.shareconnect: Explicit concurrent copying GC freed 21951(929KB) AllocSpace objects, 4(80KB) LOS objects, 49% free, 7065KB/13MB, paused 60us,97us total 45.208ms
09-23 20:21:17.703   488  2254 W InputManager-JNI: Input channel object 'f5ab8c3 com.shareconnect/com.shareconnect.MainActivity (client)' was disposed without first being removed with the input manager!
09-23 20:21:17.712 11811 11811 I GoogleInputMethodService: GoogleInputMethodService.onFinishInput():3227
09-23 20:21:17.712 11811 11811 I GoogleInputMethodService: GoogleInputMethodService.updateDeviceLockedStatus():2087 repeatCheckTimes = 0, unlocked = true
09-23 20:21:17.712 11811 11811 I GoogleInputMethodService: GoogleInputMethodService.onStartInput():1877 onStartInput(EditorInfo{inputType=0x0(NULL) imeOptions=0x0 privateImeOptions=null actionName=UNSPECIFIED actionLabel=null actionId=0 initialSelStart=-1 initialSelEnd=-1 initialCapsMode=0x0 hintText=null label=null packageName=com.shareconnect fieldId=-1 fieldName=null extras=null}, false)
09-23 20:21:17.714 11811 11811 I GoogleInputMethodService: GoogleInputMethodService.shouldHideHeaderOnInitialState():4008 ShouldHideHeaderOnInitialState = false
09-23 20:21:17.714 11811 11811 I GoogleInputMethodService: GoogleInputMethodService.updateDeviceLockedStatus():2087 repeatCheckTimes = 2, unlocked = true
09-23 20:21:17.720 11079 11160 I TestRunner: finished: testAppNameIsDisplayed(com.shareconnect.activities.MainActivityInstrumentationTest)
