09-23 20:20:42.284 11079 11160 I TestRunner: started: testMainActivityLaunches(com.shareconnect.activities.MainActivityInstrumentationTest)
09-23 20:20:42.309 11079 11160 W Settings: Setting always_finish_activities has moved from android.provider.Settings.System to android.provider.Settings.Global, returning read-only value.
09-23 20:20:42.331   779   868 W Parcel  : Expecting binder but got null!
09-23 20:20:42.369   779   868 E OpenGLRenderer: Unable to match the desired swap behavior.
09-23 20:20:42.374 11079 11079 D LifecycleMonitor: Lifecycle status change: com.shareconnect.MainActivity@37e4007 in: PRE_ON_CREATE
09-23 20:20:42.401 11079 11079 V ActivityScenario: Activity lifecycle changed event received but ignored because the reported transition was not ON_CREATE while the last known transition was PRE_ON_CREATE
09-23 20:20:42.405 11079 11079 D Console : getDefaultTheme() returned: Warm Orange Light (ID: 1, isDefault: true)
09-23 20:20:42.406 11079 11079 D Console : getDefaultTheme() returned: Warm Orange Light (ID: 1, isDefault: true)
09-23 20:20:42.407 11079 11079 D Console : Applying theme: Warm Orange Light, colorScheme: warm_orange, isDarkMode: false, currentTheme: WARM_ORANGE_LIGHT
09-23 20:20:42.408 11079 11079 D Console : Activity MainActivity usesToolbar: true
09-23 20:20:42.425 11079 11079 D Console : Setting night mode to NO
09-23 20:20:42.445  1581  1581 I GsaVoiceInteractionSrv: Handling ACTION_STOP_HOTWORD
09-23 20:20:42.446  1581  2233 I HwDetectorWithState: (REDACTED) a: %d
09-23 20:20:42.530 11079 11079 D LifecycleMonitor: Lifecycle status change: com.shareconnect.MainActivity@37e4007 in: CREATED
09-23 20:20:42.530 11079 11079 V ActivityScenario: Update currentActivityStage to CREATED, currentActivity=com.shareconnect.MainActivity@37e4007
09-23 20:20:42.532 11079 11079 D LifecycleMonitor: Lifecycle status change: com.shareconnect.MainActivity@37e4007 in: STARTED
09-23 20:20:42.532 11079 11079 V ActivityScenario: Update currentActivityStage to STARTED, currentActivity=com.shareconnect.MainActivity@37e4007
09-23 20:20:42.533 11079 11079 D FirebaseSessions: App foregrounded on com.shareconnect
09-23 20:20:42.536 11079 11079 V Console : Activity lifecycle :: RESUMED :: MainActivity
09-23 20:20:42.536 11079 11079 V Console : Foreground activity counter :: AtomicIntWrapper :: 12312792 :: 227589169 :: Value of: 0
09-23 20:20:42.537 11079 11079 I Console : Activity lifecycle :: Main state :: Foreground
09-23 20:20:42.537 11079 11079 V Console : Foreground activity counter :: AtomicIntWrapper :: 12312792 :: 227589169 :: Incremented to: 1
09-23 20:20:42.537 11079 11079 D Console : hasThemeChanged() returned: false
09-23 20:20:42.538 11079 11079 D Console : onResume() called, themeChanged: false
09-23 20:20:42.538 11079 11079 D LifecycleMonitor: Lifecycle status change: com.shareconnect.MainActivity@37e4007 in: RESUMED
09-23 20:20:42.538 11079 11079 V ActivityScenario: Update currentActivityStage to RESUMED, currentActivity=com.shareconnect.MainActivity@37e4007
09-23 20:20:42.539 11079 11079 V Console : Activity lifecycle :: POST-RESUMED :: MainActivity
09-23 20:20:42.552 11079 11177 W Parcel  : Expecting binder but got null!
09-23 20:20:42.604   779   868 D EGL_emulation: app_time_stats: avg=523.92ms min=3.55ms max=6505.78ms count=13
09-23 20:20:42.618 11079 11177 E OpenGLRenderer: Unable to match the desired swap behavior.
09-23 20:20:42.719   779   868 D EGL_emulation: app_time_stats: avg=359.78ms min=17.08ms max=5059.13ms count=16
09-23 20:20:42.728   488   503 W ziparchive: Unable to open '/data/app/~~CkD-qpsAhP47aZsyS-Jzdw==/com.shareconnect-cxZCNXaokBWhym7ugpaavg==/base.dm': No such file or directory
09-23 20:20:42.729   488   503 I ActivityTaskManager: Displayed com.shareconnect/.MainActivity: +412ms
09-23 20:20:42.786 11811 11811 I GoogleInputMethodService: GoogleInputMethodService.onFinishInput():3227
09-23 20:20:42.790 11811 11811 I GoogleInputMethodService: GoogleInputMethodService.updateDeviceLockedStatus():2087 repeatCheckTimes = 0, unlocked = true
09-23 20:20:42.790 11811 11811 I GoogleInputMethodService: GoogleInputMethodService.onStartInput():1877 onStartInput(EditorInfo{inputType=0x0(NULL) imeOptions=0x0 privateImeOptions=null actionName=UNSPECIFIED actionLabel=null actionId=0 initialSelStart=-1 initialSelEnd=-1 initialCapsMode=0x0 hintText=null label=null packageName=com.shareconnect fieldId=-1 fieldName=null extras=null}, false)
09-23 20:20:42.790 11811 11811 I GoogleInputMethodService: GoogleInputMethodService.shouldHideHeaderOnInitialState():4008 ShouldHideHeaderOnInitialState = false
09-23 20:20:42.791 11811 11811 I GoogleInputMethodService: GoogleInputMethodService.updateDeviceLockedStatus():2087 repeatCheckTimes = 2, unlocked = true
09-23 20:20:42.842   998  1945 D OneSearchSuggestProvider: Shut down the binder channel
09-23 20:20:42.844   998 14587 I s.nexuslauncher: oneway function results for code 2 on binder at 0xb400007a394877b0 will be dropped but finished with status UNKNOWN_TRANSACTION
09-23 20:20:42.866  1581  2228 I AssistantForeground: (REDACTED) Get launcher package: %s
09-23 20:20:42.954 11079 11087 I om.shareconnect: Compiler allocated 4413KB to compile void android.view.ViewRootImpl.performTraversals()
09-23 20:20:43.036   488  2445 W InputManager-JNI: Input channel object '5c1f9ff Splash Screen com.shareconnect (client)' was disposed without first being removed with the input manager!
09-23 20:20:43.728   779   868 D EGL_emulation: app_time_stats: avg=16.46ms min=1.81ms max=51.85ms count=53
09-23 20:20:47.809 11307 11307 W ThreadPoolForeg: type=1400 audit(0.0:1774): avc: denied { write } for name="traced_producer" dev="tmpfs" ino=647 scontext=u:r:gmscore_app:s0:c512,c768 tcontext=u:object_r:traced_producer_socket:s0 tclass=sock_file permissive=0 app=com.google.android.gms
09-23 20:20:47.897 11079 11079 I ViewInteraction: Performing 'scroll to' action on view view.getId() is <2131230859/com.shareconnect:id/buttonSettings>
09-23 20:20:47.898 11079 11079 I ScrollToAction: View is already displayed. Returning.
09-23 20:20:47.900 11079 11079 I ViewInteraction: Checking 'MatchesViewAssertion{viewMatcher=(view has effective visibility <VISIBLE> and view.getGlobalVisibleRect() to return non-empty rectangle)}' assertion on view view.getId() is <2131230859/com.shareconnect:id/buttonSettings>
09-23 20:20:47.902 11079 11079 I ViewInteraction: Performing 'scroll to' action on view view.getId() is <2131230852/com.shareconnect:id/buttonOpenMeTube>
09-23 20:20:47.903 11079 11079 I ScrollToAction: View is already displayed. Returning.
09-23 20:20:47.905 11079 11079 I ViewInteraction: Checking 'MatchesViewAssertion{viewMatcher=(view has effective visibility <VISIBLE> and view.getGlobalVisibleRect() to return non-empty rectangle)}' assertion on view view.getId() is <2131230852/com.shareconnect:id/buttonOpenMeTube>
09-23 20:20:47.907 11079 11079 I ViewInteraction: Performing 'scroll to' action on view view.getId() is <2131230851/com.shareconnect:id/buttonHistory>
09-23 20:20:47.908 11079 11079 I ScrollToAction: View is already displayed. Returning.
09-23 20:20:47.910 11079 11079 I ViewInteraction: Checking 'MatchesViewAssertion{viewMatcher=(view has effective visibility <VISIBLE> and view.getGlobalVisibleRect() to return non-empty rectangle)}' assertion on view view.getId() is <2131230851/com.shareconnect:id/buttonHistory>
09-23 20:20:47.911 11079 11079 I ViewInteraction: Performing 'scroll to' action on view view.getId() is <2131230970/com.shareconnect:id/fabAdd>
09-23 20:20:47.915 11079 11079 I ViewInteraction: Checking 'MatchesViewAssertion{viewMatcher=(view has effective visibility <VISIBLE> and view.getGlobalVisibleRect() to return non-empty rectangle)}' assertion on view view.getId() is <2131230970/com.shareconnect:id/fabAdd>
09-23 20:20:47.928 11079 11079 V Console : Activity lifecycle :: PRE-PAUSED :: MainActivity
09-23 20:20:47.928 11079 11079 D Console : Activity lifecycle :: Top activity: MainActivity
09-23 20:20:47.928 11079 11079 D FirebaseSessions: App backgrounded on com.shareconnect
09-23 20:20:47.938 11079 11079 V Console : Activity lifecycle :: PAUSED :: MainActivity
09-23 20:20:47.942 11079 11079 V Console : Foreground activity counter :: AtomicIntWrapper :: 12312792 :: 227589169 :: Decremented to: 0
09-23 20:20:47.942 11079 11079 D LifecycleMonitor: Lifecycle status change: com.shareconnect.MainActivity@37e4007 in: PAUSED
09-23 20:20:47.944 11079 11079 V ActivityScenario: Update currentActivityStage to PAUSED, currentActivity=com.shareconnect.MainActivity@37e4007
09-23 20:20:47.982 11079 11079 D LifecycleMonitor: Lifecycle status change: androidx.test.core.app.InstrumentationActivityInvoker$EmptyActivity@958058f in: PRE_ON_CREATE
09-23 20:20:47.984 11079 11079 V ActivityScenario: Activity lifecycle changed event received but ignored because the intent does not match. startActivityIntent=Intent { act=android.intent.action.MAIN cat=[android.intent.category.LAUNCHER] flg=0x10008000 cmp=com.shareconnect/.MainActivity }, activity.getIntent()=Intent { act=android.intent.action.MAIN cat=[android.intent.category.LAUNCHER] flg=0x10000000 cmp=com.shareconnect/androidx.test.core.app.InstrumentationActivityInvoker$EmptyActivity }, activity=androidx.test.core.app.InstrumentationActivityInvoker$EmptyActivity@958058f
09-23 20:20:48.029 11079 11177 D EGL_emulation: app_time_stats: avg=584.07ms min=4.79ms max=5099.67ms count=9
09-23 20:20:48.030 11079 11079 D LifecycleMonitor: Lifecycle status change: androidx.test.core.app.InstrumentationActivityInvoker$EmptyActivity@958058f in: CREATED
09-23 20:20:48.031 11079 11079 V ActivityScenario: Activity lifecycle changed event received but ignored because the intent does not match. startActivityIntent=Intent { act=android.intent.action.MAIN cat=[android.intent.category.LAUNCHER] flg=0x10008000 cmp=com.shareconnect/.MainActivity }, activity.getIntent()=Intent { act=android.intent.action.MAIN cat=[android.intent.category.LAUNCHER] flg=0x10000000 cmp=com.shareconnect/androidx.test.core.app.InstrumentationActivityInvoker$EmptyActivity }, activity=androidx.test.core.app.InstrumentationActivityInvoker$EmptyActivity@958058f
09-23 20:20:48.033 11079 11079 D LifecycleMonitor: Lifecycle status change: androidx.test.core.app.InstrumentationActivityInvoker$EmptyActivity@958058f in: STARTED
09-23 20:20:48.034 11079 11079 V ActivityScenario: Activity lifecycle changed event received but ignored because the intent does not match. startActivityIntent=Intent { act=android.intent.action.MAIN cat=[android.intent.category.LAUNCHER] flg=0x10008000 cmp=com.shareconnect/.MainActivity }, activity.getIntent()=Intent { act=android.intent.action.MAIN cat=[android.intent.category.LAUNCHER] flg=0x10000000 cmp=com.shareconnect/androidx.test.core.app.InstrumentationActivityInvoker$EmptyActivity }, activity=androidx.test.core.app.InstrumentationActivityInvoker$EmptyActivity@958058f
09-23 20:20:48.036 11079 11079 D FirebaseSessions: App foregrounded on com.shareconnect
09-23 20:20:48.039 11079 11079 V Console : Activity lifecycle :: RESUMED :: EmptyActivity
09-23 20:20:48.044 11079 11079 V Console : Foreground activity counter :: AtomicIntWrapper :: 12312792 :: 227589169 :: Value of: 0
09-23 20:20:48.044 11079 11079 I Console : Activity lifecycle :: Main state :: Foreground
09-23 20:20:48.044 11079 11079 V Console : Foreground activity counter :: AtomicIntWrapper :: 12312792 :: 227589169 :: Incremented to: 1
09-23 20:20:48.046 11079 11079 D LifecycleMonitor: Lifecycle status change: androidx.test.core.app.InstrumentationActivityInvoker$EmptyActivity@958058f in: RESUMED
09-23 20:20:48.046 11079 11079 V ActivityScenario: Activity lifecycle changed event received but ignored because the intent does not match. startActivityIntent=Intent { act=android.intent.action.MAIN cat=[android.intent.category.LAUNCHER] flg=0x10008000 cmp=com.shareconnect/.MainActivity }, activity.getIntent()=Intent { act=android.intent.action.MAIN cat=[android.intent.category.LAUNCHER] flg=0x10000000 cmp=com.shareconnect/androidx.test.core.app.InstrumentationActivityInvoker$EmptyActivity }, activity=androidx.test.core.app.InstrumentationActivityInvoker$EmptyActivity@958058f
09-23 20:20:48.047 11079 11079 V Console : Activity lifecycle :: POST-RESUMED :: EmptyActivity
09-23 20:20:48.052 11079 11177 W Parcel  : Expecting binder but got null!
09-23 20:20:48.099 11079 11177 E OpenGLRenderer: Unable to match the desired swap behavior.
09-23 20:20:48.117   488   503 I ActivityTaskManager: Displayed com.shareconnect/androidx.test.core.app.InstrumentationActivityInvoker$EmptyActivity: +195ms
09-23 20:20:48.133 11079 11079 V Console : Activity lifecycle :: PRE-STOPPED :: MainActivity
09-23 20:20:48.145 11079 11079 V Console : Activity lifecycle :: STOPPED :: MainActivity
09-23 20:20:48.146 11079 11079 D LifecycleMonitor: Lifecycle status change: com.shareconnect.MainActivity@37e4007 in: STOPPED
09-23 20:20:48.146 11079 11079 V ActivityScenario: Update currentActivityStage to STOPPED, currentActivity=com.shareconnect.MainActivity@37e4007
09-23 20:20:48.146 11079 11079 V Console : Activity lifecycle :: POST-STOPPED :: MainActivity
09-23 20:20:48.148 11079 11079 V Console : Activity lifecycle :: PRE-DESTROYED :: MainActivity
09-23 20:20:48.149 11079 11079 V Console : Activity lifecycle :: DESTROYED :: MainActivity
09-23 20:20:48.150 11079 11079 D LifecycleMonitor: Lifecycle status change: com.shareconnect.MainActivity@37e4007 in: DESTROYED
09-23 20:20:48.151 11079 11079 V ActivityScenario: Update currentActivityStage to DESTROYED, currentActivity=null
09-23 20:20:48.209 11079 11079 W om.shareconnect: Cleared Reference was only reachable from finalizer (only reported once)
09-23 20:20:48.213 11079 11079 I om.shareconnect: Explicit concurrent copying GC freed 72887(3359KB) AllocSpace objects, 30(1432KB) LOS objects, 49% free, 7919KB/15MB, paused 365us,45us total 62.047ms
09-23 20:20:48.245 11079 11079 I om.shareconnect: Explicit concurrent copying GC freed 21110(910KB) AllocSpace objects, 0(0B) LOS objects, 49% free, 7040KB/13MB, paused 33us,45us total 23.638ms
09-23 20:20:48.269   488  2445 W InputManager-JNI: Input channel object 'c1c9e85 com.shareconnect/com.shareconnect.MainActivity (client)' was disposed without first being removed with the input manager!
09-23 20:20:48.280 11811 11811 I GoogleInputMethodService: GoogleInputMethodService.onFinishInput():3227
09-23 20:20:48.282 11811 11811 I GoogleInputMethodService: GoogleInputMethodService.updateDeviceLockedStatus():2087 repeatCheckTimes = 0, unlocked = true
09-23 20:20:48.282 11811 11811 I GoogleInputMethodService: GoogleInputMethodService.onStartInput():1877 onStartInput(EditorInfo{inputType=0x0(NULL) imeOptions=0x0 privateImeOptions=null actionName=UNSPECIFIED actionLabel=null actionId=0 initialSelStart=-1 initialSelEnd=-1 initialCapsMode=0x0 hintText=null label=null packageName=com.shareconnect fieldId=-1 fieldName=null extras=null}, false)
09-23 20:20:48.282 11811 11811 I GoogleInputMethodService: GoogleInputMethodService.shouldHideHeaderOnInitialState():4008 ShouldHideHeaderOnInitialState = false
09-23 20:20:48.283 11811 11811 I GoogleInputMethodService: GoogleInputMethodService.updateDeviceLockedStatus():2087 repeatCheckTimes = 2, unlocked = true
09-23 20:20:48.295 11079 11160 I TestRunner: finished: testMainActivityLaunches(com.shareconnect.activities.MainActivityInstrumentationTest)
