09-23 20:21:43.985 11079 11160 I TestRunner: started: testPreferenceIcons(com.shareconnect.activities.SettingsActivityInstrumentationTest)
09-23 20:21:43.999 11079 11160 W Settings: Setting always_finish_activities has moved from android.provider.Settings.System to android.provider.Settings.Global, returning read-only value.
09-23 20:21:44.030 11079 11079 I om.shareconnect: Explicit concurrent copying GC freed 65841(3589KB) AllocSpace objects, 34(1768KB) LOS objects, 49% free, 7926KB/15MB, paused 144us,79us total 61.920ms
09-23 20:21:44.087 11079 11079 I om.shareconnect: Explicit concurrent copying GC freed 23884(1106KB) AllocSpace objects, 0(0B) LOS objects, 49% free, 6852KB/13MB, paused 71us,110us total 43.017ms
09-23 20:21:44.118   488  1752 W InputManager-JNI: Input channel object '4c73ce0 com.shareconnect/androidx.test.core.app.InstrumentationActivityInvoker$EmptyActivity (client)' was disposed without first being removed with the input manager!
09-23 20:21:44.148   779   868 W Parcel  : Expecting binder but got null!
09-23 20:21:44.185 11079 11079 D LifecycleMonitor: Lifecycle status change: com.shareconnect.SettingsActivity@b6f5d91 in: PRE_ON_CREATE
09-23 20:21:44.186 11079 11079 V ActivityScenario: Activity lifecycle changed event received but ignored because the reported transition was not ON_CREATE while the last known transition was PRE_ON_CREATE
09-23 20:21:44.190 11079 11079 D Console : getDefaultTheme() returned: Warm Orange Light (ID: 1, isDefault: true)
09-23 20:21:44.191 11079 11079 D Console : getDefaultTheme() returned: Warm Orange Light (ID: 1, isDefault: true)
09-23 20:21:44.192 11079 11079 D Console : Applying theme: Warm Orange Light, colorScheme: warm_orange, isDarkMode: false, currentTheme: WARM_ORANGE_LIGHT
09-23 20:21:44.192 11079 11079 D Console : Activity SettingsActivity usesToolbar: true
09-23 20:21:44.194 11079 11079 D Console : Setting night mode to NO
09-23 20:21:44.200   779   868 E OpenGLRenderer: Unable to match the desired swap behavior.
09-23 20:21:44.226 11079 11079 D LifecycleMonitor: Lifecycle status change: com.shareconnect.SettingsActivity@b6f5d91 in: CREATED
09-23 20:21:44.228 11079 11079 V ActivityScenario: Update currentActivityStage to CREATED, currentActivity=com.shareconnect.SettingsActivity@b6f5d91
09-23 20:21:44.257  1581  1581 I GsaVoiceInteractionSrv: Handling ACTION_STOP_HOTWORD
09-23 20:21:44.259  1581  2233 I HwDetectorWithState: (REDACTED) a: %d
09-23 20:21:44.263   998  1661 D EGL_emulation: app_time_stats: avg=15.43ms min=2.50ms max=271.59ms count=41
09-23 20:21:44.272 11079 11079 D LifecycleMonitor: Lifecycle status change: com.shareconnect.SettingsActivity@b6f5d91 in: STARTED
09-23 20:21:44.281 11079 11079 V ActivityScenario: Update currentActivityStage to STARTED, currentActivity=com.shareconnect.SettingsActivity@b6f5d91
09-23 20:21:44.288 11079 11079 D FirebaseSessions: App foregrounded on com.shareconnect
09-23 20:21:44.296 11079 11079 V Console : Activity lifecycle :: RESUMED :: SettingsActivity
09-23 20:21:44.296 11079 11079 V Console : Foreground activity counter :: AtomicIntWrapper :: 12312792 :: 227589169 :: Value of: 0
09-23 20:21:44.297 11079 11079 I Console : Activity lifecycle :: Main state :: Foreground
09-23 20:21:44.297 11079 11079 V Console : Foreground activity counter :: AtomicIntWrapper :: 12312792 :: 227589169 :: Incremented to: 1
09-23 20:21:44.297 11079 11079 D LifecycleMonitor: Lifecycle status change: com.shareconnect.SettingsActivity@b6f5d91 in: RESUMED
09-23 20:21:44.297 11079 11079 V ActivityScenario: Update currentActivityStage to RESUMED, currentActivity=com.shareconnect.SettingsActivity@b6f5d91
09-23 20:21:44.298 11079 11079 V Console : Activity lifecycle :: POST-RESUMED :: SettingsActivity
09-23 20:21:44.303 11079 11177 W Parcel  : Expecting binder but got null!
09-23 20:21:44.346 11079 11177 E OpenGLRenderer: Unable to match the desired swap behavior.
09-23 20:21:44.358   779   868 D EGL_emulation: app_time_stats: avg=437.96ms min=6.09ms max=4417.22ms count=11
09-23 20:21:44.451   488   503 W ziparchive: Unable to open '/data/app/~~CkD-qpsAhP47aZsyS-Jzdw==/com.shareconnect-cxZCNXaokBWhym7ugpaavg==/base.dm': No such file or directory
09-23 20:21:44.453   488   503 I ActivityTaskManager: Displayed com.shareconnect/.SettingsActivity: +316ms
09-23 20:21:44.465 11811 11811 I GoogleInputMethodService: GoogleInputMethodService.onFinishInput():3227
09-23 20:21:44.465 11811 11811 I GoogleInputMethodService: GoogleInputMethodService.updateDeviceLockedStatus():2087 repeatCheckTimes = 0, unlocked = true
09-23 20:21:44.466 11811 11811 I GoogleInputMethodService: GoogleInputMethodService.onStartInput():1877 onStartInput(EditorInfo{inputType=0x0(NULL) imeOptions=0x0 privateImeOptions=null actionName=UNSPECIFIED actionLabel=null actionId=0 initialSelStart=-1 initialSelEnd=-1 initialCapsMode=0x0 hintText=null label=null packageName=com.shareconnect fieldId=2131231190 fieldName=null extras=null}, false)
09-23 20:21:44.466 11811 11811 I GoogleInputMethodService: GoogleInputMethodService.shouldHideHeaderOnInitialState():4008 ShouldHideHeaderOnInitialState = false
09-23 20:21:44.466 11811 11811 I GoogleInputMethodService: GoogleInputMethodService.updateDeviceLockedStatus():2087 repeatCheckTimes = 2, unlocked = true
09-23 20:21:44.553  1581  2228 I AssistantForeground: (REDACTED) Get launcher package: %s
09-23 20:21:44.555   779   868 D EGL_emulation: app_time_stats: avg=155.43ms min=3.19ms max=3078.25ms count=25
09-23 20:21:44.578   998  1945 D OneSearchSuggestProvider: Shut down the binder channel
09-23 20:21:44.580   998  1039 I s.nexuslauncher: oneway function results for code 2 on binder at 0xb400007a39478300 will be dropped but finished with status UNKNOWN_TRANSACTION
09-23 20:21:44.761   488  2254 W InputManager-JNI: Input channel object '56fa86e Splash Screen com.shareconnect (client)' was disposed without first being removed with the input manager!
09-23 20:21:45.559   779   868 D EGL_emulation: app_time_stats: avg=17.17ms min=1.83ms max=50.93ms count=49
09-23 20:21:45.934 11079 11177 D EGL_emulation: app_time_stats: avg=140.76ms min=3.03ms max=1332.40ms count=10
09-23 20:21:46.277 12330 12330 D BoundBrokerSvc: onUnbind: Intent { act=com.google.android.gms.presencemanager.service.START dat=chimera-action:/... cmp=com.google.android.gms/.chimera.PersistentApiService }
09-23 20:21:46.279 12330 12330 D BoundBrokerSvc: onUnbind: Intent { act=com.google.android.gms.presencemanager.service.INTERNAL_IDENTITY dat=chimera-action:/... cmp=com.google.android.gms/.chimera.PersistentApiService }
09-23 20:21:47.578 11079 11079 I ViewInteraction: Checking 'MatchesViewAssertion{viewMatcher=(view has effective visibility <VISIBLE> and view.getGlobalVisibleRect() to return non-empty rectangle)}' assertion on view view.getId() is <2131231228/com.shareconnect:id/settings>
09-23 20:21:47.606 11079 11079 V Console : Activity lifecycle :: PRE-PAUSED :: SettingsActivity
09-23 20:21:47.606 11079 11079 D Console : Activity lifecycle :: Top activity: SettingsActivity
09-23 20:21:47.607 11079 11079 D FirebaseSessions: App backgrounded on com.shareconnect
09-23 20:21:47.609 11079 11079 V Console : Activity lifecycle :: PAUSED :: SettingsActivity
09-23 20:21:47.610 11079 11079 V Console : Foreground activity counter :: AtomicIntWrapper :: 12312792 :: 227589169 :: Decremented to: 0
09-23 20:21:47.610 11079 11079 D LifecycleMonitor: Lifecycle status change: com.shareconnect.SettingsActivity@b6f5d91 in: PAUSED
09-23 20:21:47.610 11079 11079 V ActivityScenario: Update currentActivityStage to PAUSED, currentActivity=com.shareconnect.SettingsActivity@b6f5d91
09-23 20:21:47.619 11079 11079 D LifecycleMonitor: Lifecycle status change: androidx.test.core.app.InstrumentationActivityInvoker$EmptyActivity@60b3cf0 in: PRE_ON_CREATE
09-23 20:21:47.619 11079 11079 V ActivityScenario: Activity lifecycle changed event received but ignored because the intent does not match. startActivityIntent=Intent { act=android.intent.action.MAIN cat=[android.intent.category.LAUNCHER] flg=0x10008000 cmp=com.shareconnect/.SettingsActivity }, activity.getIntent()=Intent { act=android.intent.action.MAIN cat=[android.intent.category.LAUNCHER] flg=0x10000000 cmp=com.shareconnect/androidx.test.core.app.InstrumentationActivityInvoker$EmptyActivity }, activity=androidx.test.core.app.InstrumentationActivityInvoker$EmptyActivity@60b3cf0
09-23 20:21:47.629 11079 11079 D LifecycleMonitor: Lifecycle status change: androidx.test.core.app.InstrumentationActivityInvoker$EmptyActivity@60b3cf0 in: CREATED
09-23 20:21:47.630 11079 11079 V ActivityScenario: Activity lifecycle changed event received but ignored because the intent does not match. startActivityIntent=Intent { act=android.intent.action.MAIN cat=[android.intent.category.LAUNCHER] flg=0x10008000 cmp=com.shareconnect/.SettingsActivity }, activity.getIntent()=Intent { act=android.intent.action.MAIN cat=[android.intent.category.LAUNCHER] flg=0x10000000 cmp=com.shareconnect/androidx.test.core.app.InstrumentationActivityInvoker$EmptyActivity }, activity=androidx.test.core.app.InstrumentationActivityInvoker$EmptyActivity@60b3cf0
09-23 20:21:47.631 11079 11079 D LifecycleMonitor: Lifecycle status change: androidx.test.core.app.InstrumentationActivityInvoker$EmptyActivity@60b3cf0 in: STARTED
09-23 20:21:47.631 11079 11079 V ActivityScenario: Activity lifecycle changed event received but ignored because the intent does not match. startActivityIntent=Intent { act=android.intent.action.MAIN cat=[android.intent.category.LAUNCHER] flg=0x10008000 cmp=com.shareconnect/.SettingsActivity }, activity.getIntent()=Intent { act=android.intent.action.MAIN cat=[android.intent.category.LAUNCHER] flg=0x10000000 cmp=com.shareconnect/androidx.test.core.app.InstrumentationActivityInvoker$EmptyActivity }, activity=androidx.test.core.app.InstrumentationActivityInvoker$EmptyActivity@60b3cf0
09-23 20:21:47.633 11079 11079 D FirebaseSessions: App foregrounded on com.shareconnect
09-23 20:21:47.637 11079 11079 V Console : Activity lifecycle :: RESUMED :: EmptyActivity
09-23 20:21:47.637 11079 11079 V Console : Foreground activity counter :: AtomicIntWrapper :: 12312792 :: 227589169 :: Value of: 0
09-23 20:21:47.637 11079 11079 I Console : Activity lifecycle :: Main state :: Foreground
09-23 20:21:47.638 11079 11079 V Console : Foreground activity counter :: AtomicIntWrapper :: 12312792 :: 227589169 :: Incremented to: 1
09-23 20:21:47.638 11079 11079 D LifecycleMonitor: Lifecycle status change: androidx.test.core.app.InstrumentationActivityInvoker$EmptyActivity@60b3cf0 in: RESUMED
09-23 20:21:47.639 11079 11079 V ActivityScenario: Activity lifecycle changed event received but ignored because the intent does not match. startActivityIntent=Intent { act=android.intent.action.MAIN cat=[android.intent.category.LAUNCHER] flg=0x10008000 cmp=com.shareconnect/.SettingsActivity }, activity.getIntent()=Intent { act=android.intent.action.MAIN cat=[android.intent.category.LAUNCHER] flg=0x10000000 cmp=com.shareconnect/androidx.test.core.app.InstrumentationActivityInvoker$EmptyActivity }, activity=androidx.test.core.app.InstrumentationActivityInvoker$EmptyActivity@60b3cf0
09-23 20:21:47.640 11079 11079 V Console : Activity lifecycle :: POST-RESUMED :: EmptyActivity
09-23 20:21:47.643 11079 11177 W Parcel  : Expecting binder but got null!
09-23 20:21:47.681 11079 11177 E OpenGLRenderer: Unable to match the desired swap behavior.
09-23 20:21:47.704   488   503 I ActivityTaskManager: Displayed com.shareconnect/androidx.test.core.app.InstrumentationActivityInvoker$EmptyActivity: +120ms
09-23 20:21:47.725 11079 11079 V Console : Activity lifecycle :: PRE-STOPPED :: SettingsActivity
09-23 20:21:47.734 11079 11177 D EGL_emulation: app_time_stats: avg=105.82ms min=1.36ms max=1538.61ms count=16
09-23 20:21:47.744 11079 11079 V Console : Activity lifecycle :: STOPPED :: SettingsActivity
09-23 20:21:47.746 11079 11079 D LifecycleMonitor: Lifecycle status change: com.shareconnect.SettingsActivity@b6f5d91 in: STOPPED
09-23 20:21:47.746 11079 11079 V ActivityScenario: Update currentActivityStage to STOPPED, currentActivity=com.shareconnect.SettingsActivity@b6f5d91
09-23 20:21:47.747 11079 11079 V Console : Activity lifecycle :: POST-STOPPED :: SettingsActivity
09-23 20:21:47.755 11079 11079 V Console : Activity lifecycle :: PRE-DESTROYED :: SettingsActivity
09-23 20:21:47.757 11079 11079 V Console : Activity lifecycle :: DESTROYED :: SettingsActivity
09-23 20:21:47.763 11079 11079 D LifecycleMonitor: Lifecycle status change: com.shareconnect.SettingsActivity@b6f5d91 in: DESTROYED
09-23 20:21:47.764 11079 11079 V ActivityScenario: Update currentActivityStage to DESTROYED, currentActivity=null
09-23 20:21:47.771   488  2254 W InputManager-JNI: Input channel object '5f4c9a0 com.shareconnect/com.shareconnect.SettingsActivity (client)' was disposed without first being removed with the input manager!
09-23 20:21:47.784 11811 11811 I GoogleInputMethodService: GoogleInputMethodService.onFinishInput():3227
09-23 20:21:47.784 11079 11160 I TestRunner: finished: testPreferenceIcons(com.shareconnect.activities.SettingsActivityInstrumentationTest)
