09-23 20:21:53.278 11079 11160 I TestRunner: started: testServerProfilesPreferenceClickable(com.shareconnect.activities.SettingsActivityInstrumentationTest)
09-23 20:21:53.282 11079 11079 I om.shareconnect: Explicit concurrent copying GC freed 48817(2910KB) AllocSpace objects, 24(1248KB) LOS objects, 49% free, 7288KB/14MB, paused 76us,80us total 50.918ms
09-23 20:21:53.284 11079 11160 W Settings: Setting always_finish_activities has moved from android.provider.Settings.System to android.provider.Settings.Global, returning read-only value.
09-23 20:21:53.317 11079 11079 I om.shareconnect: Explicit concurrent copying GC freed 11419(609KB) AllocSpace objects, 0(0B) LOS objects, 49% free, 6743KB/13MB, paused 30us,88us total 29.709ms
09-23 20:21:53.330   488   502 W InputManager-JNI: Input channel object 'a649d68 com.shareconnect/androidx.test.core.app.InstrumentationActivityInvoker$EmptyActivity (client)' was disposed without first being removed with the input manager!
09-23 20:21:53.354   779   868 W Parcel  : Expecting binder but got null!
09-23 20:21:53.414   779   868 E OpenGLRenderer: Unable to match the desired swap behavior.
09-23 20:21:53.418 11079 11079 D LifecycleMonitor: Lifecycle status change: com.shareconnect.SettingsActivity@c9c2ff0 in: PRE_ON_CREATE
09-23 20:21:53.421 11079 11079 V ActivityScenario: Activity lifecycle changed event received but ignored because the reported transition was not ON_CREATE while the last known transition was PRE_ON_CREATE
09-23 20:21:53.430 11079 11079 D Console : getDefaultTheme() returned: Warm Orange Light (ID: 1, isDefault: true)
09-23 20:21:53.430 11079 11079 D Console : getDefaultTheme() returned: Warm Orange Light (ID: 1, isDefault: true)
09-23 20:21:53.431 11079 11079 D Console : Applying theme: Warm Orange Light, colorScheme: warm_orange, isDarkMode: false, currentTheme: WARM_ORANGE_LIGHT
09-23 20:21:53.433 11079 11079 D Console : Activity SettingsActivity usesToolbar: true
09-23 20:21:53.441 11079 11079 D Console : Setting night mode to NO
09-23 20:21:53.466  1581  1581 I GsaVoiceInteractionSrv: Handling ACTION_STOP_HOTWORD
09-23 20:21:53.468  1581  2233 I HwDetectorWithState: (REDACTED) a: %d
09-23 20:21:53.479 11079 11079 D LifecycleMonitor: Lifecycle status change: com.shareconnect.SettingsActivity@c9c2ff0 in: CREATED
09-23 20:21:53.480 11079 11079 V ActivityScenario: Update currentActivityStage to CREATED, currentActivity=com.shareconnect.SettingsActivity@c9c2ff0
09-23 20:21:53.495 11079 11079 D LifecycleMonitor: Lifecycle status change: com.shareconnect.SettingsActivity@c9c2ff0 in: STARTED
09-23 20:21:53.495 11079 11079 V ActivityScenario: Update currentActivityStage to STARTED, currentActivity=com.shareconnect.SettingsActivity@c9c2ff0
09-23 20:21:53.500 11079 11079 D FirebaseSessions: App foregrounded on com.shareconnect
09-23 20:21:53.509 11079 11079 V Console : Activity lifecycle :: RESUMED :: SettingsActivity
09-23 20:21:53.509 11079 11079 V Console : Foreground activity counter :: AtomicIntWrapper :: 12312792 :: 227589169 :: Value of: 0
09-23 20:21:53.509 11079 11079 I Console : Activity lifecycle :: Main state :: Foreground
09-23 20:21:53.510 11079 11079 V Console : Foreground activity counter :: AtomicIntWrapper :: 12312792 :: 227589169 :: Incremented to: 1
09-23 20:21:53.510 11079 11079 D LifecycleMonitor: Lifecycle status change: com.shareconnect.SettingsActivity@c9c2ff0 in: RESUMED
09-23 20:21:53.511 11079 11079 V ActivityScenario: Update currentActivityStage to RESUMED, currentActivity=com.shareconnect.SettingsActivity@c9c2ff0
09-23 20:21:53.513 11079 11079 V Console : Activity lifecycle :: POST-RESUMED :: SettingsActivity
09-23 20:21:53.519 11079 11177 W Parcel  : Expecting binder but got null!
09-23 20:21:53.568   779   868 D EGL_emulation: app_time_stats: avg=327.78ms min=3.21ms max=4417.37ms count=14
09-23 20:21:53.581 11079 11177 E OpenGLRenderer: Unable to match the desired swap behavior.
09-23 20:21:53.684   488   503 W ziparchive: Unable to open '/data/app/~~CkD-qpsAhP47aZsyS-Jzdw==/com.shareconnect-cxZCNXaokBWhym7ugpaavg==/base.dm': No such file or directory
09-23 20:21:53.686   488   503 I ActivityTaskManager: Displayed com.shareconnect/.SettingsActivity: +345ms
09-23 20:21:53.701 11811 11811 I GoogleInputMethodService: GoogleInputMethodService.onFinishInput():3227
09-23 20:21:53.702 11811 11811 I GoogleInputMethodService: GoogleInputMethodService.updateDeviceLockedStatus():2087 repeatCheckTimes = 0, unlocked = true
09-23 20:21:53.702 11811 11811 I GoogleInputMethodService: GoogleInputMethodService.onStartInput():1877 onStartInput(EditorInfo{inputType=0x0(NULL) imeOptions=0x0 privateImeOptions=null actionName=UNSPECIFIED actionLabel=null actionId=0 initialSelStart=-1 initialSelEnd=-1 initialCapsMode=0x0 hintText=null label=null packageName=com.shareconnect fieldId=2131231190 fieldName=null extras=null}, false)
09-23 20:21:53.702 11811 11811 I GoogleInputMethodService: GoogleInputMethodService.shouldHideHeaderOnInitialState():4008 ShouldHideHeaderOnInitialState = false
09-23 20:21:53.703 11811 11811 I GoogleInputMethodService: GoogleInputMethodService.updateDeviceLockedStatus():2087 repeatCheckTimes = 2, unlocked = true
09-23 20:21:53.763  1581  2227 I AssistantForeground: (REDACTED) Get launcher package: %s
09-23 20:21:53.771   998  1945 D OneSearchSuggestProvider: Shut down the binder channel
09-23 20:21:53.772   998  1039 I s.nexuslauncher: oneway function results for code 2 on binder at 0xb400007a39484d80 will be dropped but finished with status UNKNOWN_TRANSACTION
09-23 20:21:53.780   779   868 D EGL_emulation: app_time_stats: avg=710.42ms min=48.44ms max=3169.95ms count=5
09-23 20:21:53.986   488  1911 W InputManager-JNI: Input channel object '60ddaf8 Splash Screen com.shareconnect (client)' was disposed without first being removed with the input manager!
09-23 20:21:54.809   779   868 D EGL_emulation: app_time_stats: avg=17.89ms min=2.16ms max=35.83ms count=53
09-23 20:21:55.133 11079 11177 D EGL_emulation: app_time_stats: avg=139.22ms min=2.07ms max=1304.94ms count=10
09-23 20:21:56.526   779   868 D EGL_emulation: app_time_stats: avg=209.25ms min=6.21ms max=2656.57ms count=14
09-23 20:21:56.770 11079 11079 I ViewInteraction: Checking 'MatchesViewAssertion{viewMatcher=(view has effective visibility <VISIBLE> and view.getGlobalVisibleRect() to return non-empty rectangle)}' assertion on view view.getId() is <2131231228/com.shareconnect:id/settings>
09-23 20:21:56.785 11079 11079 V Console : Activity lifecycle :: PRE-PAUSED :: SettingsActivity
09-23 20:21:56.785 11079 11079 D Console : Activity lifecycle :: Top activity: SettingsActivity
09-23 20:21:56.786 11079 11079 D FirebaseSessions: App backgrounded on com.shareconnect
09-23 20:21:56.788 11079 11079 V Console : Activity lifecycle :: PAUSED :: SettingsActivity
09-23 20:21:56.788 11079 11079 V Console : Foreground activity counter :: AtomicIntWrapper :: 12312792 :: 227589169 :: Decremented to: 0
09-23 20:21:56.789 11079 11079 D LifecycleMonitor: Lifecycle status change: com.shareconnect.SettingsActivity@c9c2ff0 in: PAUSED
09-23 20:21:56.792 11079 11079 V ActivityScenario: Update currentActivityStage to PAUSED, currentActivity=com.shareconnect.SettingsActivity@c9c2ff0
09-23 20:21:56.819 11079 11079 D LifecycleMonitor: Lifecycle status change: androidx.test.core.app.InstrumentationActivityInvoker$EmptyActivity@3addae6 in: PRE_ON_CREATE
09-23 20:21:56.819 11079 11079 V ActivityScenario: Activity lifecycle changed event received but ignored because the intent does not match. startActivityIntent=Intent { act=android.intent.action.MAIN cat=[android.intent.category.LAUNCHER] flg=0x10008000 cmp=com.shareconnect/.SettingsActivity }, activity.getIntent()=Intent { act=android.intent.action.MAIN cat=[android.intent.category.LAUNCHER] flg=0x10000000 cmp=com.shareconnect/androidx.test.core.app.InstrumentationActivityInvoker$EmptyActivity }, activity=androidx.test.core.app.InstrumentationActivityInvoker$EmptyActivity@3addae6
09-23 20:21:56.831 11079 11079 D LifecycleMonitor: Lifecycle status change: androidx.test.core.app.InstrumentationActivityInvoker$EmptyActivity@3addae6 in: CREATED
09-23 20:21:56.832 11079 11079 V ActivityScenario: Activity lifecycle changed event received but ignored because the intent does not match. startActivityIntent=Intent { act=android.intent.action.MAIN cat=[android.intent.category.LAUNCHER] flg=0x10008000 cmp=com.shareconnect/.SettingsActivity }, activity.getIntent()=Intent { act=android.intent.action.MAIN cat=[android.intent.category.LAUNCHER] flg=0x10000000 cmp=com.shareconnect/androidx.test.core.app.InstrumentationActivityInvoker$EmptyActivity }, activity=androidx.test.core.app.InstrumentationActivityInvoker$EmptyActivity@3addae6
09-23 20:21:56.832 11079 11079 D LifecycleMonitor: Lifecycle status change: androidx.test.core.app.InstrumentationActivityInvoker$EmptyActivity@3addae6 in: STARTED
09-23 20:21:56.833 11079 11079 V ActivityScenario: Activity lifecycle changed event received but ignored because the intent does not match. startActivityIntent=Intent { act=android.intent.action.MAIN cat=[android.intent.category.LAUNCHER] flg=0x10008000 cmp=com.shareconnect/.SettingsActivity }, activity.getIntent()=Intent { act=android.intent.action.MAIN cat=[android.intent.category.LAUNCHER] flg=0x10000000 cmp=com.shareconnect/androidx.test.core.app.InstrumentationActivityInvoker$EmptyActivity }, activity=androidx.test.core.app.InstrumentationActivityInvoker$EmptyActivity@3addae6
09-23 20:21:56.834 11079 11079 D FirebaseSessions: App foregrounded on com.shareconnect
09-23 20:21:56.841 11079 11079 V Console : Activity lifecycle :: RESUMED :: EmptyActivity
09-23 20:21:56.841 11079 11079 V Console : Foreground activity counter :: AtomicIntWrapper :: 12312792 :: 227589169 :: Value of: 0
09-23 20:21:56.841 11079 11079 I Console : Activity lifecycle :: Main state :: Foreground
09-23 20:21:56.841 11079 11079 V Console : Foreground activity counter :: AtomicIntWrapper :: 12312792 :: 227589169 :: Incremented to: 1
09-23 20:21:56.842 11079 11079 D LifecycleMonitor: Lifecycle status change: androidx.test.core.app.InstrumentationActivityInvoker$EmptyActivity@3addae6 in: RESUMED
09-23 20:21:56.842 11079 11079 V ActivityScenario: Activity lifecycle changed event received but ignored because the intent does not match. startActivityIntent=Intent { act=android.intent.action.MAIN cat=[android.intent.category.LAUNCHER] flg=0x10008000 cmp=com.shareconnect/.SettingsActivity }, activity.getIntent()=Intent { act=android.intent.action.MAIN cat=[android.intent.category.LAUNCHER] flg=0x10000000 cmp=com.shareconnect/androidx.test.core.app.InstrumentationActivityInvoker$EmptyActivity }, activity=androidx.test.core.app.InstrumentationActivityInvoker$EmptyActivity@3addae6
09-23 20:21:56.843 11079 11079 V Console : Activity lifecycle :: POST-RESUMED :: EmptyActivity
09-23 20:21:56.845 11079 11177 W Parcel  : Expecting binder but got null!
09-23 20:21:56.881 11079 11177 E OpenGLRenderer: Unable to match the desired swap behavior.
09-23 20:21:56.904   488   503 I ActivityTaskManager: Displayed com.shareconnect/androidx.test.core.app.InstrumentationActivityInvoker$EmptyActivity: +125ms
09-23 20:21:56.937 11811 11811 I GoogleInputMethodService: GoogleInputMethodService.onFinishInput():3227
09-23 20:21:56.938 11079 11079 V Console : Activity lifecycle :: PRE-STOPPED :: SettingsActivity
09-23 20:21:56.939 11811 11811 I GoogleInputMethodService: GoogleInputMethodService.updateDeviceLockedStatus():2087 repeatCheckTimes = 0, unlocked = true
09-23 20:21:56.939 11811 11811 I GoogleInputMethodService: GoogleInputMethodService.onStartInput():1877 onStartInput(EditorInfo{inputType=0x0(NULL) imeOptions=0x0 privateImeOptions=null actionName=UNSPECIFIED actionLabel=null actionId=0 initialSelStart=-1 initialSelEnd=-1 initialCapsMode=0x0 hintText=null label=null packageName=com.shareconnect fieldId=-1 fieldName=null extras=null}, false)
09-23 20:21:56.939 11811 11811 I GoogleInputMethodService: GoogleInputMethodService.shouldHideHeaderOnInitialState():4008 ShouldHideHeaderOnInitialState = false
09-23 20:21:56.943 11079 11177 D EGL_emulation: app_time_stats: avg=106.15ms min=8.69ms max=1542.68ms count=17
09-23 20:21:56.946 11811 11811 I GoogleInputMethodService: GoogleInputMethodService.updateDeviceLockedStatus():2087 repeatCheckTimes = 2, unlocked = true
09-23 20:21:56.949 11079 11079 V Console : Activity lifecycle :: STOPPED :: SettingsActivity
09-23 20:21:56.954 11079 11079 D LifecycleMonitor: Lifecycle status change: com.shareconnect.SettingsActivity@c9c2ff0 in: STOPPED
09-23 20:21:56.954 11079 11079 V ActivityScenario: Update currentActivityStage to STOPPED, currentActivity=com.shareconnect.SettingsActivity@c9c2ff0
09-23 20:21:56.955 11079 11079 V Console : Activity lifecycle :: POST-STOPPED :: SettingsActivity
09-23 20:21:56.956 11079 11079 V Console : Activity lifecycle :: PRE-DESTROYED :: SettingsActivity
09-23 20:21:56.958 11079 11079 V Console : Activity lifecycle :: DESTROYED :: SettingsActivity
09-23 20:21:56.964 11079 11079 D LifecycleMonitor: Lifecycle status change: com.shareconnect.SettingsActivity@c9c2ff0 in: DESTROYED
09-23 20:21:56.964 11079 11079 V ActivityScenario: Update currentActivityStage to DESTROYED, currentActivity=null
09-23 20:21:56.973   488  1911 W InputManager-JNI: Input channel object '829f228 com.shareconnect/com.shareconnect.SettingsActivity (client)' was disposed without first being removed with the input manager!
09-23 20:21:56.985 11079 11160 I TestRunner: finished: testServerProfilesPreferenceClickable(com.shareconnect.activities.SettingsActivityInstrumentationTest)
