09-23 20:27:07.137 13343 13461 I TestRunner: started: testAppStressTest(com.shareconnect.automation.FullAppFlowAutomationTest)
09-23 20:27:07.169  1551  2291 I AiAiEcho: Settings cha with uri: content://settings/secure/accessibility_enabled
09-23 20:27:07.175 13343 13343 I om.shareconnect: WaitForGcToComplete blocked Explicit on Background for 41.416ms
09-23 20:27:07.184  1581  2149 I A11yListener: (REDACTED) #onAccessibilityStateChanged enabled: %s
09-23 20:27:07.199  1551  1815 I AiAiEcho: Predicting[0]:
09-23 20:27:07.199  1551  1815 I AiAiEcho: Ranked targets strategy: SORT, count: 0, ranking metadata:
09-23 20:27:07.200  1551  1815 I AiAiEcho: Predicting[0]:
09-23 20:27:07.200  1551  1815 I AiAiEcho: Ranked targets strategy: SORT, count: 0, ranking metadata:
09-23 20:27:07.201  1551  2291 I AiAiEcho: Settings cha with uri: content://settings/secure/accessibility_enabled
09-23 20:27:07.202  1581  2227 I A11yListener: #onChange
09-23 20:27:07.204  1551  1815 I AiAiEcho: #postPredictionTargets: Sending updates to UISurface lockscreen with targets# 0
09-23 20:27:07.204  1551  1815 I AiAiEcho: #postPredictionTargets: Sending updates to UISurface home with targets# 0
09-23 20:27:07.204  1551  1815 I AiAiEcho: #postPredictionTargets: Sending updates to UISurface lockscreen with targets# 0
09-23 20:27:07.204  1551  1815 I AiAiEcho: #postPredictionTargets: Sending updates to UISurface home with targets# 0
09-23 20:27:07.205  1551  1815 I AiAiEcho: Predicting[0]:
09-23 20:27:07.205  1551  1815 I AiAiEcho: Ranked targets strategy: SORT, count: 0, ranking metadata:
09-23 20:27:07.205  1551  1815 I AiAiEcho: Predicting[0]:
09-23 20:27:07.208 11699 11852 I A       : NGA enabled in interactor.
09-23 20:27:07.210  1581  2227 E TraceManager: Duplicate trace
09-23 20:27:07.210  1581  2227 E TraceManager: com.google.apps.tiktok.tracing.w: Starting new trace A11yEventListener_onChange when already associated with a trace: . For more help, see http://go/tiktok-tracing#fixing-duplicate-trace-issues
09-23 20:27:07.210  1581  2227 E TraceManager: 	at com.google.apps.tiktok.tracing.el.f(PG:6)
09-23 20:27:07.210  1581  2227 E TraceManager: 	at com.google.apps.tiktok.tracing.el.g(PG:2)
09-23 20:27:07.210  1581  2227 E TraceManager: 	at com.google.apps.tiktok.tracing.dv.d(PG:1)
09-23 20:27:07.210  1581  2227 E TraceManager: 	at com.google.android.libraries.search.assistant.a.g.a(PG:7)
09-23 20:27:07.210  1581  2227 E TraceManager: 	at com.google.android.libraries.search.assistant.a.b.b(PG:2)
09-23 20:27:07.210  1581  2227 E TraceManager: 	at i.c.b.a.a.h(PG:4)
09-23 20:27:07.210  1581  2227 E TraceManager: 	at kotlinx.coroutines.bk.run(PG:14)
09-23 20:27:07.210  1581  2227 E TraceManager: 	at com.google.apps.tiktok.coroutines.g.run(PG:1)
09-23 20:27:07.210  1581  2227 E TraceManager: 	at com.google.android.libraries.i.z.run(PG:1)
09-23 20:27:07.210  1581  2227 E TraceManager: 	at java.util.concurrent.ThreadPoolExecutor.runWorker(ThreadPoolExecutor.java:1137)
09-23 20:27:07.210  1581  2227 E TraceManager: 	at java.util.concurrent.ThreadPoolExecutor$Worker.run(ThreadPoolExecutor.java:637)
09-23 20:27:07.210  1581  2227 E TraceManager: 	at com.google.android.libraries.i.h.run(PG:2)
09-23 20:27:07.210  1581  2227 E TraceManager: 	at java.lang.Thread.run(Thread.java:1012)
09-23 20:27:07.210  1581  2227 E TraceManager: 	at com.google.android.libraries.i.ai.run(PG:5)
09-23 20:27:07.210  1581  2227 E TraceManager: 	Suppressed: com.google.apps.tiktok.tracing.fv:
09-23 20:27:07.210  1581  2227 E TraceManager: 		at tk_trace.(Unknown Source:0)
09-23 20:27:07.210  1581  2227 E TraceManager: 		at tk_trace.Missing root trace(Unknown Source:0)
09-23 20:27:07.210  1581  2227 E TraceManager: Caused by: com.google.apps.tiktok.tracing.aa
09-23 20:27:07.211  1581  2227 I Ma-Fcf-A11yChangeNotifier: #FCF: onChange
09-23 20:27:07.215 13343 13461 W Settings: Setting always_finish_activities has moved from android.provider.Settings.System to android.provider.Settings.Global, returning read-only value.
09-23 20:27:07.219  1581  2228 I A       : (REDACTED) #FCF: Assistant primary locale : %s
09-23 20:27:07.219  1581  2228 I A       : (REDACTED) #FCF: Assistant Primary locale check status : %s
09-23 20:27:07.221 11699 11855 I A       : NGA enabled in interactor.
09-23 20:27:07.224  1581  2228 I A       : FCF A11y Checker - readyForTngMa
09-23 20:27:07.226  1581  2227 I A       : (REDACTED) #FCF: Continued Conversation Mode Enabled: %s
09-23 20:27:07.230  1581  2228 I A       : (REDACTED) #FCF: Headset Connected Status: %s
09-23 20:27:07.233  1581  2228 W A       : Unable to check for productivity accounts. Assuming there are none.
09-23 20:27:07.233  1581  2228 W A       : com.google.android.libraries.geller.portable.GellerException: Code: INVALID_ARGUMENT, Message: Account name is null.
09-23 20:27:07.233  1581  2228 W A       : 	at com.google.android.libraries.search.h.k.a(PG:6)
09-23 20:27:07.233  1581  2228 W A       : 	at com.google.apps.tiktok.tracing.es.a(PG:3)
09-23 20:27:07.233  1581  2228 W A       : 	at com.google.common.w.a.bc.a(PG:1)
09-23 20:27:07.233  1581  2228 W A       : 	at com.google.common.w.a.cw.run(PG:4)
09-23 20:27:07.233  1581  2228 W A       : 	at com.google.android.libraries.i.z.run(PG:1)
09-23 20:27:07.233  1581  2228 W A       : 	at java.util.concurrent.ThreadPoolExecutor.runWorker(ThreadPoolExecutor.java:1137)
09-23 20:27:07.233  1581  2228 W A       : 	at java.util.concurrent.ThreadPoolExecutor$Worker.run(ThreadPoolExecutor.java:637)
09-23 20:27:07.233  1581  2228 W A       : 	at com.google.android.libraries.i.h.run(PG:2)
09-23 20:27:07.233  1581  2228 W A       : 	at java.lang.Thread.run(Thread.java:1012)
09-23 20:27:07.233  1581  2228 W A       : 	at com.google.android.libraries.i.ai.run(PG:5)
09-23 20:27:07.234  4855  4855 V SafetyCenterAccessibilityListener: accessibility event occurred, safety center feature not enabled.
09-23 20:27:07.238  1551  1815 I AiAiEcho: Ranked targets strategy: SORT, count: 0, ranking metadata:
09-23 20:27:07.242  1551  1815 I AiAiEcho: #postPredictionTargets: Sending updates to UISurface lockscreen with targets# 0
09-23 20:27:07.244  1551  1815 I AiAiEcho: #postPredictionTargets: Sending updates to UISurface home with targets# 0
09-23 20:27:07.244  1551  1815 I AiAiEcho: #postPredictionTargets: Sending updates to UISurface lockscreen with targets# 0
09-23 20:27:07.246  1551  1815 I AiAiEcho: #postPredictionTargets: Sending updates to UISurface home with targets# 0
09-23 20:27:07.258  1581  2227 I A       : (REDACTED) #FCF evaluate: %s
09-23 20:27:07.258  1581  2227 I A       : (REDACTED) TngMaStatusChecker#evaluateInternal completed in %s millis
09-23 20:27:07.259  1581  2227 I Ma-Entry-Triggering: (REDACTED) TNG:MA status updated: %s
09-23 20:27:07.259  1581  2227 I Ma-Entry-Triggering: TNG:MA became ineligible, client should disconnect
09-23 20:27:07.264  1581  2227 I Ma-Entry-Triggering: #disconnectAndStop - preventing double stop
09-23 20:27:07.270  1581  2227 I A       : #invalidationSource: adding headset checker
09-23 20:27:07.271  1581  2227 I A       : #invalidationSource : adding a11y checker
09-23 20:27:07.299 13343 13343 I om.shareconnect: Explicit concurrent copying GC freed 5455(255KB) AllocSpace objects, 0(0B) LOS objects, 49% free, 7938KB/15MB, paused 88us,89us total 124.425ms
09-23 20:27:07.341 11699 11729 W earchbox:search: Couldn't lock the profile file /data/misc/profiles/cur/0/com.google.android.googlequicksearchbox/primary.prof: Failed to lock file '/data/misc/profiles/cur/0/com.google.android.googlequicksearchbox/primary.prof': Try again
09-23 20:27:07.341 11699 11729 W earchbox:search: Could not forcefully load profile /data/misc/profiles/cur/0/com.google.android.googlequicksearchbox/primary.prof
09-23 20:27:07.374 13343 13343 I om.shareconnect: Explicit concurrent copying GC freed 13068(641KB) AllocSpace objects, 4(80KB) LOS objects, 49% free, 7352KB/14MB, paused 90us,94us total 68.498ms
09-23 20:27:07.396   488  3569 W InputManager-JNI: Input channel object 'c94e286 com.shareconnect/androidx.test.core.app.InstrumentationActivityInvoker$EmptyActivity (client)' was disposed without first being removed with the input manager!
09-23 20:27:07.436   779   868 W Parcel  : Expecting binder but got null!
09-23 20:27:07.465 13343 13343 D LifecycleMonitor: Lifecycle status change: com.shareconnect.MainActivity@b506999 in: PRE_ON_CREATE
09-23 20:27:07.466 13343 13343 V ActivityScenario: Activity lifecycle changed event received but ignored because the reported transition was not ON_CREATE while the last known transition was PRE_ON_CREATE
09-23 20:27:07.470 13343 13343 D Console : getDefaultTheme() returned: Warm Orange Light (ID: 1, isDefault: true)
09-23 20:27:07.471 13343 13343 D Console : getDefaultTheme() returned: Warm Orange Light (ID: 1, isDefault: true)
09-23 20:27:07.471 13343 13343 D Console : Applying theme: Warm Orange Light, colorScheme: warm_orange, isDarkMode: false, currentTheme: WARM_ORANGE_LIGHT
09-23 20:27:07.471 13343 13343 D Console : Activity MainActivity usesToolbar: true
09-23 20:27:07.472 13343 13343 D Console : Setting night mode to NO
09-23 20:27:07.483   779   868 E OpenGLRenderer: Unable to match the desired swap behavior.
09-23 20:27:07.509   998  1661 D EGL_emulation: app_time_stats: avg=18.53ms min=2.42ms max=426.43ms count=41
09-23 20:27:07.537  1581  1581 I GsaVoiceInteractionSrv: Handling ACTION_STOP_HOTWORD
09-23 20:27:07.537  1581  2154 I HwDetectorWithState: (REDACTED) a: %d
09-23 20:27:07.623 13343 13343 D LifecycleMonitor: Lifecycle status change: com.shareconnect.MainActivity@b506999 in: CREATED
09-23 20:27:07.626 13343 13343 V ActivityScenario: Update currentActivityStage to CREATED, currentActivity=com.shareconnect.MainActivity@b506999
09-23 20:27:07.629 13343 13343 D LifecycleMonitor: Lifecycle status change: com.shareconnect.MainActivity@b506999 in: STARTED
09-23 20:27:07.630 13343 13343 V ActivityScenario: Update currentActivityStage to STARTED, currentActivity=com.shareconnect.MainActivity@b506999
09-23 20:27:07.632 13343 13343 D FirebaseSessions: App foregrounded on com.shareconnect
09-23 20:27:07.637 13343 13343 V Console : Activity lifecycle :: RESUMED :: MainActivity
09-23 20:27:07.637 13343 13343 V Console : Foreground activity counter :: AtomicIntWrapper :: 12312792 :: 227589169 :: Value of: 0
09-23 20:27:07.637 13343 13343 I Console : Activity lifecycle :: Main state :: Foreground
09-23 20:27:07.638 13343 13343 V Console : Foreground activity counter :: AtomicIntWrapper :: 12312792 :: 227589169 :: Incremented to: 1
09-23 20:27:07.644 13343 13343 D Console : hasThemeChanged() returned: false
09-23 20:27:07.644 13343 13343 D Console : onResume() called, themeChanged: false
09-23 20:27:07.644 13343 13343 D LifecycleMonitor: Lifecycle status change: com.shareconnect.MainActivity@b506999 in: RESUMED
09-23 20:27:07.645 13343 13343 V ActivityScenario: Update currentActivityStage to RESUMED, currentActivity=com.shareconnect.MainActivity@b506999
09-23 20:27:07.645 13343 13343 V Console : Activity lifecycle :: POST-RESUMED :: MainActivity
09-23 20:27:07.653 13343 13476 W Parcel  : Expecting binder but got null!
09-23 20:27:07.726 13343 13476 E OpenGLRenderer: Unable to match the desired swap behavior.
09-23 20:27:07.736   779   868 D EGL_emulation: app_time_stats: avg=638.33ms min=6.83ms max=6818.35ms count=12
09-23 20:27:07.769   488   503 W ziparchive: Unable to open '/data/app/~~sMIfh0iwP5kltL3ByvNJgg==/com.shareconnect-cqLsEYnaW4Guduem5k2TaA==/base.dm': No such file or directory
09-23 20:27:07.771   488   503 I ActivityTaskManager: Displayed com.shareconnect/.MainActivity: +354ms
09-23 20:27:07.794 11811 11811 I GoogleInputMethodService: GoogleInputMethodService.onFinishInput():3227
09-23 20:27:07.795 11811 11811 I GoogleInputMethodService: GoogleInputMethodService.updateDeviceLockedStatus():2087 repeatCheckTimes = 0, unlocked = true
09-23 20:27:07.795 11811 11811 I GoogleInputMethodService: GoogleInputMethodService.onStartInput():1877 onStartInput(EditorInfo{inputType=0x0(NULL) imeOptions=0x0 privateImeOptions=null actionName=UNSPECIFIED actionLabel=null actionId=0 initialSelStart=-1 initialSelEnd=-1 initialCapsMode=0x0 hintText=null label=null packageName=com.shareconnect fieldId=-1 fieldName=null extras=null}, false)
09-23 20:27:07.795 11811 11811 I GoogleInputMethodService: GoogleInputMethodService.shouldHideHeaderOnInitialState():4008 ShouldHideHeaderOnInitialState = false
09-23 20:27:07.797 11811 11811 I GoogleInputMethodService: GoogleInputMethodService.updateDeviceLockedStatus():2087 repeatCheckTimes = 2, unlocked = true
09-23 20:27:07.851   998  1945 D OneSearchSuggestProvider: Shut down the binder channel
09-23 20:27:07.852   998 11368 I s.nexuslauncher: oneway function results for code 2 on binder at 0xb400007a3948f790 will be dropped but finished with status UNKNOWN_TRANSACTION
09-23 20:27:07.879  1581  2227 I AssistantForeground: (REDACTED) Get launcher package: %s
09-23 20:27:07.923   779   868 D EGL_emulation: app_time_stats: avg=510.60ms min=17.34ms max=5530.27ms count=12
09-23 20:27:08.059   488   502 W InputManager-JNI: Input channel object 'd1cba5 Splash Screen com.shareconnect (client)' was disposed without first being removed with the input manager!
09-23 20:27:08.943   779   868 D EGL_emulation: app_time_stats: avg=21.72ms min=4.31ms max=67.46ms count=45
09-23 20:27:11.141  1581  2227 I A       : Started new service configuration
09-23 20:27:11.145  1581  2227 I NLUFF   : Incoming RPC ngaOnlyConfigure [CONTEXT rpc_id=46 ]
09-23 20:27:11.146  1581  2227 I NLUFF   : RPC processing completed [CONTEXT rpc_id=46 ]
09-23 20:27:11.146  1581  2228 I A       : Successfully configured the service
09-23 20:27:12.458  3335  4171 I PhenotypeProcessReaper: Memory state is: 100
09-23 20:27:12.870 13343 13461 W om.shareconnect: Accessing hidden method Landroid/view/ViewConfiguration;->getDoubleTapMinTime()I (unsupported, reflection, allowed)
09-23 20:27:12.874 13343 13343 I ViewInteraction: Performing 'scroll to' action on view view.getId() is <2131230859/com.shareconnect:id/buttonSettings>
09-23 20:27:12.874 13343 13343 I ScrollToAction: View is already displayed. Returning.
09-23 20:27:12.876 13343 13343 I ViewInteraction: Performing 'single click' action on view view.getId() is <2131230859/com.shareconnect:id/buttonSettings>
09-23 20:27:12.998 13343 13476 D EGL_emulation: app_time_stats: avg=575.07ms min=3.32ms max=5083.44ms count=9
09-23 20:27:13.000 13343 13343 V Console : Activity lifecycle :: PRE-PAUSED :: MainActivity
09-23 20:27:13.000 13343 13343 D Console : Activity lifecycle :: Top activity: MainActivity
09-23 20:27:13.000 13343 13343 D FirebaseSessions: App backgrounded on com.shareconnect
09-23 20:27:13.002 13343 13343 V Console : Activity lifecycle :: PAUSED :: MainActivity
09-23 20:27:13.002 13343 13343 V Console : Foreground activity counter :: AtomicIntWrapper :: 12312792 :: 227589169 :: Decremented to: 0
09-23 20:27:13.003 13343 13343 D LifecycleMonitor: Lifecycle status change: com.shareconnect.MainActivity@b506999 in: PAUSED
09-23 20:27:13.003 13343 13343 V ActivityScenario: Update currentActivityStage to PAUSED, currentActivity=com.shareconnect.MainActivity@b506999
09-23 20:27:13.015 13343 13343 D LifecycleMonitor: Lifecycle status change: com.shareconnect.SettingsActivity@8fd6fd3 in: PRE_ON_CREATE
09-23 20:27:13.015 13343 13343 V ActivityScenario: Activity lifecycle changed event received but ignored because the intent does not match. startActivityIntent=Intent { act=android.intent.action.MAIN cat=[android.intent.category.LAUNCHER] flg=0x10008000 cmp=com.shareconnect/.MainActivity }, activity.getIntent()=Intent { cmp=com.shareconnect/.SettingsActivity }, activity=com.shareconnect.SettingsActivity@8fd6fd3
09-23 20:27:13.016 13343 13343 D Console : getDefaultTheme() returned: Warm Orange Light (ID: 1, isDefault: true)
09-23 20:27:13.016 13343 13343 D Console : getDefaultTheme() returned: Warm Orange Light (ID: 1, isDefault: true)
09-23 20:27:13.016 13343 13343 D Console : Applying theme: Warm Orange Light, colorScheme: warm_orange, isDarkMode: false, currentTheme: WARM_ORANGE_LIGHT
09-23 20:27:13.016 13343 13343 D Console : Activity SettingsActivity usesToolbar: true
09-23 20:27:13.016 13343 13343 D Console : Setting night mode to NO
09-23 20:27:13.025 13343 13343 D LifecycleMonitor: Lifecycle status change: com.shareconnect.SettingsActivity@8fd6fd3 in: CREATED
09-23 20:27:13.025 13343 13343 V ActivityScenario: Activity lifecycle changed event received but ignored because the intent does not match. startActivityIntent=Intent { act=android.intent.action.MAIN cat=[android.intent.category.LAUNCHER] flg=0x10008000 cmp=com.shareconnect/.MainActivity }, activity.getIntent()=Intent { cmp=com.shareconnect/.SettingsActivity }, activity=com.shareconnect.SettingsActivity@8fd6fd3
09-23 20:27:13.036 13343 13343 D LifecycleMonitor: Lifecycle status change: com.shareconnect.SettingsActivity@8fd6fd3 in: STARTED
09-23 20:27:13.036 13343 13343 V ActivityScenario: Activity lifecycle changed event received but ignored because the intent does not match. startActivityIntent=Intent { act=android.intent.action.MAIN cat=[android.intent.category.LAUNCHER] flg=0x10008000 cmp=com.shareconnect/.MainActivity }, activity.getIntent()=Intent { cmp=com.shareconnect/.SettingsActivity }, activity=com.shareconnect.SettingsActivity@8fd6fd3
09-23 20:27:13.037 13343 13343 D FirebaseSessions: App foregrounded on com.shareconnect
09-23 20:27:13.038 13343 13343 V Console : Activity lifecycle :: RESUMED :: SettingsActivity
09-23 20:27:13.038 13343 13343 V Console : Foreground activity counter :: AtomicIntWrapper :: 12312792 :: 227589169 :: Value of: 0
09-23 20:27:13.038 13343 13343 I Console : Activity lifecycle :: Main state :: Foreground
09-23 20:27:13.038 13343 13343 V Console : Foreground activity counter :: AtomicIntWrapper :: 12312792 :: 227589169 :: Incremented to: 1
09-23 20:27:13.038 13343 13343 D LifecycleMonitor: Lifecycle status change: com.shareconnect.SettingsActivity@8fd6fd3 in: RESUMED
09-23 20:27:13.038 13343 13343 V ActivityScenario: Activity lifecycle changed event received but ignored because the intent does not match. startActivityIntent=Intent { act=android.intent.action.MAIN cat=[android.intent.category.LAUNCHER] flg=0x10008000 cmp=com.shareconnect/.MainActivity }, activity.getIntent()=Intent { cmp=com.shareconnect/.SettingsActivity }, activity=com.shareconnect.SettingsActivity@8fd6fd3
09-23 20:27:13.039 13343 13343 V Console : Activity lifecycle :: POST-RESUMED :: SettingsActivity
09-23 20:27:13.041 13343 13476 W Parcel  : Expecting binder but got null!
09-23 20:27:13.052 13343 13476 E OpenGLRenderer: Unable to match the desired swap behavior.
09-23 20:27:13.068   488   503 I ActivityTaskManager: Displayed com.shareconnect/.SettingsActivity: +138ms
09-23 20:27:13.079 11307 13471 D AdvertisingIdClient: AdvertisingIdClient already created.
09-23 20:27:13.081   488 13626 W Parcel  : Expecting binder but got null!
09-23 20:27:13.084 11307 13471 I AdvertisingIdClient: shouldSendLog 8709359
09-23 20:27:13.084 11307 13471 I AdvertisingIdClient: GetInfoInternal elapse 5ms
09-23 20:27:13.087   488 13626 W Parcel  : Expecting binder but got null!
09-23 20:27:13.174 11811 11811 I GoogleInputMethodService: GoogleInputMethodService.onFinishInput():3227
09-23 20:27:13.175 11811 11811 I GoogleInputMethodService: GoogleInputMethodService.updateDeviceLockedStatus():2087 repeatCheckTimes = 0, unlocked = true
09-23 20:27:13.175 11811 11811 I GoogleInputMethodService: GoogleInputMethodService.onStartInput():1877 onStartInput(EditorInfo{inputType=0x0(NULL) imeOptions=0x0 privateImeOptions=null actionName=UNSPECIFIED actionLabel=null actionId=0 initialSelStart=-1 initialSelEnd=-1 initialCapsMode=0x0 hintText=null label=null packageName=com.shareconnect fieldId=-1 fieldName=null extras=null}, false)
09-23 20:27:13.175 11811 11811 I GoogleInputMethodService: GoogleInputMethodService.shouldHideHeaderOnInitialState():4008 ShouldHideHeaderOnInitialState = false
09-23 20:27:13.175 11811 11811 I GoogleInputMethodService: GoogleInputMethodService.updateDeviceLockedStatus():2087 repeatCheckTimes = 2, unlocked = true
09-23 20:27:13.504 13343 13677 V Console : Foreground activity counter :: AtomicIntWrapper :: 12312792 :: 227589169 :: Value of: 1
09-23 20:27:13.575 13343 13476 D OpenGLRenderer: endAllActiveAnimators on 0xb400007b294449b0 (RippleDrawable) with handle 0xb400007a394b0160
09-23 20:27:13.576 13343 13343 V Console : Activity lifecycle :: PRE-STOPPED :: MainActivity
09-23 20:27:13.577 13343 13343 V Console : Activity lifecycle :: STOPPED :: MainActivity
09-23 20:27:13.577 13343 13343 D LifecycleMonitor: Lifecycle status change: com.shareconnect.MainActivity@b506999 in: STOPPED
09-23 20:27:13.577 13343 13343 V ActivityScenario: Update currentActivityStage to STOPPED, currentActivity=com.shareconnect.MainActivity@b506999
09-23 20:27:13.577 13343 13343 V Console : Activity lifecycle :: POST-STOPPED :: MainActivity
09-23 20:27:13.993 11307 11307 D BoundBrokerSvc: onUnbind: Intent { act=com.google.android.gms.common.BIND_SHARED_PREFS pkg=com.google.android.gms }
09-23 20:27:14.103 13343 13343 V Console : Activity lifecycle :: PRE-PAUSED :: SettingsActivity
09-23 20:27:14.103 13343 13343 D Console : Activity lifecycle :: Top activity: SettingsActivity
09-23 20:27:14.104 13343 13343 D FirebaseSessions: App backgrounded on com.shareconnect
09-23 20:27:14.109 13343 13343 V Console : Activity lifecycle :: PAUSED :: SettingsActivity
09-23 20:27:14.109 13343 13343 V Console : Foreground activity counter :: AtomicIntWrapper :: 12312792 :: 227589169 :: Decremented to: 0
09-23 20:27:14.110 13343 13343 D LifecycleMonitor: Lifecycle status change: com.shareconnect.SettingsActivity@8fd6fd3 in: PAUSED
09-23 20:27:14.111 13343 13343 V ActivityScenario: Activity lifecycle changed event received but ignored because the intent does not match. startActivityIntent=Intent { act=android.intent.action.MAIN cat=[android.intent.category.LAUNCHER] flg=0x10008000 cmp=com.shareconnect/.MainActivity }, activity.getIntent()=Intent { cmp=com.shareconnect/.SettingsActivity }, activity=com.shareconnect.SettingsActivity@8fd6fd3
09-23 20:27:14.114 13343 13343 D LifecycleMonitor: Lifecycle status change: com.shareconnect.MainActivity@b506999 in: RESTARTED
09-23 20:27:14.114 13343 13343 V ActivityScenario: Update currentActivityStage to RESTARTED, currentActivity=com.shareconnect.MainActivity@b506999
09-23 20:27:14.114 13343 13343 D LifecycleMonitor: Lifecycle status change: com.shareconnect.MainActivity@b506999 in: STARTED
09-23 20:27:14.115 13343 13343 V ActivityScenario: Update currentActivityStage to STARTED, currentActivity=com.shareconnect.MainActivity@b506999
09-23 20:27:14.115 13343 13343 D FirebaseSessions: App foregrounded on com.shareconnect
09-23 20:27:14.117 13343 13343 V Console : Activity lifecycle :: RESUMED :: MainActivity
09-23 20:27:14.117 13343 13343 V Console : Foreground activity counter :: AtomicIntWrapper :: 12312792 :: 227589169 :: Value of: 0
09-23 20:27:14.117 13343 13343 I Console : Activity lifecycle :: Main state :: Foreground
09-23 20:27:14.117 13343 13343 V Console : Foreground activity counter :: AtomicIntWrapper :: 12312792 :: 227589169 :: Incremented to: 1
09-23 20:27:14.117 13343 13343 D Console : hasThemeChanged() returned: false
09-23 20:27:14.117 13343 13343 D Console : onResume() called, themeChanged: false
09-23 20:27:14.117 13343 13343 D LifecycleMonitor: Lifecycle status change: com.shareconnect.MainActivity@b506999 in: RESUMED
09-23 20:27:14.118 13343 13343 V ActivityScenario: Update currentActivityStage to RESUMED, currentActivity=com.shareconnect.MainActivity@b506999
09-23 20:27:14.118 13343 13343 V Console : Activity lifecycle :: POST-RESUMED :: MainActivity
09-23 20:27:14.129   998  1019 W System  : A resource failed to call release.
09-23 20:27:14.129   998  1019 W System  : A resource failed to call release.
09-23 20:27:14.129   998  1019 W System  : A resource failed to call release.
09-23 20:27:14.129   998  1019 W System  : A resource failed to call release.
09-23 20:27:14.129   998  1019 W System  : A resource failed to call release.
09-23 20:27:14.129   998  1019 W System  : A resource failed to call release.
09-23 20:27:14.129   998  1019 W System  : A resource failed to call release.
09-23 20:27:14.129   998  1019 W System  : A resource failed to call release.
09-23 20:27:14.129   998  1019 W System  : A resource failed to call release.
09-23 20:27:14.130 13343 13476 E OpenGLRenderer: Unable to match the desired swap behavior.
09-23 20:27:14.144 13343 13476 D EGL_emulation: app_time_stats: avg=82.92ms min=13.66ms max=853.01ms count=13
09-23 20:27:14.156 13343 13343 D RootViewPicker: Root not ready - waiting: 10ms for one to appear.
09-23 20:27:14.159 11811 11811 I GoogleInputMethodService: GoogleInputMethodService.onFinishInput():3227
09-23 20:27:14.159 11811 11811 I GoogleInputMethodService: GoogleInputMethodService.updateDeviceLockedStatus():2087 repeatCheckTimes = 0, unlocked = true
09-23 20:27:14.159 11811 11811 I GoogleInputMethodService: GoogleInputMethodService.onStartInput():1877 onStartInput(EditorInfo{inputType=0x0(NULL) imeOptions=0x0 privateImeOptions=null actionName=UNSPECIFIED actionLabel=null actionId=0 initialSelStart=-1 initialSelEnd=-1 initialCapsMode=0x0 hintText=null label=null packageName=com.shareconnect fieldId=-1 fieldName=null extras=null}, false)
09-23 20:27:14.159 11811 11811 I GoogleInputMethodService: GoogleInputMethodService.shouldHideHeaderOnInitialState():4008 ShouldHideHeaderOnInitialState = false
09-23 20:27:14.160 11811 11811 I GoogleInputMethodService: GoogleInputMethodService.updateDeviceLockedStatus():2087 repeatCheckTimes = 2, unlocked = true
09-23 20:27:14.163   488 13626 W Parcel  : Expecting binder but got null!
09-23 20:27:14.167   488 13626 W Parcel  : Expecting binder but got null!
09-23 20:27:14.194 13343 13343 I ViewInteraction: Performing 'scroll to' action on view view.getId() is <2131230851/com.shareconnect:id/buttonHistory>
09-23 20:27:14.195 13343 13343 I ScrollToAction: View is already displayed. Returning.
09-23 20:27:14.196 13343 13343 I ViewInteraction: Performing 'single click' action on view view.getId() is <2131230851/com.shareconnect:id/buttonHistory>
09-23 20:27:14.256 13343 13343 V Console : Activity lifecycle :: PRE-PAUSED :: MainActivity
09-23 20:27:14.257 13343 13343 D Console : Activity lifecycle :: Top activity: MainActivity
09-23 20:27:14.257 13343 13343 D FirebaseSessions: App backgrounded on com.shareconnect
09-23 20:27:14.259 13343 13343 V Console : Activity lifecycle :: PAUSED :: MainActivity
09-23 20:27:14.259 13343 13343 V Console : Foreground activity counter :: AtomicIntWrapper :: 12312792 :: 227589169 :: Decremented to: 0
09-23 20:27:14.259 13343 13343 D LifecycleMonitor: Lifecycle status change: com.shareconnect.MainActivity@b506999 in: PAUSED
09-23 20:27:14.260 13343 13343 V ActivityScenario: Update currentActivityStage to PAUSED, currentActivity=com.shareconnect.MainActivity@b506999
09-23 20:27:14.261   334   452 D AudioFlinger: mixer(0xb400007c8943e9a0) throttle end: throttle time(37)
09-23 20:27:14.264 13343 13343 D LifecycleMonitor: Lifecycle status change: com.shareconnect.HistoryActivity@1a93f5a in: PRE_ON_CREATE
09-23 20:27:14.264 13343 13343 V ActivityScenario: Activity lifecycle changed event received but ignored because the intent does not match. startActivityIntent=Intent { act=android.intent.action.MAIN cat=[android.intent.category.LAUNCHER] flg=0x10008000 cmp=com.shareconnect/.MainActivity }, activity.getIntent()=Intent { cmp=com.shareconnect/.HistoryActivity }, activity=com.shareconnect.HistoryActivity@1a93f5a
09-23 20:27:14.265 13343 13343 D Console : getDefaultTheme() returned: Warm Orange Light (ID: 1, isDefault: true)
09-23 20:27:14.265 13343 13343 D Console : getDefaultTheme() returned: Warm Orange Light (ID: 1, isDefault: true)
09-23 20:27:14.265 13343 13343 D Console : Applying theme: Warm Orange Light, colorScheme: warm_orange, isDarkMode: false, currentTheme: WARM_ORANGE_LIGHT
09-23 20:27:14.265 13343 13343 D Console : Activity HistoryActivity usesToolbar: true
09-23 20:27:14.265 13343 13343 D Console : Setting night mode to NO
09-23 20:27:14.296 13343 13343 D LifecycleMonitor: Lifecycle status change: com.shareconnect.HistoryActivity@1a93f5a in: CREATED
09-23 20:27:14.296 13343 13343 V ActivityScenario: Activity lifecycle changed event received but ignored because the intent does not match. startActivityIntent=Intent { act=android.intent.action.MAIN cat=[android.intent.category.LAUNCHER] flg=0x10008000 cmp=com.shareconnect/.MainActivity }, activity.getIntent()=Intent { cmp=com.shareconnect/.HistoryActivity }, activity=com.shareconnect.HistoryActivity@1a93f5a
09-23 20:27:14.297 13343 13343 D LifecycleMonitor: Lifecycle status change: com.shareconnect.HistoryActivity@1a93f5a in: STARTED
09-23 20:27:14.297 13343 13343 V ActivityScenario: Activity lifecycle changed event received but ignored because the intent does not match. startActivityIntent=Intent { act=android.intent.action.MAIN cat=[android.intent.category.LAUNCHER] flg=0x10008000 cmp=com.shareconnect/.MainActivity }, activity.getIntent()=Intent { cmp=com.shareconnect/.HistoryActivity }, activity=com.shareconnect.HistoryActivity@1a93f5a
09-23 20:27:14.298 13343 13343 D FirebaseSessions: App foregrounded on com.shareconnect
09-23 20:27:14.299 13343 13343 V Console : Activity lifecycle :: RESUMED :: HistoryActivity
09-23 20:27:14.299 13343 13343 V Console : Foreground activity counter :: AtomicIntWrapper :: 12312792 :: 227589169 :: Value of: 0
09-23 20:27:14.299 13343 13343 I Console : Activity lifecycle :: Main state :: Foreground
09-23 20:27:14.299 13343 13343 V Console : Foreground activity counter :: AtomicIntWrapper :: 12312792 :: 227589169 :: Incremented to: 1
09-23 20:27:14.300 13343 13343 D Console : hasThemeChanged() returned: false
09-23 20:27:14.300 13343 13343 D LifecycleMonitor: Lifecycle status change: com.shareconnect.HistoryActivity@1a93f5a in: RESUMED
09-23 20:27:14.300 13343 13343 V ActivityScenario: Activity lifecycle changed event received but ignored because the intent does not match. startActivityIntent=Intent { act=android.intent.action.MAIN cat=[android.intent.category.LAUNCHER] flg=0x10008000 cmp=com.shareconnect/.MainActivity }, activity.getIntent()=Intent { cmp=com.shareconnect/.HistoryActivity }, activity=com.shareconnect.HistoryActivity@1a93f5a
09-23 20:27:14.300 13343 13343 V Console : Activity lifecycle :: POST-RESUMED :: HistoryActivity
09-23 20:27:14.302 13343 13476 W Parcel  : Expecting binder but got null!
09-23 20:27:14.319 13343 13476 E OpenGLRenderer: Unable to match the desired swap behavior.
09-23 20:27:14.337   488   503 I ActivityTaskManager: Displayed com.shareconnect/.HistoryActivity: +91ms
09-23 20:27:14.345   488 13626 W Parcel  : Expecting binder but got null!
09-23 20:27:14.352   488 13626 W Parcel  : Expecting binder but got null!
09-23 20:27:14.447 11811 11811 I GoogleInputMethodService: GoogleInputMethodService.onFinishInput():3227
09-23 20:27:14.447 11811 11811 I GoogleInputMethodService: GoogleInputMethodService.updateDeviceLockedStatus():2087 repeatCheckTimes = 0, unlocked = true
09-23 20:27:14.447 11811 11811 I GoogleInputMethodService: GoogleInputMethodService.onStartInput():1877 onStartInput(EditorInfo{inputType=0x0(NULL) imeOptions=0x0 privateImeOptions=null actionName=UNSPECIFIED actionLabel=null actionId=0 initialSelStart=-1 initialSelEnd=-1 initialCapsMode=0x0 hintText=null label=null packageName=com.shareconnect fieldId=-1 fieldName=null extras=null}, false)
09-23 20:27:14.447 11811 11811 I GoogleInputMethodService: GoogleInputMethodService.shouldHideHeaderOnInitialState():4008 ShouldHideHeaderOnInitialState = false
09-23 20:27:14.448 11811 11811 I GoogleInputMethodService: GoogleInputMethodService.updateDeviceLockedStatus():2087 repeatCheckTimes = 2, unlocked = true
09-23 20:27:14.612 13343 13686 V Console : Foreground activity counter :: AtomicIntWrapper :: 12312792 :: 227589169 :: Value of: 1
09-23 20:27:14.760 13343 13691 V Console : Foreground activity counter :: AtomicIntWrapper :: 12312792 :: 227589169 :: Value of: 1
09-23 20:27:14.826 13343 13343 V Console : Activity lifecycle :: PRE-STOPPED :: MainActivity
09-23 20:27:14.827 13343 13343 V Console : Activity lifecycle :: STOPPED :: MainActivity
09-23 20:27:14.827 13343 13343 D LifecycleMonitor: Lifecycle status change: com.shareconnect.MainActivity@b506999 in: STOPPED
09-23 20:27:14.827 13343 13343 V ActivityScenario: Update currentActivityStage to STOPPED, currentActivity=com.shareconnect.MainActivity@b506999
09-23 20:27:14.827 13343 13343 V Console : Activity lifecycle :: POST-STOPPED :: MainActivity
09-23 20:27:14.828 13343 13343 V Console : Activity lifecycle :: PRE-STOPPED :: SettingsActivity
09-23 20:27:14.829 13343 13343 V Console : Activity lifecycle :: STOPPED :: SettingsActivity
09-23 20:27:14.830 13343 13343 D LifecycleMonitor: Lifecycle status change: com.shareconnect.SettingsActivity@8fd6fd3 in: STOPPED
09-23 20:27:14.830 13343 13343 V ActivityScenario: Activity lifecycle changed event received but ignored because the intent does not match. startActivityIntent=Intent { act=android.intent.action.MAIN cat=[android.intent.category.LAUNCHER] flg=0x10008000 cmp=com.shareconnect/.MainActivity }, activity.getIntent()=Intent { cmp=com.shareconnect/.SettingsActivity }, activity=com.shareconnect.SettingsActivity@8fd6fd3
09-23 20:27:14.830 13343 13343 V Console : Activity lifecycle :: POST-STOPPED :: SettingsActivity
09-23 20:27:14.830 13343 13343 V Console : Activity lifecycle :: PRE-DESTROYED :: SettingsActivity
09-23 20:27:14.830 13343 13343 V Console : Activity lifecycle :: DESTROYED :: SettingsActivity
09-23 20:27:14.833 13343 13343 D LifecycleMonitor: Lifecycle status change: com.shareconnect.SettingsActivity@8fd6fd3 in: DESTROYED
09-23 20:27:14.833 13343 13343 V ActivityScenario: Activity lifecycle changed event received but ignored because the intent does not match. startActivityIntent=Intent { act=android.intent.action.MAIN cat=[android.intent.category.LAUNCHER] flg=0x10008000 cmp=com.shareconnect/.MainActivity }, activity.getIntent()=Intent { cmp=com.shareconnect/.SettingsActivity }, activity=com.shareconnect.SettingsActivity@8fd6fd3
09-23 20:27:14.834   488  1911 W InputManager-JNI: Input channel object '40fedad com.shareconnect/com.shareconnect.SettingsActivity (client)' was disposed without first being removed with the input manager!
09-23 20:27:14.841 13343 13476 D OpenGLRenderer: endAllActiveAnimators on 0xb400007b294476c0 (RippleDrawable) with handle 0xb400007a394a2450
09-23 20:27:15.353 13343 13343 V Console : Activity lifecycle :: PRE-PAUSED :: HistoryActivity
09-23 20:27:15.353 13343 13343 D Console : Activity lifecycle :: Top activity: HistoryActivity
09-23 20:27:15.354 13343 13343 D FirebaseSessions: App backgrounded on com.shareconnect
09-23 20:27:15.360 13343 13343 V Console : Activity lifecycle :: PAUSED :: HistoryActivity
09-23 20:27:15.360 13343 13343 V Console : Foreground activity counter :: AtomicIntWrapper :: 12312792 :: 227589169 :: Decremented to: 0
09-23 20:27:15.360 13343 13343 D LifecycleMonitor: Lifecycle status change: com.shareconnect.HistoryActivity@1a93f5a in: PAUSED
09-23 20:27:15.360 13343 13343 V ActivityScenario: Activity lifecycle changed event received but ignored because the intent does not match. startActivityIntent=Intent { act=android.intent.action.MAIN cat=[android.intent.category.LAUNCHER] flg=0x10008000 cmp=com.shareconnect/.MainActivity }, activity.getIntent()=Intent { cmp=com.shareconnect/.HistoryActivity }, activity=com.shareconnect.HistoryActivity@1a93f5a
09-23 20:27:15.363 13343 13343 D LifecycleMonitor: Lifecycle status change: com.shareconnect.MainActivity@b506999 in: RESTARTED
09-23 20:27:15.364 13343 13343 V ActivityScenario: Update currentActivityStage to RESTARTED, currentActivity=com.shareconnect.MainActivity@b506999
09-23 20:27:15.364 13343 13343 D LifecycleMonitor: Lifecycle status change: com.shareconnect.MainActivity@b506999 in: STARTED
09-23 20:27:15.364 13343 13343 V ActivityScenario: Update currentActivityStage to STARTED, currentActivity=com.shareconnect.MainActivity@b506999
09-23 20:27:15.365 13343 13343 D FirebaseSessions: App foregrounded on com.shareconnect
09-23 20:27:15.367 13343 13343 V Console : Activity lifecycle :: RESUMED :: MainActivity
09-23 20:27:15.367 13343 13343 V Console : Foreground activity counter :: AtomicIntWrapper :: 12312792 :: 227589169 :: Value of: 0
09-23 20:27:15.367 13343 13343 I Console : Activity lifecycle :: Main state :: Foreground
09-23 20:27:15.368 13343 13343 V Console : Foreground activity counter :: AtomicIntWrapper :: 12312792 :: 227589169 :: Incremented to: 1
09-23 20:27:15.368 13343 13343 D Console : hasThemeChanged() returned: false
09-23 20:27:15.368 13343 13343 D Console : onResume() called, themeChanged: false
09-23 20:27:15.368 13343 13343 D LifecycleMonitor: Lifecycle status change: com.shareconnect.MainActivity@b506999 in: RESUMED
09-23 20:27:15.368 13343 13343 V ActivityScenario: Update currentActivityStage to RESUMED, currentActivity=com.shareconnect.MainActivity@b506999
09-23 20:27:15.368 13343 13343 V Console : Activity lifecycle :: POST-RESUMED :: MainActivity
09-23 20:27:15.378 13343 13476 E OpenGLRenderer: Unable to match the desired swap behavior.
09-23 20:27:15.410   488 13626 W Parcel  : Expecting binder but got null!
09-23 20:27:15.414 13343 13476 D EGL_emulation: app_time_stats: avg=83.12ms min=13.56ms max=855.84ms count=13
09-23 20:27:15.415   488 13626 W Parcel  : Expecting binder but got null!
09-23 20:27:15.426 11811 11811 I GoogleInputMethodService: GoogleInputMethodService.onFinishInput():3227
09-23 20:27:15.426 11811 11811 I GoogleInputMethodService: GoogleInputMethodService.updateDeviceLockedStatus():2087 repeatCheckTimes = 0, unlocked = true
09-23 20:27:15.426 11811 11811 I GoogleInputMethodService: GoogleInputMethodService.onStartInput():1877 onStartInput(EditorInfo{inputType=0x0(NULL) imeOptions=0x0 privateImeOptions=null actionName=UNSPECIFIED actionLabel=null actionId=0 initialSelStart=-1 initialSelEnd=-1 initialCapsMode=0x0 hintText=null label=null packageName=com.shareconnect fieldId=-1 fieldName=null extras=null}, false)
09-23 20:27:15.426 11811 11811 I GoogleInputMethodService: GoogleInputMethodService.shouldHideHeaderOnInitialState():4008 ShouldHideHeaderOnInitialState = false
09-23 20:27:15.427 11811 11811 I GoogleInputMethodService: GoogleInputMethodService.updateDeviceLockedStatus():2087 repeatCheckTimes = 2, unlocked = true
09-23 20:27:15.860 13343 13343 V Console : Activity lifecycle :: PRE-STOPPED :: HistoryActivity
09-23 20:27:15.861 13343 13698 V Console : Foreground activity counter :: AtomicIntWrapper :: 12312792 :: 227589169 :: Value of: 1
09-23 20:27:15.862 13343 13343 V Console : Activity lifecycle :: STOPPED :: HistoryActivity
09-23 20:27:15.862 13343 13343 D LifecycleMonitor: Lifecycle status change: com.shareconnect.HistoryActivity@1a93f5a in: STOPPED
09-23 20:27:15.862 13343 13343 V ActivityScenario: Activity lifecycle changed event received but ignored because the intent does not match. startActivityIntent=Intent { act=android.intent.action.MAIN cat=[android.intent.category.LAUNCHER] flg=0x10008000 cmp=com.shareconnect/.MainActivity }, activity.getIntent()=Intent { cmp=com.shareconnect/.HistoryActivity }, activity=com.shareconnect.HistoryActivity@1a93f5a
09-23 20:27:15.862 13343 13343 V Console : Activity lifecycle :: POST-STOPPED :: HistoryActivity
09-23 20:27:15.863 13343 13343 V Console : Activity lifecycle :: PRE-DESTROYED :: HistoryActivity
09-23 20:27:15.863 13343 13343 V Console : Activity lifecycle :: DESTROYED :: HistoryActivity
09-23 20:27:15.864 13343 13343 D LifecycleMonitor: Lifecycle status change: com.shareconnect.HistoryActivity@1a93f5a in: DESTROYED
09-23 20:27:15.864 13343 13343 V ActivityScenario: Activity lifecycle changed event received but ignored because the intent does not match. startActivityIntent=Intent { act=android.intent.action.MAIN cat=[android.intent.category.LAUNCHER] flg=0x10008000 cmp=com.shareconnect/.MainActivity }, activity.getIntent()=Intent { cmp=com.shareconnect/.HistoryActivity }, activity=com.shareconnect.HistoryActivity@1a93f5a
09-23 20:27:15.868   488  3569 W InputManager-JNI: Input channel object '3d48aec com.shareconnect/com.shareconnect.HistoryActivity (client)' was disposed without first being removed with the input manager!
09-23 20:27:15.908 13343 13343 I ViewInteraction: Performing 'scroll to' action on view view.getId() is <2131230859/com.shareconnect:id/buttonSettings>
09-23 20:27:15.909 13343 13343 I ScrollToAction: View is already displayed. Returning.
09-23 20:27:15.909 13343 13343 I ViewInteraction: Checking 'MatchesViewAssertion{viewMatcher=(view has effective visibility <VISIBLE> and view.getGlobalVisibleRect() to return non-empty rectangle)}' assertion on view view.getId() is <2131230859/com.shareconnect:id/buttonSettings>
09-23 20:27:15.911 13343 13343 I ViewInteraction: Performing 'scroll to' action on view view.getId() is <2131230859/com.shareconnect:id/buttonSettings>
09-23 20:27:15.911 13343 13343 I ScrollToAction: View is already displayed. Returning.
09-23 20:27:15.912 13343 13343 I ViewInteraction: Performing 'single click' action on view view.getId() is <2131230859/com.shareconnect:id/buttonSettings>
09-23 20:27:15.992 13343 13343 V Console : Activity lifecycle :: PRE-PAUSED :: MainActivity
09-23 20:27:15.992 13343 13343 D Console : Activity lifecycle :: Top activity: MainActivity
09-23 20:27:15.992 13343 13343 D FirebaseSessions: App backgrounded on com.shareconnect
09-23 20:27:15.994 13343 13343 V Console : Activity lifecycle :: PAUSED :: MainActivity
09-23 20:27:15.994 13343 13343 V Console : Foreground activity counter :: AtomicIntWrapper :: 12312792 :: 227589169 :: Decremented to: 0
09-23 20:27:15.994 13343 13343 D LifecycleMonitor: Lifecycle status change: com.shareconnect.MainActivity@b506999 in: PAUSED
09-23 20:27:15.994 13343 13343 V ActivityScenario: Update currentActivityStage to PAUSED, currentActivity=com.shareconnect.MainActivity@b506999
09-23 20:27:15.998 13343 13343 D LifecycleMonitor: Lifecycle status change: com.shareconnect.SettingsActivity@64d6bc2 in: PRE_ON_CREATE
09-23 20:27:15.998 13343 13343 V ActivityScenario: Activity lifecycle changed event received but ignored because the intent does not match. startActivityIntent=Intent { act=android.intent.action.MAIN cat=[android.intent.category.LAUNCHER] flg=0x10008000 cmp=com.shareconnect/.MainActivity }, activity.getIntent()=Intent { cmp=com.shareconnect/.SettingsActivity }, activity=com.shareconnect.SettingsActivity@64d6bc2
09-23 20:27:15.999 13343 13343 D Console : getDefaultTheme() returned: Warm Orange Light (ID: 1, isDefault: true)
09-23 20:27:15.999 13343 13343 D Console : getDefaultTheme() returned: Warm Orange Light (ID: 1, isDefault: true)
09-23 20:27:16.000 13343 13343 D Console : Applying theme: Warm Orange Light, colorScheme: warm_orange, isDarkMode: false, currentTheme: WARM_ORANGE_LIGHT
09-23 20:27:16.000 13343 13343 D Console : Activity SettingsActivity usesToolbar: true
09-23 20:27:16.000 13343 13343 D Console : Setting night mode to NO
09-23 20:27:16.004 13343 13343 D LifecycleMonitor: Lifecycle status change: com.shareconnect.SettingsActivity@64d6bc2 in: CREATED
09-23 20:27:16.004 13343 13343 V ActivityScenario: Activity lifecycle changed event received but ignored because the intent does not match. startActivityIntent=Intent { act=android.intent.action.MAIN cat=[android.intent.category.LAUNCHER] flg=0x10008000 cmp=com.shareconnect/.MainActivity }, activity.getIntent()=Intent { cmp=com.shareconnect/.SettingsActivity }, activity=com.shareconnect.SettingsActivity@64d6bc2
09-23 20:27:16.007 13343 13343 D LifecycleMonitor: Lifecycle status change: com.shareconnect.SettingsActivity@64d6bc2 in: STARTED
09-23 20:27:16.008 13343 13343 V ActivityScenario: Activity lifecycle changed event received but ignored because the intent does not match. startActivityIntent=Intent { act=android.intent.action.MAIN cat=[android.intent.category.LAUNCHER] flg=0x10008000 cmp=com.shareconnect/.MainActivity }, activity.getIntent()=Intent { cmp=com.shareconnect/.SettingsActivity }, activity=com.shareconnect.SettingsActivity@64d6bc2
09-23 20:27:16.009 13343 13343 D FirebaseSessions: App foregrounded on com.shareconnect
09-23 20:27:16.010 13343 13343 V Console : Activity lifecycle :: RESUMED :: SettingsActivity
09-23 20:27:16.010 13343 13343 V Console : Foreground activity counter :: AtomicIntWrapper :: 12312792 :: 227589169 :: Value of: 0
09-23 20:27:16.011 13343 13343 I Console : Activity lifecycle :: Main state :: Foreground
09-23 20:27:16.011 13343 13343 V Console : Foreground activity counter :: AtomicIntWrapper :: 12312792 :: 227589169 :: Incremented to: 1
09-23 20:27:16.011 13343 13343 D LifecycleMonitor: Lifecycle status change: com.shareconnect.SettingsActivity@64d6bc2 in: RESUMED
09-23 20:27:16.011 13343 13343 V ActivityScenario: Activity lifecycle changed event received but ignored because the intent does not match. startActivityIntent=Intent { act=android.intent.action.MAIN cat=[android.intent.category.LAUNCHER] flg=0x10008000 cmp=com.shareconnect/.MainActivity }, activity.getIntent()=Intent { cmp=com.shareconnect/.SettingsActivity }, activity=com.shareconnect.SettingsActivity@64d6bc2
09-23 20:27:16.012 13343 13343 V Console : Activity lifecycle :: POST-RESUMED :: SettingsActivity
09-23 20:27:16.013 13343 13476 W Parcel  : Expecting binder but got null!
09-23 20:27:16.022 13343 13476 E OpenGLRenderer: Unable to match the desired swap behavior.
09-23 20:27:16.042   488   503 I ActivityTaskManager: Displayed com.shareconnect/.SettingsActivity: +64ms
09-23 20:27:16.063   488 13626 W Parcel  : Expecting binder but got null!
09-23 20:27:16.068   488 13626 W Parcel  : Expecting binder but got null!
09-23 20:27:16.142 11811 11811 I GoogleInputMethodService: GoogleInputMethodService.onFinishInput():3227
09-23 20:27:16.142 11811 11811 I GoogleInputMethodService: GoogleInputMethodService.updateDeviceLockedStatus():2087 repeatCheckTimes = 0, unlocked = true
09-23 20:27:16.142 11811 11811 I GoogleInputMethodService: GoogleInputMethodService.onStartInput():1877 onStartInput(EditorInfo{inputType=0x0(NULL) imeOptions=0x0 privateImeOptions=null actionName=UNSPECIFIED actionLabel=null actionId=0 initialSelStart=-1 initialSelEnd=-1 initialCapsMode=0x0 hintText=null label=null packageName=com.shareconnect fieldId=-1 fieldName=null extras=null}, false)
09-23 20:27:16.142 11811 11811 I GoogleInputMethodService: GoogleInputMethodService.shouldHideHeaderOnInitialState():4008 ShouldHideHeaderOnInitialState = false
09-23 20:27:16.143 11811 11811 I GoogleInputMethodService: GoogleInputMethodService.updateDeviceLockedStatus():2087 repeatCheckTimes = 2, unlocked = true
09-23 20:27:16.461 13343 13476 D EGL_emulation: app_time_stats: avg=28.87ms min=13.88ms max=438.66ms count=37
09-23 20:27:16.495 13343 13703 V Console : Foreground activity counter :: AtomicIntWrapper :: 12312792 :: 227589169 :: Value of: 1
09-23 20:27:16.525 13343 13476 D OpenGLRenderer: endAllActiveAnimators on 0xb400007b294449b0 (RippleDrawable) with handle 0xb400007a394cdcb0
09-23 20:27:16.527 13343 13343 V Console : Activity lifecycle :: PRE-STOPPED :: MainActivity
09-23 20:27:16.529 13343 13343 V Console : Activity lifecycle :: STOPPED :: MainActivity
09-23 20:27:16.529 13343 13343 D LifecycleMonitor: Lifecycle status change: com.shareconnect.MainActivity@b506999 in: STOPPED
09-23 20:27:16.529 13343 13343 V ActivityScenario: Update currentActivityStage to STOPPED, currentActivity=com.shareconnect.MainActivity@b506999
09-23 20:27:16.529 13343 13343 V Console : Activity lifecycle :: POST-STOPPED :: MainActivity
09-23 20:27:17.057 13343 13343 V Console : Activity lifecycle :: PRE-PAUSED :: SettingsActivity
09-23 20:27:17.057 13343 13343 D Console : Activity lifecycle :: Top activity: SettingsActivity
09-23 20:27:17.057 13343 13343 D FirebaseSessions: App backgrounded on com.shareconnect
09-23 20:27:17.060 13343 13343 V Console : Activity lifecycle :: PAUSED :: SettingsActivity
09-23 20:27:17.060 13343 13343 V Console : Foreground activity counter :: AtomicIntWrapper :: 12312792 :: 227589169 :: Decremented to: 0
09-23 20:27:17.060 13343 13343 D LifecycleMonitor: Lifecycle status change: com.shareconnect.SettingsActivity@64d6bc2 in: PAUSED
09-23 20:27:17.061 13343 13343 V ActivityScenario: Activity lifecycle changed event received but ignored because the intent does not match. startActivityIntent=Intent { act=android.intent.action.MAIN cat=[android.intent.category.LAUNCHER] flg=0x10008000 cmp=com.shareconnect/.MainActivity }, activity.getIntent()=Intent { cmp=com.shareconnect/.SettingsActivity }, activity=com.shareconnect.SettingsActivity@64d6bc2
09-23 20:27:17.064 13343 13343 D LifecycleMonitor: Lifecycle status change: com.shareconnect.MainActivity@b506999 in: RESTARTED
09-23 20:27:17.064 13343 13343 V ActivityScenario: Update currentActivityStage to RESTARTED, currentActivity=com.shareconnect.MainActivity@b506999
09-23 20:27:17.065 13343 13343 D LifecycleMonitor: Lifecycle status change: com.shareconnect.MainActivity@b506999 in: STARTED
09-23 20:27:17.066 13343 13343 V ActivityScenario: Update currentActivityStage to STARTED, currentActivity=com.shareconnect.MainActivity@b506999
09-23 20:27:17.066 13343 13343 D FirebaseSessions: App foregrounded on com.shareconnect
09-23 20:27:17.068 13343 13343 V Console : Activity lifecycle :: RESUMED :: MainActivity
09-23 20:27:17.068 13343 13343 V Console : Foreground activity counter :: AtomicIntWrapper :: 12312792 :: 227589169 :: Value of: 0
