09-23 20:27:58.878 13343 13461 I TestRunner: started: testCompleteHistoryFlow(com.shareconnect.automation.FullAppFlowAutomationTest)
09-23 20:27:58.881 13343 13461 W Settings: Setting always_finish_activities has moved from android.provider.Settings.System to android.provider.Settings.Global, returning read-only value.
09-23 20:27:58.889   779   868 W Parcel  : Expecting binder but got null!
09-23 20:27:58.893 13343 13343 D LifecycleMonitor: Lifecycle status change: com.shareconnect.MainActivity@895a715 in: PRE_ON_CREATE
09-23 20:27:58.893 13343 13343 V ActivityScenario: Activity lifecycle changed event received but ignored because the reported transition was not ON_CREATE while the last known transition was PRE_ON_CREATE
09-23 20:27:58.894 13343 13343 D Console : getDefaultTheme() returned: Warm Orange Light (ID: 1, isDefault: true)
09-23 20:27:58.894 13343 13343 D Console : getDefaultTheme() returned: Warm Orange Light (ID: 1, isDefault: true)
09-23 20:27:58.894 13343 13343 D Console : Applying theme: Warm Orange Light, colorScheme: warm_orange, isDarkMode: false, currentTheme: WARM_ORANGE_LIGHT
09-23 20:27:58.894 13343 13343 D Console : Activity MainActivity usesToolbar: true
09-23 20:27:58.894 13343 13343 D Console : Setting night mode to NO
09-23 20:27:58.909 13343 13343 D LifecycleMonitor: Lifecycle status change: com.shareconnect.MainActivity@895a715 in: CREATED
09-23 20:27:58.909 13343 13343 V ActivityScenario: Update currentActivityStage to CREATED, currentActivity=com.shareconnect.MainActivity@895a715
09-23 20:27:58.909 13343 13343 D LifecycleMonitor: Lifecycle status change: com.shareconnect.MainActivity@895a715 in: STARTED
09-23 20:27:58.910 13343 13343 V ActivityScenario: Update currentActivityStage to STARTED, currentActivity=com.shareconnect.MainActivity@895a715
09-23 20:27:58.910 13343 13343 D FirebaseSessions: App foregrounded on com.shareconnect
09-23 20:27:58.911   779   868 E OpenGLRenderer: Unable to match the desired swap behavior.
09-23 20:27:58.912 13343 13343 V Console : Activity lifecycle :: RESUMED :: MainActivity
09-23 20:27:58.912 13343 13343 V Console : Foreground activity counter :: AtomicIntWrapper :: 12312792 :: 227589169 :: Value of: 0
09-23 20:27:58.913 13343 13343 I Console : Activity lifecycle :: Main state :: Foreground
09-23 20:27:58.913 13343 13343 V Console : Foreground activity counter :: AtomicIntWrapper :: 12312792 :: 227589169 :: Incremented to: 1
09-23 20:27:58.913 13343 13343 D Console : hasThemeChanged() returned: false
09-23 20:27:58.913 13343 13343 D Console : onResume() called, themeChanged: false
09-23 20:27:58.913 13343 13343 D LifecycleMonitor: Lifecycle status change: com.shareconnect.MainActivity@895a715 in: RESUMED
09-23 20:27:58.913 13343 13343 V ActivityScenario: Update currentActivityStage to RESUMED, currentActivity=com.shareconnect.MainActivity@895a715
09-23 20:27:58.913 13343 13343 V Console : Activity lifecycle :: POST-RESUMED :: MainActivity
09-23 20:27:58.919 13343 13476 W Parcel  : Expecting binder but got null!
09-23 20:27:58.940 13343 13476 E OpenGLRenderer: Unable to match the desired swap behavior.
09-23 20:27:58.945   779   868 D EGL_emulation: app_time_stats: avg=2384.09ms min=2384.09ms max=2384.09ms count=1
09-23 20:27:58.952   488   503 W ziparchive: Unable to open '/data/app/~~sMIfh0iwP5kltL3ByvNJgg==/com.shareconnect-cqLsEYnaW4Guduem5k2TaA==/base.dm': No such file or directory
09-23 20:27:58.953   488   503 I ActivityTaskManager: Displayed com.shareconnect/.MainActivity: +69ms
09-23 20:27:58.962 11811 11811 I GoogleInputMethodService: GoogleInputMethodService.onFinishInput():3227
09-23 20:27:58.964 11811 11811 I GoogleInputMethodService: GoogleInputMethodService.updateDeviceLockedStatus():2087 repeatCheckTimes = 0, unlocked = true
09-23 20:27:58.964 11811 11811 I GoogleInputMethodService: GoogleInputMethodService.onStartInput():1877 onStartInput(EditorInfo{inputType=0x0(NULL) imeOptions=0x0 privateImeOptions=null actionName=UNSPECIFIED actionLabel=null actionId=0 initialSelStart=-1 initialSelEnd=-1 initialCapsMode=0x0 hintText=null label=null packageName=com.shareconnect fieldId=-1 fieldName=null extras=null}, false)
09-23 20:27:58.964 11811 11811 I GoogleInputMethodService: GoogleInputMethodService.shouldHideHeaderOnInitialState():4008 ShouldHideHeaderOnInitialState = false
09-23 20:27:58.964 11811 11811 I GoogleInputMethodService: GoogleInputMethodService.updateDeviceLockedStatus():2087 repeatCheckTimes = 2, unlocked = true
09-23 20:27:58.989  1581  1581 I GsaVoiceInteractionSrv: Handling ACTION_STOP_HOTWORD
09-23 20:27:58.989  1581  2234 I HwDetectorWithState: (REDACTED) a: %d
09-23 20:27:59.210  1581  2227 I AssistantForeground: (REDACTED) Get launcher package: %s
09-23 20:27:59.228   488  1752 W InputManager-JNI: Input channel object '651b4e5 Splash Screen com.shareconnect (client)' was disposed without first being removed with the input manager!
09-23 20:27:59.229   998  1945 D OneSearchSuggestProvider: Shut down the binder channel
09-23 20:27:59.230   998 14587 I s.nexuslauncher: oneway function results for code 2 on binder at 0xb400007a39489010 will be dropped but finished with status UNKNOWN_TRANSACTION
09-23 20:28:00.008  1551  1815 I AiAiEcho: Predicting[0]:
09-23 20:28:00.008  1551  1815 I AiAiEcho: Ranked targets strategy: SORT, count: 0, ranking metadata:
09-23 20:28:00.008  1551  1815 I AiAiEcho: #postPredictionTargets: Sending updates to UISurface lockscreen with targets# 0
09-23 20:28:00.009  1551  1815 I AiAiEcho: #postPredictionTargets: Sending updates to UISurface home with targets# 0
09-23 20:28:00.018   779   868 D EGL_emulation: app_time_stats: avg=97.52ms min=15.41ms max=907.59ms count=11
09-23 20:28:00.059   779   798 I ndroid.systemui: Compiler allocated 5382KB to compile void androidx.constraintlayout.motion.widget.MotionController.setup(int, int, long)
09-23 20:28:04.229 13343 13343 I ViewInteraction: Performing 'scroll to' action on view view.getId() is <2131230851/com.shareconnect:id/buttonHistory>
09-23 20:28:04.230 13343 13343 I ScrollToAction: View is already displayed. Returning.
09-23 20:28:04.233 13343 13343 I ViewInteraction: Performing 'single click' action on view view.getId() is <2131230851/com.shareconnect:id/buttonHistory>
09-23 20:28:04.329 13343 13476 D EGL_emulation: app_time_stats: avg=526.32ms min=1.31ms max=5235.91ms count=10
09-23 20:28:04.333 13343 13343 V Console : Activity lifecycle :: PRE-PAUSED :: MainActivity
09-23 20:28:04.333 13343 13343 D Console : Activity lifecycle :: Top activity: MainActivity
09-23 20:28:04.334 13343 13343 D FirebaseSessions: App backgrounded on com.shareconnect
09-23 20:28:04.336 13343 13343 V Console : Activity lifecycle :: PAUSED :: MainActivity
09-23 20:28:04.336 13343 13343 V Console : Foreground activity counter :: AtomicIntWrapper :: 12312792 :: 227589169 :: Decremented to: 0
09-23 20:28:04.337 13343 13343 D LifecycleMonitor: Lifecycle status change: com.shareconnect.MainActivity@895a715 in: PAUSED
09-23 20:28:04.337 13343 13343 V ActivityScenario: Update currentActivityStage to PAUSED, currentActivity=com.shareconnect.MainActivity@895a715
09-23 20:28:04.338   334   452 D AudioFlinger: mixer(0xb400007c8943e9a0) throttle end: throttle time(38)
09-23 20:28:04.364 13343 13343 D LifecycleMonitor: Lifecycle status change: com.shareconnect.HistoryActivity@ead8679 in: PRE_ON_CREATE
09-23 20:28:04.364 13343 13343 V ActivityScenario: Activity lifecycle changed event received but ignored because the intent does not match. startActivityIntent=Intent { act=android.intent.action.MAIN cat=[android.intent.category.LAUNCHER] flg=0x10008000 cmp=com.shareconnect/.MainActivity }, activity.getIntent()=Intent { cmp=com.shareconnect/.HistoryActivity }, activity=com.shareconnect.HistoryActivity@ead8679
09-23 20:28:04.365 13343 13343 D Console : getDefaultTheme() returned: Warm Orange Light (ID: 1, isDefault: true)
09-23 20:28:04.365 13343 13343 D Console : getDefaultTheme() returned: Warm Orange Light (ID: 1, isDefault: true)
09-23 20:28:04.365 13343 13343 D Console : Applying theme: Warm Orange Light, colorScheme: warm_orange, isDarkMode: false, currentTheme: WARM_ORANGE_LIGHT
09-23 20:28:04.365 13343 13343 D Console : Activity HistoryActivity usesToolbar: true
09-23 20:28:04.366 13343 13343 D Console : Setting night mode to NO
09-23 20:28:04.389 13343 13343 D LifecycleMonitor: Lifecycle status change: com.shareconnect.HistoryActivity@ead8679 in: CREATED
09-23 20:28:04.389 13343 13343 V ActivityScenario: Activity lifecycle changed event received but ignored because the intent does not match. startActivityIntent=Intent { act=android.intent.action.MAIN cat=[android.intent.category.LAUNCHER] flg=0x10008000 cmp=com.shareconnect/.MainActivity }, activity.getIntent()=Intent { cmp=com.shareconnect/.HistoryActivity }, activity=com.shareconnect.HistoryActivity@ead8679
09-23 20:28:04.389 13343 13343 D LifecycleMonitor: Lifecycle status change: com.shareconnect.HistoryActivity@ead8679 in: STARTED
09-23 20:28:04.389 13343 13343 V ActivityScenario: Activity lifecycle changed event received but ignored because the intent does not match. startActivityIntent=Intent { act=android.intent.action.MAIN cat=[android.intent.category.LAUNCHER] flg=0x10008000 cmp=com.shareconnect/.MainActivity }, activity.getIntent()=Intent { cmp=com.shareconnect/.HistoryActivity }, activity=com.shareconnect.HistoryActivity@ead8679
09-23 20:28:04.390 13343 13343 D FirebaseSessions: App foregrounded on com.shareconnect
09-23 20:28:04.392 13343 13343 V Console : Activity lifecycle :: RESUMED :: HistoryActivity
09-23 20:28:04.392 13343 13343 V Console : Foreground activity counter :: AtomicIntWrapper :: 12312792 :: 227589169 :: Value of: 0
09-23 20:28:04.392 13343 13343 I Console : Activity lifecycle :: Main state :: Foreground
09-23 20:28:04.392 13343 13343 V Console : Foreground activity counter :: AtomicIntWrapper :: 12312792 :: 227589169 :: Incremented to: 1
09-23 20:28:04.393 13343 13343 D Console : hasThemeChanged() returned: false
09-23 20:28:04.393 13343 13343 D LifecycleMonitor: Lifecycle status change: com.shareconnect.HistoryActivity@ead8679 in: RESUMED
09-23 20:28:04.393 13343 13343 V ActivityScenario: Activity lifecycle changed event received but ignored because the intent does not match. startActivityIntent=Intent { act=android.intent.action.MAIN cat=[android.intent.category.LAUNCHER] flg=0x10008000 cmp=com.shareconnect/.MainActivity }, activity.getIntent()=Intent { cmp=com.shareconnect/.HistoryActivity }, activity=com.shareconnect.HistoryActivity@ead8679
09-23 20:28:04.393 13343 13343 V Console : Activity lifecycle :: POST-RESUMED :: HistoryActivity
09-23 20:28:04.395 13343 13476 W Parcel  : Expecting binder but got null!
09-23 20:28:04.411 13343 13476 E OpenGLRenderer: Unable to match the desired swap behavior.
09-23 20:28:04.424   488   503 I ActivityTaskManager: Displayed com.shareconnect/.HistoryActivity: +126ms
09-23 20:28:04.444   488 13626 W Parcel  : Expecting binder but got null!
09-23 20:28:04.452   488 13626 W Parcel  : Expecting binder but got null!
09-23 20:28:04.545 11811 11811 I GoogleInputMethodService: GoogleInputMethodService.onFinishInput():3227
09-23 20:28:04.546 11811 11811 I GoogleInputMethodService: GoogleInputMethodService.updateDeviceLockedStatus():2087 repeatCheckTimes = 0, unlocked = true
09-23 20:28:04.546 11811 11811 I GoogleInputMethodService: GoogleInputMethodService.onStartInput():1877 onStartInput(EditorInfo{inputType=0x0(NULL) imeOptions=0x0 privateImeOptions=null actionName=UNSPECIFIED actionLabel=null actionId=0 initialSelStart=-1 initialSelEnd=-1 initialCapsMode=0x0 hintText=null label=null packageName=com.shareconnect fieldId=-1 fieldName=null extras=null}, false)
09-23 20:28:04.546 11811 11811 I GoogleInputMethodService: GoogleInputMethodService.shouldHideHeaderOnInitialState():4008 ShouldHideHeaderOnInitialState = false
09-23 20:28:04.546 11811 11811 I GoogleInputMethodService: GoogleInputMethodService.updateDeviceLockedStatus():2087 repeatCheckTimes = 2, unlocked = true
09-23 20:28:04.838 13343 13944 V Console : Foreground activity counter :: AtomicIntWrapper :: 12312792 :: 227589169 :: Value of: 1
09-23 20:28:04.926 13343 13476 D OpenGLRenderer: endAllActiveAnimators on 0xb400007b29506220 (RippleDrawable) with handle 0xb400007a394d6ef0
09-23 20:28:04.928 13343 13343 V Console : Activity lifecycle :: PRE-STOPPED :: MainActivity
09-23 20:28:04.929 13343 13343 V Console : Activity lifecycle :: STOPPED :: MainActivity
09-23 20:28:04.929 13343 13343 D LifecycleMonitor: Lifecycle status change: com.shareconnect.MainActivity@895a715 in: STOPPED
09-23 20:28:04.929 13343 13343 V ActivityScenario: Update currentActivityStage to STOPPED, currentActivity=com.shareconnect.MainActivity@895a715
09-23 20:28:04.930 13343 13343 V Console : Activity lifecycle :: POST-STOPPED :: MainActivity
09-23 20:28:05.683 13343 13343 V Console : Activity lifecycle :: PRE-PAUSED :: HistoryActivity
09-23 20:28:05.683 13343 13343 D Console : Activity lifecycle :: Top activity: HistoryActivity
09-23 20:28:05.684 13343 13343 D FirebaseSessions: App backgrounded on com.shareconnect
09-23 20:28:05.685 13343 13343 V Console : Activity lifecycle :: PAUSED :: HistoryActivity
09-23 20:28:05.685 13343 13343 V Console : Foreground activity counter :: AtomicIntWrapper :: 12312792 :: 227589169 :: Decremented to: 0
09-23 20:28:05.685 13343 13343 D LifecycleMonitor: Lifecycle status change: com.shareconnect.HistoryActivity@ead8679 in: PAUSED
09-23 20:28:05.685 13343 13343 V ActivityScenario: Activity lifecycle changed event received but ignored because the intent does not match. startActivityIntent=Intent { act=android.intent.action.MAIN cat=[android.intent.category.LAUNCHER] flg=0x10008000 cmp=com.shareconnect/.MainActivity }, activity.getIntent()=Intent { cmp=com.shareconnect/.HistoryActivity }, activity=com.shareconnect.HistoryActivity@ead8679
09-23 20:28:05.688 13343 13343 D LifecycleMonitor: Lifecycle status change: com.shareconnect.MainActivity@895a715 in: RESTARTED
09-23 20:28:05.688 13343 13343 V ActivityScenario: Update currentActivityStage to RESTARTED, currentActivity=com.shareconnect.MainActivity@895a715
09-23 20:28:05.688 13343 13343 D LifecycleMonitor: Lifecycle status change: com.shareconnect.MainActivity@895a715 in: STARTED
09-23 20:28:05.688 13343 13343 V ActivityScenario: Update currentActivityStage to STARTED, currentActivity=com.shareconnect.MainActivity@895a715
09-23 20:28:05.690 13343 13343 D FirebaseSessions: App foregrounded on com.shareconnect
09-23 20:28:05.691 13343 13343 V Console : Activity lifecycle :: RESUMED :: MainActivity
09-23 20:28:05.691 13343 13343 V Console : Foreground activity counter :: AtomicIntWrapper :: 12312792 :: 227589169 :: Value of: 0
09-23 20:28:05.691 13343 13343 I Console : Activity lifecycle :: Main state :: Foreground
09-23 20:28:05.691 13343 13343 V Console : Foreground activity counter :: AtomicIntWrapper :: 12312792 :: 227589169 :: Incremented to: 1
09-23 20:28:05.691 13343 13343 D Console : hasThemeChanged() returned: false
09-23 20:28:05.692 13343 13343 D Console : onResume() called, themeChanged: false
09-23 20:28:05.692 13343 13343 D LifecycleMonitor: Lifecycle status change: com.shareconnect.MainActivity@895a715 in: RESUMED
09-23 20:28:05.692 13343 13343 V ActivityScenario: Update currentActivityStage to RESUMED, currentActivity=com.shareconnect.MainActivity@895a715
09-23 20:28:05.692 13343 13343 V Console : Activity lifecycle :: POST-RESUMED :: MainActivity
09-23 20:28:05.696 13343 13476 E OpenGLRenderer: Unable to match the desired swap behavior.
09-23 20:28:05.726 13343 13476 D EGL_emulation: app_time_stats: avg=100.48ms min=10.53ms max=1068.16ms count=13
09-23 20:28:05.729   488 13626 W Parcel  : Expecting binder but got null!
09-23 20:28:05.733   488 13626 W Parcel  : Expecting binder but got null!
09-23 20:28:05.742 11811 11811 I GoogleInputMethodService: GoogleInputMethodService.onFinishInput():3227
09-23 20:28:05.742 11811 11811 I GoogleInputMethodService: GoogleInputMethodService.updateDeviceLockedStatus():2087 repeatCheckTimes = 0, unlocked = true
09-23 20:28:05.742 11811 11811 I GoogleInputMethodService: GoogleInputMethodService.onStartInput():1877 onStartInput(EditorInfo{inputType=0x0(NULL) imeOptions=0x0 privateImeOptions=null actionName=UNSPECIFIED actionLabel=null actionId=0 initialSelStart=-1 initialSelEnd=-1 initialCapsMode=0x0 hintText=null label=null packageName=com.shareconnect fieldId=-1 fieldName=null extras=null}, false)
09-23 20:28:05.742 11811 11811 I GoogleInputMethodService: GoogleInputMethodService.shouldHideHeaderOnInitialState():4008 ShouldHideHeaderOnInitialState = false
09-23 20:28:05.743 11811 11811 I GoogleInputMethodService: GoogleInputMethodService.updateDeviceLockedStatus():2087 repeatCheckTimes = 2, unlocked = true
09-23 20:28:06.190 13343 13951 V Console : Foreground activity counter :: AtomicIntWrapper :: 12312792 :: 227589169 :: Value of: 1
09-23 20:28:06.210 13343 13343 V Console : Activity lifecycle :: PRE-STOPPED :: HistoryActivity
09-23 20:28:06.212 13343 13343 V Console : Activity lifecycle :: STOPPED :: HistoryActivity
09-23 20:28:06.212 13343 13343 D LifecycleMonitor: Lifecycle status change: com.shareconnect.HistoryActivity@ead8679 in: STOPPED
09-23 20:28:06.212 13343 13343 V ActivityScenario: Activity lifecycle changed event received but ignored because the intent does not match. startActivityIntent=Intent { act=android.intent.action.MAIN cat=[android.intent.category.LAUNCHER] flg=0x10008000 cmp=com.shareconnect/.MainActivity }, activity.getIntent()=Intent { cmp=com.shareconnect/.HistoryActivity }, activity=com.shareconnect.HistoryActivity@ead8679
09-23 20:28:06.212 13343 13343 V Console : Activity lifecycle :: POST-STOPPED :: HistoryActivity
09-23 20:28:06.213 13343 13343 V Console : Activity lifecycle :: PRE-DESTROYED :: HistoryActivity
09-23 20:28:06.214 13343 13343 V Console : Activity lifecycle :: DESTROYED :: HistoryActivity
09-23 20:28:06.214 13343 13343 D LifecycleMonitor: Lifecycle status change: com.shareconnect.HistoryActivity@ead8679 in: DESTROYED
09-23 20:28:06.214 13343 13343 V ActivityScenario: Activity lifecycle changed event received but ignored because the intent does not match. startActivityIntent=Intent { act=android.intent.action.MAIN cat=[android.intent.category.LAUNCHER] flg=0x10008000 cmp=com.shareconnect/.MainActivity }, activity.getIntent()=Intent { cmp=com.shareconnect/.HistoryActivity }, activity=com.shareconnect.HistoryActivity@ead8679
09-23 20:28:06.217   488  1752 W InputManager-JNI: Input channel object 'd9c2eed com.shareconnect/com.shareconnect.HistoryActivity (client)' was disposed without first being removed with the input manager!
09-23 20:28:06.244 13343 13343 I ViewInteraction: Performing 'scroll to' action on view view.getId() is <2131230859/com.shareconnect:id/buttonSettings>
09-23 20:28:06.244 13343 13343 I ScrollToAction: View is already displayed. Returning.
09-23 20:28:06.244 13343 13343 I ViewInteraction: Checking 'MatchesViewAssertion{viewMatcher=(view has effective visibility <VISIBLE> and view.getGlobalVisibleRect() to return non-empty rectangle)}' assertion on view view.getId() is <2131230859/com.shareconnect:id/buttonSettings>
09-23 20:28:06.249 13343 13343 V Console : Activity lifecycle :: PRE-PAUSED :: MainActivity
09-23 20:28:06.249 13343 13343 D Console : Activity lifecycle :: Top activity: MainActivity
09-23 20:28:06.250 13343 13343 D FirebaseSessions: App backgrounded on com.shareconnect
09-23 20:28:06.251 13343 13343 V Console : Activity lifecycle :: PAUSED :: MainActivity
09-23 20:28:06.251 13343 13343 V Console : Foreground activity counter :: AtomicIntWrapper :: 12312792 :: 227589169 :: Decremented to: 0
09-23 20:28:06.251 13343 13343 D LifecycleMonitor: Lifecycle status change: com.shareconnect.MainActivity@895a715 in: PAUSED
09-23 20:28:06.251 13343 13343 V ActivityScenario: Update currentActivityStage to PAUSED, currentActivity=com.shareconnect.MainActivity@895a715
09-23 20:28:06.254 13343 13343 D LifecycleMonitor: Lifecycle status change: androidx.test.core.app.InstrumentationActivityInvoker$EmptyActivity@3c3569c in: PRE_ON_CREATE
09-23 20:28:06.254 13343 13343 V ActivityScenario: Activity lifecycle changed event received but ignored because the intent does not match. startActivityIntent=Intent { act=android.intent.action.MAIN cat=[android.intent.category.LAUNCHER] flg=0x10008000 cmp=com.shareconnect/.MainActivity }, activity.getIntent()=Intent { act=android.intent.action.MAIN cat=[android.intent.category.LAUNCHER] flg=0x10000000 cmp=com.shareconnect/androidx.test.core.app.InstrumentationActivityInvoker$EmptyActivity }, activity=androidx.test.core.app.InstrumentationActivityInvoker$EmptyActivity@3c3569c
09-23 20:28:06.257 13343 13343 D LifecycleMonitor: Lifecycle status change: androidx.test.core.app.InstrumentationActivityInvoker$EmptyActivity@3c3569c in: CREATED
09-23 20:28:06.257 13343 13343 V ActivityScenario: Activity lifecycle changed event received but ignored because the intent does not match. startActivityIntent=Intent { act=android.intent.action.MAIN cat=[android.intent.category.LAUNCHER] flg=0x10008000 cmp=com.shareconnect/.MainActivity }, activity.getIntent()=Intent { act=android.intent.action.MAIN cat=[android.intent.category.LAUNCHER] flg=0x10000000 cmp=com.shareconnect/androidx.test.core.app.InstrumentationActivityInvoker$EmptyActivity }, activity=androidx.test.core.app.InstrumentationActivityInvoker$EmptyActivity@3c3569c
09-23 20:28:06.258 13343 13343 D LifecycleMonitor: Lifecycle status change: androidx.test.core.app.InstrumentationActivityInvoker$EmptyActivity@3c3569c in: STARTED
09-23 20:28:06.258 13343 13343 V ActivityScenario: Activity lifecycle changed event received but ignored because the intent does not match. startActivityIntent=Intent { act=android.intent.action.MAIN cat=[android.intent.category.LAUNCHER] flg=0x10008000 cmp=com.shareconnect/.MainActivity }, activity.getIntent()=Intent { act=android.intent.action.MAIN cat=[android.intent.category.LAUNCHER] flg=0x10000000 cmp=com.shareconnect/androidx.test.core.app.InstrumentationActivityInvoker$EmptyActivity }, activity=androidx.test.core.app.InstrumentationActivityInvoker$EmptyActivity@3c3569c
09-23 20:28:06.259 13343 13343 D FirebaseSessions: App foregrounded on com.shareconnect
09-23 20:28:06.261 13343 13343 V Console : Activity lifecycle :: RESUMED :: EmptyActivity
09-23 20:28:06.261 13343 13343 V Console : Foreground activity counter :: AtomicIntWrapper :: 12312792 :: 227589169 :: Value of: 0
09-23 20:28:06.261 13343 13343 I Console : Activity lifecycle :: Main state :: Foreground
09-23 20:28:06.261 13343 13343 V Console : Foreground activity counter :: AtomicIntWrapper :: 12312792 :: 227589169 :: Incremented to: 1
09-23 20:28:06.261 13343 13343 D LifecycleMonitor: Lifecycle status change: androidx.test.core.app.InstrumentationActivityInvoker$EmptyActivity@3c3569c in: RESUMED
09-23 20:28:06.261 13343 13343 V ActivityScenario: Activity lifecycle changed event received but ignored because the intent does not match. startActivityIntent=Intent { act=android.intent.action.MAIN cat=[android.intent.category.LAUNCHER] flg=0x10008000 cmp=com.shareconnect/.MainActivity }, activity.getIntent()=Intent { act=android.intent.action.MAIN cat=[android.intent.category.LAUNCHER] flg=0x10000000 cmp=com.shareconnect/androidx.test.core.app.InstrumentationActivityInvoker$EmptyActivity }, activity=androidx.test.core.app.InstrumentationActivityInvoker$EmptyActivity@3c3569c
09-23 20:28:06.262 13343 13343 V Console : Activity lifecycle :: POST-RESUMED :: EmptyActivity
09-23 20:28:06.263 13343 13476 W Parcel  : Expecting binder but got null!
09-23 20:28:06.279 13343 13476 E OpenGLRenderer: Unable to match the desired swap behavior.
09-23 20:28:06.286   488   503 I ActivityTaskManager: Displayed com.shareconnect/androidx.test.core.app.InstrumentationActivityInvoker$EmptyActivity: +39ms
09-23 20:28:06.292 13343 13343 V Console : Activity lifecycle :: PRE-STOPPED :: MainActivity
09-23 20:28:06.295 13343 13343 V Console : Activity lifecycle :: STOPPED :: MainActivity
09-23 20:28:06.295 13343 13343 D LifecycleMonitor: Lifecycle status change: com.shareconnect.MainActivity@895a715 in: STOPPED
09-23 20:28:06.295 13343 13343 V ActivityScenario: Update currentActivityStage to STOPPED, currentActivity=com.shareconnect.MainActivity@895a715
09-23 20:28:06.295 13343 13343 V Console : Activity lifecycle :: POST-STOPPED :: MainActivity
09-23 20:28:06.298 13343 13343 V Console : Activity lifecycle :: PRE-DESTROYED :: MainActivity
09-23 20:28:06.299 13343 13343 V Console : Activity lifecycle :: DESTROYED :: MainActivity
09-23 20:28:06.299 13343 13343 D LifecycleMonitor: Lifecycle status change: com.shareconnect.MainActivity@895a715 in: DESTROYED
09-23 20:28:06.299 13343 13343 V ActivityScenario: Update currentActivityStage to DESTROYED, currentActivity=null
09-23 20:28:06.301   488  4082 W InputManager-JNI: Input channel object '2da5499 com.shareconnect/com.shareconnect.MainActivity (client)' was disposed without first being removed with the input manager!
09-23 20:28:06.303 11811 11811 I GoogleInputMethodService: GoogleInputMethodService.onFinishInput():3227
09-23 20:28:06.303 11811 11811 I GoogleInputMethodService: GoogleInputMethodService.updateDeviceLockedStatus():2087 repeatCheckTimes = 0, unlocked = true
09-23 20:28:06.303 11811 11811 I GoogleInputMethodService: GoogleInputMethodService.onStartInput():1877 onStartInput(EditorInfo{inputType=0x0(NULL) imeOptions=0x0 privateImeOptions=null actionName=UNSPECIFIED actionLabel=null actionId=0 initialSelStart=-1 initialSelEnd=-1 initialCapsMode=0x0 hintText=null label=null packageName=com.shareconnect fieldId=-1 fieldName=null extras=null}, false)
09-23 20:28:06.303 11811 11811 I GoogleInputMethodService: GoogleInputMethodService.shouldHideHeaderOnInitialState():4008 ShouldHideHeaderOnInitialState = false
09-23 20:28:06.304 11811 11811 I GoogleInputMethodService: GoogleInputMethodService.updateDeviceLockedStatus():2087 repeatCheckTimes = 2, unlocked = true
09-23 20:28:06.305 13343 13461 I TestRunner: finished: testCompleteHistoryFlow(com.shareconnect.automation.FullAppFlowAutomationTest)
