09-23 20:26:25.944 13343 13461 I TestRunner: started: testStateDescriptions(com.shareconnect.automation.AccessibilityAutomationTest)
09-23 20:26:25.946 13343 13343 D LifecycleMonitor: Lifecycle status change: androidx.test.core.app.InstrumentationActivityInvoker$EmptyActivity@d236dc7 in: DESTROYED
09-23 20:26:25.949   488  4082 W InputManager-JNI: Input channel object 'df8a968 com.shareconnect/androidx.test.core.app.InstrumentationActivityInvoker$EmptyActivity (client)' was disposed without first being removed with the input manager!
09-23 20:26:25.961 13343 13461 W Settings: Setting always_finish_activities has moved from android.provider.Settings.System to android.provider.Settings.Global, returning read-only value.
09-23 20:26:25.995   779   868 W Parcel  : Expecting binder but got null!
09-23 20:26:26.003 13343 13343 D LifecycleMonitor: Lifecycle status change: com.shareconnect.MainActivity@3335b0a in: PRE_ON_CREATE
09-23 20:26:26.004 13343 13343 V ActivityScenario: Activity lifecycle changed event received but ignored because the reported transition was not ON_CREATE while the last known transition was PRE_ON_CREATE
09-23 20:26:26.013 13343 13343 D Console : getDefaultTheme() returned: Warm Orange Light (ID: 1, isDefault: true)
09-23 20:26:26.013 13343 13343 D Console : getDefaultTheme() returned: Warm Orange Light (ID: 1, isDefault: true)
09-23 20:26:26.013 13343 13343 D Console : Applying theme: Warm Orange Light, colorScheme: warm_orange, isDarkMode: false, currentTheme: WARM_ORANGE_LIGHT
09-23 20:26:26.014 13343 13343 D Console : Activity MainActivity usesToolbar: true
09-23 20:26:26.037 13343 13343 D Console : Setting night mode to NO
09-23 20:26:26.050   779   868 E OpenGLRenderer: Unable to match the desired swap behavior.
09-23 20:26:26.091  1581  1581 I GsaVoiceInteractionSrv: Handling ACTION_STOP_HOTWORD
09-23 20:26:26.091  1581  2234 I HwDetectorWithState: (REDACTED) a: %d
09-23 20:26:26.233   998  1019 W System  : A resource failed to call release.
09-23 20:26:26.233   998  1019 W System  : A resource failed to call release.
09-23 20:26:26.233   998  1019 W System  : A resource failed to call release.
09-23 20:26:26.262 13343 13343 D LifecycleMonitor: Lifecycle status change: com.shareconnect.MainActivity@3335b0a in: CREATED
09-23 20:26:26.262 13343 13343 V ActivityScenario: Update currentActivityStage to CREATED, currentActivity=com.shareconnect.MainActivity@3335b0a
09-23 20:26:26.267 13343 13343 D LifecycleMonitor: Lifecycle status change: com.shareconnect.MainActivity@3335b0a in: STARTED
09-23 20:26:26.267 13343 13343 V ActivityScenario: Update currentActivityStage to STARTED, currentActivity=com.shareconnect.MainActivity@3335b0a
09-23 20:26:26.270 13343 13343 D FirebaseSessions: App foregrounded on com.shareconnect
09-23 20:26:26.284 13343 13343 V Console : Activity lifecycle :: RESUMED :: MainActivity
09-23 20:26:26.285 13343 13343 V Console : Foreground activity counter :: AtomicIntWrapper :: 12312792 :: 227589169 :: Value of: 0
09-23 20:26:26.285 13343 13343 I Console : Activity lifecycle :: Main state :: Foreground
09-23 20:26:26.286 13343 13343 V Console : Foreground activity counter :: AtomicIntWrapper :: 12312792 :: 227589169 :: Incremented to: 1
09-23 20:26:26.286 13343 13343 D Console : hasThemeChanged() returned: false
09-23 20:26:26.286 13343 13343 D Console : onResume() called, themeChanged: false
09-23 20:26:26.286 13343 13343 D LifecycleMonitor: Lifecycle status change: com.shareconnect.MainActivity@3335b0a in: RESUMED
09-23 20:26:26.287 13343 13343 V ActivityScenario: Update currentActivityStage to RESUMED, currentActivity=com.shareconnect.MainActivity@3335b0a
09-23 20:26:26.288 13343 13343 V Console : Activity lifecycle :: POST-RESUMED :: MainActivity
09-23 20:26:26.297 13343 13476 W Parcel  : Expecting binder but got null!
09-23 20:26:26.369   779   868 D EGL_emulation: app_time_stats: avg=194.24ms min=1.91ms max=5208.24ms count=30
09-23 20:26:26.391 13343 13476 E OpenGLRenderer: Unable to match the desired swap behavior.
09-23 20:26:26.396   779   868 D EGL_emulation: app_time_stats: avg=679.85ms min=10.98ms max=6910.12ms count=11
09-23 20:26:26.526   488   503 W ziparchive: Unable to open '/data/app/~~sMIfh0iwP5kltL3ByvNJgg==/com.shareconnect-cqLsEYnaW4Guduem5k2TaA==/base.dm': No such file or directory
09-23 20:26:26.532   488   503 I ActivityTaskManager: Displayed com.shareconnect/.MainActivity: +560ms
09-23 20:26:26.602 11811 11811 I GoogleInputMethodService: GoogleInputMethodService.onFinishInput():3227
09-23 20:26:26.605 11811 11811 I GoogleInputMethodService: GoogleInputMethodService.updateDeviceLockedStatus():2087 repeatCheckTimes = 0, unlocked = true
09-23 20:26:26.605 11811 11811 I GoogleInputMethodService: GoogleInputMethodService.onStartInput():1877 onStartInput(EditorInfo{inputType=0x0(NULL) imeOptions=0x0 privateImeOptions=null actionName=UNSPECIFIED actionLabel=null actionId=0 initialSelStart=-1 initialSelEnd=-1 initialCapsMode=0x0 hintText=null label=null packageName=com.shareconnect fieldId=-1 fieldName=null extras=null}, false)
09-23 20:26:26.605 11811 11811 I GoogleInputMethodService: GoogleInputMethodService.shouldHideHeaderOnInitialState():4008 ShouldHideHeaderOnInitialState = false
09-23 20:26:26.606 11811 11811 I GoogleInputMethodService: GoogleInputMethodService.updateDeviceLockedStatus():2087 repeatCheckTimes = 2, unlocked = true
09-23 20:26:26.718   998  1945 D OneSearchSuggestProvider: Shut down the binder channel
09-23 20:26:26.719   998  4934 I s.nexuslauncher: oneway function results for code 2 on binder at 0xb400007a3947a580 will be dropped but finished with status UNKNOWN_TRANSACTION
09-23 20:26:26.736  1581  2228 I AssistantForeground: (REDACTED) Get launcher package: %s
09-23 20:26:26.838   488  1182 W InputManager-JNI: Input channel object 'b79537 Splash Screen com.shareconnect (client)' was disposed without first being removed with the input manager!
09-23 20:26:27.378   779   868 D EGL_emulation: app_time_stats: avg=18.25ms min=1.86ms max=64.49ms count=50
09-23 20:26:28.411   779   868 D EGL_emulation: app_time_stats: avg=27.12ms min=10.74ms max=83.71ms count=37
09-23 20:26:31.753 13343 13343 V Console : Activity lifecycle :: PRE-PAUSED :: MainActivity
09-23 20:26:31.753 13343 13343 D Console : Activity lifecycle :: Top activity: MainActivity
09-23 20:26:31.753 13343 13343 D FirebaseSessions: App backgrounded on com.shareconnect
09-23 20:26:31.764 13343 13343 V Console : Activity lifecycle :: PAUSED :: MainActivity
09-23 20:26:31.765 13343 13343 V Console : Foreground activity counter :: AtomicIntWrapper :: 12312792 :: 227589169 :: Decremented to: 0
09-23 20:26:31.765 13343 13343 D LifecycleMonitor: Lifecycle status change: com.shareconnect.MainActivity@3335b0a in: PAUSED
09-23 20:26:31.765 13343 13343 V ActivityScenario: Update currentActivityStage to PAUSED, currentActivity=com.shareconnect.MainActivity@3335b0a
09-23 20:26:31.777 13343 13343 D LifecycleMonitor: Lifecycle status change: androidx.test.core.app.InstrumentationActivityInvoker$EmptyActivity@130c64d in: PRE_ON_CREATE
09-23 20:26:31.777 13343 13343 V ActivityScenario: Activity lifecycle changed event received but ignored because the intent does not match. startActivityIntent=Intent { act=android.intent.action.MAIN cat=[android.intent.category.LAUNCHER] flg=0x10008000 cmp=com.shareconnect/.MainActivity }, activity.getIntent()=Intent { act=android.intent.action.MAIN cat=[android.intent.category.LAUNCHER] flg=0x10000000 cmp=com.shareconnect/androidx.test.core.app.InstrumentationActivityInvoker$EmptyActivity }, activity=androidx.test.core.app.InstrumentationActivityInvoker$EmptyActivity@130c64d
09-23 20:26:31.793 13343 13343 D LifecycleMonitor: Lifecycle status change: androidx.test.core.app.InstrumentationActivityInvoker$EmptyActivity@130c64d in: CREATED
09-23 20:26:31.794 13343 13343 V ActivityScenario: Activity lifecycle changed event received but ignored because the intent does not match. startActivityIntent=Intent { act=android.intent.action.MAIN cat=[android.intent.category.LAUNCHER] flg=0x10008000 cmp=com.shareconnect/.MainActivity }, activity.getIntent()=Intent { act=android.intent.action.MAIN cat=[android.intent.category.LAUNCHER] flg=0x10000000 cmp=com.shareconnect/androidx.test.core.app.InstrumentationActivityInvoker$EmptyActivity }, activity=androidx.test.core.app.InstrumentationActivityInvoker$EmptyActivity@130c64d
09-23 20:26:31.797 13343 13343 D LifecycleMonitor: Lifecycle status change: androidx.test.core.app.InstrumentationActivityInvoker$EmptyActivity@130c64d in: STARTED
09-23 20:26:31.797 13343 13343 V ActivityScenario: Activity lifecycle changed event received but ignored because the intent does not match. startActivityIntent=Intent { act=android.intent.action.MAIN cat=[android.intent.category.LAUNCHER] flg=0x10008000 cmp=com.shareconnect/.MainActivity }, activity.getIntent()=Intent { act=android.intent.action.MAIN cat=[android.intent.category.LAUNCHER] flg=0x10000000 cmp=com.shareconnect/androidx.test.core.app.InstrumentationActivityInvoker$EmptyActivity }, activity=androidx.test.core.app.InstrumentationActivityInvoker$EmptyActivity@130c64d
09-23 20:26:31.802 13343 13343 D FirebaseSessions: App foregrounded on com.shareconnect
09-23 20:26:31.809 13343 13343 V Console : Activity lifecycle :: RESUMED :: EmptyActivity
09-23 20:26:31.809 13343 13343 V Console : Foreground activity counter :: AtomicIntWrapper :: 12312792 :: 227589169 :: Value of: 0
09-23 20:26:31.809 13343 13343 I Console : Activity lifecycle :: Main state :: Foreground
09-23 20:26:31.809 13343 13343 V Console : Foreground activity counter :: AtomicIntWrapper :: 12312792 :: 227589169 :: Incremented to: 1
09-23 20:26:31.810 13343 13343 D LifecycleMonitor: Lifecycle status change: androidx.test.core.app.InstrumentationActivityInvoker$EmptyActivity@130c64d in: RESUMED
09-23 20:26:31.810 13343 13343 V ActivityScenario: Activity lifecycle changed event received but ignored because the intent does not match. startActivityIntent=Intent { act=android.intent.action.MAIN cat=[android.intent.category.LAUNCHER] flg=0x10008000 cmp=com.shareconnect/.MainActivity }, activity.getIntent()=Intent { act=android.intent.action.MAIN cat=[android.intent.category.LAUNCHER] flg=0x10000000 cmp=com.shareconnect/androidx.test.core.app.InstrumentationActivityInvoker$EmptyActivity }, activity=androidx.test.core.app.InstrumentationActivityInvoker$EmptyActivity@130c64d
09-23 20:26:31.811 13343 13343 V Console : Activity lifecycle :: POST-RESUMED :: EmptyActivity
09-23 20:26:31.813 13343 13476 W Parcel  : Expecting binder but got null!
09-23 20:26:31.855 13343 13476 E OpenGLRenderer: Unable to match the desired swap behavior.
09-23 20:26:31.874   488   503 I ActivityTaskManager: Displayed com.shareconnect/androidx.test.core.app.InstrumentationActivityInvoker$EmptyActivity: +127ms
09-23 20:26:31.895 11307 13471 D AdvertisingIdClient: AdvertisingIdClient already created.
09-23 20:26:31.902 13343 13343 V Console : Activity lifecycle :: PRE-STOPPED :: MainActivity
09-23 20:26:31.903 11307 13471 I AdvertisingIdClient: shouldSendLog 8709359
09-23 20:26:31.903 11307 13471 I AdvertisingIdClient: GetInfoInternal elapse 9ms
09-23 20:26:31.909 13343 13476 D EGL_emulation: app_time_stats: avg=593.75ms min=4.07ms max=5178.57ms count=9
09-23 20:26:31.913 13343 13343 V Console : Activity lifecycle :: STOPPED :: MainActivity
09-23 20:26:31.914 13343 13343 D LifecycleMonitor: Lifecycle status change: com.shareconnect.MainActivity@3335b0a in: STOPPED
09-23 20:26:31.914 13343 13343 V ActivityScenario: Update currentActivityStage to STOPPED, currentActivity=com.shareconnect.MainActivity@3335b0a
09-23 20:26:31.914 13343 13343 V Console : Activity lifecycle :: POST-STOPPED :: MainActivity
09-23 20:26:31.917 13343 13343 V Console : Activity lifecycle :: PRE-DESTROYED :: MainActivity
09-23 20:26:31.918 13343 13343 V Console : Activity lifecycle :: DESTROYED :: MainActivity
09-23 20:26:31.919 13343 13343 D LifecycleMonitor: Lifecycle status change: com.shareconnect.MainActivity@3335b0a in: DESTROYED
09-23 20:26:31.919 13343 13343 V ActivityScenario: Update currentActivityStage to DESTROYED, currentActivity=null
09-23 20:26:31.924   488  1121 W InputManager-JNI: Input channel object '8cf667d com.shareconnect/com.shareconnect.MainActivity (client)' was disposed without first being removed with the input manager!
09-23 20:26:31.938 11811 11811 I GoogleInputMethodService: GoogleInputMethodService.onFinishInput():3227
09-23 20:26:31.942 11811 11811 I GoogleInputMethodService: GoogleInputMethodService.updateDeviceLockedStatus():2087 repeatCheckTimes = 0, unlocked = true
09-23 20:26:31.942 11811 11811 I GoogleInputMethodService: GoogleInputMethodService.onStartInput():1877 onStartInput(EditorInfo{inputType=0x0(NULL) imeOptions=0x0 privateImeOptions=null actionName=UNSPECIFIED actionLabel=null actionId=0 initialSelStart=-1 initialSelEnd=-1 initialCapsMode=0x0 hintText=null label=null packageName=com.shareconnect fieldId=-1 fieldName=null extras=null}, false)
09-23 20:26:31.942 11811 11811 I GoogleInputMethodService: GoogleInputMethodService.shouldHideHeaderOnInitialState():4008 ShouldHideHeaderOnInitialState = false
09-23 20:26:31.945 11811 11811 I GoogleInputMethodService: GoogleInputMethodService.updateDeviceLockedStatus():2087 repeatCheckTimes = 2, unlocked = true
09-23 20:26:31.946 13343 13461 I TestRunner: finished: testStateDescriptions(com.shareconnect.automation.AccessibilityAutomationTest)
