09-23 20:27:26.125 13343 13358 D StrictMode: 	at com.shareconnect.HistoryActivity.onCreate(HistoryActivity.kt:50)
09-23 20:27:26.125 13343 13358 D StrictMode: 	at android.app.Activity.performCreate(Activity.java:8342)
09-23 20:27:26.125 13343 13358 D StrictMode: 	at android.app.Activity.performCreate(Activity.java:8321)
09-23 20:27:26.125 13343 13358 D StrictMode: 	at android.app.Instrumentation.callActivityOnCreate(Instrumentation.java:1417)
09-23 20:27:26.125 13343 13358 D StrictMode: 	at androidx.test.runner.MonitoringInstrumentation.callActivityOnCreate(MonitoringInstrumentation.java:766)
09-23 20:27:26.125 13343 13358 D StrictMode: 	at android.app.ActivityThread.performLaunchActivity(ActivityThread.java:3626)
09-23 20:27:26.125 13343 13358 D StrictMode: 	at android.app.ActivityThread.handleLaunchActivity(ActivityThread.java:3782)
09-23 20:27:26.125 13343 13358 D StrictMode: 	at android.app.servertransaction.LaunchActivityItem.execute(LaunchActivityItem.java:101)
09-23 20:27:26.125 13343 13358 D StrictMode: 	at android.app.servertransaction.TransactionExecutor.executeCallbacks(TransactionExecutor.java:138)
09-23 20:27:26.125 13343 13358 D StrictMode: 	at android.app.servertransaction.TransactionExecutor.execute(TransactionExecutor.java:95)
09-23 20:27:26.125 13343 13358 D StrictMode: 	at android.app.ActivityThread$H.handleMessage(ActivityThread.java:2307)
09-23 20:27:26.125 13343 13358 D StrictMode: 	at android.os.Handler.dispatchMessage(Handler.java:106)
09-23 20:27:26.125 13343 13358 D StrictMode: 	at androidx.test.espresso.base.Interrogator.loopAndInterrogate(Interrogator.java:14)
09-23 20:27:26.125 13343 13358 D StrictMode: 	at androidx.test.espresso.base.UiControllerImpl.loopUntil(UiControllerImpl.java:8)
09-23 20:27:26.125 13343 13358 D StrictMode: 	at androidx.test.espresso.base.UiControllerImpl.loopUntil(UiControllerImpl.java:1)
09-23 20:27:26.125 13343 13358 D StrictMode: 	at androidx.test.espresso.base.UiControllerImpl.injectMotionEvent(UiControllerImpl.java:5)
09-23 20:27:26.125 13343 13358 D StrictMode: 	at androidx.test.espresso.action.MotionEvents.sendUp(MotionEvents.java:7)
09-23 20:27:26.125 13343 13358 D StrictMode: 	at androidx.test.espresso.action.MotionEvents.sendUp(MotionEvents.java:1)
09-23 20:27:26.125 13343 13358 D StrictMode: 	at androidx.test.espresso.action.Tap.sendSingleTap(Tap.java:5)
09-23 20:27:26.125 13343 13358 D StrictMode: 	at androidx.test.espresso.action.Tap.-$$Nest$smsendSingleTap(Unknown Source:0)
09-23 20:27:26.125 13343 13358 D StrictMode: 	at androidx.test.espresso.action.Tap$1.sendTap(Tap.java:3)
09-23 20:27:26.125 13343 13358 D StrictMode: 	at androidx.test.espresso.action.GeneralClickAction.perform(GeneralClickAction.java:6)
09-23 20:27:26.125 13343 13358 D StrictMode: 	at androidx.test.espresso.ViewInteraction$SingleExecutionViewAction.perform(ViewInteraction.java:2)
09-23 20:27:26.125 13343 13358 D StrictMode: 	at androidx.test.espresso.ViewInteraction.doPerform(ViewInteraction.java:25)
09-23 20:27:26.125 13343 13358 D StrictMode: 	at androidx.test.espresso.ViewInteraction.-$$Nest$mdoPerform(Unknown Source:0)
09-23 20:27:26.125 13343 13358 D StrictMode: 	at androidx.test.espresso.ViewInteraction$1.call(ViewInteraction.java:7)
09-23 20:27:26.125 13343 13358 D StrictMode: 	at androidx.test.espresso.ViewInteraction$1.call(ViewInteraction.java:1)
09-23 20:27:26.125 13343 13358 D StrictMode: 	at java.util.concurrent.FutureTask.run(FutureTask.java:264)
09-23 20:27:26.125 13343 13358 D StrictMode: 	at android.os.Handler.handleCallback(Handler.java:942)
09-23 20:27:26.125 13343 13358 D StrictMode: 	at android.os.Handler.dispatchMessage(Handler.java:99)
09-23 20:27:26.125 13343 13358 D StrictMode: 	at android.os.Looper.loopOnce(Looper.java:201)
09-23 20:27:26.125 13343 13358 D StrictMode: 	at android.os.Looper.loop(Looper.java:288)
09-23 20:27:26.125 13343 13358 D StrictMode: 	at android.app.ActivityThread.main(ActivityThread.java:7924)
09-23 20:27:26.125 13343 13358 D StrictMode: 	at java.lang.reflect.Method.invoke(Native Method)
09-23 20:27:26.125 13343 13358 D StrictMode: 	at com.android.internal.os.RuntimeInit$MethodAndArgsCaller.run(RuntimeInit.java:548)
09-23 20:27:26.125 13343 13358 D StrictMode: 	at com.android.internal.os.ZygoteInit.main(ZygoteInit.java:936)
09-23 20:27:26.127 13343 13343 V Console : Activity lifecycle :: PRE-STOPPED :: MainActivity
09-23 20:27:26.127 13343 13343 V Console : Activity lifecycle :: STOPPED :: MainActivity
09-23 20:27:26.127 13343 13343 D LifecycleMonitor: Lifecycle status change: com.shareconnect.MainActivity@b506999 in: STOPPED
09-23 20:27:26.127 13343 13343 V ActivityScenario: Update currentActivityStage to STOPPED, currentActivity=com.shareconnect.MainActivity@b506999
09-23 20:27:26.127 13343 13343 V Console : Activity lifecycle :: POST-STOPPED :: MainActivity
09-23 20:27:26.660 13343 13343 V Console : Activity lifecycle :: PRE-PAUSED :: HistoryActivity
09-23 20:27:26.660 13343 13343 D Console : Activity lifecycle :: Top activity: HistoryActivity
09-23 20:27:26.660 13343 13343 D FirebaseSessions: App backgrounded on com.shareconnect
09-23 20:27:26.662 13343 13343 V Console : Activity lifecycle :: PAUSED :: HistoryActivity
09-23 20:27:26.663 13343 13343 V Console : Foreground activity counter :: AtomicIntWrapper :: 12312792 :: 227589169 :: Decremented to: 0
09-23 20:27:26.663 13343 13343 D LifecycleMonitor: Lifecycle status change: com.shareconnect.HistoryActivity@48873d9 in: PAUSED
09-23 20:27:26.663 13343 13343 V ActivityScenario: Activity lifecycle changed event received but ignored because the intent does not match. startActivityIntent=Intent { act=android.intent.action.MAIN cat=[android.intent.category.LAUNCHER] flg=0x10008000 cmp=com.shareconnect/.MainActivity }, activity.getIntent()=Intent { cmp=com.shareconnect/.HistoryActivity }, activity=com.shareconnect.HistoryActivity@48873d9
09-23 20:27:26.666 13343 13343 D LifecycleMonitor: Lifecycle status change: com.shareconnect.MainActivity@b506999 in: RESTARTED
09-23 20:27:26.666 13343 13343 V ActivityScenario: Update currentActivityStage to RESTARTED, currentActivity=com.shareconnect.MainActivity@b506999
09-23 20:27:26.667 13343 13343 D LifecycleMonitor: Lifecycle status change: com.shareconnect.MainActivity@b506999 in: STARTED
09-23 20:27:26.667 13343 13343 V ActivityScenario: Update currentActivityStage to STARTED, currentActivity=com.shareconnect.MainActivity@b506999
09-23 20:27:26.668 13343 13343 D FirebaseSessions: App foregrounded on com.shareconnect
09-23 20:27:26.672 13343 13343 V Console : Activity lifecycle :: RESUMED :: MainActivity
09-23 20:27:26.672 13343 13343 V Console : Foreground activity counter :: AtomicIntWrapper :: 12312792 :: 227589169 :: Value of: 0
09-23 20:27:26.672 13343 13343 I Console : Activity lifecycle :: Main state :: Foreground
09-23 20:27:26.672 13343 13343 V Console : Foreground activity counter :: AtomicIntWrapper :: 12312792 :: 227589169 :: Incremented to: 1
09-23 20:27:26.672 13343 13343 D Console : hasThemeChanged() returned: false
09-23 20:27:26.672 13343 13343 D Console : onResume() called, themeChanged: false
09-23 20:27:26.672 13343 13343 D LifecycleMonitor: Lifecycle status change: com.shareconnect.MainActivity@b506999 in: RESUMED
09-23 20:27:26.673 13343 13343 V ActivityScenario: Update currentActivityStage to RESUMED, currentActivity=com.shareconnect.MainActivity@b506999
09-23 20:27:26.673 13343 13343 V Console : Activity lifecycle :: POST-RESUMED :: MainActivity
09-23 20:27:26.679 13343 13476 E OpenGLRenderer: Unable to match the desired swap behavior.
09-23 20:27:26.706 13343 13476 D EGL_emulation: app_time_stats: avg=82.51ms min=10.73ms max=847.25ms count=13
09-23 20:27:26.713   488 13626 W Parcel  : Expecting binder but got null!
09-23 20:27:26.714 11811 11811 I GoogleInputMethodService: GoogleInputMethodService.onFinishInput():3227
09-23 20:27:26.714 11811 11811 I GoogleInputMethodService: GoogleInputMethodService.updateDeviceLockedStatus():2087 repeatCheckTimes = 0, unlocked = true
09-23 20:27:26.714 11811 11811 I GoogleInputMethodService: GoogleInputMethodService.onStartInput():1877 onStartInput(EditorInfo{inputType=0x0(NULL) imeOptions=0x0 privateImeOptions=null actionName=UNSPECIFIED actionLabel=null actionId=0 initialSelStart=-1 initialSelEnd=-1 initialCapsMode=0x0 hintText=null label=null packageName=com.shareconnect fieldId=-1 fieldName=null extras=null}, false)
09-23 20:27:26.714 11811 11811 I GoogleInputMethodService: GoogleInputMethodService.shouldHideHeaderOnInitialState():4008 ShouldHideHeaderOnInitialState = false
09-23 20:27:26.714 11811 11811 I GoogleInputMethodService: GoogleInputMethodService.updateDeviceLockedStatus():2087 repeatCheckTimes = 2, unlocked = true
09-23 20:27:26.716   488 13626 W Parcel  : Expecting binder but got null!
09-23 20:27:26.765   488   497 I system_server: NativeAlloc concurrent copying GC freed 151227(5381KB) AllocSpace objects, 0(0B) LOS objects, 46% free, 28MB/52MB, paused 23us,34us total 102.869ms
09-23 20:27:26.770   488   499 W System  : A resource failed to call HardwareBuffer.close.
09-23 20:27:26.770   488   499 W System  : A resource failed to call HardwareBuffer.close.
09-23 20:27:26.770   488   499 W System  : A resource failed to call HardwareBuffer.close.
09-23 20:27:26.770   488   499 W System  : A resource failed to call HardwareBuffer.close.
09-23 20:27:26.771   488   499 W System  : A resource failed to call HardwareBuffer.close.
09-23 20:27:26.771   488   499 W System  : A resource failed to call HardwareBuffer.close.
09-23 20:27:26.771   488   499 W System  : A resource failed to call HardwareBuffer.close.
09-23 20:27:26.771   488   499 W System  : A resource failed to call HardwareBuffer.close.
09-23 20:27:26.772   488   499 W System  : A resource failed to call HardwareBuffer.close.
09-23 20:27:26.772   488   499 W System  : A resource failed to call HardwareBuffer.close.
09-23 20:27:26.772   488   499 W System  : A resource failed to call HardwareBuffer.close.
09-23 20:27:26.772   488   499 W System  : A resource failed to call HardwareBuffer.close.
09-23 20:27:26.773   488   499 W System  : A resource failed to call HardwareBuffer.close.
09-23 20:27:26.773   488   499 W System  : A resource failed to call HardwareBuffer.close.
09-23 20:27:26.773   488   499 W System  : A resource failed to call HardwareBuffer.close.
09-23 20:27:26.773   488   499 W System  : A resource failed to call HardwareBuffer.close.
09-23 20:27:26.773   488   499 W System  : A resource failed to call HardwareBuffer.close.
09-23 20:27:26.774   488   499 W System  : A resource failed to call HardwareBuffer.close.
09-23 20:27:26.774   488   499 W System  : A resource failed to call HardwareBuffer.close.
09-23 20:27:26.778   488   499 W System  : A resource failed to call HardwareBuffer.close.
09-23 20:27:26.778   488   499 W System  : A resource failed to call HardwareBuffer.close.
09-23 20:27:26.778   488   499 W System  : A resource failed to call HardwareBuffer.close.
09-23 20:27:27.165 13343 13771 V Console : Foreground activity counter :: AtomicIntWrapper :: 12312792 :: 227589169 :: Value of: 1
09-23 20:27:27.177 13343 13343 V Console : Activity lifecycle :: PRE-STOPPED :: HistoryActivity
09-23 20:27:27.177 13343 13343 V Console : Activity lifecycle :: STOPPED :: HistoryActivity
09-23 20:27:27.177 13343 13343 D LifecycleMonitor: Lifecycle status change: com.shareconnect.HistoryActivity@48873d9 in: STOPPED
09-23 20:27:27.178 13343 13343 V ActivityScenario: Activity lifecycle changed event received but ignored because the intent does not match. startActivityIntent=Intent { act=android.intent.action.MAIN cat=[android.intent.category.LAUNCHER] flg=0x10008000 cmp=com.shareconnect/.MainActivity }, activity.getIntent()=Intent { cmp=com.shareconnect/.HistoryActivity }, activity=com.shareconnect.HistoryActivity@48873d9
09-23 20:27:27.178 13343 13343 V Console : Activity lifecycle :: POST-STOPPED :: HistoryActivity
09-23 20:27:27.178 13343 13343 V Console : Activity lifecycle :: PRE-DESTROYED :: HistoryActivity
09-23 20:27:27.178 13343 13343 V Console : Activity lifecycle :: DESTROYED :: HistoryActivity
09-23 20:27:27.179 13343 13343 D LifecycleMonitor: Lifecycle status change: com.shareconnect.HistoryActivity@48873d9 in: DESTROYED
09-23 20:27:27.179 13343 13343 V ActivityScenario: Activity lifecycle changed event received but ignored because the intent does not match. startActivityIntent=Intent { act=android.intent.action.MAIN cat=[android.intent.category.LAUNCHER] flg=0x10008000 cmp=com.shareconnect/.MainActivity }, activity.getIntent()=Intent { cmp=com.shareconnect/.HistoryActivity }, activity=com.shareconnect.HistoryActivity@48873d9
09-23 20:27:27.181   488  1752 W InputManager-JNI: Input channel object '91254c5 com.shareconnect/com.shareconnect.HistoryActivity (client)' was disposed without first being removed with the input manager!
09-23 20:27:27.209 13343 13343 I ViewInteraction: Performing 'scroll to' action on view view.getId() is <2131230859/com.shareconnect:id/buttonSettings>
09-23 20:27:27.209 13343 13343 I ScrollToAction: View is already displayed. Returning.
09-23 20:27:27.210 13343 13343 I ViewInteraction: Checking 'MatchesViewAssertion{viewMatcher=(view has effective visibility <VISIBLE> and view.getGlobalVisibleRect() to return non-empty rectangle)}' assertion on view view.getId() is <2131230859/com.shareconnect:id/buttonSettings>
09-23 20:27:27.211 13343 13343 I ViewInteraction: Performing 'scroll to' action on view view.getId() is <2131230859/com.shareconnect:id/buttonSettings>
09-23 20:27:27.211 13343 13343 I ScrollToAction: View is already displayed. Returning.
09-23 20:27:27.212 13343 13343 I ViewInteraction: Performing 'single click' action on view view.getId() is <2131230859/com.shareconnect:id/buttonSettings>
09-23 20:27:27.274 13343 13343 V Console : Activity lifecycle :: PRE-PAUSED :: MainActivity
09-23 20:27:27.274 13343 13343 D Console : Activity lifecycle :: Top activity: MainActivity
09-23 20:27:27.275 13343 13343 D FirebaseSessions: App backgrounded on com.shareconnect
09-23 20:27:27.276 13343 13343 V Console : Activity lifecycle :: PAUSED :: MainActivity
09-23 20:27:27.276 13343 13343 V Console : Foreground activity counter :: AtomicIntWrapper :: 12312792 :: 227589169 :: Decremented to: 0
09-23 20:27:27.276 13343 13343 D LifecycleMonitor: Lifecycle status change: com.shareconnect.MainActivity@b506999 in: PAUSED
09-23 20:27:27.276 13343 13343 V ActivityScenario: Update currentActivityStage to PAUSED, currentActivity=com.shareconnect.MainActivity@b506999
09-23 20:27:27.281 13343 13343 D LifecycleMonitor: Lifecycle status change: com.shareconnect.SettingsActivity@99fc49 in: PRE_ON_CREATE
09-23 20:27:27.281 13343 13343 V ActivityScenario: Activity lifecycle changed event received but ignored because the intent does not match. startActivityIntent=Intent { act=android.intent.action.MAIN cat=[android.intent.category.LAUNCHER] flg=0x10008000 cmp=com.shareconnect/.MainActivity }, activity.getIntent()=Intent { cmp=com.shareconnect/.SettingsActivity }, activity=com.shareconnect.SettingsActivity@99fc49
09-23 20:27:27.282 13343 13343 D Console : getDefaultTheme() returned: Warm Orange Light (ID: 1, isDefault: true)
09-23 20:27:27.282 13343 13343 D Console : getDefaultTheme() returned: Warm Orange Light (ID: 1, isDefault: true)
09-23 20:27:27.282 13343 13343 D Console : Applying theme: Warm Orange Light, colorScheme: warm_orange, isDarkMode: false, currentTheme: WARM_ORANGE_LIGHT
09-23 20:27:27.282 13343 13343 D Console : Activity SettingsActivity usesToolbar: true
09-23 20:27:27.282 13343 13343 D Console : Setting night mode to NO
09-23 20:27:27.287 13343 13343 D LifecycleMonitor: Lifecycle status change: com.shareconnect.SettingsActivity@99fc49 in: CREATED
09-23 20:27:27.287 13343 13343 V ActivityScenario: Activity lifecycle changed event received but ignored because the intent does not match. startActivityIntent=Intent { act=android.intent.action.MAIN cat=[android.intent.category.LAUNCHER] flg=0x10008000 cmp=com.shareconnect/.MainActivity }, activity.getIntent()=Intent { cmp=com.shareconnect/.SettingsActivity }, activity=com.shareconnect.SettingsActivity@99fc49
09-23 20:27:27.290 13343 13343 D LifecycleMonitor: Lifecycle status change: com.shareconnect.SettingsActivity@99fc49 in: STARTED
09-23 20:27:27.290 13343 13343 V ActivityScenario: Activity lifecycle changed event received but ignored because the intent does not match. startActivityIntent=Intent { act=android.intent.action.MAIN cat=[android.intent.category.LAUNCHER] flg=0x10008000 cmp=com.shareconnect/.MainActivity }, activity.getIntent()=Intent { cmp=com.shareconnect/.SettingsActivity }, activity=com.shareconnect.SettingsActivity@99fc49
09-23 20:27:27.291 13343 13343 D FirebaseSessions: App foregrounded on com.shareconnect
09-23 20:27:27.293 13343 13343 V Console : Activity lifecycle :: RESUMED :: SettingsActivity
09-23 20:27:27.293 13343 13343 V Console : Foreground activity counter :: AtomicIntWrapper :: 12312792 :: 227589169 :: Value of: 0
09-23 20:27:27.293 13343 13343 I Console : Activity lifecycle :: Main state :: Foreground
09-23 20:27:27.293 13343 13343 V Console : Foreground activity counter :: AtomicIntWrapper :: 12312792 :: 227589169 :: Incremented to: 1
09-23 20:27:27.293 13343 13343 D LifecycleMonitor: Lifecycle status change: com.shareconnect.SettingsActivity@99fc49 in: RESUMED
09-23 20:27:27.294 13343 13343 V ActivityScenario: Activity lifecycle changed event received but ignored because the intent does not match. startActivityIntent=Intent { act=android.intent.action.MAIN cat=[android.intent.category.LAUNCHER] flg=0x10008000 cmp=com.shareconnect/.MainActivity }, activity.getIntent()=Intent { cmp=com.shareconnect/.SettingsActivity }, activity=com.shareconnect.SettingsActivity@99fc49
09-23 20:27:27.294 13343 13343 V Console : Activity lifecycle :: POST-RESUMED :: SettingsActivity
09-23 20:27:27.296 13343 13476 W Parcel  : Expecting binder but got null!
09-23 20:27:27.304 13343 13476 E OpenGLRenderer: Unable to match the desired swap behavior.
09-23 20:27:27.324   488   503 I ActivityTaskManager: Displayed com.shareconnect/.SettingsActivity: +66ms
09-23 20:27:27.345   488 13626 W Parcel  : Expecting binder but got null!
09-23 20:27:27.350   488 13626 W Parcel  : Expecting binder but got null!
09-23 20:27:27.426 11811 11811 I GoogleInputMethodService: GoogleInputMethodService.onFinishInput():3227
09-23 20:27:27.426 11811 11811 I GoogleInputMethodService: GoogleInputMethodService.updateDeviceLockedStatus():2087 repeatCheckTimes = 0, unlocked = true
09-23 20:27:27.426 11811 11811 I GoogleInputMethodService: GoogleInputMethodService.onStartInput():1877 onStartInput(EditorInfo{inputType=0x0(NULL) imeOptions=0x0 privateImeOptions=null actionName=UNSPECIFIED actionLabel=null actionId=0 initialSelStart=-1 initialSelEnd=-1 initialCapsMode=0x0 hintText=null label=null packageName=com.shareconnect fieldId=-1 fieldName=null extras=null}, false)
09-23 20:27:27.426 11811 11811 I GoogleInputMethodService: GoogleInputMethodService.shouldHideHeaderOnInitialState():4008 ShouldHideHeaderOnInitialState = false
09-23 20:27:27.427 11811 11811 I GoogleInputMethodService: GoogleInputMethodService.updateDeviceLockedStatus():2087 repeatCheckTimes = 2, unlocked = true
09-23 20:27:27.744 13343 13476 D EGL_emulation: app_time_stats: avg=27.72ms min=0.92ms max=419.14ms count=37
09-23 20:27:27.777 13343 13777 V Console : Foreground activity counter :: AtomicIntWrapper :: 12312792 :: 227589169 :: Value of: 1
09-23 20:27:27.825 13343 13476 D OpenGLRenderer: endAllActiveAnimators on 0xb400007b294449b0 (RippleDrawable) with handle 0xb400007a394cccf0
09-23 20:27:27.827 13343 13343 V Console : Activity lifecycle :: PRE-STOPPED :: MainActivity
09-23 20:27:27.828 13343 13343 V Console : Activity lifecycle :: STOPPED :: MainActivity
09-23 20:27:27.828 13343 13343 D LifecycleMonitor: Lifecycle status change: com.shareconnect.MainActivity@b506999 in: STOPPED
09-23 20:27:27.828 13343 13343 V ActivityScenario: Update currentActivityStage to STOPPED, currentActivity=com.shareconnect.MainActivity@b506999
09-23 20:27:27.828 13343 13343 V Console : Activity lifecycle :: POST-STOPPED :: MainActivity
09-23 20:27:28.352 13343 13343 V Console : Activity lifecycle :: PRE-PAUSED :: SettingsActivity
09-23 20:27:28.352 13343 13343 D Console : Activity lifecycle :: Top activity: SettingsActivity
09-23 20:27:28.353 13343 13343 D FirebaseSessions: App backgrounded on com.shareconnect
09-23 20:27:28.354 13343 13343 V Console : Activity lifecycle :: PAUSED :: SettingsActivity
09-23 20:27:28.356 13343 13343 V Console : Foreground activity counter :: AtomicIntWrapper :: 12312792 :: 227589169 :: Decremented to: 0
09-23 20:27:28.357 13343 13343 D LifecycleMonitor: Lifecycle status change: com.shareconnect.SettingsActivity@99fc49 in: PAUSED
09-23 20:27:28.357 13343 13343 V ActivityScenario: Activity lifecycle changed event received but ignored because the intent does not match. startActivityIntent=Intent { act=android.intent.action.MAIN cat=[android.intent.category.LAUNCHER] flg=0x10008000 cmp=com.shareconnect/.MainActivity }, activity.getIntent()=Intent { cmp=com.shareconnect/.SettingsActivity }, activity=com.shareconnect.SettingsActivity@99fc49
09-23 20:27:28.359 13343 13343 D LifecycleMonitor: Lifecycle status change: com.shareconnect.MainActivity@b506999 in: RESTARTED
09-23 20:27:28.360 13343 13343 V ActivityScenario: Update currentActivityStage to RESTARTED, currentActivity=com.shareconnect.MainActivity@b506999
09-23 20:27:28.361 13343 13343 D LifecycleMonitor: Lifecycle status change: com.shareconnect.MainActivity@b506999 in: STARTED
09-23 20:27:28.361 13343 13343 V ActivityScenario: Update currentActivityStage to STARTED, currentActivity=com.shareconnect.MainActivity@b506999
09-23 20:27:28.362 13343 13343 D FirebaseSessions: App foregrounded on com.shareconnect
09-23 20:27:28.366 13343 13343 V Console : Activity lifecycle :: RESUMED :: MainActivity
09-23 20:27:28.366 13343 13343 V Console : Foreground activity counter :: AtomicIntWrapper :: 12312792 :: 227589169 :: Value of: 0
09-23 20:27:28.366 13343 13343 I Console : Activity lifecycle :: Main state :: Foreground
09-23 20:27:28.367 13343 13343 V Console : Foreground activity counter :: AtomicIntWrapper :: 12312792 :: 227589169 :: Incremented to: 1
09-23 20:27:28.367 13343 13343 D Console : hasThemeChanged() returned: false
09-23 20:27:28.368 13343 13343 D Console : onResume() called, themeChanged: false
09-23 20:27:28.368 13343 13343 D LifecycleMonitor: Lifecycle status change: com.shareconnect.MainActivity@b506999 in: RESUMED
09-23 20:27:28.369 13343 13343 V ActivityScenario: Update currentActivityStage to RESUMED, currentActivity=com.shareconnect.MainActivity@b506999
09-23 20:27:28.369 13343 13343 V Console : Activity lifecycle :: POST-RESUMED :: MainActivity
09-23 20:27:28.379 13343 13476 E OpenGLRenderer: Unable to match the desired swap behavior.
09-23 20:27:28.409 13343 13476 D EGL_emulation: app_time_stats: avg=83.64ms min=7.50ms max=866.88ms count=13
09-23 20:27:28.413   488 13626 W Parcel  : Expecting binder but got null!
09-23 20:27:28.415   488 13626 W Parcel  : Expecting binder but got null!
09-23 20:27:28.426 11811 11811 I GoogleInputMethodService: GoogleInputMethodService.onFinishInput():3227
09-23 20:27:28.426 11811 11811 I GoogleInputMethodService: GoogleInputMethodService.updateDeviceLockedStatus():2087 repeatCheckTimes = 0, unlocked = true
09-23 20:27:28.426 11811 11811 I GoogleInputMethodService: GoogleInputMethodService.onStartInput():1877 onStartInput(EditorInfo{inputType=0x0(NULL) imeOptions=0x0 privateImeOptions=null actionName=UNSPECIFIED actionLabel=null actionId=0 initialSelStart=-1 initialSelEnd=-1 initialCapsMode=0x0 hintText=null label=null packageName=com.shareconnect fieldId=-1 fieldName=null extras=null}, false)
09-23 20:27:28.426 11811 11811 I GoogleInputMethodService: GoogleInputMethodService.shouldHideHeaderOnInitialState():4008 ShouldHideHeaderOnInitialState = false
09-23 20:27:28.426 11811 11811 I GoogleInputMethodService: GoogleInputMethodService.updateDeviceLockedStatus():2087 repeatCheckTimes = 2, unlocked = true
09-23 20:27:28.857 13343 13784 V Console : Foreground activity counter :: AtomicIntWrapper :: 12312792 :: 227589169 :: Value of: 1
09-23 20:27:28.877 13343 13343 V Console : Activity lifecycle :: PRE-STOPPED :: SettingsActivity
09-23 20:27:28.878 13343 13343 V Console : Activity lifecycle :: STOPPED :: SettingsActivity
09-23 20:27:28.879 13343 13343 D LifecycleMonitor: Lifecycle status change: com.shareconnect.SettingsActivity@99fc49 in: STOPPED
09-23 20:27:28.879 13343 13343 V ActivityScenario: Activity lifecycle changed event received but ignored because the intent does not match. startActivityIntent=Intent { act=android.intent.action.MAIN cat=[android.intent.category.LAUNCHER] flg=0x10008000 cmp=com.shareconnect/.MainActivity }, activity.getIntent()=Intent { cmp=com.shareconnect/.SettingsActivity }, activity=com.shareconnect.SettingsActivity@99fc49
09-23 20:27:28.879 13343 13343 V Console : Activity lifecycle :: POST-STOPPED :: SettingsActivity
09-23 20:27:28.880 13343 13343 V Console : Activity lifecycle :: PRE-DESTROYED :: SettingsActivity
09-23 20:27:28.880 13343 13343 V Console : Activity lifecycle :: DESTROYED :: SettingsActivity
09-23 20:27:28.882 13343 13343 D LifecycleMonitor: Lifecycle status change: com.shareconnect.SettingsActivity@99fc49 in: DESTROYED
09-23 20:27:28.882 13343 13343 V ActivityScenario: Activity lifecycle changed event received but ignored because the intent does not match. startActivityIntent=Intent { act=android.intent.action.MAIN cat=[android.intent.category.LAUNCHER] flg=0x10008000 cmp=com.shareconnect/.MainActivity }, activity.getIntent()=Intent { cmp=com.shareconnect/.SettingsActivity }, activity=com.shareconnect.SettingsActivity@99fc49
09-23 20:27:28.883   488  3569 W InputManager-JNI: Input channel object '45c10ef com.shareconnect/com.shareconnect.SettingsActivity (client)' was disposed without first being removed with the input manager!
09-23 20:27:28.909 13343 13343 I ViewInteraction: Performing 'scroll to' action on view view.getId() is <2131230851/com.shareconnect:id/buttonHistory>
09-23 20:27:28.909 13343 13343 I ScrollToAction: View is already displayed. Returning.
09-23 20:27:28.910 13343 13343 I ViewInteraction: Performing 'single click' action on view view.getId() is <2131230851/com.shareconnect:id/buttonHistory>
09-23 20:27:28.977 13343 13343 V Console : Activity lifecycle :: PRE-PAUSED :: MainActivity
09-23 20:27:28.977 13343 13343 D Console : Activity lifecycle :: Top activity: MainActivity
09-23 20:27:28.978 13343 13343 D FirebaseSessions: App backgrounded on com.shareconnect
09-23 20:27:28.979 13343 13343 V Console : Activity lifecycle :: PAUSED :: MainActivity
09-23 20:27:28.980 13343 13343 V Console : Foreground activity counter :: AtomicIntWrapper :: 12312792 :: 227589169 :: Decremented to: 0
09-23 20:27:28.980 13343 13343 D LifecycleMonitor: Lifecycle status change: com.shareconnect.MainActivity@b506999 in: PAUSED
09-23 20:27:28.980 13343 13343 V ActivityScenario: Update currentActivityStage to PAUSED, currentActivity=com.shareconnect.MainActivity@b506999
09-23 20:27:28.987 13343 13343 D LifecycleMonitor: Lifecycle status change: com.shareconnect.HistoryActivity@eef023e in: PRE_ON_CREATE
09-23 20:27:28.987 13343 13343 V ActivityScenario: Activity lifecycle changed event received but ignored because the intent does not match. startActivityIntent=Intent { act=android.intent.action.MAIN cat=[android.intent.category.LAUNCHER] flg=0x10008000 cmp=com.shareconnect/.MainActivity }, activity.getIntent()=Intent { cmp=com.shareconnect/.HistoryActivity }, activity=com.shareconnect.HistoryActivity@eef023e
09-23 20:27:28.988 13343 13343 D Console : getDefaultTheme() returned: Warm Orange Light (ID: 1, isDefault: true)
09-23 20:27:28.988 13343 13343 D Console : getDefaultTheme() returned: Warm Orange Light (ID: 1, isDefault: true)
09-23 20:27:28.988 13343 13343 D Console : Applying theme: Warm Orange Light, colorScheme: warm_orange, isDarkMode: false, currentTheme: WARM_ORANGE_LIGHT
09-23 20:27:28.988 13343 13343 D Console : Activity HistoryActivity usesToolbar: true
09-23 20:27:28.988 13343 13343 D Console : Setting night mode to NO
09-23 20:27:29.010 13343 13343 D LifecycleMonitor: Lifecycle status change: com.shareconnect.HistoryActivity@eef023e in: CREATED
09-23 20:27:29.010 13343 13343 V ActivityScenario: Activity lifecycle changed event received but ignored because the intent does not match. startActivityIntent=Intent { act=android.intent.action.MAIN cat=[android.intent.category.LAUNCHER] flg=0x10008000 cmp=com.shareconnect/.MainActivity }, activity.getIntent()=Intent { cmp=com.shareconnect/.HistoryActivity }, activity=com.shareconnect.HistoryActivity@eef023e
09-23 20:27:29.011 13343 13343 D LifecycleMonitor: Lifecycle status change: com.shareconnect.HistoryActivity@eef023e in: STARTED
09-23 20:27:29.011 13343 13343 V ActivityScenario: Activity lifecycle changed event received but ignored because the intent does not match. startActivityIntent=Intent { act=android.intent.action.MAIN cat=[android.intent.category.LAUNCHER] flg=0x10008000 cmp=com.shareconnect/.MainActivity }, activity.getIntent()=Intent { cmp=com.shareconnect/.HistoryActivity }, activity=com.shareconnect.HistoryActivity@eef023e
09-23 20:27:29.012 13343 13343 D FirebaseSessions: App foregrounded on com.shareconnect
09-23 20:27:29.013 13343 13343 V Console : Activity lifecycle :: RESUMED :: HistoryActivity
09-23 20:27:29.014 13343 13343 V Console : Foreground activity counter :: AtomicIntWrapper :: 12312792 :: 227589169 :: Value of: 0
09-23 20:27:29.014 13343 13343 I Console : Activity lifecycle :: Main state :: Foreground
09-23 20:27:29.014 13343 13343 V Console : Foreground activity counter :: AtomicIntWrapper :: 12312792 :: 227589169 :: Incremented to: 1
09-23 20:27:29.014 13343 13343 D Console : hasThemeChanged() returned: false
09-23 20:27:29.015 13343 13343 D LifecycleMonitor: Lifecycle status change: com.shareconnect.HistoryActivity@eef023e in: RESUMED
09-23 20:27:29.015 13343 13343 V ActivityScenario: Activity lifecycle changed event received but ignored because the intent does not match. startActivityIntent=Intent { act=android.intent.action.MAIN cat=[android.intent.category.LAUNCHER] flg=0x10008000 cmp=com.shareconnect/.MainActivity }, activity.getIntent()=Intent { cmp=com.shareconnect/.HistoryActivity }, activity=com.shareconnect.HistoryActivity@eef023e
09-23 20:27:29.016 13343 13343 V Console : Activity lifecycle :: POST-RESUMED :: HistoryActivity
09-23 20:27:29.018 13343 13476 W Parcel  : Expecting binder but got null!
09-23 20:27:29.034 13343 13476 E OpenGLRenderer: Unable to match the desired swap behavior.
09-23 20:27:29.049   488   503 I ActivityTaskManager: Displayed com.shareconnect/.HistoryActivity: +90ms
09-23 20:27:29.063   488 13626 W Parcel  : Expecting binder but got null!
09-23 20:27:29.067   488 13626 W Parcel  : Expecting binder but got null!
09-23 20:27:29.148 11811 11811 I GoogleInputMethodService: GoogleInputMethodService.onFinishInput():3227
09-23 20:27:29.148 11811 11811 I GoogleInputMethodService: GoogleInputMethodService.updateDeviceLockedStatus():2087 repeatCheckTimes = 0, unlocked = true
09-23 20:27:29.148 11811 11811 I GoogleInputMethodService: GoogleInputMethodService.onStartInput():1877 onStartInput(EditorInfo{inputType=0x0(NULL) imeOptions=0x0 privateImeOptions=null actionName=UNSPECIFIED actionLabel=null actionId=0 initialSelStart=-1 initialSelEnd=-1 initialCapsMode=0x0 hintText=null label=null packageName=com.shareconnect fieldId=-1 fieldName=null extras=null}, false)
09-23 20:27:29.148 11811 11811 I GoogleInputMethodService: GoogleInputMethodService.shouldHideHeaderOnInitialState():4008 ShouldHideHeaderOnInitialState = false
09-23 20:27:29.149 11811 11811 I GoogleInputMethodService: GoogleInputMethodService.updateDeviceLockedStatus():2087 repeatCheckTimes = 2, unlocked = true
09-23 20:27:29.460 13343 13476 D EGL_emulation: app_time_stats: avg=28.96ms min=12.51ms max=418.60ms count=37
09-23 20:27:29.481 13343 13789 V Console : Foreground activity counter :: AtomicIntWrapper :: 12312792 :: 227589169 :: Value of: 1
09-23 20:27:29.525 13343 13476 D OpenGLRenderer: endAllActiveAnimators on 0xb400007b294476c0 (RippleDrawable) with handle 0xb400007a394bacf0
09-23 20:27:29.528 13343 13343 V Console : Activity lifecycle :: PRE-STOPPED :: MainActivity
09-23 20:27:29.529 13343 13343 V Console : Activity lifecycle :: STOPPED :: MainActivity
09-23 20:27:29.529 13343 13343 D LifecycleMonitor: Lifecycle status change: com.shareconnect.MainActivity@b506999 in: STOPPED
09-23 20:27:29.529 13343 13343 V ActivityScenario: Update currentActivityStage to STOPPED, currentActivity=com.shareconnect.MainActivity@b506999
09-23 20:27:29.530 13343 13343 V Console : Activity lifecycle :: POST-STOPPED :: MainActivity
09-23 20:27:30.059 13343 13343 V Console : Activity lifecycle :: PRE-PAUSED :: HistoryActivity
09-23 20:27:30.060 13343 13343 D Console : Activity lifecycle :: Top activity: HistoryActivity
09-23 20:27:30.060 13343 13343 D FirebaseSessions: App backgrounded on com.shareconnect
09-23 20:27:30.065 13343 13343 V Console : Activity lifecycle :: PAUSED :: HistoryActivity
09-23 20:27:30.066 13343 13343 V Console : Foreground activity counter :: AtomicIntWrapper :: 12312792 :: 227589169 :: Decremented to: 0
09-23 20:27:30.066 13343 13343 D LifecycleMonitor: Lifecycle status change: com.shareconnect.HistoryActivity@eef023e in: PAUSED
09-23 20:27:30.066 13343 13343 V ActivityScenario: Activity lifecycle changed event received but ignored because the intent does not match. startActivityIntent=Intent { act=android.intent.action.MAIN cat=[android.intent.category.LAUNCHER] flg=0x10008000 cmp=com.shareconnect/.MainActivity }, activity.getIntent()=Intent { cmp=com.shareconnect/.HistoryActivity }, activity=com.shareconnect.HistoryActivity@eef023e
09-23 20:27:30.076 13343 13343 D LifecycleMonitor: Lifecycle status change: com.shareconnect.MainActivity@b506999 in: RESTARTED
09-23 20:27:30.076 13343 13343 V ActivityScenario: Update currentActivityStage to RESTARTED, currentActivity=com.shareconnect.MainActivity@b506999
09-23 20:27:30.077 13343 13343 D LifecycleMonitor: Lifecycle status change: com.shareconnect.MainActivity@b506999 in: STARTED
09-23 20:27:30.077 13343 13343 V ActivityScenario: Update currentActivityStage to STARTED, currentActivity=com.shareconnect.MainActivity@b506999
09-23 20:27:30.078 13343 13343 D FirebaseSessions: App foregrounded on com.shareconnect
09-23 20:27:30.080 13343 13343 V Console : Activity lifecycle :: RESUMED :: MainActivity
09-23 20:27:30.080 13343 13343 V Console : Foreground activity counter :: AtomicIntWrapper :: 12312792 :: 227589169 :: Value of: 0
09-23 20:27:30.080 13343 13343 I Console : Activity lifecycle :: Main state :: Foreground
09-23 20:27:30.080 13343 13343 V Console : Foreground activity counter :: AtomicIntWrapper :: 12312792 :: 227589169 :: Incremented to: 1
09-23 20:27:30.081 13343 13343 D Console : hasThemeChanged() returned: false
09-23 20:27:30.081 13343 13343 D Console : onResume() called, themeChanged: false
09-23 20:27:30.081 13343 13343 D LifecycleMonitor: Lifecycle status change: com.shareconnect.MainActivity@b506999 in: RESUMED
09-23 20:27:30.081 13343 13343 V ActivityScenario: Update currentActivityStage to RESUMED, currentActivity=com.shareconnect.MainActivity@b506999
09-23 20:27:30.082 13343 13343 V Console : Activity lifecycle :: POST-RESUMED :: MainActivity
09-23 20:27:30.096 13343 13476 E OpenGLRenderer: Unable to match the desired swap behavior.
09-23 20:27:30.132   488 13626 W Parcel  : Expecting binder but got null!
09-23 20:27:30.135 13343 13476 D EGL_emulation: app_time_stats: avg=73.05ms min=1.04ms max=877.86ms count=14
09-23 20:27:30.136 11811 11811 I GoogleInputMethodService: GoogleInputMethodService.onFinishInput():3227
09-23 20:27:30.136 11811 11811 I GoogleInputMethodService: GoogleInputMethodService.updateDeviceLockedStatus():2087 repeatCheckTimes = 0, unlocked = true
09-23 20:27:30.136 11811 11811 I GoogleInputMethodService: GoogleInputMethodService.onStartInput():1877 onStartInput(EditorInfo{inputType=0x0(NULL) imeOptions=0x0 privateImeOptions=null actionName=UNSPECIFIED actionLabel=null actionId=0 initialSelStart=-1 initialSelEnd=-1 initialCapsMode=0x0 hintText=null label=null packageName=com.shareconnect fieldId=-1 fieldName=null extras=null}, false)
09-23 20:27:30.136 11811 11811 I GoogleInputMethodService: GoogleInputMethodService.shouldHideHeaderOnInitialState():4008 ShouldHideHeaderOnInitialState = false
09-23 20:27:30.137 11811 11811 I GoogleInputMethodService: GoogleInputMethodService.updateDeviceLockedStatus():2087 repeatCheckTimes = 2, unlocked = true
09-23 20:27:30.151   488 13626 W Parcel  : Expecting binder but got null!
09-23 20:27:30.166 13343 13343 I ViewInteraction: Performing 'scroll to' action on view view.getId() is <2131230859/com.shareconnect:id/buttonSettings>
09-23 20:27:30.167 13343 13343 I ScrollToAction: View is already displayed. Returning.
09-23 20:27:30.170 13343 13343 I ViewInteraction: Checking 'MatchesViewAssertion{viewMatcher=(view has effective visibility <VISIBLE> and view.getGlobalVisibleRect() to return non-empty rectangle)}' assertion on view view.getId() is <2131230859/com.shareconnect:id/buttonSettings>
09-23 20:27:30.181   779   799 I ndroid.systemui: NativeAlloc concurrent copying GC freed 20818(976KB) AllocSpace objects, 1(20KB) LOS objects, 50% free, 16MB/32MB, paused 83us,11us total 126.582ms
09-23 20:27:30.184 13343 13343 V Console : Activity lifecycle :: PRE-PAUSED :: MainActivity
09-23 20:27:30.184 13343 13343 D Console : Activity lifecycle :: Top activity: MainActivity
09-23 20:27:30.184 13343 13343 D FirebaseSessions: App backgrounded on com.shareconnect
09-23 20:27:30.185 13343 13343 V Console : Activity lifecycle :: PAUSED :: MainActivity
09-23 20:27:30.185 13343 13343 V Console : Foreground activity counter :: AtomicIntWrapper :: 12312792 :: 227589169 :: Decremented to: 0
09-23 20:27:30.186 13343 13343 D LifecycleMonitor: Lifecycle status change: com.shareconnect.MainActivity@b506999 in: PAUSED
09-23 20:27:30.186 13343 13343 V ActivityScenario: Update currentActivityStage to PAUSED, currentActivity=com.shareconnect.MainActivity@b506999
09-23 20:27:30.190 13343 13343 D LifecycleMonitor: Lifecycle status change: androidx.test.core.app.InstrumentationActivityInvoker$EmptyActivity@94fb0ec in: PRE_ON_CREATE
09-23 20:27:30.190 13343 13343 V ActivityScenario: Activity lifecycle changed event received but ignored because the intent does not match. startActivityIntent=Intent { act=android.intent.action.MAIN cat=[android.intent.category.LAUNCHER] flg=0x10008000 cmp=com.shareconnect/.MainActivity }, activity.getIntent()=Intent { act=android.intent.action.MAIN cat=[android.intent.category.LAUNCHER] flg=0x10000000 cmp=com.shareconnect/androidx.test.core.app.InstrumentationActivityInvoker$EmptyActivity }, activity=androidx.test.core.app.InstrumentationActivityInvoker$EmptyActivity@94fb0ec
09-23 20:27:30.192 13343 13343 D LifecycleMonitor: Lifecycle status change: androidx.test.core.app.InstrumentationActivityInvoker$EmptyActivity@94fb0ec in: CREATED
09-23 20:27:30.192 13343 13343 V ActivityScenario: Activity lifecycle changed event received but ignored because the intent does not match. startActivityIntent=Intent { act=android.intent.action.MAIN cat=[android.intent.category.LAUNCHER] flg=0x10008000 cmp=com.shareconnect/.MainActivity }, activity.getIntent()=Intent { act=android.intent.action.MAIN cat=[android.intent.category.LAUNCHER] flg=0x10000000 cmp=com.shareconnect/androidx.test.core.app.InstrumentationActivityInvoker$EmptyActivity }, activity=androidx.test.core.app.InstrumentationActivityInvoker$EmptyActivity@94fb0ec
09-23 20:27:30.193 13343 13343 D LifecycleMonitor: Lifecycle status change: androidx.test.core.app.InstrumentationActivityInvoker$EmptyActivity@94fb0ec in: STARTED
09-23 20:27:30.193 13343 13343 V ActivityScenario: Activity lifecycle changed event received but ignored because the intent does not match. startActivityIntent=Intent { act=android.intent.action.MAIN cat=[android.intent.category.LAUNCHER] flg=0x10008000 cmp=com.shareconnect/.MainActivity }, activity.getIntent()=Intent { act=android.intent.action.MAIN cat=[android.intent.category.LAUNCHER] flg=0x10000000 cmp=com.shareconnect/androidx.test.core.app.InstrumentationActivityInvoker$EmptyActivity }, activity=androidx.test.core.app.InstrumentationActivityInvoker$EmptyActivity@94fb0ec
09-23 20:27:30.193 13343 13343 D FirebaseSessions: App foregrounded on com.shareconnect
09-23 20:27:30.195 13343 13343 V Console : Activity lifecycle :: RESUMED :: EmptyActivity
09-23 20:27:30.195 13343 13343 V Console : Foreground activity counter :: AtomicIntWrapper :: 12312792 :: 227589169 :: Value of: 0
09-23 20:27:30.195 13343 13343 I Console : Activity lifecycle :: Main state :: Foreground
09-23 20:27:30.195 13343 13343 V Console : Foreground activity counter :: AtomicIntWrapper :: 12312792 :: 227589169 :: Incremented to: 1
09-23 20:27:30.195 13343 13343 D LifecycleMonitor: Lifecycle status change: androidx.test.core.app.InstrumentationActivityInvoker$EmptyActivity@94fb0ec in: RESUMED
09-23 20:27:30.195 13343 13343 V ActivityScenario: Activity lifecycle changed event received but ignored because the intent does not match. startActivityIntent=Intent { act=android.intent.action.MAIN cat=[android.intent.category.LAUNCHER] flg=0x10008000 cmp=com.shareconnect/.MainActivity }, activity.getIntent()=Intent { act=android.intent.action.MAIN cat=[android.intent.category.LAUNCHER] flg=0x10000000 cmp=com.shareconnect/androidx.test.core.app.InstrumentationActivityInvoker$EmptyActivity }, activity=androidx.test.core.app.InstrumentationActivityInvoker$EmptyActivity@94fb0ec
09-23 20:27:30.196 13343 13343 V Console : Activity lifecycle :: POST-RESUMED :: EmptyActivity
09-23 20:27:30.197 13343 13476 W Parcel  : Expecting binder but got null!
09-23 20:27:30.206 13343 13476 E OpenGLRenderer: Unable to match the desired swap behavior.
09-23 20:27:30.220   488   503 I ActivityTaskManager: Displayed com.shareconnect/androidx.test.core.app.InstrumentationActivityInvoker$EmptyActivity: +42ms
09-23 20:27:30.243 11811 11811 I GoogleInputMethodService: GoogleInputMethodService.onFinishInput():3227
09-23 20:27:30.243 13343 13343 V Console : Activity lifecycle :: PRE-STOPPED :: MainActivity
09-23 20:27:30.243 11811 11811 I GoogleInputMethodService: GoogleInputMethodService.updateDeviceLockedStatus():2087 repeatCheckTimes = 0, unlocked = true
09-23 20:27:30.243 11811 11811 I GoogleInputMethodService: GoogleInputMethodService.onStartInput():1877 onStartInput(EditorInfo{inputType=0x0(NULL) imeOptions=0x0 privateImeOptions=null actionName=UNSPECIFIED actionLabel=null actionId=0 initialSelStart=-1 initialSelEnd=-1 initialCapsMode=0x0 hintText=null label=null packageName=com.shareconnect fieldId=-1 fieldName=null extras=null}, false)
09-23 20:27:30.243 11811 11811 I GoogleInputMethodService: GoogleInputMethodService.shouldHideHeaderOnInitialState():4008 ShouldHideHeaderOnInitialState = false
09-23 20:27:30.244 11811 11811 I GoogleInputMethodService: GoogleInputMethodService.updateDeviceLockedStatus():2087 repeatCheckTimes = 2, unlocked = true
09-23 20:27:30.244 13343 13343 V Console : Activity lifecycle :: STOPPED :: MainActivity
09-23 20:27:30.244 13343 13343 D LifecycleMonitor: Lifecycle status change: com.shareconnect.MainActivity@b506999 in: STOPPED
09-23 20:27:30.245 13343 13343 V ActivityScenario: Update currentActivityStage to STOPPED, currentActivity=com.shareconnect.MainActivity@b506999
09-23 20:27:30.245 13343 13343 V Console : Activity lifecycle :: POST-STOPPED :: MainActivity
09-23 20:27:30.248 13343 13343 V Console : Activity lifecycle :: PRE-DESTROYED :: MainActivity
09-23 20:27:30.249 13343 13343 V Console : Activity lifecycle :: DESTROYED :: MainActivity
09-23 20:27:30.249 13343 13343 D LifecycleMonitor: Lifecycle status change: com.shareconnect.MainActivity@b506999 in: DESTROYED
09-23 20:27:30.249 13343 13343 V ActivityScenario: Update currentActivityStage to DESTROYED, currentActivity=null
09-23 20:27:30.250   488  2288 W InputManager-JNI: Input channel object 'caee91b com.shareconnect/com.shareconnect.MainActivity (client)' was disposed without first being removed with the input manager!
09-23 20:27:30.252 13343 13461 I TestRunner: finished: testAppStressTest(com.shareconnect.automation.FullAppFlowAutomationTest)
