09-23 20:26:39.682 13343 13461 I TestRunner: started: testContentLabeling(com.shareconnect.automation.AccessibilityAutomationTest)
09-23 20:26:39.691 13343 13461 W Settings: Setting always_finish_activities has moved from android.provider.Settings.System to android.provider.Settings.Global, returning read-only value.
09-23 20:26:39.717 13343 13343 I om.shareconnect: Explicit concurrent copying GC freed 26106(1156KB) AllocSpace objects, 0(0B) LOS objects, 49% free, 6668KB/13MB, paused 36us,46us total 24.400ms
09-23 20:26:39.742   488  4150 W InputManager-JNI: Input channel object '3518422 com.shareconnect/androidx.test.core.app.InstrumentationActivityInvoker$EmptyActivity (client)' was disposed without first being removed with the input manager!
09-23 20:26:39.771   779   868 W Parcel  : Expecting binder but got null!
09-23 20:26:39.788 13343 13343 D LifecycleMonitor: Lifecycle status change: com.shareconnect.MainActivity@1083762 in: PRE_ON_CREATE
09-23 20:26:39.789 13343 13343 V ActivityScenario: Activity lifecycle changed event received but ignored because the reported transition was not ON_CREATE while the last known transition was PRE_ON_CREATE
09-23 20:26:39.794 13343 13343 D Console : getDefaultTheme() returned: Warm Orange Light (ID: 1, isDefault: true)
09-23 20:26:39.794   779   868 E OpenGLRenderer: Unable to match the desired swap behavior.
09-23 20:26:39.794 13343 13343 D Console : getDefaultTheme() returned: Warm Orange Light (ID: 1, isDefault: true)
09-23 20:26:39.795 13343 13343 D Console : Applying theme: Warm Orange Light, colorScheme: warm_orange, isDarkMode: false, currentTheme: WARM_ORANGE_LIGHT
09-23 20:26:39.796 13343 13343 D Console : Activity MainActivity usesToolbar: true
09-23 20:26:39.797 13343 13343 D Console : Setting night mode to NO
09-23 20:26:39.877  1581  1581 I GsaVoiceInteractionSrv: Handling ACTION_STOP_HOTWORD
09-23 20:26:39.878  1581  2234 I HwDetectorWithState: (REDACTED) a: %d
09-23 20:26:39.969 13343 13343 D LifecycleMonitor: Lifecycle status change: com.shareconnect.MainActivity@1083762 in: CREATED
09-23 20:26:39.969 13343 13343 V ActivityScenario: Update currentActivityStage to CREATED, currentActivity=com.shareconnect.MainActivity@1083762
09-23 20:26:39.976 13343 13343 D LifecycleMonitor: Lifecycle status change: com.shareconnect.MainActivity@1083762 in: STARTED
09-23 20:26:39.977 13343 13343 V ActivityScenario: Update currentActivityStage to STARTED, currentActivity=com.shareconnect.MainActivity@1083762
09-23 20:26:39.980 13343 13343 D FirebaseSessions: App foregrounded on com.shareconnect
09-23 20:26:39.992 13343 13343 V Console : Activity lifecycle :: RESUMED :: MainActivity
09-23 20:26:39.993 13343 13343 V Console : Foreground activity counter :: AtomicIntWrapper :: 12312792 :: 227589169 :: Value of: 0
09-23 20:26:39.993 13343 13343 I Console : Activity lifecycle :: Main state :: Foreground
09-23 20:26:39.993 13343 13343 V Console : Foreground activity counter :: AtomicIntWrapper :: 12312792 :: 227589169 :: Incremented to: 1
09-23 20:26:39.994 13343 13343 D Console : hasThemeChanged() returned: false
09-23 20:26:39.994 13343 13343 D Console : onResume() called, themeChanged: false
09-23 20:26:39.994 13343 13343 D LifecycleMonitor: Lifecycle status change: com.shareconnect.MainActivity@1083762 in: RESUMED
09-23 20:26:39.995 13343 13343 V ActivityScenario: Update currentActivityStage to RESUMED, currentActivity=com.shareconnect.MainActivity@1083762
09-23 20:26:39.997 13343 13343 V Console : Activity lifecycle :: POST-RESUMED :: MainActivity
09-23 20:26:40.005 13343 13476 W Parcel  : Expecting binder but got null!
09-23 20:26:40.086   779   868 D EGL_emulation: app_time_stats: avg=681.56ms min=6.24ms max=6615.27ms count=10
09-23 20:26:40.097 13343 13476 E OpenGLRenderer: Unable to match the desired swap behavior.
09-23 20:26:40.173 13343 13354 I om.shareconnect: Compiler allocated 4413KB to compile void android.view.ViewRootImpl.performTraversals()
09-23 20:26:40.196   779   868 D EGL_emulation: app_time_stats: avg=412.65ms min=10.66ms max=5113.72ms count=14
09-23 20:26:40.230   488   503 W ziparchive: Unable to open '/data/app/~~sMIfh0iwP5kltL3ByvNJgg==/com.shareconnect-cqLsEYnaW4Guduem5k2TaA==/base.dm': No such file or directory
09-23 20:26:40.230   488   503 I ActivityTaskManager: Displayed com.shareconnect/.MainActivity: +480ms
09-23 20:26:40.263 11811 11811 I GoogleInputMethodService: GoogleInputMethodService.onFinishInput():3227
09-23 20:26:40.266 11811 11811 I GoogleInputMethodService: GoogleInputMethodService.updateDeviceLockedStatus():2087 repeatCheckTimes = 0, unlocked = true
09-23 20:26:40.266 11811 11811 I GoogleInputMethodService: GoogleInputMethodService.onStartInput():1877 onStartInput(EditorInfo{inputType=0x0(NULL) imeOptions=0x0 privateImeOptions=null actionName=UNSPECIFIED actionLabel=null actionId=0 initialSelStart=-1 initialSelEnd=-1 initialCapsMode=0x0 hintText=null label=null packageName=com.shareconnect fieldId=-1 fieldName=null extras=null}, false)
09-23 20:26:40.266 11811 11811 I GoogleInputMethodService: GoogleInputMethodService.shouldHideHeaderOnInitialState():4008 ShouldHideHeaderOnInitialState = false
09-23 20:26:40.267 11811 11811 I GoogleInputMethodService: GoogleInputMethodService.updateDeviceLockedStatus():2087 repeatCheckTimes = 2, unlocked = true
09-23 20:26:40.302   998  1945 D OneSearchSuggestProvider: Shut down the binder channel
09-23 20:26:40.304   998 24438 I s.nexuslauncher: oneway function results for code 2 on binder at 0xb400007a39490ba0 will be dropped but finished with status UNKNOWN_TRANSACTION
09-23 20:26:40.329  1581  2228 I AssistantForeground: (REDACTED) Get launcher package: %s
09-23 20:26:40.544   488  1182 W InputManager-JNI: Input channel object 'ec4d7df Splash Screen com.shareconnect (client)' was disposed without first being removed with the input manager!
09-23 20:26:41.212   779   868 D EGL_emulation: app_time_stats: avg=17.80ms min=4.34ms max=57.10ms count=53
09-23 20:26:45.393 13343 13343 I ViewInteraction: Performing 'scroll to' action on view view.getId() is <2131230859/com.shareconnect:id/buttonSettings>
09-23 20:26:45.394 13343 13343 I ScrollToAction: View is already displayed. Returning.
09-23 20:26:45.399 13343 13343 I ViewInteraction: Checking 'MatchesViewAssertion{viewMatcher=an instance of android.widget.TextView and view.getText() with or without transformation to match: is "Settings"}' assertion on view view.getId() is <2131230859/com.shareconnect:id/buttonSettings>
09-23 20:26:45.403 13343 13343 I ViewInteraction: Performing 'scroll to' action on view view.getId() is <2131230852/com.shareconnect:id/buttonOpenMeTube>
09-23 20:26:45.404 13343 13343 I ScrollToAction: View is already displayed. Returning.
09-23 20:26:45.406 13343 13343 I ViewInteraction: Checking 'MatchesViewAssertion{viewMatcher=an instance of android.widget.TextView and view.getText() with or without transformation to match: is "Open MeTube Interface"}' assertion on view view.getId() is <2131230852/com.shareconnect:id/buttonOpenMeTube>
09-23 20:26:45.409 13343 13343 I ViewInteraction: Performing 'scroll to' action on view view.getId() is <2131230851/com.shareconnect:id/buttonHistory>
09-23 20:26:45.410 13343 13343 I ScrollToAction: View is already displayed. Returning.
09-23 20:26:45.412 13343 13343 I ViewInteraction: Checking 'MatchesViewAssertion{viewMatcher=an instance of android.widget.TextView and view.getText() with or without transformation to match: is "View Share History"}' assertion on view view.getId() is <2131230851/com.shareconnect:id/buttonHistory>
09-23 20:26:45.414 13343 13343 I ViewInteraction: Performing 'scroll to' action on view view.getId() is <2131230970/com.shareconnect:id/fabAdd>
09-23 20:26:45.420 13343 13343 I ViewInteraction: Checking 'MatchesViewAssertion{viewMatcher=an instance of android.widget.TextView and view.getText() with or without transformation to match: is "Add from Clipboard"}' assertion on view view.getId() is <2131230970/com.shareconnect:id/fabAdd>
09-23 20:26:45.437 13343 13343 V Console : Activity lifecycle :: PRE-PAUSED :: MainActivity
09-23 20:26:45.438 13343 13343 D Console : Activity lifecycle :: Top activity: MainActivity
09-23 20:26:45.438 13343 13343 D FirebaseSessions: App backgrounded on com.shareconnect
09-23 20:26:45.444 13343 13343 V Console : Activity lifecycle :: PAUSED :: MainActivity
09-23 20:26:45.445 13343 13343 V Console : Foreground activity counter :: AtomicIntWrapper :: 12312792 :: 227589169 :: Decremented to: 0
09-23 20:26:45.445 13343 13343 D LifecycleMonitor: Lifecycle status change: com.shareconnect.MainActivity@1083762 in: PAUSED
09-23 20:26:45.446 13343 13343 V ActivityScenario: Update currentActivityStage to PAUSED, currentActivity=com.shareconnect.MainActivity@1083762
09-23 20:26:45.452 13343 13476 D EGL_emulation: app_time_stats: avg=518.13ms min=3.75ms max=5054.79ms count=10
09-23 20:26:45.460 13343 13343 D LifecycleMonitor: Lifecycle status change: androidx.test.core.app.InstrumentationActivityInvoker$EmptyActivity@3dbc811 in: PRE_ON_CREATE
09-23 20:26:45.460 13343 13343 V ActivityScenario: Activity lifecycle changed event received but ignored because the intent does not match. startActivityIntent=Intent { act=android.intent.action.MAIN cat=[android.intent.category.LAUNCHER] flg=0x10008000 cmp=com.shareconnect/.MainActivity }, activity.getIntent()=Intent { act=android.intent.action.MAIN cat=[android.intent.category.LAUNCHER] flg=0x10000000 cmp=com.shareconnect/androidx.test.core.app.InstrumentationActivityInvoker$EmptyActivity }, activity=androidx.test.core.app.InstrumentationActivityInvoker$EmptyActivity@3dbc811
09-23 20:26:45.472 13343 13343 D LifecycleMonitor: Lifecycle status change: androidx.test.core.app.InstrumentationActivityInvoker$EmptyActivity@3dbc811 in: CREATED
09-23 20:26:45.472 13343 13343 V ActivityScenario: Activity lifecycle changed event received but ignored because the intent does not match. startActivityIntent=Intent { act=android.intent.action.MAIN cat=[android.intent.category.LAUNCHER] flg=0x10008000 cmp=com.shareconnect/.MainActivity }, activity.getIntent()=Intent { act=android.intent.action.MAIN cat=[android.intent.category.LAUNCHER] flg=0x10000000 cmp=com.shareconnect/androidx.test.core.app.InstrumentationActivityInvoker$EmptyActivity }, activity=androidx.test.core.app.InstrumentationActivityInvoker$EmptyActivity@3dbc811
09-23 20:26:45.478 13343 13343 D LifecycleMonitor: Lifecycle status change: androidx.test.core.app.InstrumentationActivityInvoker$EmptyActivity@3dbc811 in: STARTED
09-23 20:26:45.478 13343 13343 V ActivityScenario: Activity lifecycle changed event received but ignored because the intent does not match. startActivityIntent=Intent { act=android.intent.action.MAIN cat=[android.intent.category.LAUNCHER] flg=0x10008000 cmp=com.shareconnect/.MainActivity }, activity.getIntent()=Intent { act=android.intent.action.MAIN cat=[android.intent.category.LAUNCHER] flg=0x10000000 cmp=com.shareconnect/androidx.test.core.app.InstrumentationActivityInvoker$EmptyActivity }, activity=androidx.test.core.app.InstrumentationActivityInvoker$EmptyActivity@3dbc811
09-23 20:26:45.480 13343 13343 D FirebaseSessions: App foregrounded on com.shareconnect
09-23 20:26:45.489 13343 13343 V Console : Activity lifecycle :: RESUMED :: EmptyActivity
09-23 20:26:45.491 13343 13343 V Console : Foreground activity counter :: AtomicIntWrapper :: 12312792 :: 227589169 :: Value of: 0
09-23 20:26:45.491 13343 13343 I Console : Activity lifecycle :: Main state :: Foreground
09-23 20:26:45.492 13343 13343 V Console : Foreground activity counter :: AtomicIntWrapper :: 12312792 :: 227589169 :: Incremented to: 1
09-23 20:26:45.503 13343 13343 D LifecycleMonitor: Lifecycle status change: androidx.test.core.app.InstrumentationActivityInvoker$EmptyActivity@3dbc811 in: RESUMED
09-23 20:26:45.503 13343 13343 V ActivityScenario: Activity lifecycle changed event received but ignored because the intent does not match. startActivityIntent=Intent { act=android.intent.action.MAIN cat=[android.intent.category.LAUNCHER] flg=0x10008000 cmp=com.shareconnect/.MainActivity }, activity.getIntent()=Intent { act=android.intent.action.MAIN cat=[android.intent.category.LAUNCHER] flg=0x10000000 cmp=com.shareconnect/androidx.test.core.app.InstrumentationActivityInvoker$EmptyActivity }, activity=androidx.test.core.app.InstrumentationActivityInvoker$EmptyActivity@3dbc811
09-23 20:26:45.504 13343 13343 V Console : Activity lifecycle :: POST-RESUMED :: EmptyActivity
09-23 20:26:45.512 13343 13476 W Parcel  : Expecting binder but got null!
09-23 20:26:45.569 13343 13476 E OpenGLRenderer: Unable to match the desired swap behavior.
09-23 20:26:45.603   488   503 I ActivityTaskManager: Displayed com.shareconnect/androidx.test.core.app.InstrumentationActivityInvoker$EmptyActivity: +173ms
09-23 20:26:45.622 13343 13343 V Console : Activity lifecycle :: PRE-STOPPED :: MainActivity
09-23 20:26:45.630 13343 13343 V Console : Activity lifecycle :: STOPPED :: MainActivity
09-23 20:26:45.630 13343 13343 D LifecycleMonitor: Lifecycle status change: com.shareconnect.MainActivity@1083762 in: STOPPED
09-23 20:26:45.631 13343 13343 V ActivityScenario: Update currentActivityStage to STOPPED, currentActivity=com.shareconnect.MainActivity@1083762
09-23 20:26:45.631 13343 13343 V Console : Activity lifecycle :: POST-STOPPED :: MainActivity
09-23 20:26:45.632 13343 13343 V Console : Activity lifecycle :: PRE-DESTROYED :: MainActivity
09-23 20:26:45.633 13343 13343 V Console : Activity lifecycle :: DESTROYED :: MainActivity
09-23 20:26:45.636 13343 13343 D LifecycleMonitor: Lifecycle status change: com.shareconnect.MainActivity@1083762 in: DESTROYED
09-23 20:26:45.637 13343 13343 V ActivityScenario: Update currentActivityStage to DESTROYED, currentActivity=null
09-23 20:26:45.645 11307 13471 D AdvertisingIdClient: AdvertisingIdClient already created.
09-23 20:26:45.652   488   502 W InputManager-JNI: Input channel object 'a645765 com.shareconnect/com.shareconnect.MainActivity (client)' was disposed without first being removed with the input manager!
09-23 20:26:45.654 11307 13471 I AdvertisingIdClient: shouldSendLog 8709359
09-23 20:26:45.654 11307 13471 I AdvertisingIdClient: GetInfoInternal elapse 8ms
09-23 20:26:45.668 11811 11811 I GoogleInputMethodService: GoogleInputMethodService.onFinishInput():3227
09-23 20:26:45.669 11811 11811 I GoogleInputMethodService: GoogleInputMethodService.updateDeviceLockedStatus():2087 repeatCheckTimes = 0, unlocked = true
09-23 20:26:45.670 11811 11811 I GoogleInputMethodService: GoogleInputMethodService.onStartInput():1877 onStartInput(EditorInfo{inputType=0x0(NULL) imeOptions=0x0 privateImeOptions=null actionName=UNSPECIFIED actionLabel=null actionId=0 initialSelStart=-1 initialSelEnd=-1 initialCapsMode=0x0 hintText=null label=null packageName=com.shareconnect fieldId=-1 fieldName=null extras=null}, false)
09-23 20:26:45.670 11811 11811 I GoogleInputMethodService: GoogleInputMethodService.shouldHideHeaderOnInitialState():4008 ShouldHideHeaderOnInitialState = false
09-23 20:26:45.670 11811 11811 I GoogleInputMethodService: GoogleInputMethodService.updateDeviceLockedStatus():2087 repeatCheckTimes = 2, unlocked = true
09-23 20:26:45.680 13343 13461 I TestRunner: finished: testContentLabeling(com.shareconnect.automation.AccessibilityAutomationTest)
