09-23 20:26:17.663 13343 13461 I TestRunner: started: testAccessibilityLabels(com.shareconnect.automation.AccessibilityAutomationTest)
09-23 20:26:17.677 11563 12319 I Finsky  : [120] Package com.google.android.gms is verified.
09-23 20:26:17.689 11307 13471 W FA-SVC  : Service response is missing Install Referrer install timestamp
09-23 20:26:17.736 13343 13461 W Settings: Setting always_finish_activities has moved from android.provider.Settings.System to android.provider.Settings.Global, returning read-only value.
09-23 20:26:17.872   779   868 W Parcel  : Expecting binder but got null!
09-23 20:26:17.882   488   501 W Binder  : Caught a RuntimeException from the binder stub implementation.
09-23 20:26:17.882   488   501 W Binder  : java.lang.ArrayIndexOutOfBoundsException: Array index out of range: 0
09-23 20:26:17.882   488   501 W Binder  : 	at android.util.ArraySet.valueAt(ArraySet.java:422)
09-23 20:26:17.882   488   501 W Binder  : 	at com.android.server.contentcapture.ContentCapturePerUserService$ContentCaptureServiceRemoteCallback.updateContentCaptureOptions(ContentCapturePerUserService.java:733)
09-23 20:26:17.882   488   501 W Binder  : 	at com.android.server.contentcapture.ContentCapturePerUserService$ContentCaptureServiceRemoteCallback.setContentCaptureWhitelist(ContentCapturePerUserService.java:646)
09-23 20:26:17.882   488   501 W Binder  : 	at android.service.contentcapture.IContentCaptureServiceCallback$Stub.onTransact(IContentCaptureServiceCallback.java:115)
09-23 20:26:17.882   488   501 W Binder  : 	at android.os.Binder.execTransactInternal(Binder.java:1285)
09-23 20:26:17.882   488   501 W Binder  : 	at android.os.Binder.execTransact(Binder.java:1244)
09-23 20:26:17.895 13343 13478 D libEGL  : loaded /vendor/lib64/egl/libEGL_emulation.so
09-23 20:26:17.901 13343 13478 D libEGL  : loaded /vendor/lib64/egl/libGLESv1_CM_emulation.so
09-23 20:26:17.905 13343 13478 D libEGL  : loaded /vendor/lib64/egl/libGLESv2_emulation.so
09-23 20:26:17.924   779   868 E OpenGLRenderer: Unable to match the desired swap behavior.
09-23 20:26:17.925   998  1661 D EGL_emulation: app_time_stats: avg=2245.05ms min=814.75ms max=3675.34ms count=2
09-23 20:26:17.982  1581  1581 I GsaVoiceInteractionSrv: Handling ACTION_STOP_HOTWORD
09-23 20:26:17.990  1581  2232 I HwDetectorWithState: (REDACTED) a: %d
09-23 20:26:18.019 13343 13343 D AppCompatDelegate: Checking for metadata for AppLocalesMetadataHolderService : Service not found
09-23 20:26:18.038 13343 13343 D LifecycleMonitor: Lifecycle status change: com.shareconnect.MainActivity@aef6c29 in: PRE_ON_CREATE
09-23 20:26:18.039 13343 13343 V ActivityScenario: Activity lifecycle changed event received but ignored because the reported transition was not ON_CREATE while the last known transition was PRE_ON_CREATE
09-23 20:26:18.070 13343 13343 D Console : initializeDefaultThemes() called
09-23 20:26:18.077 11307 11307 W ThreadPoolForeg: type=1400 audit(0.0:1941): avc: denied { write } for name="traced_producer" dev="tmpfs" ino=647 scontext=u:r:gmscore_app:s0:c512,c768 tcontext=u:object_r:traced_producer_socket:s0 tclass=sock_file permissive=0 app=com.google.android.gms
09-23 20:26:18.127 13343 13343 D Console : No existing themes found, creating default themes
09-23 20:26:18.163 11307 12188 D TrafficStats: tagSocket(80) with statsTag=0x4003300, statsUid=10208
09-23 20:26:18.228 13343 13343 D Console : Default themes created
09-23 20:26:18.230 13343 13343 D Console : getDefaultTheme() returned: Warm Orange Light (ID: 1, isDefault: true)
09-23 20:26:18.230 13343 13343 D Console : getDefaultTheme() returned: Warm Orange Light (ID: 1, isDefault: true)
09-23 20:26:18.231 13343 13343 D Console : Applying theme: Warm Orange Light, colorScheme: warm_orange, isDarkMode: false, currentTheme: WARM_ORANGE_LIGHT
09-23 20:26:18.231 13343 13343 D Console : Activity MainActivity usesToolbar: true
09-23 20:26:18.234 13343 13343 D Console : Setting night mode to NO
09-23 20:26:18.308 13343 13343 W om.shareconnect: Accessing hidden method Landroid/view/ViewGroup;->makeOptionalFitsSystemWindows()V (unsupported, reflection, allowed)
09-23 20:26:18.333   779   868 D EGL_emulation: app_time_stats: avg=2705.12ms min=18.58ms max=45290.56ms count=17
09-23 20:26:18.368 13343 13343 D CompatibilityChangeReporter: Compat change id reported: 210923482; UID 10208; state: ENABLED
09-23 20:26:18.382 13343 13441 W om.shareconnect: Accessing hidden method Landroid/adservices/measurement/MeasurementManager;->get(Landroid/content/Context;)Landroid/adservices/measurement/MeasurementManager; (blocked, linking, denied)
09-23 20:26:18.400 13343 13386 D FirebaseSessions: Fetching settings from server.
09-23 20:26:18.407 13343 13373 D TrafficStats: tagSocket(74) with statsTag=0xffffffff, statsUid=-1
09-23 20:26:18.409 13343 13373 D StrictMode: StrictMode policy violation: android.os.strictmode.UntaggedSocketViolation: Untagged socket detected; use TrafficStats.setTrafficStatsTag() to track all network usage
09-23 20:26:18.409 13343 13373 D StrictMode: 	at android.os.StrictMode.onUntaggedSocket(StrictMode.java:2250)
09-23 20:26:18.409 13343 13373 D StrictMode: 	at android.os.StrictMode.noteUntaggedSocket(StrictMode.java:2699)
09-23 20:26:18.409 13343 13373 D StrictMode: 	at android.net.TrafficStats$SocketTagger.tag(TrafficStats.java:255)
09-23 20:26:18.409 13343 13373 D StrictMode: 	at libcore.io.BlockGuardOs.tagSocket(BlockGuardOs.java:55)
09-23 20:26:18.409 13343 13373 D StrictMode: 	at libcore.io.BlockGuardOs.socket(BlockGuardOs.java:404)
09-23 20:26:18.409 13343 13373 D StrictMode: 	at libcore.io.ForwardingOs.socket(ForwardingOs.java:821)
09-23 20:26:18.409 13343 13373 D StrictMode: 	at libcore.io.IoBridge.socket(IoBridge.java:840)
09-23 20:26:18.409 13343 13373 D StrictMode: 	at java.net.PlainSocketImpl.socketCreate(PlainSocketImpl.java:128)
09-23 20:26:18.409 13343 13373 D StrictMode: 	at java.net.AbstractPlainSocketImpl.create(AbstractPlainSocketImpl.java:128)
09-23 20:26:18.409 13343 13373 D StrictMode: 	at java.net.Socket.createImpl(Socket.java:514)
09-23 20:26:18.409 13343 13373 D StrictMode: 	at java.net.Socket.getImpl(Socket.java:577)
09-23 20:26:18.409 13343 13373 D StrictMode: 	at java.net.Socket.setSoTimeout(Socket.java:1203)
09-23 20:26:18.409 13343 13373 D StrictMode: 	at com.android.okhttp.internal.io.RealConnection.connectSocket(RealConnection.java:143)
09-23 20:26:18.409 13343 13373 D StrictMode: 	at com.android.okhttp.internal.io.RealConnection.connect(RealConnection.java:116)
09-23 20:26:18.409 13343 13373 D StrictMode: 	at com.android.okhttp.internal.http.StreamAllocation.findConnection(StreamAllocation.java:186)
09-23 20:26:18.409 13343 13373 D StrictMode: 	at com.android.okhttp.internal.http.StreamAllocation.findHealthyConnection(StreamAllocation.java:128)
09-23 20:26:18.409 13343 13373 D StrictMode: 	at com.android.okhttp.internal.http.StreamAllocation.newStream(StreamAllocation.java:97)
09-23 20:26:18.409 13343 13373 D StrictMode: 	at com.android.okhttp.internal.http.HttpEngine.connect(HttpEngine.java:289)
09-23 20:26:18.409 13343 13373 D StrictMode: 	at com.android.okhttp.internal.http.HttpEngine.sendRequest(HttpEngine.java:232)
09-23 20:26:18.409 13343 13373 D StrictMode: 	at com.android.okhttp.internal.huc.HttpURLConnectionImpl.execute(HttpURLConnectionImpl.java:465)
09-23 20:26:18.409 13343 13373 D StrictMode: 	at com.android.okhttp.internal.huc.HttpURLConnectionImpl.getResponse(HttpURLConnectionImpl.java:411)
09-23 20:26:18.409 13343 13373 D StrictMode: 	at com.android.okhttp.internal.huc.HttpURLConnectionImpl.getResponseCode(HttpURLConnectionImpl.java:542)
09-23 20:26:18.409 13343 13373 D StrictMode: 	at com.android.okhttp.internal.huc.DelegatingHttpsURLConnection.getResponseCode(DelegatingHttpsURLConnection.java:106)
09-23 20:26:18.409 13343 13373 D StrictMode: 	at com.android.okhttp.internal.huc.HttpsURLConnectionImpl.getResponseCode(HttpsURLConnectionImpl.java:30)
09-23 20:26:18.409 13343 13373 D StrictMode: 	at com.google.firebase.sessions.settings.RemoteSettingsFetcher$doConfigFetch$2.invokeSuspend(RemoteSettingsFetcher.kt:60)
09-23 20:26:18.409 13343 13373 D StrictMode: 	at kotlin.coroutines.jvm.internal.BaseContinuationImpl.resumeWith(ContinuationImpl.kt:34)
09-23 20:26:18.409 13343 13373 D StrictMode: 	at kotlinx.coroutines.DispatchedTask.run(DispatchedTask.kt:100)
09-23 20:26:18.409 13343 13373 D StrictMode: 	at java.util.concurrent.ThreadPoolExecutor.runWorker(ThreadPoolExecutor.java:1137)
09-23 20:26:18.409 13343 13373 D StrictMode: 	at java.util.concurrent.ThreadPoolExecutor$Worker.run(ThreadPoolExecutor.java:637)
09-23 20:26:18.409 13343 13373 D StrictMode: 	at com.google.firebase.concurrent.CustomThreadFactory.lambda$newThread$0$com-google-firebase-concurrent-CustomThreadFactory(CustomThreadFactory.java:47)
09-23 20:26:18.409 13343 13373 D StrictMode: 	at com.google.firebase.concurrent.CustomThreadFactory$$ExternalSyntheticLambda0.run(D8$$SyntheticClass:0)
09-23 20:26:18.409 13343 13373 D StrictMode: 	at java.lang.Thread.run(Thread.java:1012)
09-23 20:26:18.471 13343 13343 D CompatibilityChangeReporter: Compat change id reported: 171228096; UID 10208; state: ENABLED
09-23 20:26:18.569 13343 13343 D LifecycleMonitor: Lifecycle status change: com.shareconnect.MainActivity@aef6c29 in: CREATED
09-23 20:26:18.570 13343 13343 V ActivityScenario: Update currentActivityStage to CREATED, currentActivity=com.shareconnect.MainActivity@aef6c29
09-23 20:26:18.576 13343 13343 D LifecycleMonitor: Lifecycle status change: com.shareconnect.MainActivity@aef6c29 in: STARTED
09-23 20:26:18.577 13343 13343 V ActivityScenario: Update currentActivityStage to STARTED, currentActivity=com.shareconnect.MainActivity@aef6c29
09-23 20:26:18.581 13343 13343 D FirebaseSessions: App foregrounded on com.shareconnect
09-23 20:26:18.582 13343 13343 D FirebaseSessions: Session 3a61435f58974b1385651e167b6fa393 has not backgrounded yet
09-23 20:26:18.582 13343 13343 D FirebaseSessions: No process data for com.shareconnect
09-23 20:26:18.587 13343 13385 D FirebaseSessions: Session 137b7436e2ff4531b096964e28684a2f has not backgrounded yet
09-23 20:26:18.588 13343 13385 D FirebaseSessions: No process data map
09-23 20:26:18.588 13343 13385 D FirebaseSessions: No process data for com.shareconnect
09-23 20:26:18.637 13343 13386 D FirebaseSessions: Notified CRASHLYTICS of new session 40feb92088014513acc5f5744cc6cf7d
09-23 20:26:18.663 13343 13343 V Console : Activity lifecycle :: RESUMED :: MainActivity
09-23 20:26:18.663 13343 13343 V Console : Foreground activity counter :: AtomicIntWrapper :: 12312792 :: 227589169 :: Value of: 0
09-23 20:26:18.663 13343 13343 I Console : Activity lifecycle :: Main state :: Foreground
09-23 20:26:18.664 13343 13343 V Console : Foreground activity counter :: AtomicIntWrapper :: 12312792 :: 227589169 :: Incremented to: 1
09-23 20:26:18.664 13343 13343 D Console : hasThemeChanged() returned: false
09-23 20:26:18.664 13343 13343 D Console : onResume() called, themeChanged: false
09-23 20:26:18.664 13343 13343 D LifecycleMonitor: Lifecycle status change: com.shareconnect.MainActivity@aef6c29 in: RESUMED
09-23 20:26:18.664 13343 13343 V ActivityScenario: Update currentActivityStage to RESUMED, currentActivity=com.shareconnect.MainActivity@aef6c29
09-23 20:26:18.665 13343 13457 I FA      : Tag Manager is not found and thus will not be used
09-23 20:26:18.667 13343 13343 V Console : Activity lifecycle :: POST-RESUMED :: MainActivity
09-23 20:26:18.681 13343 13343 D CompatibilityChangeReporter: Compat change id reported: 237531167; UID 10208; state: DISABLED
09-23 20:26:18.712 13343 13476 W Parcel  : Expecting binder but got null!
09-23 20:26:18.772 12330 12508 D TrafficStats: tagSocket(182) with statsTag=0x4000407, statsUid=-1
09-23 20:26:18.869 11307 13209 I GmscoreIpa: Starting mediastore instant index [CONTEXT service_id=255 ]
09-23 20:26:18.869   338   440 W ServiceManager: Permission failure: android.permission.ACCESS_SURFACE_FLINGER from uid=10208 pid=13343
09-23 20:26:18.869   338   440 D PermissionCache: checking android.permission.ACCESS_SURFACE_FLINGER for uid=10208 => denied (2025 us)
09-23 20:26:18.876   338   589 W ServiceManager: Permission failure: android.permission.ACCESS_SURFACE_FLINGER from uid=10208 pid=0
09-23 20:26:18.876   338   589 D PermissionCache: checking android.permission.ACCESS_SURFACE_FLINGER for uid=10208 => denied (9100 us)
09-23 20:26:18.876   338   589 W ServiceManager: Permission failure: android.permission.ROTATE_SURFACE_FLINGER from uid=10208 pid=0
09-23 20:26:18.876   338   589 D PermissionCache: checking android.permission.ROTATE_SURFACE_FLINGER for uid=10208 => denied (450 us)
09-23 20:26:18.877   338   440 W ServiceManager: Permission failure: android.permission.ROTATE_SURFACE_FLINGER from uid=10208 pid=13343
09-23 20:26:18.877   338   440 D PermissionCache: checking android.permission.ROTATE_SURFACE_FLINGER for uid=10208 => denied (7503 us)
09-23 20:26:18.877   338   440 W ServiceManager: Permission failure: android.permission.INTERNAL_SYSTEM_WINDOW from uid=10208 pid=13343
09-23 20:26:18.877   338   440 D PermissionCache: checking android.permission.INTERNAL_SYSTEM_WINDOW for uid=10208 => denied (629 us)
09-23 20:26:18.878   338   589 W ServiceManager: Permission failure: android.permission.INTERNAL_SYSTEM_WINDOW from uid=10208 pid=0
09-23 20:26:18.878   338   589 D PermissionCache: checking android.permission.INTERNAL_SYSTEM_WINDOW for uid=10208 => denied (1516 us)
09-23 20:26:18.880   779   868 D EGL_emulation: app_time_stats: avg=2278.53ms min=2278.53ms max=2278.53ms count=1
09-23 20:26:18.906 13343 13476 D HostConnection: HostComposition ext ANDROID_EMU_CHECKSUM_HELPER_v1 ANDROID_EMU_native_sync_v2 ANDROID_EMU_native_sync_v3 ANDROID_EMU_native_sync_v4 ANDROID_EMU_dma_v1 ANDROID_EMU_direct_mem ANDROID_EMU_host_composition_v1 ANDROID_EMU_host_composition_v2 ANDROID_EMU_vulkan ANDROID_EMU_deferred_vulkan_commands ANDROID_EMU_vulkan_null_optional_strings ANDROID_EMU_vulkan_create_resources_with_requirements ANDROID_EMU_YUV_Cache ANDROID_EMU_vulkan_ignored_handles ANDROID_EMU_has_shared_slots_host_memory_allocator ANDROID_EMU_vulkan_free_memory_sync ANDROID_EMU_vulkan_shader_float16_int8 ANDROID_EMU_vulkan_async_queue_submit ANDROID_EMU_vulkan_queue_submit_with_commands ANDROID_EMU_sync_buffer_data ANDROID_EMU_vulkan_async_qsri ANDROID_EMU_read_color_buffer_dma GL_OES_EGL_image_external_essl3 GL_OES_vertex_array_object ANDROID_EMU_host_side_tracing ANDROID_EMU_gles_max_version_3_0
09-23 20:26:18.910 13343 13476 W OpenGLRenderer: Failed to choose config with EGL_SWAP_BEHAVIOR_PRESERVED, retrying without...
09-23 20:26:18.910 13343 13476 W OpenGLRenderer: Failed to initialize 101010-2 format, error = EGL_SUCCESS
09-23 20:26:18.911 13343 13476 D EGL_emulation: eglCreateContext: 0xb400007aa943ded0: maj 3 min 0 rcv 3
09-23 20:26:18.920 13343 13476 D EGL_emulation: eglMakeCurrent: 0xb400007aa943ded0: ver 3 0 (tinfo 0x7cc32bf080) (first time)
09-23 20:26:18.955   147   147 I hwservicemanager: getTransport: Cannot find entry android.hardware.graphics.mapper@4.0::IMapper/default in either framework or device VINTF manifest.
09-23 20:26:18.955 13343 13476 I Gralloc4: mapper 4.x is not supported
09-23 20:26:18.969   147   147 I hwservicemanager: getTransport: Cannot find entry android.hardware.graphics.allocator@4.0::IAllocator/default in either framework or device VINTF manifest.
09-23 20:26:18.970   146   146 I servicemanager: Could not find android.hardware.graphics.allocator.IAllocator/default in the VINTF manifest.
09-23 20:26:18.970 13343 13476 W Gralloc4: allocator 4.x is not supported
09-23 20:26:18.993 13343 13476 D HostConnection: HostComposition ext ANDROID_EMU_CHECKSUM_HELPER_v1 ANDROID_EMU_native_sync_v2 ANDROID_EMU_native_sync_v3 ANDROID_EMU_native_sync_v4 ANDROID_EMU_dma_v1 ANDROID_EMU_direct_mem ANDROID_EMU_host_composition_v1 ANDROID_EMU_host_composition_v2 ANDROID_EMU_vulkan ANDROID_EMU_deferred_vulkan_commands ANDROID_EMU_vulkan_null_optional_strings ANDROID_EMU_vulkan_create_resources_with_requirements ANDROID_EMU_YUV_Cache ANDROID_EMU_vulkan_ignored_handles ANDROID_EMU_has_shared_slots_host_memory_allocator ANDROID_EMU_vulkan_free_memory_sync ANDROID_EMU_vulkan_shader_float16_int8 ANDROID_EMU_vulkan_async_queue_submit ANDROID_EMU_vulkan_queue_submit_with_commands ANDROID_EMU_sync_buffer_data ANDROID_EMU_vulkan_async_qsri ANDROID_EMU_read_color_buffer_dma GL_OES_EGL_image_external_essl3 GL_OES_vertex_array_object ANDROID_EMU_host_side_tracing ANDROID_EMU_gles_max_version_3_0
09-23 20:26:18.994 13343 13476 E OpenGLRenderer: Unable to match the desired swap behavior.
09-23 20:26:19.251 13343 13373 D FirebaseSessions: Fetched settings: {"settings_version":3,"cache_duration":188355,"features":{"collect_logged_exceptions":true,"collect_reports":true,"collect_analytics":false,"prompt_enabled":false,"push_enabled":false,"firebase_crashlytics_enabled":false,"collect_anrs":true,"collect_metric_kit":false,"collect_build_ids":true},"app":{"status":"activated","update_required":false,"report_upload_variant":2,"native_report_upload_variant":2},"fabric":{"org_id":"68d289c4086b6002f8cb956f","bundle_id":"com.shareconnect"},"on_demand_upload_rate_per_minute":10,"on_demand_backoff_base":1.2,"on_demand_backoff_step_duration_seconds":60,"app_quality":{"sessions_enabled":true,"sampling_rate":1,"session_timeout_seconds":1800},"on_demand_thread_recording_suspension_enabled":true}
09-23 20:26:19.262   488   503 W ziparchive: Unable to open '/data/app/~~sMIfh0iwP5kltL3ByvNJgg==/com.shareconnect-cqLsEYnaW4Guduem5k2TaA==/base.dm': No such file or directory
09-23 20:26:19.264   488   503 I ActivityTaskManager: Displayed com.shareconnect/.MainActivity: +1s512ms
09-23 20:26:19.288 13343 13388 D FirebaseSessions: Remote settings cache not expired. Using cached values.
09-23 20:26:19.300 13343 13388 D FirebaseSessions: Session Event Type: SESSION_START
09-23 20:26:19.301 13343 13388 D FirebaseSessions: Successfully logged Session Start event.
09-23 20:26:19.322 13343 13343 I Choreographer: Skipped 31 frames!  The application may be doing too much work on its main thread.
09-23 20:26:19.326 13343 13414 D CompatibilityChangeReporter: Compat change id reported: 194532703; UID 10208; state: ENABLED
09-23 20:26:19.328   488  4122 D ConnectivityService: requestNetwork for uid/pid:1000/488 asUid: 10208 activeRequest: null callbackRequest: 383 [NetworkRequest [ REQUEST id=384, [ Capabilities: INTERNET&NOT_RESTRICTED&TRUSTED&NOT_VCN_MANAGED Uid: 10208 RequestorUid: 1000 RequestorPkg: android UnderlyingNetworks: Null] ]] callback flags: 0 order: 2147483647
09-23 20:26:19.331   488   710 D WifiNetworkFactory: got request NetworkRequest [ REQUEST id=384, [ Capabilities: INTERNET&NOT_RESTRICTED&TRUSTED&NOT_VCN_MANAGED Uid: 10208 RequestorUid: 1000 RequestorPkg: android UnderlyingNetworks: Null] ]
09-23 20:26:19.331   488   710 D UntrustedWifiNetworkFactory: got request NetworkRequest [ REQUEST id=384, [ Capabilities: INTERNET&NOT_RESTRICTED&TRUSTED&NOT_VCN_MANAGED Uid: 10208 RequestorUid: 1000 RequestorPkg: android UnderlyingNetworks: Null] ]
09-23 20:26:19.331   488   710 D OemPaidWifiNetworkFactory: got request NetworkRequest [ REQUEST id=384, [ Capabilities: INTERNET&NOT_RESTRICTED&TRUSTED&NOT_VCN_MANAGED Uid: 10208 RequestorUid: 1000 RequestorPkg: android UnderlyingNetworks: Null] ]
09-23 20:26:19.332   488   717 D ConnectivityService: NetReassign [384 : null → 102] [c 0] [a 1] [i 2]
09-23 20:26:19.334   488   710 D MultiInternetWifiNetworkFactory: got request NetworkRequest [ REQUEST id=384, [ Capabilities: INTERNET&NOT_RESTRICTED&TRUSTED&NOT_VCN_MANAGED Uid: 10208 RequestorUid: 1000 RequestorPkg: android UnderlyingNetworks: Null] ]
09-23 20:26:19.354   779   868 D EGL_emulation: app_time_stats: avg=17.28ms min=3.29ms max=63.26ms count=53
09-23 20:26:19.386 11811 11811 I GoogleInputMethodService: GoogleInputMethodService.onFinishInput():3227
09-23 20:26:19.388 12330 12778 I FontLog : (REDACTED) Received query %s, URI %s
09-23 20:26:19.388 12330 12778 I FontLog : (REDACTED) Query [%s] resolved to %s
09-23 20:26:19.390 12330 12778 I FontLog : (REDACTED) Fetch %s end status %s
09-23 20:26:19.395 12330 12344 I FontLog : (REDACTED) Pulling font file for id = %d, cache size = %d
09-23 20:26:19.396 11811 11811 I GoogleInputMethodService: GoogleInputMethodService.updateDeviceLockedStatus():2087 repeatCheckTimes = 0, unlocked = true
09-23 20:26:19.398 11811 11811 I GoogleInputMethodService: GoogleInputMethodService.onStartInput():1877 onStartInput(EditorInfo{inputType=0x0(NULL) imeOptions=0x0 privateImeOptions=null actionName=UNSPECIFIED actionLabel=null actionId=0 initialSelStart=-1 initialSelEnd=-1 initialCapsMode=0x0 hintText=null label=null packageName=com.shareconnect fieldId=-1 fieldName=null extras=null}, false)
09-23 20:26:19.398 11811 11811 I GoogleInputMethodService: GoogleInputMethodService.shouldHideHeaderOnInitialState():4008 ShouldHideHeaderOnInitialState = false
09-23 20:26:19.398 11811 11811 I GoogleInputMethodService: GoogleInputMethodService.updateDeviceLockedStatus():2087 repeatCheckTimes = 2, unlocked = true
09-23 20:26:19.413 12330 12343 I FontLog : (REDACTED) Pulling font file for id = %d, cache size = %d
09-23 20:26:19.529  1581  2228 I AssistantForeground: (REDACTED) Get launcher package: %s
09-23 20:26:19.538   998  1945 D OneSearchSuggestProvider: Shut down the binder channel
09-23 20:26:19.547 11699 11952 I earchbox:search: oneway function results for code 2 on binder at 0xb400007a3951b680 will be dropped but finished with status UNKNOWN_TRANSACTION
09-23 20:26:19.547   998 24438 I s.nexuslauncher: oneway function results for code 2 on binder at 0xb400007a39465490 will be dropped but finished with status UNKNOWN_TRANSACTION
09-23 20:26:19.600   488   502 W InputManager-JNI: Input channel object 'd3bd5ec Splash Screen com.shareconnect (client)' was disposed without first being removed with the input manager!
09-23 20:26:20.364   779   868 D EGL_emulation: app_time_stats: avg=6.89ms min=1.30ms max=50.98ms count=53
09-23 20:26:20.424 13343 13343 V Console : onCreate()
09-23 20:26:20.430 13343 13503 I Console : New token available: f4z_YQ5SQqKtL_qx1FlgVD:APA91bEJwKajEjS2r6_Fsb-76WgtelRdSUMtHq-n0P_iwZG1OQBu6i3soCLHiIiDWA2_H-A0KfUVJpRCKpcdJl5Xg79LrVOu8hSnTqI7Gw02Rs9Zm9M7BjM
09-23 20:26:22.049 12330 12330 W ThreadPoolForeg: type=1400 audit(0.0:1942): avc: denied { write } for name="traced_producer" dev="tmpfs" ino=647 scontext=u:r:gmscore_app:s0:c512,c768 tcontext=u:object_r:traced_producer_socket:s0 tclass=sock_file permissive=0 app=com.google.android.gms
09-23 20:26:23.458 13343 13504 D ProfileInstaller: Installing profile for com.shareconnect
09-23 20:26:24.597 13343 13461 W FileTestStorage: Output properties is not supported.
09-23 20:26:24.599 13343 13461 I Tracing : Tracer added: class androidx.test.platform.tracing.AndroidXTracer
09-23 20:26:24.612 13343 13461 D EventInjectionStrategy: Creating injection strategy with input manager.
09-23 20:26:24.613 13343 13461 W om.shareconnect: Accessing hidden method Landroid/hardware/input/InputManager;->getInstance()Landroid/hardware/input/InputManager; (unsupported, reflection, allowed)
09-23 20:26:24.613 13343 13461 W om.shareconnect: Accessing hidden method Landroid/hardware/input/InputManager;->injectInputEvent(Landroid/view/InputEvent;I)Z (unsupported, reflection, allowed)
09-23 20:26:24.613 13343 13461 W om.shareconnect: Accessing hidden field Landroid/hardware/input/InputManager;->INJECT_INPUT_EVENT_MODE_WAIT_FOR_FINISH:I (unsupported, reflection, allowed)
09-23 20:26:24.640 13343 13343 W om.shareconnect: Accessing hidden method Landroid/os/MessageQueue;->next()Landroid/os/Message; (unsupported, reflection, allowed)
09-23 20:26:24.640 13343 13343 W om.shareconnect: Accessing hidden field Landroid/os/MessageQueue;->mMessages:Landroid/os/Message; (unsupported, reflection, allowed)
09-23 20:26:24.640 13343 13343 W om.shareconnect: Accessing hidden method Landroid/os/Message;->recycleUnchecked()V (unsupported, reflection, allowed)
09-23 20:26:24.642 13343 13343 W om.shareconnect: Accessing hidden method Landroid/view/WindowManagerGlobal;->getInstance()Landroid/view/WindowManagerGlobal; (unsupported, reflection, allowed)
09-23 20:26:24.642 13343 13343 W om.shareconnect: Accessing hidden field Landroid/view/WindowManagerGlobal;->mViews:Ljava/util/ArrayList; (unsupported, reflection, allowed)
09-23 20:26:24.642 13343 13343 W om.shareconnect: Accessing hidden field Landroid/view/WindowManagerGlobal;->mParams:Ljava/util/ArrayList; (unsupported, reflection, allowed)
09-23 20:26:24.645 13343 13343 I ViewInteraction: Performing 'scroll to' action on view view.getId() is <2131230859/com.shareconnect:id/buttonSettings>
09-23 20:26:24.646 13343 13343 I ScrollToAction: View is already displayed. Returning.
09-23 20:26:24.650 13343 13343 I ViewInteraction: Checking 'MatchesViewAssertion{viewMatcher=(view has effective visibility <VISIBLE> and view.getGlobalVisibleRect() to return non-empty rectangle)}' assertion on view view.getId() is <2131230859/com.shareconnect:id/buttonSettings>
09-23 20:26:24.654 13343 13343 I ViewInteraction: Checking 'MatchesViewAssertion{viewMatcher=view.isClickable() is <true>}' assertion on view view.getId() is <2131230859/com.shareconnect:id/buttonSettings>
09-23 20:26:24.660 13343 13343 I ViewInteraction: Performing 'scroll to' action on view view.getId() is <2131230852/com.shareconnect:id/buttonOpenMeTube>
09-23 20:26:24.662 13343 13343 I ScrollToAction: View is already displayed. Returning.
09-23 20:26:24.669 13343 13343 I ViewInteraction: Checking 'MatchesViewAssertion{viewMatcher=(view has effective visibility <VISIBLE> and view.getGlobalVisibleRect() to return non-empty rectangle)}' assertion on view view.getId() is <2131230852/com.shareconnect:id/buttonOpenMeTube>
09-23 20:26:24.674 13343 13343 I ViewInteraction: Checking 'MatchesViewAssertion{viewMatcher=view.isClickable() is <true>}' assertion on view view.getId() is <2131230852/com.shareconnect:id/buttonOpenMeTube>
09-23 20:26:24.681 13343 13343 I ViewInteraction: Performing 'scroll to' action on view view.getId() is <2131230851/com.shareconnect:id/buttonHistory>
09-23 20:26:24.682 13343 13343 I ScrollToAction: View is already displayed. Returning.
09-23 20:26:24.686 13343 13343 I ViewInteraction: Checking 'MatchesViewAssertion{viewMatcher=(view has effective visibility <VISIBLE> and view.getGlobalVisibleRect() to return non-empty rectangle)}' assertion on view view.getId() is <2131230851/com.shareconnect:id/buttonHistory>
09-23 20:26:24.689 13343 13343 I ViewInteraction: Checking 'MatchesViewAssertion{viewMatcher=view.isClickable() is <true>}' assertion on view view.getId() is <2131230851/com.shareconnect:id/buttonHistory>
09-23 20:26:24.692 13343 13343 I ViewInteraction: Performing 'scroll to' action on view view.getId() is <2131230970/com.shareconnect:id/fabAdd>
09-23 20:26:24.696 13343 13343 I ViewInteraction: Checking 'MatchesViewAssertion{viewMatcher=(view has effective visibility <VISIBLE> and view.getGlobalVisibleRect() to return non-empty rectangle)}' assertion on view view.getId() is <2131230970/com.shareconnect:id/fabAdd>
09-23 20:26:24.697 13343 13343 I ViewInteraction: Checking 'MatchesViewAssertion{viewMatcher=view.isClickable() is <true>}' assertion on view view.getId() is <2131230970/com.shareconnect:id/fabAdd>
09-23 20:26:24.744 13343 13343 V Console : Activity lifecycle :: PRE-PAUSED :: MainActivity
09-23 20:26:24.744 13343 13343 D Console : Activity lifecycle :: Top activity: MainActivity
09-23 20:26:24.745 13343 13343 D FirebaseSessions: App backgrounded on com.shareconnect
09-23 20:26:24.751 13343 13343 V Console : Activity lifecycle :: PAUSED :: MainActivity
09-23 20:26:24.752 13343 13343 V Console : Foreground activity counter :: AtomicIntWrapper :: 12312792 :: 227589169 :: Decremented to: 0
09-23 20:26:24.752 13343 13343 D LifecycleMonitor: Lifecycle status change: com.shareconnect.MainActivity@aef6c29 in: PAUSED
09-23 20:26:24.752 13343 13343 V ActivityScenario: Update currentActivityStage to PAUSED, currentActivity=com.shareconnect.MainActivity@aef6c29
09-23 20:26:24.768 13343 13343 D LifecycleMonitor: Lifecycle status change: androidx.test.core.app.InstrumentationActivityInvoker$EmptyActivity@d236dc7 in: PRE_ON_CREATE
09-23 20:26:24.769 13343 13343 V ActivityScenario: Activity lifecycle changed event received but ignored because the intent does not match. startActivityIntent=Intent { act=android.intent.action.MAIN cat=[android.intent.category.LAUNCHER] flg=0x10008000 cmp=com.shareconnect/.MainActivity }, activity.getIntent()=Intent { act=android.intent.action.MAIN cat=[android.intent.category.LAUNCHER] flg=0x10000000 cmp=com.shareconnect/androidx.test.core.app.InstrumentationActivityInvoker$EmptyActivity }, activity=androidx.test.core.app.InstrumentationActivityInvoker$EmptyActivity@d236dc7
09-23 20:26:24.800 13343 13476 D EGL_emulation: app_time_stats: avg=791.85ms min=7.00ms max=5219.53ms count=7
09-23 20:26:24.802 13343 13343 D LifecycleMonitor: Lifecycle status change: androidx.test.core.app.InstrumentationActivityInvoker$EmptyActivity@d236dc7 in: CREATED
09-23 20:26:24.802 13343 13343 V ActivityScenario: Activity lifecycle changed event received but ignored because the intent does not match. startActivityIntent=Intent { act=android.intent.action.MAIN cat=[android.intent.category.LAUNCHER] flg=0x10008000 cmp=com.shareconnect/.MainActivity }, activity.getIntent()=Intent { act=android.intent.action.MAIN cat=[android.intent.category.LAUNCHER] flg=0x10000000 cmp=com.shareconnect/androidx.test.core.app.InstrumentationActivityInvoker$EmptyActivity }, activity=androidx.test.core.app.InstrumentationActivityInvoker$EmptyActivity@d236dc7
09-23 20:26:24.805 13343 13343 D LifecycleMonitor: Lifecycle status change: androidx.test.core.app.InstrumentationActivityInvoker$EmptyActivity@d236dc7 in: STARTED
09-23 20:26:24.805 13343 13343 V ActivityScenario: Activity lifecycle changed event received but ignored because the intent does not match. startActivityIntent=Intent { act=android.intent.action.MAIN cat=[android.intent.category.LAUNCHER] flg=0x10008000 cmp=com.shareconnect/.MainActivity }, activity.getIntent()=Intent { act=android.intent.action.MAIN cat=[android.intent.category.LAUNCHER] flg=0x10000000 cmp=com.shareconnect/androidx.test.core.app.InstrumentationActivityInvoker$EmptyActivity }, activity=androidx.test.core.app.InstrumentationActivityInvoker$EmptyActivity@d236dc7
09-23 20:26:24.812 13343 13343 D FirebaseSessions: App foregrounded on com.shareconnect
09-23 20:26:24.818 13343 13343 V Console : Activity lifecycle :: RESUMED :: EmptyActivity
09-23 20:26:24.818 13343 13343 V Console : Foreground activity counter :: AtomicIntWrapper :: 12312792 :: 227589169 :: Value of: 0
09-23 20:26:24.819 13343 13343 I Console : Activity lifecycle :: Main state :: Foreground
09-23 20:26:24.819 13343 13343 V Console : Foreground activity counter :: AtomicIntWrapper :: 12312792 :: 227589169 :: Incremented to: 1
09-23 20:26:24.820 13343 13343 D LifecycleMonitor: Lifecycle status change: androidx.test.core.app.InstrumentationActivityInvoker$EmptyActivity@d236dc7 in: RESUMED
09-23 20:26:24.820 13343 13343 V ActivityScenario: Activity lifecycle changed event received but ignored because the intent does not match. startActivityIntent=Intent { act=android.intent.action.MAIN cat=[android.intent.category.LAUNCHER] flg=0x10008000 cmp=com.shareconnect/.MainActivity }, activity.getIntent()=Intent { act=android.intent.action.MAIN cat=[android.intent.category.LAUNCHER] flg=0x10000000 cmp=com.shareconnect/androidx.test.core.app.InstrumentationActivityInvoker$EmptyActivity }, activity=androidx.test.core.app.InstrumentationActivityInvoker$EmptyActivity@d236dc7
09-23 20:26:24.821 13343 13343 V Console : Activity lifecycle :: POST-RESUMED :: EmptyActivity
09-23 20:26:24.823 13343 13476 W Parcel  : Expecting binder but got null!
09-23 20:26:24.882 13343 13476 E OpenGLRenderer: Unable to match the desired swap behavior.
09-23 20:26:24.901   488   503 I ActivityTaskManager: Displayed com.shareconnect/androidx.test.core.app.InstrumentationActivityInvoker$EmptyActivity: +198ms
09-23 20:26:24.932 13343 13343 V Console : Activity lifecycle :: PRE-STOPPED :: MainActivity
09-23 20:26:24.947 13343 13343 V Console : Activity lifecycle :: STOPPED :: MainActivity
09-23 20:26:24.948 13343 13343 D LifecycleMonitor: Lifecycle status change: com.shareconnect.MainActivity@aef6c29 in: STOPPED
09-23 20:26:24.948 13343 13343 V ActivityScenario: Update currentActivityStage to STOPPED, currentActivity=com.shareconnect.MainActivity@aef6c29
09-23 20:26:24.948 13343 13343 V Console : Activity lifecycle :: POST-STOPPED :: MainActivity
09-23 20:26:24.952 13343 13343 V Console : Activity lifecycle :: PRE-DESTROYED :: MainActivity
09-23 20:26:24.953 13343 13343 V Console : Activity lifecycle :: DESTROYED :: MainActivity
09-23 20:26:24.956 13343 13343 D LifecycleMonitor: Lifecycle status change: com.shareconnect.MainActivity@aef6c29 in: DESTROYED
09-23 20:26:24.956 13343 13343 V ActivityScenario: Update currentActivityStage to DESTROYED, currentActivity=null
09-23 20:26:24.966   488   502 W InputManager-JNI: Input channel object '236974d com.shareconnect/com.shareconnect.MainActivity (client)' was disposed without first being removed with the input manager!
09-23 20:26:24.974 11699 12019 V ClearcutMetricXmitter: Transmission is done.
09-23 20:26:24.982 11811 11811 I GoogleInputMethodService: GoogleInputMethodService.onFinishInput():3227
09-23 20:26:24.985 11811 11811 I GoogleInputMethodService: GoogleInputMethodService.updateDeviceLockedStatus():2087 repeatCheckTimes = 0, unlocked = true
09-23 20:26:24.985 11811 11811 I GoogleInputMethodService: GoogleInputMethodService.onStartInput():1877 onStartInput(EditorInfo{inputType=0x0(NULL) imeOptions=0x0 privateImeOptions=null actionName=UNSPECIFIED actionLabel=null actionId=0 initialSelStart=-1 initialSelEnd=-1 initialCapsMode=0x0 hintText=null label=null packageName=com.shareconnect fieldId=-1 fieldName=null extras=null}, false)
09-23 20:26:24.985 11811 11811 I GoogleInputMethodService: GoogleInputMethodService.shouldHideHeaderOnInitialState():4008 ShouldHideHeaderOnInitialState = false
09-23 20:26:24.988 11811 11811 I GoogleInputMethodService: GoogleInputMethodService.updateDeviceLockedStatus():2087 repeatCheckTimes = 2, unlocked = true
09-23 20:26:24.997 13343 13461 I TestRunner: finished: testAccessibilityLabels(com.shareconnect.automation.AccessibilityAutomationTest)
