09-23 20:27:17.068 13343 13343 I Console : Activity lifecycle :: Main state :: Foreground
09-23 20:27:17.068 13343 13343 V Console : Foreground activity counter :: AtomicIntWrapper :: 12312792 :: 227589169 :: Incremented to: 1
09-23 20:27:17.069 13343 13343 D Console : hasThemeChanged() returned: false
09-23 20:27:17.069 13343 13343 D Console : onResume() called, themeChanged: false
09-23 20:27:17.069 13343 13343 D LifecycleMonitor: Lifecycle status change: com.shareconnect.MainActivity@b506999 in: RESUMED
09-23 20:27:17.069 13343 13343 V ActivityScenario: Update currentActivityStage to RESUMED, currentActivity=com.shareconnect.MainActivity@b506999
09-23 20:27:17.069 13343 13343 V Console : Activity lifecycle :: POST-RESUMED :: MainActivity
09-23 20:27:17.080 13343 13476 E OpenGLRenderer: Unable to match the desired swap behavior.
09-23 20:27:17.108 13343 13476 D EGL_emulation: app_time_stats: avg=76.21ms min=4.08ms max=851.07ms count=14
09-23 20:27:17.111   488 13626 W Parcel  : Expecting binder but got null!
09-23 20:27:17.115   488 13626 W Parcel  : Expecting binder but got null!
09-23 20:27:17.125 11811 11811 I GoogleInputMethodService: GoogleInputMethodService.onFinishInput():3227
09-23 20:27:17.126 11811 11811 I GoogleInputMethodService: GoogleInputMethodService.updateDeviceLockedStatus():2087 repeatCheckTimes = 0, unlocked = true
09-23 20:27:17.126 11811 11811 I GoogleInputMethodService: GoogleInputMethodService.onStartInput():1877 onStartInput(EditorInfo{inputType=0x0(NULL) imeOptions=0x0 privateImeOptions=null actionName=UNSPECIFIED actionLabel=null actionId=0 initialSelStart=-1 initialSelEnd=-1 initialCapsMode=0x0 hintText=null label=null packageName=com.shareconnect fieldId=-1 fieldName=null extras=null}, false)
09-23 20:27:17.126 11811 11811 I GoogleInputMethodService: GoogleInputMethodService.shouldHideHeaderOnInitialState():4008 ShouldHideHeaderOnInitialState = false
09-23 20:27:17.126 11811 11811 I GoogleInputMethodService: GoogleInputMethodService.updateDeviceLockedStatus():2087 repeatCheckTimes = 2, unlocked = true
09-23 20:27:17.564 13343 13710 V Console : Foreground activity counter :: AtomicIntWrapper :: 12312792 :: 227589169 :: Value of: 1
09-23 20:27:17.576 13343 13343 V Console : Activity lifecycle :: PRE-STOPPED :: SettingsActivity
09-23 20:27:17.577 13343 13343 V Console : Activity lifecycle :: STOPPED :: SettingsActivity
09-23 20:27:17.577 13343 13343 D LifecycleMonitor: Lifecycle status change: com.shareconnect.SettingsActivity@64d6bc2 in: STOPPED
09-23 20:27:17.577 13343 13343 V ActivityScenario: Activity lifecycle changed event received but ignored because the intent does not match. startActivityIntent=Intent { act=android.intent.action.MAIN cat=[android.intent.category.LAUNCHER] flg=0x10008000 cmp=com.shareconnect/.MainActivity }, activity.getIntent()=Intent { cmp=com.shareconnect/.SettingsActivity }, activity=com.shareconnect.SettingsActivity@64d6bc2
09-23 20:27:17.577 13343 13343 V Console : Activity lifecycle :: POST-STOPPED :: SettingsActivity
09-23 20:27:17.578 13343 13343 V Console : Activity lifecycle :: PRE-DESTROYED :: SettingsActivity
09-23 20:27:17.578 13343 13343 V Console : Activity lifecycle :: DESTROYED :: SettingsActivity
09-23 20:27:17.579 13343 13343 D LifecycleMonitor: Lifecycle status change: com.shareconnect.SettingsActivity@64d6bc2 in: DESTROYED
09-23 20:27:17.579 13343 13343 V ActivityScenario: Activity lifecycle changed event received but ignored because the intent does not match. startActivityIntent=Intent { act=android.intent.action.MAIN cat=[android.intent.category.LAUNCHER] flg=0x10008000 cmp=com.shareconnect/.MainActivity }, activity.getIntent()=Intent { cmp=com.shareconnect/.SettingsActivity }, activity=com.shareconnect.SettingsActivity@64d6bc2
09-23 20:27:17.581   488  1212 W InputManager-JNI: Input channel object '6492875 com.shareconnect/com.shareconnect.SettingsActivity (client)' was disposed without first being removed with the input manager!
09-23 20:27:17.609 13343 13343 I ViewInteraction: Performing 'scroll to' action on view view.getId() is <2131230851/com.shareconnect:id/buttonHistory>
09-23 20:27:17.609 13343 13343 I ScrollToAction: View is already displayed. Returning.
09-23 20:27:17.610 13343 13343 I ViewInteraction: Performing 'single click' action on view view.getId() is <2131230851/com.shareconnect:id/buttonHistory>
09-23 20:27:17.674 13343 13343 V Console : Activity lifecycle :: PRE-PAUSED :: MainActivity
09-23 20:27:17.674 13343 13343 D Console : Activity lifecycle :: Top activity: MainActivity
09-23 20:27:17.674 13343 13343 D FirebaseSessions: App backgrounded on com.shareconnect
09-23 20:27:17.676 13343 13343 V Console : Activity lifecycle :: PAUSED :: MainActivity
09-23 20:27:17.676 13343 13343 V Console : Foreground activity counter :: AtomicIntWrapper :: 12312792 :: 227589169 :: Decremented to: 0
09-23 20:27:17.676 13343 13343 D LifecycleMonitor: Lifecycle status change: com.shareconnect.MainActivity@b506999 in: PAUSED
09-23 20:27:17.676 13343 13343 V ActivityScenario: Update currentActivityStage to PAUSED, currentActivity=com.shareconnect.MainActivity@b506999
09-23 20:27:17.681 13343 13343 D LifecycleMonitor: Lifecycle status change: com.shareconnect.HistoryActivity@962d5b2 in: PRE_ON_CREATE
09-23 20:27:17.681 13343 13343 V ActivityScenario: Activity lifecycle changed event received but ignored because the intent does not match. startActivityIntent=Intent { act=android.intent.action.MAIN cat=[android.intent.category.LAUNCHER] flg=0x10008000 cmp=com.shareconnect/.MainActivity }, activity.getIntent()=Intent { cmp=com.shareconnect/.HistoryActivity }, activity=com.shareconnect.HistoryActivity@962d5b2
09-23 20:27:17.681 13343 13343 D Console : getDefaultTheme() returned: Warm Orange Light (ID: 1, isDefault: true)
09-23 20:27:17.681 13343 13343 D Console : getDefaultTheme() returned: Warm Orange Light (ID: 1, isDefault: true)
09-23 20:27:17.681 13343 13343 D Console : Applying theme: Warm Orange Light, colorScheme: warm_orange, isDarkMode: false, currentTheme: WARM_ORANGE_LIGHT
09-23 20:27:17.681 13343 13343 D Console : Activity HistoryActivity usesToolbar: true
09-23 20:27:17.682 13343 13343 D Console : Setting night mode to NO
09-23 20:27:17.703 13343 13343 D LifecycleMonitor: Lifecycle status change: com.shareconnect.HistoryActivity@962d5b2 in: CREATED
09-23 20:27:17.703 13343 13343 V ActivityScenario: Activity lifecycle changed event received but ignored because the intent does not match. startActivityIntent=Intent { act=android.intent.action.MAIN cat=[android.intent.category.LAUNCHER] flg=0x10008000 cmp=com.shareconnect/.MainActivity }, activity.getIntent()=Intent { cmp=com.shareconnect/.HistoryActivity }, activity=com.shareconnect.HistoryActivity@962d5b2
09-23 20:27:17.704 13343 13343 D LifecycleMonitor: Lifecycle status change: com.shareconnect.HistoryActivity@962d5b2 in: STARTED
09-23 20:27:17.704 13343 13343 V ActivityScenario: Activity lifecycle changed event received but ignored because the intent does not match. startActivityIntent=Intent { act=android.intent.action.MAIN cat=[android.intent.category.LAUNCHER] flg=0x10008000 cmp=com.shareconnect/.MainActivity }, activity.getIntent()=Intent { cmp=com.shareconnect/.HistoryActivity }, activity=com.shareconnect.HistoryActivity@962d5b2
09-23 20:27:17.705 13343 13343 D FirebaseSessions: App foregrounded on com.shareconnect
09-23 20:27:17.709 13343 13343 V Console : Activity lifecycle :: RESUMED :: HistoryActivity
09-23 20:27:17.709 13343 13343 V Console : Foreground activity counter :: AtomicIntWrapper :: 12312792 :: 227589169 :: Value of: 0
09-23 20:27:17.709 13343 13343 I Console : Activity lifecycle :: Main state :: Foreground
09-23 20:27:17.709 13343 13343 V Console : Foreground activity counter :: AtomicIntWrapper :: 12312792 :: 227589169 :: Incremented to: 1
09-23 20:27:17.709 13343 13343 D Console : hasThemeChanged() returned: false
09-23 20:27:17.710 13343 13343 D LifecycleMonitor: Lifecycle status change: com.shareconnect.HistoryActivity@962d5b2 in: RESUMED
09-23 20:27:17.710 13343 13343 V ActivityScenario: Activity lifecycle changed event received but ignored because the intent does not match. startActivityIntent=Intent { act=android.intent.action.MAIN cat=[android.intent.category.LAUNCHER] flg=0x10008000 cmp=com.shareconnect/.MainActivity }, activity.getIntent()=Intent { cmp=com.shareconnect/.HistoryActivity }, activity=com.shareconnect.HistoryActivity@962d5b2
09-23 20:27:17.710 13343 13343 V Console : Activity lifecycle :: POST-RESUMED :: HistoryActivity
09-23 20:27:17.712 13343 13476 W Parcel  : Expecting binder but got null!
09-23 20:27:17.725 13343 13476 E OpenGLRenderer: Unable to match the desired swap behavior.
09-23 20:27:17.737   488   503 I ActivityTaskManager: Displayed com.shareconnect/.HistoryActivity: +78ms
09-23 20:27:17.746   488 13626 W Parcel  : Expecting binder but got null!
09-23 20:27:17.752   488 13626 W Parcel  : Expecting binder but got null!
09-23 20:27:17.845 11811 11811 I GoogleInputMethodService: GoogleInputMethodService.onFinishInput():3227
09-23 20:27:17.846 11811 11811 I GoogleInputMethodService: GoogleInputMethodService.updateDeviceLockedStatus():2087 repeatCheckTimes = 0, unlocked = true
09-23 20:27:17.846 11811 11811 I GoogleInputMethodService: GoogleInputMethodService.onStartInput():1877 onStartInput(EditorInfo{inputType=0x0(NULL) imeOptions=0x0 privateImeOptions=null actionName=UNSPECIFIED actionLabel=null actionId=0 initialSelStart=-1 initialSelEnd=-1 initialCapsMode=0x0 hintText=null label=null packageName=com.shareconnect fieldId=-1 fieldName=null extras=null}, false)
09-23 20:27:17.846 11811 11811 I GoogleInputMethodService: GoogleInputMethodService.shouldHideHeaderOnInitialState():4008 ShouldHideHeaderOnInitialState = false
09-23 20:27:17.846 11811 11811 I GoogleInputMethodService: GoogleInputMethodService.updateDeviceLockedStatus():2087 repeatCheckTimes = 2, unlocked = true
09-23 20:27:18.097 11307 11307 W ThreadPoolForeg: type=1400 audit(0.0:1945): avc: denied { write } for name="traced_producer" dev="tmpfs" ino=647 scontext=u:r:gmscore_app:s0:c512,c768 tcontext=u:object_r:traced_producer_socket:s0 tclass=sock_file permissive=0 app=com.google.android.gms
09-23 20:27:18.144 13343 13476 D EGL_emulation: app_time_stats: avg=28.44ms min=14.19ms max=418.51ms count=37
09-23 20:27:18.177 13343 13715 V Console : Foreground activity counter :: AtomicIntWrapper :: 12312792 :: 227589169 :: Value of: 1
09-23 20:27:18.224 13343 13476 D OpenGLRenderer: endAllActiveAnimators on 0xb400007b294476c0 (RippleDrawable) with handle 0xb400007a39464dd0
09-23 20:27:18.227 13343 13343 V Console : Activity lifecycle :: PRE-STOPPED :: MainActivity
09-23 20:27:18.228 13343 13343 V Console : Activity lifecycle :: STOPPED :: MainActivity
09-23 20:27:18.228 13343 13343 D LifecycleMonitor: Lifecycle status change: com.shareconnect.MainActivity@b506999 in: STOPPED
09-23 20:27:18.228 13343 13343 V ActivityScenario: Update currentActivityStage to STOPPED, currentActivity=com.shareconnect.MainActivity@b506999
09-23 20:27:18.228 13343 13343 V Console : Activity lifecycle :: POST-STOPPED :: MainActivity
09-23 20:27:18.752 13343 13343 V Console : Activity lifecycle :: PRE-PAUSED :: HistoryActivity
09-23 20:27:18.752 13343 13343 D Console : Activity lifecycle :: Top activity: HistoryActivity
09-23 20:27:18.752 13343 13343 D FirebaseSessions: App backgrounded on com.shareconnect
09-23 20:27:18.756 13343 13343 V Console : Activity lifecycle :: PAUSED :: HistoryActivity
09-23 20:27:18.757 13343 13343 V Console : Foreground activity counter :: AtomicIntWrapper :: 12312792 :: 227589169 :: Decremented to: 0
09-23 20:27:18.757 13343 13343 D LifecycleMonitor: Lifecycle status change: com.shareconnect.HistoryActivity@962d5b2 in: PAUSED
09-23 20:27:18.757 13343 13343 V ActivityScenario: Activity lifecycle changed event received but ignored because the intent does not match. startActivityIntent=Intent { act=android.intent.action.MAIN cat=[android.intent.category.LAUNCHER] flg=0x10008000 cmp=com.shareconnect/.MainActivity }, activity.getIntent()=Intent { cmp=com.shareconnect/.HistoryActivity }, activity=com.shareconnect.HistoryActivity@962d5b2
09-23 20:27:18.764 13343 13343 D LifecycleMonitor: Lifecycle status change: com.shareconnect.MainActivity@b506999 in: RESTARTED
09-23 20:27:18.764 13343 13343 V ActivityScenario: Update currentActivityStage to RESTARTED, currentActivity=com.shareconnect.MainActivity@b506999
09-23 20:27:18.764 13343 13343 D LifecycleMonitor: Lifecycle status change: com.shareconnect.MainActivity@b506999 in: STARTED
09-23 20:27:18.764 13343 13343 V ActivityScenario: Update currentActivityStage to STARTED, currentActivity=com.shareconnect.MainActivity@b506999
09-23 20:27:18.765 13343 13343 D FirebaseSessions: App foregrounded on com.shareconnect
09-23 20:27:18.772 13343 13343 V Console : Activity lifecycle :: RESUMED :: MainActivity
09-23 20:27:18.772 13343 13343 V Console : Foreground activity counter :: AtomicIntWrapper :: 12312792 :: 227589169 :: Value of: 0
09-23 20:27:18.773 13343 13343 I Console : Activity lifecycle :: Main state :: Foreground
09-23 20:27:18.773 13343 13343 V Console : Foreground activity counter :: AtomicIntWrapper :: 12312792 :: 227589169 :: Incremented to: 1
09-23 20:27:18.773 13343 13343 D Console : hasThemeChanged() returned: false
09-23 20:27:18.773 13343 13343 D Console : onResume() called, themeChanged: false
09-23 20:27:18.773 13343 13343 D LifecycleMonitor: Lifecycle status change: com.shareconnect.MainActivity@b506999 in: RESUMED
09-23 20:27:18.773 13343 13343 V ActivityScenario: Update currentActivityStage to RESUMED, currentActivity=com.shareconnect.MainActivity@b506999
09-23 20:27:18.776 13343 13343 V Console : Activity lifecycle :: POST-RESUMED :: MainActivity
09-23 20:27:18.781 13343 13476 E OpenGLRenderer: Unable to match the desired swap behavior.
09-23 20:27:18.811 13343 13476 D EGL_emulation: app_time_stats: avg=82.87ms min=9.75ms max=852.84ms count=13
09-23 20:27:18.813   488 13626 W Parcel  : Expecting binder but got null!
09-23 20:27:18.816   488 13626 W Parcel  : Expecting binder but got null!
09-23 20:27:18.828 11811 11811 I GoogleInputMethodService: GoogleInputMethodService.onFinishInput():3227
09-23 20:27:18.829 11811 11811 I GoogleInputMethodService: GoogleInputMethodService.updateDeviceLockedStatus():2087 repeatCheckTimes = 0, unlocked = true
09-23 20:27:18.829 11811 11811 I GoogleInputMethodService: GoogleInputMethodService.onStartInput():1877 onStartInput(EditorInfo{inputType=0x0(NULL) imeOptions=0x0 privateImeOptions=null actionName=UNSPECIFIED actionLabel=null actionId=0 initialSelStart=-1 initialSelEnd=-1 initialCapsMode=0x0 hintText=null label=null packageName=com.shareconnect fieldId=-1 fieldName=null extras=null}, false)
09-23 20:27:18.829 11811 11811 I GoogleInputMethodService: GoogleInputMethodService.shouldHideHeaderOnInitialState():4008 ShouldHideHeaderOnInitialState = false
09-23 20:27:18.829 11811 11811 I GoogleInputMethodService: GoogleInputMethodService.updateDeviceLockedStatus():2087 repeatCheckTimes = 2, unlocked = true
09-23 20:27:18.835   488   499 W System  : A resource failed to call HardwareBuffer.close.
09-23 20:27:18.836   488   499 W System  : A resource failed to call HardwareBuffer.close.
09-23 20:27:18.836   488   499 W System  : A resource failed to call HardwareBuffer.close.
09-23 20:27:18.836   488   499 W System  : A resource failed to call HardwareBuffer.close.
09-23 20:27:18.836   488   499 W System  : A resource failed to call HardwareBuffer.close.
09-23 20:27:18.837   488   499 W System  : A resource failed to call HardwareBuffer.close.
09-23 20:27:18.837   488   499 W System  : A resource failed to call HardwareBuffer.close.
09-23 20:27:18.838   488   499 W System  : A resource failed to call HardwareBuffer.close.
09-23 20:27:18.838   488   499 W System  : A resource failed to call HardwareBuffer.close.
09-23 20:27:18.838   488   499 W System  : A resource failed to call HardwareBuffer.close.
09-23 20:27:18.838   488   499 W System  : A resource failed to call HardwareBuffer.close.
09-23 20:27:18.838   488   499 W System  : A resource failed to call HardwareBuffer.close.
09-23 20:27:18.839   488   499 W System  : A resource failed to call HardwareBuffer.close.
09-23 20:27:18.839   488   499 W System  : A resource failed to call HardwareBuffer.close.
09-23 20:27:18.839   488   499 W System  : A resource failed to call HardwareBuffer.close.
09-23 20:27:18.840   488   499 W System  : A resource failed to call HardwareBuffer.close.
09-23 20:27:18.840   488   499 W System  : A resource failed to call HardwareBuffer.close.
09-23 20:27:18.841   488   499 W System  : A resource failed to call release.
09-23 20:27:18.841   488   499 W System  : A resource failed to call HardwareBuffer.close.
09-23 20:27:19.258 13343 13722 V Console : Foreground activity counter :: AtomicIntWrapper :: 12312792 :: 227589169 :: Value of: 1
09-23 20:27:19.277 13343 13343 V Console : Activity lifecycle :: PRE-STOPPED :: HistoryActivity
09-23 20:27:19.278 13343 13343 V Console : Activity lifecycle :: STOPPED :: HistoryActivity
09-23 20:27:19.278 13343 13343 D LifecycleMonitor: Lifecycle status change: com.shareconnect.HistoryActivity@962d5b2 in: STOPPED
09-23 20:27:19.278 13343 13343 V ActivityScenario: Activity lifecycle changed event received but ignored because the intent does not match. startActivityIntent=Intent { act=android.intent.action.MAIN cat=[android.intent.category.LAUNCHER] flg=0x10008000 cmp=com.shareconnect/.MainActivity }, activity.getIntent()=Intent { cmp=com.shareconnect/.HistoryActivity }, activity=com.shareconnect.HistoryActivity@962d5b2
09-23 20:27:19.278 13343 13343 V Console : Activity lifecycle :: POST-STOPPED :: HistoryActivity
09-23 20:27:19.279 13343 13343 V Console : Activity lifecycle :: PRE-DESTROYED :: HistoryActivity
09-23 20:27:19.279 13343 13343 V Console : Activity lifecycle :: DESTROYED :: HistoryActivity
09-23 20:27:19.280 13343 13343 D LifecycleMonitor: Lifecycle status change: com.shareconnect.HistoryActivity@962d5b2 in: DESTROYED
09-23 20:27:19.280 13343 13343 V ActivityScenario: Activity lifecycle changed event received but ignored because the intent does not match. startActivityIntent=Intent { act=android.intent.action.MAIN cat=[android.intent.category.LAUNCHER] flg=0x10008000 cmp=com.shareconnect/.MainActivity }, activity.getIntent()=Intent { cmp=com.shareconnect/.HistoryActivity }, activity=com.shareconnect.HistoryActivity@962d5b2
09-23 20:27:19.282   488  3569 W InputManager-JNI: Input channel object '93ea11f com.shareconnect/com.shareconnect.HistoryActivity (client)' was disposed without first being removed with the input manager!
09-23 20:27:19.309 13343 13343 I ViewInteraction: Performing 'scroll to' action on view view.getId() is <2131230859/com.shareconnect:id/buttonSettings>
09-23 20:27:19.309 13343 13343 I ScrollToAction: View is already displayed. Returning.
09-23 20:27:19.310 13343 13343 I ViewInteraction: Checking 'MatchesViewAssertion{viewMatcher=(view has effective visibility <VISIBLE> and view.getGlobalVisibleRect() to return non-empty rectangle)}' assertion on view view.getId() is <2131230859/com.shareconnect:id/buttonSettings>
09-23 20:27:19.312 13343 13343 I ViewInteraction: Performing 'scroll to' action on view view.getId() is <2131230859/com.shareconnect:id/buttonSettings>
09-23 20:27:19.312 13343 13343 I ScrollToAction: View is already displayed. Returning.
09-23 20:27:19.313 13343 13343 I ViewInteraction: Performing 'single click' action on view view.getId() is <2131230859/com.shareconnect:id/buttonSettings>
09-23 20:27:19.393 13343 13343 V Console : Activity lifecycle :: PRE-PAUSED :: MainActivity
09-23 20:27:19.393 13343 13343 D Console : Activity lifecycle :: Top activity: MainActivity
09-23 20:27:19.394 13343 13343 D FirebaseSessions: App backgrounded on com.shareconnect
09-23 20:27:19.395 13343 13343 V Console : Activity lifecycle :: PAUSED :: MainActivity
09-23 20:27:19.395 13343 13343 V Console : Foreground activity counter :: AtomicIntWrapper :: 12312792 :: 227589169 :: Decremented to: 0
09-23 20:27:19.395 13343 13343 D LifecycleMonitor: Lifecycle status change: com.shareconnect.MainActivity@b506999 in: PAUSED
09-23 20:27:19.395 13343 13343 V ActivityScenario: Update currentActivityStage to PAUSED, currentActivity=com.shareconnect.MainActivity@b506999
09-23 20:27:19.399 13343 13343 D LifecycleMonitor: Lifecycle status change: com.shareconnect.SettingsActivity@dc001c8 in: PRE_ON_CREATE
09-23 20:27:19.400 13343 13343 V ActivityScenario: Activity lifecycle changed event received but ignored because the intent does not match. startActivityIntent=Intent { act=android.intent.action.MAIN cat=[android.intent.category.LAUNCHER] flg=0x10008000 cmp=com.shareconnect/.MainActivity }, activity.getIntent()=Intent { cmp=com.shareconnect/.SettingsActivity }, activity=com.shareconnect.SettingsActivity@dc001c8
09-23 20:27:19.400 13343 13343 D Console : getDefaultTheme() returned: Warm Orange Light (ID: 1, isDefault: true)
09-23 20:27:19.400 13343 13343 D Console : getDefaultTheme() returned: Warm Orange Light (ID: 1, isDefault: true)
09-23 20:27:19.400 13343 13343 D Console : Applying theme: Warm Orange Light, colorScheme: warm_orange, isDarkMode: false, currentTheme: WARM_ORANGE_LIGHT
09-23 20:27:19.400 13343 13343 D Console : Activity SettingsActivity usesToolbar: true
09-23 20:27:19.400 13343 13343 D Console : Setting night mode to NO
09-23 20:27:19.405 13343 13343 D LifecycleMonitor: Lifecycle status change: com.shareconnect.SettingsActivity@dc001c8 in: CREATED
09-23 20:27:19.405 13343 13343 V ActivityScenario: Activity lifecycle changed event received but ignored because the intent does not match. startActivityIntent=Intent { act=android.intent.action.MAIN cat=[android.intent.category.LAUNCHER] flg=0x10008000 cmp=com.shareconnect/.MainActivity }, activity.getIntent()=Intent { cmp=com.shareconnect/.SettingsActivity }, activity=com.shareconnect.SettingsActivity@dc001c8
09-23 20:27:19.409 13343 13343 D LifecycleMonitor: Lifecycle status change: com.shareconnect.SettingsActivity@dc001c8 in: STARTED
09-23 20:27:19.409 13343 13343 V ActivityScenario: Activity lifecycle changed event received but ignored because the intent does not match. startActivityIntent=Intent { act=android.intent.action.MAIN cat=[android.intent.category.LAUNCHER] flg=0x10008000 cmp=com.shareconnect/.MainActivity }, activity.getIntent()=Intent { cmp=com.shareconnect/.SettingsActivity }, activity=com.shareconnect.SettingsActivity@dc001c8
09-23 20:27:19.410 13343 13343 D FirebaseSessions: App foregrounded on com.shareconnect
09-23 20:27:19.412 13343 13343 V Console : Activity lifecycle :: RESUMED :: SettingsActivity
09-23 20:27:19.412 13343 13343 V Console : Foreground activity counter :: AtomicIntWrapper :: 12312792 :: 227589169 :: Value of: 0
09-23 20:27:19.413 13343 13343 I Console : Activity lifecycle :: Main state :: Foreground
09-23 20:27:19.413 13343 13343 V Console : Foreground activity counter :: AtomicIntWrapper :: 12312792 :: 227589169 :: Incremented to: 1
09-23 20:27:19.413 13343 13343 D LifecycleMonitor: Lifecycle status change: com.shareconnect.SettingsActivity@dc001c8 in: RESUMED
09-23 20:27:19.413 13343 13343 V ActivityScenario: Activity lifecycle changed event received but ignored because the intent does not match. startActivityIntent=Intent { act=android.intent.action.MAIN cat=[android.intent.category.LAUNCHER] flg=0x10008000 cmp=com.shareconnect/.MainActivity }, activity.getIntent()=Intent { cmp=com.shareconnect/.SettingsActivity }, activity=com.shareconnect.SettingsActivity@dc001c8
09-23 20:27:19.413 13343 13343 V Console : Activity lifecycle :: POST-RESUMED :: SettingsActivity
09-23 20:27:19.414 13343 13476 W Parcel  : Expecting binder but got null!
09-23 20:27:19.427 13343 13476 E OpenGLRenderer: Unable to match the desired swap behavior.
09-23 20:27:19.434 13343 13358 D StrictMode: StrictMode policy violation: android.os.strictmode.LeakedClosableViolation: A resource was acquired at attached stack trace but never released. See java.io.Closeable for information on avoiding resource leaks.
09-23 20:27:19.434 13343 13358 D StrictMode: 	at android.os.StrictMode$AndroidCloseGuardReporter.report(StrictMode.java:1986)
09-23 20:27:19.434 13343 13358 D StrictMode: 	at dalvik.system.CloseGuard.warnIfOpen(CloseGuard.java:336)
09-23 20:27:19.434 13343 13358 D StrictMode: 	at android.database.sqlite.SQLiteDatabase.dispose(SQLiteDatabase.java:511)
09-23 20:27:19.434 13343 13358 D StrictMode: 	at android.database.sqlite.SQLiteDatabase.finalize(SQLiteDatabase.java:495)
09-23 20:27:19.434 13343 13358 D StrictMode: 	at java.lang.Daemons$FinalizerDaemon.doFinalize(Daemons.java:319)
09-23 20:27:19.434 13343 13358 D StrictMode: 	at java.lang.Daemons$FinalizerDaemon.runInternal(Daemons.java:306)
09-23 20:27:19.434 13343 13358 D StrictMode: 	at java.lang.Daemons$Daemon.run(Daemons.java:140)
09-23 20:27:19.434 13343 13358 D StrictMode: 	at java.lang.Thread.run(Thread.java:1012)
09-23 20:27:19.434 13343 13358 D StrictMode: Caused by: java.lang.Throwable: Explicit termination method 'close' not called
09-23 20:27:19.434 13343 13358 D StrictMode: 	at dalvik.system.CloseGuard.openWithCallSite(CloseGuard.java:288)
09-23 20:27:19.434 13343 13358 D StrictMode: 	at dalvik.system.CloseGuard.open(CloseGuard.java:257)
09-23 20:27:19.434 13343 13358 D StrictMode: 	at android.database.sqlite.SQLiteDatabase.openInner(SQLiteDatabase.java:1086)
09-23 20:27:19.434 13343 13358 D StrictMode: 	at android.database.sqlite.SQLiteDatabase.open(SQLiteDatabase.java:1065)
09-23 20:27:19.434 13343 13358 D StrictMode: 	at android.database.sqlite.SQLiteDatabase.openDatabase(SQLiteDatabase.java:929)
09-23 20:27:19.434 13343 13358 D StrictMode: 	at android.database.sqlite.SQLiteDatabase.openDatabase(SQLiteDatabase.java:918)
09-23 20:27:19.434 13343 13358 D StrictMode: 	at android.database.sqlite.SQLiteOpenHelper.getDatabaseLocked(SQLiteOpenHelper.java:373)
09-23 20:27:19.434 13343 13358 D StrictMode: 	at android.database.sqlite.SQLiteOpenHelper.getWritableDatabase(SQLiteOpenHelper.java:316)
09-23 20:27:19.434 13343 13358 D StrictMode: 	at androidx.sqlite.db.framework.FrameworkSQLiteOpenHelper$OpenHelper.getWritableOrReadableDatabase(FrameworkSQLiteOpenHelper.android.kt:224)
09-23 20:27:19.434 13343 13358 D StrictMode: 	at androidx.sqlite.db.framework.FrameworkSQLiteOpenHelper$OpenHelper.innerGetDatabase(FrameworkSQLiteOpenHelper.android.kt:167)
09-23 20:27:19.434 13343 13358 D StrictMode: 	at androidx.sqlite.db.framework.FrameworkSQLiteOpenHelper$OpenHelper.getSupportDatabase(FrameworkSQLiteOpenHelper.android.kt:141)
09-23 20:27:19.434 13343 13358 D StrictMode: 	at androidx.sqlite.db.framework.FrameworkSQLiteOpenHelper.getWritableDatabase(FrameworkSQLiteOpenHelper.android.kt:96)
09-23 20:27:19.434 13343 13358 D StrictMode: 	at androidx.sqlite.driver.SupportSQLiteDriver.open(SupportSQLiteDriver.android.kt:57)
09-23 20:27:19.434 13343 13358 D StrictMode: 	at androidx.sqlite.driver.SupportSQLiteDriver.open(SupportSQLiteDriver.android.kt:33)
09-23 20:27:19.434 13343 13358 D StrictMode: 	at androidx.room.coroutines.PassthroughConnectionPool.connection$lambda$0(PassthroughConnectionPool.kt:47)
09-23 20:27:19.434 13343 13358 D StrictMode: 	at androidx.room.coroutines.PassthroughConnectionPool.$r8$lambda$5PfN97KPsXXXOapSC9IzcedL70w(Unknown Source:0)
09-23 20:27:19.434 13343 13358 D StrictMode: 	at androidx.room.coroutines.PassthroughConnectionPool$$ExternalSyntheticLambda0.invoke(D8$$SyntheticClass:0)
09-23 20:27:19.434 13343 13358 D StrictMode: 	at kotlin.SynchronizedLazyImpl.getValue(LazyJVM.kt:86)
09-23 20:27:19.434 13343 13358 D StrictMode: 	at androidx.room.coroutines.PassthroughConnectionPool.useConnection(PassthroughConnectionPool.kt:58)
09-23 20:27:19.434 13343 13358 D StrictMode: 	at androidx.room.RoomConnectionManager.useConnection(RoomConnectionManager.android.kt:136)
09-23 20:27:19.434 13343 13358 D StrictMode: 	at androidx.room.RoomDatabase.useConnection(RoomDatabase.android.kt:619)
09-23 20:27:19.434 13343 13358 D StrictMode: 	at androidx.room.util.DBUtil__DBUtil_androidKt$performBlocking$1$1.invokeSuspend(DBUtil.android.kt:260)
09-23 20:27:19.434 13343 13358 D StrictMode: 	at androidx.room.util.DBUtil__DBUtil_androidKt$performBlocking$1$1.invoke(Unknown Source:8)
09-23 20:27:19.434 13343 13358 D StrictMode: 	at androidx.room.util.DBUtil__DBUtil_androidKt$performBlocking$1$1.invoke(Unknown Source:4)
09-23 20:27:19.434 13343 13358 D StrictMode: 	at kotlinx.coroutines.intrinsics.UndispatchedKt.startUndspatched(Undispatched.kt:66)
09-23 20:27:19.434 13343 13358 D StrictMode: 	at kotlinx.coroutines.intrinsics.UndispatchedKt.startUndispatchedOrReturn(Undispatched.kt:43)
09-23 20:27:19.434 13343 13358 D StrictMode: 	at kotlinx.coroutines.BuildersKt__Builders_commonKt.withContext(Builders.common.kt:157)
09-23 20:27:19.434 13343 13358 D StrictMode: 	at kotlinx.coroutines.BuildersKt.withContext(Unknown Source:1)
09-23 20:27:19.434 13343 13358 D StrictMode: 	at androidx.room.util.DBUtil__DBUtil_androidKt$performBlocking$1.invokeSuspend(DBUtil.android.kt:72)
09-23 20:27:19.434 13343 13358 D StrictMode: 	at androidx.room.util.DBUtil__DBUtil_androidKt$performBlocking$1.invoke(Unknown Source:8)
09-23 20:27:19.434 13343 13358 D StrictMode: 	at androidx.room.util.DBUtil__DBUtil_androidKt$performBlocking$1.invoke(Unknown Source:4)
09-23 20:27:19.434 13343 13358 D StrictMode: 	at androidx.room.coroutines.RunBlockingUninterruptible_androidKt$runBlockingUninterruptible$1$1.invokeSuspend(RunBlockingUninterruptible.android.kt:52)
09-23 20:27:19.434 13343 13358 D StrictMode: 	at androidx.room.coroutines.RunBlockingUninterruptible_androidKt$runBlockingUninterruptible$1$1.invoke(Unknown Source:8)
09-23 20:27:19.434 13343 13358 D StrictMode: 	at androidx.room.coroutines.RunBlockingUninterruptible_androidKt$runBlockingUninterruptible$1$1.invoke(Unknown Source:4)
09-23 20:27:19.434 13343 13358 D StrictMode: 	at kotlinx.coroutines.intrinsics.UndispatchedKt.startCoroutineUndispatched(Undispatched.kt:20)
09-23 20:27:19.434 13343 13358 D StrictMode: 	at kotlinx.coroutines.CoroutineStart.invoke(CoroutineStart.kt:360)
09-23 20:27:19.434 13343 13358 D StrictMode: 	at kotlinx.coroutines.AbstractCoroutine.start(AbstractCoroutine.kt:134)
09-23 20:27:19.434 13343 13358 D StrictMode: 	at kotlinx.coroutines.BuildersKt__Builders_commonKt.launch(Builders.common.kt:53)
09-23 20:27:19.434 13343 13358 D StrictMode: 	at kotlinx.coroutines.BuildersKt.launch(Unknown Source:1)
09-23 20:27:19.434 13343 13358 D StrictMode: 	at androidx.room.coroutines.RunBlockingUninterruptible_androidKt$runBlockingUninterruptible$1.invokeSuspend(RunBlockingUninterruptible.android.kt:51)
09-23 20:27:19.434 13343 13358 D StrictMode: 	at kotlin.coroutines.jvm.internal.BaseContinuationImpl.resumeWith(ContinuationImpl.kt:34)
09-23 20:27:19.434 13343 13358 D StrictMode: 	at kotlinx.coroutines.DispatchedTask.run(DispatchedTask.kt:100)
09-23 20:27:19.434 13343 13358 D StrictMode: 	at kotlinx.coroutines.EventLoopImplBase.processNextEvent(EventLoop.common.kt:263)
09-23 20:27:19.434 13343 13358 D StrictMode: 	at kotlinx.coroutines.BlockingCoroutine.joinBlocking(Builders.kt:94)
09-23 20:27:19.434 13343 13358 D StrictMode: 	at kotlinx.coroutines.BuildersKt__BuildersKt.runBlocking(Builders.kt:70)
09-23 20:27:19.434 13343 13358 D StrictMode: 	at kotlinx.coroutines.BuildersKt.runBlocking(Unknown Source:1)
09-23 20:27:19.434 13343 13358 D StrictMode: 	at kotlinx.coroutines.BuildersKt__BuildersKt.runBlocking$default(Builders.kt:48)
09-23 20:27:19.434 13343 13358 D StrictMode: 	at kotlinx.coroutines.BuildersKt.runBlocking$default(Unknown Source:1)
09-23 20:27:19.434 13343 13358 D StrictMode: 	at androidx.room.coroutines.RunBlockingUninterruptible_androidKt.runBlockingUninterruptible(RunBlockingUninterruptible.android.kt:45)
09-23 20:27:19.434 13343 13358 D StrictMode: 	at androidx.room.util.DBUtil__DBUtil_androidKt.performBlocking(DBUtil.android.kt:71)
09-23 20:27:19.434 13343 13358 D StrictMode: 	at androidx.room.util.DBUtil.performBlocking(Unknown Source:1)
09-23 20:27:19.434 13343 13358 D StrictMode: 	at com.shareconnect.database.HistoryItemDao_Impl.getAllHistoryItems(HistoryItemDao_Impl.kt:174)
09-23 20:27:19.434 13343 13358 D StrictMode: 	at com.shareconnect.database.HistoryRepository.getAllHistoryItems(HistoryRepository.kt:29)
09-23 20:27:19.434 13343 13358 D StrictMode: 	at com.shareconnect.HistoryActivity.loadHistoryItems(HistoryActivity.kt:86)
09-23 20:27:19.434 13343 13358 D StrictMode: 	at com.shareconnect.HistoryActivity.onCreate(HistoryActivity.kt:50)
09-23 20:27:19.434 13343 13358 D StrictMode: 	at android.app.Activity.performCreate(Activity.java:8342)
09-23 20:27:19.434 13343 13358 D StrictMode: 	at android.app.Activity.performCreate(Activity.java:8321)
09-23 20:27:19.434 13343 13358 D StrictMode: 	at android.app.Instrumentation.callActivityOnCreate(Instrumentation.java:1417)
09-23 20:27:19.434 13343 13358 D StrictMode: 	at androidx.test.runner.MonitoringInstrumentation.callActivityOnCreate(MonitoringInstrumentation.java:766)
09-23 20:27:19.434 13343 13358 D StrictMode: 	at android.app.ActivityThread.performLaunchActivity(ActivityThread.java:3626)
09-23 20:27:19.434 13343 13358 D StrictMode: 	at android.app.ActivityThread.handleLaunchActivity(ActivityThread.java:3782)
09-23 20:27:19.434 13343 13358 D StrictMode: 	at android.app.servertransaction.LaunchActivityItem.execute(LaunchActivityItem.java:101)
09-23 20:27:19.434 13343 13358 D StrictMode: 	at android.app.servertransaction.TransactionExecutor.executeCallbacks(TransactionExecutor.java:138)
09-23 20:27:19.434 13343 13358 D StrictMode: 	at android.app.servertransaction.TransactionExecutor.execute(TransactionExecutor.java:95)
09-23 20:27:19.434 13343 13358 D StrictMode: 	at android.app.ActivityThread$H.handleMessage(ActivityThread.java:2307)
09-23 20:27:19.434 13343 13358 D StrictMode: 	at android.os.Handler.dispatchMessage(Handler.java:106)
09-23 20:27:19.434 13343 13358 D StrictMode: 	at androidx.test.espresso.base.Interrogator.loopAndInterrogate(Interrogator.java:14)
09-23 20:27:19.434 13343 13358 D StrictMode: 	at androidx.test.espresso.base.UiControllerImpl.loopUntil(UiControllerImpl.java:8)
09-23 20:27:19.434 13343 13358 D StrictMode: 	at androidx.test.espresso.base.UiControllerImpl.loopUntil(UiControllerImpl.java:1)
09-23 20:27:19.434 13343 13358 D StrictMode: 	at androidx.test.espresso.base.UiControllerImpl.injectMotionEvent(UiControllerImpl.java:5)
09-23 20:27:19.434 13343 13358 D StrictMode: 	at androidx.test.espresso.action.MotionEvents.sendUp(MotionEvents.java:7)
09-23 20:27:19.434 13343 13358 D StrictMode: 	at androidx.test.espresso.action.MotionEvents.sendUp(MotionEvents.java:1)
09-23 20:27:19.434 13343 13358 D StrictMode: 	at androidx.test.espresso.action.Tap.sendSingleTap(Tap.java:5)
09-23 20:27:19.434 13343 13358 D StrictMode: 	at androidx.test.espresso.action.Tap.-$$Nest$smsendSingleTap(Unknown Source:0)
09-23 20:27:19.434 13343 13358 D StrictMode: 	at androidx.test.espresso.action.Tap$1.sendTap(Tap.java:3)
09-23 20:27:19.434 13343 13358 D StrictMode: 	at androidx.test.espresso.action.GeneralClickAction.perform(GeneralClickAction.java:6)
09-23 20:27:19.434 13343 13358 D StrictMode: 	at androidx.test.espresso.ViewInteraction$SingleExecutionViewAction.perform(ViewInteraction.java:2)
09-23 20:27:19.434 13343 13358 D StrictMode: 	at androidx.test.espresso.ViewInteraction.doPerform(ViewInteraction.java:25)
09-23 20:27:19.434 13343 13358 D StrictMode: 	at androidx.test.espresso.ViewInteraction.-$$Nest$mdoPerform(Unknown Source:0)
09-23 20:27:19.434 13343 13358 D StrictMode: 	at androidx.test.espresso.ViewInteraction$1.call(ViewInteraction.java:7)
09-23 20:27:19.434 13343 13358 D StrictMode: 	at androidx.test.espresso.ViewInteraction$1.call(ViewInteraction.java:1)
09-23 20:27:19.434 13343 13358 D StrictMode: 	at java.util.concurrent.FutureTask.run(FutureTask.java:264)
09-23 20:27:19.434 13343 13358 D StrictMode: 	at android.os.Handler.handleCallback(Handler.java:942)
09-23 20:27:19.434 13343 13358 D StrictMode: 	at android.os.Handler.dispatchMessage(Handler.java:99)
09-23 20:27:19.434 13343 13358 D StrictMode: 	at android.os.Looper.loopOnce(Looper.java:201)
09-23 20:27:19.434 13343 13358 D StrictMode: 	at android.os.Looper.loop(Looper.java:288)
09-23 20:27:19.434 13343 13358 D StrictMode: 	at android.app.ActivityThread.main(ActivityThread.java:7924)
09-23 20:27:19.434 13343 13358 D StrictMode: 	at java.lang.reflect.Method.invoke(Native Method)
09-23 20:27:19.434 13343 13358 D StrictMode: 	at com.android.internal.os.RuntimeInit$MethodAndArgsCaller.run(RuntimeInit.java:548)
09-23 20:27:19.434 13343 13358 D StrictMode: 	at com.android.internal.os.ZygoteInit.main(ZygoteInit.java:936)
09-23 20:27:19.444   488   503 I ActivityTaskManager: Displayed com.shareconnect/.SettingsActivity: +68ms
09-23 20:27:19.462   488 13626 W Parcel  : Expecting binder but got null!
09-23 20:27:19.468   488 13626 W Parcel  : Expecting binder but got null!
09-23 20:27:19.545 11811 11811 I GoogleInputMethodService: GoogleInputMethodService.onFinishInput():3227
09-23 20:27:19.545 11811 11811 I GoogleInputMethodService: GoogleInputMethodService.updateDeviceLockedStatus():2087 repeatCheckTimes = 0, unlocked = true
09-23 20:27:19.545 11811 11811 I GoogleInputMethodService: GoogleInputMethodService.onStartInput():1877 onStartInput(EditorInfo{inputType=0x0(NULL) imeOptions=0x0 privateImeOptions=null actionName=UNSPECIFIED actionLabel=null actionId=0 initialSelStart=-1 initialSelEnd=-1 initialCapsMode=0x0 hintText=null label=null packageName=com.shareconnect fieldId=-1 fieldName=null extras=null}, false)
09-23 20:27:19.545 11811 11811 I GoogleInputMethodService: GoogleInputMethodService.shouldHideHeaderOnInitialState():4008 ShouldHideHeaderOnInitialState = false
09-23 20:27:19.546 11811 11811 I GoogleInputMethodService: GoogleInputMethodService.updateDeviceLockedStatus():2087 repeatCheckTimes = 2, unlocked = true
09-23 20:27:19.860 13343 13476 D EGL_emulation: app_time_stats: avg=29.74ms min=11.79ms max=434.28ms count=36
09-23 20:27:19.896 13343 13727 V Console : Foreground activity counter :: AtomicIntWrapper :: 12312792 :: 227589169 :: Value of: 1
09-23 20:27:19.925 13343 13476 D OpenGLRenderer: endAllActiveAnimators on 0xb400007b294449b0 (RippleDrawable) with handle 0xb400007a394a74c0
09-23 20:27:19.928 13343 13343 V Console : Activity lifecycle :: PRE-STOPPED :: MainActivity
09-23 20:27:19.929 13343 13343 V Console : Activity lifecycle :: STOPPED :: MainActivity
09-23 20:27:19.929 13343 13343 D LifecycleMonitor: Lifecycle status change: com.shareconnect.MainActivity@b506999 in: STOPPED
09-23 20:27:19.929 13343 13343 V ActivityScenario: Update currentActivityStage to STOPPED, currentActivity=com.shareconnect.MainActivity@b506999
09-23 20:27:19.929 13343 13343 V Console : Activity lifecycle :: POST-STOPPED :: MainActivity
09-23 20:27:20.458 13343 13343 V Console : Activity lifecycle :: PRE-PAUSED :: SettingsActivity
09-23 20:27:20.458 13343 13343 D Console : Activity lifecycle :: Top activity: SettingsActivity
09-23 20:27:20.458 13343 13343 D FirebaseSessions: App backgrounded on com.shareconnect
09-23 20:27:20.462 13343 13343 V Console : Activity lifecycle :: PAUSED :: SettingsActivity
09-23 20:27:20.463 13343 13343 V Console : Foreground activity counter :: AtomicIntWrapper :: 12312792 :: 227589169 :: Decremented to: 0
09-23 20:27:20.464 13343 13343 D LifecycleMonitor: Lifecycle status change: com.shareconnect.SettingsActivity@dc001c8 in: PAUSED
09-23 20:27:20.464 13343 13343 V ActivityScenario: Activity lifecycle changed event received but ignored because the intent does not match. startActivityIntent=Intent { act=android.intent.action.MAIN cat=[android.intent.category.LAUNCHER] flg=0x10008000 cmp=com.shareconnect/.MainActivity }, activity.getIntent()=Intent { cmp=com.shareconnect/.SettingsActivity }, activity=com.shareconnect.SettingsActivity@dc001c8
09-23 20:27:20.468 13343 13343 D LifecycleMonitor: Lifecycle status change: com.shareconnect.MainActivity@b506999 in: RESTARTED
09-23 20:27:20.468 13343 13343 V ActivityScenario: Update currentActivityStage to RESTARTED, currentActivity=com.shareconnect.MainActivity@b506999
09-23 20:27:20.469 13343 13343 D LifecycleMonitor: Lifecycle status change: com.shareconnect.MainActivity@b506999 in: STARTED
09-23 20:27:20.469 13343 13343 V ActivityScenario: Update currentActivityStage to STARTED, currentActivity=com.shareconnect.MainActivity@b506999
09-23 20:27:20.469 13343 13343 D FirebaseSessions: App foregrounded on com.shareconnect
09-23 20:27:20.471 13343 13343 V Console : Activity lifecycle :: RESUMED :: MainActivity
09-23 20:27:20.471 13343 13343 V Console : Foreground activity counter :: AtomicIntWrapper :: 12312792 :: 227589169 :: Value of: 0
09-23 20:27:20.471 13343 13343 I Console : Activity lifecycle :: Main state :: Foreground
09-23 20:27:20.472 13343 13343 V Console : Foreground activity counter :: AtomicIntWrapper :: 12312792 :: 227589169 :: Incremented to: 1
09-23 20:27:20.472 13343 13343 D Console : hasThemeChanged() returned: false
09-23 20:27:20.472 13343 13343 D Console : onResume() called, themeChanged: false
09-23 20:27:20.472 13343 13343 D LifecycleMonitor: Lifecycle status change: com.shareconnect.MainActivity@b506999 in: RESUMED
09-23 20:27:20.472 13343 13343 V ActivityScenario: Update currentActivityStage to RESUMED, currentActivity=com.shareconnect.MainActivity@b506999
09-23 20:27:20.476 13343 13343 V Console : Activity lifecycle :: POST-RESUMED :: MainActivity
09-23 20:27:20.484 13343 13476 E OpenGLRenderer: Unable to match the desired swap behavior.
09-23 20:27:20.510 13343 13476 D EGL_emulation: app_time_stats: avg=71.46ms min=0.86ms max=851.70ms count=14
09-23 20:27:20.512   488 13626 W Parcel  : Expecting binder but got null!
09-23 20:27:20.515   488 13626 W Parcel  : Expecting binder but got null!
09-23 20:27:20.526 11811 11811 I GoogleInputMethodService: GoogleInputMethodService.onFinishInput():3227
09-23 20:27:20.527 11811 11811 I GoogleInputMethodService: GoogleInputMethodService.updateDeviceLockedStatus():2087 repeatCheckTimes = 0, unlocked = true
09-23 20:27:20.527 11811 11811 I GoogleInputMethodService: GoogleInputMethodService.onStartInput():1877 onStartInput(EditorInfo{inputType=0x0(NULL) imeOptions=0x0 privateImeOptions=null actionName=UNSPECIFIED actionLabel=null actionId=0 initialSelStart=-1 initialSelEnd=-1 initialCapsMode=0x0 hintText=null label=null packageName=com.shareconnect fieldId=-1 fieldName=null extras=null}, false)
09-23 20:27:20.527 11811 11811 I GoogleInputMethodService: GoogleInputMethodService.shouldHideHeaderOnInitialState():4008 ShouldHideHeaderOnInitialState = false
09-23 20:27:20.527 11811 11811 I GoogleInputMethodService: GoogleInputMethodService.updateDeviceLockedStatus():2087 repeatCheckTimes = 2, unlocked = true
09-23 20:27:20.966 13343 13734 V Console : Foreground activity counter :: AtomicIntWrapper :: 12312792 :: 227589169 :: Value of: 1
09-23 20:27:20.976 13343 13343 V Console : Activity lifecycle :: PRE-STOPPED :: SettingsActivity
09-23 20:27:20.977 13343 13343 V Console : Activity lifecycle :: STOPPED :: SettingsActivity
09-23 20:27:20.977 13343 13343 D LifecycleMonitor: Lifecycle status change: com.shareconnect.SettingsActivity@dc001c8 in: STOPPED
09-23 20:27:20.977 13343 13343 V ActivityScenario: Activity lifecycle changed event received but ignored because the intent does not match. startActivityIntent=Intent { act=android.intent.action.MAIN cat=[android.intent.category.LAUNCHER] flg=0x10008000 cmp=com.shareconnect/.MainActivity }, activity.getIntent()=Intent { cmp=com.shareconnect/.SettingsActivity }, activity=com.shareconnect.SettingsActivity@dc001c8
09-23 20:27:20.977 13343 13343 V Console : Activity lifecycle :: POST-STOPPED :: SettingsActivity
09-23 20:27:20.978 13343 13343 V Console : Activity lifecycle :: PRE-DESTROYED :: SettingsActivity
09-23 20:27:20.978 13343 13343 V Console : Activity lifecycle :: DESTROYED :: SettingsActivity
09-23 20:27:20.979 13343 13343 D LifecycleMonitor: Lifecycle status change: com.shareconnect.SettingsActivity@dc001c8 in: DESTROYED
09-23 20:27:20.979 13343 13343 V ActivityScenario: Activity lifecycle changed event received but ignored because the intent does not match. startActivityIntent=Intent { act=android.intent.action.MAIN cat=[android.intent.category.LAUNCHER] flg=0x10008000 cmp=com.shareconnect/.MainActivity }, activity.getIntent()=Intent { cmp=com.shareconnect/.SettingsActivity }, activity=com.shareconnect.SettingsActivity@dc001c8
09-23 20:27:20.993 13343 13343 I om.shareconnect: Explicit concurrent copying GC freed 74207(3251KB) AllocSpace objects, 12(500KB) LOS objects, 49% free, 8284KB/16MB, paused 16us,27us total 13.977ms
09-23 20:27:20.997 13343 13358 D StrictMode: StrictMode policy violation: android.os.strictmode.LeakedClosableViolation: A resource was acquired at attached stack trace but never released. See java.io.Closeable for information on avoiding resource leaks.
09-23 20:27:20.997 13343 13358 D StrictMode: 	at android.os.StrictMode$AndroidCloseGuardReporter.report(StrictMode.java:1986)
09-23 20:27:20.997 13343 13358 D StrictMode: 	at dalvik.system.CloseGuard.warnIfOpen(CloseGuard.java:336)
09-23 20:27:20.997 13343 13358 D StrictMode: 	at android.database.sqlite.SQLiteDatabase.dispose(SQLiteDatabase.java:511)
09-23 20:27:20.997 13343 13358 D StrictMode: 	at android.database.sqlite.SQLiteDatabase.finalize(SQLiteDatabase.java:495)
09-23 20:27:20.997 13343 13358 D StrictMode: 	at java.lang.Daemons$FinalizerDaemon.doFinalize(Daemons.java:319)
09-23 20:27:20.997 13343 13358 D StrictMode: 	at java.lang.Daemons$FinalizerDaemon.runInternal(Daemons.java:306)
09-23 20:27:20.997 13343 13358 D StrictMode: 	at java.lang.Daemons$Daemon.run(Daemons.java:140)
09-23 20:27:20.997 13343 13358 D StrictMode: 	at java.lang.Thread.run(Thread.java:1012)
09-23 20:27:20.997 13343 13358 D StrictMode: Caused by: java.lang.Throwable: Explicit termination method 'close' not called
09-23 20:27:20.997 13343 13358 D StrictMode: 	at dalvik.system.CloseGuard.openWithCallSite(CloseGuard.java:288)
09-23 20:27:20.997 13343 13358 D StrictMode: 	at dalvik.system.CloseGuard.open(CloseGuard.java:257)
09-23 20:27:20.997 13343 13358 D StrictMode: 	at android.database.sqlite.SQLiteDatabase.openInner(SQLiteDatabase.java:1086)
09-23 20:27:20.997 13343 13358 D StrictMode: 	at android.database.sqlite.SQLiteDatabase.open(SQLiteDatabase.java:1065)
09-23 20:27:20.997 13343 13358 D StrictMode: 	at android.database.sqlite.SQLiteDatabase.openDatabase(SQLiteDatabase.java:929)
09-23 20:27:20.997 13343 13358 D StrictMode: 	at android.database.sqlite.SQLiteDatabase.openDatabase(SQLiteDatabase.java:918)
09-23 20:27:20.997 13343 13358 D StrictMode: 	at android.database.sqlite.SQLiteOpenHelper.getDatabaseLocked(SQLiteOpenHelper.java:373)
09-23 20:27:20.997 13343 13358 D StrictMode: 	at android.database.sqlite.SQLiteOpenHelper.getWritableDatabase(SQLiteOpenHelper.java:316)
09-23 20:27:20.997 13343 13358 D StrictMode: 	at androidx.sqlite.db.framework.FrameworkSQLiteOpenHelper$OpenHelper.getWritableOrReadableDatabase(FrameworkSQLiteOpenHelper.android.kt:224)
09-23 20:27:20.997 13343 13358 D StrictMode: 	at androidx.sqlite.db.framework.FrameworkSQLiteOpenHelper$OpenHelper.innerGetDatabase(FrameworkSQLiteOpenHelper.android.kt:167)
09-23 20:27:20.997 13343 13358 D StrictMode: 	at androidx.sqlite.db.framework.FrameworkSQLiteOpenHelper$OpenHelper.getSupportDatabase(FrameworkSQLiteOpenHelper.android.kt:141)
09-23 20:27:20.997 13343 13358 D StrictMode: 	at androidx.sqlite.db.framework.FrameworkSQLiteOpenHelper.getWritableDatabase(FrameworkSQLiteOpenHelper.android.kt:96)
09-23 20:27:20.997 13343 13358 D StrictMode: 	at androidx.sqlite.driver.SupportSQLiteDriver.open(SupportSQLiteDriver.android.kt:57)
09-23 20:27:20.997 13343 13358 D StrictMode: 	at androidx.sqlite.driver.SupportSQLiteDriver.open(SupportSQLiteDriver.android.kt:33)
09-23 20:27:20.997 13343 13358 D StrictMode: 	at androidx.room.coroutines.PassthroughConnectionPool.connection$lambda$0(PassthroughConnectionPool.kt:47)
09-23 20:27:20.997 13343 13358 D StrictMode: 	at androidx.room.coroutines.PassthroughConnectionPool.$r8$lambda$5PfN97KPsXXXOapSC9IzcedL70w(Unknown Source:0)
09-23 20:27:20.997 13343 13358 D StrictMode: 	at androidx.room.coroutines.PassthroughConnectionPool$$ExternalSyntheticLambda0.invoke(D8$$SyntheticClass:0)
09-23 20:27:20.997 13343 13358 D StrictMode: 	at kotlin.SynchronizedLazyImpl.getValue(LazyJVM.kt:86)
09-23 20:27:20.997 13343 13358 D StrictMode: 	at androidx.room.coroutines.PassthroughConnectionPool.useConnection(PassthroughConnectionPool.kt:58)
09-23 20:27:20.997 13343 13358 D StrictMode: 	at androidx.room.RoomConnectionManager.useConnection(RoomConnectionManager.android.kt:136)
09-23 20:27:20.997 13343 13358 D StrictMode: 	at androidx.room.RoomDatabase.useConnection(RoomDatabase.android.kt:619)
09-23 20:27:20.997 13343 13358 D StrictMode: 	at androidx.room.util.DBUtil__DBUtil_androidKt$performBlocking$1$1.invokeSuspend(DBUtil.android.kt:260)
09-23 20:27:20.997 13343 13358 D StrictMode: 	at androidx.room.util.DBUtil__DBUtil_androidKt$performBlocking$1$1.invoke(Unknown Source:8)
09-23 20:27:20.997 13343 13358 D StrictMode: 	at androidx.room.util.DBUtil__DBUtil_androidKt$performBlocking$1$1.invoke(Unknown Source:4)
09-23 20:27:20.997 13343 13358 D StrictMode: 	at kotlinx.coroutines.intrinsics.UndispatchedKt.startUndspatched(Undispatched.kt:66)
09-23 20:27:20.997 13343 13358 D StrictMode: 	at kotlinx.coroutines.intrinsics.UndispatchedKt.startUndispatchedOrReturn(Undispatched.kt:43)
09-23 20:27:20.997 13343 13358 D StrictMode: 	at kotlinx.coroutines.BuildersKt__Builders_commonKt.withContext(Builders.common.kt:157)
