09-23 18:18:57.635 17293 17370 I TestRunner: started: testActivityTitle(com.shareconnect.activities.SettingsActivityInstrumentationTest)
09-23 18:18:57.636 17293 17370 W Settings: Setting always_finish_activities has moved from android.provider.Settings.System to android.provider.Settings.Global, returning read-only value.
09-23 18:18:57.642   779   868 W Parcel  : Expecting binder but got null!
09-23 18:18:57.645 17293 17293 D LifecycleMonitor: Lifecycle status change: com.shareconnect.SettingsActivity@ef167c4 in: PRE_ON_CREATE
09-23 18:18:57.645 17293 17293 V ActivityScenario: Activity lifecycle changed event received but ignored because the reported transition was not ON_CREATE while the last known transition was PRE_ON_CREATE
09-23 18:18:57.645 17293 17293 D Console : getDefaultTheme() returned: Warm Orange Light (ID: 1, isDefault: true)
09-23 18:18:57.645 17293 17293 D Console : getDefaultTheme() returned: Warm Orange Light (ID: 1, isDefault: true)
09-23 18:18:57.645 17293 17293 D Console : Applying theme: Warm Orange Light, colorScheme: warm_orange, isDarkMode: false, currentTheme: WARM_ORANGE_LIGHT
09-23 18:18:57.646 17293 17293 D Console : Activity SettingsActivity usesToolbar: true
09-23 18:18:57.646 17293 17293 D Console : Setting night mode to NO
09-23 18:18:57.648 17293 17293 D LifecycleMonitor: Lifecycle status change: com.shareconnect.SettingsActivity@ef167c4 in: CREATED
09-23 18:18:57.648 17293 17293 V ActivityScenario: Update currentActivityStage to CREATED, currentActivity=com.shareconnect.SettingsActivity@ef167c4
09-23 18:18:57.649 17293 17293 D LifecycleMonitor: Lifecycle status change: com.shareconnect.SettingsActivity@ef167c4 in: STARTED
09-23 18:18:57.649 17293 17293 V ActivityScenario: Update currentActivityStage to STARTED, currentActivity=com.shareconnect.SettingsActivity@ef167c4
09-23 18:18:57.650 17293 17293 D FirebaseSessions: App foregrounded on com.shareconnect
09-23 18:18:57.652 17293 17293 V Console : Activity lifecycle :: RESUMED :: SettingsActivity
09-23 18:18:57.652 17293 17293 V Console : Foreground activity counter :: AtomicIntWrapper :: 12312792 :: 227589169 :: Value of: 0
09-23 18:18:57.652 17293 17293 I Console : Activity lifecycle :: Main state :: Foreground
09-23 18:18:57.652 17293 17293 V Console : Foreground activity counter :: AtomicIntWrapper :: 12312792 :: 227589169 :: Incremented to: 1
09-23 18:18:57.652 17293 17293 D LifecycleMonitor: Lifecycle status change: com.shareconnect.SettingsActivity@ef167c4 in: RESUMED
09-23 18:18:57.652 17293 17293 V ActivityScenario: Update currentActivityStage to RESUMED, currentActivity=com.shareconnect.SettingsActivity@ef167c4
09-23 18:18:57.652 17293 17293 V Console : Activity lifecycle :: POST-RESUMED :: SettingsActivity
09-23 18:18:57.654 17293 17386 W Parcel  : Expecting binder but got null!
09-23 18:18:57.661   779   868 E OpenGLRenderer: Unable to match the desired swap behavior.
09-23 18:18:57.674 17293 17386 E OpenGLRenderer: Unable to match the desired swap behavior.
09-23 18:18:57.684   488   503 W ziparchive: Unable to open '/data/app/~~G-kfL5nj0oNF6JbwT3gClg==/com.shareconnect-kmovnR8A3kHYD3ju2YodYg==/base.dm': No such file or directory
09-23 18:18:57.685   488   503 I ActivityTaskManager: Displayed com.shareconnect/.SettingsActivity: +46ms
09-23 18:18:57.694 11811 11811 I GoogleInputMethodService: GoogleInputMethodService.onFinishInput():3227
09-23 18:18:57.695 11811 11811 I GoogleInputMethodService: GoogleInputMethodService.updateDeviceLockedStatus():2087 repeatCheckTimes = 0, unlocked = true
09-23 18:18:57.695 11811 11811 I GoogleInputMethodService: GoogleInputMethodService.onStartInput():1877 onStartInput(EditorInfo{inputType=0x0(NULL) imeOptions=0x0 privateImeOptions=null actionName=UNSPECIFIED actionLabel=null actionId=0 initialSelStart=-1 initialSelEnd=-1 initialCapsMode=0x0 hintText=null label=null packageName=com.shareconnect fieldId=2131231190 fieldName=null extras=null}, false)
09-23 18:18:57.695 11811 11811 I GoogleInputMethodService: GoogleInputMethodService.shouldHideHeaderOnInitialState():4008 ShouldHideHeaderOnInitialState = false
09-23 18:18:57.695 11811 11811 I GoogleInputMethodService: GoogleInputMethodService.updateDeviceLockedStatus():2087 repeatCheckTimes = 2, unlocked = true
09-23 18:18:57.696   779   868 D EGL_emulation: app_time_stats: avg=109.66ms min=10.56ms max=950.07ms count=10
09-23 18:18:57.743  1581  1581 I GsaVoiceInteractionSrv: Handling ACTION_STOP_HOTWORD
09-23 18:18:57.743  1581  2232 I HwDetectorWithState: (REDACTED) a: %d
09-23 18:18:57.896   779   868 D EGL_emulation: app_time_stats: avg=85.78ms min=11.63ms max=902.55ms count=13
09-23 18:18:57.947  1581  2227 I AssistantForeground: (REDACTED) Get launcher package: %s
09-23 18:18:57.961   488  2254 W InputManager-JNI: Input channel object '410d7d5 Splash Screen com.shareconnect (client)' was disposed without first being removed with the input manager!
09-23 18:18:57.963   998  1945 D OneSearchSuggestProvider: Shut down the binder channel
09-23 18:18:57.963   998  1604 I s.nexuslauncher: oneway function results for code 2 on binder at 0xb400007a39481000 will be dropped but finished with status UNKNOWN_TRANSACTION
09-23 18:18:57.965 17293 17293 V Console : Activity lifecycle :: PRE-PAUSED :: SettingsActivity
09-23 18:18:57.965 17293 17293 D Console : Activity lifecycle :: Top activity: SettingsActivity
09-23 18:18:57.965 17293 17293 D FirebaseSessions: App backgrounded on com.shareconnect
09-23 18:18:57.966 17293 17293 V Console : Activity lifecycle :: PAUSED :: SettingsActivity
09-23 18:18:57.966 17293 17293 V Console : Foreground activity counter :: AtomicIntWrapper :: 12312792 :: 227589169 :: Decremented to: 0
09-23 18:18:57.966 17293 17293 D LifecycleMonitor: Lifecycle status change: com.shareconnect.SettingsActivity@ef167c4 in: PAUSED
09-23 18:18:57.966 17293 17293 V ActivityScenario: Update currentActivityStage to PAUSED, currentActivity=com.shareconnect.SettingsActivity@ef167c4
09-23 18:18:57.969 17293 17293 D LifecycleMonitor: Lifecycle status change: androidx.test.core.app.InstrumentationActivityInvoker$EmptyActivity@77bfa57 in: PRE_ON_CREATE
09-23 18:18:57.969 17293 17293 V ActivityScenario: Activity lifecycle changed event received but ignored because the intent does not match. startActivityIntent=Intent { act=android.intent.action.MAIN cat=[android.intent.category.LAUNCHER] flg=0x10008000 cmp=com.shareconnect/.SettingsActivity }, activity.getIntent()=Intent { act=android.intent.action.MAIN cat=[android.intent.category.LAUNCHER] flg=0x10000000 cmp=com.shareconnect/androidx.test.core.app.InstrumentationActivityInvoker$EmptyActivity }, activity=androidx.test.core.app.InstrumentationActivityInvoker$EmptyActivity@77bfa57
09-23 18:18:57.971 17293 17293 D LifecycleMonitor: Lifecycle status change: androidx.test.core.app.InstrumentationActivityInvoker$EmptyActivity@77bfa57 in: CREATED
09-23 18:18:57.971 17293 17293 V ActivityScenario: Activity lifecycle changed event received but ignored because the intent does not match. startActivityIntent=Intent { act=android.intent.action.MAIN cat=[android.intent.category.LAUNCHER] flg=0x10008000 cmp=com.shareconnect/.SettingsActivity }, activity.getIntent()=Intent { act=android.intent.action.MAIN cat=[android.intent.category.LAUNCHER] flg=0x10000000 cmp=com.shareconnect/androidx.test.core.app.InstrumentationActivityInvoker$EmptyActivity }, activity=androidx.test.core.app.InstrumentationActivityInvoker$EmptyActivity@77bfa57
09-23 18:18:57.971 17293 17293 D LifecycleMonitor: Lifecycle status change: androidx.test.core.app.InstrumentationActivityInvoker$EmptyActivity@77bfa57 in: STARTED
09-23 18:18:57.971 17293 17293 V ActivityScenario: Activity lifecycle changed event received but ignored because the intent does not match. startActivityIntent=Intent { act=android.intent.action.MAIN cat=[android.intent.category.LAUNCHER] flg=0x10008000 cmp=com.shareconnect/.SettingsActivity }, activity.getIntent()=Intent { act=android.intent.action.MAIN cat=[android.intent.category.LAUNCHER] flg=0x10000000 cmp=com.shareconnect/androidx.test.core.app.InstrumentationActivityInvoker$EmptyActivity }, activity=androidx.test.core.app.InstrumentationActivityInvoker$EmptyActivity@77bfa57
09-23 18:18:57.972 17293 17293 D FirebaseSessions: App foregrounded on com.shareconnect
09-23 18:18:57.974 17293 17293 V Console : Activity lifecycle :: RESUMED :: EmptyActivity
09-23 18:18:57.974 17293 17293 V Console : Foreground activity counter :: AtomicIntWrapper :: 12312792 :: 227589169 :: Value of: 0
09-23 18:18:57.974 17293 17293 I Console : Activity lifecycle :: Main state :: Foreground
09-23 18:18:57.974 17293 17293 V Console : Foreground activity counter :: AtomicIntWrapper :: 12312792 :: 227589169 :: Incremented to: 1
09-23 18:18:57.974 17293 17293 D LifecycleMonitor: Lifecycle status change: androidx.test.core.app.InstrumentationActivityInvoker$EmptyActivity@77bfa57 in: RESUMED
09-23 18:18:57.974 17293 17293 V ActivityScenario: Activity lifecycle changed event received but ignored because the intent does not match. startActivityIntent=Intent { act=android.intent.action.MAIN cat=[android.intent.category.LAUNCHER] flg=0x10008000 cmp=com.shareconnect/.SettingsActivity }, activity.getIntent()=Intent { act=android.intent.action.MAIN cat=[android.intent.category.LAUNCHER] flg=0x10000000 cmp=com.shareconnect/androidx.test.core.app.InstrumentationActivityInvoker$EmptyActivity }, activity=androidx.test.core.app.InstrumentationActivityInvoker$EmptyActivity@77bfa57
09-23 18:18:57.977 17293 17293 V Console : Activity lifecycle :: POST-RESUMED :: EmptyActivity
09-23 18:18:57.978 17293 17386 W Parcel  : Expecting binder but got null!
09-23 18:18:57.998 17293 17386 E OpenGLRenderer: Unable to match the desired swap behavior.
09-23 18:18:58.002   488   503 I ActivityTaskManager: Displayed com.shareconnect/androidx.test.core.app.InstrumentationActivityInvoker$EmptyActivity: +40ms
09-23 18:18:58.008 17293 17293 V Console : Activity lifecycle :: PRE-STOPPED :: SettingsActivity
09-23 18:18:58.010 17293 17293 V Console : Activity lifecycle :: STOPPED :: SettingsActivity
09-23 18:18:58.011 17293 17293 D LifecycleMonitor: Lifecycle status change: com.shareconnect.SettingsActivity@ef167c4 in: STOPPED
09-23 18:18:58.011 17293 17293 V ActivityScenario: Update currentActivityStage to STOPPED, currentActivity=com.shareconnect.SettingsActivity@ef167c4
09-23 18:18:58.011 17293 17293 V Console : Activity lifecycle :: POST-STOPPED :: SettingsActivity
09-23 18:18:58.013 17293 17293 V Console : Activity lifecycle :: PRE-DESTROYED :: SettingsActivity
09-23 18:18:58.013 17293 17293 V Console : Activity lifecycle :: DESTROYED :: SettingsActivity
09-23 18:18:58.014 17293 17293 D LifecycleMonitor: Lifecycle status change: com.shareconnect.SettingsActivity@ef167c4 in: DESTROYED
09-23 18:18:58.014 17293 17293 V ActivityScenario: Update currentActivityStage to DESTROYED, currentActivity=null
09-23 18:18:58.024 17293 17293 I om.shareconnect: Explicit concurrent copying GC freed 24161(1764KB) AllocSpace objects, 14(660KB) LOS objects, 49% free, 8343KB/16MB, paused 17us,14us total 9.227ms
09-23 18:18:58.033 17293 17293 I om.shareconnect: Explicit concurrent copying GC freed 4209(219KB) AllocSpace objects, 0(0B) LOS objects, 49% free, 8155KB/15MB, paused 13us,13us total 7.758ms
09-23 18:18:58.036   488  2088 W InputManager-JNI: Input channel object 'b941c51 com.shareconnect/com.shareconnect.SettingsActivity (client)' was disposed without first being removed with the input manager!
09-23 18:18:58.038 11811 11811 I GoogleInputMethodService: GoogleInputMethodService.onFinishInput():3227
09-23 18:18:58.038 11811 11811 I GoogleInputMethodService: GoogleInputMethodService.updateDeviceLockedStatus():2087 repeatCheckTimes = 0, unlocked = true
09-23 18:18:58.038 17293 17370 I TestRunner: finished: testActivityTitle(com.shareconnect.activities.SettingsActivityInstrumentationTest)
