09-23 18:18:13.462 17293 17370 I TestRunner: started: testMainContentIsScrollable(com.shareconnect.activities.MainActivityInstrumentationTest)
09-23 18:18:13.464 17293 17370 W Settings: Setting always_finish_activities has moved from android.provider.Settings.System to android.provider.Settings.Global, returning read-only value.
09-23 18:18:13.469   779   868 W Parcel  : Expecting binder but got null!
09-23 18:18:13.471   488   519 E libprocessgroup: AddTidToCgroup failed to write '17293'; fd=396: Invalid argument
09-23 18:18:13.471   488   519 E libprocessgroup: Failed to add task into cgroup
09-23 18:18:13.477 17293 17293 D LifecycleMonitor: Lifecycle status change: com.shareconnect.MainActivity@192f032 in: PRE_ON_CREATE
09-23 18:18:13.477 17293 17293 V ActivityScenario: Activity lifecycle changed event received but ignored because the reported transition was not ON_CREATE while the last known transition was PRE_ON_CREATE
09-23 18:18:13.478 17293 17293 D Console : getDefaultTheme() returned: Warm Orange Light (ID: 1, isDefault: true)
09-23 18:18:13.478 17293 17293 D Console : getDefaultTheme() returned: Warm Orange Light (ID: 1, isDefault: true)
09-23 18:18:13.478 17293 17293 D Console : Applying theme: Warm Orange Light, colorScheme: warm_orange, isDarkMode: false, currentTheme: WARM_ORANGE_LIGHT
09-23 18:18:13.478 17293 17293 D Console : Activity MainActivity usesToolbar: true
09-23 18:18:13.478 17293 17293 D Console : Setting night mode to NO
09-23 18:18:13.479   779   868 E OpenGLRenderer: Unable to match the desired swap behavior.
09-23 18:18:13.484 17293 17293 D LifecycleMonitor: Lifecycle status change: com.shareconnect.MainActivity@192f032 in: CREATED
09-23 18:18:13.485 17293 17293 V ActivityScenario: Update currentActivityStage to CREATED, currentActivity=com.shareconnect.MainActivity@192f032
09-23 18:18:13.485 17293 17293 D LifecycleMonitor: Lifecycle status change: com.shareconnect.MainActivity@192f032 in: STARTED
09-23 18:18:13.485 17293 17293 V ActivityScenario: Update currentActivityStage to STARTED, currentActivity=com.shareconnect.MainActivity@192f032
09-23 18:18:13.486 17293 17293 D FirebaseSessions: App foregrounded on com.shareconnect
09-23 18:18:13.488 17293 17293 V Console : Activity lifecycle :: RESUMED :: MainActivity
09-23 18:18:13.488 17293 17293 V Console : Foreground activity counter :: AtomicIntWrapper :: 12312792 :: 227589169 :: Value of: 0
09-23 18:18:13.488 17293 17293 I Console : Activity lifecycle :: Main state :: Foreground
09-23 18:18:13.488 17293 17293 V Console : Foreground activity counter :: AtomicIntWrapper :: 12312792 :: 227589169 :: Incremented to: 1
09-23 18:18:13.489 17293 17293 D Console : hasThemeChanged() returned: false
09-23 18:18:13.489 17293 17293 D Console : onResume() called, themeChanged: false
09-23 18:18:13.489 17293 17293 D LifecycleMonitor: Lifecycle status change: com.shareconnect.MainActivity@192f032 in: RESUMED
09-23 18:18:13.489 17293 17293 V ActivityScenario: Update currentActivityStage to RESUMED, currentActivity=com.shareconnect.MainActivity@192f032
09-23 18:18:13.489 17293 17293 V Console : Activity lifecycle :: POST-RESUMED :: MainActivity
09-23 18:18:13.490 17293 17386 W Parcel  : Expecting binder but got null!
09-23 18:18:13.495 17293 17293 V Console : Activity lifecycle :: PRE-PAUSED :: MainActivity
09-23 18:18:13.495 17293 17293 D Console : Activity lifecycle :: Top activity: MainActivity
09-23 18:18:13.495 17293 17293 D FirebaseSessions: App backgrounded on com.shareconnect
09-23 18:18:13.496 17293 17293 V Console : Activity lifecycle :: PAUSED :: MainActivity
09-23 18:18:13.497 17293 17293 V Console : Foreground activity counter :: AtomicIntWrapper :: 12312792 :: 227589169 :: Decremented to: 0
09-23 18:18:13.497 17293 17293 D LifecycleMonitor: Lifecycle status change: com.shareconnect.MainActivity@192f032 in: PAUSED
09-23 18:18:13.497 17293 17293 V ActivityScenario: Update currentActivityStage to PAUSED, currentActivity=com.shareconnect.MainActivity@192f032
09-23 18:18:13.511 17293 17386 E OpenGLRenderer: Unable to match the desired swap behavior.
09-23 18:18:13.517 17293 17293 D LifecycleMonitor: Lifecycle status change: com.shareconnect.SettingsActivity@dad2f45 in: PRE_ON_CREATE
09-23 18:18:13.517 17293 17293 V ActivityScenario: Activity lifecycle changed event received but ignored because the intent does not match. startActivityIntent=Intent { act=android.intent.action.MAIN cat=[android.intent.category.LAUNCHER] flg=0x10008000 cmp=com.shareconnect/.MainActivity }, activity.getIntent()=Intent { cmp=com.shareconnect/.SettingsActivity (has extras) }, activity=com.shareconnect.SettingsActivity@dad2f45
09-23 18:18:13.517 17293 17293 D Console : getDefaultTheme() returned: Warm Orange Light (ID: 1, isDefault: true)
09-23 18:18:13.517 17293 17293 D Console : getDefaultTheme() returned: Warm Orange Light (ID: 1, isDefault: true)
09-23 18:18:13.517 17293 17293 D Console : Applying theme: Warm Orange Light, colorScheme: warm_orange, isDarkMode: false, currentTheme: WARM_ORANGE_LIGHT
09-23 18:18:13.517 17293 17293 D Console : Activity SettingsActivity usesToolbar: true
09-23 18:18:13.517 17293 17293 D Console : Setting night mode to NO
09-23 18:18:13.520 17293 17293 D LifecycleMonitor: Lifecycle status change: com.shareconnect.SettingsActivity@dad2f45 in: CREATED
09-23 18:18:13.520 17293 17293 V ActivityScenario: Activity lifecycle changed event received but ignored because the intent does not match. startActivityIntent=Intent { act=android.intent.action.MAIN cat=[android.intent.category.LAUNCHER] flg=0x10008000 cmp=com.shareconnect/.MainActivity }, activity.getIntent()=Intent { cmp=com.shareconnect/.SettingsActivity (has extras) }, activity=com.shareconnect.SettingsActivity@dad2f45
09-23 18:18:13.522 17293 17293 D LifecycleMonitor: Lifecycle status change: com.shareconnect.SettingsActivity@dad2f45 in: STARTED
09-23 18:18:13.522 17293 17293 V ActivityScenario: Activity lifecycle changed event received but ignored because the intent does not match. startActivityIntent=Intent { act=android.intent.action.MAIN cat=[android.intent.category.LAUNCHER] flg=0x10008000 cmp=com.shareconnect/.MainActivity }, activity.getIntent()=Intent { cmp=com.shareconnect/.SettingsActivity (has extras) }, activity=com.shareconnect.SettingsActivity@dad2f45
09-23 18:18:13.522 17293 17293 D FirebaseSessions: App foregrounded on com.shareconnect
09-23 18:18:13.524 17293 17293 V Console : Activity lifecycle :: RESUMED :: SettingsActivity
09-23 18:18:13.524 17293 17293 V Console : Foreground activity counter :: AtomicIntWrapper :: 12312792 :: 227589169 :: Value of: 0
09-23 18:18:13.524 17293 17293 I Console : Activity lifecycle :: Main state :: Foreground
09-23 18:18:13.524 17293 17293 V Console : Foreground activity counter :: AtomicIntWrapper :: 12312792 :: 227589169 :: Incremented to: 1
09-23 18:18:13.524 17293 17293 D LifecycleMonitor: Lifecycle status change: com.shareconnect.SettingsActivity@dad2f45 in: RESUMED
09-23 18:18:13.524 17293 17293 V ActivityScenario: Activity lifecycle changed event received but ignored because the intent does not match. startActivityIntent=Intent { act=android.intent.action.MAIN cat=[android.intent.category.LAUNCHER] flg=0x10008000 cmp=com.shareconnect/.MainActivity }, activity.getIntent()=Intent { cmp=com.shareconnect/.SettingsActivity (has extras) }, activity=com.shareconnect.SettingsActivity@dad2f45
09-23 18:18:13.525 17293 17293 V Console : Activity lifecycle :: POST-RESUMED :: SettingsActivity
09-23 18:18:13.526 17293 17386 W Parcel  : Expecting binder but got null!
09-23 18:18:13.545 17293 17386 E OpenGLRenderer: Unable to match the desired swap behavior.
09-23 18:18:13.554   488   503 W ziparchive: Unable to open '/data/app/~~G-kfL5nj0oNF6JbwT3gClg==/com.shareconnect-kmovnR8A3kHYD3ju2YodYg==/base.dm': No such file or directory
09-23 18:18:13.554   488   503 I ActivityTaskManager: Displayed com.shareconnect/.SettingsActivity: +88ms
09-23 18:18:13.562   779   868 D EGL_emulation: app_time_stats: avg=543.66ms min=14.32ms max=5815.91ms count=11
09-23 18:18:13.565 11811 11811 I GoogleInputMethodService: GoogleInputMethodService.onFinishInput():3227
09-23 18:18:13.566 11811 11811 I GoogleInputMethodService: GoogleInputMethodService.updateDeviceLockedStatus():2087 repeatCheckTimes = 0, unlocked = true
09-23 18:18:13.566 11811 11811 I GoogleInputMethodService: GoogleInputMethodService.onStartInput():1877 onStartInput(EditorInfo{inputType=0x0(NULL) imeOptions=0x0 privateImeOptions=null actionName=UNSPECIFIED actionLabel=null actionId=0 initialSelStart=-1 initialSelEnd=-1 initialCapsMode=0x0 hintText=null label=null packageName=com.shareconnect fieldId=2131231190 fieldName=null extras=null}, false)
09-23 18:18:13.566 11811 11811 I GoogleInputMethodService: GoogleInputMethodService.shouldHideHeaderOnInitialState():4008 ShouldHideHeaderOnInitialState = false
09-23 18:18:13.567 11811 11811 I GoogleInputMethodService: GoogleInputMethodService.updateDeviceLockedStatus():2087 repeatCheckTimes = 2, unlocked = true
09-23 18:18:13.570  1581  1581 I GsaVoiceInteractionSrv: Handling ACTION_STOP_HOTWORD
09-23 18:18:13.570  1581  2154 I HwDetectorWithState: (REDACTED) a: %d
09-23 18:18:13.777 17293 17293 V Console : Activity lifecycle :: PRE-STOPPED :: MainActivity
09-23 18:18:13.779 17293 17293 V Console : Activity lifecycle :: STOPPED :: MainActivity
09-23 18:18:13.779 17293 17293 D LifecycleMonitor: Lifecycle status change: com.shareconnect.MainActivity@192f032 in: STOPPED
09-23 18:18:13.779 17293 17293 V ActivityScenario: Update currentActivityStage to STOPPED, currentActivity=com.shareconnect.MainActivity@192f032
09-23 18:18:13.779 17293 17293 V Console : Activity lifecycle :: POST-STOPPED :: MainActivity
09-23 18:18:13.779   779   868 D EGL_emulation: app_time_stats: avg=994.13ms min=48.43ms max=4567.47ms count=5
09-23 18:18:13.781  1581  2227 I AssistantForeground: (REDACTED) Get launcher package: %s
09-23 18:18:13.796   998  1945 D OneSearchSuggestProvider: Shut down the binder channel
09-23 18:18:13.797   998  1039 I s.nexuslauncher: oneway function results for code 2 on binder at 0xb400007a3948acf0 will be dropped but finished with status UNKNOWN_TRANSACTION
09-23 18:18:13.829   488   502 W InputManager-JNI: Input channel object '33a447 Splash Screen com.shareconnect (client)' was disposed without first being removed with the input manager!
09-23 18:18:13.879   779   850 W FrameTracker: Missing HWUI jank callback for vsyncId: 489946, CUJ=J<SPLASHSCREEN_EXIT_ANIM>
09-23 18:18:13.879   779   850 W FrameTracker: Missing HWUI jank callback for vsyncId: 490178, CUJ=J<SPLASHSCREEN_EXIT_ANIM>
09-23 18:18:13.879   779   850 W FrameTracker: Missing SF jank callback for vsyncId: 490279, CUJ=J<SPLASHSCREEN_EXIT_ANIM>
09-23 18:18:13.999 17293 17420 V Console : Foreground activity counter :: AtomicIntWrapper :: 12312792 :: 227589169 :: Value of: 1
09-23 18:18:14.807   779   868 D EGL_emulation: app_time_stats: avg=36.59ms min=13.14ms max=115.67ms count=28
09-23 18:18:15.146 17293 17386 D EGL_emulation: app_time_stats: avg=176.62ms min=10.96ms max=1470.44ms count=9
09-23 18:18:15.933 12330 12330 W ThreadPoolForeg: type=1400 audit(0.0:453): avc: denied { write } for name="traced_producer" dev="tmpfs" ino=647 scontext=u:r:gmscore_app:s0:c512,c768 tcontext=u:object_r:traced_producer_socket:s0 tclass=sock_file permissive=0 app=com.google.android.gms
09-23 18:18:18.582 17293 17293 V Console : Activity lifecycle :: PRE-PAUSED :: SettingsActivity
09-23 18:18:18.582 17293 17293 D Console : Activity lifecycle :: Top activity: SettingsActivity
09-23 18:18:18.582 17293 17293 D FirebaseSessions: App backgrounded on com.shareconnect
09-23 18:18:18.583 17293 17293 V Console : Activity lifecycle :: PAUSED :: SettingsActivity
09-23 18:18:18.583 17293 17293 V Console : Foreground activity counter :: AtomicIntWrapper :: 12312792 :: 227589169 :: Decremented to: 0
09-23 18:18:18.583 17293 17293 D LifecycleMonitor: Lifecycle status change: com.shareconnect.SettingsActivity@dad2f45 in: PAUSED
09-23 18:18:18.583 17293 17293 V ActivityScenario: Activity lifecycle changed event received but ignored because the intent does not match. startActivityIntent=Intent { act=android.intent.action.MAIN cat=[android.intent.category.LAUNCHER] flg=0x10008000 cmp=com.shareconnect/.MainActivity }, activity.getIntent()=Intent { cmp=com.shareconnect/.SettingsActivity (has extras) }, activity=com.shareconnect.SettingsActivity@dad2f45
09-23 18:18:18.587 17293 17293 D LifecycleMonitor: Lifecycle status change: androidx.test.core.app.InstrumentationActivityInvoker$EmptyActivity@136a127 in: PRE_ON_CREATE
09-23 18:18:18.587 17293 17293 V ActivityScenario: Activity lifecycle changed event received but ignored because the intent does not match. startActivityIntent=Intent { act=android.intent.action.MAIN cat=[android.intent.category.LAUNCHER] flg=0x10008000 cmp=com.shareconnect/.MainActivity }, activity.getIntent()=Intent { act=android.intent.action.MAIN cat=[android.intent.category.LAUNCHER] flg=0x10000000 cmp=com.shareconnect/androidx.test.core.app.InstrumentationActivityInvoker$EmptyActivity }, activity=androidx.test.core.app.InstrumentationActivityInvoker$EmptyActivity@136a127
09-23 18:18:18.590 17293 17293 D LifecycleMonitor: Lifecycle status change: androidx.test.core.app.InstrumentationActivityInvoker$EmptyActivity@136a127 in: CREATED
09-23 18:18:18.590 17293 17293 V ActivityScenario: Activity lifecycle changed event received but ignored because the intent does not match. startActivityIntent=Intent { act=android.intent.action.MAIN cat=[android.intent.category.LAUNCHER] flg=0x10008000 cmp=com.shareconnect/.MainActivity }, activity.getIntent()=Intent { act=android.intent.action.MAIN cat=[android.intent.category.LAUNCHER] flg=0x10000000 cmp=com.shareconnect/androidx.test.core.app.InstrumentationActivityInvoker$EmptyActivity }, activity=androidx.test.core.app.InstrumentationActivityInvoker$EmptyActivity@136a127
09-23 18:18:18.590 17293 17293 D LifecycleMonitor: Lifecycle status change: androidx.test.core.app.InstrumentationActivityInvoker$EmptyActivity@136a127 in: STARTED
09-23 18:18:18.590 17293 17293 V ActivityScenario: Activity lifecycle changed event received but ignored because the intent does not match. startActivityIntent=Intent { act=android.intent.action.MAIN cat=[android.intent.category.LAUNCHER] flg=0x10008000 cmp=com.shareconnect/.MainActivity }, activity.getIntent()=Intent { act=android.intent.action.MAIN cat=[android.intent.category.LAUNCHER] flg=0x10000000 cmp=com.shareconnect/androidx.test.core.app.InstrumentationActivityInvoker$EmptyActivity }, activity=androidx.test.core.app.InstrumentationActivityInvoker$EmptyActivity@136a127
09-23 18:18:18.591 17293 17293 D FirebaseSessions: App foregrounded on com.shareconnect
09-23 18:18:18.601 17293 17293 V Console : Activity lifecycle :: RESUMED :: EmptyActivity
09-23 18:18:18.601 17293 17293 V Console : Foreground activity counter :: AtomicIntWrapper :: 12312792 :: 227589169 :: Value of: 0
09-23 18:18:18.601 17293 17293 I Console : Activity lifecycle :: Main state :: Foreground
09-23 18:18:18.601 17293 17293 V Console : Foreground activity counter :: AtomicIntWrapper :: 12312792 :: 227589169 :: Incremented to: 1
09-23 18:18:18.602 17293 17293 D LifecycleMonitor: Lifecycle status change: androidx.test.core.app.InstrumentationActivityInvoker$EmptyActivity@136a127 in: RESUMED
09-23 18:18:18.602 17293 17293 V ActivityScenario: Activity lifecycle changed event received but ignored because the intent does not match. startActivityIntent=Intent { act=android.intent.action.MAIN cat=[android.intent.category.LAUNCHER] flg=0x10008000 cmp=com.shareconnect/.MainActivity }, activity.getIntent()=Intent { act=android.intent.action.MAIN cat=[android.intent.category.LAUNCHER] flg=0x10000000 cmp=com.shareconnect/androidx.test.core.app.InstrumentationActivityInvoker$EmptyActivity }, activity=androidx.test.core.app.InstrumentationActivityInvoker$EmptyActivity@136a127
09-23 18:18:18.602 17293 17293 V Console : Activity lifecycle :: POST-RESUMED :: EmptyActivity
09-23 18:18:18.603 17293 17386 W Parcel  : Expecting binder but got null!
09-23 18:18:18.619 17293 17386 E OpenGLRenderer: Unable to match the desired swap behavior.
09-23 18:18:18.630   488   503 I ActivityTaskManager: Displayed com.shareconnect/androidx.test.core.app.InstrumentationActivityInvoker$EmptyActivity: +51ms
09-23 18:18:18.634 17293 17293 V Console : Activity lifecycle :: PRE-STOPPED :: SettingsActivity
09-23 18:18:18.635 17293 17293 V Console : Activity lifecycle :: STOPPED :: SettingsActivity
09-23 18:18:18.635 17293 17293 D LifecycleMonitor: Lifecycle status change: com.shareconnect.SettingsActivity@dad2f45 in: STOPPED
09-23 18:18:18.635 17293 17293 V ActivityScenario: Activity lifecycle changed event received but ignored because the intent does not match. startActivityIntent=Intent { act=android.intent.action.MAIN cat=[android.intent.category.LAUNCHER] flg=0x10008000 cmp=com.shareconnect/.MainActivity }, activity.getIntent()=Intent { cmp=com.shareconnect/.SettingsActivity (has extras) }, activity=com.shareconnect.SettingsActivity@dad2f45
09-23 18:18:18.635 17293 17293 V Console : Activity lifecycle :: POST-STOPPED :: SettingsActivity
09-23 18:18:18.643 17293 17293 V Console : Activity lifecycle :: PRE-DESTROYED :: MainActivity
09-23 18:18:18.643 17293 17293 V Console : Activity lifecycle :: DESTROYED :: MainActivity
09-23 18:18:18.644 17293 17293 D LifecycleMonitor: Lifecycle status change: com.shareconnect.MainActivity@192f032 in: DESTROYED
09-23 18:18:18.644 17293 17293 V ActivityScenario: Update currentActivityStage to DESTROYED, currentActivity=null
09-23 18:18:18.645 11307 15529 D AdvertisingIdClient: AdvertisingIdClient already created.
09-23 18:18:18.645   488  2254 W InputManager-JNI: Input channel object 'ef02e0c com.shareconnect/com.shareconnect.MainActivity (client)' was disposed without first being removed with the input manager!
09-23 18:18:18.645 11307 15529 I AdvertisingIdClient: shouldSendLog 1481099
09-23 18:18:18.645 11307 15529 I AdvertisingIdClient: GetInfoInternal elapse 1ms
09-23 18:18:18.646 11811 11811 I GoogleInputMethodService: GoogleInputMethodService.onFinishInput():3227
09-23 18:18:18.647 17293 17370 E TestRunner: failed: testMainContentIsScrollable(com.shareconnect.activities.MainActivityInstrumentationTest)
09-23 18:18:18.647 17293 17370 E TestRunner: ----- begin exception -----
09-23 18:18:18.647 17293 17370 E TestRunner: java.lang.NoClassDefFoundError: Failed resolution of: Lorg/hamcrest/Matchers;
09-23 18:18:18.647 17293 17370 E TestRunner: 	at androidx.test.espresso.matcher.ViewMatchers.withId(ViewMatchers.java:1)
09-23 18:18:18.647 17293 17370 E TestRunner: 	at com.shareconnect.activities.MainActivityInstrumentationTest.testMainContentIsScrollable(MainActivityInstrumentationTest.kt:113)
09-23 18:18:18.647 17293 17370 E TestRunner: 	at java.lang.reflect.Method.invoke(Native Method)
09-23 18:18:18.647 17293 17370 E TestRunner: 	at org.junit.runners.model.FrameworkMethod$1.runReflectiveCall(FrameworkMethod.java:59)
09-23 18:18:18.647 17293 17370 E TestRunner: 	at org.junit.internal.runners.model.ReflectiveCallable.run(ReflectiveCallable.java:12)
09-23 18:18:18.647 17293 17370 E TestRunner: 	at org.junit.runners.model.FrameworkMethod.invokeExplosively(FrameworkMethod.java:56)
09-23 18:18:18.647 17293 17370 E TestRunner: 	at org.junit.internal.runners.statements.InvokeMethod.evaluate(InvokeMethod.java:17)
09-23 18:18:18.647 17293 17370 E TestRunner: 	at androidx.test.internal.runner.junit4.statement.RunBefores.evaluate(RunBefores.java:80)
09-23 18:18:18.647 17293 17370 E TestRunner: 	at androidx.test.internal.runner.junit4.statement.RunAfters.evaluate(RunAfters.java:61)
09-23 18:18:18.647 17293 17370 E TestRunner: 	at androidx.test.rule.ActivityTestRule$ActivityStatement.evaluate(ActivityTestRule.java:522)
09-23 18:18:18.647 17293 17370 E TestRunner: 	at org.junit.runners.ParentRunner$3.evaluate(ParentRunner.java:306)
09-23 18:18:18.647 17293 17370 E TestRunner: 	at org.junit.runners.BlockJUnit4ClassRunner$1.evaluate(BlockJUnit4ClassRunner.java:100)
09-23 18:18:18.647 17293 17370 E TestRunner: 	at org.junit.runners.ParentRunner.runLeaf(ParentRunner.java:366)
09-23 18:18:18.647 17293 17370 E TestRunner: 	at org.junit.runners.BlockJUnit4ClassRunner.runChild(BlockJUnit4ClassRunner.java:103)
09-23 18:18:18.647 17293 17370 E TestRunner: 	at org.junit.runners.BlockJUnit4ClassRunner.runChild(BlockJUnit4ClassRunner.java:63)
09-23 18:18:18.647 17293 17370 E TestRunner: 	at org.junit.runners.ParentRunner$4.run(ParentRunner.java:331)
09-23 18:18:18.647 17293 17370 E TestRunner: 	at org.junit.runners.ParentRunner$1.schedule(ParentRunner.java:79)
09-23 18:18:18.647 17293 17370 E TestRunner: 	at org.junit.runners.ParentRunner.runChildren(ParentRunner.java:329)
09-23 18:18:18.647 17293 17370 E TestRunner: 	at org.junit.runners.ParentRunner.access$100(ParentRunner.java:66)
09-23 18:18:18.647 17293 17370 E TestRunner: 	at org.junit.runners.ParentRunner$2.evaluate(ParentRunner.java:293)
09-23 18:18:18.647 17293 17370 E TestRunner: 	at org.junit.runners.ParentRunner$3.evaluate(ParentRunner.java:306)
09-23 18:18:18.647 17293 17370 E TestRunner: 	at org.junit.runners.ParentRunner.run(ParentRunner.java:413)
09-23 18:18:18.647 17293 17370 E TestRunner: 	at androidx.test.ext.junit.runners.AndroidJUnit4.run(AndroidJUnit4.java:162)
09-23 18:18:18.647 17293 17370 E TestRunner: 	at org.junit.runners.Suite.runChild(Suite.java:128)
09-23 18:18:18.647 17293 17370 E TestRunner: 	at org.junit.runners.Suite.runChild(Suite.java:27)
09-23 18:18:18.647 17293 17370 E TestRunner: 	at org.junit.runners.ParentRunner$4.run(ParentRunner.java:331)
09-23 18:18:18.647 17293 17370 E TestRunner: 	at org.junit.runners.ParentRunner$1.schedule(ParentRunner.java:79)
09-23 18:18:18.647 17293 17370 E TestRunner: 	at org.junit.runners.ParentRunner.runChildren(ParentRunner.java:329)
09-23 18:18:18.647 17293 17370 E TestRunner: 	at org.junit.runners.ParentRunner.access$100(ParentRunner.java:66)
09-23 18:18:18.647 17293 17370 E TestRunner: 	at org.junit.runners.ParentRunner$2.evaluate(ParentRunner.java:293)
09-23 18:18:18.647 17293 17370 E TestRunner: 	at org.junit.runners.ParentRunner$3.evaluate(ParentRunner.java:306)
09-23 18:18:18.647 17293 17370 E TestRunner: 	at org.junit.runners.ParentRunner.run(ParentRunner.java:413)
09-23 18:18:18.647 17293 17370 E TestRunner: 	at org.junit.runners.Suite.runChild(Suite.java:128)
09-23 18:18:18.647 17293 17370 E TestRunner: 	at org.junit.runners.Suite.runChild(Suite.java:27)
09-23 18:18:18.647 17293 17370 E TestRunner: 	at org.junit.runners.ParentRunner$4.run(ParentRunner.java:331)
09-23 18:18:18.647 17293 17370 E TestRunner: 	at org.junit.runners.ParentRunner$1.schedule(ParentRunner.java:79)
09-23 18:18:18.647 17293 17370 E TestRunner: 	at org.junit.runners.ParentRunner.runChildren(ParentRunner.java:329)
09-23 18:18:18.647 17293 17370 E TestRunner: 	at org.junit.runners.ParentRunner.access$100(ParentRunner.java:66)
09-23 18:18:18.647 17293 17370 E TestRunner: 	at org.junit.runners.ParentRunner$2.evaluate(ParentRunner.java:293)
09-23 18:18:18.647 17293 17370 E TestRunner: 	at org.junit.runners.ParentRunner$3.evaluate(ParentRunner.java:306)
09-23 18:18:18.647 17293 17370 E TestRunner: 	at org.junit.runners.ParentRunner.run(ParentRunner.java:413)
09-23 18:18:18.647 17293 17370 E TestRunner: 	at org.junit.runner.JUnitCore.run(JUnitCore.java:137)
09-23 18:18:18.647 17293 17370 E TestRunner: 	at org.junit.runner.JUnitCore.run(JUnitCore.java:115)
09-23 18:18:18.647 17293 17370 E TestRunner: 	at androidx.test.internal.runner.TestExecutor.execute(TestExecutor.java:68)
09-23 18:18:18.647 17293 17370 E TestRunner: 	at androidx.test.internal.runner.TestExecutor.execute(TestExecutor.java:59)
09-23 18:18:18.647 17293 17370 E TestRunner: 	at androidx.test.runner.AndroidJUnitRunner.onStart(AndroidJUnitRunner.java:463)
09-23 18:18:18.647 17293 17370 E TestRunner: 	at android.app.Instrumentation$InstrumentationThread.run(Instrumentation.java:2361)
09-23 18:18:18.647 17293 17370 E TestRunner: Caused by: java.lang.ClassNotFoundException: Didn't find class "org.hamcrest.Matchers" on path: DexPathList[[zip file "/system/framework/android.test.runner.jar", zip file "/system/framework/android.test.mock.jar", zip file "/system/framework/android.test.base.jar", zip file "/data/app/~~EY2JRd0t-prCVNzEIntACQ==/com.shareconnect.test-mhfFQ_M8O7SEugdeZhJoEA==/base.apk", zip file "/data/app/~~G-kfL5nj0oNF6JbwT3gClg==/com.shareconnect-kmovnR8A3kHYD3ju2YodYg==/base.apk"],nativeLibraryDirectories=[/data/app/~~EY2JRd0t-prCVNzEIntACQ==/com.shareconnect.test-mhfFQ_M8O7SEugdeZhJoEA==/lib/arm64, /data/app/~~G-kfL5nj0oNF6JbwT3gClg==/com.shareconnect-kmovnR8A3kHYD3ju2YodYg==/lib/arm64, /data/app/~~EY2JRd0t-prCVNzEIntACQ==/com.shareconnect.test-mhfFQ_M8O7SEugdeZhJoEA==/base.apk!/lib/arm64-v8a, /data/app/~~G-kfL5nj0oNF6JbwT3gClg==/com.shareconnect-kmovnR8A3kHYD3ju2YodYg==/base.apk!/lib/arm64-v8a, /system/lib64, /system_ext/lib64]]
09-23 18:18:18.647 17293 17370 E TestRunner: 	at dalvik.system.BaseDexClassLoader.findClass(BaseDexClassLoader.java:259)
09-23 18:18:18.647 17293 17370 E TestRunner: 	at java.lang.ClassLoader.loadClass(ClassLoader.java:379)
09-23 18:18:18.647 17293 17370 E TestRunner: 	at java.lang.ClassLoader.loadClass(ClassLoader.java:312)
09-23 18:18:18.647 17293 17370 E TestRunner: 	... 47 more
09-23 18:18:18.647 17293 17370 E TestRunner: ----- end exception -----
09-23 18:18:18.647 11811 11811 I GoogleInputMethodService: GoogleInputMethodService.updateDeviceLockedStatus():2087 repeatCheckTimes = 0, unlocked = true
09-23 18:18:18.647 11811 11811 I GoogleInputMethodService: GoogleInputMethodService.onStartInput():1877 onStartInput(EditorInfo{inputType=0x0(NULL) imeOptions=0x0 privateImeOptions=null actionName=UNSPECIFIED actionLabel=null actionId=0 initialSelStart=-1 initialSelEnd=-1 initialCapsMode=0x0 hintText=null label=null packageName=com.shareconnect fieldId=-1 fieldName=null extras=null}, false)
09-23 18:18:18.647 11811 11811 I GoogleInputMethodService: GoogleInputMethodService.shouldHideHeaderOnInitialState():4008 ShouldHideHeaderOnInitialState = false
09-23 18:18:18.647 11811 11811 I GoogleInputMethodService: GoogleInputMethodService.updateDeviceLockedStatus():2087 repeatCheckTimes = 2, unlocked = true
09-23 18:18:18.647 17293 17370 I TestRunner: finished: testMainContentIsScrollable(com.shareconnect.activities.MainActivityInstrumentationTest)
