09-23 18:16:55.643 17293 17370 I TestRunner: started: testCompleteShareIntentFlow(com.shareconnect.automation.FullAppFlowAutomationTest)
09-23 18:16:55.646 17293 17370 W Settings: Setting always_finish_activities has moved from android.provider.Settings.System to android.provider.Settings.Global, returning read-only value.
09-23 18:16:55.654   779   868 W Parcel  : Expecting binder but got null!
09-23 18:16:55.663 17293 17293 D LifecycleMonitor: Lifecycle status change: com.shareconnect.MainActivity@d097e07 in: PRE_ON_CREATE
09-23 18:16:55.663 17293 17293 V ActivityScenario: Activity lifecycle changed event received but ignored because the reported transition was not ON_CREATE while the last known transition was PRE_ON_CREATE
09-23 18:16:55.664 17293 17293 D Console : getDefaultTheme() returned: Warm Orange Light (ID: 1, isDefault: true)
09-23 18:16:55.664 17293 17293 D Console : getDefaultTheme() returned: Warm Orange Light (ID: 1, isDefault: true)
09-23 18:16:55.664 17293 17293 D Console : Applying theme: Warm Orange Light, colorScheme: warm_orange, isDarkMode: false, currentTheme: WARM_ORANGE_LIGHT
09-23 18:16:55.664 17293 17293 D Console : Activity MainActivity usesToolbar: true
09-23 18:16:55.665 17293 17293 D Console : Setting night mode to NO
09-23 18:16:55.671 17293 17293 D LifecycleMonitor: Lifecycle status change: com.shareconnect.MainActivity@d097e07 in: CREATED
09-23 18:16:55.671 17293 17293 V ActivityScenario: Update currentActivityStage to CREATED, currentActivity=com.shareconnect.MainActivity@d097e07
09-23 18:16:55.672 17293 17293 D LifecycleMonitor: Lifecycle status change: com.shareconnect.MainActivity@d097e07 in: STARTED
09-23 18:16:55.672 17293 17293 V ActivityScenario: Update currentActivityStage to STARTED, currentActivity=com.shareconnect.MainActivity@d097e07
09-23 18:16:55.674 17293 17293 D FirebaseSessions: App foregrounded on com.shareconnect
09-23 18:16:55.679   779   868 E OpenGLRenderer: Unable to match the desired swap behavior.
09-23 18:16:55.680 17293 17293 V Console : Activity lifecycle :: RESUMED :: MainActivity
09-23 18:16:55.680 17293 17293 V Console : Foreground activity counter :: AtomicIntWrapper :: 12312792 :: 227589169 :: Value of: 0
09-23 18:16:55.680 17293 17293 I Console : Activity lifecycle :: Main state :: Foreground
09-23 18:16:55.680 17293 17293 V Console : Foreground activity counter :: AtomicIntWrapper :: 12312792 :: 227589169 :: Incremented to: 1
09-23 18:16:55.680 17293 17293 D Console : hasThemeChanged() returned: false
09-23 18:16:55.680 17293 17293 D Console : onResume() called, themeChanged: false
09-23 18:16:55.680 17293 17293 D LifecycleMonitor: Lifecycle status change: com.shareconnect.MainActivity@d097e07 in: RESUMED
09-23 18:16:55.680 17293 17293 V ActivityScenario: Update currentActivityStage to RESUMED, currentActivity=com.shareconnect.MainActivity@d097e07
09-23 18:16:55.681 17293 17293 V Console : Activity lifecycle :: POST-RESUMED :: MainActivity
09-23 18:16:55.682 17293 17386 W Parcel  : Expecting binder but got null!
09-23 18:16:55.688 17293 17293 V Console : Activity lifecycle :: PRE-PAUSED :: MainActivity
09-23 18:16:55.688 17293 17293 D Console : Activity lifecycle :: Top activity: MainActivity
09-23 18:16:55.688 17293 17293 D FirebaseSessions: App backgrounded on com.shareconnect
09-23 18:16:55.695 17293 17293 V Console : Activity lifecycle :: PAUSED :: MainActivity
09-23 18:16:55.696 17293 17293 V Console : Foreground activity counter :: AtomicIntWrapper :: 12312792 :: 227589169 :: Decremented to: 0
09-23 18:16:55.696 17293 17293 D LifecycleMonitor: Lifecycle status change: com.shareconnect.MainActivity@d097e07 in: PAUSED
09-23 18:16:55.696 17293 17293 V ActivityScenario: Update currentActivityStage to PAUSED, currentActivity=com.shareconnect.MainActivity@d097e07
09-23 18:16:55.705 17293 17386 E OpenGLRenderer: Unable to match the desired swap behavior.
09-23 18:16:55.716 17293 17293 D LifecycleMonitor: Lifecycle status change: com.shareconnect.SettingsActivity@54eb5e1 in: PRE_ON_CREATE
09-23 18:16:55.716 17293 17293 V ActivityScenario: Activity lifecycle changed event received but ignored because the intent does not match. startActivityIntent=Intent { act=android.intent.action.MAIN cat=[android.intent.category.LAUNCHER] flg=0x10008000 cmp=com.shareconnect/.MainActivity }, activity.getIntent()=Intent { cmp=com.shareconnect/.SettingsActivity (has extras) }, activity=com.shareconnect.SettingsActivity@54eb5e1
09-23 18:16:55.716 17293 17293 D Console : getDefaultTheme() returned: Warm Orange Light (ID: 1, isDefault: true)
09-23 18:16:55.716 17293 17293 D Console : getDefaultTheme() returned: Warm Orange Light (ID: 1, isDefault: true)
09-23 18:16:55.716 17293 17293 D Console : Applying theme: Warm Orange Light, colorScheme: warm_orange, isDarkMode: false, currentTheme: WARM_ORANGE_LIGHT
09-23 18:16:55.716 17293 17293 D Console : Activity SettingsActivity usesToolbar: true
09-23 18:16:55.717 17293 17293 D Console : Setting night mode to NO
09-23 18:16:55.719 17293 17293 D LifecycleMonitor: Lifecycle status change: com.shareconnect.SettingsActivity@54eb5e1 in: CREATED
09-23 18:16:55.719 17293 17293 V ActivityScenario: Activity lifecycle changed event received but ignored because the intent does not match. startActivityIntent=Intent { act=android.intent.action.MAIN cat=[android.intent.category.LAUNCHER] flg=0x10008000 cmp=com.shareconnect/.MainActivity }, activity.getIntent()=Intent { cmp=com.shareconnect/.SettingsActivity (has extras) }, activity=com.shareconnect.SettingsActivity@54eb5e1
09-23 18:16:55.721 17293 17293 D LifecycleMonitor: Lifecycle status change: com.shareconnect.SettingsActivity@54eb5e1 in: STARTED
09-23 18:16:55.721 17293 17293 V ActivityScenario: Activity lifecycle changed event received but ignored because the intent does not match. startActivityIntent=Intent { act=android.intent.action.MAIN cat=[android.intent.category.LAUNCHER] flg=0x10008000 cmp=com.shareconnect/.MainActivity }, activity.getIntent()=Intent { cmp=com.shareconnect/.SettingsActivity (has extras) }, activity=com.shareconnect.SettingsActivity@54eb5e1
09-23 18:16:55.722 17293 17293 D FirebaseSessions: App foregrounded on com.shareconnect
09-23 18:16:55.726 17293 17293 V Console : Activity lifecycle :: RESUMED :: SettingsActivity
09-23 18:16:55.726 17293 17293 V Console : Foreground activity counter :: AtomicIntWrapper :: 12312792 :: 227589169 :: Value of: 0
09-23 18:16:55.726 17293 17293 I Console : Activity lifecycle :: Main state :: Foreground
09-23 18:16:55.726 17293 17293 V Console : Foreground activity counter :: AtomicIntWrapper :: 12312792 :: 227589169 :: Incremented to: 1
09-23 18:16:55.726 17293 17293 D LifecycleMonitor: Lifecycle status change: com.shareconnect.SettingsActivity@54eb5e1 in: RESUMED
09-23 18:16:55.726 17293 17293 V ActivityScenario: Activity lifecycle changed event received but ignored because the intent does not match. startActivityIntent=Intent { act=android.intent.action.MAIN cat=[android.intent.category.LAUNCHER] flg=0x10008000 cmp=com.shareconnect/.MainActivity }, activity.getIntent()=Intent { cmp=com.shareconnect/.SettingsActivity (has extras) }, activity=com.shareconnect.SettingsActivity@54eb5e1
09-23 18:16:55.726 17293 17293 V Console : Activity lifecycle :: POST-RESUMED :: SettingsActivity
09-23 18:16:55.728 17293 17386 W Parcel  : Expecting binder but got null!
09-23 18:16:55.745 17293 17386 E OpenGLRenderer: Unable to match the desired swap behavior.
09-23 18:16:55.763   488   503 W ziparchive: Unable to open '/data/app/~~G-kfL5nj0oNF6JbwT3gClg==/com.shareconnect-kmovnR8A3kHYD3ju2YodYg==/base.dm': No such file or directory
09-23 18:16:55.763  1581  1581 I GsaVoiceInteractionSrv: Handling ACTION_STOP_HOTWORD
09-23 18:16:55.764  1581  2234 I HwDetectorWithState: (REDACTED) a: %d
09-23 18:16:55.764   488   503 I ActivityTaskManager: Displayed com.shareconnect/.SettingsActivity: +115ms
09-23 18:16:55.780   779   868 D EGL_emulation: app_time_stats: avg=620.43ms min=14.04ms max=6052.54ms count=10
09-23 18:16:55.781 11811 11811 I GoogleInputMethodService: GoogleInputMethodService.onFinishInput():3227
09-23 18:16:55.782 11811 11811 I GoogleInputMethodService: GoogleInputMethodService.updateDeviceLockedStatus():2087 repeatCheckTimes = 0, unlocked = true
09-23 18:16:55.782 11811 11811 I GoogleInputMethodService: GoogleInputMethodService.onStartInput():1877 onStartInput(EditorInfo{inputType=0x0(NULL) imeOptions=0x0 privateImeOptions=null actionName=UNSPECIFIED actionLabel=null actionId=0 initialSelStart=-1 initialSelEnd=-1 initialCapsMode=0x0 hintText=null label=null packageName=com.shareconnect fieldId=2131231190 fieldName=null extras=null}, false)
09-23 18:16:55.782 11811 11811 I GoogleInputMethodService: GoogleInputMethodService.shouldHideHeaderOnInitialState():4008 ShouldHideHeaderOnInitialState = false
09-23 18:16:55.782 11811 11811 I GoogleInputMethodService: GoogleInputMethodService.updateDeviceLockedStatus():2087 repeatCheckTimes = 2, unlocked = true
09-23 18:16:55.976 17293 17293 V Console : Activity lifecycle :: PRE-STOPPED :: MainActivity
09-23 18:16:55.977 17293 17293 V Console : Activity lifecycle :: STOPPED :: MainActivity
09-23 18:16:55.978  1581  2228 I AssistantForeground: (REDACTED) Get launcher package: %s
09-23 18:16:55.979 17293 17293 D LifecycleMonitor: Lifecycle status change: com.shareconnect.MainActivity@d097e07 in: STOPPED
09-23 18:16:55.979 17293 17293 V ActivityScenario: Update currentActivityStage to STOPPED, currentActivity=com.shareconnect.MainActivity@d097e07
09-23 18:16:55.980 17293 17293 V Console : Activity lifecycle :: POST-STOPPED :: MainActivity
09-23 18:16:55.994   998  1945 D OneSearchSuggestProvider: Shut down the binder channel
09-23 18:16:55.995   998  1037 I s.nexuslauncher: oneway function results for code 2 on binder at 0xb400007a3947b1e0 will be dropped but finished with status UNKNOWN_TRANSACTION
09-23 18:16:56.028   779   868 D EGL_emulation: app_time_stats: avg=2243.03ms min=45.17ms max=10819.95ms count=5
09-23 18:16:56.060   488  1182 W InputManager-JNI: Input channel object '5342576 Splash Screen com.shareconnect (client)' was disposed without first being removed with the input manager!
09-23 18:16:56.110   779   850 W FrameTracker: Missed SF frame:PREDICTION_ERROR, 462854, 11982811, CUJ=J<SPLASHSCREEN_EXIT_ANIM>
09-23 18:16:56.110   779   850 W FrameTracker: Missed App frame:UNKNOWN: 24, 462897, 0, CUJ=J<SPLASHSCREEN_EXIT_ANIM>
09-23 18:16:56.110   779   850 W FrameTracker: Missed SF frame:UNKNOWN: 24, 462897, 0, CUJ=J<SPLASHSCREEN_EXIT_ANIM>
09-23 18:16:56.110   779   850 W FrameTracker: Missing HWUI jank callback for vsyncId: 462897, CUJ=J<SPLASHSCREEN_EXIT_ANIM>
09-23 18:16:56.110   779   850 W FrameTracker: Missed App frame:UNKNOWN: 88, 462926, 0, CUJ=J<SPLASHSCREEN_EXIT_ANIM>
09-23 18:16:56.110   779   850 W FrameTracker: Missed SF frame:UNKNOWN: 88, 462926, 0, CUJ=J<SPLASHSCREEN_EXIT_ANIM>
09-23 18:16:56.110   779   850 W FrameTracker: Missing HWUI jank callback for vsyncId: 462926, CUJ=J<SPLASHSCREEN_EXIT_ANIM>
09-23 18:16:56.110   779   850 W FrameTracker: Missed SF frame:UNKNOWN: 80, 462983, 33451480, CUJ=J<SPLASHSCREEN_EXIT_ANIM>
09-23 18:16:56.110   779   850 W FrameTracker: Missed App frame:UNKNOWN: 88, 463005, 33766314, CUJ=J<SPLASHSCREEN_EXIT_ANIM>
09-23 18:16:56.110   779   850 W FrameTracker: Missed SF frame:UNKNOWN: 88, 463005, 33766314, CUJ=J<SPLASHSCREEN_EXIT_ANIM>
09-23 18:16:56.110   779   850 W FrameTracker: Missed SF frame:UNKNOWN: 80, 463048, 33638440, CUJ=J<SPLASHSCREEN_EXIT_ANIM>
09-23 18:16:56.110   779   850 W FrameTracker: Missed App frame:UNKNOWN: 88, 463070, 34256982, CUJ=J<SPLASHSCREEN_EXIT_ANIM>
09-23 18:16:56.110   779   850 W FrameTracker: Missed SF frame:UNKNOWN: 88, 463070, 34256982, CUJ=J<SPLASHSCREEN_EXIT_ANIM>
09-23 18:16:56.110   779   850 W FrameTracker: Missed SF frame:UNKNOWN: 80, 463106, 33888608, CUJ=J<SPLASHSCREEN_EXIT_ANIM>
09-23 18:16:56.110   779   850 W FrameTracker: Missed App frame:UNKNOWN: 88, 463135, 34700733, CUJ=J<SPLASHSCREEN_EXIT_ANIM>
09-23 18:16:56.110   779   850 W FrameTracker: Missed SF frame:UNKNOWN: 88, 463135, 34700733, CUJ=J<SPLASHSCREEN_EXIT_ANIM>
09-23 18:16:56.110   779   850 W FrameTracker: Missed SF frame:UNKNOWN: 80, 463164, 22000901, CUJ=J<SPLASHSCREEN_EXIT_ANIM>
09-23 18:16:56.110   779   850 W FrameTracker: Missed SF frame:UNKNOWN: 80, 463179, 20102860, CUJ=J<SPLASHSCREEN_EXIT_ANIM>
09-23 18:16:56.110   779   850 W FrameTracker: Missed SF frame:UNKNOWN: 80, 463208, 18962444, CUJ=J<SPLASHSCREEN_EXIT_ANIM>
09-23 18:16:56.110   779   850 W FrameTracker: Missed SF frame:UNKNOWN: 80, 463216, 19689153, CUJ=J<SPLASHSCREEN_EXIT_ANIM>
09-23 18:16:56.110   779   850 W FrameTracker: Missed SF frame:UNKNOWN: 80, 463231, 20265862, CUJ=J<SPLASHSCREEN_EXIT_ANIM>
09-23 18:16:56.110   779   850 W FrameTracker: Missed SF frame:UNKNOWN: 80, 463295, 0, CUJ=J<SPLASHSCREEN_EXIT_ANIM>
09-23 18:16:56.110   779   850 W FrameTracker: Missing HWUI jank callback for vsyncId: 463295, CUJ=J<SPLASHSCREEN_EXIT_ANIM>
09-23 18:16:56.110   779   850 W FrameTracker: Missing SF jank callback for vsyncId: 463331, CUJ=J<SPLASHSCREEN_EXIT_ANIM>
09-23 18:16:56.197 17293 17536 V Console : Foreground activity counter :: AtomicIntWrapper :: 12312792 :: 227589169 :: Value of: 1
09-23 18:16:57.042   779   868 D EGL_emulation: app_time_stats: avg=33.32ms min=0.70ms max=116.63ms count=29
09-23 18:16:57.370 17293 17386 D EGL_emulation: app_time_stats: avg=160.24ms min=11.31ms max=1479.05ms count=10
09-23 18:16:59.836   779   869 D ControlsListingControllerImpl: Subscribing callback, service count: 0
09-23 18:16:59.847   779   869 D ControlsListingControllerImpl: Unsubscribing callback
09-23 18:17:00.007  1551  1815 I AiAiEcho: Predicting[0]:
09-23 18:17:00.007  1551  1815 I AiAiEcho: Ranked targets strategy: SORT, count: 0, ranking metadata:
09-23 18:17:00.008  1551  1815 I AiAiEcho: #postPredictionTargets: Sending updates to UISurface lockscreen with targets# 0
09-23 18:17:00.008  1551  1815 I AiAiEcho: #postPredictionTargets: Sending updates to UISurface home with targets# 0
09-23 18:17:00.053   779   868 D EGL_emulation: app_time_stats: avg=378.32ms min=1.17ms max=4111.31ms count=11
09-23 18:17:00.779 17293 17293 V Console : Activity lifecycle :: PRE-PAUSED :: SettingsActivity
09-23 18:17:00.779 17293 17293 D Console : Activity lifecycle :: Top activity: SettingsActivity
09-23 18:17:00.779 17293 17293 D FirebaseSessions: App backgrounded on com.shareconnect
09-23 18:17:00.780 17293 17293 V Console : Activity lifecycle :: PAUSED :: SettingsActivity
09-23 18:17:00.781 17293 17293 V Console : Foreground activity counter :: AtomicIntWrapper :: 12312792 :: 227589169 :: Decremented to: 0
09-23 18:17:00.781 17293 17293 D LifecycleMonitor: Lifecycle status change: com.shareconnect.SettingsActivity@54eb5e1 in: PAUSED
09-23 18:17:00.781 17293 17293 V ActivityScenario: Activity lifecycle changed event received but ignored because the intent does not match. startActivityIntent=Intent { act=android.intent.action.MAIN cat=[android.intent.category.LAUNCHER] flg=0x10008000 cmp=com.shareconnect/.MainActivity }, activity.getIntent()=Intent { cmp=com.shareconnect/.SettingsActivity (has extras) }, activity=com.shareconnect.SettingsActivity@54eb5e1
09-23 18:17:00.785 17293 17293 D LifecycleMonitor: Lifecycle status change: androidx.test.core.app.InstrumentationActivityInvoker$EmptyActivity@872db99 in: PRE_ON_CREATE
09-23 18:17:00.785 17293 17293 V ActivityScenario: Activity lifecycle changed event received but ignored because the intent does not match. startActivityIntent=Intent { act=android.intent.action.MAIN cat=[android.intent.category.LAUNCHER] flg=0x10008000 cmp=com.shareconnect/.MainActivity }, activity.getIntent()=Intent { act=android.intent.action.MAIN cat=[android.intent.category.LAUNCHER] flg=0x10000000 cmp=com.shareconnect/androidx.test.core.app.InstrumentationActivityInvoker$EmptyActivity }, activity=androidx.test.core.app.InstrumentationActivityInvoker$EmptyActivity@872db99
09-23 18:17:00.788 17293 17293 D LifecycleMonitor: Lifecycle status change: androidx.test.core.app.InstrumentationActivityInvoker$EmptyActivity@872db99 in: CREATED
09-23 18:17:00.788 17293 17293 V ActivityScenario: Activity lifecycle changed event received but ignored because the intent does not match. startActivityIntent=Intent { act=android.intent.action.MAIN cat=[android.intent.category.LAUNCHER] flg=0x10008000 cmp=com.shareconnect/.MainActivity }, activity.getIntent()=Intent { act=android.intent.action.MAIN cat=[android.intent.category.LAUNCHER] flg=0x10000000 cmp=com.shareconnect/androidx.test.core.app.InstrumentationActivityInvoker$EmptyActivity }, activity=androidx.test.core.app.InstrumentationActivityInvoker$EmptyActivity@872db99
09-23 18:17:00.788 17293 17293 D LifecycleMonitor: Lifecycle status change: androidx.test.core.app.InstrumentationActivityInvoker$EmptyActivity@872db99 in: STARTED
09-23 18:17:00.788 17293 17293 V ActivityScenario: Activity lifecycle changed event received but ignored because the intent does not match. startActivityIntent=Intent { act=android.intent.action.MAIN cat=[android.intent.category.LAUNCHER] flg=0x10008000 cmp=com.shareconnect/.MainActivity }, activity.getIntent()=Intent { act=android.intent.action.MAIN cat=[android.intent.category.LAUNCHER] flg=0x10000000 cmp=com.shareconnect/androidx.test.core.app.InstrumentationActivityInvoker$EmptyActivity }, activity=androidx.test.core.app.InstrumentationActivityInvoker$EmptyActivity@872db99
09-23 18:17:00.789 17293 17293 D FirebaseSessions: App foregrounded on com.shareconnect
09-23 18:17:00.790 17293 17293 V Console : Activity lifecycle :: RESUMED :: EmptyActivity
09-23 18:17:00.790 17293 17293 V Console : Foreground activity counter :: AtomicIntWrapper :: 12312792 :: 227589169 :: Value of: 0
09-23 18:17:00.790 17293 17293 I Console : Activity lifecycle :: Main state :: Foreground
09-23 18:17:00.790 17293 17293 V Console : Foreground activity counter :: AtomicIntWrapper :: 12312792 :: 227589169 :: Incremented to: 1
09-23 18:17:00.791 17293 17293 D LifecycleMonitor: Lifecycle status change: androidx.test.core.app.InstrumentationActivityInvoker$EmptyActivity@872db99 in: RESUMED
09-23 18:17:00.791 17293 17293 V ActivityScenario: Activity lifecycle changed event received but ignored because the intent does not match. startActivityIntent=Intent { act=android.intent.action.MAIN cat=[android.intent.category.LAUNCHER] flg=0x10008000 cmp=com.shareconnect/.MainActivity }, activity.getIntent()=Intent { act=android.intent.action.MAIN cat=[android.intent.category.LAUNCHER] flg=0x10000000 cmp=com.shareconnect/androidx.test.core.app.InstrumentationActivityInvoker$EmptyActivity }, activity=androidx.test.core.app.InstrumentationActivityInvoker$EmptyActivity@872db99
09-23 18:17:00.791 17293 17293 V Console : Activity lifecycle :: POST-RESUMED :: EmptyActivity
09-23 18:17:00.792 17293 17386 W Parcel  : Expecting binder but got null!
09-23 18:17:00.812 17293 17386 E OpenGLRenderer: Unable to match the desired swap behavior.
09-23 18:17:00.834   488   503 I ActivityTaskManager: Displayed com.shareconnect/androidx.test.core.app.InstrumentationActivityInvoker$EmptyActivity: +58ms
09-23 18:17:00.843 17293 17293 V Console : Activity lifecycle :: PRE-DESTROYED :: MainActivity
09-23 18:17:00.844 17293 17293 V Console : Activity lifecycle :: DESTROYED :: MainActivity
09-23 18:17:00.845 17293 17293 D LifecycleMonitor: Lifecycle status change: com.shareconnect.MainActivity@d097e07 in: DESTROYED
09-23 18:17:00.845 17293 17293 V ActivityScenario: Update currentActivityStage to DESTROYED, currentActivity=null
09-23 18:17:00.860   488  1182 W InputManager-JNI: Input channel object '6566d4e com.shareconnect/com.shareconnect.MainActivity (client)' was disposed without first being removed with the input manager!
09-23 18:17:00.861 17293 17293 V Console : Activity lifecycle :: PRE-STOPPED :: SettingsActivity
09-23 18:17:00.862 17293 17293 V Console : Activity lifecycle :: STOPPED :: SettingsActivity
09-23 18:17:00.864 17293 17293 D LifecycleMonitor: Lifecycle status change: com.shareconnect.SettingsActivity@54eb5e1 in: STOPPED
09-23 18:17:00.864 17293 17293 V ActivityScenario: Activity lifecycle changed event received but ignored because the intent does not match. startActivityIntent=Intent { act=android.intent.action.MAIN cat=[android.intent.category.LAUNCHER] flg=0x10008000 cmp=com.shareconnect/.MainActivity }, activity.getIntent()=Intent { cmp=com.shareconnect/.SettingsActivity (has extras) }, activity=com.shareconnect.SettingsActivity@54eb5e1
09-23 18:17:00.864 17293 17293 V Console : Activity lifecycle :: POST-STOPPED :: SettingsActivity
09-23 18:17:00.870 11811 11811 I GoogleInputMethodService: GoogleInputMethodService.onFinishInput():3227
09-23 18:17:00.871 11811 11811 I GoogleInputMethodService: GoogleInputMethodService.updateDeviceLockedStatus():2087 repeatCheckTimes = 0, unlocked = true
09-23 18:17:00.871 11811 11811 I GoogleInputMethodService: GoogleInputMethodService.onStartInput():1877 onStartInput(EditorInfo{inputType=0x0(NULL) imeOptions=0x0 privateImeOptions=null actionName=UNSPECIFIED actionLabel=null actionId=0 initialSelStart=-1 initialSelEnd=-1 initialCapsMode=0x0 hintText=null label=null packageName=com.shareconnect fieldId=-1 fieldName=null extras=null}, false)
09-23 18:17:00.871 11811 11811 I GoogleInputMethodService: GoogleInputMethodService.shouldHideHeaderOnInitialState():4008 ShouldHideHeaderOnInitialState = false
09-23 18:17:00.871 11811 11811 I GoogleInputMethodService: GoogleInputMethodService.updateDeviceLockedStatus():2087 repeatCheckTimes = 2, unlocked = true
09-23 18:17:00.876 17293 17370 E TestRunner: failed: testCompleteShareIntentFlow(com.shareconnect.automation.FullAppFlowAutomationTest)
09-23 18:17:00.877 17293 17370 E TestRunner: ----- begin exception -----
09-23 18:17:00.877 17293 17370 E TestRunner: java.lang.NoClassDefFoundError: Failed resolution of: Lorg/hamcrest/Matchers;
09-23 18:17:00.877 17293 17370 E TestRunner: 	at androidx.test.espresso.matcher.ViewMatchers.withId(ViewMatchers.java:1)
09-23 18:17:00.877 17293 17370 E TestRunner: 	at com.shareconnect.automation.FullAppFlowAutomationTest.testCompleteShareIntentFlow(FullAppFlowAutomationTest.kt:192)
09-23 18:17:00.877 17293 17370 E TestRunner: 	at java.lang.reflect.Method.invoke(Native Method)
09-23 18:17:00.877 17293 17370 E TestRunner: 	at org.junit.runners.model.FrameworkMethod$1.runReflectiveCall(FrameworkMethod.java:59)
09-23 18:17:00.877 17293 17370 E TestRunner: 	at org.junit.internal.runners.model.ReflectiveCallable.run(ReflectiveCallable.java:12)
09-23 18:17:00.877 17293 17370 E TestRunner: 	at org.junit.runners.model.FrameworkMethod.invokeExplosively(FrameworkMethod.java:56)
09-23 18:17:00.877 17293 17370 E TestRunner: 	at org.junit.internal.runners.statements.InvokeMethod.evaluate(InvokeMethod.java:17)
09-23 18:17:00.877 17293 17370 E TestRunner: 	at androidx.test.internal.runner.junit4.statement.RunBefores.evaluate(RunBefores.java:80)
09-23 18:17:00.877 17293 17370 E TestRunner: 	at androidx.test.internal.runner.junit4.statement.RunAfters.evaluate(RunAfters.java:61)
09-23 18:17:00.877 17293 17370 E TestRunner: 	at org.junit.runners.ParentRunner$3.evaluate(ParentRunner.java:306)
09-23 18:17:00.877 17293 17370 E TestRunner: 	at org.junit.runners.BlockJUnit4ClassRunner$1.evaluate(BlockJUnit4ClassRunner.java:100)
09-23 18:17:00.877 17293 17370 E TestRunner: 	at org.junit.runners.ParentRunner.runLeaf(ParentRunner.java:366)
09-23 18:17:00.877 17293 17370 E TestRunner: 	at org.junit.runners.BlockJUnit4ClassRunner.runChild(BlockJUnit4ClassRunner.java:103)
09-23 18:17:00.877 17293 17370 E TestRunner: 	at org.junit.runners.BlockJUnit4ClassRunner.runChild(BlockJUnit4ClassRunner.java:63)
09-23 18:17:00.877 17293 17370 E TestRunner: 	at org.junit.runners.ParentRunner$4.run(ParentRunner.java:331)
09-23 18:17:00.877 17293 17370 E TestRunner: 	at org.junit.runners.ParentRunner$1.schedule(ParentRunner.java:79)
09-23 18:17:00.877 17293 17370 E TestRunner: 	at org.junit.runners.ParentRunner.runChildren(ParentRunner.java:329)
09-23 18:17:00.877 17293 17370 E TestRunner: 	at org.junit.runners.ParentRunner.access$100(ParentRunner.java:66)
09-23 18:17:00.877 17293 17370 E TestRunner: 	at org.junit.runners.ParentRunner$2.evaluate(ParentRunner.java:293)
09-23 18:17:00.877 17293 17370 E TestRunner: 	at org.junit.runners.ParentRunner$3.evaluate(ParentRunner.java:306)
09-23 18:17:00.877 17293 17370 E TestRunner: 	at org.junit.runners.ParentRunner.run(ParentRunner.java:413)
09-23 18:17:00.877 17293 17370 E TestRunner: 	at androidx.test.ext.junit.runners.AndroidJUnit4.run(AndroidJUnit4.java:162)
09-23 18:17:00.877 17293 17370 E TestRunner: 	at org.junit.runners.Suite.runChild(Suite.java:128)
09-23 18:17:00.877 17293 17370 E TestRunner: 	at org.junit.runners.Suite.runChild(Suite.java:27)
09-23 18:17:00.877 17293 17370 E TestRunner: 	at org.junit.runners.ParentRunner$4.run(ParentRunner.java:331)
09-23 18:17:00.877 17293 17370 E TestRunner: 	at org.junit.runners.ParentRunner$1.schedule(ParentRunner.java:79)
09-23 18:17:00.877 17293 17370 E TestRunner: 	at org.junit.runners.ParentRunner.runChildren(ParentRunner.java:329)
09-23 18:17:00.877 17293 17370 E TestRunner: 	at org.junit.runners.ParentRunner.access$100(ParentRunner.java:66)
09-23 18:17:00.877 17293 17370 E TestRunner: 	at org.junit.runners.ParentRunner$2.evaluate(ParentRunner.java:293)
09-23 18:17:00.877 17293 17370 E TestRunner: 	at org.junit.runners.ParentRunner$3.evaluate(ParentRunner.java:306)
09-23 18:17:00.877 17293 17370 E TestRunner: 	at org.junit.runners.ParentRunner.run(ParentRunner.java:413)
09-23 18:17:00.877 17293 17370 E TestRunner: 	at org.junit.runners.Suite.runChild(Suite.java:128)
09-23 18:17:00.877 17293 17370 E TestRunner: 	at org.junit.runners.Suite.runChild(Suite.java:27)
09-23 18:17:00.877 17293 17370 E TestRunner: 	at org.junit.runners.ParentRunner$4.run(ParentRunner.java:331)
09-23 18:17:00.877 17293 17370 E TestRunner: 	at org.junit.runners.ParentRunner$1.schedule(ParentRunner.java:79)
09-23 18:17:00.877 17293 17370 E TestRunner: 	at org.junit.runners.ParentRunner.runChildren(ParentRunner.java:329)
09-23 18:17:00.877 17293 17370 E TestRunner: 	at org.junit.runners.ParentRunner.access$100(ParentRunner.java:66)
09-23 18:17:00.877 17293 17370 E TestRunner: 	at org.junit.runners.ParentRunner$2.evaluate(ParentRunner.java:293)
09-23 18:17:00.877 17293 17370 E TestRunner: 	at org.junit.runners.ParentRunner$3.evaluate(ParentRunner.java:306)
09-23 18:17:00.877 17293 17370 E TestRunner: 	at org.junit.runners.ParentRunner.run(ParentRunner.java:413)
09-23 18:17:00.877 17293 17370 E TestRunner: 	at org.junit.runner.JUnitCore.run(JUnitCore.java:137)
09-23 18:17:00.877 17293 17370 E TestRunner: 	at org.junit.runner.JUnitCore.run(JUnitCore.java:115)
09-23 18:17:00.877 17293 17370 E TestRunner: 	at androidx.test.internal.runner.TestExecutor.execute(TestExecutor.java:68)
09-23 18:17:00.877 17293 17370 E TestRunner: 	at androidx.test.internal.runner.TestExecutor.execute(TestExecutor.java:59)
09-23 18:17:00.877 17293 17370 E TestRunner: 	at androidx.test.runner.AndroidJUnitRunner.onStart(AndroidJUnitRunner.java:463)
09-23 18:17:00.877 17293 17370 E TestRunner: 	at android.app.Instrumentation$InstrumentationThread.run(Instrumentation.java:2361)
09-23 18:17:00.877 17293 17370 E TestRunner: Caused by: java.lang.ClassNotFoundException: Didn't find class "org.hamcrest.Matchers" on path: DexPathList[[zip file "/system/framework/android.test.runner.jar", zip file "/system/framework/android.test.mock.jar", zip file "/system/framework/android.test.base.jar", zip file "/data/app/~~EY2JRd0t-prCVNzEIntACQ==/com.shareconnect.test-mhfFQ_M8O7SEugdeZhJoEA==/base.apk", zip file "/data/app/~~G-kfL5nj0oNF6JbwT3gClg==/com.shareconnect-kmovnR8A3kHYD3ju2YodYg==/base.apk"],nativeLibraryDirectories=[/data/app/~~EY2JRd0t-prCVNzEIntACQ==/com.shareconnect.test-mhfFQ_M8O7SEugdeZhJoEA==/lib/arm64, /data/app/~~G-kfL5nj0oNF6JbwT3gClg==/com.shareconnect-kmovnR8A3kHYD3ju2YodYg==/lib/arm64, /data/app/~~EY2JRd0t-prCVNzEIntACQ==/com.shareconnect.test-mhfFQ_M8O7SEugdeZhJoEA==/base.apk!/lib/arm64-v8a, /data/app/~~G-kfL5nj0oNF6JbwT3gClg==/com.shareconnect-kmovnR8A3kHYD3ju2YodYg==/base.apk!/lib/arm64-v8a, /system/lib64, /system_ext/lib64]]
09-23 18:17:00.877 17293 17370 E TestRunner: 	at dalvik.system.BaseDexClassLoader.findClass(BaseDexClassLoader.java:259)
09-23 18:17:00.877 17293 17370 E TestRunner: 	at java.lang.ClassLoader.loadClass(ClassLoader.java:379)
09-23 18:17:00.877 17293 17370 E TestRunner: 	at java.lang.ClassLoader.loadClass(ClassLoader.java:312)
09-23 18:17:00.877 17293 17370 E TestRunner: 	... 46 more
09-23 18:17:00.877 17293 17370 E TestRunner: ----- end exception -----
09-23 18:17:00.877 17293 17370 I TestRunner: finished: testCompleteShareIntentFlow(com.shareconnect.automation.FullAppFlowAutomationTest)
