09-23 18:18:25.425 17293 17370 I TestRunner: started: testHistoryButtonClick(com.shareconnect.activities.MainActivityInstrumentationTest)
09-23 18:18:25.429 17293 17370 W Settings: Setting always_finish_activities has moved from android.provider.Settings.System to android.provider.Settings.Global, returning read-only value.
09-23 18:18:25.442   779   868 W Parcel  : Expecting binder but got null!
09-23 18:18:25.445 17293 17293 D LifecycleMonitor: Lifecycle status change: com.shareconnect.MainActivity@42fee78 in: PRE_ON_CREATE
09-23 18:18:25.446 17293 17293 V ActivityScenario: Activity lifecycle changed event received but ignored because the reported transition was not ON_CREATE while the last known transition was PRE_ON_CREATE
09-23 18:18:25.448 17293 17293 D Console : getDefaultTheme() returned: Warm Orange Light (ID: 1, isDefault: true)
09-23 18:18:25.448 17293 17293 D Console : getDefaultTheme() returned: Warm Orange Light (ID: 1, isDefault: true)
09-23 18:18:25.448 17293 17293 D Console : Applying theme: Warm Orange Light, colorScheme: warm_orange, isDarkMode: false, currentTheme: WARM_ORANGE_LIGHT
09-23 18:18:25.448 17293 17293 D Console : Activity MainActivity usesToolbar: true
09-23 18:18:25.449 17293 17293 D Console : Setting night mode to NO
09-23 18:18:25.458 17293 17293 D LifecycleMonitor: Lifecycle status change: com.shareconnect.MainActivity@42fee78 in: CREATED
09-23 18:18:25.458 17293 17293 V ActivityScenario: Update currentActivityStage to CREATED, currentActivity=com.shareconnect.MainActivity@42fee78
09-23 18:18:25.459 17293 17293 D LifecycleMonitor: Lifecycle status change: com.shareconnect.MainActivity@42fee78 in: STARTED
09-23 18:18:25.459 17293 17293 V ActivityScenario: Update currentActivityStage to STARTED, currentActivity=com.shareconnect.MainActivity@42fee78
09-23 18:18:25.461 17293 17293 D FirebaseSessions: App foregrounded on com.shareconnect
09-23 18:18:25.461   779   868 E OpenGLRenderer: Unable to match the desired swap behavior.
09-23 18:18:25.464 17293 17293 V Console : Activity lifecycle :: RESUMED :: MainActivity
09-23 18:18:25.464 17293 17293 V Console : Foreground activity counter :: AtomicIntWrapper :: 12312792 :: 227589169 :: Value of: 0
09-23 18:18:25.464 17293 17293 I Console : Activity lifecycle :: Main state :: Foreground
09-23 18:18:25.464 17293 17293 V Console : Foreground activity counter :: AtomicIntWrapper :: 12312792 :: 227589169 :: Incremented to: 1
09-23 18:18:25.464 17293 17293 D Console : hasThemeChanged() returned: false
09-23 18:18:25.464 17293 17293 D Console : onResume() called, themeChanged: false
09-23 18:18:25.464 17293 17293 D LifecycleMonitor: Lifecycle status change: com.shareconnect.MainActivity@42fee78 in: RESUMED
09-23 18:18:25.464 17293 17293 V ActivityScenario: Update currentActivityStage to RESUMED, currentActivity=com.shareconnect.MainActivity@42fee78
09-23 18:18:25.465 17293 17293 V Console : Activity lifecycle :: POST-RESUMED :: MainActivity
09-23 18:18:25.467 17293 17386 W Parcel  : Expecting binder but got null!
09-23 18:18:25.470 17293 17293 V Console : Activity lifecycle :: PRE-PAUSED :: MainActivity
09-23 18:18:25.470 17293 17293 D Console : Activity lifecycle :: Top activity: MainActivity
09-23 18:18:25.471 17293 17293 D FirebaseSessions: App backgrounded on com.shareconnect
09-23 18:18:25.472 17293 17293 V Console : Activity lifecycle :: PAUSED :: MainActivity
09-23 18:18:25.472 17293 17293 V Console : Foreground activity counter :: AtomicIntWrapper :: 12312792 :: 227589169 :: Decremented to: 0
09-23 18:18:25.472 17293 17293 D LifecycleMonitor: Lifecycle status change: com.shareconnect.MainActivity@42fee78 in: PAUSED
09-23 18:18:25.472 17293 17293 V ActivityScenario: Update currentActivityStage to PAUSED, currentActivity=com.shareconnect.MainActivity@42fee78
09-23 18:18:25.483 17293 17386 E OpenGLRenderer: Unable to match the desired swap behavior.
09-23 18:18:25.505 17293 17293 D LifecycleMonitor: Lifecycle status change: com.shareconnect.SettingsActivity@2b4b323 in: PRE_ON_CREATE
09-23 18:18:25.505 17293 17293 V ActivityScenario: Activity lifecycle changed event received but ignored because the intent does not match. startActivityIntent=Intent { act=android.intent.action.MAIN cat=[android.intent.category.LAUNCHER] flg=0x10008000 cmp=com.shareconnect/.MainActivity }, activity.getIntent()=Intent { cmp=com.shareconnect/.SettingsActivity (has extras) }, activity=com.shareconnect.SettingsActivity@2b4b323
09-23 18:18:25.511 17293 17293 D Console : getDefaultTheme() returned: Warm Orange Light (ID: 1, isDefault: true)
09-23 18:18:25.511 17293 17293 D Console : getDefaultTheme() returned: Warm Orange Light (ID: 1, isDefault: true)
09-23 18:18:25.511 17293 17293 D Console : Applying theme: Warm Orange Light, colorScheme: warm_orange, isDarkMode: false, currentTheme: WARM_ORANGE_LIGHT
09-23 18:18:25.511 17293 17293 D Console : Activity SettingsActivity usesToolbar: true
09-23 18:18:25.519 17293 17293 D Console : Setting night mode to NO
09-23 18:18:25.532 17293 17293 D LifecycleMonitor: Lifecycle status change: com.shareconnect.SettingsActivity@2b4b323 in: CREATED
09-23 18:18:25.532 17293 17293 V ActivityScenario: Activity lifecycle changed event received but ignored because the intent does not match. startActivityIntent=Intent { act=android.intent.action.MAIN cat=[android.intent.category.LAUNCHER] flg=0x10008000 cmp=com.shareconnect/.MainActivity }, activity.getIntent()=Intent { cmp=com.shareconnect/.SettingsActivity (has extras) }, activity=com.shareconnect.SettingsActivity@2b4b323
09-23 18:18:25.550 17293 17293 D LifecycleMonitor: Lifecycle status change: com.shareconnect.SettingsActivity@2b4b323 in: STARTED
09-23 18:18:25.550 17293 17293 V ActivityScenario: Activity lifecycle changed event received but ignored because the intent does not match. startActivityIntent=Intent { act=android.intent.action.MAIN cat=[android.intent.category.LAUNCHER] flg=0x10008000 cmp=com.shareconnect/.MainActivity }, activity.getIntent()=Intent { cmp=com.shareconnect/.SettingsActivity (has extras) }, activity=com.shareconnect.SettingsActivity@2b4b323
09-23 18:18:25.551 17293 17293 D FirebaseSessions: App foregrounded on com.shareconnect
09-23 18:18:25.553  1581  1581 I GsaVoiceInteractionSrv: Handling ACTION_STOP_HOTWORD
09-23 18:18:25.555 17293 17293 V Console : Activity lifecycle :: RESUMED :: SettingsActivity
09-23 18:18:25.555 17293 17293 V Console : Foreground activity counter :: AtomicIntWrapper :: 12312792 :: 227589169 :: Value of: 0
09-23 18:18:25.555  1581  2154 I HwDetectorWithState: (REDACTED) a: %d
09-23 18:18:25.556 17293 17293 I Console : Activity lifecycle :: Main state :: Foreground
09-23 18:18:25.556 17293 17293 V Console : Foreground activity counter :: AtomicIntWrapper :: 12312792 :: 227589169 :: Incremented to: 1
09-23 18:18:25.556 17293 17293 D LifecycleMonitor: Lifecycle status change: com.shareconnect.SettingsActivity@2b4b323 in: RESUMED
09-23 18:18:25.556 17293 17293 V ActivityScenario: Activity lifecycle changed event received but ignored because the intent does not match. startActivityIntent=Intent { act=android.intent.action.MAIN cat=[android.intent.category.LAUNCHER] flg=0x10008000 cmp=com.shareconnect/.MainActivity }, activity.getIntent()=Intent { cmp=com.shareconnect/.SettingsActivity (has extras) }, activity=com.shareconnect.SettingsActivity@2b4b323
09-23 18:18:25.557 17293 17293 V Console : Activity lifecycle :: POST-RESUMED :: SettingsActivity
09-23 18:18:25.568 17293 17386 W Parcel  : Expecting binder but got null!
09-23 18:18:25.591 17293 17386 E OpenGLRenderer: Unable to match the desired swap behavior.
09-23 18:18:25.609   779   868 D EGL_emulation: app_time_stats: avg=609.89ms min=12.16ms max=5951.17ms count=10
09-23 18:18:25.636   488   503 W ziparchive: Unable to open '/data/app/~~G-kfL5nj0oNF6JbwT3gClg==/com.shareconnect-kmovnR8A3kHYD3ju2YodYg==/base.dm': No such file or directory
09-23 18:18:25.638   488   503 I ActivityTaskManager: Displayed com.shareconnect/.SettingsActivity: +201ms
09-23 18:18:25.654 11811 11811 I GoogleInputMethodService: GoogleInputMethodService.onFinishInput():3227
09-23 18:18:25.661 11811 11811 I GoogleInputMethodService: GoogleInputMethodService.updateDeviceLockedStatus():2087 repeatCheckTimes = 0, unlocked = true
09-23 18:18:25.661 11811 11811 I GoogleInputMethodService: GoogleInputMethodService.onStartInput():1877 onStartInput(EditorInfo{inputType=0x0(NULL) imeOptions=0x0 privateImeOptions=null actionName=UNSPECIFIED actionLabel=null actionId=0 initialSelStart=-1 initialSelEnd=-1 initialCapsMode=0x0 hintText=null label=null packageName=com.shareconnect fieldId=2131231190 fieldName=null extras=null}, false)
09-23 18:18:25.661 11811 11811 I GoogleInputMethodService: GoogleInputMethodService.shouldHideHeaderOnInitialState():4008 ShouldHideHeaderOnInitialState = false
09-23 18:18:25.662 11811 11811 I GoogleInputMethodService: GoogleInputMethodService.updateDeviceLockedStatus():2087 repeatCheckTimes = 2, unlocked = true
09-23 18:18:25.761 17293 17293 V Console : Activity lifecycle :: PRE-STOPPED :: MainActivity
09-23 18:18:25.769  1581  2228 I AssistantForeground: (REDACTED) Get launcher package: %s
09-23 18:18:25.776 17293 17293 V Console : Activity lifecycle :: STOPPED :: MainActivity
09-23 18:18:25.776 17293 17293 D LifecycleMonitor: Lifecycle status change: com.shareconnect.MainActivity@42fee78 in: STOPPED
09-23 18:18:25.777 17293 17293 V ActivityScenario: Update currentActivityStage to STOPPED, currentActivity=com.shareconnect.MainActivity@42fee78
09-23 18:18:25.777 17293 17293 V Console : Activity lifecycle :: POST-STOPPED :: MainActivity
09-23 18:18:25.785   998  1945 D OneSearchSuggestProvider: Shut down the binder channel
09-23 18:18:25.786   998 13981 I s.nexuslauncher: oneway function results for code 2 on binder at 0xb400007a394797d0 will be dropped but finished with status UNKNOWN_TRANSACTION
09-23 18:18:25.829   779   868 D EGL_emulation: app_time_stats: avg=2204.36ms min=49.87ms max=10617.27ms count=5
09-23 18:18:25.928   488  3363 W InputManager-JNI: Input channel object '8b5effd Splash Screen com.shareconnect (client)' was disposed without first being removed with the input manager!
09-23 18:18:25.972 17293 17476 V Console : Foreground activity counter :: AtomicIntWrapper :: 12312792 :: 227589169 :: Value of: 1
09-23 18:18:26.844   779   868 D EGL_emulation: app_time_stats: avg=34.30ms min=1.11ms max=118.47ms count=29
09-23 18:18:27.201 17293 17386 D EGL_emulation: app_time_stats: avg=145.80ms min=0.67ms max=1425.61ms count=10
09-23 18:18:30.648 17293 17293 V Console : Activity lifecycle :: PRE-PAUSED :: SettingsActivity
09-23 18:18:30.648 17293 17293 D Console : Activity lifecycle :: Top activity: SettingsActivity
09-23 18:18:30.648 17293 17293 D FirebaseSessions: App backgrounded on com.shareconnect
09-23 18:18:30.654 17293 17293 V Console : Activity lifecycle :: PAUSED :: SettingsActivity
09-23 18:18:30.654 17293 17293 V Console : Foreground activity counter :: AtomicIntWrapper :: 12312792 :: 227589169 :: Decremented to: 0
09-23 18:18:30.655 17293 17293 D LifecycleMonitor: Lifecycle status change: com.shareconnect.SettingsActivity@2b4b323 in: PAUSED
09-23 18:18:30.655 17293 17293 V ActivityScenario: Activity lifecycle changed event received but ignored because the intent does not match. startActivityIntent=Intent { act=android.intent.action.MAIN cat=[android.intent.category.LAUNCHER] flg=0x10008000 cmp=com.shareconnect/.MainActivity }, activity.getIntent()=Intent { cmp=com.shareconnect/.SettingsActivity (has extras) }, activity=com.shareconnect.SettingsActivity@2b4b323
09-23 18:18:30.664 17293 17293 D LifecycleMonitor: Lifecycle status change: androidx.test.core.app.InstrumentationActivityInvoker$EmptyActivity@8f1a31b in: PRE_ON_CREATE
09-23 18:18:30.665 17293 17293 V ActivityScenario: Activity lifecycle changed event received but ignored because the intent does not match. startActivityIntent=Intent { act=android.intent.action.MAIN cat=[android.intent.category.LAUNCHER] flg=0x10008000 cmp=com.shareconnect/.MainActivity }, activity.getIntent()=Intent { act=android.intent.action.MAIN cat=[android.intent.category.LAUNCHER] flg=0x10000000 cmp=com.shareconnect/androidx.test.core.app.InstrumentationActivityInvoker$EmptyActivity }, activity=androidx.test.core.app.InstrumentationActivityInvoker$EmptyActivity@8f1a31b
09-23 18:18:30.667 17293 17293 D LifecycleMonitor: Lifecycle status change: androidx.test.core.app.InstrumentationActivityInvoker$EmptyActivity@8f1a31b in: CREATED
09-23 18:18:30.668 17293 17293 V ActivityScenario: Activity lifecycle changed event received but ignored because the intent does not match. startActivityIntent=Intent { act=android.intent.action.MAIN cat=[android.intent.category.LAUNCHER] flg=0x10008000 cmp=com.shareconnect/.MainActivity }, activity.getIntent()=Intent { act=android.intent.action.MAIN cat=[android.intent.category.LAUNCHER] flg=0x10000000 cmp=com.shareconnect/androidx.test.core.app.InstrumentationActivityInvoker$EmptyActivity }, activity=androidx.test.core.app.InstrumentationActivityInvoker$EmptyActivity@8f1a31b
09-23 18:18:30.668 17293 17293 D LifecycleMonitor: Lifecycle status change: androidx.test.core.app.InstrumentationActivityInvoker$EmptyActivity@8f1a31b in: STARTED
09-23 18:18:30.668 17293 17293 V ActivityScenario: Activity lifecycle changed event received but ignored because the intent does not match. startActivityIntent=Intent { act=android.intent.action.MAIN cat=[android.intent.category.LAUNCHER] flg=0x10008000 cmp=com.shareconnect/.MainActivity }, activity.getIntent()=Intent { act=android.intent.action.MAIN cat=[android.intent.category.LAUNCHER] flg=0x10000000 cmp=com.shareconnect/androidx.test.core.app.InstrumentationActivityInvoker$EmptyActivity }, activity=androidx.test.core.app.InstrumentationActivityInvoker$EmptyActivity@8f1a31b
09-23 18:18:30.669 17293 17293 D FirebaseSessions: App foregrounded on com.shareconnect
09-23 18:18:30.671 17293 17293 V Console : Activity lifecycle :: RESUMED :: EmptyActivity
09-23 18:18:30.671 17293 17293 V Console : Foreground activity counter :: AtomicIntWrapper :: 12312792 :: 227589169 :: Value of: 0
09-23 18:18:30.671 17293 17293 I Console : Activity lifecycle :: Main state :: Foreground
09-23 18:18:30.671 17293 17293 V Console : Foreground activity counter :: AtomicIntWrapper :: 12312792 :: 227589169 :: Incremented to: 1
09-23 18:18:30.672 17293 17293 D LifecycleMonitor: Lifecycle status change: androidx.test.core.app.InstrumentationActivityInvoker$EmptyActivity@8f1a31b in: RESUMED
09-23 18:18:30.672 17293 17293 V ActivityScenario: Activity lifecycle changed event received but ignored because the intent does not match. startActivityIntent=Intent { act=android.intent.action.MAIN cat=[android.intent.category.LAUNCHER] flg=0x10008000 cmp=com.shareconnect/.MainActivity }, activity.getIntent()=Intent { act=android.intent.action.MAIN cat=[android.intent.category.LAUNCHER] flg=0x10000000 cmp=com.shareconnect/androidx.test.core.app.InstrumentationActivityInvoker$EmptyActivity }, activity=androidx.test.core.app.InstrumentationActivityInvoker$EmptyActivity@8f1a31b
09-23 18:18:30.672 17293 17293 V Console : Activity lifecycle :: POST-RESUMED :: EmptyActivity
09-23 18:18:30.675 17293 17386 W Parcel  : Expecting binder but got null!
09-23 18:18:30.683 11307 15529 D AdvertisingIdClient: AdvertisingIdClient already created.
09-23 18:18:30.684 11307 15529 I AdvertisingIdClient: shouldSendLog 1481099
09-23 18:18:30.684 11307 15529 I AdvertisingIdClient: GetInfoInternal elapse 1ms
09-23 18:18:30.686 12330 12330 D BoundBrokerSvc: onRebind: Intent { act=com.google.android.gms.presencemanager.service.START dat=chimera-action:/... cmp=com.google.android.gms/.chimera.PersistentApiService }
09-23 18:18:30.687 12330 12330 D BoundBrokerSvc: onRebind: Intent { act=com.google.android.gms.presencemanager.service.INTERNAL_IDENTITY dat=chimera-action:/... cmp=com.google.android.gms/.chimera.PersistentApiService }
09-23 18:18:30.698 17293 17386 E OpenGLRenderer: Unable to match the desired swap behavior.
09-23 18:18:30.704 17293 17293 V Console : Activity lifecycle :: PRE-DESTROYED :: MainActivity
09-23 18:18:30.704 17293 17293 V Console : Activity lifecycle :: DESTROYED :: MainActivity
09-23 18:18:30.704   488   503 I ActivityTaskManager: Displayed com.shareconnect/androidx.test.core.app.InstrumentationActivityInvoker$EmptyActivity: +59ms
09-23 18:18:30.705 17293 17293 D LifecycleMonitor: Lifecycle status change: com.shareconnect.MainActivity@42fee78 in: DESTROYED
09-23 18:18:30.705 17293 17293 V ActivityScenario: Update currentActivityStage to DESTROYED, currentActivity=null
09-23 18:18:30.707   488  3363 W InputManager-JNI: Input channel object '9b9b04a com.shareconnect/com.shareconnect.MainActivity (client)' was disposed without first being removed with the input manager!
09-23 18:18:30.709 17293 17293 V Console : Activity lifecycle :: PRE-STOPPED :: SettingsActivity
09-23 18:18:30.712 17293 17386 D EGL_emulation: app_time_stats: avg=216.34ms min=1.58ms max=3237.37ms count=16
09-23 18:18:30.713 17293 17293 V Console : Activity lifecycle :: STOPPED :: SettingsActivity
09-23 18:18:30.714 17293 17293 D LifecycleMonitor: Lifecycle status change: com.shareconnect.SettingsActivity@2b4b323 in: STOPPED
09-23 18:18:30.714 17293 17293 V ActivityScenario: Activity lifecycle changed event received but ignored because the intent does not match. startActivityIntent=Intent { act=android.intent.action.MAIN cat=[android.intent.category.LAUNCHER] flg=0x10008000 cmp=com.shareconnect/.MainActivity }, activity.getIntent()=Intent { cmp=com.shareconnect/.SettingsActivity (has extras) }, activity=com.shareconnect.SettingsActivity@2b4b323
09-23 18:18:30.714 17293 17293 V Console : Activity lifecycle :: POST-STOPPED :: SettingsActivity
09-23 18:18:30.718 11811 11811 I GoogleInputMethodService: GoogleInputMethodService.onFinishInput():3227
09-23 18:18:30.718 11811 11811 I GoogleInputMethodService: GoogleInputMethodService.updateDeviceLockedStatus():2087 repeatCheckTimes = 0, unlocked = true
09-23 18:18:30.718 11811 11811 I GoogleInputMethodService: GoogleInputMethodService.onStartInput():1877 onStartInput(EditorInfo{inputType=0x0(NULL) imeOptions=0x0 privateImeOptions=null actionName=UNSPECIFIED actionLabel=null actionId=0 initialSelStart=-1 initialSelEnd=-1 initialCapsMode=0x0 hintText=null label=null packageName=com.shareconnect fieldId=-1 fieldName=null extras=null}, false)
09-23 18:18:30.718 11811 11811 I GoogleInputMethodService: GoogleInputMethodService.shouldHideHeaderOnInitialState():4008 ShouldHideHeaderOnInitialState = false
09-23 18:18:30.719 11811 11811 I GoogleInputMethodService: GoogleInputMethodService.updateDeviceLockedStatus():2087 repeatCheckTimes = 2, unlocked = true
09-23 18:18:30.726 17293 17370 E TestRunner: failed: testHistoryButtonClick(com.shareconnect.activities.MainActivityInstrumentationTest)
09-23 18:18:30.726 17293 17370 E TestRunner: ----- begin exception -----
09-23 18:18:30.726 17293 17370 E TestRunner: java.lang.NoClassDefFoundError: Failed resolution of: Lorg/hamcrest/Matchers;
09-23 18:18:30.726 17293 17370 E TestRunner: 	at androidx.test.espresso.matcher.ViewMatchers.withId(ViewMatchers.java:1)
09-23 18:18:30.726 17293 17370 E TestRunner: 	at com.shareconnect.activities.MainActivityInstrumentationTest.testHistoryButtonClick(MainActivityInstrumentationTest.kt:76)
09-23 18:18:30.726 17293 17370 E TestRunner: 	at java.lang.reflect.Method.invoke(Native Method)
09-23 18:18:30.726 17293 17370 E TestRunner: 	at org.junit.runners.model.FrameworkMethod$1.runReflectiveCall(FrameworkMethod.java:59)
09-23 18:18:30.726 17293 17370 E TestRunner: 	at org.junit.internal.runners.model.ReflectiveCallable.run(ReflectiveCallable.java:12)
09-23 18:18:30.726 17293 17370 E TestRunner: 	at org.junit.runners.model.FrameworkMethod.invokeExplosively(FrameworkMethod.java:56)
09-23 18:18:30.726 17293 17370 E TestRunner: 	at org.junit.internal.runners.statements.InvokeMethod.evaluate(InvokeMethod.java:17)
09-23 18:18:30.726 17293 17370 E TestRunner: 	at androidx.test.internal.runner.junit4.statement.RunBefores.evaluate(RunBefores.java:80)
09-23 18:18:30.726 17293 17370 E TestRunner: 	at androidx.test.internal.runner.junit4.statement.RunAfters.evaluate(RunAfters.java:61)
09-23 18:18:30.726 17293 17370 E TestRunner: 	at androidx.test.rule.ActivityTestRule$ActivityStatement.evaluate(ActivityTestRule.java:522)
09-23 18:18:30.726 17293 17370 E TestRunner: 	at org.junit.runners.ParentRunner$3.evaluate(ParentRunner.java:306)
09-23 18:18:30.726 17293 17370 E TestRunner: 	at org.junit.runners.BlockJUnit4ClassRunner$1.evaluate(BlockJUnit4ClassRunner.java:100)
09-23 18:18:30.726 17293 17370 E TestRunner: 	at org.junit.runners.ParentRunner.runLeaf(ParentRunner.java:366)
09-23 18:18:30.726 17293 17370 E TestRunner: 	at org.junit.runners.BlockJUnit4ClassRunner.runChild(BlockJUnit4ClassRunner.java:103)
09-23 18:18:30.726 17293 17370 E TestRunner: 	at org.junit.runners.BlockJUnit4ClassRunner.runChild(BlockJUnit4ClassRunner.java:63)
09-23 18:18:30.726 17293 17370 E TestRunner: 	at org.junit.runners.ParentRunner$4.run(ParentRunner.java:331)
09-23 18:18:30.726 17293 17370 E TestRunner: 	at org.junit.runners.ParentRunner$1.schedule(ParentRunner.java:79)
09-23 18:18:30.726 17293 17370 E TestRunner: 	at org.junit.runners.ParentRunner.runChildren(ParentRunner.java:329)
09-23 18:18:30.726 17293 17370 E TestRunner: 	at org.junit.runners.ParentRunner.access$100(ParentRunner.java:66)
09-23 18:18:30.726 17293 17370 E TestRunner: 	at org.junit.runners.ParentRunner$2.evaluate(ParentRunner.java:293)
09-23 18:18:30.726 17293 17370 E TestRunner: 	at org.junit.runners.ParentRunner$3.evaluate(ParentRunner.java:306)
09-23 18:18:30.726 17293 17370 E TestRunner: 	at org.junit.runners.ParentRunner.run(ParentRunner.java:413)
09-23 18:18:30.726 17293 17370 E TestRunner: 	at androidx.test.ext.junit.runners.AndroidJUnit4.run(AndroidJUnit4.java:162)
09-23 18:18:30.726 17293 17370 E TestRunner: 	at org.junit.runners.Suite.runChild(Suite.java:128)
09-23 18:18:30.726 17293 17370 E TestRunner: 	at org.junit.runners.Suite.runChild(Suite.java:27)
09-23 18:18:30.726 17293 17370 E TestRunner: 	at org.junit.runners.ParentRunner$4.run(ParentRunner.java:331)
09-23 18:18:30.726 17293 17370 E TestRunner: 	at org.junit.runners.ParentRunner$1.schedule(ParentRunner.java:79)
09-23 18:18:30.726 17293 17370 E TestRunner: 	at org.junit.runners.ParentRunner.runChildren(ParentRunner.java:329)
09-23 18:18:30.726 17293 17370 E TestRunner: 	at org.junit.runners.ParentRunner.access$100(ParentRunner.java:66)
09-23 18:18:30.726 17293 17370 E TestRunner: 	at org.junit.runners.ParentRunner$2.evaluate(ParentRunner.java:293)
09-23 18:18:30.726 17293 17370 E TestRunner: 	at org.junit.runners.ParentRunner$3.evaluate(ParentRunner.java:306)
09-23 18:18:30.726 17293 17370 E TestRunner: 	at org.junit.runners.ParentRunner.run(ParentRunner.java:413)
09-23 18:18:30.726 17293 17370 E TestRunner: 	at org.junit.runners.Suite.runChild(Suite.java:128)
09-23 18:18:30.726 17293 17370 E TestRunner: 	at org.junit.runners.Suite.runChild(Suite.java:27)
09-23 18:18:30.726 17293 17370 E TestRunner: 	at org.junit.runners.ParentRunner$4.run(ParentRunner.java:331)
09-23 18:18:30.726 17293 17370 E TestRunner: 	at org.junit.runners.ParentRunner$1.schedule(ParentRunner.java:79)
09-23 18:18:30.726 17293 17370 E TestRunner: 	at org.junit.runners.ParentRunner.runChildren(ParentRunner.java:329)
09-23 18:18:30.726 17293 17370 E TestRunner: 	at org.junit.runners.ParentRunner.access$100(ParentRunner.java:66)
09-23 18:18:30.726 17293 17370 E TestRunner: 	at org.junit.runners.ParentRunner$2.evaluate(ParentRunner.java:293)
09-23 18:18:30.726 17293 17370 E TestRunner: 	at org.junit.runners.ParentRunner$3.evaluate(ParentRunner.java:306)
09-23 18:18:30.726 17293 17370 E TestRunner: 	at org.junit.runners.ParentRunner.run(ParentRunner.java:413)
09-23 18:18:30.726 17293 17370 E TestRunner: 	at org.junit.runner.JUnitCore.run(JUnitCore.java:137)
09-23 18:18:30.726 17293 17370 E TestRunner: 	at org.junit.runner.JUnitCore.run(JUnitCore.java:115)
09-23 18:18:30.726 17293 17370 E TestRunner: 	at androidx.test.internal.runner.TestExecutor.execute(TestExecutor.java:68)
09-23 18:18:30.726 17293 17370 E TestRunner: 	at androidx.test.internal.runner.TestExecutor.execute(TestExecutor.java:59)
09-23 18:18:30.726 17293 17370 E TestRunner: 	at androidx.test.runner.AndroidJUnitRunner.onStart(AndroidJUnitRunner.java:463)
09-23 18:18:30.726 17293 17370 E TestRunner: 	at android.app.Instrumentation$InstrumentationThread.run(Instrumentation.java:2361)
09-23 18:18:30.726 17293 17370 E TestRunner: Caused by: java.lang.ClassNotFoundException: Didn't find class "org.hamcrest.Matchers" on path: DexPathList[[zip file "/system/framework/android.test.runner.jar", zip file "/system/framework/android.test.mock.jar", zip file "/system/framework/android.test.base.jar", zip file "/data/app/~~EY2JRd0t-prCVNzEIntACQ==/com.shareconnect.test-mhfFQ_M8O7SEugdeZhJoEA==/base.apk", zip file "/data/app/~~G-kfL5nj0oNF6JbwT3gClg==/com.shareconnect-kmovnR8A3kHYD3ju2YodYg==/base.apk"],nativeLibraryDirectories=[/data/app/~~EY2JRd0t-prCVNzEIntACQ==/com.shareconnect.test-mhfFQ_M8O7SEugdeZhJoEA==/lib/arm64, /data/app/~~G-kfL5nj0oNF6JbwT3gClg==/com.shareconnect-kmovnR8A3kHYD3ju2YodYg==/lib/arm64, /data/app/~~EY2JRd0t-prCVNzEIntACQ==/com.shareconnect.test-mhfFQ_M8O7SEugdeZhJoEA==/base.apk!/lib/arm64-v8a, /data/app/~~G-kfL5nj0oNF6JbwT3gClg==/com.shareconnect-kmovnR8A3kHYD3ju2YodYg==/base.apk!/lib/arm64-v8a, /system/lib64, /system_ext/lib64]]
09-23 18:18:30.726 17293 17370 E TestRunner: 	at dalvik.system.BaseDexClassLoader.findClass(BaseDexClassLoader.java:259)
09-23 18:18:30.726 17293 17370 E TestRunner: 	at java.lang.ClassLoader.loadClass(ClassLoader.java:379)
09-23 18:18:30.726 17293 17370 E TestRunner: 	at java.lang.ClassLoader.loadClass(ClassLoader.java:312)
09-23 18:18:30.726 17293 17370 E TestRunner: 	... 47 more
09-23 18:18:30.726 17293 17370 E TestRunner: ----- end exception -----
09-23 18:18:30.727 17293 17370 I TestRunner: finished: testHistoryButtonClick(com.shareconnect.activities.MainActivityInstrumentationTest)
