09-23 18:17:55.424 17293 17370 I TestRunner: started: testOpenMeTubeButtonClick(com.shareconnect.activities.MainActivityInstrumentationTest)
09-23 18:17:55.427 17293 17370 W Settings: Setting always_finish_activities has moved from android.provider.Settings.System to android.provider.Settings.Global, returning read-only value.
09-23 18:17:55.439   779   868 W Parcel  : Expecting binder but got null!
09-23 18:17:55.439 17293 17293 D LifecycleMonitor: Lifecycle status change: com.shareconnect.MainActivity@688dd28 in: PRE_ON_CREATE
09-23 18:17:55.440 17293 17293 V ActivityScenario: Activity lifecycle changed event received but ignored because the reported transition was not ON_CREATE while the last known transition was PRE_ON_CREATE
09-23 18:17:55.441 17293 17293 D Console : getDefaultTheme() returned: Warm Orange Light (ID: 1, isDefault: true)
09-23 18:17:55.441 17293 17293 D Console : getDefaultTheme() returned: Warm Orange Light (ID: 1, isDefault: true)
09-23 18:17:55.441 17293 17293 D Console : Applying theme: Warm Orange Light, colorScheme: warm_orange, isDarkMode: false, currentTheme: WARM_ORANGE_LIGHT
09-23 18:17:55.441 17293 17293 D Console : Activity MainActivity usesToolbar: true
09-23 18:17:55.443 17293 17293 D Console : Setting night mode to NO
09-23 18:17:55.448 17293 17293 D LifecycleMonitor: Lifecycle status change: com.shareconnect.MainActivity@688dd28 in: CREATED
09-23 18:17:55.448 17293 17293 V ActivityScenario: Update currentActivityStage to CREATED, currentActivity=com.shareconnect.MainActivity@688dd28
09-23 18:17:55.449 17293 17293 D LifecycleMonitor: Lifecycle status change: com.shareconnect.MainActivity@688dd28 in: STARTED
09-23 18:17:55.449 17293 17293 V ActivityScenario: Update currentActivityStage to STARTED, currentActivity=com.shareconnect.MainActivity@688dd28
09-23 18:17:55.450 17293 17293 D FirebaseSessions: App foregrounded on com.shareconnect
09-23 18:17:55.452 17293 17293 V Console : Activity lifecycle :: RESUMED :: MainActivity
09-23 18:17:55.452 17293 17293 V Console : Foreground activity counter :: AtomicIntWrapper :: 12312792 :: 227589169 :: Value of: 0
09-23 18:17:55.452 17293 17293 I Console : Activity lifecycle :: Main state :: Foreground
09-23 18:17:55.452 17293 17293 V Console : Foreground activity counter :: AtomicIntWrapper :: 12312792 :: 227589169 :: Incremented to: 1
09-23 18:17:55.452 17293 17293 D Console : hasThemeChanged() returned: false
09-23 18:17:55.452 17293 17293 D Console : onResume() called, themeChanged: false
09-23 18:17:55.452 17293 17293 D LifecycleMonitor: Lifecycle status change: com.shareconnect.MainActivity@688dd28 in: RESUMED
09-23 18:17:55.452 17293 17293 V ActivityScenario: Update currentActivityStage to RESUMED, currentActivity=com.shareconnect.MainActivity@688dd28
09-23 18:17:55.452 17293 17293 V Console : Activity lifecycle :: POST-RESUMED :: MainActivity
09-23 18:17:55.454 17293 17386 W Parcel  : Expecting binder but got null!
09-23 18:17:55.459 17293 17293 V Console : Activity lifecycle :: PRE-PAUSED :: MainActivity
09-23 18:17:55.459 17293 17293 D Console : Activity lifecycle :: Top activity: MainActivity
09-23 18:17:55.460 17293 17293 D FirebaseSessions: App backgrounded on com.shareconnect
09-23 18:17:55.461 17293 17293 V Console : Activity lifecycle :: PAUSED :: MainActivity
09-23 18:17:55.461   779   868 E OpenGLRenderer: Unable to match the desired swap behavior.
09-23 18:17:55.461 17293 17293 V Console : Foreground activity counter :: AtomicIntWrapper :: 12312792 :: 227589169 :: Decremented to: 0
09-23 18:17:55.462 17293 17293 D LifecycleMonitor: Lifecycle status change: com.shareconnect.MainActivity@688dd28 in: PAUSED
09-23 18:17:55.462 17293 17293 V ActivityScenario: Update currentActivityStage to PAUSED, currentActivity=com.shareconnect.MainActivity@688dd28
09-23 18:17:55.480 17293 17386 E OpenGLRenderer: Unable to match the desired swap behavior.
09-23 18:17:55.487 17293 17293 D LifecycleMonitor: Lifecycle status change: com.shareconnect.SettingsActivity@a25aeda in: PRE_ON_CREATE
09-23 18:17:55.487 17293 17293 V ActivityScenario: Activity lifecycle changed event received but ignored because the intent does not match. startActivityIntent=Intent { act=android.intent.action.MAIN cat=[android.intent.category.LAUNCHER] flg=0x10008000 cmp=com.shareconnect/.MainActivity }, activity.getIntent()=Intent { cmp=com.shareconnect/.SettingsActivity (has extras) }, activity=com.shareconnect.SettingsActivity@a25aeda
09-23 18:17:55.488 17293 17293 D Console : getDefaultTheme() returned: Warm Orange Light (ID: 1, isDefault: true)
09-23 18:17:55.488 17293 17293 D Console : getDefaultTheme() returned: Warm Orange Light (ID: 1, isDefault: true)
09-23 18:17:55.488 17293 17293 D Console : Applying theme: Warm Orange Light, colorScheme: warm_orange, isDarkMode: false, currentTheme: WARM_ORANGE_LIGHT
09-23 18:17:55.488 17293 17293 D Console : Activity SettingsActivity usesToolbar: true
09-23 18:17:55.489 17293 17293 D Console : Setting night mode to NO
09-23 18:17:55.495 17293 17293 D LifecycleMonitor: Lifecycle status change: com.shareconnect.SettingsActivity@a25aeda in: CREATED
09-23 18:17:55.495 17293 17293 V ActivityScenario: Activity lifecycle changed event received but ignored because the intent does not match. startActivityIntent=Intent { act=android.intent.action.MAIN cat=[android.intent.category.LAUNCHER] flg=0x10008000 cmp=com.shareconnect/.MainActivity }, activity.getIntent()=Intent { cmp=com.shareconnect/.SettingsActivity (has extras) }, activity=com.shareconnect.SettingsActivity@a25aeda
09-23 18:17:55.497 17293 17293 D LifecycleMonitor: Lifecycle status change: com.shareconnect.SettingsActivity@a25aeda in: STARTED
09-23 18:17:55.497 17293 17293 V ActivityScenario: Activity lifecycle changed event received but ignored because the intent does not match. startActivityIntent=Intent { act=android.intent.action.MAIN cat=[android.intent.category.LAUNCHER] flg=0x10008000 cmp=com.shareconnect/.MainActivity }, activity.getIntent()=Intent { cmp=com.shareconnect/.SettingsActivity (has extras) }, activity=com.shareconnect.SettingsActivity@a25aeda
09-23 18:17:55.497 17293 17293 D FirebaseSessions: App foregrounded on com.shareconnect
09-23 18:17:55.499 17293 17293 V Console : Activity lifecycle :: RESUMED :: SettingsActivity
09-23 18:17:55.499 17293 17293 V Console : Foreground activity counter :: AtomicIntWrapper :: 12312792 :: 227589169 :: Value of: 0
09-23 18:17:55.499 17293 17293 I Console : Activity lifecycle :: Main state :: Foreground
09-23 18:17:55.500 17293 17293 V Console : Foreground activity counter :: AtomicIntWrapper :: 12312792 :: 227589169 :: Incremented to: 1
09-23 18:17:55.500 17293 17293 D LifecycleMonitor: Lifecycle status change: com.shareconnect.SettingsActivity@a25aeda in: RESUMED
09-23 18:17:55.500 17293 17293 V ActivityScenario: Activity lifecycle changed event received but ignored because the intent does not match. startActivityIntent=Intent { act=android.intent.action.MAIN cat=[android.intent.category.LAUNCHER] flg=0x10008000 cmp=com.shareconnect/.MainActivity }, activity.getIntent()=Intent { cmp=com.shareconnect/.SettingsActivity (has extras) }, activity=com.shareconnect.SettingsActivity@a25aeda
09-23 18:17:55.500 17293 17293 V Console : Activity lifecycle :: POST-RESUMED :: SettingsActivity
09-23 18:17:55.502 17293 17386 W Parcel  : Expecting binder but got null!
09-23 18:17:55.510 17293 17293 V Console : Activity lifecycle :: PRE-STOPPED :: MainActivity
09-23 18:17:55.512 17293 17293 V Console : Activity lifecycle :: STOPPED :: MainActivity
09-23 18:17:55.512 17293 17293 D LifecycleMonitor: Lifecycle status change: com.shareconnect.MainActivity@688dd28 in: STOPPED
09-23 18:17:55.512 17293 17293 V ActivityScenario: Update currentActivityStage to STOPPED, currentActivity=com.shareconnect.MainActivity@688dd28
09-23 18:17:55.512 17293 17293 V Console : Activity lifecycle :: POST-STOPPED :: MainActivity
09-23 18:17:55.535  1581  1581 I GsaVoiceInteractionSrv: Handling ACTION_STOP_HOTWORD
09-23 18:17:55.536  1581  2232 I HwDetectorWithState: (REDACTED) a: %d
09-23 18:17:55.536 17293 17386 E OpenGLRenderer: Unable to match the desired swap behavior.
09-23 18:17:55.545   779   868 D EGL_emulation: app_time_stats: avg=543.79ms min=11.06ms max=5818.35ms count=11
09-23 18:17:55.554   488   503 W ziparchive: Unable to open '/data/app/~~G-kfL5nj0oNF6JbwT3gClg==/com.shareconnect-kmovnR8A3kHYD3ju2YodYg==/base.dm': No such file or directory
09-23 18:17:55.556   488   503 I ActivityTaskManager: Displayed com.shareconnect/.SettingsActivity: +125ms
09-23 18:17:55.560 11811 11811 I GoogleInputMethodService: GoogleInputMethodService.onFinishInput():3227
09-23 18:17:55.561 11811 11811 I GoogleInputMethodService: GoogleInputMethodService.updateDeviceLockedStatus():2087 repeatCheckTimes = 0, unlocked = true
09-23 18:17:55.561 11811 11811 I GoogleInputMethodService: GoogleInputMethodService.onStartInput():1877 onStartInput(EditorInfo{inputType=0x0(NULL) imeOptions=0x0 privateImeOptions=null actionName=UNSPECIFIED actionLabel=null actionId=0 initialSelStart=-1 initialSelEnd=-1 initialCapsMode=0x0 hintText=null label=null packageName=com.shareconnect fieldId=2131231190 fieldName=null extras=null}, false)
09-23 18:17:55.561 11811 11811 I GoogleInputMethodService: GoogleInputMethodService.shouldHideHeaderOnInitialState():4008 ShouldHideHeaderOnInitialState = false
09-23 18:17:55.561 11811 11811 I GoogleInputMethodService: GoogleInputMethodService.updateDeviceLockedStatus():2087 repeatCheckTimes = 2, unlocked = true
09-23 18:17:55.743   779   868 D EGL_emulation: app_time_stats: avg=2193.48ms min=52.74ms max=10564.63ms count=5
09-23 18:17:55.761  1581  2228 I AssistantForeground: (REDACTED) Get launcher package: %s
09-23 18:17:55.779   998  1945 D OneSearchSuggestProvider: Shut down the binder channel
09-23 18:17:55.779   998 17829 I s.nexuslauncher: oneway function results for code 2 on binder at 0xb400007a3948cdf0 will be dropped but finished with status UNKNOWN_TRANSACTION
09-23 18:17:55.843   488  1911 W InputManager-JNI: Input channel object '36b5589 Splash Screen com.shareconnect (client)' was disposed without first being removed with the input manager!
09-23 18:17:55.893   779   850 W FrameTracker: Missing HWUI jank callback for vsyncId: 483688, CUJ=J<SPLASHSCREEN_EXIT_ANIM>
09-23 18:17:55.893   779   850 W FrameTracker: Missing HWUI jank callback for vsyncId: 483926, CUJ=J<SPLASHSCREEN_EXIT_ANIM>
09-23 18:17:55.894   779   850 W FrameTracker: Missing HWUI jank callback for vsyncId: 484021, CUJ=J<SPLASHSCREEN_EXIT_ANIM>
09-23 18:17:55.963 17293 17766 V Console : Foreground activity counter :: AtomicIntWrapper :: 12312792 :: 227589169 :: Value of: 1
09-23 18:17:56.774   779   868 D EGL_emulation: app_time_stats: avg=36.57ms min=14.29ms max=115.75ms count=28
09-23 18:17:57.148 17293 17386 D EGL_emulation: app_time_stats: avg=147.82ms min=0.71ms max=1455.97ms count=10
09-23 18:18:00.011  1551  1815 I AiAiEcho: Predicting[0]:
09-23 18:18:00.011  1551  1815 I AiAiEcho: Ranked targets strategy: SORT, count: 0, ranking metadata:
09-23 18:18:00.011  1551  1815 I AiAiEcho: #postPredictionTargets: Sending updates to UISurface lockscreen with targets# 0
09-23 18:18:00.012  1551  1815 I AiAiEcho: #postPredictionTargets: Sending updates to UISurface home with targets# 0
09-23 18:18:00.024   779   868 D EGL_emulation: app_time_stats: avg=373.13ms min=13.38ms max=4295.39ms count=12
09-23 18:18:00.585 17293 17293 V Console : Activity lifecycle :: PRE-PAUSED :: SettingsActivity
09-23 18:18:00.585 17293 17293 D Console : Activity lifecycle :: Top activity: SettingsActivity
09-23 18:18:00.585 17293 17293 D FirebaseSessions: App backgrounded on com.shareconnect
09-23 18:18:00.587 17293 17293 V Console : Activity lifecycle :: PAUSED :: SettingsActivity
09-23 18:18:00.588 17293 17293 V Console : Foreground activity counter :: AtomicIntWrapper :: 12312792 :: 227589169 :: Decremented to: 0
09-23 18:18:00.588 17293 17293 D LifecycleMonitor: Lifecycle status change: com.shareconnect.SettingsActivity@a25aeda in: PAUSED
09-23 18:18:00.588 17293 17293 V ActivityScenario: Activity lifecycle changed event received but ignored because the intent does not match. startActivityIntent=Intent { act=android.intent.action.MAIN cat=[android.intent.category.LAUNCHER] flg=0x10008000 cmp=com.shareconnect/.MainActivity }, activity.getIntent()=Intent { cmp=com.shareconnect/.SettingsActivity (has extras) }, activity=com.shareconnect.SettingsActivity@a25aeda
09-23 18:18:00.594 17293 17293 D LifecycleMonitor: Lifecycle status change: androidx.test.core.app.InstrumentationActivityInvoker$EmptyActivity@7ea5cb2 in: PRE_ON_CREATE
09-23 18:18:00.595 17293 17293 V ActivityScenario: Activity lifecycle changed event received but ignored because the intent does not match. startActivityIntent=Intent { act=android.intent.action.MAIN cat=[android.intent.category.LAUNCHER] flg=0x10008000 cmp=com.shareconnect/.MainActivity }, activity.getIntent()=Intent { act=android.intent.action.MAIN cat=[android.intent.category.LAUNCHER] flg=0x10000000 cmp=com.shareconnect/androidx.test.core.app.InstrumentationActivityInvoker$EmptyActivity }, activity=androidx.test.core.app.InstrumentationActivityInvoker$EmptyActivity@7ea5cb2
09-23 18:18:00.605 17293 17293 D LifecycleMonitor: Lifecycle status change: androidx.test.core.app.InstrumentationActivityInvoker$EmptyActivity@7ea5cb2 in: CREATED
09-23 18:18:00.606 17293 17293 V ActivityScenario: Activity lifecycle changed event received but ignored because the intent does not match. startActivityIntent=Intent { act=android.intent.action.MAIN cat=[android.intent.category.LAUNCHER] flg=0x10008000 cmp=com.shareconnect/.MainActivity }, activity.getIntent()=Intent { act=android.intent.action.MAIN cat=[android.intent.category.LAUNCHER] flg=0x10000000 cmp=com.shareconnect/androidx.test.core.app.InstrumentationActivityInvoker$EmptyActivity }, activity=androidx.test.core.app.InstrumentationActivityInvoker$EmptyActivity@7ea5cb2
09-23 18:18:00.609 17293 17293 D LifecycleMonitor: Lifecycle status change: androidx.test.core.app.InstrumentationActivityInvoker$EmptyActivity@7ea5cb2 in: STARTED
09-23 18:18:00.612 17293 17293 V ActivityScenario: Activity lifecycle changed event received but ignored because the intent does not match. startActivityIntent=Intent { act=android.intent.action.MAIN cat=[android.intent.category.LAUNCHER] flg=0x10008000 cmp=com.shareconnect/.MainActivity }, activity.getIntent()=Intent { act=android.intent.action.MAIN cat=[android.intent.category.LAUNCHER] flg=0x10000000 cmp=com.shareconnect/androidx.test.core.app.InstrumentationActivityInvoker$EmptyActivity }, activity=androidx.test.core.app.InstrumentationActivityInvoker$EmptyActivity@7ea5cb2
09-23 18:18:00.614 17293 17293 D FirebaseSessions: App foregrounded on com.shareconnect
09-23 18:18:00.616 17293 17293 V Console : Activity lifecycle :: RESUMED :: EmptyActivity
09-23 18:18:00.616 17293 17293 V Console : Foreground activity counter :: AtomicIntWrapper :: 12312792 :: 227589169 :: Value of: 0
09-23 18:18:00.616 17293 17293 I Console : Activity lifecycle :: Main state :: Foreground
09-23 18:18:00.616 17293 17293 V Console : Foreground activity counter :: AtomicIntWrapper :: 12312792 :: 227589169 :: Incremented to: 1
09-23 18:18:00.617 17293 17293 D LifecycleMonitor: Lifecycle status change: androidx.test.core.app.InstrumentationActivityInvoker$EmptyActivity@7ea5cb2 in: RESUMED
09-23 18:18:00.619 17293 17293 V ActivityScenario: Activity lifecycle changed event received but ignored because the intent does not match. startActivityIntent=Intent { act=android.intent.action.MAIN cat=[android.intent.category.LAUNCHER] flg=0x10008000 cmp=com.shareconnect/.MainActivity }, activity.getIntent()=Intent { act=android.intent.action.MAIN cat=[android.intent.category.LAUNCHER] flg=0x10000000 cmp=com.shareconnect/androidx.test.core.app.InstrumentationActivityInvoker$EmptyActivity }, activity=androidx.test.core.app.InstrumentationActivityInvoker$EmptyActivity@7ea5cb2
09-23 18:18:00.620 17293 17293 V Console : Activity lifecycle :: POST-RESUMED :: EmptyActivity
09-23 18:18:00.622 17293 17386 W Parcel  : Expecting binder but got null!
09-23 18:18:00.652 17293 17386 E OpenGLRenderer: Unable to match the desired swap behavior.
09-23 18:18:00.664   488   503 I ActivityTaskManager: Displayed com.shareconnect/androidx.test.core.app.InstrumentationActivityInvoker$EmptyActivity: +83ms
09-23 18:18:00.680 17293 17386 D EGL_emulation: app_time_stats: avg=220.58ms min=12.22ms max=3288.36ms count=16
09-23 18:18:00.680 17293 17293 V Console : Activity lifecycle :: PRE-DESTROYED :: MainActivity
09-23 18:18:00.681 17293 17293 V Console : Activity lifecycle :: DESTROYED :: MainActivity
09-23 18:18:00.682 17293 17293 D LifecycleMonitor: Lifecycle status change: com.shareconnect.MainActivity@688dd28 in: DESTROYED
09-23 18:18:00.682 17293 17293 V ActivityScenario: Update currentActivityStage to DESTROYED, currentActivity=null
09-23 18:18:00.684   488  1182 W InputManager-JNI: Input channel object '4de79a8 com.shareconnect/com.shareconnect.MainActivity (client)' was disposed without first being removed with the input manager!
09-23 18:18:00.689 17293 17293 V Console : Activity lifecycle :: PRE-STOPPED :: SettingsActivity
09-23 18:18:00.693 17293 17293 V Console : Activity lifecycle :: STOPPED :: SettingsActivity
09-23 18:18:00.695 17293 17293 D LifecycleMonitor: Lifecycle status change: com.shareconnect.SettingsActivity@a25aeda in: STOPPED
09-23 18:18:00.696 17293 17293 V ActivityScenario: Activity lifecycle changed event received but ignored because the intent does not match. startActivityIntent=Intent { act=android.intent.action.MAIN cat=[android.intent.category.LAUNCHER] flg=0x10008000 cmp=com.shareconnect/.MainActivity }, activity.getIntent()=Intent { cmp=com.shareconnect/.SettingsActivity (has extras) }, activity=com.shareconnect.SettingsActivity@a25aeda
09-23 18:18:00.696 17293 17293 V Console : Activity lifecycle :: POST-STOPPED :: SettingsActivity
09-23 18:18:00.719 11811 11811 I GoogleInputMethodService: GoogleInputMethodService.onFinishInput():3227
09-23 18:18:00.720 17293 17370 E TestRunner: failed: testOpenMeTubeButtonClick(com.shareconnect.activities.MainActivityInstrumentationTest)
09-23 18:18:00.720 11811 11811 I GoogleInputMethodService: GoogleInputMethodService.updateDeviceLockedStatus():2087 repeatCheckTimes = 0, unlocked = true
09-23 18:18:00.720 11811 11811 I GoogleInputMethodService: GoogleInputMethodService.onStartInput():1877 onStartInput(EditorInfo{inputType=0x0(NULL) imeOptions=0x0 privateImeOptions=null actionName=UNSPECIFIED actionLabel=null actionId=0 initialSelStart=-1 initialSelEnd=-1 initialCapsMode=0x0 hintText=null label=null packageName=com.shareconnect fieldId=-1 fieldName=null extras=null}, false)
09-23 18:18:00.720 11811 11811 I GoogleInputMethodService: GoogleInputMethodService.shouldHideHeaderOnInitialState():4008 ShouldHideHeaderOnInitialState = false
09-23 18:18:00.720 17293 17370 E TestRunner: ----- begin exception -----
09-23 18:18:00.720 17293 17370 E TestRunner: java.lang.NoClassDefFoundError: Failed resolution of: Lorg/hamcrest/Matchers;
09-23 18:18:00.720 17293 17370 E TestRunner: 	at androidx.test.espresso.matcher.ViewMatchers.withId(ViewMatchers.java:1)
09-23 18:18:00.720 17293 17370 E TestRunner: 	at com.shareconnect.activities.MainActivityInstrumentationTest.testOpenMeTubeButtonClick(MainActivityInstrumentationTest.kt:66)
09-23 18:18:00.720 17293 17370 E TestRunner: 	at java.lang.reflect.Method.invoke(Native Method)
09-23 18:18:00.720 17293 17370 E TestRunner: 	at org.junit.runners.model.FrameworkMethod$1.runReflectiveCall(FrameworkMethod.java:59)
09-23 18:18:00.720 17293 17370 E TestRunner: 	at org.junit.internal.runners.model.ReflectiveCallable.run(ReflectiveCallable.java:12)
09-23 18:18:00.720 17293 17370 E TestRunner: 	at org.junit.runners.model.FrameworkMethod.invokeExplosively(FrameworkMethod.java:56)
09-23 18:18:00.720 17293 17370 E TestRunner: 	at org.junit.internal.runners.statements.InvokeMethod.evaluate(InvokeMethod.java:17)
09-23 18:18:00.720 17293 17370 E TestRunner: 	at androidx.test.internal.runner.junit4.statement.RunBefores.evaluate(RunBefores.java:80)
09-23 18:18:00.720 17293 17370 E TestRunner: 	at androidx.test.internal.runner.junit4.statement.RunAfters.evaluate(RunAfters.java:61)
09-23 18:18:00.720 17293 17370 E TestRunner: 	at androidx.test.rule.ActivityTestRule$ActivityStatement.evaluate(ActivityTestRule.java:522)
09-23 18:18:00.720 17293 17370 E TestRunner: 	at org.junit.runners.ParentRunner$3.evaluate(ParentRunner.java:306)
09-23 18:18:00.720 17293 17370 E TestRunner: 	at org.junit.runners.BlockJUnit4ClassRunner$1.evaluate(BlockJUnit4ClassRunner.java:100)
09-23 18:18:00.720 17293 17370 E TestRunner: 	at org.junit.runners.ParentRunner.runLeaf(ParentRunner.java:366)
09-23 18:18:00.720 17293 17370 E TestRunner: 	at org.junit.runners.BlockJUnit4ClassRunner.runChild(BlockJUnit4ClassRunner.java:103)
09-23 18:18:00.720 17293 17370 E TestRunner: 	at org.junit.runners.BlockJUnit4ClassRunner.runChild(BlockJUnit4ClassRunner.java:63)
09-23 18:18:00.720 17293 17370 E TestRunner: 	at org.junit.runners.ParentRunner$4.run(ParentRunner.java:331)
09-23 18:18:00.720 17293 17370 E TestRunner: 	at org.junit.runners.ParentRunner$1.schedule(ParentRunner.java:79)
09-23 18:18:00.720 17293 17370 E TestRunner: 	at org.junit.runners.ParentRunner.runChildren(ParentRunner.java:329)
09-23 18:18:00.720 17293 17370 E TestRunner: 	at org.junit.runners.ParentRunner.access$100(ParentRunner.java:66)
09-23 18:18:00.720 17293 17370 E TestRunner: 	at org.junit.runners.ParentRunner$2.evaluate(ParentRunner.java:293)
09-23 18:18:00.720 17293 17370 E TestRunner: 	at org.junit.runners.ParentRunner$3.evaluate(ParentRunner.java:306)
09-23 18:18:00.720 17293 17370 E TestRunner: 	at org.junit.runners.ParentRunner.run(ParentRunner.java:413)
09-23 18:18:00.720 17293 17370 E TestRunner: 	at androidx.test.ext.junit.runners.AndroidJUnit4.run(AndroidJUnit4.java:162)
09-23 18:18:00.720 17293 17370 E TestRunner: 	at org.junit.runners.Suite.runChild(Suite.java:128)
09-23 18:18:00.720 17293 17370 E TestRunner: 	at org.junit.runners.Suite.runChild(Suite.java:27)
09-23 18:18:00.720 17293 17370 E TestRunner: 	at org.junit.runners.ParentRunner$4.run(ParentRunner.java:331)
09-23 18:18:00.720 17293 17370 E TestRunner: 	at org.junit.runners.ParentRunner$1.schedule(ParentRunner.java:79)
09-23 18:18:00.720 17293 17370 E TestRunner: 	at org.junit.runners.ParentRunner.runChildren(ParentRunner.java:329)
09-23 18:18:00.720 17293 17370 E TestRunner: 	at org.junit.runners.ParentRunner.access$100(ParentRunner.java:66)
09-23 18:18:00.720 17293 17370 E TestRunner: 	at org.junit.runners.ParentRunner$2.evaluate(ParentRunner.java:293)
09-23 18:18:00.720 17293 17370 E TestRunner: 	at org.junit.runners.ParentRunner$3.evaluate(ParentRunner.java:306)
09-23 18:18:00.720 17293 17370 E TestRunner: 	at org.junit.runners.ParentRunner.run(ParentRunner.java:413)
09-23 18:18:00.720 17293 17370 E TestRunner: 	at org.junit.runners.Suite.runChild(Suite.java:128)
09-23 18:18:00.720 17293 17370 E TestRunner: 	at org.junit.runners.Suite.runChild(Suite.java:27)
09-23 18:18:00.720 17293 17370 E TestRunner: 	at org.junit.runners.ParentRunner$4.run(ParentRunner.java:331)
09-23 18:18:00.720 17293 17370 E TestRunner: 	at org.junit.runners.ParentRunner$1.schedule(ParentRunner.java:79)
09-23 18:18:00.720 17293 17370 E TestRunner: 	at org.junit.runners.ParentRunner.runChildren(ParentRunner.java:329)
09-23 18:18:00.720 17293 17370 E TestRunner: 	at org.junit.runners.ParentRunner.access$100(ParentRunner.java:66)
09-23 18:18:00.720 17293 17370 E TestRunner: 	at org.junit.runners.ParentRunner$2.evaluate(ParentRunner.java:293)
09-23 18:18:00.720 17293 17370 E TestRunner: 	at org.junit.runners.ParentRunner$3.evaluate(ParentRunner.java:306)
09-23 18:18:00.720 17293 17370 E TestRunner: 	at org.junit.runners.ParentRunner.run(ParentRunner.java:413)
09-23 18:18:00.720 17293 17370 E TestRunner: 	at org.junit.runner.JUnitCore.run(JUnitCore.java:137)
09-23 18:18:00.720 17293 17370 E TestRunner: 	at org.junit.runner.JUnitCore.run(JUnitCore.java:115)
09-23 18:18:00.720 17293 17370 E TestRunner: 	at androidx.test.internal.runner.TestExecutor.execute(TestExecutor.java:68)
09-23 18:18:00.720 17293 17370 E TestRunner: 	at androidx.test.internal.runner.TestExecutor.execute(TestExecutor.java:59)
09-23 18:18:00.720 17293 17370 E TestRunner: 	at androidx.test.runner.AndroidJUnitRunner.onStart(AndroidJUnitRunner.java:463)
09-23 18:18:00.720 17293 17370 E TestRunner: 	at android.app.Instrumentation$InstrumentationThread.run(Instrumentation.java:2361)
09-23 18:18:00.720 17293 17370 E TestRunner: Caused by: java.lang.ClassNotFoundException: Didn't find class "org.hamcrest.Matchers" on path: DexPathList[[zip file "/system/framework/android.test.runner.jar", zip file "/system/framework/android.test.mock.jar", zip file "/system/framework/android.test.base.jar", zip file "/data/app/~~EY2JRd0t-prCVNzEIntACQ==/com.shareconnect.test-mhfFQ_M8O7SEugdeZhJoEA==/base.apk", zip file "/data/app/~~G-kfL5nj0oNF6JbwT3gClg==/com.shareconnect-kmovnR8A3kHYD3ju2YodYg==/base.apk"],nativeLibraryDirectories=[/data/app/~~EY2JRd0t-prCVNzEIntACQ==/com.shareconnect.test-mhfFQ_M8O7SEugdeZhJoEA==/lib/arm64, /data/app/~~G-kfL5nj0oNF6JbwT3gClg==/com.shareconnect-kmovnR8A3kHYD3ju2YodYg==/lib/arm64, /data/app/~~EY2JRd0t-prCVNzEIntACQ==/com.shareconnect.test-mhfFQ_M8O7SEugdeZhJoEA==/base.apk!/lib/arm64-v8a, /data/app/~~G-kfL5nj0oNF6JbwT3gClg==/com.shareconnect-kmovnR8A3kHYD3ju2YodYg==/base.apk!/lib/arm64-v8a, /system/lib64, /system_ext/lib64]]
09-23 18:18:00.720 17293 17370 E TestRunner: 	at dalvik.system.BaseDexClassLoader.findClass(BaseDexClassLoader.java:259)
09-23 18:18:00.720 17293 17370 E TestRunner: 	at java.lang.ClassLoader.loadClass(ClassLoader.java:379)
09-23 18:18:00.720 17293 17370 E TestRunner: 	at java.lang.ClassLoader.loadClass(ClassLoader.java:312)
09-23 18:18:00.720 17293 17370 E TestRunner: 	... 47 more
09-23 18:18:00.720 11811 11811 I GoogleInputMethodService: GoogleInputMethodService.updateDeviceLockedStatus():2087 repeatCheckTimes = 2, unlocked = true
09-23 18:18:00.720 17293 17370 E TestRunner: ----- end exception -----
09-23 18:18:00.720 17293 17370 I TestRunner: finished: testOpenMeTubeButtonClick(com.shareconnect.activities.MainActivityInstrumentationTest)
