09-23 18:17:13.626 17293 17370 I TestRunner: started: testStateDescriptions(com.shareconnect.automation.AccessibilityAutomationTest)
09-23 18:17:13.629 17293 17370 W Settings: Setting always_finish_activities has moved from android.provider.Settings.System to android.provider.Settings.Global, returning read-only value.
09-23 18:17:13.635   779   868 W Parcel  : Expecting binder but got null!
09-23 18:17:13.643 17293 17293 D LifecycleMonitor: Lifecycle status change: com.shareconnect.MainActivity@89b5006 in: PRE_ON_CREATE
09-23 18:17:13.643 17293 17293 V ActivityScenario: Activity lifecycle changed event received but ignored because the reported transition was not ON_CREATE while the last known transition was PRE_ON_CREATE
09-23 18:17:13.644 17293 17293 D Console : getDefaultTheme() returned: Warm Orange Light (ID: 1, isDefault: true)
09-23 18:17:13.644 17293 17293 D Console : getDefaultTheme() returned: Warm Orange Light (ID: 1, isDefault: true)
09-23 18:17:13.644 17293 17293 D Console : Applying theme: Warm Orange Light, colorScheme: warm_orange, isDarkMode: false, currentTheme: WARM_ORANGE_LIGHT
09-23 18:17:13.644 17293 17293 D Console : Activity MainActivity usesToolbar: true
09-23 18:17:13.644   779   868 E OpenGLRenderer: Unable to match the desired swap behavior.
09-23 18:17:13.644 17293 17293 D Console : Setting night mode to NO
09-23 18:17:13.652 17293 17293 D LifecycleMonitor: Lifecycle status change: com.shareconnect.MainActivity@89b5006 in: CREATED
09-23 18:17:13.652 17293 17293 V ActivityScenario: Update currentActivityStage to CREATED, currentActivity=com.shareconnect.MainActivity@89b5006
09-23 18:17:13.653 17293 17293 D LifecycleMonitor: Lifecycle status change: com.shareconnect.MainActivity@89b5006 in: STARTED
09-23 18:17:13.653 17293 17293 V ActivityScenario: Update currentActivityStage to STARTED, currentActivity=com.shareconnect.MainActivity@89b5006
09-23 18:17:13.654 17293 17293 D FirebaseSessions: App foregrounded on com.shareconnect
09-23 18:17:13.660 17293 17293 V Console : Activity lifecycle :: RESUMED :: MainActivity
09-23 18:17:13.660 17293 17293 V Console : Foreground activity counter :: AtomicIntWrapper :: 12312792 :: 227589169 :: Value of: 0
09-23 18:17:13.660 17293 17293 I Console : Activity lifecycle :: Main state :: Foreground
09-23 18:17:13.660 17293 17293 V Console : Foreground activity counter :: AtomicIntWrapper :: 12312792 :: 227589169 :: Incremented to: 1
09-23 18:17:13.660 17293 17293 D Console : hasThemeChanged() returned: false
09-23 18:17:13.660 17293 17293 D Console : onResume() called, themeChanged: false
09-23 18:17:13.660 17293 17293 D LifecycleMonitor: Lifecycle status change: com.shareconnect.MainActivity@89b5006 in: RESUMED
09-23 18:17:13.660 17293 17293 V ActivityScenario: Update currentActivityStage to RESUMED, currentActivity=com.shareconnect.MainActivity@89b5006
09-23 18:17:13.661 17293 17293 V Console : Activity lifecycle :: POST-RESUMED :: MainActivity
09-23 18:17:13.663 17293 17386 W Parcel  : Expecting binder but got null!
09-23 18:17:13.666 17293 17293 V Console : Activity lifecycle :: PRE-PAUSED :: MainActivity
09-23 18:17:13.666 17293 17293 D Console : Activity lifecycle :: Top activity: MainActivity
09-23 18:17:13.667 17293 17293 D FirebaseSessions: App backgrounded on com.shareconnect
09-23 18:17:13.667 17293 17293 V Console : Activity lifecycle :: PAUSED :: MainActivity
09-23 18:17:13.668 17293 17293 V Console : Foreground activity counter :: AtomicIntWrapper :: 12312792 :: 227589169 :: Decremented to: 0
09-23 18:17:13.668 17293 17293 D LifecycleMonitor: Lifecycle status change: com.shareconnect.MainActivity@89b5006 in: PAUSED
09-23 18:17:13.668 17293 17293 V ActivityScenario: Update currentActivityStage to PAUSED, currentActivity=com.shareconnect.MainActivity@89b5006
09-23 18:17:13.681 17293 17386 E OpenGLRenderer: Unable to match the desired swap behavior.
09-23 18:17:13.690 17293 17293 D LifecycleMonitor: Lifecycle status change: com.shareconnect.SettingsActivity@70cbd69 in: PRE_ON_CREATE
09-23 18:17:13.690 17293 17293 V ActivityScenario: Activity lifecycle changed event received but ignored because the intent does not match. startActivityIntent=Intent { act=android.intent.action.MAIN cat=[android.intent.category.LAUNCHER] flg=0x10008000 cmp=com.shareconnect/.MainActivity }, activity.getIntent()=Intent { cmp=com.shareconnect/.SettingsActivity (has extras) }, activity=com.shareconnect.SettingsActivity@70cbd69
09-23 18:17:13.691 17293 17293 D Console : getDefaultTheme() returned: Warm Orange Light (ID: 1, isDefault: true)
09-23 18:17:13.691 17293 17293 D Console : getDefaultTheme() returned: Warm Orange Light (ID: 1, isDefault: true)
09-23 18:17:13.692 17293 17293 D Console : Applying theme: Warm Orange Light, colorScheme: warm_orange, isDarkMode: false, currentTheme: WARM_ORANGE_LIGHT
09-23 18:17:13.692 17293 17293 D Console : Activity SettingsActivity usesToolbar: true
09-23 18:17:13.692 17293 17293 D Console : Setting night mode to NO
09-23 18:17:13.696 17293 17293 D LifecycleMonitor: Lifecycle status change: com.shareconnect.SettingsActivity@70cbd69 in: CREATED
09-23 18:17:13.697 17293 17293 V ActivityScenario: Activity lifecycle changed event received but ignored because the intent does not match. startActivityIntent=Intent { act=android.intent.action.MAIN cat=[android.intent.category.LAUNCHER] flg=0x10008000 cmp=com.shareconnect/.MainActivity }, activity.getIntent()=Intent { cmp=com.shareconnect/.SettingsActivity (has extras) }, activity=com.shareconnect.SettingsActivity@70cbd69
09-23 18:17:13.700 17293 17293 D LifecycleMonitor: Lifecycle status change: com.shareconnect.SettingsActivity@70cbd69 in: STARTED
09-23 18:17:13.700 17293 17293 V ActivityScenario: Activity lifecycle changed event received but ignored because the intent does not match. startActivityIntent=Intent { act=android.intent.action.MAIN cat=[android.intent.category.LAUNCHER] flg=0x10008000 cmp=com.shareconnect/.MainActivity }, activity.getIntent()=Intent { cmp=com.shareconnect/.SettingsActivity (has extras) }, activity=com.shareconnect.SettingsActivity@70cbd69
09-23 18:17:13.701 17293 17293 D FirebaseSessions: App foregrounded on com.shareconnect
09-23 18:17:13.704 17293 17293 V Console : Activity lifecycle :: RESUMED :: SettingsActivity
09-23 18:17:13.704 17293 17293 V Console : Foreground activity counter :: AtomicIntWrapper :: 12312792 :: 227589169 :: Value of: 0
09-23 18:17:13.704 17293 17293 I Console : Activity lifecycle :: Main state :: Foreground
09-23 18:17:13.704 17293 17293 V Console : Foreground activity counter :: AtomicIntWrapper :: 12312792 :: 227589169 :: Incremented to: 1
09-23 18:17:13.704 17293 17293 D LifecycleMonitor: Lifecycle status change: com.shareconnect.SettingsActivity@70cbd69 in: RESUMED
09-23 18:17:13.704 17293 17293 V ActivityScenario: Activity lifecycle changed event received but ignored because the intent does not match. startActivityIntent=Intent { act=android.intent.action.MAIN cat=[android.intent.category.LAUNCHER] flg=0x10008000 cmp=com.shareconnect/.MainActivity }, activity.getIntent()=Intent { cmp=com.shareconnect/.SettingsActivity (has extras) }, activity=com.shareconnect.SettingsActivity@70cbd69
09-23 18:17:13.704 17293 17293 V Console : Activity lifecycle :: POST-RESUMED :: SettingsActivity
09-23 18:17:13.706 17293 17386 W Parcel  : Expecting binder but got null!
09-23 18:17:13.708   998   998 W FrameTracker: Missed SF frame:PREDICTION_ERROR, 468391, 6590839, CUJ=J<LAUNCHER_APP_CLOSE_TO_HOME>
09-23 18:17:13.708   998   998 W FrameTracker: Missing SF jank callback for vsyncId: 468834, CUJ=J<LAUNCHER_APP_CLOSE_TO_HOME>
09-23 18:17:13.729 17293 17386 E OpenGLRenderer: Unable to match the desired swap behavior.
09-23 18:17:13.737  1581  1581 I GsaVoiceInteractionSrv: Handling ACTION_STOP_HOTWORD
09-23 18:17:13.738  1581  2234 I HwDetectorWithState: (REDACTED) a: %d
09-23 18:17:13.744   488   503 W ziparchive: Unable to open '/data/app/~~G-kfL5nj0oNF6JbwT3gClg==/com.shareconnect-kmovnR8A3kHYD3ju2YodYg==/base.dm': No such file or directory
09-23 18:17:13.745   488   503 I ActivityTaskManager: Displayed com.shareconnect/.SettingsActivity: +113ms
09-23 18:17:13.761 11811 11811 I GoogleInputMethodService: GoogleInputMethodService.onFinishInput():3227
09-23 18:17:13.761 11811 11811 I GoogleInputMethodService: GoogleInputMethodService.updateDeviceLockedStatus():2087 repeatCheckTimes = 0, unlocked = true
09-23 18:17:13.761 11811 11811 I GoogleInputMethodService: GoogleInputMethodService.onStartInput():1877 onStartInput(EditorInfo{inputType=0x0(NULL) imeOptions=0x0 privateImeOptions=null actionName=UNSPECIFIED actionLabel=null actionId=0 initialSelStart=-1 initialSelEnd=-1 initialCapsMode=0x0 hintText=null label=null packageName=com.shareconnect fieldId=2131231190 fieldName=null extras=null}, false)
09-23 18:17:13.761 11811 11811 I GoogleInputMethodService: GoogleInputMethodService.shouldHideHeaderOnInitialState():4008 ShouldHideHeaderOnInitialState = false
09-23 18:17:13.761 11811 11811 I GoogleInputMethodService: GoogleInputMethodService.updateDeviceLockedStatus():2087 repeatCheckTimes = 2, unlocked = true
09-23 18:17:13.927   779   868 D EGL_emulation: app_time_stats: avg=2173.87ms min=51.37ms max=10468.91ms count=5
09-23 18:17:13.942 17293 17293 V Console : Activity lifecycle :: PRE-STOPPED :: MainActivity
09-23 18:17:13.945 17293 17293 V Console : Activity lifecycle :: STOPPED :: MainActivity
09-23 18:17:13.945 17293 17293 D LifecycleMonitor: Lifecycle status change: com.shareconnect.MainActivity@89b5006 in: STOPPED
09-23 18:17:13.945  1581  2227 I AssistantForeground: (REDACTED) Get launcher package: %s
09-23 18:17:13.945 17293 17293 V ActivityScenario: Update currentActivityStage to STOPPED, currentActivity=com.shareconnect.MainActivity@89b5006
09-23 18:17:13.945 17293 17293 V Console : Activity lifecycle :: POST-STOPPED :: MainActivity
09-23 18:17:13.962   998  1945 D OneSearchSuggestProvider: Shut down the binder channel
09-23 18:17:13.962   998  1039 I s.nexuslauncher: oneway function results for code 2 on binder at 0xb400007a394870c0 will be dropped but finished with status UNKNOWN_TRANSACTION
09-23 18:17:14.028   488  1100 W InputManager-JNI: Input channel object 'f2fc1a0 Splash Screen com.shareconnect (client)' was disposed without first being removed with the input manager!
09-23 18:17:14.079   779   850 W FrameTracker: Missing HWUI jank callback for vsyncId: 469141, CUJ=J<SPLASHSCREEN_EXIT_ANIM>
09-23 18:17:14.079   779   850 W FrameTracker: Missing HWUI jank callback for vsyncId: 469424, CUJ=J<SPLASHSCREEN_EXIT_ANIM>
09-23 18:17:14.079   779   850 W FrameTracker: Missing HWUI jank callback for vsyncId: 469510, CUJ=J<SPLASHSCREEN_EXIT_ANIM>
09-23 18:17:14.079   779   850 W FrameTracker: Missing SF jank callback for vsyncId: 469539, CUJ=J<SPLASHSCREEN_EXIT_ANIM>
09-23 18:17:14.170 17293 17614 V Console : Foreground activity counter :: AtomicIntWrapper :: 12312792 :: 227589169 :: Value of: 1
09-23 18:17:14.963   779   868 D EGL_emulation: app_time_stats: avg=36.83ms min=13.60ms max=117.02ms count=28
09-23 18:17:15.349 17293 17386 D EGL_emulation: app_time_stats: avg=149.16ms min=1.53ms max=1457.91ms count=10
09-23 18:17:15.889 12330 12330 W ThreadPoolForeg: type=1400 audit(0.0:447): avc: denied { write } for name="traced_producer" dev="tmpfs" ino=647 scontext=u:r:gmscore_app:s0:c512,c768 tcontext=u:object_r:traced_producer_socket:s0 tclass=sock_file permissive=0 app=com.google.android.gms
09-23 18:17:18.774 17293 17293 V Console : Activity lifecycle :: PRE-PAUSED :: SettingsActivity
09-23 18:17:18.774 17293 17293 D Console : Activity lifecycle :: Top activity: SettingsActivity
09-23 18:17:18.775 17293 17293 D FirebaseSessions: App backgrounded on com.shareconnect
09-23 18:17:18.777 17293 17293 V Console : Activity lifecycle :: PAUSED :: SettingsActivity
09-23 18:17:18.777 17293 17293 V Console : Foreground activity counter :: AtomicIntWrapper :: 12312792 :: 227589169 :: Decremented to: 0
09-23 18:17:18.778 17293 17293 D LifecycleMonitor: Lifecycle status change: com.shareconnect.SettingsActivity@70cbd69 in: PAUSED
09-23 18:17:18.778 17293 17293 V ActivityScenario: Activity lifecycle changed event received but ignored because the intent does not match. startActivityIntent=Intent { act=android.intent.action.MAIN cat=[android.intent.category.LAUNCHER] flg=0x10008000 cmp=com.shareconnect/.MainActivity }, activity.getIntent()=Intent { cmp=com.shareconnect/.SettingsActivity (has extras) }, activity=com.shareconnect.SettingsActivity@70cbd69
09-23 18:17:18.783 17293 17293 D LifecycleMonitor: Lifecycle status change: androidx.test.core.app.InstrumentationActivityInvoker$EmptyActivity@92f6e7a in: PRE_ON_CREATE
09-23 18:17:18.783 17293 17293 V ActivityScenario: Activity lifecycle changed event received but ignored because the intent does not match. startActivityIntent=Intent { act=android.intent.action.MAIN cat=[android.intent.category.LAUNCHER] flg=0x10008000 cmp=com.shareconnect/.MainActivity }, activity.getIntent()=Intent { act=android.intent.action.MAIN cat=[android.intent.category.LAUNCHER] flg=0x10000000 cmp=com.shareconnect/androidx.test.core.app.InstrumentationActivityInvoker$EmptyActivity }, activity=androidx.test.core.app.InstrumentationActivityInvoker$EmptyActivity@92f6e7a
09-23 18:17:18.790 17293 17293 D LifecycleMonitor: Lifecycle status change: androidx.test.core.app.InstrumentationActivityInvoker$EmptyActivity@92f6e7a in: CREATED
09-23 18:17:18.790 17293 17293 V ActivityScenario: Activity lifecycle changed event received but ignored because the intent does not match. startActivityIntent=Intent { act=android.intent.action.MAIN cat=[android.intent.category.LAUNCHER] flg=0x10008000 cmp=com.shareconnect/.MainActivity }, activity.getIntent()=Intent { act=android.intent.action.MAIN cat=[android.intent.category.LAUNCHER] flg=0x10000000 cmp=com.shareconnect/androidx.test.core.app.InstrumentationActivityInvoker$EmptyActivity }, activity=androidx.test.core.app.InstrumentationActivityInvoker$EmptyActivity@92f6e7a
09-23 18:17:18.791 17293 17293 D LifecycleMonitor: Lifecycle status change: androidx.test.core.app.InstrumentationActivityInvoker$EmptyActivity@92f6e7a in: STARTED
09-23 18:17:18.791 17293 17293 V ActivityScenario: Activity lifecycle changed event received but ignored because the intent does not match. startActivityIntent=Intent { act=android.intent.action.MAIN cat=[android.intent.category.LAUNCHER] flg=0x10008000 cmp=com.shareconnect/.MainActivity }, activity.getIntent()=Intent { act=android.intent.action.MAIN cat=[android.intent.category.LAUNCHER] flg=0x10000000 cmp=com.shareconnect/androidx.test.core.app.InstrumentationActivityInvoker$EmptyActivity }, activity=androidx.test.core.app.InstrumentationActivityInvoker$EmptyActivity@92f6e7a
09-23 18:17:18.792 17293 17293 D FirebaseSessions: App foregrounded on com.shareconnect
09-23 18:17:18.794 17293 17293 V Console : Activity lifecycle :: RESUMED :: EmptyActivity
09-23 18:17:18.794 17293 17293 V Console : Foreground activity counter :: AtomicIntWrapper :: 12312792 :: 227589169 :: Value of: 0
09-23 18:17:18.794 17293 17293 I Console : Activity lifecycle :: Main state :: Foreground
09-23 18:17:18.795 17293 17293 V Console : Foreground activity counter :: AtomicIntWrapper :: 12312792 :: 227589169 :: Incremented to: 1
09-23 18:17:18.795 17293 17293 D LifecycleMonitor: Lifecycle status change: androidx.test.core.app.InstrumentationActivityInvoker$EmptyActivity@92f6e7a in: RESUMED
09-23 18:17:18.795 17293 17293 V ActivityScenario: Activity lifecycle changed event received but ignored because the intent does not match. startActivityIntent=Intent { act=android.intent.action.MAIN cat=[android.intent.category.LAUNCHER] flg=0x10008000 cmp=com.shareconnect/.MainActivity }, activity.getIntent()=Intent { act=android.intent.action.MAIN cat=[android.intent.category.LAUNCHER] flg=0x10000000 cmp=com.shareconnect/androidx.test.core.app.InstrumentationActivityInvoker$EmptyActivity }, activity=androidx.test.core.app.InstrumentationActivityInvoker$EmptyActivity@92f6e7a
09-23 18:17:18.795 17293 17293 V Console : Activity lifecycle :: POST-RESUMED :: EmptyActivity
09-23 18:17:18.797 17293 17386 W Parcel  : Expecting binder but got null!
09-23 18:17:18.814 17293 17386 E OpenGLRenderer: Unable to match the desired swap behavior.
09-23 18:17:18.821   488   503 I ActivityTaskManager: Displayed com.shareconnect/androidx.test.core.app.InstrumentationActivityInvoker$EmptyActivity: +53ms
09-23 18:17:18.826 17293 17293 V Console : Activity lifecycle :: PRE-DESTROYED :: MainActivity
09-23 18:17:18.826 17293 17293 V Console : Activity lifecycle :: DESTROYED :: MainActivity
09-23 18:17:18.827 17293 17293 D LifecycleMonitor: Lifecycle status change: com.shareconnect.MainActivity@89b5006 in: DESTROYED
09-23 18:17:18.827 17293 17293 V ActivityScenario: Update currentActivityStage to DESTROYED, currentActivity=null
09-23 18:17:18.828   488  4122 W InputManager-JNI: Input channel object '31024b8 com.shareconnect/com.shareconnect.MainActivity (client)' was disposed without first being removed with the input manager!
09-23 18:17:18.829 17293 17293 V Console : Activity lifecycle :: PRE-STOPPED :: SettingsActivity
09-23 18:17:18.829 17293 17293 V Console : Activity lifecycle :: STOPPED :: SettingsActivity
09-23 18:17:18.830 17293 17293 D LifecycleMonitor: Lifecycle status change: com.shareconnect.SettingsActivity@70cbd69 in: STOPPED
09-23 18:17:18.830 17293 17293 V ActivityScenario: Activity lifecycle changed event received but ignored because the intent does not match. startActivityIntent=Intent { act=android.intent.action.MAIN cat=[android.intent.category.LAUNCHER] flg=0x10008000 cmp=com.shareconnect/.MainActivity }, activity.getIntent()=Intent { cmp=com.shareconnect/.SettingsActivity (has extras) }, activity=com.shareconnect.SettingsActivity@70cbd69
09-23 18:17:18.830 17293 17293 V Console : Activity lifecycle :: POST-STOPPED :: SettingsActivity
09-23 18:17:18.832 11307 15529 D AdvertisingIdClient: AdvertisingIdClient already created.
09-23 18:17:18.833 11307 15529 I AdvertisingIdClient: shouldSendLog 1481099
09-23 18:17:18.833 11307 15529 I AdvertisingIdClient: GetInfoInternal elapse 1ms
09-23 18:17:18.843 11811 11811 I GoogleInputMethodService: GoogleInputMethodService.onFinishInput():3227
09-23 18:17:18.843 11811 11811 I GoogleInputMethodService: GoogleInputMethodService.updateDeviceLockedStatus():2087 repeatCheckTimes = 0, unlocked = true
09-23 18:17:18.843 11811 11811 I GoogleInputMethodService: GoogleInputMethodService.onStartInput():1877 onStartInput(EditorInfo{inputType=0x0(NULL) imeOptions=0x0 privateImeOptions=null actionName=UNSPECIFIED actionLabel=null actionId=0 initialSelStart=-1 initialSelEnd=-1 initialCapsMode=0x0 hintText=null label=null packageName=com.shareconnect fieldId=-1 fieldName=null extras=null}, false)
09-23 18:17:18.843 11811 11811 I GoogleInputMethodService: GoogleInputMethodService.shouldHideHeaderOnInitialState():4008 ShouldHideHeaderOnInitialState = false
09-23 18:17:18.844 11811 11811 I GoogleInputMethodService: GoogleInputMethodService.updateDeviceLockedStatus():2087 repeatCheckTimes = 2, unlocked = true
09-23 18:17:18.844 17293 17370 E TestRunner: failed: testStateDescriptions(com.shareconnect.automation.AccessibilityAutomationTest)
09-23 18:17:18.844 17293 17370 E TestRunner: ----- begin exception -----
09-23 18:17:18.844 17293 17370 E TestRunner: java.lang.NullPointerException: Attempt to invoke virtual method 'boolean android.view.View.isEnabled()' on a null object reference
09-23 18:17:18.844 17293 17370 E TestRunner: 	at com.shareconnect.automation.AccessibilityAutomationTest.testStateDescriptions$lambda$0(AccessibilityAutomationTest.kt:163)
09-23 18:17:18.844 17293 17370 E TestRunner: 	at com.shareconnect.automation.AccessibilityAutomationTest.$r8$lambda$UZDz-2ZK8LnEJF36JAwnFqS9YgM(Unknown Source:0)
09-23 18:17:18.844 17293 17370 E TestRunner: 	at com.shareconnect.automation.AccessibilityAutomationTest$$ExternalSyntheticLambda0.perform(D8$$SyntheticClass:0)
09-23 18:17:18.844 17293 17370 E TestRunner: 	at androidx.test.core.app.ActivityScenario.lambda$onActivity$2$androidx-test-core-app-ActivityScenario(ActivityScenario.java:794)
09-23 18:17:18.844 17293 17370 E TestRunner: 	at androidx.test.core.app.ActivityScenario$$ExternalSyntheticLambda2.run(D8$$SyntheticClass:0)
09-23 18:17:18.844 17293 17370 E TestRunner: 	at java.util.concurrent.Executors$RunnableAdapter.call(Executors.java:463)
09-23 18:17:18.844 17293 17370 E TestRunner: 	at java.util.concurrent.FutureTask.run(FutureTask.java:264)
09-23 18:17:18.844 17293 17370 E TestRunner: 	at android.app.Instrumentation$SyncRunnable.run(Instrumentation.java:2379)
09-23 18:17:18.844 17293 17370 E TestRunner: 	at android.os.Handler.handleCallback(Handler.java:942)
09-23 18:17:18.844 17293 17370 E TestRunner: 	at android.os.Handler.dispatchMessage(Handler.java:99)
09-23 18:17:18.844 17293 17370 E TestRunner: 	at android.os.Looper.loopOnce(Looper.java:201)
09-23 18:17:18.844 17293 17370 E TestRunner: 	at android.os.Looper.loop(Looper.java:288)
09-23 18:17:18.844 17293 17370 E TestRunner: 	at android.app.ActivityThread.main(ActivityThread.java:7924)
09-23 18:17:18.844 17293 17370 E TestRunner: 	at java.lang.reflect.Method.invoke(Native Method)
09-23 18:17:18.844 17293 17370 E TestRunner: 	at com.android.internal.os.RuntimeInit$MethodAndArgsCaller.run(RuntimeInit.java:548)
09-23 18:17:18.844 17293 17370 E TestRunner: 	at com.android.internal.os.ZygoteInit.main(ZygoteInit.java:936)
09-23 18:17:18.844 17293 17370 E TestRunner: ----- end exception -----
09-23 18:17:18.845 17293 17370 I TestRunner: finished: testStateDescriptions(com.shareconnect.automation.AccessibilityAutomationTest)
