09-23 18:18:53.011 17293 17370 I TestRunner: started: testServerProfilesPreferenceClickable(com.shareconnect.activities.SettingsActivityInstrumentationTest)
09-23 18:18:53.013 17293 17370 W Settings: Setting always_finish_activities has moved from android.provider.Settings.System to android.provider.Settings.Global, returning read-only value.
09-23 18:18:53.017   779   868 W Parcel  : Expecting binder but got null!
09-23 18:18:53.021 17293 17293 D LifecycleMonitor: Lifecycle status change: com.shareconnect.SettingsActivity@aa4c946 in: PRE_ON_CREATE
09-23 18:18:53.021 17293 17293 V ActivityScenario: Activity lifecycle changed event received but ignored because the reported transition was not ON_CREATE while the last known transition was PRE_ON_CREATE
09-23 18:18:53.021 17293 17293 D Console : getDefaultTheme() returned: Warm Orange Light (ID: 1, isDefault: true)
09-23 18:18:53.021 17293 17293 D Console : getDefaultTheme() returned: Warm Orange Light (ID: 1, isDefault: true)
09-23 18:18:53.022 17293 17293 D Console : Applying theme: Warm Orange Light, colorScheme: warm_orange, isDarkMode: false, currentTheme: WARM_ORANGE_LIGHT
09-23 18:18:53.022 17293 17293 D Console : Activity SettingsActivity usesToolbar: true
09-23 18:18:53.022 17293 17293 D Console : Setting night mode to NO
09-23 18:18:53.026   779   868 E OpenGLRenderer: Unable to match the desired swap behavior.
09-23 18:18:53.028 17293 17293 D LifecycleMonitor: Lifecycle status change: com.shareconnect.SettingsActivity@aa4c946 in: CREATED
09-23 18:18:53.028 17293 17293 V ActivityScenario: Update currentActivityStage to CREATED, currentActivity=com.shareconnect.SettingsActivity@aa4c946
09-23 18:18:53.030 17293 17293 D LifecycleMonitor: Lifecycle status change: com.shareconnect.SettingsActivity@aa4c946 in: STARTED
09-23 18:18:53.030 17293 17293 V ActivityScenario: Update currentActivityStage to STARTED, currentActivity=com.shareconnect.SettingsActivity@aa4c946
09-23 18:18:53.030 17293 17293 D FirebaseSessions: App foregrounded on com.shareconnect
09-23 18:18:53.032 17293 17293 V Console : Activity lifecycle :: RESUMED :: SettingsActivity
09-23 18:18:53.032 17293 17293 V Console : Foreground activity counter :: AtomicIntWrapper :: 12312792 :: 227589169 :: Value of: 0
09-23 18:18:53.032 17293 17293 I Console : Activity lifecycle :: Main state :: Foreground
09-23 18:18:53.032 17293 17293 V Console : Foreground activity counter :: AtomicIntWrapper :: 12312792 :: 227589169 :: Incremented to: 1
09-23 18:18:53.033 17293 17293 D LifecycleMonitor: Lifecycle status change: com.shareconnect.SettingsActivity@aa4c946 in: RESUMED
09-23 18:18:53.033 17293 17293 V ActivityScenario: Update currentActivityStage to RESUMED, currentActivity=com.shareconnect.SettingsActivity@aa4c946
09-23 18:18:53.033 17293 17293 V Console : Activity lifecycle :: POST-RESUMED :: SettingsActivity
09-23 18:18:53.035 17293 17386 W Parcel  : Expecting binder but got null!
09-23 18:18:53.047 17293 17386 E OpenGLRenderer: Unable to match the desired swap behavior.
09-23 18:18:53.047 11307 15529 D AdvertisingIdClient: AdvertisingIdClient already created.
09-23 18:18:53.049 11307 15529 I AdvertisingIdClient: shouldSendLog 1481099
09-23 18:18:53.049 11307 15529 I AdvertisingIdClient: GetInfoInternal elapse 1ms
09-23 18:18:53.057   488   503 W ziparchive: Unable to open '/data/app/~~G-kfL5nj0oNF6JbwT3gClg==/com.shareconnect-kmovnR8A3kHYD3ju2YodYg==/base.dm': No such file or directory
09-23 18:18:53.058   488   503 I ActivityTaskManager: Displayed com.shareconnect/.SettingsActivity: +43ms
09-23 18:18:53.060   779   868 D EGL_emulation: app_time_stats: avg=107.14ms min=12.19ms max=1015.27ms count=11
09-23 18:18:53.079 11811 11811 I GoogleInputMethodService: GoogleInputMethodService.onFinishInput():3227
09-23 18:18:53.080 11811 11811 I GoogleInputMethodService: GoogleInputMethodService.updateDeviceLockedStatus():2087 repeatCheckTimes = 0, unlocked = true
09-23 18:18:53.080 11811 11811 I GoogleInputMethodService: GoogleInputMethodService.onStartInput():1877 onStartInput(EditorInfo{inputType=0x0(NULL) imeOptions=0x0 privateImeOptions=null actionName=UNSPECIFIED actionLabel=null actionId=0 initialSelStart=-1 initialSelEnd=-1 initialCapsMode=0x0 hintText=null label=null packageName=com.shareconnect fieldId=2131231190 fieldName=null extras=null}, false)
09-23 18:18:53.080 11811 11811 I GoogleInputMethodService: GoogleInputMethodService.shouldHideHeaderOnInitialState():4008 ShouldHideHeaderOnInitialState = false
09-23 18:18:53.081 11811 11811 I GoogleInputMethodService: GoogleInputMethodService.updateDeviceLockedStatus():2087 repeatCheckTimes = 2, unlocked = true
09-23 18:18:53.120  1581  1581 I GsaVoiceInteractionSrv: Handling ACTION_STOP_HOTWORD
09-23 18:18:53.120  1581  2233 I HwDetectorWithState: (REDACTED) a: %d
09-23 18:18:53.311  1581  2227 I AssistantForeground: (REDACTED) Get launcher package: %s
09-23 18:18:53.329   998  1945 D OneSearchSuggestProvider: Shut down the binder channel
09-23 18:18:53.329   998 13981 I s.nexuslauncher: oneway function results for code 2 on binder at 0xb400007a39489fd0 will be dropped but finished with status UNKNOWN_TRANSACTION
09-23 18:18:53.330 17293 17293 V Console : Activity lifecycle :: PRE-PAUSED :: SettingsActivity
09-23 18:18:53.330 17293 17293 D Console : Activity lifecycle :: Top activity: SettingsActivity
09-23 18:18:53.330 17293 17293 D FirebaseSessions: App backgrounded on com.shareconnect
09-23 18:18:53.332 17293 17293 V Console : Activity lifecycle :: PAUSED :: SettingsActivity
09-23 18:18:53.332 17293 17293 V Console : Foreground activity counter :: AtomicIntWrapper :: 12312792 :: 227589169 :: Decremented to: 0
09-23 18:18:53.332 17293 17293 D LifecycleMonitor: Lifecycle status change: com.shareconnect.SettingsActivity@aa4c946 in: PAUSED
09-23 18:18:53.332 17293 17293 V ActivityScenario: Update currentActivityStage to PAUSED, currentActivity=com.shareconnect.SettingsActivity@aa4c946
09-23 18:18:53.335 17293 17293 D LifecycleMonitor: Lifecycle status change: androidx.test.core.app.InstrumentationActivityInvoker$EmptyActivity@d820e87 in: PRE_ON_CREATE
09-23 18:18:53.335 17293 17293 V ActivityScenario: Activity lifecycle changed event received but ignored because the intent does not match. startActivityIntent=Intent { act=android.intent.action.MAIN cat=[android.intent.category.LAUNCHER] flg=0x10008000 cmp=com.shareconnect/.SettingsActivity }, activity.getIntent()=Intent { act=android.intent.action.MAIN cat=[android.intent.category.LAUNCHER] flg=0x10000000 cmp=com.shareconnect/androidx.test.core.app.InstrumentationActivityInvoker$EmptyActivity }, activity=androidx.test.core.app.InstrumentationActivityInvoker$EmptyActivity@d820e87
09-23 18:18:53.337 17293 17293 D LifecycleMonitor: Lifecycle status change: androidx.test.core.app.InstrumentationActivityInvoker$EmptyActivity@d820e87 in: CREATED
09-23 18:18:53.337 17293 17293 V ActivityScenario: Activity lifecycle changed event received but ignored because the intent does not match. startActivityIntent=Intent { act=android.intent.action.MAIN cat=[android.intent.category.LAUNCHER] flg=0x10008000 cmp=com.shareconnect/.SettingsActivity }, activity.getIntent()=Intent { act=android.intent.action.MAIN cat=[android.intent.category.LAUNCHER] flg=0x10000000 cmp=com.shareconnect/androidx.test.core.app.InstrumentationActivityInvoker$EmptyActivity }, activity=androidx.test.core.app.InstrumentationActivityInvoker$EmptyActivity@d820e87
09-23 18:18:53.337 17293 17293 D LifecycleMonitor: Lifecycle status change: androidx.test.core.app.InstrumentationActivityInvoker$EmptyActivity@d820e87 in: STARTED
09-23 18:18:53.337 17293 17293 V ActivityScenario: Activity lifecycle changed event received but ignored because the intent does not match. startActivityIntent=Intent { act=android.intent.action.MAIN cat=[android.intent.category.LAUNCHER] flg=0x10008000 cmp=com.shareconnect/.SettingsActivity }, activity.getIntent()=Intent { act=android.intent.action.MAIN cat=[android.intent.category.LAUNCHER] flg=0x10000000 cmp=com.shareconnect/androidx.test.core.app.InstrumentationActivityInvoker$EmptyActivity }, activity=androidx.test.core.app.InstrumentationActivityInvoker$EmptyActivity@d820e87
09-23 18:18:53.338 17293 17293 D FirebaseSessions: App foregrounded on com.shareconnect
09-23 18:18:53.340 17293 17293 V Console : Activity lifecycle :: RESUMED :: EmptyActivity
09-23 18:18:53.340 17293 17293 V Console : Foreground activity counter :: AtomicIntWrapper :: 12312792 :: 227589169 :: Value of: 0
09-23 18:18:53.340 17293 17293 I Console : Activity lifecycle :: Main state :: Foreground
09-23 18:18:53.340 17293 17293 V Console : Foreground activity counter :: AtomicIntWrapper :: 12312792 :: 227589169 :: Incremented to: 1
09-23 18:18:53.341 17293 17293 D LifecycleMonitor: Lifecycle status change: androidx.test.core.app.InstrumentationActivityInvoker$EmptyActivity@d820e87 in: RESUMED
09-23 18:18:53.341 17293 17293 V ActivityScenario: Activity lifecycle changed event received but ignored because the intent does not match. startActivityIntent=Intent { act=android.intent.action.MAIN cat=[android.intent.category.LAUNCHER] flg=0x10008000 cmp=com.shareconnect/.SettingsActivity }, activity.getIntent()=Intent { act=android.intent.action.MAIN cat=[android.intent.category.LAUNCHER] flg=0x10000000 cmp=com.shareconnect/androidx.test.core.app.InstrumentationActivityInvoker$EmptyActivity }, activity=androidx.test.core.app.InstrumentationActivityInvoker$EmptyActivity@d820e87
09-23 18:18:53.341 17293 17293 V Console : Activity lifecycle :: POST-RESUMED :: EmptyActivity
09-23 18:18:53.344 17293 17386 W Parcel  : Expecting binder but got null!
09-23 18:18:53.346   488  1911 W InputManager-JNI: Input channel object '2b00a50 Splash Screen com.shareconnect (client)' was disposed without first being removed with the input manager!
09-23 18:18:53.364 17293 17386 E OpenGLRenderer: Unable to match the desired swap behavior.
09-23 18:18:53.370   488   503 I ActivityTaskManager: Displayed com.shareconnect/androidx.test.core.app.InstrumentationActivityInvoker$EmptyActivity: +42ms
09-23 18:18:53.376 17293 17293 V Console : Activity lifecycle :: PRE-STOPPED :: SettingsActivity
09-23 18:18:53.377 17293 17293 V Console : Activity lifecycle :: STOPPED :: SettingsActivity
09-23 18:18:53.378 17293 17293 D LifecycleMonitor: Lifecycle status change: com.shareconnect.SettingsActivity@aa4c946 in: STOPPED
09-23 18:18:53.378 17293 17293 V ActivityScenario: Update currentActivityStage to STOPPED, currentActivity=com.shareconnect.SettingsActivity@aa4c946
09-23 18:18:53.378 17293 17293 V Console : Activity lifecycle :: POST-STOPPED :: SettingsActivity
09-23 18:18:53.381 17293 17293 V Console : Activity lifecycle :: PRE-DESTROYED :: SettingsActivity
09-23 18:18:53.381 17293 17293 V Console : Activity lifecycle :: DESTROYED :: SettingsActivity
09-23 18:18:53.382 17293 17293 D LifecycleMonitor: Lifecycle status change: com.shareconnect.SettingsActivity@aa4c946 in: DESTROYED
09-23 18:18:53.382 17293 17293 V ActivityScenario: Update currentActivityStage to DESTROYED, currentActivity=null
09-23 18:18:53.391 17293 17293 I om.shareconnect: Explicit concurrent copying GC freed 24468(1798KB) AllocSpace objects, 14(660KB) LOS objects, 49% free, 8284KB/16MB, paused 14us,16us total 9.507ms
09-23 18:18:53.396   779   850 W FrameTracker: Missing HWUI jank callback for vsyncId: 506175, CUJ=J<SPLASHSCREEN_EXIT_ANIM>
09-23 18:18:53.396   779   850 W FrameTracker: Missing HWUI jank callback for vsyncId: 506448, CUJ=J<SPLASHSCREEN_EXIT_ANIM>
09-23 18:18:53.401 17293 17293 I om.shareconnect: Explicit concurrent copying GC freed 4435(227KB) AllocSpace objects, 0(0B) LOS objects, 49% free, 8089KB/15MB, paused 9us,15us total 8.224ms
09-23 18:18:53.404   488  3363 W InputManager-JNI: Input channel object 'aac36bd com.shareconnect/com.shareconnect.SettingsActivity (client)' was disposed without first being removed with the input manager!
09-23 18:18:53.408 11811 11811 I GoogleInputMethodService: GoogleInputMethodService.onFinishInput():3227
09-23 18:18:53.409 17293 17370 E TestRunner: failed: testServerProfilesPreferenceClickable(com.shareconnect.activities.SettingsActivityInstrumentationTest)
09-23 18:18:53.409 11811 11811 I GoogleInputMethodService: GoogleInputMethodService.updateDeviceLockedStatus():2087 repeatCheckTimes = 0, unlocked = true
09-23 18:18:53.409 11811 11811 I GoogleInputMethodService: GoogleInputMethodService.onStartInput():1877 onStartInput(EditorInfo{inputType=0x0(NULL) imeOptions=0x0 privateImeOptions=null actionName=UNSPECIFIED actionLabel=null actionId=0 initialSelStart=-1 initialSelEnd=-1 initialCapsMode=0x0 hintText=null label=null packageName=com.shareconnect fieldId=-1 fieldName=null extras=null}, false)
09-23 18:18:53.409 11811 11811 I GoogleInputMethodService: GoogleInputMethodService.shouldHideHeaderOnInitialState():4008 ShouldHideHeaderOnInitialState = false
09-23 18:18:53.409 17293 17370 E TestRunner: ----- begin exception -----
09-23 18:18:53.409 17293 17370 E TestRunner: java.lang.NoClassDefFoundError: Failed resolution of: Lorg/hamcrest/Matchers;
09-23 18:18:53.409 17293 17370 E TestRunner: 	at androidx.test.espresso.matcher.ViewMatchers.withText(ViewMatchers.java:2)
09-23 18:18:53.409 17293 17370 E TestRunner: 	at com.shareconnect.activities.SettingsActivityInstrumentationTest.testServerProfilesPreferenceClickable(SettingsActivityInstrumentationTest.kt:66)
09-23 18:18:53.409 17293 17370 E TestRunner: 	at java.lang.reflect.Method.invoke(Native Method)
09-23 18:18:53.409 17293 17370 E TestRunner: 	at org.junit.runners.model.FrameworkMethod$1.runReflectiveCall(FrameworkMethod.java:59)
09-23 18:18:53.409 17293 17370 E TestRunner: 	at org.junit.internal.runners.model.ReflectiveCallable.run(ReflectiveCallable.java:12)
09-23 18:18:53.409 17293 17370 E TestRunner: 	at org.junit.runners.model.FrameworkMethod.invokeExplosively(FrameworkMethod.java:56)
09-23 18:18:53.409 17293 17370 E TestRunner: 	at org.junit.internal.runners.statements.InvokeMethod.evaluate(InvokeMethod.java:17)
09-23 18:18:53.409 17293 17370 E TestRunner: 	at androidx.test.internal.runner.junit4.statement.RunBefores.evaluate(RunBefores.java:80)
09-23 18:18:53.409 17293 17370 E TestRunner: 	at androidx.test.internal.runner.junit4.statement.RunAfters.evaluate(RunAfters.java:61)
09-23 18:18:53.409 17293 17370 E TestRunner: 	at org.junit.runners.ParentRunner$3.evaluate(ParentRunner.java:306)
09-23 18:18:53.409 17293 17370 E TestRunner: 	at org.junit.runners.BlockJUnit4ClassRunner$1.evaluate(BlockJUnit4ClassRunner.java:100)
09-23 18:18:53.409 17293 17370 E TestRunner: 	at org.junit.runners.ParentRunner.runLeaf(ParentRunner.java:366)
09-23 18:18:53.409 17293 17370 E TestRunner: 	at org.junit.runners.BlockJUnit4ClassRunner.runChild(BlockJUnit4ClassRunner.java:103)
09-23 18:18:53.409 17293 17370 E TestRunner: 	at org.junit.runners.BlockJUnit4ClassRunner.runChild(BlockJUnit4ClassRunner.java:63)
09-23 18:18:53.409 17293 17370 E TestRunner: 	at org.junit.runners.ParentRunner$4.run(ParentRunner.java:331)
09-23 18:18:53.409 17293 17370 E TestRunner: 	at org.junit.runners.ParentRunner$1.schedule(ParentRunner.java:79)
09-23 18:18:53.409 17293 17370 E TestRunner: 	at org.junit.runners.ParentRunner.runChildren(ParentRunner.java:329)
09-23 18:18:53.409 17293 17370 E TestRunner: 	at org.junit.runners.ParentRunner.access$100(ParentRunner.java:66)
09-23 18:18:53.409 17293 17370 E TestRunner: 	at org.junit.runners.ParentRunner$2.evaluate(ParentRunner.java:293)
09-23 18:18:53.409 17293 17370 E TestRunner: 	at org.junit.runners.ParentRunner$3.evaluate(ParentRunner.java:306)
09-23 18:18:53.409 17293 17370 E TestRunner: 	at org.junit.runners.ParentRunner.run(ParentRunner.java:413)
09-23 18:18:53.409 17293 17370 E TestRunner: 	at androidx.test.ext.junit.runners.AndroidJUnit4.run(AndroidJUnit4.java:162)
09-23 18:18:53.409 17293 17370 E TestRunner: 	at org.junit.runners.Suite.runChild(Suite.java:128)
09-23 18:18:53.409 17293 17370 E TestRunner: 	at org.junit.runners.Suite.runChild(Suite.java:27)
09-23 18:18:53.409 17293 17370 E TestRunner: 	at org.junit.runners.ParentRunner$4.run(ParentRunner.java:331)
09-23 18:18:53.409 17293 17370 E TestRunner: 	at org.junit.runners.ParentRunner$1.schedule(ParentRunner.java:79)
09-23 18:18:53.409 17293 17370 E TestRunner: 	at org.junit.runners.ParentRunner.runChildren(ParentRunner.java:329)
09-23 18:18:53.409 17293 17370 E TestRunner: 	at org.junit.runners.ParentRunner.access$100(ParentRunner.java:66)
09-23 18:18:53.409 17293 17370 E TestRunner: 	at org.junit.runners.ParentRunner$2.evaluate(ParentRunner.java:293)
09-23 18:18:53.409 17293 17370 E TestRunner: 	at org.junit.runners.ParentRunner$3.evaluate(ParentRunner.java:306)
09-23 18:18:53.409 17293 17370 E TestRunner: 	at org.junit.runners.ParentRunner.run(ParentRunner.java:413)
09-23 18:18:53.409 17293 17370 E TestRunner: 	at org.junit.runners.Suite.runChild(Suite.java:128)
09-23 18:18:53.409 17293 17370 E TestRunner: 	at org.junit.runners.Suite.runChild(Suite.java:27)
09-23 18:18:53.409 17293 17370 E TestRunner: 	at org.junit.runners.ParentRunner$4.run(ParentRunner.java:331)
09-23 18:18:53.409 17293 17370 E TestRunner: 	at org.junit.runners.ParentRunner$1.schedule(ParentRunner.java:79)
09-23 18:18:53.409 17293 17370 E TestRunner: 	at org.junit.runners.ParentRunner.runChildren(ParentRunner.java:329)
09-23 18:18:53.409 17293 17370 E TestRunner: 	at org.junit.runners.ParentRunner.access$100(ParentRunner.java:66)
09-23 18:18:53.409 17293 17370 E TestRunner: 	at org.junit.runners.ParentRunner$2.evaluate(ParentRunner.java:293)
09-23 18:18:53.409 17293 17370 E TestRunner: 	at org.junit.runners.ParentRunner$3.evaluate(ParentRunner.java:306)
09-23 18:18:53.409 17293 17370 E TestRunner: 	at org.junit.runners.ParentRunner.run(ParentRunner.java:413)
09-23 18:18:53.409 17293 17370 E TestRunner: 	at org.junit.runner.JUnitCore.run(JUnitCore.java:137)
09-23 18:18:53.409 17293 17370 E TestRunner: 	at org.junit.runner.JUnitCore.run(JUnitCore.java:115)
09-23 18:18:53.409 17293 17370 E TestRunner: 	at androidx.test.internal.runner.TestExecutor.execute(TestExecutor.java:68)
09-23 18:18:53.409 17293 17370 E TestRunner: 	at androidx.test.internal.runner.TestExecutor.execute(TestExecutor.java:59)
09-23 18:18:53.409 17293 17370 E TestRunner: 	at androidx.test.runner.AndroidJUnitRunner.onStart(AndroidJUnitRunner.java:463)
09-23 18:18:53.409 17293 17370 E TestRunner: 	at android.app.Instrumentation$InstrumentationThread.run(Instrumentation.java:2361)
09-23 18:18:53.409 17293 17370 E TestRunner: Caused by: java.lang.ClassNotFoundException: Didn't find class "org.hamcrest.Matchers" on path: DexPathList[[zip file "/system/framework/android.test.runner.jar", zip file "/system/framework/android.test.mock.jar", zip file "/system/framework/android.test.base.jar", zip file "/data/app/~~EY2JRd0t-prCVNzEIntACQ==/com.shareconnect.test-mhfFQ_M8O7SEugdeZhJoEA==/base.apk", zip file "/data/app/~~G-kfL5nj0oNF6JbwT3gClg==/com.shareconnect-kmovnR8A3kHYD3ju2YodYg==/base.apk"],nativeLibraryDirectories=[/data/app/~~EY2JRd0t-prCVNzEIntACQ==/com.shareconnect.test-mhfFQ_M8O7SEugdeZhJoEA==/lib/arm64, /data/app/~~G-kfL5nj0oNF6JbwT3gClg==/com.shareconnect-kmovnR8A3kHYD3ju2YodYg==/lib/arm64, /data/app/~~EY2JRd0t-prCVNzEIntACQ==/com.shareconnect.test-mhfFQ_M8O7SEugdeZhJoEA==/base.apk!/lib/arm64-v8a, /data/app/~~G-kfL5nj0oNF6JbwT3gClg==/com.shareconnect-kmovnR8A3kHYD3ju2YodYg==/base.apk!/lib/arm64-v8a, /system/lib64, /system_ext/lib64]]
09-23 18:18:53.409 17293 17370 E TestRunner: 	at dalvik.system.BaseDexClassLoader.findClass(BaseDexClassLoader.java:259)
09-23 18:18:53.409 17293 17370 E TestRunner: 	at java.lang.ClassLoader.loadClass(ClassLoader.java:379)
09-23 18:18:53.409 17293 17370 E TestRunner: 	at java.lang.ClassLoader.loadClass(ClassLoader.java:312)
09-23 18:18:53.409 17293 17370 E TestRunner: 	... 46 more
09-23 18:18:53.409 17293 17370 E TestRunner: ----- end exception -----
09-23 18:18:53.409 11811 11811 I GoogleInputMethodService: GoogleInputMethodService.updateDeviceLockedStatus():2087 repeatCheckTimes = 2, unlocked = true
09-23 18:18:53.409 17293 17370 I TestRunner: finished: testServerProfilesPreferenceClickable(com.shareconnect.activities.SettingsActivityInstrumentationTest)
