09-23 18:18:07.475 17293 17370 I TestRunner: started: testFabAddButtonClick(com.shareconnect.activities.MainActivityInstrumentationTest)
09-23 18:18:07.478 17293 17370 W Settings: Setting always_finish_activities has moved from android.provider.Settings.System to android.provider.Settings.Global, returning read-only value.
09-23 18:18:07.484   779   868 W Parcel  : Expecting binder but got null!
09-23 18:18:07.489 17293 17293 D LifecycleMonitor: Lifecycle status change: com.shareconnect.MainActivity@91d8d1e in: PRE_ON_CREATE
09-23 18:18:07.489 17293 17293 V ActivityScenario: Activity lifecycle changed event received but ignored because the reported transition was not ON_CREATE while the last known transition was PRE_ON_CREATE
09-23 18:18:07.490 17293 17293 D Console : getDefaultTheme() returned: Warm Orange Light (ID: 1, isDefault: true)
09-23 18:18:07.490 17293 17293 D Console : getDefaultTheme() returned: Warm Orange Light (ID: 1, isDefault: true)
09-23 18:18:07.490 17293 17293 D Console : Applying theme: Warm Orange Light, colorScheme: warm_orange, isDarkMode: false, currentTheme: WARM_ORANGE_LIGHT
09-23 18:18:07.490 17293 17293 D Console : Activity MainActivity usesToolbar: true
09-23 18:18:07.491 17293 17293 D Console : Setting night mode to NO
09-23 18:18:07.496   779   868 E OpenGLRenderer: Unable to match the desired swap behavior.
09-23 18:18:07.500 17293 17293 D LifecycleMonitor: Lifecycle status change: com.shareconnect.MainActivity@91d8d1e in: CREATED
09-23 18:18:07.500 17293 17293 V ActivityScenario: Update currentActivityStage to CREATED, currentActivity=com.shareconnect.MainActivity@91d8d1e
09-23 18:18:07.501 17293 17293 D LifecycleMonitor: Lifecycle status change: com.shareconnect.MainActivity@91d8d1e in: STARTED
09-23 18:18:07.501 17293 17293 V ActivityScenario: Update currentActivityStage to STARTED, currentActivity=com.shareconnect.MainActivity@91d8d1e
09-23 18:18:07.503 17293 17293 D FirebaseSessions: App foregrounded on com.shareconnect
09-23 18:18:07.506 17293 17293 V Console : Activity lifecycle :: RESUMED :: MainActivity
09-23 18:18:07.506 17293 17293 V Console : Foreground activity counter :: AtomicIntWrapper :: 12312792 :: 227589169 :: Value of: 0
09-23 18:18:07.506 17293 17293 I Console : Activity lifecycle :: Main state :: Foreground
09-23 18:18:07.506 17293 17293 V Console : Foreground activity counter :: AtomicIntWrapper :: 12312792 :: 227589169 :: Incremented to: 1
09-23 18:18:07.506 17293 17293 D Console : hasThemeChanged() returned: false
09-23 18:18:07.507 17293 17293 D Console : onResume() called, themeChanged: false
09-23 18:18:07.507 17293 17293 D LifecycleMonitor: Lifecycle status change: com.shareconnect.MainActivity@91d8d1e in: RESUMED
09-23 18:18:07.507 17293 17293 V ActivityScenario: Update currentActivityStage to RESUMED, currentActivity=com.shareconnect.MainActivity@91d8d1e
09-23 18:18:07.507 17293 17293 V Console : Activity lifecycle :: POST-RESUMED :: MainActivity
09-23 18:18:07.508 17293 17386 W Parcel  : Expecting binder but got null!
09-23 18:18:07.512 17293 17293 V Console : Activity lifecycle :: PRE-PAUSED :: MainActivity
09-23 18:18:07.512 17293 17293 D Console : Activity lifecycle :: Top activity: MainActivity
09-23 18:18:07.512 17293 17293 D FirebaseSessions: App backgrounded on com.shareconnect
09-23 18:18:07.514 17293 17293 V Console : Activity lifecycle :: PAUSED :: MainActivity
09-23 18:18:07.514 17293 17293 V Console : Foreground activity counter :: AtomicIntWrapper :: 12312792 :: 227589169 :: Decremented to: 0
09-23 18:18:07.514 17293 17293 D LifecycleMonitor: Lifecycle status change: com.shareconnect.MainActivity@91d8d1e in: PAUSED
09-23 18:18:07.514 17293 17293 V ActivityScenario: Update currentActivityStage to PAUSED, currentActivity=com.shareconnect.MainActivity@91d8d1e
09-23 18:18:07.530 17293 17386 E OpenGLRenderer: Unable to match the desired swap behavior.
09-23 18:18:07.537 17293 17293 D LifecycleMonitor: Lifecycle status change: com.shareconnect.SettingsActivity@274fa60 in: PRE_ON_CREATE
09-23 18:18:07.537 17293 17293 V ActivityScenario: Activity lifecycle changed event received but ignored because the intent does not match. startActivityIntent=Intent { act=android.intent.action.MAIN cat=[android.intent.category.LAUNCHER] flg=0x10008000 cmp=com.shareconnect/.MainActivity }, activity.getIntent()=Intent { cmp=com.shareconnect/.SettingsActivity (has extras) }, activity=com.shareconnect.SettingsActivity@274fa60
09-23 18:18:07.538 17293 17293 D Console : getDefaultTheme() returned: Warm Orange Light (ID: 1, isDefault: true)
09-23 18:18:07.538 17293 17293 D Console : getDefaultTheme() returned: Warm Orange Light (ID: 1, isDefault: true)
09-23 18:18:07.538 17293 17293 D Console : Applying theme: Warm Orange Light, colorScheme: warm_orange, isDarkMode: false, currentTheme: WARM_ORANGE_LIGHT
09-23 18:18:07.538 17293 17293 D Console : Activity SettingsActivity usesToolbar: true
09-23 18:18:07.538 17293 17293 D Console : Setting night mode to NO
09-23 18:18:07.543 17293 17293 D LifecycleMonitor: Lifecycle status change: com.shareconnect.SettingsActivity@274fa60 in: CREATED
09-23 18:18:07.543 17293 17293 V ActivityScenario: Activity lifecycle changed event received but ignored because the intent does not match. startActivityIntent=Intent { act=android.intent.action.MAIN cat=[android.intent.category.LAUNCHER] flg=0x10008000 cmp=com.shareconnect/.MainActivity }, activity.getIntent()=Intent { cmp=com.shareconnect/.SettingsActivity (has extras) }, activity=com.shareconnect.SettingsActivity@274fa60
09-23 18:18:07.545 17293 17293 D LifecycleMonitor: Lifecycle status change: com.shareconnect.SettingsActivity@274fa60 in: STARTED
09-23 18:18:07.545 17293 17293 V ActivityScenario: Activity lifecycle changed event received but ignored because the intent does not match. startActivityIntent=Intent { act=android.intent.action.MAIN cat=[android.intent.category.LAUNCHER] flg=0x10008000 cmp=com.shareconnect/.MainActivity }, activity.getIntent()=Intent { cmp=com.shareconnect/.SettingsActivity (has extras) }, activity=com.shareconnect.SettingsActivity@274fa60
09-23 18:18:07.546 17293 17293 D FirebaseSessions: App foregrounded on com.shareconnect
09-23 18:18:07.548 17293 17293 V Console : Activity lifecycle :: RESUMED :: SettingsActivity
09-23 18:18:07.548 17293 17293 V Console : Foreground activity counter :: AtomicIntWrapper :: 12312792 :: 227589169 :: Value of: 0
09-23 18:18:07.548 17293 17293 I Console : Activity lifecycle :: Main state :: Foreground
09-23 18:18:07.548 17293 17293 V Console : Foreground activity counter :: AtomicIntWrapper :: 12312792 :: 227589169 :: Incremented to: 1
09-23 18:18:07.548 17293 17293 D LifecycleMonitor: Lifecycle status change: com.shareconnect.SettingsActivity@274fa60 in: RESUMED
09-23 18:18:07.549 17293 17293 V ActivityScenario: Activity lifecycle changed event received but ignored because the intent does not match. startActivityIntent=Intent { act=android.intent.action.MAIN cat=[android.intent.category.LAUNCHER] flg=0x10008000 cmp=com.shareconnect/.MainActivity }, activity.getIntent()=Intent { cmp=com.shareconnect/.SettingsActivity (has extras) }, activity=com.shareconnect.SettingsActivity@274fa60
09-23 18:18:07.549 17293 17293 V Console : Activity lifecycle :: POST-RESUMED :: SettingsActivity
09-23 18:18:07.551 17293 17386 W Parcel  : Expecting binder but got null!
09-23 18:18:07.563 17293 17386 E OpenGLRenderer: Unable to match the desired swap behavior.
09-23 18:18:07.577   488   503 W ziparchive: Unable to open '/data/app/~~G-kfL5nj0oNF6JbwT3gClg==/com.shareconnect-kmovnR8A3kHYD3ju2YodYg==/base.dm': No such file or directory
09-23 18:18:07.578   488   503 I ActivityTaskManager: Displayed com.shareconnect/.SettingsActivity: +97ms
09-23 18:18:07.581   779   868 D EGL_emulation: app_time_stats: avg=545.63ms min=7.66ms max=5837.10ms count=11
09-23 18:18:07.587  1581  1581 I GsaVoiceInteractionSrv: Handling ACTION_STOP_HOTWORD
09-23 18:18:07.588  1581  2233 I HwDetectorWithState: (REDACTED) a: %d
09-23 18:18:07.594 11811 11811 I GoogleInputMethodService: GoogleInputMethodService.onFinishInput():3227
09-23 18:18:07.595 11811 11811 I GoogleInputMethodService: GoogleInputMethodService.updateDeviceLockedStatus():2087 repeatCheckTimes = 0, unlocked = true
09-23 18:18:07.595 11811 11811 I GoogleInputMethodService: GoogleInputMethodService.onStartInput():1877 onStartInput(EditorInfo{inputType=0x0(NULL) imeOptions=0x0 privateImeOptions=null actionName=UNSPECIFIED actionLabel=null actionId=0 initialSelStart=-1 initialSelEnd=-1 initialCapsMode=0x0 hintText=null label=null packageName=com.shareconnect fieldId=2131231190 fieldName=null extras=null}, false)
09-23 18:18:07.595 11811 11811 I GoogleInputMethodService: GoogleInputMethodService.shouldHideHeaderOnInitialState():4008 ShouldHideHeaderOnInitialState = false
09-23 18:18:07.595 11811 11811 I GoogleInputMethodService: GoogleInputMethodService.updateDeviceLockedStatus():2087 repeatCheckTimes = 2, unlocked = true
09-23 18:18:07.778   779   868 D EGL_emulation: app_time_stats: avg=2200.77ms min=51.02ms max=10602.28ms count=5
09-23 18:18:07.792 17293 17293 V Console : Activity lifecycle :: PRE-STOPPED :: MainActivity
09-23 18:18:07.793 17293 17293 V Console : Activity lifecycle :: STOPPED :: MainActivity
09-23 18:18:07.794 17293 17293 D LifecycleMonitor: Lifecycle status change: com.shareconnect.MainActivity@91d8d1e in: STOPPED
09-23 18:18:07.794 17293 17293 V ActivityScenario: Update currentActivityStage to STOPPED, currentActivity=com.shareconnect.MainActivity@91d8d1e
09-23 18:18:07.794 17293 17293 V Console : Activity lifecycle :: POST-STOPPED :: MainActivity
09-23 18:18:07.797  1581  2227 I AssistantForeground: (REDACTED) Get launcher package: %s
09-23 18:18:07.812   998  1945 D OneSearchSuggestProvider: Shut down the binder channel
09-23 18:18:07.812   998 13981 I s.nexuslauncher: oneway function results for code 2 on binder at 0xb400007a3946e490 will be dropped but finished with status UNKNOWN_TRANSACTION
09-23 18:18:07.860   488  1182 W InputManager-JNI: Input channel object '9686b19 Splash Screen com.shareconnect (client)' was disposed without first being removed with the input manager!
09-23 18:18:08.015 17293 17372 V Console : Foreground activity counter :: AtomicIntWrapper :: 12312792 :: 227589169 :: Value of: 1
09-23 18:18:08.585 15832 15832 W ThreadPoolForeg: type=1400 audit(0.0:451): avc: denied { write } for name="traced_producer" dev="tmpfs" ino=647 scontext=u:r:gmscore_app:s0:c512,c768 tcontext=u:object_r:traced_producer_socket:s0 tclass=sock_file permissive=0 app=com.google.android.gms
09-23 18:18:08.809   779   868 D EGL_emulation: app_time_stats: avg=36.47ms min=12.07ms max=113.95ms count=28
09-23 18:18:09.180 17293 17386 D EGL_emulation: app_time_stats: avg=149.15ms min=0.88ms max=1454.92ms count=10
09-23 18:18:11.321 11307 11307 W ThreadPoolForeg: type=1400 audit(0.0:452): avc: denied { write } for name="traced_producer" dev="tmpfs" ino=647 scontext=u:r:gmscore_app:s0:c512,c768 tcontext=u:object_r:traced_producer_socket:s0 tclass=sock_file permissive=0 app=com.google.android.gms
09-23 18:18:12.617 17293 17293 V Console : Activity lifecycle :: PRE-PAUSED :: SettingsActivity
09-23 18:18:12.618 17293 17293 D Console : Activity lifecycle :: Top activity: SettingsActivity
09-23 18:18:12.618 17293 17293 D FirebaseSessions: App backgrounded on com.shareconnect
09-23 18:18:12.620 17293 17293 V Console : Activity lifecycle :: PAUSED :: SettingsActivity
09-23 18:18:12.620 17293 17293 V Console : Foreground activity counter :: AtomicIntWrapper :: 12312792 :: 227589169 :: Decremented to: 0
09-23 18:18:12.620 17293 17293 D LifecycleMonitor: Lifecycle status change: com.shareconnect.SettingsActivity@274fa60 in: PAUSED
09-23 18:18:12.620 17293 17293 V ActivityScenario: Activity lifecycle changed event received but ignored because the intent does not match. startActivityIntent=Intent { act=android.intent.action.MAIN cat=[android.intent.category.LAUNCHER] flg=0x10008000 cmp=com.shareconnect/.MainActivity }, activity.getIntent()=Intent { cmp=com.shareconnect/.SettingsActivity (has extras) }, activity=com.shareconnect.SettingsActivity@274fa60
09-23 18:18:12.629 17293 17293 D LifecycleMonitor: Lifecycle status change: androidx.test.core.app.InstrumentationActivityInvoker$EmptyActivity@f463ef8 in: PRE_ON_CREATE
09-23 18:18:12.629 17293 17293 V ActivityScenario: Activity lifecycle changed event received but ignored because the intent does not match. startActivityIntent=Intent { act=android.intent.action.MAIN cat=[android.intent.category.LAUNCHER] flg=0x10008000 cmp=com.shareconnect/.MainActivity }, activity.getIntent()=Intent { act=android.intent.action.MAIN cat=[android.intent.category.LAUNCHER] flg=0x10000000 cmp=com.shareconnect/androidx.test.core.app.InstrumentationActivityInvoker$EmptyActivity }, activity=androidx.test.core.app.InstrumentationActivityInvoker$EmptyActivity@f463ef8
09-23 18:18:12.632 17293 17293 D LifecycleMonitor: Lifecycle status change: androidx.test.core.app.InstrumentationActivityInvoker$EmptyActivity@f463ef8 in: CREATED
09-23 18:18:12.632 17293 17293 V ActivityScenario: Activity lifecycle changed event received but ignored because the intent does not match. startActivityIntent=Intent { act=android.intent.action.MAIN cat=[android.intent.category.LAUNCHER] flg=0x10008000 cmp=com.shareconnect/.MainActivity }, activity.getIntent()=Intent { act=android.intent.action.MAIN cat=[android.intent.category.LAUNCHER] flg=0x10000000 cmp=com.shareconnect/androidx.test.core.app.InstrumentationActivityInvoker$EmptyActivity }, activity=androidx.test.core.app.InstrumentationActivityInvoker$EmptyActivity@f463ef8
09-23 18:18:12.632 17293 17293 D LifecycleMonitor: Lifecycle status change: androidx.test.core.app.InstrumentationActivityInvoker$EmptyActivity@f463ef8 in: STARTED
09-23 18:18:12.632 17293 17293 V ActivityScenario: Activity lifecycle changed event received but ignored because the intent does not match. startActivityIntent=Intent { act=android.intent.action.MAIN cat=[android.intent.category.LAUNCHER] flg=0x10008000 cmp=com.shareconnect/.MainActivity }, activity.getIntent()=Intent { act=android.intent.action.MAIN cat=[android.intent.category.LAUNCHER] flg=0x10000000 cmp=com.shareconnect/androidx.test.core.app.InstrumentationActivityInvoker$EmptyActivity }, activity=androidx.test.core.app.InstrumentationActivityInvoker$EmptyActivity@f463ef8
09-23 18:18:12.633 17293 17293 D FirebaseSessions: App foregrounded on com.shareconnect
09-23 18:18:12.634 17293 17293 V Console : Activity lifecycle :: RESUMED :: EmptyActivity
09-23 18:18:12.635 17293 17293 V Console : Foreground activity counter :: AtomicIntWrapper :: 12312792 :: 227589169 :: Value of: 0
09-23 18:18:12.635 17293 17293 I Console : Activity lifecycle :: Main state :: Foreground
09-23 18:18:12.635 17293 17293 V Console : Foreground activity counter :: AtomicIntWrapper :: 12312792 :: 227589169 :: Incremented to: 1
09-23 18:18:12.635 17293 17293 D LifecycleMonitor: Lifecycle status change: androidx.test.core.app.InstrumentationActivityInvoker$EmptyActivity@f463ef8 in: RESUMED
09-23 18:18:12.636 17293 17293 V ActivityScenario: Activity lifecycle changed event received but ignored because the intent does not match. startActivityIntent=Intent { act=android.intent.action.MAIN cat=[android.intent.category.LAUNCHER] flg=0x10008000 cmp=com.shareconnect/.MainActivity }, activity.getIntent()=Intent { act=android.intent.action.MAIN cat=[android.intent.category.LAUNCHER] flg=0x10000000 cmp=com.shareconnect/androidx.test.core.app.InstrumentationActivityInvoker$EmptyActivity }, activity=androidx.test.core.app.InstrumentationActivityInvoker$EmptyActivity@f463ef8
09-23 18:18:12.636 17293 17293 V Console : Activity lifecycle :: POST-RESUMED :: EmptyActivity
09-23 18:18:12.637 17293 17386 W Parcel  : Expecting binder but got null!
09-23 18:18:12.661 17293 17386 E OpenGLRenderer: Unable to match the desired swap behavior.
09-23 18:18:12.668   488   503 I ActivityTaskManager: Displayed com.shareconnect/androidx.test.core.app.InstrumentationActivityInvoker$EmptyActivity: +55ms
09-23 18:18:12.677 17293 17293 V Console : Activity lifecycle :: PRE-DESTROYED :: MainActivity
09-23 18:18:12.678 17293 17293 V Console : Activity lifecycle :: DESTROYED :: MainActivity
09-23 18:18:12.680 17293 17293 D LifecycleMonitor: Lifecycle status change: com.shareconnect.MainActivity@91d8d1e in: DESTROYED
09-23 18:18:12.680 17293 17386 D EGL_emulation: app_time_stats: avg=199.98ms min=0.68ms max=3222.57ms count=17
09-23 18:18:12.680 17293 17293 V ActivityScenario: Update currentActivityStage to DESTROYED, currentActivity=null
09-23 18:18:12.682   488   502 W InputManager-JNI: Input channel object 'ecaf5b7 com.shareconnect/com.shareconnect.MainActivity (client)' was disposed without first being removed with the input manager!
09-23 18:18:12.684 17293 17293 V Console : Activity lifecycle :: PRE-STOPPED :: SettingsActivity
09-23 18:18:12.686 17293 17293 V Console : Activity lifecycle :: STOPPED :: SettingsActivity
09-23 18:18:12.686 17293 17293 D LifecycleMonitor: Lifecycle status change: com.shareconnect.SettingsActivity@274fa60 in: STOPPED
09-23 18:18:12.686 17293 17293 V ActivityScenario: Activity lifecycle changed event received but ignored because the intent does not match. startActivityIntent=Intent { act=android.intent.action.MAIN cat=[android.intent.category.LAUNCHER] flg=0x10008000 cmp=com.shareconnect/.MainActivity }, activity.getIntent()=Intent { cmp=com.shareconnect/.SettingsActivity (has extras) }, activity=com.shareconnect.SettingsActivity@274fa60
09-23 18:18:12.686 17293 17293 V Console : Activity lifecycle :: POST-STOPPED :: SettingsActivity
09-23 18:18:12.695 11811 11811 I GoogleInputMethodService: GoogleInputMethodService.onFinishInput():3227
09-23 18:18:12.695 11811 11811 I GoogleInputMethodService: GoogleInputMethodService.updateDeviceLockedStatus():2087 repeatCheckTimes = 0, unlocked = true
09-23 18:18:12.695 11811 11811 I GoogleInputMethodService: GoogleInputMethodService.onStartInput():1877 onStartInput(EditorInfo{inputType=0x0(NULL) imeOptions=0x0 privateImeOptions=null actionName=UNSPECIFIED actionLabel=null actionId=0 initialSelStart=-1 initialSelEnd=-1 initialCapsMode=0x0 hintText=null label=null packageName=com.shareconnect fieldId=-1 fieldName=null extras=null}, false)
09-23 18:18:12.695 11811 11811 I GoogleInputMethodService: GoogleInputMethodService.shouldHideHeaderOnInitialState():4008 ShouldHideHeaderOnInitialState = false
09-23 18:18:12.695 17293 17370 E TestRunner: failed: testFabAddButtonClick(com.shareconnect.activities.MainActivityInstrumentationTest)
09-23 18:18:12.695 11811 11811 I GoogleInputMethodService: GoogleInputMethodService.updateDeviceLockedStatus():2087 repeatCheckTimes = 2, unlocked = true
09-23 18:18:12.696 17293 17370 E TestRunner: ----- begin exception -----
09-23 18:18:12.696 17293 17370 E TestRunner: java.lang.NoClassDefFoundError: Failed resolution of: Lorg/hamcrest/Matchers;
09-23 18:18:12.696 17293 17370 E TestRunner: 	at androidx.test.espresso.matcher.ViewMatchers.withId(ViewMatchers.java:1)
09-23 18:18:12.696 17293 17370 E TestRunner: 	at com.shareconnect.activities.MainActivityInstrumentationTest.testFabAddButtonClick(MainActivityInstrumentationTest.kt:89)
09-23 18:18:12.696 17293 17370 E TestRunner: 	at java.lang.reflect.Method.invoke(Native Method)
09-23 18:18:12.696 17293 17370 E TestRunner: 	at org.junit.runners.model.FrameworkMethod$1.runReflectiveCall(FrameworkMethod.java:59)
09-23 18:18:12.696 17293 17370 E TestRunner: 	at org.junit.internal.runners.model.ReflectiveCallable.run(ReflectiveCallable.java:12)
09-23 18:18:12.696 17293 17370 E TestRunner: 	at org.junit.runners.model.FrameworkMethod.invokeExplosively(FrameworkMethod.java:56)
09-23 18:18:12.696 17293 17370 E TestRunner: 	at org.junit.internal.runners.statements.InvokeMethod.evaluate(InvokeMethod.java:17)
09-23 18:18:12.696 17293 17370 E TestRunner: 	at androidx.test.internal.runner.junit4.statement.RunBefores.evaluate(RunBefores.java:80)
09-23 18:18:12.696 17293 17370 E TestRunner: 	at androidx.test.internal.runner.junit4.statement.RunAfters.evaluate(RunAfters.java:61)
09-23 18:18:12.696 17293 17370 E TestRunner: 	at androidx.test.rule.ActivityTestRule$ActivityStatement.evaluate(ActivityTestRule.java:522)
09-23 18:18:12.696 17293 17370 E TestRunner: 	at org.junit.runners.ParentRunner$3.evaluate(ParentRunner.java:306)
09-23 18:18:12.696 17293 17370 E TestRunner: 	at org.junit.runners.BlockJUnit4ClassRunner$1.evaluate(BlockJUnit4ClassRunner.java:100)
09-23 18:18:12.696 17293 17370 E TestRunner: 	at org.junit.runners.ParentRunner.runLeaf(ParentRunner.java:366)
09-23 18:18:12.696 17293 17370 E TestRunner: 	at org.junit.runners.BlockJUnit4ClassRunner.runChild(BlockJUnit4ClassRunner.java:103)
09-23 18:18:12.696 17293 17370 E TestRunner: 	at org.junit.runners.BlockJUnit4ClassRunner.runChild(BlockJUnit4ClassRunner.java:63)
09-23 18:18:12.696 17293 17370 E TestRunner: 	at org.junit.runners.ParentRunner$4.run(ParentRunner.java:331)
09-23 18:18:12.696 17293 17370 E TestRunner: 	at org.junit.runners.ParentRunner$1.schedule(ParentRunner.java:79)
09-23 18:18:12.696 17293 17370 E TestRunner: 	at org.junit.runners.ParentRunner.runChildren(ParentRunner.java:329)
09-23 18:18:12.696 17293 17370 E TestRunner: 	at org.junit.runners.ParentRunner.access$100(ParentRunner.java:66)
09-23 18:18:12.696 17293 17370 E TestRunner: 	at org.junit.runners.ParentRunner$2.evaluate(ParentRunner.java:293)
09-23 18:18:12.696 17293 17370 E TestRunner: 	at org.junit.runners.ParentRunner$3.evaluate(ParentRunner.java:306)
09-23 18:18:12.696 17293 17370 E TestRunner: 	at org.junit.runners.ParentRunner.run(ParentRunner.java:413)
09-23 18:18:12.696 17293 17370 E TestRunner: 	at androidx.test.ext.junit.runners.AndroidJUnit4.run(AndroidJUnit4.java:162)
09-23 18:18:12.696 17293 17370 E TestRunner: 	at org.junit.runners.Suite.runChild(Suite.java:128)
09-23 18:18:12.696 17293 17370 E TestRunner: 	at org.junit.runners.Suite.runChild(Suite.java:27)
09-23 18:18:12.696 17293 17370 E TestRunner: 	at org.junit.runners.ParentRunner$4.run(ParentRunner.java:331)
09-23 18:18:12.696 17293 17370 E TestRunner: 	at org.junit.runners.ParentRunner$1.schedule(ParentRunner.java:79)
09-23 18:18:12.696 17293 17370 E TestRunner: 	at org.junit.runners.ParentRunner.runChildren(ParentRunner.java:329)
09-23 18:18:12.696 17293 17370 E TestRunner: 	at org.junit.runners.ParentRunner.access$100(ParentRunner.java:66)
09-23 18:18:12.696 17293 17370 E TestRunner: 	at org.junit.runners.ParentRunner$2.evaluate(ParentRunner.java:293)
09-23 18:18:12.696 17293 17370 E TestRunner: 	at org.junit.runners.ParentRunner$3.evaluate(ParentRunner.java:306)
09-23 18:18:12.696 17293 17370 E TestRunner: 	at org.junit.runners.ParentRunner.run(ParentRunner.java:413)
09-23 18:18:12.696 17293 17370 E TestRunner: 	at org.junit.runners.Suite.runChild(Suite.java:128)
09-23 18:18:12.696 17293 17370 E TestRunner: 	at org.junit.runners.Suite.runChild(Suite.java:27)
09-23 18:18:12.696 17293 17370 E TestRunner: 	at org.junit.runners.ParentRunner$4.run(ParentRunner.java:331)
09-23 18:18:12.696 17293 17370 E TestRunner: 	at org.junit.runners.ParentRunner$1.schedule(ParentRunner.java:79)
09-23 18:18:12.696 17293 17370 E TestRunner: 	at org.junit.runners.ParentRunner.runChildren(ParentRunner.java:329)
09-23 18:18:12.696 17293 17370 E TestRunner: 	at org.junit.runners.ParentRunner.access$100(ParentRunner.java:66)
09-23 18:18:12.696 17293 17370 E TestRunner: 	at org.junit.runners.ParentRunner$2.evaluate(ParentRunner.java:293)
09-23 18:18:12.696 17293 17370 E TestRunner: 	at org.junit.runners.ParentRunner$3.evaluate(ParentRunner.java:306)
09-23 18:18:12.696 17293 17370 E TestRunner: 	at org.junit.runners.ParentRunner.run(ParentRunner.java:413)
09-23 18:18:12.696 17293 17370 E TestRunner: 	at org.junit.runner.JUnitCore.run(JUnitCore.java:137)
09-23 18:18:12.696 17293 17370 E TestRunner: 	at org.junit.runner.JUnitCore.run(JUnitCore.java:115)
09-23 18:18:12.696 17293 17370 E TestRunner: 	at androidx.test.internal.runner.TestExecutor.execute(TestExecutor.java:68)
09-23 18:18:12.696 17293 17370 E TestRunner: 	at androidx.test.internal.runner.TestExecutor.execute(TestExecutor.java:59)
09-23 18:18:12.696 17293 17370 E TestRunner: 	at androidx.test.runner.AndroidJUnitRunner.onStart(AndroidJUnitRunner.java:463)
09-23 18:18:12.696 17293 17370 E TestRunner: 	at android.app.Instrumentation$InstrumentationThread.run(Instrumentation.java:2361)
09-23 18:18:12.696 17293 17370 E TestRunner: Caused by: java.lang.ClassNotFoundException: Didn't find class "org.hamcrest.Matchers" on path: DexPathList[[zip file "/system/framework/android.test.runner.jar", zip file "/system/framework/android.test.mock.jar", zip file "/system/framework/android.test.base.jar", zip file "/data/app/~~EY2JRd0t-prCVNzEIntACQ==/com.shareconnect.test-mhfFQ_M8O7SEugdeZhJoEA==/base.apk", zip file "/data/app/~~G-kfL5nj0oNF6JbwT3gClg==/com.shareconnect-kmovnR8A3kHYD3ju2YodYg==/base.apk"],nativeLibraryDirectories=[/data/app/~~EY2JRd0t-prCVNzEIntACQ==/com.shareconnect.test-mhfFQ_M8O7SEugdeZhJoEA==/lib/arm64, /data/app/~~G-kfL5nj0oNF6JbwT3gClg==/com.shareconnect-kmovnR8A3kHYD3ju2YodYg==/lib/arm64, /data/app/~~EY2JRd0t-prCVNzEIntACQ==/com.shareconnect.test-mhfFQ_M8O7SEugdeZhJoEA==/base.apk!/lib/arm64-v8a, /data/app/~~G-kfL5nj0oNF6JbwT3gClg==/com.shareconnect-kmovnR8A3kHYD3ju2YodYg==/base.apk!/lib/arm64-v8a, /system/lib64, /system_ext/lib64]]
09-23 18:18:12.696 17293 17370 E TestRunner: 	at dalvik.system.BaseDexClassLoader.findClass(BaseDexClassLoader.java:259)
09-23 18:18:12.696 17293 17370 E TestRunner: 	at java.lang.ClassLoader.loadClass(ClassLoader.java:379)
09-23 18:18:12.696 17293 17370 E TestRunner: 	at java.lang.ClassLoader.loadClass(ClassLoader.java:312)
09-23 18:18:12.696 17293 17370 E TestRunner: 	... 47 more
09-23 18:18:12.696 17293 17370 E TestRunner: ----- end exception -----
09-23 18:18:12.697 17293 17370 I TestRunner: finished: testFabAddButtonClick(com.shareconnect.activities.MainActivityInstrumentationTest)
