09-23 18:04:01.022 13465 13542 I TestRunner: started: testCompleteFirstRunFlow(com.shareconnect.automation.FullAppFlowAutomationTest)
09-23 18:04:01.025 13465 13542 W Settings: Setting always_finish_activities has moved from android.provider.Settings.System to android.provider.Settings.Global, returning read-only value.
09-23 18:04:01.030   779   868 W Parcel  : Expecting binder but got null!
09-23 18:04:01.034 13465 13997 V Console : Foreground activity counter :: AtomicIntWrapper :: 12312792 :: 227589169 :: Value of: 0
09-23 18:04:01.034 13465 13997 I Console : Activity lifecycle :: Main state :: Background
09-23 18:04:01.037 13465 13465 D LifecycleMonitor: Lifecycle status change: com.shareconnect.MainActivity@b0d9d8d in: PRE_ON_CREATE
09-23 18:04:01.037 13465 13465 V ActivityScenario: Activity lifecycle changed event received but ignored because the reported transition was not ON_CREATE while the last known transition was PRE_ON_CREATE
09-23 18:04:01.037 13465 13465 D Console : getDefaultTheme() returned: Warm Orange Light (ID: 1, isDefault: true)
09-23 18:04:01.037 13465 13465 D Console : getDefaultTheme() returned: Warm Orange Light (ID: 1, isDefault: true)
09-23 18:04:01.038 13465 13465 D Console : Applying theme: Warm Orange Light, colorScheme: warm_orange, isDarkMode: false, currentTheme: WARM_ORANGE_LIGHT
09-23 18:04:01.038 13465 13465 D Console : Activity MainActivity usesToolbar: true
09-23 18:04:01.038 13465 13465 D Console : Setting night mode to NO
09-23 18:04:01.046   779   868 E OpenGLRenderer: Unable to match the desired swap behavior.
09-23 18:04:01.049 13465 13465 D LifecycleMonitor: Lifecycle status change: com.shareconnect.MainActivity@b0d9d8d in: CREATED
09-23 18:04:01.049 13465 13465 V ActivityScenario: Update currentActivityStage to CREATED, currentActivity=com.shareconnect.MainActivity@b0d9d8d
09-23 18:04:01.050 13465 13465 D LifecycleMonitor: Lifecycle status change: com.shareconnect.MainActivity@b0d9d8d in: STARTED
09-23 18:04:01.050 13465 13465 V ActivityScenario: Update currentActivityStage to STARTED, currentActivity=com.shareconnect.MainActivity@b0d9d8d
09-23 18:04:01.052 13465 13465 D FirebaseSessions: App foregrounded on com.shareconnect
09-23 18:04:01.054 13465 13465 V Console : Activity lifecycle :: RESUMED :: MainActivity
09-23 18:04:01.054 13465 13465 V Console : Foreground activity counter :: AtomicIntWrapper :: 12312792 :: 227589169 :: Value of: 0
09-23 18:04:01.054 13465 13465 I Console : Activity lifecycle :: Main state :: Foreground
09-23 18:04:01.054 13465 13465 V Console : Foreground activity counter :: AtomicIntWrapper :: 12312792 :: 227589169 :: Incremented to: 1
09-23 18:04:01.055 13465 13465 D Console : hasThemeChanged() returned: false
09-23 18:04:01.055 13465 13465 D Console : onResume() called, themeChanged: false
09-23 18:04:01.055 13465 13465 D LifecycleMonitor: Lifecycle status change: com.shareconnect.MainActivity@b0d9d8d in: RESUMED
09-23 18:04:01.055 13465 13465 V ActivityScenario: Update currentActivityStage to RESUMED, currentActivity=com.shareconnect.MainActivity@b0d9d8d
09-23 18:04:01.056 13465 13465 V Console : Activity lifecycle :: POST-RESUMED :: MainActivity
09-23 18:04:01.061 13465 13562 W Parcel  : Expecting binder but got null!
09-23 18:04:01.064 13465 13465 V Console : Activity lifecycle :: PRE-PAUSED :: MainActivity
09-23 18:04:01.064 13465 13465 D Console : Activity lifecycle :: Top activity: MainActivity
09-23 18:04:01.064 13465 13465 D FirebaseSessions: App backgrounded on com.shareconnect
09-23 18:04:01.066 13465 13465 V Console : Activity lifecycle :: PAUSED :: MainActivity
09-23 18:04:01.066 13465 13465 V Console : Foreground activity counter :: AtomicIntWrapper :: 12312792 :: 227589169 :: Decremented to: 0
09-23 18:04:01.066 13465 13465 D LifecycleMonitor: Lifecycle status change: com.shareconnect.MainActivity@b0d9d8d in: PAUSED
09-23 18:04:01.067 13465 13465 V ActivityScenario: Update currentActivityStage to PAUSED, currentActivity=com.shareconnect.MainActivity@b0d9d8d
09-23 18:04:01.084 13465 13562 E OpenGLRenderer: Unable to match the desired swap behavior.
09-23 18:04:01.090 13465 13465 D LifecycleMonitor: Lifecycle status change: com.shareconnect.SettingsActivity@433279e in: PRE_ON_CREATE
09-23 18:04:01.091 13465 13465 V ActivityScenario: Activity lifecycle changed event received but ignored because the intent does not match. startActivityIntent=Intent { act=android.intent.action.MAIN cat=[android.intent.category.LAUNCHER] flg=0x10008000 cmp=com.shareconnect/.MainActivity }, activity.getIntent()=Intent { cmp=com.shareconnect/.SettingsActivity (has extras) }, activity=com.shareconnect.SettingsActivity@433279e
09-23 18:04:01.092 13465 13465 D Console : getDefaultTheme() returned: Warm Orange Light (ID: 1, isDefault: true)
09-23 18:04:01.092 13465 13465 D Console : getDefaultTheme() returned: Warm Orange Light (ID: 1, isDefault: true)
09-23 18:04:01.092 13465 13465 D Console : Applying theme: Warm Orange Light, colorScheme: warm_orange, isDarkMode: false, currentTheme: WARM_ORANGE_LIGHT
09-23 18:04:01.092 13465 13465 D Console : Activity SettingsActivity usesToolbar: true
09-23 18:04:01.093 13465 13465 D Console : Setting night mode to NO
09-23 18:04:01.096 13465 13465 D LifecycleMonitor: Lifecycle status change: com.shareconnect.SettingsActivity@433279e in: CREATED
09-23 18:04:01.096 13465 13465 V ActivityScenario: Activity lifecycle changed event received but ignored because the intent does not match. startActivityIntent=Intent { act=android.intent.action.MAIN cat=[android.intent.category.LAUNCHER] flg=0x10008000 cmp=com.shareconnect/.MainActivity }, activity.getIntent()=Intent { cmp=com.shareconnect/.SettingsActivity (has extras) }, activity=com.shareconnect.SettingsActivity@433279e
09-23 18:04:01.098 13465 13465 D LifecycleMonitor: Lifecycle status change: com.shareconnect.SettingsActivity@433279e in: STARTED
09-23 18:04:01.098 13465 13465 V ActivityScenario: Activity lifecycle changed event received but ignored because the intent does not match. startActivityIntent=Intent { act=android.intent.action.MAIN cat=[android.intent.category.LAUNCHER] flg=0x10008000 cmp=com.shareconnect/.MainActivity }, activity.getIntent()=Intent { cmp=com.shareconnect/.SettingsActivity (has extras) }, activity=com.shareconnect.SettingsActivity@433279e
09-23 18:04:01.099 13465 13465 D FirebaseSessions: App foregrounded on com.shareconnect
09-23 18:04:01.101 13465 13465 V Console : Activity lifecycle :: RESUMED :: SettingsActivity
09-23 18:04:01.101 13465 13465 V Console : Foreground activity counter :: AtomicIntWrapper :: 12312792 :: 227589169 :: Value of: 0
09-23 18:04:01.101 13465 13465 I Console : Activity lifecycle :: Main state :: Foreground
09-23 18:04:01.101 13465 13465 V Console : Foreground activity counter :: AtomicIntWrapper :: 12312792 :: 227589169 :: Incremented to: 1
09-23 18:04:01.101 13465 13465 D LifecycleMonitor: Lifecycle status change: com.shareconnect.SettingsActivity@433279e in: RESUMED
09-23 18:04:01.101 13465 13465 V ActivityScenario: Activity lifecycle changed event received but ignored because the intent does not match. startActivityIntent=Intent { act=android.intent.action.MAIN cat=[android.intent.category.LAUNCHER] flg=0x10008000 cmp=com.shareconnect/.MainActivity }, activity.getIntent()=Intent { cmp=com.shareconnect/.SettingsActivity (has extras) }, activity=com.shareconnect.SettingsActivity@433279e
09-23 18:04:01.101 13465 13465 V Console : Activity lifecycle :: POST-RESUMED :: SettingsActivity
09-23 18:04:01.104 13465 13562 W Parcel  : Expecting binder but got null!
09-23 18:04:01.117 13465 13562 E OpenGLRenderer: Unable to match the desired swap behavior.
09-23 18:04:01.125   779   868 D EGL_emulation: app_time_stats: avg=1041.11ms min=1041.11ms max=1041.11ms count=1
09-23 18:04:01.132  1581  1581 I GsaVoiceInteractionSrv: Handling ACTION_STOP_HOTWORD
09-23 18:04:01.133  1581  2154 I HwDetectorWithState: (REDACTED) a: %d
09-23 18:04:01.133   488   503 W ziparchive: Unable to open '/data/app/~~kWNn5P5i1VBCZAn7TalMSA==/com.shareconnect-NEp2ZttYEsfwFJQKiNDPXA==/base.dm': No such file or directory
09-23 18:04:01.134   488   503 I ActivityTaskManager: Displayed com.shareconnect/.SettingsActivity: +106ms
09-23 18:04:01.151 11811 11811 I GoogleInputMethodService: GoogleInputMethodService.onFinishInput():3227
09-23 18:04:01.152 11811 11811 I GoogleInputMethodService: GoogleInputMethodService.updateDeviceLockedStatus():2087 repeatCheckTimes = 0, unlocked = true
09-23 18:04:01.152 11811 11811 I GoogleInputMethodService: GoogleInputMethodService.onStartInput():1877 onStartInput(EditorInfo{inputType=0x0(NULL) imeOptions=0x0 privateImeOptions=null actionName=UNSPECIFIED actionLabel=null actionId=0 initialSelStart=-1 initialSelEnd=-1 initialCapsMode=0x0 hintText=null label=null packageName=com.shareconnect fieldId=2131231190 fieldName=null extras=null}, false)
09-23 18:04:01.152 11811 11811 I GoogleInputMethodService: GoogleInputMethodService.shouldHideHeaderOnInitialState():4008 ShouldHideHeaderOnInitialState = false
09-23 18:04:01.152 11811 11811 I GoogleInputMethodService: GoogleInputMethodService.updateDeviceLockedStatus():2087 repeatCheckTimes = 2, unlocked = true
09-23 18:04:01.360 13465 13465 V Console : Activity lifecycle :: PRE-STOPPED :: MainActivity
09-23 18:04:01.361 13465 13465 V Console : Activity lifecycle :: STOPPED :: MainActivity
09-23 18:04:01.361 13465 13465 D LifecycleMonitor: Lifecycle status change: com.shareconnect.MainActivity@b0d9d8d in: STOPPED
09-23 18:04:01.362 13465 13465 V ActivityScenario: Update currentActivityStage to STOPPED, currentActivity=com.shareconnect.MainActivity@b0d9d8d
09-23 18:04:01.362 13465 13465 V Console : Activity lifecycle :: POST-STOPPED :: MainActivity
09-23 18:04:01.364  1581  2228 I AssistantForeground: (REDACTED) Get launcher package: %s
09-23 18:04:01.380   998  1945 D OneSearchSuggestProvider: Shut down the binder channel
09-23 18:04:01.381   998 13981 I s.nexuslauncher: oneway function results for code 2 on binder at 0xb400007a39466630 will be dropped but finished with status UNKNOWN_TRANSACTION
09-23 18:04:01.427   488   835 W InputManager-JNI: Input channel object 'c768a50 Splash Screen com.shareconnect (client)' was disposed without first being removed with the input manager!
09-23 18:04:01.477   779   850 W FrameTracker: Missed App frame:UNKNOWN: 24, 133697, 25245165, CUJ=J<SPLASHSCREEN_EXIT_ANIM>
09-23 18:04:01.477   779   850 W FrameTracker: Missed SF frame:UNKNOWN: 24, 133697, 25245165, CUJ=J<SPLASHSCREEN_EXIT_ANIM>
09-23 18:04:01.477   779   850 W FrameTracker: Missed SF frame:UNKNOWN: 80, 133754, 19430415, CUJ=J<SPLASHSCREEN_EXIT_ANIM>
09-23 18:04:01.477   779   850 W FrameTracker: Missed SF frame:UNKNOWN: 80, 133797, 19529874, CUJ=J<SPLASHSCREEN_EXIT_ANIM>
09-23 18:04:01.477   779   850 W FrameTracker: Missed SF frame:UNKNOWN: 80, 133826, 21482083, CUJ=J<SPLASHSCREEN_EXIT_ANIM>
09-23 18:04:01.477   779   850 W FrameTracker: Missed SF frame:UNKNOWN: 80, 133869, 18602042, CUJ=J<SPLASHSCREEN_EXIT_ANIM>
09-23 18:04:01.477   779   850 W FrameTracker: Missed SF frame:UNKNOWN: 80, 133912, 19343668, CUJ=J<SPLASHSCREEN_EXIT_ANIM>
09-23 18:04:01.477   779   850 W FrameTracker: Missed SF frame:UNKNOWN: 80, 133948, 18873585, CUJ=J<SPLASHSCREEN_EXIT_ANIM>
09-23 18:04:01.477   779   850 W FrameTracker: Missed SF frame:UNKNOWN: 80, 133970, 18873753, CUJ=J<SPLASHSCREEN_EXIT_ANIM>
09-23 18:04:01.477   779   850 W FrameTracker: Missed SF frame:UNKNOWN: 80, 134013, 18487920, CUJ=J<SPLASHSCREEN_EXIT_ANIM>
09-23 18:04:01.477   779   850 W FrameTracker: Missed SF frame:UNKNOWN: 80, 134049, 18803837, CUJ=J<SPLASHSCREEN_EXIT_ANIM>
09-23 18:04:01.477   779   850 W FrameTracker: Missed SF frame:UNKNOWN: 80, 134071, 20172338, CUJ=J<SPLASHSCREEN_EXIT_ANIM>
09-23 18:04:01.477   779   850 W FrameTracker: Missed SF frame:UNKNOWN: 80, 134100, 20924589, CUJ=J<SPLASHSCREEN_EXIT_ANIM>
09-23 18:04:01.477   779   850 W FrameTracker: Missed SF frame:UNKNOWN: 80, 134122, 18555506, CUJ=J<SPLASHSCREEN_EXIT_ANIM>
09-23 18:04:01.477   779   850 W FrameTracker: Missed SF frame:UNKNOWN: 80, 134151, 21454382, CUJ=J<SPLASHSCREEN_EXIT_ANIM>
09-23 18:04:01.477   779   850 W FrameTracker: Missed SF frame:UNKNOWN: 80, 134180, 0, CUJ=J<SPLASHSCREEN_EXIT_ANIM>
09-23 18:04:01.477   779   850 W FrameTracker: Missing HWUI jank callback for vsyncId: 134180, CUJ=J<SPLASHSCREEN_EXIT_ANIM>
09-23 18:04:01.477   779   850 W FrameTracker: Missed SF frame:UNKNOWN: 80, 134237, 18737425, CUJ=J<SPLASHSCREEN_EXIT_ANIM>
09-23 18:04:01.568 13465 14012 V Console : Foreground activity counter :: AtomicIntWrapper :: 12312792 :: 227589169 :: Value of: 1
09-23 18:04:01.744   779   868 D EGL_emulation: app_time_stats: avg=23.80ms min=1.00ms max=55.89ms count=41
09-23 18:04:02.734 13465 13562 D EGL_emulation: app_time_stats: avg=149.06ms min=0.81ms max=1459.16ms count=10
09-23 18:04:02.809   779   868 D EGL_emulation: app_time_stats: avg=59.03ms min=15.44ms max=164.42ms count=18
09-23 18:04:06.178 13465 13465 V Console : Activity lifecycle :: PRE-PAUSED :: SettingsActivity
09-23 18:04:06.178 13465 13465 D Console : Activity lifecycle :: Top activity: SettingsActivity
09-23 18:04:06.178 13465 13465 D FirebaseSessions: App backgrounded on com.shareconnect
09-23 18:04:06.188 13465 13465 V Console : Activity lifecycle :: PAUSED :: SettingsActivity
09-23 18:04:06.190 13465 13465 V Console : Foreground activity counter :: AtomicIntWrapper :: 12312792 :: 227589169 :: Decremented to: 0
09-23 18:04:06.190 13465 13465 D LifecycleMonitor: Lifecycle status change: com.shareconnect.SettingsActivity@433279e in: PAUSED
09-23 18:04:06.191 13465 13465 V ActivityScenario: Activity lifecycle changed event received but ignored because the intent does not match. startActivityIntent=Intent { act=android.intent.action.MAIN cat=[android.intent.category.LAUNCHER] flg=0x10008000 cmp=com.shareconnect/.MainActivity }, activity.getIntent()=Intent { cmp=com.shareconnect/.SettingsActivity (has extras) }, activity=com.shareconnect.SettingsActivity@433279e
09-23 18:04:06.196 13465 13465 D LifecycleMonitor: Lifecycle status change: androidx.test.core.app.InstrumentationActivityInvoker$EmptyActivity@ff371f6 in: PRE_ON_CREATE
09-23 18:04:06.196 13465 13465 V ActivityScenario: Activity lifecycle changed event received but ignored because the intent does not match. startActivityIntent=Intent { act=android.intent.action.MAIN cat=[android.intent.category.LAUNCHER] flg=0x10008000 cmp=com.shareconnect/.MainActivity }, activity.getIntent()=Intent { act=android.intent.action.MAIN cat=[android.intent.category.LAUNCHER] flg=0x10000000 cmp=com.shareconnect/androidx.test.core.app.InstrumentationActivityInvoker$EmptyActivity }, activity=androidx.test.core.app.InstrumentationActivityInvoker$EmptyActivity@ff371f6
09-23 18:04:06.199 13465 13465 D LifecycleMonitor: Lifecycle status change: androidx.test.core.app.InstrumentationActivityInvoker$EmptyActivity@ff371f6 in: CREATED
09-23 18:04:06.199 13465 13465 V ActivityScenario: Activity lifecycle changed event received but ignored because the intent does not match. startActivityIntent=Intent { act=android.intent.action.MAIN cat=[android.intent.category.LAUNCHER] flg=0x10008000 cmp=com.shareconnect/.MainActivity }, activity.getIntent()=Intent { act=android.intent.action.MAIN cat=[android.intent.category.LAUNCHER] flg=0x10000000 cmp=com.shareconnect/androidx.test.core.app.InstrumentationActivityInvoker$EmptyActivity }, activity=androidx.test.core.app.InstrumentationActivityInvoker$EmptyActivity@ff371f6
09-23 18:04:06.199 13465 13465 D LifecycleMonitor: Lifecycle status change: androidx.test.core.app.InstrumentationActivityInvoker$EmptyActivity@ff371f6 in: STARTED
09-23 18:04:06.200 13465 13465 V ActivityScenario: Activity lifecycle changed event received but ignored because the intent does not match. startActivityIntent=Intent { act=android.intent.action.MAIN cat=[android.intent.category.LAUNCHER] flg=0x10008000 cmp=com.shareconnect/.MainActivity }, activity.getIntent()=Intent { act=android.intent.action.MAIN cat=[android.intent.category.LAUNCHER] flg=0x10000000 cmp=com.shareconnect/androidx.test.core.app.InstrumentationActivityInvoker$EmptyActivity }, activity=androidx.test.core.app.InstrumentationActivityInvoker$EmptyActivity@ff371f6
09-23 18:04:06.200 13465 13465 D FirebaseSessions: App foregrounded on com.shareconnect
09-23 18:04:06.202 13465 13465 V Console : Activity lifecycle :: RESUMED :: EmptyActivity
09-23 18:04:06.203 13465 13465 V Console : Foreground activity counter :: AtomicIntWrapper :: 12312792 :: 227589169 :: Value of: 0
09-23 18:04:06.203 13465 13465 I Console : Activity lifecycle :: Main state :: Foreground
09-23 18:04:06.203 13465 13465 V Console : Foreground activity counter :: AtomicIntWrapper :: 12312792 :: 227589169 :: Incremented to: 1
09-23 18:04:06.204 13465 13465 D LifecycleMonitor: Lifecycle status change: androidx.test.core.app.InstrumentationActivityInvoker$EmptyActivity@ff371f6 in: RESUMED
09-23 18:04:06.204 13465 13465 V ActivityScenario: Activity lifecycle changed event received but ignored because the intent does not match. startActivityIntent=Intent { act=android.intent.action.MAIN cat=[android.intent.category.LAUNCHER] flg=0x10008000 cmp=com.shareconnect/.MainActivity }, activity.getIntent()=Intent { act=android.intent.action.MAIN cat=[android.intent.category.LAUNCHER] flg=0x10000000 cmp=com.shareconnect/androidx.test.core.app.InstrumentationActivityInvoker$EmptyActivity }, activity=androidx.test.core.app.InstrumentationActivityInvoker$EmptyActivity@ff371f6
09-23 18:04:06.204 13465 13465 V Console : Activity lifecycle :: POST-RESUMED :: EmptyActivity
09-23 18:04:06.206 13465 13562 W Parcel  : Expecting binder but got null!
09-23 18:04:06.229 13465 13562 E OpenGLRenderer: Unable to match the desired swap behavior.
09-23 18:04:06.236   488   503 I ActivityTaskManager: Displayed com.shareconnect/androidx.test.core.app.InstrumentationActivityInvoker$EmptyActivity: +68ms
09-23 18:04:06.239 13465 13465 V Console : Activity lifecycle :: PRE-DESTROYED :: MainActivity
09-23 18:04:06.242 13465 13465 V Console : Activity lifecycle :: DESTROYED :: MainActivity
09-23 18:04:06.242 13465 13465 D LifecycleMonitor: Lifecycle status change: com.shareconnect.MainActivity@b0d9d8d in: DESTROYED
09-23 18:04:06.242 13465 13465 V ActivityScenario: Update currentActivityStage to DESTROYED, currentActivity=null
09-23 18:04:06.243   488  2245 W InputManager-JNI: Input channel object '3d3dc26 com.shareconnect/com.shareconnect.MainActivity (client)' was disposed without first being removed with the input manager!
09-23 18:04:06.248 13465 13465 V Console : Activity lifecycle :: PRE-STOPPED :: SettingsActivity
09-23 18:04:06.249 13465 13465 V Console : Activity lifecycle :: STOPPED :: SettingsActivity
09-23 18:04:06.250 13465 13465 D LifecycleMonitor: Lifecycle status change: com.shareconnect.SettingsActivity@433279e in: STOPPED
09-23 18:04:06.250 13465 13465 V ActivityScenario: Activity lifecycle changed event received but ignored because the intent does not match. startActivityIntent=Intent { act=android.intent.action.MAIN cat=[android.intent.category.LAUNCHER] flg=0x10008000 cmp=com.shareconnect/.MainActivity }, activity.getIntent()=Intent { cmp=com.shareconnect/.SettingsActivity (has extras) }, activity=com.shareconnect.SettingsActivity@433279e
09-23 18:04:06.250 13465 13465 V Console : Activity lifecycle :: POST-STOPPED :: SettingsActivity
09-23 18:04:06.255 11811 11811 I GoogleInputMethodService: GoogleInputMethodService.onFinishInput():3227
09-23 18:04:06.255 11811 11811 I GoogleInputMethodService: GoogleInputMethodService.updateDeviceLockedStatus():2087 repeatCheckTimes = 0, unlocked = true
09-23 18:04:06.256 11811 11811 I GoogleInputMethodService: GoogleInputMethodService.onStartInput():1877 onStartInput(EditorInfo{inputType=0x0(NULL) imeOptions=0x0 privateImeOptions=null actionName=UNSPECIFIED actionLabel=null actionId=0 initialSelStart=-1 initialSelEnd=-1 initialCapsMode=0x0 hintText=null label=null packageName=com.shareconnect fieldId=-1 fieldName=null extras=null}, false)
09-23 18:04:06.256 11811 11811 I GoogleInputMethodService: GoogleInputMethodService.shouldHideHeaderOnInitialState():4008 ShouldHideHeaderOnInitialState = false
09-23 18:04:06.256 11811 11811 I GoogleInputMethodService: GoogleInputMethodService.updateDeviceLockedStatus():2087 repeatCheckTimes = 2, unlocked = true
09-23 18:04:06.260 13465 13542 E TestRunner: failed: testCompleteFirstRunFlow(com.shareconnect.automation.FullAppFlowAutomationTest)
09-23 18:04:06.261 13465 13542 E TestRunner: ----- begin exception -----
09-23 18:04:06.261 13465 13542 E TestRunner: java.lang.NoClassDefFoundError: Failed resolution of: Lorg/hamcrest/Matchers;
09-23 18:04:06.261 13465 13542 E TestRunner: 	at androidx.test.espresso.matcher.ViewMatchers.withId(ViewMatchers.java:1)
09-23 18:04:06.261 13465 13542 E TestRunner: 	at com.shareconnect.automation.FullAppFlowAutomationTest.testCompleteFirstRunFlow(FullAppFlowAutomationTest.kt:40)
09-23 18:04:06.261 13465 13542 E TestRunner: 	at java.lang.reflect.Method.invoke(Native Method)
09-23 18:04:06.261 13465 13542 E TestRunner: 	at org.junit.runners.model.FrameworkMethod$1.runReflectiveCall(FrameworkMethod.java:59)
09-23 18:04:06.261 13465 13542 E TestRunner: 	at org.junit.internal.runners.model.ReflectiveCallable.run(ReflectiveCallable.java:12)
09-23 18:04:06.261 13465 13542 E TestRunner: 	at org.junit.runners.model.FrameworkMethod.invokeExplosively(FrameworkMethod.java:56)
09-23 18:04:06.261 13465 13542 E TestRunner: 	at org.junit.internal.runners.statements.InvokeMethod.evaluate(InvokeMethod.java:17)
09-23 18:04:06.261 13465 13542 E TestRunner: 	at androidx.test.internal.runner.junit4.statement.RunBefores.evaluate(RunBefores.java:80)
09-23 18:04:06.261 13465 13542 E TestRunner: 	at androidx.test.internal.runner.junit4.statement.RunAfters.evaluate(RunAfters.java:61)
09-23 18:04:06.261 13465 13542 E TestRunner: 	at org.junit.runners.ParentRunner$3.evaluate(ParentRunner.java:306)
09-23 18:04:06.261 13465 13542 E TestRunner: 	at org.junit.runners.BlockJUnit4ClassRunner$1.evaluate(BlockJUnit4ClassRunner.java:100)
09-23 18:04:06.261 13465 13542 E TestRunner: 	at org.junit.runners.ParentRunner.runLeaf(ParentRunner.java:366)
09-23 18:04:06.261 13465 13542 E TestRunner: 	at org.junit.runners.BlockJUnit4ClassRunner.runChild(BlockJUnit4ClassRunner.java:103)
09-23 18:04:06.261 13465 13542 E TestRunner: 	at org.junit.runners.BlockJUnit4ClassRunner.runChild(BlockJUnit4ClassRunner.java:63)
09-23 18:04:06.261 13465 13542 E TestRunner: 	at org.junit.runners.ParentRunner$4.run(ParentRunner.java:331)
09-23 18:04:06.261 13465 13542 E TestRunner: 	at org.junit.runners.ParentRunner$1.schedule(ParentRunner.java:79)
09-23 18:04:06.261 13465 13542 E TestRunner: 	at org.junit.runners.ParentRunner.runChildren(ParentRunner.java:329)
09-23 18:04:06.261 13465 13542 E TestRunner: 	at org.junit.runners.ParentRunner.access$100(ParentRunner.java:66)
09-23 18:04:06.261 13465 13542 E TestRunner: 	at org.junit.runners.ParentRunner$2.evaluate(ParentRunner.java:293)
09-23 18:04:06.261 13465 13542 E TestRunner: 	at org.junit.runners.ParentRunner$3.evaluate(ParentRunner.java:306)
09-23 18:04:06.261 13465 13542 E TestRunner: 	at org.junit.runners.ParentRunner.run(ParentRunner.java:413)
09-23 18:04:06.261 13465 13542 E TestRunner: 	at androidx.test.ext.junit.runners.AndroidJUnit4.run(AndroidJUnit4.java:162)
09-23 18:04:06.261 13465 13542 E TestRunner: 	at org.junit.runners.Suite.runChild(Suite.java:128)
09-23 18:04:06.261 13465 13542 E TestRunner: 	at org.junit.runners.Suite.runChild(Suite.java:27)
09-23 18:04:06.261 13465 13542 E TestRunner: 	at org.junit.runners.ParentRunner$4.run(ParentRunner.java:331)
09-23 18:04:06.261 13465 13542 E TestRunner: 	at org.junit.runners.ParentRunner$1.schedule(ParentRunner.java:79)
09-23 18:04:06.261 13465 13542 E TestRunner: 	at org.junit.runners.ParentRunner.runChildren(ParentRunner.java:329)
09-23 18:04:06.261 13465 13542 E TestRunner: 	at org.junit.runners.ParentRunner.access$100(ParentRunner.java:66)
09-23 18:04:06.261 13465 13542 E TestRunner: 	at org.junit.runners.ParentRunner$2.evaluate(ParentRunner.java:293)
09-23 18:04:06.261 13465 13542 E TestRunner: 	at org.junit.runners.ParentRunner$3.evaluate(ParentRunner.java:306)
09-23 18:04:06.261 13465 13542 E TestRunner: 	at org.junit.runners.ParentRunner.run(ParentRunner.java:413)
09-23 18:04:06.261 13465 13542 E TestRunner: 	at org.junit.runners.Suite.runChild(Suite.java:128)
09-23 18:04:06.261 13465 13542 E TestRunner: 	at org.junit.runners.Suite.runChild(Suite.java:27)
09-23 18:04:06.261 13465 13542 E TestRunner: 	at org.junit.runners.ParentRunner$4.run(ParentRunner.java:331)
09-23 18:04:06.261 13465 13542 E TestRunner: 	at org.junit.runners.ParentRunner$1.schedule(ParentRunner.java:79)
09-23 18:04:06.261 13465 13542 E TestRunner: 	at org.junit.runners.ParentRunner.runChildren(ParentRunner.java:329)
09-23 18:04:06.261 13465 13542 E TestRunner: 	at org.junit.runners.ParentRunner.access$100(ParentRunner.java:66)
09-23 18:04:06.261 13465 13542 E TestRunner: 	at org.junit.runners.ParentRunner$2.evaluate(ParentRunner.java:293)
09-23 18:04:06.261 13465 13542 E TestRunner: 	at org.junit.runners.ParentRunner$3.evaluate(ParentRunner.java:306)
09-23 18:04:06.261 13465 13542 E TestRunner: 	at org.junit.runners.ParentRunner.run(ParentRunner.java:413)
09-23 18:04:06.261 13465 13542 E TestRunner: 	at org.junit.runner.JUnitCore.run(JUnitCore.java:137)
09-23 18:04:06.261 13465 13542 E TestRunner: 	at org.junit.runner.JUnitCore.run(JUnitCore.java:115)
09-23 18:04:06.261 13465 13542 E TestRunner: 	at androidx.test.internal.runner.TestExecutor.execute(TestExecutor.java:68)
09-23 18:04:06.261 13465 13542 E TestRunner: 	at androidx.test.internal.runner.TestExecutor.execute(TestExecutor.java:59)
09-23 18:04:06.261 13465 13542 E TestRunner: 	at androidx.test.runner.AndroidJUnitRunner.onStart(AndroidJUnitRunner.java:463)
09-23 18:04:06.261 13465 13542 E TestRunner: 	at android.app.Instrumentation$InstrumentationThread.run(Instrumentation.java:2361)
09-23 18:04:06.261 13465 13542 E TestRunner: Caused by: java.lang.ClassNotFoundException: Didn't find class "org.hamcrest.Matchers" on path: DexPathList[[zip file "/system/framework/android.test.runner.jar", zip file "/system/framework/android.test.mock.jar", zip file "/system/framework/android.test.base.jar", zip file "/data/app/~~tgPGD1IvZyVihJ5WEriGpw==/com.shareconnect.test-KRYtWayfc-BAIa-BFJT_mw==/base.apk", zip file "/data/app/~~kWNn5P5i1VBCZAn7TalMSA==/com.shareconnect-NEp2ZttYEsfwFJQKiNDPXA==/base.apk"],nativeLibraryDirectories=[/data/app/~~tgPGD1IvZyVihJ5WEriGpw==/com.shareconnect.test-KRYtWayfc-BAIa-BFJT_mw==/lib/arm64, /data/app/~~kWNn5P5i1VBCZAn7TalMSA==/com.shareconnect-NEp2ZttYEsfwFJQKiNDPXA==/lib/arm64, /data/app/~~tgPGD1IvZyVihJ5WEriGpw==/com.shareconnect.test-KRYtWayfc-BAIa-BFJT_mw==/base.apk!/lib/arm64-v8a, /data/app/~~kWNn5P5i1VBCZAn7TalMSA==/com.shareconnect-NEp2ZttYEsfwFJQKiNDPXA==/base.apk!/lib/arm64-v8a, /system/lib64, /system_ext/lib64]]
09-23 18:04:06.261 13465 13542 E TestRunner: 	at dalvik.system.BaseDexClassLoader.findClass(BaseDexClassLoader.java:259)
09-23 18:04:06.261 13465 13542 E TestRunner: 	at java.lang.ClassLoader.loadClass(ClassLoader.java:379)
09-23 18:04:06.261 13465 13542 E TestRunner: 	at java.lang.ClassLoader.loadClass(ClassLoader.java:312)
09-23 18:04:06.261 13465 13542 E TestRunner: 	... 46 more
09-23 18:04:06.261 13465 13542 E TestRunner: ----- end exception -----
09-23 18:04:06.261 13465 13542 I TestRunner: finished: testCompleteFirstRunFlow(com.shareconnect.automation.FullAppFlowAutomationTest)
