09-23 18:04:12.442 13465 13542 I TestRunner: started: testCompleteHistoryFlow(com.shareconnect.automation.FullAppFlowAutomationTest)
09-23 18:04:12.445 13465 13542 W Settings: Setting always_finish_activities has moved from android.provider.Settings.System to android.provider.Settings.Global, returning read-only value.
09-23 18:04:12.451   779   868 W Parcel  : Expecting binder but got null!
09-23 18:04:12.459 13465 13465 D LifecycleMonitor: Lifecycle status change: com.shareconnect.MainActivity@708f46d in: PRE_ON_CREATE
09-23 18:04:12.460 13465 13465 V ActivityScenario: Activity lifecycle changed event received but ignored because the reported transition was not ON_CREATE while the last known transition was PRE_ON_CREATE
09-23 18:04:12.460   779   868 E OpenGLRenderer: Unable to match the desired swap behavior.
09-23 18:04:12.470 13465 13465 D Console : getDefaultTheme() returned: Warm Orange Light (ID: 1, isDefault: true)
09-23 18:04:12.471 13465 13465 D Console : getDefaultTheme() returned: Warm Orange Light (ID: 1, isDefault: true)
09-23 18:04:12.471 13465 13465 D Console : Applying theme: Warm Orange Light, colorScheme: warm_orange, isDarkMode: false, currentTheme: WARM_ORANGE_LIGHT
09-23 18:04:12.471 13465 13465 D Console : Activity MainActivity usesToolbar: true
09-23 18:04:12.478 13465 13465 D Console : Setting night mode to NO
09-23 18:04:12.486 13465 13465 D LifecycleMonitor: Lifecycle status change: com.shareconnect.MainActivity@708f46d in: CREATED
09-23 18:04:12.486 13465 13465 V ActivityScenario: Update currentActivityStage to CREATED, currentActivity=com.shareconnect.MainActivity@708f46d
09-23 18:04:12.487 13465 13465 D LifecycleMonitor: Lifecycle status change: com.shareconnect.MainActivity@708f46d in: STARTED
09-23 18:04:12.487 13465 13465 V ActivityScenario: Update currentActivityStage to STARTED, currentActivity=com.shareconnect.MainActivity@708f46d
09-23 18:04:12.488 13465 13465 D FirebaseSessions: App foregrounded on com.shareconnect
09-23 18:04:12.488 13465 14024 V Console : Foreground activity counter :: AtomicIntWrapper :: 12312792 :: 227589169 :: Value of: 0
09-23 18:04:12.489 13465 14024 I Console : Activity lifecycle :: Main state :: Background
09-23 18:04:12.493 13465 13465 V Console : Activity lifecycle :: RESUMED :: MainActivity
09-23 18:04:12.493 13465 13465 V Console : Foreground activity counter :: AtomicIntWrapper :: 12312792 :: 227589169 :: Value of: 0
09-23 18:04:12.493 13465 13465 I Console : Activity lifecycle :: Main state :: Foreground
09-23 18:04:12.493 13465 13465 V Console : Foreground activity counter :: AtomicIntWrapper :: 12312792 :: 227589169 :: Incremented to: 1
09-23 18:04:12.493 13465 13465 D Console : hasThemeChanged() returned: false
09-23 18:04:12.493 13465 13465 D Console : onResume() called, themeChanged: false
09-23 18:04:12.493 13465 13465 D LifecycleMonitor: Lifecycle status change: com.shareconnect.MainActivity@708f46d in: RESUMED
09-23 18:04:12.493 13465 13465 V ActivityScenario: Update currentActivityStage to RESUMED, currentActivity=com.shareconnect.MainActivity@708f46d
09-23 18:04:12.494 13465 13465 V Console : Activity lifecycle :: POST-RESUMED :: MainActivity
09-23 18:04:12.495 13465 13562 W Parcel  : Expecting binder but got null!
09-23 18:04:12.497 13465 13465 V Console : Activity lifecycle :: PRE-PAUSED :: MainActivity
09-23 18:04:12.497 13465 13465 D Console : Activity lifecycle :: Top activity: MainActivity
09-23 18:04:12.498 13465 13465 D FirebaseSessions: App backgrounded on com.shareconnect
09-23 18:04:12.499 13465 13465 V Console : Activity lifecycle :: PAUSED :: MainActivity
09-23 18:04:12.499 13465 13465 V Console : Foreground activity counter :: AtomicIntWrapper :: 12312792 :: 227589169 :: Decremented to: 0
09-23 18:04:12.499 13465 13465 D LifecycleMonitor: Lifecycle status change: com.shareconnect.MainActivity@708f46d in: PAUSED
09-23 18:04:12.499 13465 13465 V ActivityScenario: Update currentActivityStage to PAUSED, currentActivity=com.shareconnect.MainActivity@708f46d
09-23 18:04:12.513 13465 13562 E OpenGLRenderer: Unable to match the desired swap behavior.
09-23 18:04:12.520 13465 13465 D LifecycleMonitor: Lifecycle status change: com.shareconnect.SettingsActivity@9f2a2fe in: PRE_ON_CREATE
09-23 18:04:12.520 13465 13465 V ActivityScenario: Activity lifecycle changed event received but ignored because the intent does not match. startActivityIntent=Intent { act=android.intent.action.MAIN cat=[android.intent.category.LAUNCHER] flg=0x10008000 cmp=com.shareconnect/.MainActivity }, activity.getIntent()=Intent { cmp=com.shareconnect/.SettingsActivity (has extras) }, activity=com.shareconnect.SettingsActivity@9f2a2fe
09-23 18:04:12.521 13465 13465 D Console : getDefaultTheme() returned: Warm Orange Light (ID: 1, isDefault: true)
09-23 18:04:12.521 13465 13465 D Console : getDefaultTheme() returned: Warm Orange Light (ID: 1, isDefault: true)
09-23 18:04:12.521 13465 13465 D Console : Applying theme: Warm Orange Light, colorScheme: warm_orange, isDarkMode: false, currentTheme: WARM_ORANGE_LIGHT
09-23 18:04:12.521 13465 13465 D Console : Activity SettingsActivity usesToolbar: true
09-23 18:04:12.521 13465 13465 D Console : Setting night mode to NO
09-23 18:04:12.524 13465 13465 D LifecycleMonitor: Lifecycle status change: com.shareconnect.SettingsActivity@9f2a2fe in: CREATED
09-23 18:04:12.524 13465 13465 V ActivityScenario: Activity lifecycle changed event received but ignored because the intent does not match. startActivityIntent=Intent { act=android.intent.action.MAIN cat=[android.intent.category.LAUNCHER] flg=0x10008000 cmp=com.shareconnect/.MainActivity }, activity.getIntent()=Intent { cmp=com.shareconnect/.SettingsActivity (has extras) }, activity=com.shareconnect.SettingsActivity@9f2a2fe
09-23 18:04:12.527 13465 13465 D LifecycleMonitor: Lifecycle status change: com.shareconnect.SettingsActivity@9f2a2fe in: STARTED
09-23 18:04:12.527 13465 13465 V ActivityScenario: Activity lifecycle changed event received but ignored because the intent does not match. startActivityIntent=Intent { act=android.intent.action.MAIN cat=[android.intent.category.LAUNCHER] flg=0x10008000 cmp=com.shareconnect/.MainActivity }, activity.getIntent()=Intent { cmp=com.shareconnect/.SettingsActivity (has extras) }, activity=com.shareconnect.SettingsActivity@9f2a2fe
09-23 18:04:12.528 13465 13465 D FirebaseSessions: App foregrounded on com.shareconnect
09-23 18:04:12.530 13465 13465 V Console : Activity lifecycle :: RESUMED :: SettingsActivity
09-23 18:04:12.530 13465 13465 V Console : Foreground activity counter :: AtomicIntWrapper :: 12312792 :: 227589169 :: Value of: 0
09-23 18:04:12.530 13465 13465 I Console : Activity lifecycle :: Main state :: Foreground
09-23 18:04:12.530 13465 13465 V Console : Foreground activity counter :: AtomicIntWrapper :: 12312792 :: 227589169 :: Incremented to: 1
09-23 18:04:12.530 13465 13465 D LifecycleMonitor: Lifecycle status change: com.shareconnect.SettingsActivity@9f2a2fe in: RESUMED
09-23 18:04:12.530 13465 13465 V ActivityScenario: Activity lifecycle changed event received but ignored because the intent does not match. startActivityIntent=Intent { act=android.intent.action.MAIN cat=[android.intent.category.LAUNCHER] flg=0x10008000 cmp=com.shareconnect/.MainActivity }, activity.getIntent()=Intent { cmp=com.shareconnect/.SettingsActivity (has extras) }, activity=com.shareconnect.SettingsActivity@9f2a2fe
09-23 18:04:12.530 13465 13465 V Console : Activity lifecycle :: POST-RESUMED :: SettingsActivity
09-23 18:04:12.532 13465 13562 W Parcel  : Expecting binder but got null!
09-23 18:04:12.546 13465 13562 E OpenGLRenderer: Unable to match the desired swap behavior.
09-23 18:04:12.552  1581  1581 I GsaVoiceInteractionSrv: Handling ACTION_STOP_HOTWORD
09-23 18:04:12.553  1581  2154 I HwDetectorWithState: (REDACTED) a: %d
09-23 18:04:12.557   488   503 W ziparchive: Unable to open '/data/app/~~kWNn5P5i1VBCZAn7TalMSA==/com.shareconnect-NEp2ZttYEsfwFJQKiNDPXA==/base.dm': No such file or directory
09-23 18:04:12.557   488   503 I ActivityTaskManager: Displayed com.shareconnect/.SettingsActivity: +110ms
09-23 18:04:12.559   779   868 D EGL_emulation: app_time_stats: avg=711.26ms min=16.11ms max=5499.60ms count=8
09-23 18:04:12.580 11811 11811 I GoogleInputMethodService: GoogleInputMethodService.onFinishInput():3227
09-23 18:04:12.581 11811 11811 I GoogleInputMethodService: GoogleInputMethodService.updateDeviceLockedStatus():2087 repeatCheckTimes = 0, unlocked = true
09-23 18:04:12.581 11811 11811 I GoogleInputMethodService: GoogleInputMethodService.onStartInput():1877 onStartInput(EditorInfo{inputType=0x0(NULL) imeOptions=0x0 privateImeOptions=null actionName=UNSPECIFIED actionLabel=null actionId=0 initialSelStart=-1 initialSelEnd=-1 initialCapsMode=0x0 hintText=null label=null packageName=com.shareconnect fieldId=2131231190 fieldName=null extras=null}, false)
09-23 18:04:12.581 11811 11811 I GoogleInputMethodService: GoogleInputMethodService.shouldHideHeaderOnInitialState():4008 ShouldHideHeaderOnInitialState = false
09-23 18:04:12.581 11811 11811 I GoogleInputMethodService: GoogleInputMethodService.updateDeviceLockedStatus():2087 repeatCheckTimes = 2, unlocked = true
09-23 18:04:12.762  1581  2228 I AssistantForeground: (REDACTED) Get launcher package: %s
09-23 18:04:12.777 13465 13465 V Console : Activity lifecycle :: PRE-STOPPED :: MainActivity
09-23 18:04:12.778 13465 13465 V Console : Activity lifecycle :: STOPPED :: MainActivity
09-23 18:04:12.779 13465 13465 D LifecycleMonitor: Lifecycle status change: com.shareconnect.MainActivity@708f46d in: STOPPED
09-23 18:04:12.779 13465 13465 V ActivityScenario: Update currentActivityStage to STOPPED, currentActivity=com.shareconnect.MainActivity@708f46d
09-23 18:04:12.779 13465 13465 V Console : Activity lifecycle :: POST-STOPPED :: MainActivity
09-23 18:04:12.781   998  1945 D OneSearchSuggestProvider: Shut down the binder channel
09-23 18:04:12.781   998  3874 I s.nexuslauncher: oneway function results for code 2 on binder at 0xb400007a39487300 will be dropped but finished with status UNKNOWN_TRANSACTION
09-23 18:04:12.844   488  2245 W InputManager-JNI: Input channel object 'af80a4c Splash Screen com.shareconnect (client)' was disposed without first being removed with the input manager!
09-23 18:04:13.000 13465 13549 V Console : Foreground activity counter :: AtomicIntWrapper :: 12312792 :: 227589169 :: Value of: 1
09-23 18:04:13.144   779   868 D EGL_emulation: app_time_stats: avg=45.45ms min=16.50ms max=133.23ms count=22
09-23 18:04:14.165 13465 13562 D EGL_emulation: app_time_stats: avg=160.98ms min=6.99ms max=1473.90ms count=10
09-23 18:04:15.321 12330 12330 W ThreadPoolForeg: type=1400 audit(0.0:238): avc: denied { write } for name="traced_producer" dev="tmpfs" ino=647 scontext=u:r:gmscore_app:s0:c512,c768 tcontext=u:object_r:traced_producer_socket:s0 tclass=sock_file permissive=0 app=com.google.android.gms
09-23 18:04:17.627 13465 13465 V Console : Activity lifecycle :: PRE-PAUSED :: SettingsActivity
09-23 18:04:17.627 13465 13465 D Console : Activity lifecycle :: Top activity: SettingsActivity
09-23 18:04:17.629 13465 13465 D FirebaseSessions: App backgrounded on com.shareconnect
09-23 18:04:17.636 13465 13465 V Console : Activity lifecycle :: PAUSED :: SettingsActivity
09-23 18:04:17.639 13465 13465 V Console : Foreground activity counter :: AtomicIntWrapper :: 12312792 :: 227589169 :: Decremented to: 0
09-23 18:04:17.649 13465 13465 D LifecycleMonitor: Lifecycle status change: com.shareconnect.SettingsActivity@9f2a2fe in: PAUSED
09-23 18:04:17.650 13465 13465 V ActivityScenario: Activity lifecycle changed event received but ignored because the intent does not match. startActivityIntent=Intent { act=android.intent.action.MAIN cat=[android.intent.category.LAUNCHER] flg=0x10008000 cmp=com.shareconnect/.MainActivity }, activity.getIntent()=Intent { cmp=com.shareconnect/.SettingsActivity (has extras) }, activity=com.shareconnect.SettingsActivity@9f2a2fe
09-23 18:04:17.678 13465 13465 D LifecycleMonitor: Lifecycle status change: androidx.test.core.app.InstrumentationActivityInvoker$EmptyActivity@144c118 in: PRE_ON_CREATE
09-23 18:04:17.679 13465 13465 V ActivityScenario: Activity lifecycle changed event received but ignored because the intent does not match. startActivityIntent=Intent { act=android.intent.action.MAIN cat=[android.intent.category.LAUNCHER] flg=0x10008000 cmp=com.shareconnect/.MainActivity }, activity.getIntent()=Intent { act=android.intent.action.MAIN cat=[android.intent.category.LAUNCHER] flg=0x10000000 cmp=com.shareconnect/androidx.test.core.app.InstrumentationActivityInvoker$EmptyActivity }, activity=androidx.test.core.app.InstrumentationActivityInvoker$EmptyActivity@144c118
09-23 18:04:17.713 13465 13465 D LifecycleMonitor: Lifecycle status change: androidx.test.core.app.InstrumentationActivityInvoker$EmptyActivity@144c118 in: CREATED
09-23 18:04:17.713 13465 13465 V ActivityScenario: Activity lifecycle changed event received but ignored because the intent does not match. startActivityIntent=Intent { act=android.intent.action.MAIN cat=[android.intent.category.LAUNCHER] flg=0x10008000 cmp=com.shareconnect/.MainActivity }, activity.getIntent()=Intent { act=android.intent.action.MAIN cat=[android.intent.category.LAUNCHER] flg=0x10000000 cmp=com.shareconnect/androidx.test.core.app.InstrumentationActivityInvoker$EmptyActivity }, activity=androidx.test.core.app.InstrumentationActivityInvoker$EmptyActivity@144c118
09-23 18:04:17.714 13465 13465 D LifecycleMonitor: Lifecycle status change: androidx.test.core.app.InstrumentationActivityInvoker$EmptyActivity@144c118 in: STARTED
09-23 18:04:17.714 13465 13465 V ActivityScenario: Activity lifecycle changed event received but ignored because the intent does not match. startActivityIntent=Intent { act=android.intent.action.MAIN cat=[android.intent.category.LAUNCHER] flg=0x10008000 cmp=com.shareconnect/.MainActivity }, activity.getIntent()=Intent { act=android.intent.action.MAIN cat=[android.intent.category.LAUNCHER] flg=0x10000000 cmp=com.shareconnect/androidx.test.core.app.InstrumentationActivityInvoker$EmptyActivity }, activity=androidx.test.core.app.InstrumentationActivityInvoker$EmptyActivity@144c118
09-23 18:04:17.715 13465 13465 D FirebaseSessions: App foregrounded on com.shareconnect
09-23 18:04:17.718 13465 13465 V Console : Activity lifecycle :: RESUMED :: EmptyActivity
09-23 18:04:17.718 13465 13465 V Console : Foreground activity counter :: AtomicIntWrapper :: 12312792 :: 227589169 :: Value of: 0
09-23 18:04:17.718 13465 13465 I Console : Activity lifecycle :: Main state :: Foreground
09-23 18:04:17.718 13465 13465 V Console : Foreground activity counter :: AtomicIntWrapper :: 12312792 :: 227589169 :: Incremented to: 1
09-23 18:04:17.719 13465 13465 D LifecycleMonitor: Lifecycle status change: androidx.test.core.app.InstrumentationActivityInvoker$EmptyActivity@144c118 in: RESUMED
09-23 18:04:17.719 13465 13465 V ActivityScenario: Activity lifecycle changed event received but ignored because the intent does not match. startActivityIntent=Intent { act=android.intent.action.MAIN cat=[android.intent.category.LAUNCHER] flg=0x10008000 cmp=com.shareconnect/.MainActivity }, activity.getIntent()=Intent { act=android.intent.action.MAIN cat=[android.intent.category.LAUNCHER] flg=0x10000000 cmp=com.shareconnect/androidx.test.core.app.InstrumentationActivityInvoker$EmptyActivity }, activity=androidx.test.core.app.InstrumentationActivityInvoker$EmptyActivity@144c118
09-23 18:04:17.720 13465 13465 V Console : Activity lifecycle :: POST-RESUMED :: EmptyActivity
09-23 18:04:17.725 13465 13562 W Parcel  : Expecting binder but got null!
09-23 18:04:17.767 13465 13562 E OpenGLRenderer: Unable to match the desired swap behavior.
09-23 18:04:17.779   488   503 I ActivityTaskManager: Displayed com.shareconnect/androidx.test.core.app.InstrumentationActivityInvoker$EmptyActivity: +168ms
09-23 18:04:17.793 13465 13465 V Console : Activity lifecycle :: PRE-STOPPED :: SettingsActivity
09-23 18:04:17.800 13465 13562 D EGL_emulation: app_time_stats: avg=213.72ms min=12.27ms max=3374.86ms count=17
09-23 18:04:17.803 13465 13465 V Console : Activity lifecycle :: STOPPED :: SettingsActivity
09-23 18:04:17.804 13465 13465 D LifecycleMonitor: Lifecycle status change: com.shareconnect.SettingsActivity@9f2a2fe in: STOPPED
09-23 18:04:17.805 13465 13465 V ActivityScenario: Activity lifecycle changed event received but ignored because the intent does not match. startActivityIntent=Intent { act=android.intent.action.MAIN cat=[android.intent.category.LAUNCHER] flg=0x10008000 cmp=com.shareconnect/.MainActivity }, activity.getIntent()=Intent { cmp=com.shareconnect/.SettingsActivity (has extras) }, activity=com.shareconnect.SettingsActivity@9f2a2fe
09-23 18:04:17.805 13465 13465 V Console : Activity lifecycle :: POST-STOPPED :: SettingsActivity
09-23 18:04:17.812 13465 13465 V Console : Activity lifecycle :: PRE-DESTROYED :: MainActivity
09-23 18:04:17.813 13465 13465 V Console : Activity lifecycle :: DESTROYED :: MainActivity
09-23 18:04:17.814 13465 13465 D LifecycleMonitor: Lifecycle status change: com.shareconnect.MainActivity@708f46d in: DESTROYED
09-23 18:04:17.814 13465 13465 V ActivityScenario: Update currentActivityStage to DESTROYED, currentActivity=null
09-23 18:04:17.816   488  3569 W InputManager-JNI: Input channel object '1b89e7c com.shareconnect/com.shareconnect.MainActivity (client)' was disposed without first being removed with the input manager!
09-23 18:04:17.825 11811 11811 I GoogleInputMethodService: GoogleInputMethodService.onFinishInput():3227
09-23 18:04:17.827 11811 11811 I GoogleInputMethodService: GoogleInputMethodService.updateDeviceLockedStatus():2087 repeatCheckTimes = 0, unlocked = true
09-23 18:04:17.827 13465 13542 E TestRunner: failed: testCompleteHistoryFlow(com.shareconnect.automation.FullAppFlowAutomationTest)
09-23 18:04:17.828 11811 11811 I GoogleInputMethodService: GoogleInputMethodService.onStartInput():1877 onStartInput(EditorInfo{inputType=0x0(NULL) imeOptions=0x0 privateImeOptions=null actionName=UNSPECIFIED actionLabel=null actionId=0 initialSelStart=-1 initialSelEnd=-1 initialCapsMode=0x0 hintText=null label=null packageName=com.shareconnect fieldId=-1 fieldName=null extras=null}, false)
09-23 18:04:17.828 11811 11811 I GoogleInputMethodService: GoogleInputMethodService.shouldHideHeaderOnInitialState():4008 ShouldHideHeaderOnInitialState = false
09-23 18:04:17.828 11811 11811 I GoogleInputMethodService: GoogleInputMethodService.updateDeviceLockedStatus():2087 repeatCheckTimes = 2, unlocked = true
09-23 18:04:17.828 13465 13542 E TestRunner: ----- begin exception -----
09-23 18:04:17.828 13465 13542 E TestRunner: java.lang.NoClassDefFoundError: Failed resolution of: Lorg/hamcrest/Matchers;
09-23 18:04:17.828 13465 13542 E TestRunner: 	at androidx.test.espresso.matcher.ViewMatchers.withId(ViewMatchers.java:1)
09-23 18:04:17.828 13465 13542 E TestRunner: 	at com.shareconnect.automation.FullAppFlowAutomationTest.testCompleteHistoryFlow(FullAppFlowAutomationTest.kt:161)
09-23 18:04:17.828 13465 13542 E TestRunner: 	at java.lang.reflect.Method.invoke(Native Method)
09-23 18:04:17.828 13465 13542 E TestRunner: 	at org.junit.runners.model.FrameworkMethod$1.runReflectiveCall(FrameworkMethod.java:59)
09-23 18:04:17.828 13465 13542 E TestRunner: 	at org.junit.internal.runners.model.ReflectiveCallable.run(ReflectiveCallable.java:12)
09-23 18:04:17.828 13465 13542 E TestRunner: 	at org.junit.runners.model.FrameworkMethod.invokeExplosively(FrameworkMethod.java:56)
09-23 18:04:17.828 13465 13542 E TestRunner: 	at org.junit.internal.runners.statements.InvokeMethod.evaluate(InvokeMethod.java:17)
09-23 18:04:17.828 13465 13542 E TestRunner: 	at androidx.test.internal.runner.junit4.statement.RunBefores.evaluate(RunBefores.java:80)
09-23 18:04:17.828 13465 13542 E TestRunner: 	at androidx.test.internal.runner.junit4.statement.RunAfters.evaluate(RunAfters.java:61)
09-23 18:04:17.828 13465 13542 E TestRunner: 	at org.junit.runners.ParentRunner$3.evaluate(ParentRunner.java:306)
09-23 18:04:17.828 13465 13542 E TestRunner: 	at org.junit.runners.BlockJUnit4ClassRunner$1.evaluate(BlockJUnit4ClassRunner.java:100)
09-23 18:04:17.828 13465 13542 E TestRunner: 	at org.junit.runners.ParentRunner.runLeaf(ParentRunner.java:366)
09-23 18:04:17.828 13465 13542 E TestRunner: 	at org.junit.runners.BlockJUnit4ClassRunner.runChild(BlockJUnit4ClassRunner.java:103)
09-23 18:04:17.828 13465 13542 E TestRunner: 	at org.junit.runners.BlockJUnit4ClassRunner.runChild(BlockJUnit4ClassRunner.java:63)
09-23 18:04:17.828 13465 13542 E TestRunner: 	at org.junit.runners.ParentRunner$4.run(ParentRunner.java:331)
09-23 18:04:17.828 13465 13542 E TestRunner: 	at org.junit.runners.ParentRunner$1.schedule(ParentRunner.java:79)
09-23 18:04:17.828 13465 13542 E TestRunner: 	at org.junit.runners.ParentRunner.runChildren(ParentRunner.java:329)
09-23 18:04:17.828 13465 13542 E TestRunner: 	at org.junit.runners.ParentRunner.access$100(ParentRunner.java:66)
09-23 18:04:17.828 13465 13542 E TestRunner: 	at org.junit.runners.ParentRunner$2.evaluate(ParentRunner.java:293)
09-23 18:04:17.828 13465 13542 E TestRunner: 	at org.junit.runners.ParentRunner$3.evaluate(ParentRunner.java:306)
09-23 18:04:17.828 13465 13542 E TestRunner: 	at org.junit.runners.ParentRunner.run(ParentRunner.java:413)
09-23 18:04:17.828 13465 13542 E TestRunner: 	at androidx.test.ext.junit.runners.AndroidJUnit4.run(AndroidJUnit4.java:162)
09-23 18:04:17.828 13465 13542 E TestRunner: 	at org.junit.runners.Suite.runChild(Suite.java:128)
09-23 18:04:17.828 13465 13542 E TestRunner: 	at org.junit.runners.Suite.runChild(Suite.java:27)
09-23 18:04:17.828 13465 13542 E TestRunner: 	at org.junit.runners.ParentRunner$4.run(ParentRunner.java:331)
09-23 18:04:17.828 13465 13542 E TestRunner: 	at org.junit.runners.ParentRunner$1.schedule(ParentRunner.java:79)
09-23 18:04:17.828 13465 13542 E TestRunner: 	at org.junit.runners.ParentRunner.runChildren(ParentRunner.java:329)
09-23 18:04:17.828 13465 13542 E TestRunner: 	at org.junit.runners.ParentRunner.access$100(ParentRunner.java:66)
09-23 18:04:17.828 13465 13542 E TestRunner: 	at org.junit.runners.ParentRunner$2.evaluate(ParentRunner.java:293)
09-23 18:04:17.828 13465 13542 E TestRunner: 	at org.junit.runners.ParentRunner$3.evaluate(ParentRunner.java:306)
09-23 18:04:17.828 13465 13542 E TestRunner: 	at org.junit.runners.ParentRunner.run(ParentRunner.java:413)
09-23 18:04:17.828 13465 13542 E TestRunner: 	at org.junit.runners.Suite.runChild(Suite.java:128)
09-23 18:04:17.828 13465 13542 E TestRunner: 	at org.junit.runners.Suite.runChild(Suite.java:27)
09-23 18:04:17.828 13465 13542 E TestRunner: 	at org.junit.runners.ParentRunner$4.run(ParentRunner.java:331)
09-23 18:04:17.828 13465 13542 E TestRunner: 	at org.junit.runners.ParentRunner$1.schedule(ParentRunner.java:79)
09-23 18:04:17.828 13465 13542 E TestRunner: 	at org.junit.runners.ParentRunner.runChildren(ParentRunner.java:329)
09-23 18:04:17.828 13465 13542 E TestRunner: 	at org.junit.runners.ParentRunner.access$100(ParentRunner.java:66)
09-23 18:04:17.828 13465 13542 E TestRunner: 	at org.junit.runners.ParentRunner$2.evaluate(ParentRunner.java:293)
09-23 18:04:17.828 13465 13542 E TestRunner: 	at org.junit.runners.ParentRunner$3.evaluate(ParentRunner.java:306)
09-23 18:04:17.828 13465 13542 E TestRunner: 	at org.junit.runners.ParentRunner.run(ParentRunner.java:413)
09-23 18:04:17.828 13465 13542 E TestRunner: 	at org.junit.runner.JUnitCore.run(JUnitCore.java:137)
09-23 18:04:17.828 13465 13542 E TestRunner: 	at org.junit.runner.JUnitCore.run(JUnitCore.java:115)
09-23 18:04:17.828 13465 13542 E TestRunner: 	at androidx.test.internal.runner.TestExecutor.execute(TestExecutor.java:68)
09-23 18:04:17.828 13465 13542 E TestRunner: 	at androidx.test.internal.runner.TestExecutor.execute(TestExecutor.java:59)
09-23 18:04:17.828 13465 13542 E TestRunner: 	at androidx.test.runner.AndroidJUnitRunner.onStart(AndroidJUnitRunner.java:463)
09-23 18:04:17.828 13465 13542 E TestRunner: 	at android.app.Instrumentation$InstrumentationThread.run(Instrumentation.java:2361)
09-23 18:04:17.829 13465 13542 E TestRunner: Caused by: java.lang.ClassNotFoundException: Didn't find class "org.hamcrest.Matchers" on path: DexPathList[[zip file "/system/framework/android.test.runner.jar", zip file "/system/framework/android.test.mock.jar", zip file "/system/framework/android.test.base.jar", zip file "/data/app/~~tgPGD1IvZyVihJ5WEriGpw==/com.shareconnect.test-KRYtWayfc-BAIa-BFJT_mw==/base.apk", zip file "/data/app/~~kWNn5P5i1VBCZAn7TalMSA==/com.shareconnect-NEp2ZttYEsfwFJQKiNDPXA==/base.apk"],nativeLibraryDirectories=[/data/app/~~tgPGD1IvZyVihJ5WEriGpw==/com.shareconnect.test-KRYtWayfc-BAIa-BFJT_mw==/lib/arm64, /data/app/~~kWNn5P5i1VBCZAn7TalMSA==/com.shareconnect-NEp2ZttYEsfwFJQKiNDPXA==/lib/arm64, /data/app/~~tgPGD1IvZyVihJ5WEriGpw==/com.shareconnect.test-KRYtWayfc-BAIa-BFJT_mw==/base.apk!/lib/arm64-v8a, /data/app/~~kWNn5P5i1VBCZAn7TalMSA==/com.shareconnect-NEp2ZttYEsfwFJQKiNDPXA==/base.apk!/lib/arm64-v8a, /system/lib64, /system_ext/lib64]]
09-23 18:04:17.829 13465 13542 E TestRunner: 	at dalvik.system.BaseDexClassLoader.findClass(BaseDexClassLoader.java:259)
09-23 18:04:17.829 13465 13542 E TestRunner: 	at java.lang.ClassLoader.loadClass(ClassLoader.java:379)
09-23 18:04:17.829 13465 13542 E TestRunner: 	at java.lang.ClassLoader.loadClass(ClassLoader.java:312)
09-23 18:04:17.829 13465 13542 E TestRunner: 	... 46 more
09-23 18:04:17.829 13465 13542 E TestRunner: ----- end exception -----
09-23 18:04:17.829 13465 13542 I TestRunner: finished: testCompleteHistoryFlow(com.shareconnect.automation.FullAppFlowAutomationTest)
