09-23 18:05:04.192 13465 13542 I TestRunner: started: testScreenReaderSupport(com.shareconnect.automation.AccessibilityAutomationTest)
09-23 18:05:04.195 13465 13542 W Settings: Setting always_finish_activities has moved from android.provider.Settings.System to android.provider.Settings.Global, returning read-only value.
09-23 18:05:04.203   779   868 W Parcel  : Expecting binder but got null!
09-23 18:05:04.204 13465 13465 D LifecycleMonitor: Lifecycle status change: com.shareconnect.MainActivity@5b63821 in: PRE_ON_CREATE
09-23 18:05:04.204 13465 13465 V ActivityScenario: Activity lifecycle changed event received but ignored because the reported transition was not ON_CREATE while the last known transition was PRE_ON_CREATE
09-23 18:05:04.205 13465 13465 D Console : getDefaultTheme() returned: Warm Orange Light (ID: 1, isDefault: true)
09-23 18:05:04.205 13465 13465 D Console : getDefaultTheme() returned: Warm Orange Light (ID: 1, isDefault: true)
09-23 18:05:04.205 13465 13465 D Console : Applying theme: Warm Orange Light, colorScheme: warm_orange, isDarkMode: false, currentTheme: WARM_ORANGE_LIGHT
09-23 18:05:04.205 13465 13465 D Console : Activity MainActivity usesToolbar: true
09-23 18:05:04.209 13465 13465 D Console : Setting night mode to NO
09-23 18:05:04.213   779   868 E OpenGLRenderer: Unable to match the desired swap behavior.
09-23 18:05:04.218 13465 13465 D LifecycleMonitor: Lifecycle status change: com.shareconnect.MainActivity@5b63821 in: CREATED
09-23 18:05:04.218 13465 13465 V ActivityScenario: Update currentActivityStage to CREATED, currentActivity=com.shareconnect.MainActivity@5b63821
09-23 18:05:04.220 13465 13465 D LifecycleMonitor: Lifecycle status change: com.shareconnect.MainActivity@5b63821 in: STARTED
09-23 18:05:04.220 13465 13465 V ActivityScenario: Update currentActivityStage to STARTED, currentActivity=com.shareconnect.MainActivity@5b63821
09-23 18:05:04.227 13465 13465 D FirebaseSessions: App foregrounded on com.shareconnect
09-23 18:05:04.229 13465 13465 V Console : Activity lifecycle :: RESUMED :: MainActivity
09-23 18:05:04.229 13465 13465 V Console : Foreground activity counter :: AtomicIntWrapper :: 12312792 :: 227589169 :: Value of: 0
09-23 18:05:04.229 13465 13465 I Console : Activity lifecycle :: Main state :: Foreground
09-23 18:05:04.229 13465 13465 V Console : Foreground activity counter :: AtomicIntWrapper :: 12312792 :: 227589169 :: Incremented to: 1
09-23 18:05:04.229 13465 13465 D Console : hasThemeChanged() returned: false
09-23 18:05:04.229 13465 13465 D Console : onResume() called, themeChanged: false
09-23 18:05:04.229 13465 13465 D LifecycleMonitor: Lifecycle status change: com.shareconnect.MainActivity@5b63821 in: RESUMED
09-23 18:05:04.229 13465 13465 V ActivityScenario: Update currentActivityStage to RESUMED, currentActivity=com.shareconnect.MainActivity@5b63821
09-23 18:05:04.229 13465 13465 V Console : Activity lifecycle :: POST-RESUMED :: MainActivity
09-23 18:05:04.231 13465 13562 W Parcel  : Expecting binder but got null!
09-23 18:05:04.233 13465 13465 V Console : Activity lifecycle :: PRE-PAUSED :: MainActivity
09-23 18:05:04.233 13465 13465 D Console : Activity lifecycle :: Top activity: MainActivity
09-23 18:05:04.233 13465 13465 D FirebaseSessions: App backgrounded on com.shareconnect
09-23 18:05:04.235 13465 13465 V Console : Activity lifecycle :: PAUSED :: MainActivity
09-23 18:05:04.235 13465 13465 V Console : Foreground activity counter :: AtomicIntWrapper :: 12312792 :: 227589169 :: Decremented to: 0
09-23 18:05:04.235 13465 13465 D LifecycleMonitor: Lifecycle status change: com.shareconnect.MainActivity@5b63821 in: PAUSED
09-23 18:05:04.235 13465 13465 V ActivityScenario: Update currentActivityStage to PAUSED, currentActivity=com.shareconnect.MainActivity@5b63821
09-23 18:05:04.245 13465 13820 V Console : Foreground activity counter :: AtomicIntWrapper :: 12312792 :: 227589169 :: Value of: 0
09-23 18:05:04.245 13465 13820 I Console : Activity lifecycle :: Main state :: Background
09-23 18:05:04.248 13465 13562 E OpenGLRenderer: Unable to match the desired swap behavior.
09-23 18:05:04.255 13465 13465 D LifecycleMonitor: Lifecycle status change: com.shareconnect.SettingsActivity@a993065 in: PRE_ON_CREATE
09-23 18:05:04.255 13465 13465 V ActivityScenario: Activity lifecycle changed event received but ignored because the intent does not match. startActivityIntent=Intent { act=android.intent.action.MAIN cat=[android.intent.category.LAUNCHER] flg=0x10008000 cmp=com.shareconnect/.MainActivity }, activity.getIntent()=Intent { cmp=com.shareconnect/.SettingsActivity (has extras) }, activity=com.shareconnect.SettingsActivity@a993065
09-23 18:05:04.259 13465 13465 D Console : getDefaultTheme() returned: Warm Orange Light (ID: 1, isDefault: true)
09-23 18:05:04.259 13465 13465 D Console : getDefaultTheme() returned: Warm Orange Light (ID: 1, isDefault: true)
09-23 18:05:04.259 13465 13465 D Console : Applying theme: Warm Orange Light, colorScheme: warm_orange, isDarkMode: false, currentTheme: WARM_ORANGE_LIGHT
09-23 18:05:04.259 13465 13465 D Console : Activity SettingsActivity usesToolbar: true
09-23 18:05:04.259 13465 13465 D Console : Setting night mode to NO
09-23 18:05:04.263 13465 13465 D LifecycleMonitor: Lifecycle status change: com.shareconnect.SettingsActivity@a993065 in: CREATED
09-23 18:05:04.263 13465 13465 V ActivityScenario: Activity lifecycle changed event received but ignored because the intent does not match. startActivityIntent=Intent { act=android.intent.action.MAIN cat=[android.intent.category.LAUNCHER] flg=0x10008000 cmp=com.shareconnect/.MainActivity }, activity.getIntent()=Intent { cmp=com.shareconnect/.SettingsActivity (has extras) }, activity=com.shareconnect.SettingsActivity@a993065
09-23 18:05:04.266 13465 13465 D LifecycleMonitor: Lifecycle status change: com.shareconnect.SettingsActivity@a993065 in: STARTED
09-23 18:05:04.266 13465 13465 V ActivityScenario: Activity lifecycle changed event received but ignored because the intent does not match. startActivityIntent=Intent { act=android.intent.action.MAIN cat=[android.intent.category.LAUNCHER] flg=0x10008000 cmp=com.shareconnect/.MainActivity }, activity.getIntent()=Intent { cmp=com.shareconnect/.SettingsActivity (has extras) }, activity=com.shareconnect.SettingsActivity@a993065
09-23 18:05:04.266 13465 13465 D FirebaseSessions: App foregrounded on com.shareconnect
09-23 18:05:04.268 13465 13465 V Console : Activity lifecycle :: RESUMED :: SettingsActivity
09-23 18:05:04.268 13465 13465 V Console : Foreground activity counter :: AtomicIntWrapper :: 12312792 :: 227589169 :: Value of: 0
09-23 18:05:04.268 13465 13465 I Console : Activity lifecycle :: Main state :: Foreground
09-23 18:05:04.268 13465 13465 V Console : Foreground activity counter :: AtomicIntWrapper :: 12312792 :: 227589169 :: Incremented to: 1
09-23 18:05:04.268 13465 13465 D LifecycleMonitor: Lifecycle status change: com.shareconnect.SettingsActivity@a993065 in: RESUMED
09-23 18:05:04.269 13465 13465 V ActivityScenario: Activity lifecycle changed event received but ignored because the intent does not match. startActivityIntent=Intent { act=android.intent.action.MAIN cat=[android.intent.category.LAUNCHER] flg=0x10008000 cmp=com.shareconnect/.MainActivity }, activity.getIntent()=Intent { cmp=com.shareconnect/.SettingsActivity (has extras) }, activity=com.shareconnect.SettingsActivity@a993065
09-23 18:05:04.269 13465 13465 V Console : Activity lifecycle :: POST-RESUMED :: SettingsActivity
09-23 18:05:04.278 13465 13562 W Parcel  : Expecting binder but got null!
09-23 18:05:04.301  1581  1581 I GsaVoiceInteractionSrv: Handling ACTION_STOP_HOTWORD
09-23 18:05:04.301  1581  2234 I HwDetectorWithState: (REDACTED) a: %d
09-23 18:05:04.301 13465 13562 E OpenGLRenderer: Unable to match the desired swap behavior.
09-23 18:05:04.315   779   868 D EGL_emulation: app_time_stats: avg=4303.33ms min=4303.33ms max=4303.33ms count=1
09-23 18:05:04.317   488   503 W ziparchive: Unable to open '/data/app/~~kWNn5P5i1VBCZAn7TalMSA==/com.shareconnect-NEp2ZttYEsfwFJQKiNDPXA==/base.dm': No such file or directory
09-23 18:05:04.318   488   503 I ActivityTaskManager: Displayed com.shareconnect/.SettingsActivity: +120ms
09-23 18:05:04.332 11811 11811 I GoogleInputMethodService: GoogleInputMethodService.onFinishInput():3227
09-23 18:05:04.332 11811 11811 I GoogleInputMethodService: GoogleInputMethodService.updateDeviceLockedStatus():2087 repeatCheckTimes = 0, unlocked = true
09-23 18:05:04.333 11811 11811 I GoogleInputMethodService: GoogleInputMethodService.onStartInput():1877 onStartInput(EditorInfo{inputType=0x0(NULL) imeOptions=0x0 privateImeOptions=null actionName=UNSPECIFIED actionLabel=null actionId=0 initialSelStart=-1 initialSelEnd=-1 initialCapsMode=0x0 hintText=null label=null packageName=com.shareconnect fieldId=2131231190 fieldName=null extras=null}, false)
09-23 18:05:04.333 11811 11811 I GoogleInputMethodService: GoogleInputMethodService.shouldHideHeaderOnInitialState():4008 ShouldHideHeaderOnInitialState = false
09-23 18:05:04.333 11811 11811 I GoogleInputMethodService: GoogleInputMethodService.updateDeviceLockedStatus():2087 repeatCheckTimes = 2, unlocked = true
09-23 18:05:04.510 13465 13465 V Console : Activity lifecycle :: PRE-STOPPED :: MainActivity
09-23 18:05:04.511 13465 13465 V Console : Activity lifecycle :: STOPPED :: MainActivity
09-23 18:05:04.511 13465 13465 D LifecycleMonitor: Lifecycle status change: com.shareconnect.MainActivity@5b63821 in: STOPPED
09-23 18:05:04.512 13465 13465 V ActivityScenario: Update currentActivityStage to STOPPED, currentActivity=com.shareconnect.MainActivity@5b63821
09-23 18:05:04.512 13465 13465 V Console : Activity lifecycle :: POST-STOPPED :: MainActivity
09-23 18:05:04.512  1581  2228 I AssistantForeground: (REDACTED) Get launcher package: %s
09-23 18:05:04.529   998  1945 D OneSearchSuggestProvider: Shut down the binder channel
09-23 18:05:04.529   998  1022 I s.nexuslauncher: oneway function results for code 2 on binder at 0xb400007a394795c0 will be dropped but finished with status UNKNOWN_TRANSACTION
09-23 18:05:04.594   488  4083 W InputManager-JNI: Input channel object '7ea6f0c Splash Screen com.shareconnect (client)' was disposed without first being removed with the input manager!
09-23 18:05:04.736 13465 13832 V Console : Foreground activity counter :: AtomicIntWrapper :: 12312792 :: 227589169 :: Value of: 1
09-23 18:05:04.943   779   868 D EGL_emulation: app_time_stats: avg=22.09ms min=9.37ms max=51.38ms count=46
09-23 18:05:05.899 13465 13562 D EGL_emulation: app_time_stats: avg=147.14ms min=1.67ms max=1439.82ms count=10
09-23 18:05:06.009   779   868 D EGL_emulation: app_time_stats: avg=56.05ms min=14.90ms max=149.42ms count=19
09-23 18:05:07.405 11741 11741 W ThreadPoolForeg: type=1400 audit(0.0:242): avc: denied { write } for name="traced_producer" dev="tmpfs" ino=647 scontext=u:r:gmscore_app:s0:c512,c768 tcontext=u:object_r:traced_producer_socket:s0 tclass=sock_file permissive=0 app=com.google.android.gms
09-23 18:05:09.345 13465 13465 V Console : Activity lifecycle :: PRE-PAUSED :: SettingsActivity
09-23 18:05:09.345 13465 13465 D Console : Activity lifecycle :: Top activity: SettingsActivity
09-23 18:05:09.346 13465 13465 D FirebaseSessions: App backgrounded on com.shareconnect
09-23 18:05:09.350 13465 13465 V Console : Activity lifecycle :: PAUSED :: SettingsActivity
09-23 18:05:09.351 13465 13465 V Console : Foreground activity counter :: AtomicIntWrapper :: 12312792 :: 227589169 :: Decremented to: 0
09-23 18:05:09.351 13465 13465 D LifecycleMonitor: Lifecycle status change: com.shareconnect.SettingsActivity@a993065 in: PAUSED
09-23 18:05:09.351 13465 13465 V ActivityScenario: Activity lifecycle changed event received but ignored because the intent does not match. startActivityIntent=Intent { act=android.intent.action.MAIN cat=[android.intent.category.LAUNCHER] flg=0x10008000 cmp=com.shareconnect/.MainActivity }, activity.getIntent()=Intent { cmp=com.shareconnect/.SettingsActivity (has extras) }, activity=com.shareconnect.SettingsActivity@a993065
09-23 18:05:09.366 13465 13465 D LifecycleMonitor: Lifecycle status change: androidx.test.core.app.InstrumentationActivityInvoker$EmptyActivity@a3eea9d in: PRE_ON_CREATE
09-23 18:05:09.367 13465 13465 V ActivityScenario: Activity lifecycle changed event received but ignored because the intent does not match. startActivityIntent=Intent { act=android.intent.action.MAIN cat=[android.intent.category.LAUNCHER] flg=0x10008000 cmp=com.shareconnect/.MainActivity }, activity.getIntent()=Intent { act=android.intent.action.MAIN cat=[android.intent.category.LAUNCHER] flg=0x10000000 cmp=com.shareconnect/androidx.test.core.app.InstrumentationActivityInvoker$EmptyActivity }, activity=androidx.test.core.app.InstrumentationActivityInvoker$EmptyActivity@a3eea9d
09-23 18:05:09.372 13465 13465 D LifecycleMonitor: Lifecycle status change: androidx.test.core.app.InstrumentationActivityInvoker$EmptyActivity@a3eea9d in: CREATED
09-23 18:05:09.373 13465 13465 V ActivityScenario: Activity lifecycle changed event received but ignored because the intent does not match. startActivityIntent=Intent { act=android.intent.action.MAIN cat=[android.intent.category.LAUNCHER] flg=0x10008000 cmp=com.shareconnect/.MainActivity }, activity.getIntent()=Intent { act=android.intent.action.MAIN cat=[android.intent.category.LAUNCHER] flg=0x10000000 cmp=com.shareconnect/androidx.test.core.app.InstrumentationActivityInvoker$EmptyActivity }, activity=androidx.test.core.app.InstrumentationActivityInvoker$EmptyActivity@a3eea9d
09-23 18:05:09.373 13465 13465 D LifecycleMonitor: Lifecycle status change: androidx.test.core.app.InstrumentationActivityInvoker$EmptyActivity@a3eea9d in: STARTED
09-23 18:05:09.373 13465 13465 V ActivityScenario: Activity lifecycle changed event received but ignored because the intent does not match. startActivityIntent=Intent { act=android.intent.action.MAIN cat=[android.intent.category.LAUNCHER] flg=0x10008000 cmp=com.shareconnect/.MainActivity }, activity.getIntent()=Intent { act=android.intent.action.MAIN cat=[android.intent.category.LAUNCHER] flg=0x10000000 cmp=com.shareconnect/androidx.test.core.app.InstrumentationActivityInvoker$EmptyActivity }, activity=androidx.test.core.app.InstrumentationActivityInvoker$EmptyActivity@a3eea9d
09-23 18:05:09.374 13465 13465 D FirebaseSessions: App foregrounded on com.shareconnect
09-23 18:05:09.376 13465 13465 V Console : Activity lifecycle :: RESUMED :: EmptyActivity
09-23 18:05:09.376 13465 13465 V Console : Foreground activity counter :: AtomicIntWrapper :: 12312792 :: 227589169 :: Value of: 0
09-23 18:05:09.376 13465 13465 I Console : Activity lifecycle :: Main state :: Foreground
09-23 18:05:09.376 13465 13465 V Console : Foreground activity counter :: AtomicIntWrapper :: 12312792 :: 227589169 :: Incremented to: 1
09-23 18:05:09.377 13465 13465 D LifecycleMonitor: Lifecycle status change: androidx.test.core.app.InstrumentationActivityInvoker$EmptyActivity@a3eea9d in: RESUMED
09-23 18:05:09.378 13465 13465 V ActivityScenario: Activity lifecycle changed event received but ignored because the intent does not match. startActivityIntent=Intent { act=android.intent.action.MAIN cat=[android.intent.category.LAUNCHER] flg=0x10008000 cmp=com.shareconnect/.MainActivity }, activity.getIntent()=Intent { act=android.intent.action.MAIN cat=[android.intent.category.LAUNCHER] flg=0x10000000 cmp=com.shareconnect/androidx.test.core.app.InstrumentationActivityInvoker$EmptyActivity }, activity=androidx.test.core.app.InstrumentationActivityInvoker$EmptyActivity@a3eea9d
09-23 18:05:09.378 13465 13465 V Console : Activity lifecycle :: POST-RESUMED :: EmptyActivity
09-23 18:05:09.381 13465 13562 W Parcel  : Expecting binder but got null!
09-23 18:05:09.399 13465 13562 E OpenGLRenderer: Unable to match the desired swap behavior.
09-23 18:05:09.412   488   503 I ActivityTaskManager: Displayed com.shareconnect/androidx.test.core.app.InstrumentationActivityInvoker$EmptyActivity: +77ms
09-23 18:05:09.418 11307 13554 D AdvertisingIdClient: AdvertisingIdClient already created.
09-23 18:05:09.419 11307 13554 I AdvertisingIdClient: shouldSendLog 1481099
09-23 18:05:09.419 11307 13554 I AdvertisingIdClient: GetInfoInternal elapse 2ms
09-23 18:05:09.426 13465 13465 V Console : Activity lifecycle :: PRE-DESTROYED :: MainActivity
09-23 18:05:09.427 13465 13465 V Console : Activity lifecycle :: DESTROYED :: MainActivity
09-23 18:05:09.427 13465 13465 D LifecycleMonitor: Lifecycle status change: com.shareconnect.MainActivity@5b63821 in: DESTROYED
09-23 18:05:09.427 13465 13465 V ActivityScenario: Update currentActivityStage to DESTROYED, currentActivity=null
09-23 18:05:09.429 13465 13562 D EGL_emulation: app_time_stats: avg=207.58ms min=10.70ms max=3268.07ms count=17
09-23 18:05:09.430   488  2562 W InputManager-JNI: Input channel object '87c050d com.shareconnect/com.shareconnect.MainActivity (client)' was disposed without first being removed with the input manager!
09-23 18:05:09.433 13465 13465 V Console : Activity lifecycle :: PRE-STOPPED :: SettingsActivity
09-23 18:05:09.433 13465 13465 V Console : Activity lifecycle :: STOPPED :: SettingsActivity
09-23 18:05:09.433 13465 13465 D LifecycleMonitor: Lifecycle status change: com.shareconnect.SettingsActivity@a993065 in: STOPPED
09-23 18:05:09.433 13465 13465 V ActivityScenario: Activity lifecycle changed event received but ignored because the intent does not match. startActivityIntent=Intent { act=android.intent.action.MAIN cat=[android.intent.category.LAUNCHER] flg=0x10008000 cmp=com.shareconnect/.MainActivity }, activity.getIntent()=Intent { cmp=com.shareconnect/.SettingsActivity (has extras) }, activity=com.shareconnect.SettingsActivity@a993065
09-23 18:05:09.434 13465 13465 V Console : Activity lifecycle :: POST-STOPPED :: SettingsActivity
09-23 18:05:09.444 11811 11811 I GoogleInputMethodService: GoogleInputMethodService.onFinishInput():3227
09-23 18:05:09.444 13465 13542 E TestRunner: failed: testScreenReaderSupport(com.shareconnect.automation.AccessibilityAutomationTest)
09-23 18:05:09.444 11811 11811 I GoogleInputMethodService: GoogleInputMethodService.updateDeviceLockedStatus():2087 repeatCheckTimes = 0, unlocked = true
09-23 18:05:09.444 11811 11811 I GoogleInputMethodService: GoogleInputMethodService.onStartInput():1877 onStartInput(EditorInfo{inputType=0x0(NULL) imeOptions=0x0 privateImeOptions=null actionName=UNSPECIFIED actionLabel=null actionId=0 initialSelStart=-1 initialSelEnd=-1 initialCapsMode=0x0 hintText=null label=null packageName=com.shareconnect fieldId=-1 fieldName=null extras=null}, false)
09-23 18:05:09.444 11811 11811 I GoogleInputMethodService: GoogleInputMethodService.shouldHideHeaderOnInitialState():4008 ShouldHideHeaderOnInitialState = false
09-23 18:05:09.445 11811 11811 I GoogleInputMethodService: GoogleInputMethodService.updateDeviceLockedStatus():2087 repeatCheckTimes = 2, unlocked = true
09-23 18:05:09.445 13465 13542 E TestRunner: ----- begin exception -----
09-23 18:05:09.445 13465 13542 E TestRunner: java.lang.NoClassDefFoundError: Failed resolution of: Lorg/hamcrest/Matchers;
09-23 18:05:09.445 13465 13542 E TestRunner: 	at androidx.test.espresso.matcher.ViewMatchers.withId(ViewMatchers.java:1)
09-23 18:05:09.445 13465 13542 E TestRunner: 	at com.shareconnect.automation.AccessibilityAutomationTest.testScreenReaderSupport(AccessibilityAutomationTest.kt:115)
09-23 18:05:09.445 13465 13542 E TestRunner: 	at java.lang.reflect.Method.invoke(Native Method)
09-23 18:05:09.445 13465 13542 E TestRunner: 	at org.junit.runners.model.FrameworkMethod$1.runReflectiveCall(FrameworkMethod.java:59)
09-23 18:05:09.445 13465 13542 E TestRunner: 	at org.junit.internal.runners.model.ReflectiveCallable.run(ReflectiveCallable.java:12)
09-23 18:05:09.445 13465 13542 E TestRunner: 	at org.junit.runners.model.FrameworkMethod.invokeExplosively(FrameworkMethod.java:56)
09-23 18:05:09.445 13465 13542 E TestRunner: 	at org.junit.internal.runners.statements.InvokeMethod.evaluate(InvokeMethod.java:17)
09-23 18:05:09.445 13465 13542 E TestRunner: 	at androidx.test.internal.runner.junit4.statement.RunBefores.evaluate(RunBefores.java:80)
09-23 18:05:09.445 13465 13542 E TestRunner: 	at androidx.test.internal.runner.junit4.statement.RunAfters.evaluate(RunAfters.java:61)
09-23 18:05:09.445 13465 13542 E TestRunner: 	at org.junit.runners.ParentRunner$3.evaluate(ParentRunner.java:306)
09-23 18:05:09.445 13465 13542 E TestRunner: 	at org.junit.runners.BlockJUnit4ClassRunner$1.evaluate(BlockJUnit4ClassRunner.java:100)
09-23 18:05:09.445 13465 13542 E TestRunner: 	at org.junit.runners.ParentRunner.runLeaf(ParentRunner.java:366)
09-23 18:05:09.445 13465 13542 E TestRunner: 	at org.junit.runners.BlockJUnit4ClassRunner.runChild(BlockJUnit4ClassRunner.java:103)
09-23 18:05:09.445 13465 13542 E TestRunner: 	at org.junit.runners.BlockJUnit4ClassRunner.runChild(BlockJUnit4ClassRunner.java:63)
09-23 18:05:09.445 13465 13542 E TestRunner: 	at org.junit.runners.ParentRunner$4.run(ParentRunner.java:331)
09-23 18:05:09.445 13465 13542 E TestRunner: 	at org.junit.runners.ParentRunner$1.schedule(ParentRunner.java:79)
09-23 18:05:09.445 13465 13542 E TestRunner: 	at org.junit.runners.ParentRunner.runChildren(ParentRunner.java:329)
09-23 18:05:09.445 13465 13542 E TestRunner: 	at org.junit.runners.ParentRunner.access$100(ParentRunner.java:66)
09-23 18:05:09.445 13465 13542 E TestRunner: 	at org.junit.runners.ParentRunner$2.evaluate(ParentRunner.java:293)
09-23 18:05:09.445 13465 13542 E TestRunner: 	at org.junit.runners.ParentRunner$3.evaluate(ParentRunner.java:306)
09-23 18:05:09.445 13465 13542 E TestRunner: 	at org.junit.runners.ParentRunner.run(ParentRunner.java:413)
09-23 18:05:09.445 13465 13542 E TestRunner: 	at androidx.test.ext.junit.runners.AndroidJUnit4.run(AndroidJUnit4.java:162)
09-23 18:05:09.445 13465 13542 E TestRunner: 	at org.junit.runners.Suite.runChild(Suite.java:128)
09-23 18:05:09.445 13465 13542 E TestRunner: 	at org.junit.runners.Suite.runChild(Suite.java:27)
09-23 18:05:09.445 13465 13542 E TestRunner: 	at org.junit.runners.ParentRunner$4.run(ParentRunner.java:331)
09-23 18:05:09.445 13465 13542 E TestRunner: 	at org.junit.runners.ParentRunner$1.schedule(ParentRunner.java:79)
09-23 18:05:09.445 13465 13542 E TestRunner: 	at org.junit.runners.ParentRunner.runChildren(ParentRunner.java:329)
09-23 18:05:09.445 13465 13542 E TestRunner: 	at org.junit.runners.ParentRunner.access$100(ParentRunner.java:66)
09-23 18:05:09.445 13465 13542 E TestRunner: 	at org.junit.runners.ParentRunner$2.evaluate(ParentRunner.java:293)
09-23 18:05:09.445 13465 13542 E TestRunner: 	at org.junit.runners.ParentRunner$3.evaluate(ParentRunner.java:306)
09-23 18:05:09.445 13465 13542 E TestRunner: 	at org.junit.runners.ParentRunner.run(ParentRunner.java:413)
09-23 18:05:09.445 13465 13542 E TestRunner: 	at org.junit.runners.Suite.runChild(Suite.java:128)
09-23 18:05:09.445 13465 13542 E TestRunner: 	at org.junit.runners.Suite.runChild(Suite.java:27)
09-23 18:05:09.445 13465 13542 E TestRunner: 	at org.junit.runners.ParentRunner$4.run(ParentRunner.java:331)
09-23 18:05:09.445 13465 13542 E TestRunner: 	at org.junit.runners.ParentRunner$1.schedule(ParentRunner.java:79)
09-23 18:05:09.445 13465 13542 E TestRunner: 	at org.junit.runners.ParentRunner.runChildren(ParentRunner.java:329)
09-23 18:05:09.445 13465 13542 E TestRunner: 	at org.junit.runners.ParentRunner.access$100(ParentRunner.java:66)
09-23 18:05:09.445 13465 13542 E TestRunner: 	at org.junit.runners.ParentRunner$2.evaluate(ParentRunner.java:293)
09-23 18:05:09.445 13465 13542 E TestRunner: 	at org.junit.runners.ParentRunner$3.evaluate(ParentRunner.java:306)
09-23 18:05:09.445 13465 13542 E TestRunner: 	at org.junit.runners.ParentRunner.run(ParentRunner.java:413)
09-23 18:05:09.445 13465 13542 E TestRunner: 	at org.junit.runner.JUnitCore.run(JUnitCore.java:137)
09-23 18:05:09.445 13465 13542 E TestRunner: 	at org.junit.runner.JUnitCore.run(JUnitCore.java:115)
09-23 18:05:09.445 13465 13542 E TestRunner: 	at androidx.test.internal.runner.TestExecutor.execute(TestExecutor.java:68)
09-23 18:05:09.445 13465 13542 E TestRunner: 	at androidx.test.internal.runner.TestExecutor.execute(TestExecutor.java:59)
09-23 18:05:09.445 13465 13542 E TestRunner: 	at androidx.test.runner.AndroidJUnitRunner.onStart(AndroidJUnitRunner.java:463)
09-23 18:05:09.445 13465 13542 E TestRunner: 	at android.app.Instrumentation$InstrumentationThread.run(Instrumentation.java:2361)
09-23 18:05:09.445 13465 13542 E TestRunner: Caused by: java.lang.ClassNotFoundException: Didn't find class "org.hamcrest.Matchers" on path: DexPathList[[zip file "/system/framework/android.test.runner.jar", zip file "/system/framework/android.test.mock.jar", zip file "/system/framework/android.test.base.jar", zip file "/data/app/~~tgPGD1IvZyVihJ5WEriGpw==/com.shareconnect.test-KRYtWayfc-BAIa-BFJT_mw==/base.apk", zip file "/data/app/~~kWNn5P5i1VBCZAn7TalMSA==/com.shareconnect-NEp2ZttYEsfwFJQKiNDPXA==/base.apk"],nativeLibraryDirectories=[/data/app/~~tgPGD1IvZyVihJ5WEriGpw==/com.shareconnect.test-KRYtWayfc-BAIa-BFJT_mw==/lib/arm64, /data/app/~~kWNn5P5i1VBCZAn7TalMSA==/com.shareconnect-NEp2ZttYEsfwFJQKiNDPXA==/lib/arm64, /data/app/~~tgPGD1IvZyVihJ5WEriGpw==/com.shareconnect.test-KRYtWayfc-BAIa-BFJT_mw==/base.apk!/lib/arm64-v8a, /data/app/~~kWNn5P5i1VBCZAn7TalMSA==/com.shareconnect-NEp2ZttYEsfwFJQKiNDPXA==/base.apk!/lib/arm64-v8a, /system/lib64, /system_ext/lib64]]
09-23 18:05:09.445 13465 13542 E TestRunner: 	at dalvik.system.BaseDexClassLoader.findClass(BaseDexClassLoader.java:259)
09-23 18:05:09.445 13465 13542 E TestRunner: 	at java.lang.ClassLoader.loadClass(ClassLoader.java:379)
09-23 18:05:09.445 13465 13542 E TestRunner: 	at java.lang.ClassLoader.loadClass(ClassLoader.java:312)
09-23 18:05:09.445 13465 13542 E TestRunner: 	... 46 more
09-23 18:05:09.445 13465 13542 E TestRunner: ----- end exception -----
09-23 18:05:09.445 13465 13542 I TestRunner: finished: testScreenReaderSupport(com.shareconnect.automation.AccessibilityAutomationTest)
