09-23 18:04:29.889 13465 13542 I TestRunner: started: testAccessibilityLabels(com.shareconnect.automation.AccessibilityAutomationTest)
09-23 18:04:29.891 13465 13542 W Settings: Setting always_finish_activities has moved from android.provider.Settings.System to android.provider.Settings.Global, returning read-only value.
09-23 18:04:29.897   779   868 W Parcel  : Expecting binder but got null!
09-23 18:04:29.903 13465 13465 D LifecycleMonitor: Lifecycle status change: com.shareconnect.MainActivity@a24b626 in: PRE_ON_CREATE
09-23 18:04:29.903 13465 13465 V ActivityScenario: Activity lifecycle changed event received but ignored because the reported transition was not ON_CREATE while the last known transition was PRE_ON_CREATE
09-23 18:04:29.903 13465 13465 D Console : getDefaultTheme() returned: Warm Orange Light (ID: 1, isDefault: true)
09-23 18:04:29.903 13465 13465 D Console : getDefaultTheme() returned: Warm Orange Light (ID: 1, isDefault: true)
09-23 18:04:29.904 13465 13465 D Console : Applying theme: Warm Orange Light, colorScheme: warm_orange, isDarkMode: false, currentTheme: WARM_ORANGE_LIGHT
09-23 18:04:29.904 13465 13465 D Console : Activity MainActivity usesToolbar: true
09-23 18:04:29.904 13465 13465 D Console : Setting night mode to NO
09-23 18:04:29.910   779   868 E OpenGLRenderer: Unable to match the desired swap behavior.
09-23 18:04:29.914 13465 13465 D LifecycleMonitor: Lifecycle status change: com.shareconnect.MainActivity@a24b626 in: CREATED
09-23 18:04:29.914 13465 13465 V ActivityScenario: Update currentActivityStage to CREATED, currentActivity=com.shareconnect.MainActivity@a24b626
09-23 18:04:29.915 13465 13465 D LifecycleMonitor: Lifecycle status change: com.shareconnect.MainActivity@a24b626 in: STARTED
09-23 18:04:29.916 13465 13465 V ActivityScenario: Update currentActivityStage to STARTED, currentActivity=com.shareconnect.MainActivity@a24b626
09-23 18:04:29.917 13465 13465 D FirebaseSessions: App foregrounded on com.shareconnect
09-23 18:04:29.920 13465 13465 V Console : Activity lifecycle :: RESUMED :: MainActivity
09-23 18:04:29.921 13465 13465 V Console : Foreground activity counter :: AtomicIntWrapper :: 12312792 :: 227589169 :: Value of: 0
09-23 18:04:29.921 13465 13465 I Console : Activity lifecycle :: Main state :: Foreground
09-23 18:04:29.921 13465 13465 V Console : Foreground activity counter :: AtomicIntWrapper :: 12312792 :: 227589169 :: Incremented to: 1
09-23 18:04:29.921 13465 13465 D Console : hasThemeChanged() returned: false
09-23 18:04:29.921 13465 13465 D Console : onResume() called, themeChanged: false
09-23 18:04:29.921 13465 13465 D LifecycleMonitor: Lifecycle status change: com.shareconnect.MainActivity@a24b626 in: RESUMED
09-23 18:04:29.921 13465 13465 V ActivityScenario: Update currentActivityStage to RESUMED, currentActivity=com.shareconnect.MainActivity@a24b626
09-23 18:04:29.921 13465 13465 V Console : Activity lifecycle :: POST-RESUMED :: MainActivity
09-23 18:04:29.926 13465 13562 W Parcel  : Expecting binder but got null!
09-23 18:04:29.930 13465 13465 V Console : Activity lifecycle :: PRE-PAUSED :: MainActivity
09-23 18:04:29.930 13465 13465 D Console : Activity lifecycle :: Top activity: MainActivity
09-23 18:04:29.930 13465 13465 D FirebaseSessions: App backgrounded on com.shareconnect
09-23 18:04:29.931 13465 13465 V Console : Activity lifecycle :: PAUSED :: MainActivity
09-23 18:04:29.931 13465 13465 V Console : Foreground activity counter :: AtomicIntWrapper :: 12312792 :: 227589169 :: Decremented to: 0
09-23 18:04:29.932 13465 13465 D LifecycleMonitor: Lifecycle status change: com.shareconnect.MainActivity@a24b626 in: PAUSED
09-23 18:04:29.932 13465 13465 V ActivityScenario: Update currentActivityStage to PAUSED, currentActivity=com.shareconnect.MainActivity@a24b626
09-23 18:04:29.945 13465 13562 E OpenGLRenderer: Unable to match the desired swap behavior.
09-23 18:04:29.945 13465 13670 V Console : Foreground activity counter :: AtomicIntWrapper :: 12312792 :: 227589169 :: Value of: 0
09-23 18:04:29.945 13465 13670 I Console : Activity lifecycle :: Main state :: Background
09-23 18:04:29.952 13465 13465 D LifecycleMonitor: Lifecycle status change: com.shareconnect.SettingsActivity@95ca51a in: PRE_ON_CREATE
09-23 18:04:29.952 13465 13465 V ActivityScenario: Activity lifecycle changed event received but ignored because the intent does not match. startActivityIntent=Intent { act=android.intent.action.MAIN cat=[android.intent.category.LAUNCHER] flg=0x10008000 cmp=com.shareconnect/.MainActivity }, activity.getIntent()=Intent { cmp=com.shareconnect/.SettingsActivity (has extras) }, activity=com.shareconnect.SettingsActivity@95ca51a
09-23 18:04:29.953 13465 13465 D Console : getDefaultTheme() returned: Warm Orange Light (ID: 1, isDefault: true)
09-23 18:04:29.953 13465 13465 D Console : getDefaultTheme() returned: Warm Orange Light (ID: 1, isDefault: true)
09-23 18:04:29.953 13465 13465 D Console : Applying theme: Warm Orange Light, colorScheme: warm_orange, isDarkMode: false, currentTheme: WARM_ORANGE_LIGHT
09-23 18:04:29.954 13465 13465 D Console : Activity SettingsActivity usesToolbar: true
09-23 18:04:29.954 13465 13465 D Console : Setting night mode to NO
09-23 18:04:29.960 13465 13465 D LifecycleMonitor: Lifecycle status change: com.shareconnect.SettingsActivity@95ca51a in: CREATED
09-23 18:04:29.960 13465 13465 V ActivityScenario: Activity lifecycle changed event received but ignored because the intent does not match. startActivityIntent=Intent { act=android.intent.action.MAIN cat=[android.intent.category.LAUNCHER] flg=0x10008000 cmp=com.shareconnect/.MainActivity }, activity.getIntent()=Intent { cmp=com.shareconnect/.SettingsActivity (has extras) }, activity=com.shareconnect.SettingsActivity@95ca51a
09-23 18:04:29.963 13465 13465 D LifecycleMonitor: Lifecycle status change: com.shareconnect.SettingsActivity@95ca51a in: STARTED
09-23 18:04:29.963 13465 13465 V ActivityScenario: Activity lifecycle changed event received but ignored because the intent does not match. startActivityIntent=Intent { act=android.intent.action.MAIN cat=[android.intent.category.LAUNCHER] flg=0x10008000 cmp=com.shareconnect/.MainActivity }, activity.getIntent()=Intent { cmp=com.shareconnect/.SettingsActivity (has extras) }, activity=com.shareconnect.SettingsActivity@95ca51a
09-23 18:04:29.964 13465 13465 D FirebaseSessions: App foregrounded on com.shareconnect
09-23 18:04:29.966 13465 13465 V Console : Activity lifecycle :: RESUMED :: SettingsActivity
09-23 18:04:29.966 13465 13465 V Console : Foreground activity counter :: AtomicIntWrapper :: 12312792 :: 227589169 :: Value of: 0
09-23 18:04:29.966 13465 13465 I Console : Activity lifecycle :: Main state :: Foreground
09-23 18:04:29.966 13465 13465 V Console : Foreground activity counter :: AtomicIntWrapper :: 12312792 :: 227589169 :: Incremented to: 1
09-23 18:04:29.966 13465 13465 D LifecycleMonitor: Lifecycle status change: com.shareconnect.SettingsActivity@95ca51a in: RESUMED
09-23 18:04:29.966 13465 13465 V ActivityScenario: Activity lifecycle changed event received but ignored because the intent does not match. startActivityIntent=Intent { act=android.intent.action.MAIN cat=[android.intent.category.LAUNCHER] flg=0x10008000 cmp=com.shareconnect/.MainActivity }, activity.getIntent()=Intent { cmp=com.shareconnect/.SettingsActivity (has extras) }, activity=com.shareconnect.SettingsActivity@95ca51a
09-23 18:04:29.966 13465 13465 V Console : Activity lifecycle :: POST-RESUMED :: SettingsActivity
09-23 18:04:29.968 13465 13562 W Parcel  : Expecting binder but got null!
09-23 18:04:29.980 13465 13562 E OpenGLRenderer: Unable to match the desired swap behavior.
09-23 18:04:30.001  1581  1581 I GsaVoiceInteractionSrv: Handling ACTION_STOP_HOTWORD
09-23 18:04:30.001  1581  2234 I HwDetectorWithState: (REDACTED) a: %d
09-23 18:04:30.004   779   868 D EGL_emulation: app_time_stats: avg=571.97ms min=15.01ms max=5493.45ms count=10
09-23 18:04:30.004   488   503 W ziparchive: Unable to open '/data/app/~~kWNn5P5i1VBCZAn7TalMSA==/com.shareconnect-NEp2ZttYEsfwFJQKiNDPXA==/base.dm': No such file or directory
09-23 18:04:30.008   488   503 I ActivityTaskManager: Displayed com.shareconnect/.SettingsActivity: +110ms
09-23 18:04:30.014 11811 11811 I GoogleInputMethodService: GoogleInputMethodService.onFinishInput():3227
09-23 18:04:30.014 11811 11811 I GoogleInputMethodService: GoogleInputMethodService.updateDeviceLockedStatus():2087 repeatCheckTimes = 0, unlocked = true
09-23 18:04:30.014 11811 11811 I GoogleInputMethodService: GoogleInputMethodService.onStartInput():1877 onStartInput(EditorInfo{inputType=0x0(NULL) imeOptions=0x0 privateImeOptions=null actionName=UNSPECIFIED actionLabel=null actionId=0 initialSelStart=-1 initialSelEnd=-1 initialCapsMode=0x0 hintText=null label=null packageName=com.shareconnect fieldId=2131231190 fieldName=null extras=null}, false)
09-23 18:04:30.014 11811 11811 I GoogleInputMethodService: GoogleInputMethodService.shouldHideHeaderOnInitialState():4008 ShouldHideHeaderOnInitialState = false
09-23 18:04:30.014 11811 11811 I GoogleInputMethodService: GoogleInputMethodService.updateDeviceLockedStatus():2087 repeatCheckTimes = 2, unlocked = true
09-23 18:04:30.212 13465 13465 V Console : Activity lifecycle :: PRE-STOPPED :: MainActivity
09-23 18:04:30.213 13465 13465 V Console : Activity lifecycle :: STOPPED :: MainActivity
09-23 18:04:30.214 13465 13465 D LifecycleMonitor: Lifecycle status change: com.shareconnect.MainActivity@a24b626 in: STOPPED
09-23 18:04:30.214 13465 13465 V ActivityScenario: Update currentActivityStage to STOPPED, currentActivity=com.shareconnect.MainActivity@a24b626
09-23 18:04:30.214 13465 13465 V Console : Activity lifecycle :: POST-STOPPED :: MainActivity
09-23 18:04:30.218  1581  2228 I AssistantForeground: (REDACTED) Get launcher package: %s
09-23 18:04:30.231   998  1945 D OneSearchSuggestProvider: Shut down the binder channel
09-23 18:04:30.231   998  1022 I s.nexuslauncher: oneway function results for code 2 on binder at 0xb400007a39488260 will be dropped but finished with status UNKNOWN_TRANSACTION
09-23 18:04:30.296   488  1119 W InputManager-JNI: Input channel object 'e92f8ed Splash Screen com.shareconnect (client)' was disposed without first being removed with the input manager!
09-23 18:04:30.432 13465 13688 V Console : Foreground activity counter :: AtomicIntWrapper :: 12312792 :: 227589169 :: Value of: 1
09-23 18:04:30.640   779   868 D EGL_emulation: app_time_stats: avg=26.96ms min=5.31ms max=55.73ms count=38
09-23 18:04:31.595 13465 13562 D EGL_emulation: app_time_stats: avg=149.20ms min=2.01ms max=1451.23ms count=10
09-23 18:04:33.033   779   868 D EGL_emulation: app_time_stats: avg=378.62ms min=14.26ms max=2820.38ms count=8
09-23 18:04:35.022 13465 13465 V Console : Activity lifecycle :: PRE-PAUSED :: SettingsActivity
09-23 18:04:35.022 13465 13465 D Console : Activity lifecycle :: Top activity: SettingsActivity
09-23 18:04:35.024 13465 13465 D FirebaseSessions: App backgrounded on com.shareconnect
09-23 18:04:35.029 13465 13465 V Console : Activity lifecycle :: PAUSED :: SettingsActivity
09-23 18:04:35.029 13465 13465 V Console : Foreground activity counter :: AtomicIntWrapper :: 12312792 :: 227589169 :: Decremented to: 0
09-23 18:04:35.030 13465 13465 D LifecycleMonitor: Lifecycle status change: com.shareconnect.SettingsActivity@95ca51a in: PAUSED
09-23 18:04:35.030 13465 13465 V ActivityScenario: Activity lifecycle changed event received but ignored because the intent does not match. startActivityIntent=Intent { act=android.intent.action.MAIN cat=[android.intent.category.LAUNCHER] flg=0x10008000 cmp=com.shareconnect/.MainActivity }, activity.getIntent()=Intent { cmp=com.shareconnect/.SettingsActivity (has extras) }, activity=com.shareconnect.SettingsActivity@95ca51a
09-23 18:04:35.038 13465 13465 D LifecycleMonitor: Lifecycle status change: androidx.test.core.app.InstrumentationActivityInvoker$EmptyActivity@b925af2 in: PRE_ON_CREATE
09-23 18:04:35.038 13465 13465 V ActivityScenario: Activity lifecycle changed event received but ignored because the intent does not match. startActivityIntent=Intent { act=android.intent.action.MAIN cat=[android.intent.category.LAUNCHER] flg=0x10008000 cmp=com.shareconnect/.MainActivity }, activity.getIntent()=Intent { act=android.intent.action.MAIN cat=[android.intent.category.LAUNCHER] flg=0x10000000 cmp=com.shareconnect/androidx.test.core.app.InstrumentationActivityInvoker$EmptyActivity }, activity=androidx.test.core.app.InstrumentationActivityInvoker$EmptyActivity@b925af2
09-23 18:04:35.048 13465 13465 D LifecycleMonitor: Lifecycle status change: androidx.test.core.app.InstrumentationActivityInvoker$EmptyActivity@b925af2 in: CREATED
09-23 18:04:35.048 13465 13465 V ActivityScenario: Activity lifecycle changed event received but ignored because the intent does not match. startActivityIntent=Intent { act=android.intent.action.MAIN cat=[android.intent.category.LAUNCHER] flg=0x10008000 cmp=com.shareconnect/.MainActivity }, activity.getIntent()=Intent { act=android.intent.action.MAIN cat=[android.intent.category.LAUNCHER] flg=0x10000000 cmp=com.shareconnect/androidx.test.core.app.InstrumentationActivityInvoker$EmptyActivity }, activity=androidx.test.core.app.InstrumentationActivityInvoker$EmptyActivity@b925af2
09-23 18:04:35.048 13465 13465 D LifecycleMonitor: Lifecycle status change: androidx.test.core.app.InstrumentationActivityInvoker$EmptyActivity@b925af2 in: STARTED
09-23 18:04:35.049 13465 13465 V ActivityScenario: Activity lifecycle changed event received but ignored because the intent does not match. startActivityIntent=Intent { act=android.intent.action.MAIN cat=[android.intent.category.LAUNCHER] flg=0x10008000 cmp=com.shareconnect/.MainActivity }, activity.getIntent()=Intent { act=android.intent.action.MAIN cat=[android.intent.category.LAUNCHER] flg=0x10000000 cmp=com.shareconnect/androidx.test.core.app.InstrumentationActivityInvoker$EmptyActivity }, activity=androidx.test.core.app.InstrumentationActivityInvoker$EmptyActivity@b925af2
09-23 18:04:35.049 13465 13465 D FirebaseSessions: App foregrounded on com.shareconnect
09-23 18:04:35.051 13465 13465 V Console : Activity lifecycle :: RESUMED :: EmptyActivity
09-23 18:04:35.051 13465 13465 V Console : Foreground activity counter :: AtomicIntWrapper :: 12312792 :: 227589169 :: Value of: 0
09-23 18:04:35.051 13465 13465 I Console : Activity lifecycle :: Main state :: Foreground
09-23 18:04:35.051 13465 13465 V Console : Foreground activity counter :: AtomicIntWrapper :: 12312792 :: 227589169 :: Incremented to: 1
09-23 18:04:35.052 13465 13465 D LifecycleMonitor: Lifecycle status change: androidx.test.core.app.InstrumentationActivityInvoker$EmptyActivity@b925af2 in: RESUMED
09-23 18:04:35.052 13465 13465 V ActivityScenario: Activity lifecycle changed event received but ignored because the intent does not match. startActivityIntent=Intent { act=android.intent.action.MAIN cat=[android.intent.category.LAUNCHER] flg=0x10008000 cmp=com.shareconnect/.MainActivity }, activity.getIntent()=Intent { act=android.intent.action.MAIN cat=[android.intent.category.LAUNCHER] flg=0x10000000 cmp=com.shareconnect/androidx.test.core.app.InstrumentationActivityInvoker$EmptyActivity }, activity=androidx.test.core.app.InstrumentationActivityInvoker$EmptyActivity@b925af2
09-23 18:04:35.052 13465 13465 V Console : Activity lifecycle :: POST-RESUMED :: EmptyActivity
09-23 18:04:35.053 13465 13562 W Parcel  : Expecting binder but got null!
09-23 18:04:35.071 13465 13562 E OpenGLRenderer: Unable to match the desired swap behavior.
09-23 18:04:35.079   488   503 I ActivityTaskManager: Displayed com.shareconnect/androidx.test.core.app.InstrumentationActivityInvoker$EmptyActivity: +66ms
09-23 18:04:35.082 13465 13465 V Console : Activity lifecycle :: PRE-STOPPED :: SettingsActivity
09-23 18:04:35.083 13465 13465 V Console : Activity lifecycle :: STOPPED :: SettingsActivity
09-23 18:04:35.083 13465 13465 D LifecycleMonitor: Lifecycle status change: com.shareconnect.SettingsActivity@95ca51a in: STOPPED
09-23 18:04:35.083 13465 13465 V ActivityScenario: Activity lifecycle changed event received but ignored because the intent does not match. startActivityIntent=Intent { act=android.intent.action.MAIN cat=[android.intent.category.LAUNCHER] flg=0x10008000 cmp=com.shareconnect/.MainActivity }, activity.getIntent()=Intent { cmp=com.shareconnect/.SettingsActivity (has extras) }, activity=com.shareconnect.SettingsActivity@95ca51a
09-23 18:04:35.083 13465 13465 V Console : Activity lifecycle :: POST-STOPPED :: SettingsActivity
09-23 18:04:35.088 11307 13554 D AdvertisingIdClient: AdvertisingIdClient already created.
09-23 18:04:35.089 11307 13554 I AdvertisingIdClient: shouldSendLog 1481099
09-23 18:04:35.089 11307 13554 I AdvertisingIdClient: GetInfoInternal elapse 2ms
09-23 18:04:35.095 13465 13465 V Console : Activity lifecycle :: PRE-DESTROYED :: MainActivity
09-23 18:04:35.096 13465 13465 V Console : Activity lifecycle :: DESTROYED :: MainActivity
09-23 18:04:35.096 13465 13465 D LifecycleMonitor: Lifecycle status change: com.shareconnect.MainActivity@a24b626 in: DESTROYED
09-23 18:04:35.096 13465 13465 V ActivityScenario: Update currentActivityStage to DESTROYED, currentActivity=null
09-23 18:04:35.097   488  1119 W InputManager-JNI: Input channel object '1d4b42b com.shareconnect/com.shareconnect.MainActivity (client)' was disposed without first being removed with the input manager!
09-23 18:04:35.098 11811 11811 I GoogleInputMethodService: GoogleInputMethodService.onFinishInput():3227
09-23 18:04:35.098 11811 11811 I GoogleInputMethodService: GoogleInputMethodService.updateDeviceLockedStatus():2087 repeatCheckTimes = 0, unlocked = true
09-23 18:04:35.098 11811 11811 I GoogleInputMethodService: GoogleInputMethodService.onStartInput():1877 onStartInput(EditorInfo{inputType=0x0(NULL) imeOptions=0x0 privateImeOptions=null actionName=UNSPECIFIED actionLabel=null actionId=0 initialSelStart=-1 initialSelEnd=-1 initialCapsMode=0x0 hintText=null label=null packageName=com.shareconnect fieldId=-1 fieldName=null extras=null}, false)
09-23 18:04:35.098 11811 11811 I GoogleInputMethodService: GoogleInputMethodService.shouldHideHeaderOnInitialState():4008 ShouldHideHeaderOnInitialState = false
09-23 18:04:35.098 13465 13542 E TestRunner: failed: testAccessibilityLabels(com.shareconnect.automation.AccessibilityAutomationTest)
09-23 18:04:35.099 11811 11811 I GoogleInputMethodService: GoogleInputMethodService.updateDeviceLockedStatus():2087 repeatCheckTimes = 2, unlocked = true
09-23 18:04:35.099 13465 13542 E TestRunner: ----- begin exception -----
09-23 18:04:35.099 13465 13542 E TestRunner: java.lang.NoClassDefFoundError: Failed resolution of: Lorg/hamcrest/Matchers;
09-23 18:04:35.099 13465 13542 E TestRunner: 	at androidx.test.espresso.matcher.ViewMatchers.withId(ViewMatchers.java:1)
09-23 18:04:35.099 13465 13542 E TestRunner: 	at com.shareconnect.automation.AccessibilityAutomationTest.testAccessibilityLabels(AccessibilityAutomationTest.kt:36)
09-23 18:04:35.099 13465 13542 E TestRunner: 	at java.lang.reflect.Method.invoke(Native Method)
09-23 18:04:35.099 13465 13542 E TestRunner: 	at org.junit.runners.model.FrameworkMethod$1.runReflectiveCall(FrameworkMethod.java:59)
09-23 18:04:35.099 13465 13542 E TestRunner: 	at org.junit.internal.runners.model.ReflectiveCallable.run(ReflectiveCallable.java:12)
09-23 18:04:35.099 13465 13542 E TestRunner: 	at org.junit.runners.model.FrameworkMethod.invokeExplosively(FrameworkMethod.java:56)
09-23 18:04:35.099 13465 13542 E TestRunner: 	at org.junit.internal.runners.statements.InvokeMethod.evaluate(InvokeMethod.java:17)
09-23 18:04:35.099 13465 13542 E TestRunner: 	at androidx.test.internal.runner.junit4.statement.RunBefores.evaluate(RunBefores.java:80)
09-23 18:04:35.099 13465 13542 E TestRunner: 	at androidx.test.internal.runner.junit4.statement.RunAfters.evaluate(RunAfters.java:61)
09-23 18:04:35.099 13465 13542 E TestRunner: 	at org.junit.runners.ParentRunner$3.evaluate(ParentRunner.java:306)
09-23 18:04:35.099 13465 13542 E TestRunner: 	at org.junit.runners.BlockJUnit4ClassRunner$1.evaluate(BlockJUnit4ClassRunner.java:100)
09-23 18:04:35.099 13465 13542 E TestRunner: 	at org.junit.runners.ParentRunner.runLeaf(ParentRunner.java:366)
09-23 18:04:35.099 13465 13542 E TestRunner: 	at org.junit.runners.BlockJUnit4ClassRunner.runChild(BlockJUnit4ClassRunner.java:103)
09-23 18:04:35.099 13465 13542 E TestRunner: 	at org.junit.runners.BlockJUnit4ClassRunner.runChild(BlockJUnit4ClassRunner.java:63)
09-23 18:04:35.099 13465 13542 E TestRunner: 	at org.junit.runners.ParentRunner$4.run(ParentRunner.java:331)
09-23 18:04:35.099 13465 13542 E TestRunner: 	at org.junit.runners.ParentRunner$1.schedule(ParentRunner.java:79)
09-23 18:04:35.099 13465 13542 E TestRunner: 	at org.junit.runners.ParentRunner.runChildren(ParentRunner.java:329)
09-23 18:04:35.099 13465 13542 E TestRunner: 	at org.junit.runners.ParentRunner.access$100(ParentRunner.java:66)
09-23 18:04:35.099 13465 13542 E TestRunner: 	at org.junit.runners.ParentRunner$2.evaluate(ParentRunner.java:293)
09-23 18:04:35.099 13465 13542 E TestRunner: 	at org.junit.runners.ParentRunner$3.evaluate(ParentRunner.java:306)
09-23 18:04:35.099 13465 13542 E TestRunner: 	at org.junit.runners.ParentRunner.run(ParentRunner.java:413)
09-23 18:04:35.099 13465 13542 E TestRunner: 	at androidx.test.ext.junit.runners.AndroidJUnit4.run(AndroidJUnit4.java:162)
09-23 18:04:35.099 13465 13542 E TestRunner: 	at org.junit.runners.Suite.runChild(Suite.java:128)
09-23 18:04:35.099 13465 13542 E TestRunner: 	at org.junit.runners.Suite.runChild(Suite.java:27)
09-23 18:04:35.099 13465 13542 E TestRunner: 	at org.junit.runners.ParentRunner$4.run(ParentRunner.java:331)
09-23 18:04:35.099 13465 13542 E TestRunner: 	at org.junit.runners.ParentRunner$1.schedule(ParentRunner.java:79)
09-23 18:04:35.099 13465 13542 E TestRunner: 	at org.junit.runners.ParentRunner.runChildren(ParentRunner.java:329)
09-23 18:04:35.099 13465 13542 E TestRunner: 	at org.junit.runners.ParentRunner.access$100(ParentRunner.java:66)
09-23 18:04:35.099 13465 13542 E TestRunner: 	at org.junit.runners.ParentRunner$2.evaluate(ParentRunner.java:293)
09-23 18:04:35.099 13465 13542 E TestRunner: 	at org.junit.runners.ParentRunner$3.evaluate(ParentRunner.java:306)
09-23 18:04:35.099 13465 13542 E TestRunner: 	at org.junit.runners.ParentRunner.run(ParentRunner.java:413)
09-23 18:04:35.099 13465 13542 E TestRunner: 	at org.junit.runners.Suite.runChild(Suite.java:128)
09-23 18:04:35.099 13465 13542 E TestRunner: 	at org.junit.runners.Suite.runChild(Suite.java:27)
09-23 18:04:35.099 13465 13542 E TestRunner: 	at org.junit.runners.ParentRunner$4.run(ParentRunner.java:331)
09-23 18:04:35.099 13465 13542 E TestRunner: 	at org.junit.runners.ParentRunner$1.schedule(ParentRunner.java:79)
09-23 18:04:35.099 13465 13542 E TestRunner: 	at org.junit.runners.ParentRunner.runChildren(ParentRunner.java:329)
09-23 18:04:35.099 13465 13542 E TestRunner: 	at org.junit.runners.ParentRunner.access$100(ParentRunner.java:66)
09-23 18:04:35.099 13465 13542 E TestRunner: 	at org.junit.runners.ParentRunner$2.evaluate(ParentRunner.java:293)
09-23 18:04:35.099 13465 13542 E TestRunner: 	at org.junit.runners.ParentRunner$3.evaluate(ParentRunner.java:306)
09-23 18:04:35.099 13465 13542 E TestRunner: 	at org.junit.runners.ParentRunner.run(ParentRunner.java:413)
09-23 18:04:35.099 13465 13542 E TestRunner: 	at org.junit.runner.JUnitCore.run(JUnitCore.java:137)
09-23 18:04:35.099 13465 13542 E TestRunner: 	at org.junit.runner.JUnitCore.run(JUnitCore.java:115)
09-23 18:04:35.099 13465 13542 E TestRunner: 	at androidx.test.internal.runner.TestExecutor.execute(TestExecutor.java:68)
09-23 18:04:35.099 13465 13542 E TestRunner: 	at androidx.test.internal.runner.TestExecutor.execute(TestExecutor.java:59)
09-23 18:04:35.099 13465 13542 E TestRunner: 	at androidx.test.runner.AndroidJUnitRunner.onStart(AndroidJUnitRunner.java:463)
09-23 18:04:35.099 13465 13542 E TestRunner: 	at android.app.Instrumentation$InstrumentationThread.run(Instrumentation.java:2361)
09-23 18:04:35.099 13465 13542 E TestRunner: Caused by: java.lang.ClassNotFoundException: Didn't find class "org.hamcrest.Matchers" on path: DexPathList[[zip file "/system/framework/android.test.runner.jar", zip file "/system/framework/android.test.mock.jar", zip file "/system/framework/android.test.base.jar", zip file "/data/app/~~tgPGD1IvZyVihJ5WEriGpw==/com.shareconnect.test-KRYtWayfc-BAIa-BFJT_mw==/base.apk", zip file "/data/app/~~kWNn5P5i1VBCZAn7TalMSA==/com.shareconnect-NEp2ZttYEsfwFJQKiNDPXA==/base.apk"],nativeLibraryDirectories=[/data/app/~~tgPGD1IvZyVihJ5WEriGpw==/com.shareconnect.test-KRYtWayfc-BAIa-BFJT_mw==/lib/arm64, /data/app/~~kWNn5P5i1VBCZAn7TalMSA==/com.shareconnect-NEp2ZttYEsfwFJQKiNDPXA==/lib/arm64, /data/app/~~tgPGD1IvZyVihJ5WEriGpw==/com.shareconnect.test-KRYtWayfc-BAIa-BFJT_mw==/base.apk!/lib/arm64-v8a, /data/app/~~kWNn5P5i1VBCZAn7TalMSA==/com.shareconnect-NEp2ZttYEsfwFJQKiNDPXA==/base.apk!/lib/arm64-v8a, /system/lib64, /system_ext/lib64]]
09-23 18:04:35.099 13465 13542 E TestRunner: 	at dalvik.system.BaseDexClassLoader.findClass(BaseDexClassLoader.java:259)
09-23 18:04:35.099 13465 13542 E TestRunner: 	at java.lang.ClassLoader.loadClass(ClassLoader.java:379)
09-23 18:04:35.099 13465 13542 E TestRunner: 	at java.lang.ClassLoader.loadClass(ClassLoader.java:312)
09-23 18:04:35.099 13465 13542 E TestRunner: 	... 46 more
09-23 18:04:35.099 13465 13542 E TestRunner: ----- end exception -----
09-23 18:04:35.100 13465 13542 I TestRunner: finished: testAccessibilityLabels(com.shareconnect.automation.AccessibilityAutomationTest)
