09-23 18:05:49.791 13465 13542 I TestRunner: started: testToolbarIsDisplayed(com.shareconnect.activities.MainActivityInstrumentationTest)
09-23 18:05:49.793 13465 13542 W Settings: Setting always_finish_activities has moved from android.provider.Settings.System to android.provider.Settings.Global, returning read-only value.
09-23 18:05:49.797   779   868 W Parcel  : Expecting binder but got null!
09-23 18:05:49.801 13465 13465 D LifecycleMonitor: Lifecycle status change: com.shareconnect.MainActivity@e22fe81 in: PRE_ON_CREATE
09-23 18:05:49.801 13465 13465 V ActivityScenario: Activity lifecycle changed event received but ignored because the reported transition was not ON_CREATE while the last known transition was PRE_ON_CREATE
09-23 18:05:49.801 13465 13465 D Console : getDefaultTheme() returned: Warm Orange Light (ID: 1, isDefault: true)
09-23 18:05:49.801 13465 13465 D Console : getDefaultTheme() returned: Warm Orange Light (ID: 1, isDefault: true)
09-23 18:05:49.801 13465 13465 D Console : Applying theme: Warm Orange Light, colorScheme: warm_orange, isDarkMode: false, currentTheme: WARM_ORANGE_LIGHT
09-23 18:05:49.801 13465 13465 D Console : Activity MainActivity usesToolbar: true
09-23 18:05:49.802 13465 13465 D Console : Setting night mode to NO
09-23 18:05:49.807 13465 13465 D LifecycleMonitor: Lifecycle status change: com.shareconnect.MainActivity@e22fe81 in: CREATED
09-23 18:05:49.808 13465 13465 V ActivityScenario: Update currentActivityStage to CREATED, currentActivity=com.shareconnect.MainActivity@e22fe81
09-23 18:05:49.808 13465 13465 D LifecycleMonitor: Lifecycle status change: com.shareconnect.MainActivity@e22fe81 in: STARTED
09-23 18:05:49.808 13465 13465 V ActivityScenario: Update currentActivityStage to STARTED, currentActivity=com.shareconnect.MainActivity@e22fe81
09-23 18:05:49.809 13465 13465 D FirebaseSessions: App foregrounded on com.shareconnect
09-23 18:05:49.810 13465 13465 V Console : Activity lifecycle :: RESUMED :: MainActivity
09-23 18:05:49.811 13465 13465 V Console : Foreground activity counter :: AtomicIntWrapper :: 12312792 :: 227589169 :: Value of: 0
09-23 18:05:49.811 13465 13465 I Console : Activity lifecycle :: Main state :: Foreground
09-23 18:05:49.811 13465 13465 V Console : Foreground activity counter :: AtomicIntWrapper :: 12312792 :: 227589169 :: Incremented to: 1
09-23 18:05:49.811 13465 13465 D Console : hasThemeChanged() returned: false
09-23 18:05:49.811 13465 13465 D Console : onResume() called, themeChanged: false
09-23 18:05:49.811 13465 13465 D LifecycleMonitor: Lifecycle status change: com.shareconnect.MainActivity@e22fe81 in: RESUMED
09-23 18:05:49.811 13465 13465 V ActivityScenario: Update currentActivityStage to RESUMED, currentActivity=com.shareconnect.MainActivity@e22fe81
09-23 18:05:49.811 13465 13465 V Console : Activity lifecycle :: POST-RESUMED :: MainActivity
09-23 18:05:49.812 13465 13562 W Parcel  : Expecting binder but got null!
09-23 18:05:49.814 13465 13465 V Console : Activity lifecycle :: PRE-PAUSED :: MainActivity
09-23 18:05:49.814 13465 13465 D Console : Activity lifecycle :: Top activity: MainActivity
09-23 18:05:49.814 13465 13465 D FirebaseSessions: App backgrounded on com.shareconnect
09-23 18:05:49.816 13465 13465 V Console : Activity lifecycle :: PAUSED :: MainActivity
09-23 18:05:49.816 13465 13465 V Console : Foreground activity counter :: AtomicIntWrapper :: 12312792 :: 227589169 :: Decremented to: 0
09-23 18:05:49.816 13465 13465 D LifecycleMonitor: Lifecycle status change: com.shareconnect.MainActivity@e22fe81 in: PAUSED
09-23 18:05:49.816 13465 13465 V ActivityScenario: Update currentActivityStage to PAUSED, currentActivity=com.shareconnect.MainActivity@e22fe81
09-23 18:05:49.817   779   868 E OpenGLRenderer: Unable to match the desired swap behavior.
09-23 18:05:49.821   998   998 W FrameTracker: Missed App frame:UNKNOWN: 24, 206060, 19756173, CUJ=J<LAUNCHER_APP_CLOSE_TO_HOME>
09-23 18:05:49.821   998   998 W FrameTracker: Missed SF frame:UNKNOWN: 24, 206060, 19756173, CUJ=J<LAUNCHER_APP_CLOSE_TO_HOME>
09-23 18:05:49.821   998   998 W FrameTracker: Missed SF frame:UNKNOWN: 80, 206082, 18956882, CUJ=J<LAUNCHER_APP_CLOSE_TO_HOME>
09-23 18:05:49.821   998   998 W FrameTracker: Missed SF frame:UNKNOWN: 80, 206097, 22386383, CUJ=J<LAUNCHER_APP_CLOSE_TO_HOME>
09-23 18:05:49.821   998   998 W FrameTracker: Missed SF frame:UNKNOWN: 80, 206112, 20499925, CUJ=J<LAUNCHER_APP_CLOSE_TO_HOME>
09-23 18:05:49.821   998   998 W FrameTracker: Missed SF frame:UNKNOWN: 80, 206127, 19933968, CUJ=J<LAUNCHER_APP_CLOSE_TO_HOME>
09-23 18:05:49.821   998   998 W FrameTracker: Missed SF frame:UNKNOWN: 80, 206142, 19026760, CUJ=J<LAUNCHER_APP_CLOSE_TO_HOME>
09-23 18:05:49.821   998   998 W FrameTracker: Missed SF frame:UNKNOWN: 80, 206157, 19271761, CUJ=J<LAUNCHER_APP_CLOSE_TO_HOME>
09-23 18:05:49.821   998   998 W FrameTracker: Missed SF frame:UNKNOWN: 80, 206172, 18797303, CUJ=J<LAUNCHER_APP_CLOSE_TO_HOME>
09-23 18:05:49.821   998   998 W FrameTracker: Missed SF frame:UNKNOWN: 80, 206187, 18699554, CUJ=J<LAUNCHER_APP_CLOSE_TO_HOME>
09-23 18:05:49.821   998   998 W FrameTracker: Missed SF frame:UNKNOWN: 80, 206202, 18882929, CUJ=J<LAUNCHER_APP_CLOSE_TO_HOME>
09-23 18:05:49.821   998   998 W FrameTracker: Missed SF frame:UNKNOWN: 80, 206217, 19167180, CUJ=J<LAUNCHER_APP_CLOSE_TO_HOME>
09-23 18:05:49.821   998   998 W FrameTracker: Missed SF frame:UNKNOWN: 80, 206232, 19293806, CUJ=J<LAUNCHER_APP_CLOSE_TO_HOME>
09-23 18:05:49.821   998   998 W FrameTracker: Missed SF frame:UNKNOWN: 80, 206247, 19333348, CUJ=J<LAUNCHER_APP_CLOSE_TO_HOME>
09-23 18:05:49.821   998   998 W FrameTracker: Missed SF frame:UNKNOWN: 80, 206262, 18642765, CUJ=J<LAUNCHER_APP_CLOSE_TO_HOME>
09-23 18:05:49.821   998   998 W FrameTracker: Missed SF frame:UNKNOWN: 80, 206277, 18457933, CUJ=J<LAUNCHER_APP_CLOSE_TO_HOME>
09-23 18:05:49.821   998   998 W FrameTracker: Missed SF frame:UNKNOWN: 80, 206292, 18975767, CUJ=J<LAUNCHER_APP_CLOSE_TO_HOME>
09-23 18:05:49.821   998   998 W FrameTracker: Missed SF frame:UNKNOWN: 80, 206307, 18792476, CUJ=J<LAUNCHER_APP_CLOSE_TO_HOME>
09-23 18:05:49.821   998   998 W FrameTracker: Missed SF frame:UNKNOWN: 80, 206322, 19573477, CUJ=J<LAUNCHER_APP_CLOSE_TO_HOME>
09-23 18:05:49.821   998   998 W FrameTracker: Missed SF frame:UNKNOWN: 80, 206337, 18863227, CUJ=J<LAUNCHER_APP_CLOSE_TO_HOME>
09-23 18:05:49.821   998   998 W FrameTracker: Missed SF frame:UNKNOWN: 80, 206352, 20296478, CUJ=J<LAUNCHER_APP_CLOSE_TO_HOME>
09-23 18:05:49.838 13465 13562 E OpenGLRenderer: Unable to match the desired swap behavior.
09-23 18:05:49.843 13465 14013 V Console : Foreground activity counter :: AtomicIntWrapper :: 12312792 :: 227589169 :: Value of: 0
09-23 18:05:49.844 13465 14013 I Console : Activity lifecycle :: Main state :: Background
09-23 18:05:49.858 13465 13465 D LifecycleMonitor: Lifecycle status change: com.shareconnect.SettingsActivity@54bb0c5 in: PRE_ON_CREATE
09-23 18:05:49.858 13465 13465 V ActivityScenario: Activity lifecycle changed event received but ignored because the intent does not match. startActivityIntent=Intent { act=android.intent.action.MAIN cat=[android.intent.category.LAUNCHER] flg=0x10008000 cmp=com.shareconnect/.MainActivity }, activity.getIntent()=Intent { cmp=com.shareconnect/.SettingsActivity (has extras) }, activity=com.shareconnect.SettingsActivity@54bb0c5
09-23 18:05:49.860 13465 13465 D Console : getDefaultTheme() returned: Warm Orange Light (ID: 1, isDefault: true)
09-23 18:05:49.860 13465 13465 D Console : getDefaultTheme() returned: Warm Orange Light (ID: 1, isDefault: true)
09-23 18:05:49.860 13465 13465 D Console : Applying theme: Warm Orange Light, colorScheme: warm_orange, isDarkMode: false, currentTheme: WARM_ORANGE_LIGHT
09-23 18:05:49.860 13465 13465 D Console : Activity SettingsActivity usesToolbar: true
09-23 18:05:49.861 13465 13465 D Console : Setting night mode to NO
09-23 18:05:49.864 13465 13465 D LifecycleMonitor: Lifecycle status change: com.shareconnect.SettingsActivity@54bb0c5 in: CREATED
09-23 18:05:49.864 13465 13465 V ActivityScenario: Activity lifecycle changed event received but ignored because the intent does not match. startActivityIntent=Intent { act=android.intent.action.MAIN cat=[android.intent.category.LAUNCHER] flg=0x10008000 cmp=com.shareconnect/.MainActivity }, activity.getIntent()=Intent { cmp=com.shareconnect/.SettingsActivity (has extras) }, activity=com.shareconnect.SettingsActivity@54bb0c5
09-23 18:05:49.867 13465 13465 D LifecycleMonitor: Lifecycle status change: com.shareconnect.SettingsActivity@54bb0c5 in: STARTED
09-23 18:05:49.867 13465 13465 V ActivityScenario: Activity lifecycle changed event received but ignored because the intent does not match. startActivityIntent=Intent { act=android.intent.action.MAIN cat=[android.intent.category.LAUNCHER] flg=0x10008000 cmp=com.shareconnect/.MainActivity }, activity.getIntent()=Intent { cmp=com.shareconnect/.SettingsActivity (has extras) }, activity=com.shareconnect.SettingsActivity@54bb0c5
09-23 18:05:49.867 13465 13465 D FirebaseSessions: App foregrounded on com.shareconnect
09-23 18:05:49.869 13465 13465 V Console : Activity lifecycle :: RESUMED :: SettingsActivity
09-23 18:05:49.869 13465 13465 V Console : Foreground activity counter :: AtomicIntWrapper :: 12312792 :: 227589169 :: Value of: 0
09-23 18:05:49.869 13465 13465 I Console : Activity lifecycle :: Main state :: Foreground
09-23 18:05:49.869 13465 13465 V Console : Foreground activity counter :: AtomicIntWrapper :: 12312792 :: 227589169 :: Incremented to: 1
09-23 18:05:49.869 13465 13465 D LifecycleMonitor: Lifecycle status change: com.shareconnect.SettingsActivity@54bb0c5 in: RESUMED
09-23 18:05:49.869 13465 13465 V ActivityScenario: Activity lifecycle changed event received but ignored because the intent does not match. startActivityIntent=Intent { act=android.intent.action.MAIN cat=[android.intent.category.LAUNCHER] flg=0x10008000 cmp=com.shareconnect/.MainActivity }, activity.getIntent()=Intent { cmp=com.shareconnect/.SettingsActivity (has extras) }, activity=com.shareconnect.SettingsActivity@54bb0c5
09-23 18:05:49.870 13465 13465 V Console : Activity lifecycle :: POST-RESUMED :: SettingsActivity
09-23 18:05:49.871 13465 13562 W Parcel  : Expecting binder but got null!
09-23 18:05:49.878 13465 13465 V Console : Activity lifecycle :: PRE-STOPPED :: MainActivity
09-23 18:05:49.878 13465 13465 V Console : Activity lifecycle :: STOPPED :: MainActivity
09-23 18:05:49.878 13465 13465 D LifecycleMonitor: Lifecycle status change: com.shareconnect.MainActivity@e22fe81 in: STOPPED
09-23 18:05:49.878 13465 13465 V ActivityScenario: Update currentActivityStage to STOPPED, currentActivity=com.shareconnect.MainActivity@e22fe81
09-23 18:05:49.879 13465 13465 V Console : Activity lifecycle :: POST-STOPPED :: MainActivity
09-23 18:05:49.888 13465 13562 E OpenGLRenderer: Unable to match the desired swap behavior.
09-23 18:05:49.895   779   868 D EGL_emulation: app_time_stats: avg=516.43ms min=5.03ms max=5514.92ms count=11
09-23 18:05:49.899  1581  1581 I GsaVoiceInteractionSrv: Handling ACTION_STOP_HOTWORD
09-23 18:05:49.900  1581  2234 I HwDetectorWithState: (REDACTED) a: %d
09-23 18:05:49.914   488   503 W ziparchive: Unable to open '/data/app/~~kWNn5P5i1VBCZAn7TalMSA==/com.shareconnect-NEp2ZttYEsfwFJQKiNDPXA==/base.dm': No such file or directory
09-23 18:05:49.915   488   503 I ActivityTaskManager: Displayed com.shareconnect/.SettingsActivity: +119ms
09-23 18:05:49.928 11811 11811 I GoogleInputMethodService: GoogleInputMethodService.onFinishInput():3227
09-23 18:05:49.929 11811 11811 I GoogleInputMethodService: GoogleInputMethodService.updateDeviceLockedStatus():2087 repeatCheckTimes = 0, unlocked = true
09-23 18:05:49.929 11811 11811 I GoogleInputMethodService: GoogleInputMethodService.onStartInput():1877 onStartInput(EditorInfo{inputType=0x0(NULL) imeOptions=0x0 privateImeOptions=null actionName=UNSPECIFIED actionLabel=null actionId=0 initialSelStart=-1 initialSelEnd=-1 initialCapsMode=0x0 hintText=null label=null packageName=com.shareconnect fieldId=2131231190 fieldName=null extras=null}, false)
09-23 18:05:49.929 11811 11811 I GoogleInputMethodService: GoogleInputMethodService.shouldHideHeaderOnInitialState():4008 ShouldHideHeaderOnInitialState = false
09-23 18:05:49.930 11811 11811 I GoogleInputMethodService: GoogleInputMethodService.updateDeviceLockedStatus():2087 repeatCheckTimes = 2, unlocked = true
09-23 18:05:50.129  1581  2227 I AssistantForeground: (REDACTED) Get launcher package: %s
09-23 18:05:50.146   998  1945 D OneSearchSuggestProvider: Shut down the binder channel
09-23 18:05:50.147   998 13981 I s.nexuslauncher: oneway function results for code 2 on binder at 0xb400007a39488980 will be dropped but finished with status UNKNOWN_TRANSACTION
09-23 18:05:50.193   488   501 W InputManager-JNI: Input channel object '2f89c5f Splash Screen com.shareconnect (client)' was disposed without first being removed with the input manager!
09-23 18:05:50.319 13465 13544 V Console : Foreground activity counter :: AtomicIntWrapper :: 12312792 :: 227589169 :: Value of: 1
09-23 18:05:50.507   779   868 D EGL_emulation: app_time_stats: avg=24.40ms min=8.15ms max=73.27ms count=41
09-23 18:05:51.496 13465 13562 D EGL_emulation: app_time_stats: avg=158.67ms min=11.77ms max=1448.56ms count=10
09-23 18:05:51.527   779   868 D EGL_emulation: app_time_stats: avg=50.83ms min=15.76ms max=153.17ms count=20
09-23 18:05:54.442 12330 14385 W WakeLock: GCM_HB_ALARM release without a matched acquire!
09-23 18:05:54.442 12330 14385 W WakeLock: GCM_HB_ALARM counter does not exist
09-23 18:05:54.456 12330 12386 D TrafficStats: tagSocket(-1) with statsTag=0x407, statsUid=-1
09-23 18:05:54.456 12330 12386 I TrafficStats: tagSocketFd(-1, 1031, -1) failed with errno-9
09-23 18:05:54.456 12330 12386 D TrafficStats: tagSocket(80) with statsTag=0x407, statsUid=-1
09-23 18:05:54.665 12330 14385 D TrafficStats: tagSocket(81) with statsTag=0x407, statsUid=-1
09-23 18:05:54.682 12330 14385 I AlarmManager: setExactAndAllowWhileIdle [name: GCM_HB_ALARM type: 2 triggerAtMillis: 2360079]
09-23 18:05:54.794 12330 14385 I AlarmManager: setExactAndAllowWhileIdle [name: GCM_HB_ALARM type: 2 triggerAtMillis: 2360191]
09-23 18:05:54.798 12330 14385 I AlarmManager: setExactAndAllowWhileIdle [name: GCM_HB_ALARM type: 2 triggerAtMillis: 2360194]
09-23 18:05:54.955 13465 13465 V Console : Activity lifecycle :: PRE-PAUSED :: SettingsActivity
09-23 18:05:54.955 13465 13465 D Console : Activity lifecycle :: Top activity: SettingsActivity
09-23 18:05:54.957 13465 13465 D FirebaseSessions: App backgrounded on com.shareconnect
09-23 18:05:54.964 13465 13465 V Console : Activity lifecycle :: PAUSED :: SettingsActivity
09-23 18:05:54.965 13465 13465 V Console : Foreground activity counter :: AtomicIntWrapper :: 12312792 :: 227589169 :: Decremented to: 0
09-23 18:05:54.966 13465 13465 D LifecycleMonitor: Lifecycle status change: com.shareconnect.SettingsActivity@54bb0c5 in: PAUSED
09-23 18:05:54.966 13465 13465 V ActivityScenario: Activity lifecycle changed event received but ignored because the intent does not match. startActivityIntent=Intent { act=android.intent.action.MAIN cat=[android.intent.category.LAUNCHER] flg=0x10008000 cmp=com.shareconnect/.MainActivity }, activity.getIntent()=Intent { cmp=com.shareconnect/.SettingsActivity (has extras) }, activity=com.shareconnect.SettingsActivity@54bb0c5
09-23 18:05:54.983 13465 13465 D LifecycleMonitor: Lifecycle status change: androidx.test.core.app.InstrumentationActivityInvoker$EmptyActivity@dc2b754 in: PRE_ON_CREATE
09-23 18:05:54.983 13465 13465 V ActivityScenario: Activity lifecycle changed event received but ignored because the intent does not match. startActivityIntent=Intent { act=android.intent.action.MAIN cat=[android.intent.category.LAUNCHER] flg=0x10008000 cmp=com.shareconnect/.MainActivity }, activity.getIntent()=Intent { act=android.intent.action.MAIN cat=[android.intent.category.LAUNCHER] flg=0x10000000 cmp=com.shareconnect/androidx.test.core.app.InstrumentationActivityInvoker$EmptyActivity }, activity=androidx.test.core.app.InstrumentationActivityInvoker$EmptyActivity@dc2b754
09-23 18:05:54.993 13465 13465 D LifecycleMonitor: Lifecycle status change: androidx.test.core.app.InstrumentationActivityInvoker$EmptyActivity@dc2b754 in: CREATED
09-23 18:05:54.993 13465 13465 V ActivityScenario: Activity lifecycle changed event received but ignored because the intent does not match. startActivityIntent=Intent { act=android.intent.action.MAIN cat=[android.intent.category.LAUNCHER] flg=0x10008000 cmp=com.shareconnect/.MainActivity }, activity.getIntent()=Intent { act=android.intent.action.MAIN cat=[android.intent.category.LAUNCHER] flg=0x10000000 cmp=com.shareconnect/androidx.test.core.app.InstrumentationActivityInvoker$EmptyActivity }, activity=androidx.test.core.app.InstrumentationActivityInvoker$EmptyActivity@dc2b754
09-23 18:05:54.996 13465 13465 D LifecycleMonitor: Lifecycle status change: androidx.test.core.app.InstrumentationActivityInvoker$EmptyActivity@dc2b754 in: STARTED
09-23 18:05:54.997 13465 13465 V ActivityScenario: Activity lifecycle changed event received but ignored because the intent does not match. startActivityIntent=Intent { act=android.intent.action.MAIN cat=[android.intent.category.LAUNCHER] flg=0x10008000 cmp=com.shareconnect/.MainActivity }, activity.getIntent()=Intent { act=android.intent.action.MAIN cat=[android.intent.category.LAUNCHER] flg=0x10000000 cmp=com.shareconnect/androidx.test.core.app.InstrumentationActivityInvoker$EmptyActivity }, activity=androidx.test.core.app.InstrumentationActivityInvoker$EmptyActivity@dc2b754
09-23 18:05:54.999 13465 13465 D FirebaseSessions: App foregrounded on com.shareconnect
09-23 18:05:55.000 13465 13465 V Console : Activity lifecycle :: RESUMED :: EmptyActivity
09-23 18:05:55.000 13465 13465 V Console : Foreground activity counter :: AtomicIntWrapper :: 12312792 :: 227589169 :: Value of: 0
09-23 18:05:55.001 13465 13465 I Console : Activity lifecycle :: Main state :: Foreground
09-23 18:05:55.001 13465 13465 V Console : Foreground activity counter :: AtomicIntWrapper :: 12312792 :: 227589169 :: Incremented to: 1
09-23 18:05:55.005 13465 13465 D LifecycleMonitor: Lifecycle status change: androidx.test.core.app.InstrumentationActivityInvoker$EmptyActivity@dc2b754 in: RESUMED
09-23 18:05:55.006 13465 13465 V ActivityScenario: Activity lifecycle changed event received but ignored because the intent does not match. startActivityIntent=Intent { act=android.intent.action.MAIN cat=[android.intent.category.LAUNCHER] flg=0x10008000 cmp=com.shareconnect/.MainActivity }, activity.getIntent()=Intent { act=android.intent.action.MAIN cat=[android.intent.category.LAUNCHER] flg=0x10000000 cmp=com.shareconnect/androidx.test.core.app.InstrumentationActivityInvoker$EmptyActivity }, activity=androidx.test.core.app.InstrumentationActivityInvoker$EmptyActivity@dc2b754
09-23 18:05:55.010 13465 13465 V Console : Activity lifecycle :: POST-RESUMED :: EmptyActivity
09-23 18:05:55.017 13465 13562 W Parcel  : Expecting binder but got null!
09-23 18:05:55.070 13465 13562 E OpenGLRenderer: Unable to match the desired swap behavior.
09-23 18:05:55.178   488   503 I ActivityTaskManager: Displayed com.shareconnect/androidx.test.core.app.InstrumentationActivityInvoker$EmptyActivity: +237ms
09-23 18:05:55.186 13465 13465 V Console : Activity lifecycle :: PRE-DESTROYED :: MainActivity
09-23 18:05:55.189 13465 13465 V Console : Activity lifecycle :: DESTROYED :: MainActivity
09-23 18:05:55.190 13465 13465 D LifecycleMonitor: Lifecycle status change: com.shareconnect.MainActivity@e22fe81 in: DESTROYED
09-23 18:05:55.190 13465 13465 V ActivityScenario: Update currentActivityStage to DESTROYED, currentActivity=null
09-23 18:05:55.196 13465 13562 D EGL_emulation: app_time_stats: avg=217.49ms min=13.91ms max=3436.41ms count=17
09-23 18:05:55.198   488   834 W InputManager-JNI: Input channel object 'cb5082d com.shareconnect/com.shareconnect.MainActivity (client)' was disposed without first being removed with the input manager!
09-23 18:05:55.203 13465 13465 V Console : Activity lifecycle :: PRE-STOPPED :: SettingsActivity
09-23 18:05:55.206 13465 13465 V Console : Activity lifecycle :: STOPPED :: SettingsActivity
09-23 18:05:55.207 13465 13465 D LifecycleMonitor: Lifecycle status change: com.shareconnect.SettingsActivity@54bb0c5 in: STOPPED
09-23 18:05:55.207 13465 13465 V ActivityScenario: Activity lifecycle changed event received but ignored because the intent does not match. startActivityIntent=Intent { act=android.intent.action.MAIN cat=[android.intent.category.LAUNCHER] flg=0x10008000 cmp=com.shareconnect/.MainActivity }, activity.getIntent()=Intent { cmp=com.shareconnect/.SettingsActivity (has extras) }, activity=com.shareconnect.SettingsActivity@54bb0c5
09-23 18:05:55.207 13465 13465 V Console : Activity lifecycle :: POST-STOPPED :: SettingsActivity
09-23 18:05:55.242 11811 11811 I GoogleInputMethodService: GoogleInputMethodService.onFinishInput():3227
09-23 18:05:55.242 13465 13542 E TestRunner: failed: testToolbarIsDisplayed(com.shareconnect.activities.MainActivityInstrumentationTest)
09-23 18:05:55.242 13465 13542 E TestRunner: ----- begin exception -----
09-23 18:05:55.242 13465 13542 E TestRunner: java.lang.NoClassDefFoundError: Failed resolution of: Lorg/hamcrest/Matchers;
09-23 18:05:55.242 13465 13542 E TestRunner: 	at androidx.test.espresso.matcher.ViewMatchers.withId(ViewMatchers.java:1)
09-23 18:05:55.242 13465 13542 E TestRunner: 	at com.shareconnect.activities.MainActivityInstrumentationTest.testToolbarIsDisplayed(MainActivityInstrumentationTest.kt:99)
09-23 18:05:55.242 13465 13542 E TestRunner: 	at java.lang.reflect.Method.invoke(Native Method)
09-23 18:05:55.242 13465 13542 E TestRunner: 	at org.junit.runners.model.FrameworkMethod$1.runReflectiveCall(FrameworkMethod.java:59)
09-23 18:05:55.242 13465 13542 E TestRunner: 	at org.junit.internal.runners.model.ReflectiveCallable.run(ReflectiveCallable.java:12)
09-23 18:05:55.242 13465 13542 E TestRunner: 	at org.junit.runners.model.FrameworkMethod.invokeExplosively(FrameworkMethod.java:56)
09-23 18:05:55.242 13465 13542 E TestRunner: 	at org.junit.internal.runners.statements.InvokeMethod.evaluate(InvokeMethod.java:17)
09-23 18:05:55.242 13465 13542 E TestRunner: 	at androidx.test.internal.runner.junit4.statement.RunBefores.evaluate(RunBefores.java:80)
09-23 18:05:55.242 13465 13542 E TestRunner: 	at androidx.test.internal.runner.junit4.statement.RunAfters.evaluate(RunAfters.java:61)
09-23 18:05:55.242 13465 13542 E TestRunner: 	at androidx.test.rule.ActivityTestRule$ActivityStatement.evaluate(ActivityTestRule.java:522)
09-23 18:05:55.242 13465 13542 E TestRunner: 	at org.junit.runners.ParentRunner$3.evaluate(ParentRunner.java:306)
09-23 18:05:55.242 13465 13542 E TestRunner: 	at org.junit.runners.BlockJUnit4ClassRunner$1.evaluate(BlockJUnit4ClassRunner.java:100)
09-23 18:05:55.242 13465 13542 E TestRunner: 	at org.junit.runners.ParentRunner.runLeaf(ParentRunner.java:366)
09-23 18:05:55.242 13465 13542 E TestRunner: 	at org.junit.runners.BlockJUnit4ClassRunner.runChild(BlockJUnit4ClassRunner.java:103)
09-23 18:05:55.242 13465 13542 E TestRunner: 	at org.junit.runners.BlockJUnit4ClassRunner.runChild(BlockJUnit4ClassRunner.java:63)
09-23 18:05:55.242 13465 13542 E TestRunner: 	at org.junit.runners.ParentRunner$4.run(ParentRunner.java:331)
09-23 18:05:55.242 13465 13542 E TestRunner: 	at org.junit.runners.ParentRunner$1.schedule(ParentRunner.java:79)
09-23 18:05:55.242 13465 13542 E TestRunner: 	at org.junit.runners.ParentRunner.runChildren(ParentRunner.java:329)
09-23 18:05:55.242 13465 13542 E TestRunner: 	at org.junit.runners.ParentRunner.access$100(ParentRunner.java:66)
09-23 18:05:55.242 13465 13542 E TestRunner: 	at org.junit.runners.ParentRunner$2.evaluate(ParentRunner.java:293)
09-23 18:05:55.242 13465 13542 E TestRunner: 	at org.junit.runners.ParentRunner$3.evaluate(ParentRunner.java:306)
09-23 18:05:55.242 13465 13542 E TestRunner: 	at org.junit.runners.ParentRunner.run(ParentRunner.java:413)
09-23 18:05:55.242 13465 13542 E TestRunner: 	at androidx.test.ext.junit.runners.AndroidJUnit4.run(AndroidJUnit4.java:162)
09-23 18:05:55.242 13465 13542 E TestRunner: 	at org.junit.runners.Suite.runChild(Suite.java:128)
09-23 18:05:55.242 13465 13542 E TestRunner: 	at org.junit.runners.Suite.runChild(Suite.java:27)
09-23 18:05:55.242 13465 13542 E TestRunner: 	at org.junit.runners.ParentRunner$4.run(ParentRunner.java:331)
09-23 18:05:55.242 13465 13542 E TestRunner: 	at org.junit.runners.ParentRunner$1.schedule(ParentRunner.java:79)
09-23 18:05:55.242 13465 13542 E TestRunner: 	at org.junit.runners.ParentRunner.runChildren(ParentRunner.java:329)
09-23 18:05:55.242 13465 13542 E TestRunner: 	at org.junit.runners.ParentRunner.access$100(ParentRunner.java:66)
09-23 18:05:55.242 13465 13542 E TestRunner: 	at org.junit.runners.ParentRunner$2.evaluate(ParentRunner.java:293)
09-23 18:05:55.242 13465 13542 E TestRunner: 	at org.junit.runners.ParentRunner$3.evaluate(ParentRunner.java:306)
09-23 18:05:55.242 13465 13542 E TestRunner: 	at org.junit.runners.ParentRunner.run(ParentRunner.java:413)
09-23 18:05:55.242 13465 13542 E TestRunner: 	at org.junit.runners.Suite.runChild(Suite.java:128)
09-23 18:05:55.242 13465 13542 E TestRunner: 	at org.junit.runners.Suite.runChild(Suite.java:27)
09-23 18:05:55.242 13465 13542 E TestRunner: 	at org.junit.runners.ParentRunner$4.run(ParentRunner.java:331)
09-23 18:05:55.242 13465 13542 E TestRunner: 	at org.junit.runners.ParentRunner$1.schedule(ParentRunner.java:79)
09-23 18:05:55.242 13465 13542 E TestRunner: 	at org.junit.runners.ParentRunner.runChildren(ParentRunner.java:329)
09-23 18:05:55.242 13465 13542 E TestRunner: 	at org.junit.runners.ParentRunner.access$100(ParentRunner.java:66)
09-23 18:05:55.242 13465 13542 E TestRunner: 	at org.junit.runners.ParentRunner$2.evaluate(ParentRunner.java:293)
09-23 18:05:55.242 13465 13542 E TestRunner: 	at org.junit.runners.ParentRunner$3.evaluate(ParentRunner.java:306)
09-23 18:05:55.242 13465 13542 E TestRunner: 	at org.junit.runners.ParentRunner.run(ParentRunner.java:413)
09-23 18:05:55.242 13465 13542 E TestRunner: 	at org.junit.runner.JUnitCore.run(JUnitCore.java:137)
09-23 18:05:55.242 13465 13542 E TestRunner: 	at org.junit.runner.JUnitCore.run(JUnitCore.java:115)
09-23 18:05:55.242 13465 13542 E TestRunner: 	at androidx.test.internal.runner.TestExecutor.execute(TestExecutor.java:68)
09-23 18:05:55.242 13465 13542 E TestRunner: 	at androidx.test.internal.runner.TestExecutor.execute(TestExecutor.java:59)
09-23 18:05:55.242 13465 13542 E TestRunner: 	at androidx.test.runner.AndroidJUnitRunner.onStart(AndroidJUnitRunner.java:463)
09-23 18:05:55.242 13465 13542 E TestRunner: 	at android.app.Instrumentation$InstrumentationThread.run(Instrumentation.java:2361)
09-23 18:05:55.242 13465 13542 E TestRunner: Caused by: java.lang.ClassNotFoundException: Didn't find class "org.hamcrest.Matchers" on path: DexPathList[[zip file "/system/framework/android.test.runner.jar", zip file "/system/framework/android.test.mock.jar", zip file "/system/framework/android.test.base.jar", zip file "/data/app/~~tgPGD1IvZyVihJ5WEriGpw==/com.shareconnect.test-KRYtWayfc-BAIa-BFJT_mw==/base.apk", zip file "/data/app/~~kWNn5P5i1VBCZAn7TalMSA==/com.shareconnect-NEp2ZttYEsfwFJQKiNDPXA==/base.apk"],nativeLibraryDirectories=[/data/app/~~tgPGD1IvZyVihJ5WEriGpw==/com.shareconnect.test-KRYtWayfc-BAIa-BFJT_mw==/lib/arm64, /data/app/~~kWNn5P5i1VBCZAn7TalMSA==/com.shareconnect-NEp2ZttYEsfwFJQKiNDPXA==/lib/arm64, /data/app/~~tgPGD1IvZyVihJ5WEriGpw==/com.shareconnect.test-KRYtWayfc-BAIa-BFJT_mw==/base.apk!/lib/arm64-v8a, /data/app/~~kWNn5P5i1VBCZAn7TalMSA==/com.shareconnect-NEp2ZttYEsfwFJQKiNDPXA==/base.apk!/lib/arm64-v8a, /system/lib64, /system_ext/lib64]]
09-23 18:05:55.242 13465 13542 E TestRunner: 	at dalvik.system.BaseDexClassLoader.findClass(BaseDexClassLoader.java:259)
09-23 18:05:55.242 13465 13542 E TestRunner: 	at java.lang.ClassLoader.loadClass(ClassLoader.java:379)
09-23 18:05:55.242 13465 13542 E TestRunner: 	at java.lang.ClassLoader.loadClass(ClassLoader.java:312)
09-23 18:05:55.242 13465 13542 E TestRunner: 	... 47 more
09-23 18:05:55.242 13465 13542 E TestRunner: ----- end exception -----
09-23 18:05:55.246 11811 11811 I GoogleInputMethodService: GoogleInputMethodService.updateDeviceLockedStatus():2087 repeatCheckTimes = 0, unlocked = true
09-23 18:05:55.246 11811 11811 I GoogleInputMethodService: GoogleInputMethodService.onStartInput():1877 onStartInput(EditorInfo{inputType=0x0(NULL) imeOptions=0x0 privateImeOptions=null actionName=UNSPECIFIED actionLabel=null actionId=0 initialSelStart=-1 initialSelEnd=-1 initialCapsMode=0x0 hintText=null label=null packageName=com.shareconnect fieldId=-1 fieldName=null extras=null}, false)
09-23 18:05:55.246 11811 11811 I GoogleInputMethodService: GoogleInputMethodService.shouldHideHeaderOnInitialState():4008 ShouldHideHeaderOnInitialState = false
09-23 18:05:55.250 11811 11811 I GoogleInputMethodService: GoogleInputMethodService.updateDeviceLockedStatus():2087 repeatCheckTimes = 2, unlocked = true
09-23 18:05:55.251 13465 13542 I TestRunner: finished: testToolbarIsDisplayed(com.shareconnect.activities.MainActivityInstrumentationTest)
