09-23 18:04:52.791 13465 13542 I TestRunner: started: testKeyboardNavigation(com.shareconnect.automation.AccessibilityAutomationTest)
09-23 18:04:52.793 13465 13542 W Settings: Setting always_finish_activities has moved from android.provider.Settings.System to android.provider.Settings.Global, returning read-only value.
09-23 18:04:52.798   779   868 W Parcel  : Expecting binder but got null!
09-23 18:04:52.803 13465 13465 D LifecycleMonitor: Lifecycle status change: com.shareconnect.MainActivity@92d5741 in: PRE_ON_CREATE
09-23 18:04:52.803 13465 13465 V ActivityScenario: Activity lifecycle changed event received but ignored because the reported transition was not ON_CREATE while the last known transition was PRE_ON_CREATE
09-23 18:04:52.804 13465 13465 D Console : getDefaultTheme() returned: Warm Orange Light (ID: 1, isDefault: true)
09-23 18:04:52.804 13465 13465 D Console : getDefaultTheme() returned: Warm Orange Light (ID: 1, isDefault: true)
09-23 18:04:52.804 13465 13465 D Console : Applying theme: Warm Orange Light, colorScheme: warm_orange, isDarkMode: false, currentTheme: WARM_ORANGE_LIGHT
09-23 18:04:52.804 13465 13465 D Console : Activity MainActivity usesToolbar: true
09-23 18:04:52.805 13465 13465 D Console : Setting night mode to NO
09-23 18:04:52.816   779   868 E OpenGLRenderer: Unable to match the desired swap behavior.
09-23 18:04:52.817 13465 13465 D LifecycleMonitor: Lifecycle status change: com.shareconnect.MainActivity@92d5741 in: CREATED
09-23 18:04:52.817 13465 13465 V ActivityScenario: Update currentActivityStage to CREATED, currentActivity=com.shareconnect.MainActivity@92d5741
09-23 18:04:52.817 13465 13465 D LifecycleMonitor: Lifecycle status change: com.shareconnect.MainActivity@92d5741 in: STARTED
09-23 18:04:52.817 13465 13465 V ActivityScenario: Update currentActivityStage to STARTED, currentActivity=com.shareconnect.MainActivity@92d5741
09-23 18:04:52.818 13465 13465 D FirebaseSessions: App foregrounded on com.shareconnect
09-23 18:04:52.820 13465 13465 V Console : Activity lifecycle :: RESUMED :: MainActivity
09-23 18:04:52.820 13465 13465 V Console : Foreground activity counter :: AtomicIntWrapper :: 12312792 :: 227589169 :: Value of: 0
09-23 18:04:52.820 13465 13465 I Console : Activity lifecycle :: Main state :: Foreground
09-23 18:04:52.820 13465 13465 V Console : Foreground activity counter :: AtomicIntWrapper :: 12312792 :: 227589169 :: Incremented to: 1
09-23 18:04:52.820 13465 13465 D Console : hasThemeChanged() returned: false
09-23 18:04:52.820 13465 13465 D Console : onResume() called, themeChanged: false
09-23 18:04:52.820 13465 13465 D LifecycleMonitor: Lifecycle status change: com.shareconnect.MainActivity@92d5741 in: RESUMED
09-23 18:04:52.820 13465 13465 V ActivityScenario: Update currentActivityStage to RESUMED, currentActivity=com.shareconnect.MainActivity@92d5741
09-23 18:04:52.821 13465 13465 V Console : Activity lifecycle :: POST-RESUMED :: MainActivity
09-23 18:04:52.822 13465 13562 W Parcel  : Expecting binder but got null!
09-23 18:04:52.828 13465 13465 V Console : Activity lifecycle :: PRE-PAUSED :: MainActivity
09-23 18:04:52.828 13465 13465 D Console : Activity lifecycle :: Top activity: MainActivity
09-23 18:04:52.828 13465 13465 D FirebaseSessions: App backgrounded on com.shareconnect
09-23 18:04:52.830 13465 13465 V Console : Activity lifecycle :: PAUSED :: MainActivity
09-23 18:04:52.830 13465 13465 V Console : Foreground activity counter :: AtomicIntWrapper :: 12312792 :: 227589169 :: Decremented to: 0
09-23 18:04:52.830 13465 13465 D LifecycleMonitor: Lifecycle status change: com.shareconnect.MainActivity@92d5741 in: PAUSED
09-23 18:04:52.831 13465 13465 V ActivityScenario: Update currentActivityStage to PAUSED, currentActivity=com.shareconnect.MainActivity@92d5741
09-23 18:04:52.846 13465 13769 V Console : Foreground activity counter :: AtomicIntWrapper :: 12312792 :: 227589169 :: Value of: 0
09-23 18:04:52.846 13465 13769 I Console : Activity lifecycle :: Main state :: Background
09-23 18:04:52.851 13465 13562 E OpenGLRenderer: Unable to match the desired swap behavior.
09-23 18:04:52.859 13465 13465 D LifecycleMonitor: Lifecycle status change: com.shareconnect.SettingsActivity@c18bd85 in: PRE_ON_CREATE
09-23 18:04:52.859 13465 13465 V ActivityScenario: Activity lifecycle changed event received but ignored because the intent does not match. startActivityIntent=Intent { act=android.intent.action.MAIN cat=[android.intent.category.LAUNCHER] flg=0x10008000 cmp=com.shareconnect/.MainActivity }, activity.getIntent()=Intent { cmp=com.shareconnect/.SettingsActivity (has extras) }, activity=com.shareconnect.SettingsActivity@c18bd85
09-23 18:04:52.860 13465 13465 D Console : getDefaultTheme() returned: Warm Orange Light (ID: 1, isDefault: true)
09-23 18:04:52.860 13465 13465 D Console : getDefaultTheme() returned: Warm Orange Light (ID: 1, isDefault: true)
09-23 18:04:52.860 13465 13465 D Console : Applying theme: Warm Orange Light, colorScheme: warm_orange, isDarkMode: false, currentTheme: WARM_ORANGE_LIGHT
09-23 18:04:52.860 13465 13465 D Console : Activity SettingsActivity usesToolbar: true
09-23 18:04:52.860 13465 13465 D Console : Setting night mode to NO
09-23 18:04:52.863 13465 13465 D LifecycleMonitor: Lifecycle status change: com.shareconnect.SettingsActivity@c18bd85 in: CREATED
09-23 18:04:52.863 13465 13465 V ActivityScenario: Activity lifecycle changed event received but ignored because the intent does not match. startActivityIntent=Intent { act=android.intent.action.MAIN cat=[android.intent.category.LAUNCHER] flg=0x10008000 cmp=com.shareconnect/.MainActivity }, activity.getIntent()=Intent { cmp=com.shareconnect/.SettingsActivity (has extras) }, activity=com.shareconnect.SettingsActivity@c18bd85
09-23 18:04:52.865 13465 13465 D LifecycleMonitor: Lifecycle status change: com.shareconnect.SettingsActivity@c18bd85 in: STARTED
09-23 18:04:52.865 13465 13465 V ActivityScenario: Activity lifecycle changed event received but ignored because the intent does not match. startActivityIntent=Intent { act=android.intent.action.MAIN cat=[android.intent.category.LAUNCHER] flg=0x10008000 cmp=com.shareconnect/.MainActivity }, activity.getIntent()=Intent { cmp=com.shareconnect/.SettingsActivity (has extras) }, activity=com.shareconnect.SettingsActivity@c18bd85
09-23 18:04:52.866 13465 13465 D FirebaseSessions: App foregrounded on com.shareconnect
09-23 18:04:52.868 13465 13465 V Console : Activity lifecycle :: RESUMED :: SettingsActivity
09-23 18:04:52.868 13465 13465 V Console : Foreground activity counter :: AtomicIntWrapper :: 12312792 :: 227589169 :: Value of: 0
09-23 18:04:52.868 13465 13465 I Console : Activity lifecycle :: Main state :: Foreground
09-23 18:04:52.868 13465 13465 V Console : Foreground activity counter :: AtomicIntWrapper :: 12312792 :: 227589169 :: Incremented to: 1
09-23 18:04:52.869 13465 13465 D LifecycleMonitor: Lifecycle status change: com.shareconnect.SettingsActivity@c18bd85 in: RESUMED
09-23 18:04:52.869 13465 13465 V ActivityScenario: Activity lifecycle changed event received but ignored because the intent does not match. startActivityIntent=Intent { act=android.intent.action.MAIN cat=[android.intent.category.LAUNCHER] flg=0x10008000 cmp=com.shareconnect/.MainActivity }, activity.getIntent()=Intent { cmp=com.shareconnect/.SettingsActivity (has extras) }, activity=com.shareconnect.SettingsActivity@c18bd85
09-23 18:04:52.869 13465 13465 V Console : Activity lifecycle :: POST-RESUMED :: SettingsActivity
09-23 18:04:52.870 13465 13562 W Parcel  : Expecting binder but got null!
09-23 18:04:52.886 13465 13562 E OpenGLRenderer: Unable to match the desired swap behavior.
09-23 18:04:52.892   779   868 D EGL_emulation: app_time_stats: avg=465.95ms min=2.07ms max=5510.83ms count=12
09-23 18:04:52.901  1581  1581 I GsaVoiceInteractionSrv: Handling ACTION_STOP_HOTWORD
09-23 18:04:52.901  1581  2234 I HwDetectorWithState: (REDACTED) a: %d
09-23 18:04:52.904   488   503 W ziparchive: Unable to open '/data/app/~~kWNn5P5i1VBCZAn7TalMSA==/com.shareconnect-NEp2ZttYEsfwFJQKiNDPXA==/base.dm': No such file or directory
09-23 18:04:52.906   488   503 I ActivityTaskManager: Displayed com.shareconnect/.SettingsActivity: +110ms
09-23 18:04:52.914 11811 11811 I GoogleInputMethodService: GoogleInputMethodService.onFinishInput():3227
09-23 18:04:52.914 11811 11811 I GoogleInputMethodService: GoogleInputMethodService.updateDeviceLockedStatus():2087 repeatCheckTimes = 0, unlocked = true
09-23 18:04:52.915 11811 11811 I GoogleInputMethodService: GoogleInputMethodService.onStartInput():1877 onStartInput(EditorInfo{inputType=0x0(NULL) imeOptions=0x0 privateImeOptions=null actionName=UNSPECIFIED actionLabel=null actionId=0 initialSelStart=-1 initialSelEnd=-1 initialCapsMode=0x0 hintText=null label=null packageName=com.shareconnect fieldId=2131231190 fieldName=null extras=null}, false)
09-23 18:04:52.915 11811 11811 I GoogleInputMethodService: GoogleInputMethodService.shouldHideHeaderOnInitialState():4008 ShouldHideHeaderOnInitialState = false
09-23 18:04:52.918 11811 11811 I GoogleInputMethodService: GoogleInputMethodService.updateDeviceLockedStatus():2087 repeatCheckTimes = 2, unlocked = true
09-23 18:04:53.110 13465 13465 V Console : Activity lifecycle :: PRE-STOPPED :: MainActivity
09-23 18:04:53.111 13465 13465 V Console : Activity lifecycle :: STOPPED :: MainActivity
09-23 18:04:53.112 13465 13465 D LifecycleMonitor: Lifecycle status change: com.shareconnect.MainActivity@92d5741 in: STOPPED
09-23 18:04:53.112 13465 13465 V ActivityScenario: Update currentActivityStage to STOPPED, currentActivity=com.shareconnect.MainActivity@92d5741
09-23 18:04:53.112 13465 13465 V Console : Activity lifecycle :: POST-STOPPED :: MainActivity
09-23 18:04:53.113  1581  2227 I AssistantForeground: (REDACTED) Get launcher package: %s
09-23 18:04:53.130   998  1945 D OneSearchSuggestProvider: Shut down the binder channel
09-23 18:04:53.131   998  1022 I s.nexuslauncher: oneway function results for code 2 on binder at 0xb400007a39472c00 will be dropped but finished with status UNKNOWN_TRANSACTION
09-23 18:04:53.180   488  1119 W InputManager-JNI: Input channel object 'a0e480e Splash Screen com.shareconnect (client)' was disposed without first being removed with the input manager!
09-23 18:04:53.331 13465 13781 V Console : Foreground activity counter :: AtomicIntWrapper :: 12312792 :: 227589169 :: Value of: 1
09-23 18:04:53.526   779   868 D EGL_emulation: app_time_stats: avg=23.36ms min=10.15ms max=57.29ms count=43
09-23 18:04:53.538   323   323 E android.hardware.power.stats@1.0-service-mock: Failed to getEnergyData
09-23 18:04:54.499 13465 13562 D EGL_emulation: app_time_stats: avg=149.44ms min=1.20ms max=1452.98ms count=10
09-23 18:04:54.593   779   868 D EGL_emulation: app_time_stats: avg=46.30ms min=15.06ms max=146.99ms count=23
09-23 18:04:57.937 13465 13465 V Console : Activity lifecycle :: PRE-PAUSED :: SettingsActivity
09-23 18:04:57.937 13465 13465 D Console : Activity lifecycle :: Top activity: SettingsActivity
09-23 18:04:57.937 13465 13465 D FirebaseSessions: App backgrounded on com.shareconnect
09-23 18:04:57.940 13465 13465 V Console : Activity lifecycle :: PAUSED :: SettingsActivity
09-23 18:04:57.941 13465 13465 V Console : Foreground activity counter :: AtomicIntWrapper :: 12312792 :: 227589169 :: Decremented to: 0
09-23 18:04:57.941 13465 13465 D LifecycleMonitor: Lifecycle status change: com.shareconnect.SettingsActivity@c18bd85 in: PAUSED
09-23 18:04:57.941 13465 13465 V ActivityScenario: Activity lifecycle changed event received but ignored because the intent does not match. startActivityIntent=Intent { act=android.intent.action.MAIN cat=[android.intent.category.LAUNCHER] flg=0x10008000 cmp=com.shareconnect/.MainActivity }, activity.getIntent()=Intent { cmp=com.shareconnect/.SettingsActivity (has extras) }, activity=com.shareconnect.SettingsActivity@c18bd85
09-23 18:04:57.951 13465 13465 D LifecycleMonitor: Lifecycle status change: androidx.test.core.app.InstrumentationActivityInvoker$EmptyActivity@e614903 in: PRE_ON_CREATE
09-23 18:04:57.952 13465 13465 V ActivityScenario: Activity lifecycle changed event received but ignored because the intent does not match. startActivityIntent=Intent { act=android.intent.action.MAIN cat=[android.intent.category.LAUNCHER] flg=0x10008000 cmp=com.shareconnect/.MainActivity }, activity.getIntent()=Intent { act=android.intent.action.MAIN cat=[android.intent.category.LAUNCHER] flg=0x10000000 cmp=com.shareconnect/androidx.test.core.app.InstrumentationActivityInvoker$EmptyActivity }, activity=androidx.test.core.app.InstrumentationActivityInvoker$EmptyActivity@e614903
09-23 18:04:57.958 13465 13465 D LifecycleMonitor: Lifecycle status change: androidx.test.core.app.InstrumentationActivityInvoker$EmptyActivity@e614903 in: CREATED
09-23 18:04:57.958 13465 13465 V ActivityScenario: Activity lifecycle changed event received but ignored because the intent does not match. startActivityIntent=Intent { act=android.intent.action.MAIN cat=[android.intent.category.LAUNCHER] flg=0x10008000 cmp=com.shareconnect/.MainActivity }, activity.getIntent()=Intent { act=android.intent.action.MAIN cat=[android.intent.category.LAUNCHER] flg=0x10000000 cmp=com.shareconnect/androidx.test.core.app.InstrumentationActivityInvoker$EmptyActivity }, activity=androidx.test.core.app.InstrumentationActivityInvoker$EmptyActivity@e614903
09-23 18:04:57.959 13465 13465 D LifecycleMonitor: Lifecycle status change: androidx.test.core.app.InstrumentationActivityInvoker$EmptyActivity@e614903 in: STARTED
09-23 18:04:57.959 13465 13465 V ActivityScenario: Activity lifecycle changed event received but ignored because the intent does not match. startActivityIntent=Intent { act=android.intent.action.MAIN cat=[android.intent.category.LAUNCHER] flg=0x10008000 cmp=com.shareconnect/.MainActivity }, activity.getIntent()=Intent { act=android.intent.action.MAIN cat=[android.intent.category.LAUNCHER] flg=0x10000000 cmp=com.shareconnect/androidx.test.core.app.InstrumentationActivityInvoker$EmptyActivity }, activity=androidx.test.core.app.InstrumentationActivityInvoker$EmptyActivity@e614903
09-23 18:04:57.960 13465 13465 D FirebaseSessions: App foregrounded on com.shareconnect
09-23 18:04:57.964 13465 13465 V Console : Activity lifecycle :: RESUMED :: EmptyActivity
09-23 18:04:57.964 13465 13465 V Console : Foreground activity counter :: AtomicIntWrapper :: 12312792 :: 227589169 :: Value of: 0
09-23 18:04:57.964 13465 13465 I Console : Activity lifecycle :: Main state :: Foreground
09-23 18:04:57.965 13465 13465 V Console : Foreground activity counter :: AtomicIntWrapper :: 12312792 :: 227589169 :: Incremented to: 1
09-23 18:04:57.966 13465 13465 D LifecycleMonitor: Lifecycle status change: androidx.test.core.app.InstrumentationActivityInvoker$EmptyActivity@e614903 in: RESUMED
09-23 18:04:57.966 13465 13465 V ActivityScenario: Activity lifecycle changed event received but ignored because the intent does not match. startActivityIntent=Intent { act=android.intent.action.MAIN cat=[android.intent.category.LAUNCHER] flg=0x10008000 cmp=com.shareconnect/.MainActivity }, activity.getIntent()=Intent { act=android.intent.action.MAIN cat=[android.intent.category.LAUNCHER] flg=0x10000000 cmp=com.shareconnect/androidx.test.core.app.InstrumentationActivityInvoker$EmptyActivity }, activity=androidx.test.core.app.InstrumentationActivityInvoker$EmptyActivity@e614903
09-23 18:04:57.966 13465 13465 V Console : Activity lifecycle :: POST-RESUMED :: EmptyActivity
09-23 18:04:57.970 13465 13562 W Parcel  : Expecting binder but got null!
09-23 18:04:57.997 13465 13562 E OpenGLRenderer: Unable to match the desired swap behavior.
09-23 18:04:58.004   488   503 I ActivityTaskManager: Displayed com.shareconnect/androidx.test.core.app.InstrumentationActivityInvoker$EmptyActivity: +73ms
09-23 18:04:58.009 13465 13465 V Console : Activity lifecycle :: PRE-DESTROYED :: MainActivity
09-23 18:04:58.010 13465 13465 V Console : Activity lifecycle :: DESTROYED :: MainActivity
09-23 18:04:58.011 13465 13465 D LifecycleMonitor: Lifecycle status change: com.shareconnect.MainActivity@92d5741 in: DESTROYED
09-23 18:04:58.011 13465 13465 V ActivityScenario: Update currentActivityStage to DESTROYED, currentActivity=null
09-23 18:04:58.013 11307 13554 D AdvertisingIdClient: AdvertisingIdClient already created.
09-23 18:04:58.013 13465 13562 D EGL_emulation: app_time_stats: avg=206.54ms min=10.21ms max=3255.25ms count=17
09-23 18:04:58.014   488   834 W InputManager-JNI: Input channel object '7f92827 com.shareconnect/com.shareconnect.MainActivity (client)' was disposed without first being removed with the input manager!
09-23 18:04:58.016 11307 13554 I AdvertisingIdClient: shouldSendLog 1481099
09-23 18:04:58.016 11307 13554 I AdvertisingIdClient: GetInfoInternal elapse 3ms
09-23 18:04:58.027 11811 11811 I GoogleInputMethodService: GoogleInputMethodService.onFinishInput():3227
09-23 18:04:58.028 11811 11811 I GoogleInputMethodService: GoogleInputMethodService.updateDeviceLockedStatus():2087 repeatCheckTimes = 0, unlocked = true
09-23 18:04:58.028 11811 11811 I GoogleInputMethodService: GoogleInputMethodService.onStartInput():1877 onStartInput(EditorInfo{inputType=0x0(NULL) imeOptions=0x0 privateImeOptions=null actionName=UNSPECIFIED actionLabel=null actionId=0 initialSelStart=-1 initialSelEnd=-1 initialCapsMode=0x0 hintText=null label=null packageName=com.shareconnect fieldId=-1 fieldName=null extras=null}, false)
09-23 18:04:58.028 11811 11811 I GoogleInputMethodService: GoogleInputMethodService.shouldHideHeaderOnInitialState():4008 ShouldHideHeaderOnInitialState = false
09-23 18:04:58.028 13465 13465 V Console : Activity lifecycle :: PRE-STOPPED :: SettingsActivity
09-23 18:04:58.028 11811 11811 I GoogleInputMethodService: GoogleInputMethodService.updateDeviceLockedStatus():2087 repeatCheckTimes = 2, unlocked = true
09-23 18:04:58.029 13465 13465 V Console : Activity lifecycle :: STOPPED :: SettingsActivity
09-23 18:04:58.029 13465 13465 D LifecycleMonitor: Lifecycle status change: com.shareconnect.SettingsActivity@c18bd85 in: STOPPED
09-23 18:04:58.029 13465 13465 V ActivityScenario: Activity lifecycle changed event received but ignored because the intent does not match. startActivityIntent=Intent { act=android.intent.action.MAIN cat=[android.intent.category.LAUNCHER] flg=0x10008000 cmp=com.shareconnect/.MainActivity }, activity.getIntent()=Intent { cmp=com.shareconnect/.SettingsActivity (has extras) }, activity=com.shareconnect.SettingsActivity@c18bd85
09-23 18:04:58.029 13465 13465 V Console : Activity lifecycle :: POST-STOPPED :: SettingsActivity
09-23 18:04:58.046 13465 13542 E TestRunner: failed: testKeyboardNavigation(com.shareconnect.automation.AccessibilityAutomationTest)
09-23 18:04:58.046 13465 13542 E TestRunner: ----- begin exception -----
09-23 18:04:58.046 13465 13542 E TestRunner: java.lang.NoClassDefFoundError: Failed resolution of: Lorg/hamcrest/Matchers;
09-23 18:04:58.046 13465 13542 E TestRunner: 	at androidx.test.espresso.matcher.ViewMatchers.withId(ViewMatchers.java:1)
09-23 18:04:58.046 13465 13542 E TestRunner: 	at com.shareconnect.automation.AccessibilityAutomationTest.testKeyboardNavigation(AccessibilityAutomationTest.kt:98)
09-23 18:04:58.046 13465 13542 E TestRunner: 	at java.lang.reflect.Method.invoke(Native Method)
09-23 18:04:58.046 13465 13542 E TestRunner: 	at org.junit.runners.model.FrameworkMethod$1.runReflectiveCall(FrameworkMethod.java:59)
09-23 18:04:58.046 13465 13542 E TestRunner: 	at org.junit.internal.runners.model.ReflectiveCallable.run(ReflectiveCallable.java:12)
09-23 18:04:58.046 13465 13542 E TestRunner: 	at org.junit.runners.model.FrameworkMethod.invokeExplosively(FrameworkMethod.java:56)
09-23 18:04:58.046 13465 13542 E TestRunner: 	at org.junit.internal.runners.statements.InvokeMethod.evaluate(InvokeMethod.java:17)
09-23 18:04:58.046 13465 13542 E TestRunner: 	at androidx.test.internal.runner.junit4.statement.RunBefores.evaluate(RunBefores.java:80)
09-23 18:04:58.046 13465 13542 E TestRunner: 	at androidx.test.internal.runner.junit4.statement.RunAfters.evaluate(RunAfters.java:61)
09-23 18:04:58.046 13465 13542 E TestRunner: 	at org.junit.runners.ParentRunner$3.evaluate(ParentRunner.java:306)
09-23 18:04:58.046 13465 13542 E TestRunner: 	at org.junit.runners.BlockJUnit4ClassRunner$1.evaluate(BlockJUnit4ClassRunner.java:100)
09-23 18:04:58.046 13465 13542 E TestRunner: 	at org.junit.runners.ParentRunner.runLeaf(ParentRunner.java:366)
09-23 18:04:58.046 13465 13542 E TestRunner: 	at org.junit.runners.BlockJUnit4ClassRunner.runChild(BlockJUnit4ClassRunner.java:103)
09-23 18:04:58.046 13465 13542 E TestRunner: 	at org.junit.runners.BlockJUnit4ClassRunner.runChild(BlockJUnit4ClassRunner.java:63)
09-23 18:04:58.046 13465 13542 E TestRunner: 	at org.junit.runners.ParentRunner$4.run(ParentRunner.java:331)
09-23 18:04:58.046 13465 13542 E TestRunner: 	at org.junit.runners.ParentRunner$1.schedule(ParentRunner.java:79)
09-23 18:04:58.046 13465 13542 E TestRunner: 	at org.junit.runners.ParentRunner.runChildren(ParentRunner.java:329)
09-23 18:04:58.046 13465 13542 E TestRunner: 	at org.junit.runners.ParentRunner.access$100(ParentRunner.java:66)
09-23 18:04:58.046 13465 13542 E TestRunner: 	at org.junit.runners.ParentRunner$2.evaluate(ParentRunner.java:293)
09-23 18:04:58.046 13465 13542 E TestRunner: 	at org.junit.runners.ParentRunner$3.evaluate(ParentRunner.java:306)
09-23 18:04:58.046 13465 13542 E TestRunner: 	at org.junit.runners.ParentRunner.run(ParentRunner.java:413)
09-23 18:04:58.046 13465 13542 E TestRunner: 	at androidx.test.ext.junit.runners.AndroidJUnit4.run(AndroidJUnit4.java:162)
09-23 18:04:58.046 13465 13542 E TestRunner: 	at org.junit.runners.Suite.runChild(Suite.java:128)
09-23 18:04:58.046 13465 13542 E TestRunner: 	at org.junit.runners.Suite.runChild(Suite.java:27)
09-23 18:04:58.046 13465 13542 E TestRunner: 	at org.junit.runners.ParentRunner$4.run(ParentRunner.java:331)
09-23 18:04:58.046 13465 13542 E TestRunner: 	at org.junit.runners.ParentRunner$1.schedule(ParentRunner.java:79)
09-23 18:04:58.046 13465 13542 E TestRunner: 	at org.junit.runners.ParentRunner.runChildren(ParentRunner.java:329)
09-23 18:04:58.046 13465 13542 E TestRunner: 	at org.junit.runners.ParentRunner.access$100(ParentRunner.java:66)
09-23 18:04:58.046 13465 13542 E TestRunner: 	at org.junit.runners.ParentRunner$2.evaluate(ParentRunner.java:293)
09-23 18:04:58.046 13465 13542 E TestRunner: 	at org.junit.runners.ParentRunner$3.evaluate(ParentRunner.java:306)
09-23 18:04:58.046 13465 13542 E TestRunner: 	at org.junit.runners.ParentRunner.run(ParentRunner.java:413)
09-23 18:04:58.046 13465 13542 E TestRunner: 	at org.junit.runners.Suite.runChild(Suite.java:128)
09-23 18:04:58.046 13465 13542 E TestRunner: 	at org.junit.runners.Suite.runChild(Suite.java:27)
09-23 18:04:58.046 13465 13542 E TestRunner: 	at org.junit.runners.ParentRunner$4.run(ParentRunner.java:331)
09-23 18:04:58.046 13465 13542 E TestRunner: 	at org.junit.runners.ParentRunner$1.schedule(ParentRunner.java:79)
09-23 18:04:58.046 13465 13542 E TestRunner: 	at org.junit.runners.ParentRunner.runChildren(ParentRunner.java:329)
09-23 18:04:58.046 13465 13542 E TestRunner: 	at org.junit.runners.ParentRunner.access$100(ParentRunner.java:66)
09-23 18:04:58.046 13465 13542 E TestRunner: 	at org.junit.runners.ParentRunner$2.evaluate(ParentRunner.java:293)
09-23 18:04:58.046 13465 13542 E TestRunner: 	at org.junit.runners.ParentRunner$3.evaluate(ParentRunner.java:306)
09-23 18:04:58.046 13465 13542 E TestRunner: 	at org.junit.runners.ParentRunner.run(ParentRunner.java:413)
09-23 18:04:58.046 13465 13542 E TestRunner: 	at org.junit.runner.JUnitCore.run(JUnitCore.java:137)
09-23 18:04:58.046 13465 13542 E TestRunner: 	at org.junit.runner.JUnitCore.run(JUnitCore.java:115)
09-23 18:04:58.046 13465 13542 E TestRunner: 	at androidx.test.internal.runner.TestExecutor.execute(TestExecutor.java:68)
09-23 18:04:58.046 13465 13542 E TestRunner: 	at androidx.test.internal.runner.TestExecutor.execute(TestExecutor.java:59)
09-23 18:04:58.046 13465 13542 E TestRunner: 	at androidx.test.runner.AndroidJUnitRunner.onStart(AndroidJUnitRunner.java:463)
09-23 18:04:58.046 13465 13542 E TestRunner: 	at android.app.Instrumentation$InstrumentationThread.run(Instrumentation.java:2361)
09-23 18:04:58.046 13465 13542 E TestRunner: Caused by: java.lang.ClassNotFoundException: Didn't find class "org.hamcrest.Matchers" on path: DexPathList[[zip file "/system/framework/android.test.runner.jar", zip file "/system/framework/android.test.mock.jar", zip file "/system/framework/android.test.base.jar", zip file "/data/app/~~tgPGD1IvZyVihJ5WEriGpw==/com.shareconnect.test-KRYtWayfc-BAIa-BFJT_mw==/base.apk", zip file "/data/app/~~kWNn5P5i1VBCZAn7TalMSA==/com.shareconnect-NEp2ZttYEsfwFJQKiNDPXA==/base.apk"],nativeLibraryDirectories=[/data/app/~~tgPGD1IvZyVihJ5WEriGpw==/com.shareconnect.test-KRYtWayfc-BAIa-BFJT_mw==/lib/arm64, /data/app/~~kWNn5P5i1VBCZAn7TalMSA==/com.shareconnect-NEp2ZttYEsfwFJQKiNDPXA==/lib/arm64, /data/app/~~tgPGD1IvZyVihJ5WEriGpw==/com.shareconnect.test-KRYtWayfc-BAIa-BFJT_mw==/base.apk!/lib/arm64-v8a, /data/app/~~kWNn5P5i1VBCZAn7TalMSA==/com.shareconnect-NEp2ZttYEsfwFJQKiNDPXA==/base.apk!/lib/arm64-v8a, /system/lib64, /system_ext/lib64]]
09-23 18:04:58.046 13465 13542 E TestRunner: 	at dalvik.system.BaseDexClassLoader.findClass(BaseDexClassLoader.java:259)
09-23 18:04:58.046 13465 13542 E TestRunner: 	at java.lang.ClassLoader.loadClass(ClassLoader.java:379)
09-23 18:04:58.046 13465 13542 E TestRunner: 	at java.lang.ClassLoader.loadClass(ClassLoader.java:312)
09-23 18:04:58.046 13465 13542 E TestRunner: 	... 46 more
09-23 18:04:58.046 13465 13542 E TestRunner: ----- end exception -----
09-23 18:04:58.047 13465 13542 I TestRunner: finished: testKeyboardNavigation(com.shareconnect.automation.AccessibilityAutomationTest)
