09-23 18:05:32.721 13465 13542 I TestRunner: started: testMainContentIsScrollable(com.shareconnect.activities.MainActivityInstrumentationTest)
09-23 18:05:32.726 13465 13542 W Settings: Setting always_finish_activities has moved from android.provider.Settings.System to android.provider.Settings.Global, returning read-only value.
09-23 18:05:32.732   779   868 W Parcel  : Expecting binder but got null!
09-23 18:05:32.734 13465 13465 D LifecycleMonitor: Lifecycle status change: com.shareconnect.MainActivity@3fd5d6d in: PRE_ON_CREATE
09-23 18:05:32.734 13465 13465 V ActivityScenario: Activity lifecycle changed event received but ignored because the reported transition was not ON_CREATE while the last known transition was PRE_ON_CREATE
09-23 18:05:32.735 13465 13465 D Console : getDefaultTheme() returned: Warm Orange Light (ID: 1, isDefault: true)
09-23 18:05:32.735 13465 13465 D Console : getDefaultTheme() returned: Warm Orange Light (ID: 1, isDefault: true)
09-23 18:05:32.735 13465 13465 D Console : Applying theme: Warm Orange Light, colorScheme: warm_orange, isDarkMode: false, currentTheme: WARM_ORANGE_LIGHT
09-23 18:05:32.735 13465 13465 D Console : Activity MainActivity usesToolbar: true
09-23 18:05:32.735 13465 13465 D Console : Setting night mode to NO
09-23 18:05:32.742 13465 13465 D LifecycleMonitor: Lifecycle status change: com.shareconnect.MainActivity@3fd5d6d in: CREATED
09-23 18:05:32.743 13465 13465 V ActivityScenario: Update currentActivityStage to CREATED, currentActivity=com.shareconnect.MainActivity@3fd5d6d
09-23 18:05:32.744 13465 13465 D LifecycleMonitor: Lifecycle status change: com.shareconnect.MainActivity@3fd5d6d in: STARTED
09-23 18:05:32.744 13465 13465 V ActivityScenario: Update currentActivityStage to STARTED, currentActivity=com.shareconnect.MainActivity@3fd5d6d
09-23 18:05:32.744   779   868 E OpenGLRenderer: Unable to match the desired swap behavior.
09-23 18:05:32.745 13465 13465 D FirebaseSessions: App foregrounded on com.shareconnect
09-23 18:05:32.752 13465 13465 V Console : Activity lifecycle :: RESUMED :: MainActivity
09-23 18:05:32.752 13465 13465 V Console : Foreground activity counter :: AtomicIntWrapper :: 12312792 :: 227589169 :: Value of: 0
09-23 18:05:32.752 13465 13465 I Console : Activity lifecycle :: Main state :: Foreground
09-23 18:05:32.752 13465 13465 V Console : Foreground activity counter :: AtomicIntWrapper :: 12312792 :: 227589169 :: Incremented to: 1
09-23 18:05:32.752 13465 13465 D Console : hasThemeChanged() returned: false
09-23 18:05:32.752 13465 13465 D Console : onResume() called, themeChanged: false
09-23 18:05:32.752 13465 13465 D LifecycleMonitor: Lifecycle status change: com.shareconnect.MainActivity@3fd5d6d in: RESUMED
09-23 18:05:32.752 13465 13465 V ActivityScenario: Update currentActivityStage to RESUMED, currentActivity=com.shareconnect.MainActivity@3fd5d6d
09-23 18:05:32.752 13465 13465 V Console : Activity lifecycle :: POST-RESUMED :: MainActivity
09-23 18:05:32.754 13465 13562 W Parcel  : Expecting binder but got null!
09-23 18:05:32.760 13465 13465 V Console : Activity lifecycle :: PRE-PAUSED :: MainActivity
09-23 18:05:32.760 13465 13465 D Console : Activity lifecycle :: Top activity: MainActivity
09-23 18:05:32.760 13465 13465 D FirebaseSessions: App backgrounded on com.shareconnect
09-23 18:05:32.761 13465 13465 V Console : Activity lifecycle :: PAUSED :: MainActivity
09-23 18:05:32.761 13465 13465 V Console : Foreground activity counter :: AtomicIntWrapper :: 12312792 :: 227589169 :: Decremented to: 0
09-23 18:05:32.761 13465 13465 D LifecycleMonitor: Lifecycle status change: com.shareconnect.MainActivity@3fd5d6d in: PAUSED
09-23 18:05:32.761 13465 13465 V ActivityScenario: Update currentActivityStage to PAUSED, currentActivity=com.shareconnect.MainActivity@3fd5d6d
09-23 18:05:32.772 13465 13562 E OpenGLRenderer: Unable to match the desired swap behavior.
09-23 18:05:32.777 13465 13930 V Console : Foreground activity counter :: AtomicIntWrapper :: 12312792 :: 227589169 :: Value of: 0
09-23 18:05:32.777 13465 13930 I Console : Activity lifecycle :: Main state :: Background
09-23 18:05:32.779 13465 13465 D LifecycleMonitor: Lifecycle status change: com.shareconnect.SettingsActivity@c0967fe in: PRE_ON_CREATE
09-23 18:05:32.780 13465 13465 V ActivityScenario: Activity lifecycle changed event received but ignored because the intent does not match. startActivityIntent=Intent { act=android.intent.action.MAIN cat=[android.intent.category.LAUNCHER] flg=0x10008000 cmp=com.shareconnect/.MainActivity }, activity.getIntent()=Intent { cmp=com.shareconnect/.SettingsActivity (has extras) }, activity=com.shareconnect.SettingsActivity@c0967fe
09-23 18:05:32.780 13465 13465 D Console : getDefaultTheme() returned: Warm Orange Light (ID: 1, isDefault: true)
09-23 18:05:32.780 13465 13465 D Console : getDefaultTheme() returned: Warm Orange Light (ID: 1, isDefault: true)
09-23 18:05:32.780 13465 13465 D Console : Applying theme: Warm Orange Light, colorScheme: warm_orange, isDarkMode: false, currentTheme: WARM_ORANGE_LIGHT
09-23 18:05:32.780 13465 13465 D Console : Activity SettingsActivity usesToolbar: true
09-23 18:05:32.781 13465 13465 D Console : Setting night mode to NO
09-23 18:05:32.783 13465 13465 D LifecycleMonitor: Lifecycle status change: com.shareconnect.SettingsActivity@c0967fe in: CREATED
09-23 18:05:32.783 13465 13465 V ActivityScenario: Activity lifecycle changed event received but ignored because the intent does not match. startActivityIntent=Intent { act=android.intent.action.MAIN cat=[android.intent.category.LAUNCHER] flg=0x10008000 cmp=com.shareconnect/.MainActivity }, activity.getIntent()=Intent { cmp=com.shareconnect/.SettingsActivity (has extras) }, activity=com.shareconnect.SettingsActivity@c0967fe
09-23 18:05:32.785 13465 13465 D LifecycleMonitor: Lifecycle status change: com.shareconnect.SettingsActivity@c0967fe in: STARTED
09-23 18:05:32.786 13465 13465 V ActivityScenario: Activity lifecycle changed event received but ignored because the intent does not match. startActivityIntent=Intent { act=android.intent.action.MAIN cat=[android.intent.category.LAUNCHER] flg=0x10008000 cmp=com.shareconnect/.MainActivity }, activity.getIntent()=Intent { cmp=com.shareconnect/.SettingsActivity (has extras) }, activity=com.shareconnect.SettingsActivity@c0967fe
09-23 18:05:32.786 13465 13465 D FirebaseSessions: App foregrounded on com.shareconnect
09-23 18:05:32.787 13465 13465 V Console : Activity lifecycle :: RESUMED :: SettingsActivity
09-23 18:05:32.787 13465 13465 V Console : Foreground activity counter :: AtomicIntWrapper :: 12312792 :: 227589169 :: Value of: 0
09-23 18:05:32.787 13465 13465 I Console : Activity lifecycle :: Main state :: Foreground
09-23 18:05:32.788 13465 13465 V Console : Foreground activity counter :: AtomicIntWrapper :: 12312792 :: 227589169 :: Incremented to: 1
09-23 18:05:32.788 13465 13465 D LifecycleMonitor: Lifecycle status change: com.shareconnect.SettingsActivity@c0967fe in: RESUMED
09-23 18:05:32.788 13465 13465 V ActivityScenario: Activity lifecycle changed event received but ignored because the intent does not match. startActivityIntent=Intent { act=android.intent.action.MAIN cat=[android.intent.category.LAUNCHER] flg=0x10008000 cmp=com.shareconnect/.MainActivity }, activity.getIntent()=Intent { cmp=com.shareconnect/.SettingsActivity (has extras) }, activity=com.shareconnect.SettingsActivity@c0967fe
09-23 18:05:32.788 13465 13465 V Console : Activity lifecycle :: POST-RESUMED :: SettingsActivity
09-23 18:05:32.789 13465 13562 W Parcel  : Expecting binder but got null!
09-23 18:05:32.811 13465 13562 E OpenGLRenderer: Unable to match the desired swap behavior.
09-23 18:05:32.822   488   503 W ziparchive: Unable to open '/data/app/~~kWNn5P5i1VBCZAn7TalMSA==/com.shareconnect-NEp2ZttYEsfwFJQKiNDPXA==/base.dm': No such file or directory
09-23 18:05:32.822   488   503 I ActivityTaskManager: Displayed com.shareconnect/.SettingsActivity: +94ms
09-23 18:05:32.828 11811 11811 I GoogleInputMethodService: GoogleInputMethodService.onFinishInput():3227
09-23 18:05:32.829 11811 11811 I GoogleInputMethodService: GoogleInputMethodService.updateDeviceLockedStatus():2087 repeatCheckTimes = 0, unlocked = true
09-23 18:05:32.830 11811 11811 I GoogleInputMethodService: GoogleInputMethodService.onStartInput():1877 onStartInput(EditorInfo{inputType=0x0(NULL) imeOptions=0x0 privateImeOptions=null actionName=UNSPECIFIED actionLabel=null actionId=0 initialSelStart=-1 initialSelEnd=-1 initialCapsMode=0x0 hintText=null label=null packageName=com.shareconnect fieldId=2131231190 fieldName=null extras=null}, false)
09-23 18:05:32.830 11811 11811 I GoogleInputMethodService: GoogleInputMethodService.shouldHideHeaderOnInitialState():4008 ShouldHideHeaderOnInitialState = false
09-23 18:05:32.830 11811 11811 I GoogleInputMethodService: GoogleInputMethodService.updateDeviceLockedStatus():2087 repeatCheckTimes = 2, unlocked = true
09-23 18:05:32.832  1581  1581 I GsaVoiceInteractionSrv: Handling ACTION_STOP_HOTWORD
09-23 18:05:32.833  1581  2232 I HwDetectorWithState: (REDACTED) a: %d
09-23 18:05:32.835   779   868 D EGL_emulation: app_time_stats: avg=515.43ms min=14.31ms max=5506.69ms count=11
09-23 18:05:33.045 13465 13465 V Console : Activity lifecycle :: PRE-STOPPED :: MainActivity
09-23 18:05:33.047 13465 13465 V Console : Activity lifecycle :: STOPPED :: MainActivity
09-23 18:05:33.048  1581  2227 I AssistantForeground: (REDACTED) Get launcher package: %s
09-23 18:05:33.048 13465 13465 D LifecycleMonitor: Lifecycle status change: com.shareconnect.MainActivity@3fd5d6d in: STOPPED
09-23 18:05:33.048 13465 13465 V ActivityScenario: Update currentActivityStage to STOPPED, currentActivity=com.shareconnect.MainActivity@3fd5d6d
09-23 18:05:33.048 13465 13465 V Console : Activity lifecycle :: POST-STOPPED :: MainActivity
09-23 18:05:33.062   998  1945 D OneSearchSuggestProvider: Shut down the binder channel
09-23 18:05:33.063   998  1039 I s.nexuslauncher: oneway function results for code 2 on binder at 0xb400007a39478d50 will be dropped but finished with status UNKNOWN_TRANSACTION
09-23 18:05:33.094   488  1119 W InputManager-JNI: Input channel object '684b23a Splash Screen com.shareconnect (client)' was disposed without first being removed with the input manager!
09-23 18:05:33.144   779   850 W FrameTracker: Missing HWUI jank callback for vsyncId: 195088, CUJ=J<SPLASHSCREEN_EXIT_ANIM>
09-23 18:05:33.144   779   850 W FrameTracker: Missing HWUI jank callback for vsyncId: 195217, CUJ=J<SPLASHSCREEN_EXIT_ANIM>
09-23 18:05:33.144   779   850 W FrameTracker: Missing HWUI jank callback for vsyncId: 195426, CUJ=J<SPLASHSCREEN_EXIT_ANIM>
09-23 18:05:33.144   779   850 W FrameTracker: Missing HWUI jank callback for vsyncId: 195520, CUJ=J<SPLASHSCREEN_EXIT_ANIM>
09-23 18:05:33.144   779   850 W FrameTracker: Missing SF jank callback for vsyncId: 195570, CUJ=J<SPLASHSCREEN_EXIT_ANIM>
09-23 18:05:33.265 13465 13957 V Console : Foreground activity counter :: AtomicIntWrapper :: 12312792 :: 227589169 :: Value of: 1
09-23 18:05:33.459   779   868 D EGL_emulation: app_time_stats: avg=24.52ms min=3.45ms max=53.13ms count=41
09-23 18:05:34.432 13465 13562 D EGL_emulation: app_time_stats: avg=178.96ms min=12.72ms max=1487.07ms count=9
09-23 18:05:34.461   779   868 D EGL_emulation: app_time_stats: avg=52.51ms min=14.41ms max=152.37ms count=19
09-23 18:05:35.924 12330 12330 D BoundBrokerSvc: onUnbind: Intent { act=com.google.android.gms.presencemanager.service.START dat=chimera-action:/... cmp=com.google.android.gms/.chimera.PersistentApiService }
09-23 18:05:35.925 12330 12330 D BoundBrokerSvc: onUnbind: Intent { act=com.google.android.gms.presencemanager.service.INTERNAL_IDENTITY dat=chimera-action:/... cmp=com.google.android.gms/.chimera.PersistentApiService }
09-23 18:05:37.437 11741 11741 W ThreadPoolForeg: type=1400 audit(0.0:245): avc: denied { write } for name="traced_producer" dev="tmpfs" ino=647 scontext=u:r:gmscore_app:s0:c512,c768 tcontext=u:object_r:traced_producer_socket:s0 tclass=sock_file permissive=0 app=com.google.android.gms
09-23 18:05:37.886 13465 13465 V Console : Activity lifecycle :: PRE-PAUSED :: SettingsActivity
09-23 18:05:37.886 13465 13465 D Console : Activity lifecycle :: Top activity: SettingsActivity
09-23 18:05:37.886 13465 13465 D FirebaseSessions: App backgrounded on com.shareconnect
09-23 18:05:37.889 13465 13465 V Console : Activity lifecycle :: PAUSED :: SettingsActivity
09-23 18:05:37.890 13465 13465 V Console : Foreground activity counter :: AtomicIntWrapper :: 12312792 :: 227589169 :: Decremented to: 0
09-23 18:05:37.890 13465 13465 D LifecycleMonitor: Lifecycle status change: com.shareconnect.SettingsActivity@c0967fe in: PAUSED
09-23 18:05:37.890 13465 13465 V ActivityScenario: Activity lifecycle changed event received but ignored because the intent does not match. startActivityIntent=Intent { act=android.intent.action.MAIN cat=[android.intent.category.LAUNCHER] flg=0x10008000 cmp=com.shareconnect/.MainActivity }, activity.getIntent()=Intent { cmp=com.shareconnect/.SettingsActivity (has extras) }, activity=com.shareconnect.SettingsActivity@c0967fe
09-23 18:05:37.896 13465 13465 D LifecycleMonitor: Lifecycle status change: androidx.test.core.app.InstrumentationActivityInvoker$EmptyActivity@974538a in: PRE_ON_CREATE
09-23 18:05:37.896 13465 13465 V ActivityScenario: Activity lifecycle changed event received but ignored because the intent does not match. startActivityIntent=Intent { act=android.intent.action.MAIN cat=[android.intent.category.LAUNCHER] flg=0x10008000 cmp=com.shareconnect/.MainActivity }, activity.getIntent()=Intent { act=android.intent.action.MAIN cat=[android.intent.category.LAUNCHER] flg=0x10000000 cmp=com.shareconnect/androidx.test.core.app.InstrumentationActivityInvoker$EmptyActivity }, activity=androidx.test.core.app.InstrumentationActivityInvoker$EmptyActivity@974538a
09-23 18:05:37.902 13465 13465 D LifecycleMonitor: Lifecycle status change: androidx.test.core.app.InstrumentationActivityInvoker$EmptyActivity@974538a in: CREATED
09-23 18:05:37.902 13465 13465 V ActivityScenario: Activity lifecycle changed event received but ignored because the intent does not match. startActivityIntent=Intent { act=android.intent.action.MAIN cat=[android.intent.category.LAUNCHER] flg=0x10008000 cmp=com.shareconnect/.MainActivity }, activity.getIntent()=Intent { act=android.intent.action.MAIN cat=[android.intent.category.LAUNCHER] flg=0x10000000 cmp=com.shareconnect/androidx.test.core.app.InstrumentationActivityInvoker$EmptyActivity }, activity=androidx.test.core.app.InstrumentationActivityInvoker$EmptyActivity@974538a
09-23 18:05:37.904 13465 13465 D LifecycleMonitor: Lifecycle status change: androidx.test.core.app.InstrumentationActivityInvoker$EmptyActivity@974538a in: STARTED
09-23 18:05:37.904 13465 13465 V ActivityScenario: Activity lifecycle changed event received but ignored because the intent does not match. startActivityIntent=Intent { act=android.intent.action.MAIN cat=[android.intent.category.LAUNCHER] flg=0x10008000 cmp=com.shareconnect/.MainActivity }, activity.getIntent()=Intent { act=android.intent.action.MAIN cat=[android.intent.category.LAUNCHER] flg=0x10000000 cmp=com.shareconnect/androidx.test.core.app.InstrumentationActivityInvoker$EmptyActivity }, activity=androidx.test.core.app.InstrumentationActivityInvoker$EmptyActivity@974538a
09-23 18:05:37.904 13465 13465 D FirebaseSessions: App foregrounded on com.shareconnect
09-23 18:05:37.908 13465 13465 V Console : Activity lifecycle :: RESUMED :: EmptyActivity
09-23 18:05:37.908 13465 13465 V Console : Foreground activity counter :: AtomicIntWrapper :: 12312792 :: 227589169 :: Value of: 0
09-23 18:05:37.908 13465 13465 I Console : Activity lifecycle :: Main state :: Foreground
09-23 18:05:37.908 13465 13465 V Console : Foreground activity counter :: AtomicIntWrapper :: 12312792 :: 227589169 :: Incremented to: 1
09-23 18:05:37.909 13465 13465 D LifecycleMonitor: Lifecycle status change: androidx.test.core.app.InstrumentationActivityInvoker$EmptyActivity@974538a in: RESUMED
09-23 18:05:37.909 13465 13465 V ActivityScenario: Activity lifecycle changed event received but ignored because the intent does not match. startActivityIntent=Intent { act=android.intent.action.MAIN cat=[android.intent.category.LAUNCHER] flg=0x10008000 cmp=com.shareconnect/.MainActivity }, activity.getIntent()=Intent { act=android.intent.action.MAIN cat=[android.intent.category.LAUNCHER] flg=0x10000000 cmp=com.shareconnect/androidx.test.core.app.InstrumentationActivityInvoker$EmptyActivity }, activity=androidx.test.core.app.InstrumentationActivityInvoker$EmptyActivity@974538a
09-23 18:05:37.910 13465 13465 V Console : Activity lifecycle :: POST-RESUMED :: EmptyActivity
09-23 18:05:37.913 13465 13562 W Parcel  : Expecting binder but got null!
09-23 18:05:37.931 13465 13562 E OpenGLRenderer: Unable to match the desired swap behavior.
09-23 18:05:37.940   488   503 I ActivityTaskManager: Displayed com.shareconnect/androidx.test.core.app.InstrumentationActivityInvoker$EmptyActivity: +59ms
09-23 18:05:37.944 13465 13465 V Console : Activity lifecycle :: PRE-STOPPED :: SettingsActivity
09-23 18:05:37.947 13465 13562 D EGL_emulation: app_time_stats: avg=206.61ms min=11.94ms max=3254.75ms count=17
09-23 18:05:37.948 13465 13465 V Console : Activity lifecycle :: STOPPED :: SettingsActivity
09-23 18:05:37.948 13465 13465 D LifecycleMonitor: Lifecycle status change: com.shareconnect.SettingsActivity@c0967fe in: STOPPED
09-23 18:05:37.948 13465 13465 V ActivityScenario: Activity lifecycle changed event received but ignored because the intent does not match. startActivityIntent=Intent { act=android.intent.action.MAIN cat=[android.intent.category.LAUNCHER] flg=0x10008000 cmp=com.shareconnect/.MainActivity }, activity.getIntent()=Intent { cmp=com.shareconnect/.SettingsActivity (has extras) }, activity=com.shareconnect.SettingsActivity@c0967fe
09-23 18:05:37.950 13465 13465 V Console : Activity lifecycle :: POST-STOPPED :: SettingsActivity
09-23 18:05:37.962 13465 13465 V Console : Activity lifecycle :: PRE-DESTROYED :: MainActivity
09-23 18:05:37.962 13465 13465 V Console : Activity lifecycle :: DESTROYED :: MainActivity
09-23 18:05:37.963 13465 13465 D LifecycleMonitor: Lifecycle status change: com.shareconnect.MainActivity@3fd5d6d in: DESTROYED
09-23 18:05:37.963 13465 13465 V ActivityScenario: Update currentActivityStage to DESTROYED, currentActivity=null
09-23 18:05:37.964   488   591 W InputManager-JNI: Input channel object 'd2d2063 com.shareconnect/com.shareconnect.MainActivity (client)' was disposed without first being removed with the input manager!
09-23 18:05:37.970 11811 11811 I GoogleInputMethodService: GoogleInputMethodService.onFinishInput():3227
09-23 18:05:37.970 13465 13542 E TestRunner: failed: testMainContentIsScrollable(com.shareconnect.activities.MainActivityInstrumentationTest)
09-23 18:05:37.970 13465 13542 E TestRunner: ----- begin exception -----
09-23 18:05:37.970 13465 13542 E TestRunner: java.lang.NoClassDefFoundError: Failed resolution of: Lorg/hamcrest/Matchers;
09-23 18:05:37.970 13465 13542 E TestRunner: 	at androidx.test.espresso.matcher.ViewMatchers.withId(ViewMatchers.java:1)
09-23 18:05:37.970 13465 13542 E TestRunner: 	at com.shareconnect.activities.MainActivityInstrumentationTest.testMainContentIsScrollable(MainActivityInstrumentationTest.kt:113)
09-23 18:05:37.970 13465 13542 E TestRunner: 	at java.lang.reflect.Method.invoke(Native Method)
09-23 18:05:37.970 13465 13542 E TestRunner: 	at org.junit.runners.model.FrameworkMethod$1.runReflectiveCall(FrameworkMethod.java:59)
09-23 18:05:37.970 13465 13542 E TestRunner: 	at org.junit.internal.runners.model.ReflectiveCallable.run(ReflectiveCallable.java:12)
09-23 18:05:37.970 13465 13542 E TestRunner: 	at org.junit.runners.model.FrameworkMethod.invokeExplosively(FrameworkMethod.java:56)
09-23 18:05:37.970 13465 13542 E TestRunner: 	at org.junit.internal.runners.statements.InvokeMethod.evaluate(InvokeMethod.java:17)
09-23 18:05:37.970 13465 13542 E TestRunner: 	at androidx.test.internal.runner.junit4.statement.RunBefores.evaluate(RunBefores.java:80)
09-23 18:05:37.970 13465 13542 E TestRunner: 	at androidx.test.internal.runner.junit4.statement.RunAfters.evaluate(RunAfters.java:61)
09-23 18:05:37.970 13465 13542 E TestRunner: 	at androidx.test.rule.ActivityTestRule$ActivityStatement.evaluate(ActivityTestRule.java:522)
09-23 18:05:37.970 13465 13542 E TestRunner: 	at org.junit.runners.ParentRunner$3.evaluate(ParentRunner.java:306)
09-23 18:05:37.970 13465 13542 E TestRunner: 	at org.junit.runners.BlockJUnit4ClassRunner$1.evaluate(BlockJUnit4ClassRunner.java:100)
09-23 18:05:37.970 13465 13542 E TestRunner: 	at org.junit.runners.ParentRunner.runLeaf(ParentRunner.java:366)
09-23 18:05:37.970 13465 13542 E TestRunner: 	at org.junit.runners.BlockJUnit4ClassRunner.runChild(BlockJUnit4ClassRunner.java:103)
09-23 18:05:37.970 13465 13542 E TestRunner: 	at org.junit.runners.BlockJUnit4ClassRunner.runChild(BlockJUnit4ClassRunner.java:63)
09-23 18:05:37.970 13465 13542 E TestRunner: 	at org.junit.runners.ParentRunner$4.run(ParentRunner.java:331)
09-23 18:05:37.970 13465 13542 E TestRunner: 	at org.junit.runners.ParentRunner$1.schedule(ParentRunner.java:79)
09-23 18:05:37.970 13465 13542 E TestRunner: 	at org.junit.runners.ParentRunner.runChildren(ParentRunner.java:329)
09-23 18:05:37.970 13465 13542 E TestRunner: 	at org.junit.runners.ParentRunner.access$100(ParentRunner.java:66)
09-23 18:05:37.970 13465 13542 E TestRunner: 	at org.junit.runners.ParentRunner$2.evaluate(ParentRunner.java:293)
09-23 18:05:37.970 13465 13542 E TestRunner: 	at org.junit.runners.ParentRunner$3.evaluate(ParentRunner.java:306)
09-23 18:05:37.970 13465 13542 E TestRunner: 	at org.junit.runners.ParentRunner.run(ParentRunner.java:413)
09-23 18:05:37.970 13465 13542 E TestRunner: 	at androidx.test.ext.junit.runners.AndroidJUnit4.run(AndroidJUnit4.java:162)
09-23 18:05:37.970 13465 13542 E TestRunner: 	at org.junit.runners.Suite.runChild(Suite.java:128)
09-23 18:05:37.970 13465 13542 E TestRunner: 	at org.junit.runners.Suite.runChild(Suite.java:27)
09-23 18:05:37.970 13465 13542 E TestRunner: 	at org.junit.runners.ParentRunner$4.run(ParentRunner.java:331)
09-23 18:05:37.970 13465 13542 E TestRunner: 	at org.junit.runners.ParentRunner$1.schedule(ParentRunner.java:79)
09-23 18:05:37.970 13465 13542 E TestRunner: 	at org.junit.runners.ParentRunner.runChildren(ParentRunner.java:329)
09-23 18:05:37.970 13465 13542 E TestRunner: 	at org.junit.runners.ParentRunner.access$100(ParentRunner.java:66)
09-23 18:05:37.970 13465 13542 E TestRunner: 	at org.junit.runners.ParentRunner$2.evaluate(ParentRunner.java:293)
09-23 18:05:37.970 13465 13542 E TestRunner: 	at org.junit.runners.ParentRunner$3.evaluate(ParentRunner.java:306)
09-23 18:05:37.970 13465 13542 E TestRunner: 	at org.junit.runners.ParentRunner.run(ParentRunner.java:413)
09-23 18:05:37.970 13465 13542 E TestRunner: 	at org.junit.runners.Suite.runChild(Suite.java:128)
09-23 18:05:37.970 13465 13542 E TestRunner: 	at org.junit.runners.Suite.runChild(Suite.java:27)
09-23 18:05:37.970 13465 13542 E TestRunner: 	at org.junit.runners.ParentRunner$4.run(ParentRunner.java:331)
09-23 18:05:37.970 13465 13542 E TestRunner: 	at org.junit.runners.ParentRunner$1.schedule(ParentRunner.java:79)
09-23 18:05:37.970 13465 13542 E TestRunner: 	at org.junit.runners.ParentRunner.runChildren(ParentRunner.java:329)
09-23 18:05:37.970 13465 13542 E TestRunner: 	at org.junit.runners.ParentRunner.access$100(ParentRunner.java:66)
09-23 18:05:37.970 13465 13542 E TestRunner: 	at org.junit.runners.ParentRunner$2.evaluate(ParentRunner.java:293)
09-23 18:05:37.970 13465 13542 E TestRunner: 	at org.junit.runners.ParentRunner$3.evaluate(ParentRunner.java:306)
09-23 18:05:37.970 13465 13542 E TestRunner: 	at org.junit.runners.ParentRunner.run(ParentRunner.java:413)
09-23 18:05:37.970 13465 13542 E TestRunner: 	at org.junit.runner.JUnitCore.run(JUnitCore.java:137)
09-23 18:05:37.970 13465 13542 E TestRunner: 	at org.junit.runner.JUnitCore.run(JUnitCore.java:115)
09-23 18:05:37.970 13465 13542 E TestRunner: 	at androidx.test.internal.runner.TestExecutor.execute(TestExecutor.java:68)
09-23 18:05:37.970 13465 13542 E TestRunner: 	at androidx.test.internal.runner.TestExecutor.execute(TestExecutor.java:59)
09-23 18:05:37.970 13465 13542 E TestRunner: 	at androidx.test.runner.AndroidJUnitRunner.onStart(AndroidJUnitRunner.java:463)
09-23 18:05:37.970 13465 13542 E TestRunner: 	at android.app.Instrumentation$InstrumentationThread.run(Instrumentation.java:2361)
09-23 18:05:37.970 13465 13542 E TestRunner: Caused by: java.lang.ClassNotFoundException: Didn't find class "org.hamcrest.Matchers" on path: DexPathList[[zip file "/system/framework/android.test.runner.jar", zip file "/system/framework/android.test.mock.jar", zip file "/system/framework/android.test.base.jar", zip file "/data/app/~~tgPGD1IvZyVihJ5WEriGpw==/com.shareconnect.test-KRYtWayfc-BAIa-BFJT_mw==/base.apk", zip file "/data/app/~~kWNn5P5i1VBCZAn7TalMSA==/com.shareconnect-NEp2ZttYEsfwFJQKiNDPXA==/base.apk"],nativeLibraryDirectories=[/data/app/~~tgPGD1IvZyVihJ5WEriGpw==/com.shareconnect.test-KRYtWayfc-BAIa-BFJT_mw==/lib/arm64, /data/app/~~kWNn5P5i1VBCZAn7TalMSA==/com.shareconnect-NEp2ZttYEsfwFJQKiNDPXA==/lib/arm64, /data/app/~~tgPGD1IvZyVihJ5WEriGpw==/com.shareconnect.test-KRYtWayfc-BAIa-BFJT_mw==/base.apk!/lib/arm64-v8a, /data/app/~~kWNn5P5i1VBCZAn7TalMSA==/com.shareconnect-NEp2ZttYEsfwFJQKiNDPXA==/base.apk!/lib/arm64-v8a, /system/lib64, /system_ext/lib64]]
09-23 18:05:37.970 13465 13542 E TestRunner: 	at dalvik.system.BaseDexClassLoader.findClass(BaseDexClassLoader.java:259)
09-23 18:05:37.970 13465 13542 E TestRunner: 	at java.lang.ClassLoader.loadClass(ClassLoader.java:379)
09-23 18:05:37.970 13465 13542 E TestRunner: 	at java.lang.ClassLoader.loadClass(ClassLoader.java:312)
09-23 18:05:37.970 13465 13542 E TestRunner: 	... 47 more
09-23 18:05:37.970 13465 13542 E TestRunner: ----- end exception -----
09-23 18:05:37.970 13465 13542 I TestRunner: finished: testMainContentIsScrollable(com.shareconnect.activities.MainActivityInstrumentationTest)
