09-23 18:04:24.106 13465 13542 I TestRunner: started: testCompleteAppNavigationFlow(com.shareconnect.automation.FullAppFlowAutomationTest)
09-23 18:04:24.112 13465 13542 W Settings: Setting always_finish_activities has moved from android.provider.Settings.System to android.provider.Settings.Global, returning read-only value.
09-23 18:04:24.119   779   868 W Parcel  : Expecting binder but got null!
09-23 18:04:24.130   779   868 E OpenGLRenderer: Unable to match the desired swap behavior.
09-23 18:04:24.147 13465 13465 D LifecycleMonitor: Lifecycle status change: com.shareconnect.MainActivity@2ea3f49 in: PRE_ON_CREATE
09-23 18:04:24.147 13465 13465 V ActivityScenario: Activity lifecycle changed event received but ignored because the reported transition was not ON_CREATE while the last known transition was PRE_ON_CREATE
09-23 18:04:24.151 13465 13465 D Console : getDefaultTheme() returned: Warm Orange Light (ID: 1, isDefault: true)
09-23 18:04:24.151 13465 13465 D Console : getDefaultTheme() returned: Warm Orange Light (ID: 1, isDefault: true)
09-23 18:04:24.152 13465 13465 D Console : Applying theme: Warm Orange Light, colorScheme: warm_orange, isDarkMode: false, currentTheme: WARM_ORANGE_LIGHT
09-23 18:04:24.152 13465 13465 D Console : Activity MainActivity usesToolbar: true
09-23 18:04:24.160 13465 13465 D Console : Setting night mode to NO
09-23 18:04:24.165 13465 13635 V Console : Foreground activity counter :: AtomicIntWrapper :: 12312792 :: 227589169 :: Value of: 0
09-23 18:04:24.165 13465 13635 I Console : Activity lifecycle :: Main state :: Background
09-23 18:04:24.179 13465 13465 D LifecycleMonitor: Lifecycle status change: com.shareconnect.MainActivity@2ea3f49 in: CREATED
09-23 18:04:24.179 13465 13465 V ActivityScenario: Update currentActivityStage to CREATED, currentActivity=com.shareconnect.MainActivity@2ea3f49
09-23 18:04:24.180 13465 13465 D LifecycleMonitor: Lifecycle status change: com.shareconnect.MainActivity@2ea3f49 in: STARTED
09-23 18:04:24.180 13465 13465 V ActivityScenario: Update currentActivityStage to STARTED, currentActivity=com.shareconnect.MainActivity@2ea3f49
09-23 18:04:24.182 13465 13465 D FirebaseSessions: App foregrounded on com.shareconnect
09-23 18:04:24.186 13465 13465 V Console : Activity lifecycle :: RESUMED :: MainActivity
09-23 18:04:24.186 13465 13465 V Console : Foreground activity counter :: AtomicIntWrapper :: 12312792 :: 227589169 :: Value of: 0
09-23 18:04:24.186 13465 13465 I Console : Activity lifecycle :: Main state :: Foreground
09-23 18:04:24.186 13465 13465 V Console : Foreground activity counter :: AtomicIntWrapper :: 12312792 :: 227589169 :: Incremented to: 1
09-23 18:04:24.187 13465 13465 D Console : hasThemeChanged() returned: false
09-23 18:04:24.187 13465 13465 D Console : onResume() called, themeChanged: false
09-23 18:04:24.187 13465 13465 D LifecycleMonitor: Lifecycle status change: com.shareconnect.MainActivity@2ea3f49 in: RESUMED
09-23 18:04:24.187 13465 13465 V ActivityScenario: Update currentActivityStage to RESUMED, currentActivity=com.shareconnect.MainActivity@2ea3f49
09-23 18:04:24.187 13465 13465 V Console : Activity lifecycle :: POST-RESUMED :: MainActivity
09-23 18:04:24.191 13465 13562 W Parcel  : Expecting binder but got null!
09-23 18:04:24.196 13465 13465 V Console : Activity lifecycle :: PRE-PAUSED :: MainActivity
09-23 18:04:24.196 13465 13465 D Console : Activity lifecycle :: Top activity: MainActivity
09-23 18:04:24.197 13465 13465 D FirebaseSessions: App backgrounded on com.shareconnect
09-23 18:04:24.198 13465 13465 V Console : Activity lifecycle :: PAUSED :: MainActivity
09-23 18:04:24.198 13465 13465 V Console : Foreground activity counter :: AtomicIntWrapper :: 12312792 :: 227589169 :: Decremented to: 0
09-23 18:04:24.198 13465 13465 D LifecycleMonitor: Lifecycle status change: com.shareconnect.MainActivity@2ea3f49 in: PAUSED
09-23 18:04:24.198 13465 13465 V ActivityScenario: Update currentActivityStage to PAUSED, currentActivity=com.shareconnect.MainActivity@2ea3f49
09-23 18:04:24.213 13465 13562 E OpenGLRenderer: Unable to match the desired swap behavior.
09-23 18:04:24.220 13465 13465 D LifecycleMonitor: Lifecycle status change: com.shareconnect.SettingsActivity@d04f26a in: PRE_ON_CREATE
09-23 18:04:24.221 13465 13465 V ActivityScenario: Activity lifecycle changed event received but ignored because the intent does not match. startActivityIntent=Intent { act=android.intent.action.MAIN cat=[android.intent.category.LAUNCHER] flg=0x10008000 cmp=com.shareconnect/.MainActivity }, activity.getIntent()=Intent { cmp=com.shareconnect/.SettingsActivity (has extras) }, activity=com.shareconnect.SettingsActivity@d04f26a
09-23 18:04:24.222 13465 13465 D Console : getDefaultTheme() returned: Warm Orange Light (ID: 1, isDefault: true)
09-23 18:04:24.222 13465 13465 D Console : getDefaultTheme() returned: Warm Orange Light (ID: 1, isDefault: true)
09-23 18:04:24.222 13465 13465 D Console : Applying theme: Warm Orange Light, colorScheme: warm_orange, isDarkMode: false, currentTheme: WARM_ORANGE_LIGHT
09-23 18:04:24.222 13465 13465 D Console : Activity SettingsActivity usesToolbar: true
09-23 18:04:24.224 13465 13465 D Console : Setting night mode to NO
09-23 18:04:24.229 13465 13465 D LifecycleMonitor: Lifecycle status change: com.shareconnect.SettingsActivity@d04f26a in: CREATED
09-23 18:04:24.230 13465 13465 V ActivityScenario: Activity lifecycle changed event received but ignored because the intent does not match. startActivityIntent=Intent { act=android.intent.action.MAIN cat=[android.intent.category.LAUNCHER] flg=0x10008000 cmp=com.shareconnect/.MainActivity }, activity.getIntent()=Intent { cmp=com.shareconnect/.SettingsActivity (has extras) }, activity=com.shareconnect.SettingsActivity@d04f26a
09-23 18:04:24.231  1581  1581 I GsaVoiceInteractionSrv: Handling ACTION_STOP_HOTWORD
09-23 18:04:24.231  1581  2154 I HwDetectorWithState: (REDACTED) a: %d
09-23 18:04:24.234 13465 13465 D LifecycleMonitor: Lifecycle status change: com.shareconnect.SettingsActivity@d04f26a in: STARTED
09-23 18:04:24.234 13465 13465 V ActivityScenario: Activity lifecycle changed event received but ignored because the intent does not match. startActivityIntent=Intent { act=android.intent.action.MAIN cat=[android.intent.category.LAUNCHER] flg=0x10008000 cmp=com.shareconnect/.MainActivity }, activity.getIntent()=Intent { cmp=com.shareconnect/.SettingsActivity (has extras) }, activity=com.shareconnect.SettingsActivity@d04f26a
09-23 18:04:24.234 13465 13465 D FirebaseSessions: App foregrounded on com.shareconnect
09-23 18:04:24.236 13465 13465 V Console : Activity lifecycle :: RESUMED :: SettingsActivity
09-23 18:04:24.236 13465 13465 V Console : Foreground activity counter :: AtomicIntWrapper :: 12312792 :: 227589169 :: Value of: 0
09-23 18:04:24.236 13465 13465 I Console : Activity lifecycle :: Main state :: Foreground
09-23 18:04:24.236 13465 13465 V Console : Foreground activity counter :: AtomicIntWrapper :: 12312792 :: 227589169 :: Incremented to: 1
09-23 18:04:24.237 13465 13465 D LifecycleMonitor: Lifecycle status change: com.shareconnect.SettingsActivity@d04f26a in: RESUMED
09-23 18:04:24.237 13465 13465 V ActivityScenario: Activity lifecycle changed event received but ignored because the intent does not match. startActivityIntent=Intent { act=android.intent.action.MAIN cat=[android.intent.category.LAUNCHER] flg=0x10008000 cmp=com.shareconnect/.MainActivity }, activity.getIntent()=Intent { cmp=com.shareconnect/.SettingsActivity (has extras) }, activity=com.shareconnect.SettingsActivity@d04f26a
09-23 18:04:24.237 13465 13465 V Console : Activity lifecycle :: POST-RESUMED :: SettingsActivity
09-23 18:04:24.239 13465 13562 W Parcel  : Expecting binder but got null!
09-23 18:04:24.271 13465 13562 E OpenGLRenderer: Unable to match the desired swap behavior.
09-23 18:04:24.284   779   868 D EGL_emulation: app_time_stats: avg=720.44ms min=1.25ms max=5590.49ms count=8
09-23 18:04:24.299   488   503 W ziparchive: Unable to open '/data/app/~~kWNn5P5i1VBCZAn7TalMSA==/com.shareconnect-NEp2ZttYEsfwFJQKiNDPXA==/base.dm': No such file or directory
09-23 18:04:24.301   488   503 I ActivityTaskManager: Displayed com.shareconnect/.SettingsActivity: +184ms
09-23 18:04:24.315 11811 11811 I GoogleInputMethodService: GoogleInputMethodService.onFinishInput():3227
09-23 18:04:24.316 11811 11811 I GoogleInputMethodService: GoogleInputMethodService.updateDeviceLockedStatus():2087 repeatCheckTimes = 0, unlocked = true
09-23 18:04:24.316 11811 11811 I GoogleInputMethodService: GoogleInputMethodService.onStartInput():1877 onStartInput(EditorInfo{inputType=0x0(NULL) imeOptions=0x0 privateImeOptions=null actionName=UNSPECIFIED actionLabel=null actionId=0 initialSelStart=-1 initialSelEnd=-1 initialCapsMode=0x0 hintText=null label=null packageName=com.shareconnect fieldId=2131231190 fieldName=null extras=null}, false)
09-23 18:04:24.316 11811 11811 I GoogleInputMethodService: GoogleInputMethodService.shouldHideHeaderOnInitialState():4008 ShouldHideHeaderOnInitialState = false
09-23 18:04:24.316 11811 11811 I GoogleInputMethodService: GoogleInputMethodService.updateDeviceLockedStatus():2087 repeatCheckTimes = 2, unlocked = true
09-23 18:04:24.431 12330 14172 W WakeLock: GCM_HB_ALARM release without a matched acquire!
09-23 18:04:24.431 12330 14172 W WakeLock: GCM_HB_ALARM counter does not exist
09-23 18:04:24.437  1581  2227 I AssistantForeground: (REDACTED) Get launcher package: %s
09-23 18:04:24.449 13465 13465 V Console : Activity lifecycle :: PRE-STOPPED :: MainActivity
09-23 18:04:24.451 13465 13465 V Console : Activity lifecycle :: STOPPED :: MainActivity
09-23 18:04:24.451 13465 13465 D LifecycleMonitor: Lifecycle status change: com.shareconnect.MainActivity@2ea3f49 in: STOPPED
09-23 18:04:24.451 13465 13465 V ActivityScenario: Update currentActivityStage to STOPPED, currentActivity=com.shareconnect.MainActivity@2ea3f49
09-23 18:04:24.451 13465 13465 V Console : Activity lifecycle :: POST-STOPPED :: MainActivity
09-23 18:04:24.455   998  1945 D OneSearchSuggestProvider: Shut down the binder channel
09-23 18:04:24.456   998 13981 I s.nexuslauncher: oneway function results for code 2 on binder at 0xb400007a39488590 will be dropped but finished with status UNKNOWN_TRANSACTION
09-23 18:04:24.514 12330 12386 D TrafficStats: tagSocket(-1) with statsTag=0x407, statsUid=-1
09-23 18:04:24.514 12330 12386 I TrafficStats: tagSocketFd(-1, 1031, -1) failed with errno-9
09-23 18:04:24.515 12330 12386 D TrafficStats: tagSocket(80) with statsTag=0x407, statsUid=-1
09-23 18:04:24.579   488  2245 W InputManager-JNI: Input channel object '2ff051c Splash Screen com.shareconnect (client)' was disposed without first being removed with the input manager!
09-23 18:04:24.700 13465 13671 V Console : Foreground activity counter :: AtomicIntWrapper :: 12312792 :: 227589169 :: Value of: 1
09-23 18:04:24.721 12330 14172 D TrafficStats: tagSocket(81) with statsTag=0x407, statsUid=-1
09-23 18:04:24.727 12330 14172 I AlarmManager: setExactAndAllowWhileIdle [name: GCM_HB_ALARM type: 2 triggerAtMillis: 2270123]
09-23 18:04:24.838 12330 14172 I AlarmManager: setExactAndAllowWhileIdle [name: GCM_HB_ALARM type: 2 triggerAtMillis: 2270234]
09-23 18:04:24.842 12330 14172 I AlarmManager: setExactAndAllowWhileIdle [name: GCM_HB_ALARM type: 2 triggerAtMillis: 2270238]
09-23 18:04:24.941   779   868 D EGL_emulation: app_time_stats: avg=27.34ms min=9.85ms max=69.39ms count=38
09-23 18:04:25.886 13465 13562 D EGL_emulation: app_time_stats: avg=148.58ms min=0.97ms max=1442.40ms count=10
09-23 18:04:29.332 13465 13465 V Console : Activity lifecycle :: PRE-PAUSED :: SettingsActivity
09-23 18:04:29.333 13465 13465 D Console : Activity lifecycle :: Top activity: SettingsActivity
09-23 18:04:29.333 13465 13465 D FirebaseSessions: App backgrounded on com.shareconnect
09-23 18:04:29.355 13465 13465 V Console : Activity lifecycle :: PAUSED :: SettingsActivity
09-23 18:04:29.356 13465 13465 V Console : Foreground activity counter :: AtomicIntWrapper :: 12312792 :: 227589169 :: Decremented to: 0
09-23 18:04:29.356 13465 13465 D LifecycleMonitor: Lifecycle status change: com.shareconnect.SettingsActivity@d04f26a in: PAUSED
09-23 18:04:29.357 13465 13465 V ActivityScenario: Activity lifecycle changed event received but ignored because the intent does not match. startActivityIntent=Intent { act=android.intent.action.MAIN cat=[android.intent.category.LAUNCHER] flg=0x10008000 cmp=com.shareconnect/.MainActivity }, activity.getIntent()=Intent { cmp=com.shareconnect/.SettingsActivity (has extras) }, activity=com.shareconnect.SettingsActivity@d04f26a
09-23 18:04:29.363 13465 13465 D LifecycleMonitor: Lifecycle status change: androidx.test.core.app.InstrumentationActivityInvoker$EmptyActivity@73ca242 in: PRE_ON_CREATE
09-23 18:04:29.363 13465 13465 V ActivityScenario: Activity lifecycle changed event received but ignored because the intent does not match. startActivityIntent=Intent { act=android.intent.action.MAIN cat=[android.intent.category.LAUNCHER] flg=0x10008000 cmp=com.shareconnect/.MainActivity }, activity.getIntent()=Intent { act=android.intent.action.MAIN cat=[android.intent.category.LAUNCHER] flg=0x10000000 cmp=com.shareconnect/androidx.test.core.app.InstrumentationActivityInvoker$EmptyActivity }, activity=androidx.test.core.app.InstrumentationActivityInvoker$EmptyActivity@73ca242
09-23 18:04:29.365 13465 13465 D LifecycleMonitor: Lifecycle status change: androidx.test.core.app.InstrumentationActivityInvoker$EmptyActivity@73ca242 in: CREATED
09-23 18:04:29.365 13465 13465 V ActivityScenario: Activity lifecycle changed event received but ignored because the intent does not match. startActivityIntent=Intent { act=android.intent.action.MAIN cat=[android.intent.category.LAUNCHER] flg=0x10008000 cmp=com.shareconnect/.MainActivity }, activity.getIntent()=Intent { act=android.intent.action.MAIN cat=[android.intent.category.LAUNCHER] flg=0x10000000 cmp=com.shareconnect/androidx.test.core.app.InstrumentationActivityInvoker$EmptyActivity }, activity=androidx.test.core.app.InstrumentationActivityInvoker$EmptyActivity@73ca242
09-23 18:04:29.365 13465 13465 D LifecycleMonitor: Lifecycle status change: androidx.test.core.app.InstrumentationActivityInvoker$EmptyActivity@73ca242 in: STARTED
09-23 18:04:29.365 13465 13465 V ActivityScenario: Activity lifecycle changed event received but ignored because the intent does not match. startActivityIntent=Intent { act=android.intent.action.MAIN cat=[android.intent.category.LAUNCHER] flg=0x10008000 cmp=com.shareconnect/.MainActivity }, activity.getIntent()=Intent { act=android.intent.action.MAIN cat=[android.intent.category.LAUNCHER] flg=0x10000000 cmp=com.shareconnect/androidx.test.core.app.InstrumentationActivityInvoker$EmptyActivity }, activity=androidx.test.core.app.InstrumentationActivityInvoker$EmptyActivity@73ca242
09-23 18:04:29.366 13465 13465 D FirebaseSessions: App foregrounded on com.shareconnect
09-23 18:04:29.368 13465 13465 V Console : Activity lifecycle :: RESUMED :: EmptyActivity
09-23 18:04:29.368 13465 13465 V Console : Foreground activity counter :: AtomicIntWrapper :: 12312792 :: 227589169 :: Value of: 0
09-23 18:04:29.368 13465 13465 I Console : Activity lifecycle :: Main state :: Foreground
09-23 18:04:29.368 13465 13465 V Console : Foreground activity counter :: AtomicIntWrapper :: 12312792 :: 227589169 :: Incremented to: 1
09-23 18:04:29.369 13465 13465 D LifecycleMonitor: Lifecycle status change: androidx.test.core.app.InstrumentationActivityInvoker$EmptyActivity@73ca242 in: RESUMED
09-23 18:04:29.369 13465 13465 V ActivityScenario: Activity lifecycle changed event received but ignored because the intent does not match. startActivityIntent=Intent { act=android.intent.action.MAIN cat=[android.intent.category.LAUNCHER] flg=0x10008000 cmp=com.shareconnect/.MainActivity }, activity.getIntent()=Intent { act=android.intent.action.MAIN cat=[android.intent.category.LAUNCHER] flg=0x10000000 cmp=com.shareconnect/androidx.test.core.app.InstrumentationActivityInvoker$EmptyActivity }, activity=androidx.test.core.app.InstrumentationActivityInvoker$EmptyActivity@73ca242
09-23 18:04:29.370 13465 13465 V Console : Activity lifecycle :: POST-RESUMED :: EmptyActivity
09-23 18:04:29.372 13465 13562 W Parcel  : Expecting binder but got null!
09-23 18:04:29.392 13465 13562 E OpenGLRenderer: Unable to match the desired swap behavior.
09-23 18:04:29.402   488   503 I ActivityTaskManager: Displayed com.shareconnect/androidx.test.core.app.InstrumentationActivityInvoker$EmptyActivity: +79ms
09-23 18:04:29.409 13465 13465 V Console : Activity lifecycle :: PRE-STOPPED :: SettingsActivity
09-23 18:04:29.411 13465 13465 V Console : Activity lifecycle :: STOPPED :: SettingsActivity
09-23 18:04:29.411 13465 13465 D LifecycleMonitor: Lifecycle status change: com.shareconnect.SettingsActivity@d04f26a in: STOPPED
09-23 18:04:29.413 13465 13465 V ActivityScenario: Activity lifecycle changed event received but ignored because the intent does not match. startActivityIntent=Intent { act=android.intent.action.MAIN cat=[android.intent.category.LAUNCHER] flg=0x10008000 cmp=com.shareconnect/.MainActivity }, activity.getIntent()=Intent { cmp=com.shareconnect/.SettingsActivity (has extras) }, activity=com.shareconnect.SettingsActivity@d04f26a
09-23 18:04:29.414 13465 13465 V Console : Activity lifecycle :: POST-STOPPED :: SettingsActivity
09-23 18:04:29.421 13465 13465 V Console : Activity lifecycle :: PRE-DESTROYED :: MainActivity
09-23 18:04:29.422 13465 13465 V Console : Activity lifecycle :: DESTROYED :: MainActivity
09-23 18:04:29.424 13465 13465 D LifecycleMonitor: Lifecycle status change: com.shareconnect.MainActivity@2ea3f49 in: DESTROYED
09-23 18:04:29.424 13465 13465 V ActivityScenario: Update currentActivityStage to DESTROYED, currentActivity=null
09-23 18:04:29.427   488  2245 W InputManager-JNI: Input channel object '8db8211 com.shareconnect/com.shareconnect.MainActivity (client)' was disposed without first being removed with the input manager!
09-23 18:04:29.428 11811 11811 I GoogleInputMethodService: GoogleInputMethodService.onFinishInput():3227
09-23 18:04:29.428 11811 11811 I GoogleInputMethodService: GoogleInputMethodService.updateDeviceLockedStatus():2087 repeatCheckTimes = 0, unlocked = true
09-23 18:04:29.428 11811 11811 I GoogleInputMethodService: GoogleInputMethodService.onStartInput():1877 onStartInput(EditorInfo{inputType=0x0(NULL) imeOptions=0x0 privateImeOptions=null actionName=UNSPECIFIED actionLabel=null actionId=0 initialSelStart=-1 initialSelEnd=-1 initialCapsMode=0x0 hintText=null label=null packageName=com.shareconnect fieldId=-1 fieldName=null extras=null}, false)
09-23 18:04:29.428 11811 11811 I GoogleInputMethodService: GoogleInputMethodService.shouldHideHeaderOnInitialState():4008 ShouldHideHeaderOnInitialState = false
09-23 18:04:29.428 11811 11811 I GoogleInputMethodService: GoogleInputMethodService.updateDeviceLockedStatus():2087 repeatCheckTimes = 2, unlocked = true
09-23 18:04:29.429 13465 13542 E TestRunner: failed: testCompleteAppNavigationFlow(com.shareconnect.automation.FullAppFlowAutomationTest)
09-23 18:04:29.430 13465 13542 E TestRunner: ----- begin exception -----
09-23 18:04:29.430 13465 13542 E TestRunner: java.lang.NoClassDefFoundError: Failed resolution of: Lorg/hamcrest/Matchers;
09-23 18:04:29.430 13465 13542 E TestRunner: 	at androidx.test.espresso.matcher.ViewMatchers.withId(ViewMatchers.java:1)
09-23 18:04:29.430 13465 13542 E TestRunner: 	at com.shareconnect.automation.FullAppFlowAutomationTest.testCompleteAppNavigationFlow(FullAppFlowAutomationTest.kt:215)
09-23 18:04:29.430 13465 13542 E TestRunner: 	at java.lang.reflect.Method.invoke(Native Method)
09-23 18:04:29.430 13465 13542 E TestRunner: 	at org.junit.runners.model.FrameworkMethod$1.runReflectiveCall(FrameworkMethod.java:59)
09-23 18:04:29.430 13465 13542 E TestRunner: 	at org.junit.internal.runners.model.ReflectiveCallable.run(ReflectiveCallable.java:12)
09-23 18:04:29.430 13465 13542 E TestRunner: 	at org.junit.runners.model.FrameworkMethod.invokeExplosively(FrameworkMethod.java:56)
09-23 18:04:29.430 13465 13542 E TestRunner: 	at org.junit.internal.runners.statements.InvokeMethod.evaluate(InvokeMethod.java:17)
09-23 18:04:29.430 13465 13542 E TestRunner: 	at androidx.test.internal.runner.junit4.statement.RunBefores.evaluate(RunBefores.java:80)
09-23 18:04:29.430 13465 13542 E TestRunner: 	at androidx.test.internal.runner.junit4.statement.RunAfters.evaluate(RunAfters.java:61)
09-23 18:04:29.430 13465 13542 E TestRunner: 	at org.junit.runners.ParentRunner$3.evaluate(ParentRunner.java:306)
09-23 18:04:29.430 13465 13542 E TestRunner: 	at org.junit.runners.BlockJUnit4ClassRunner$1.evaluate(BlockJUnit4ClassRunner.java:100)
09-23 18:04:29.430 13465 13542 E TestRunner: 	at org.junit.runners.ParentRunner.runLeaf(ParentRunner.java:366)
09-23 18:04:29.430 13465 13542 E TestRunner: 	at org.junit.runners.BlockJUnit4ClassRunner.runChild(BlockJUnit4ClassRunner.java:103)
09-23 18:04:29.430 13465 13542 E TestRunner: 	at org.junit.runners.BlockJUnit4ClassRunner.runChild(BlockJUnit4ClassRunner.java:63)
09-23 18:04:29.430 13465 13542 E TestRunner: 	at org.junit.runners.ParentRunner$4.run(ParentRunner.java:331)
09-23 18:04:29.430 13465 13542 E TestRunner: 	at org.junit.runners.ParentRunner$1.schedule(ParentRunner.java:79)
09-23 18:04:29.430 13465 13542 E TestRunner: 	at org.junit.runners.ParentRunner.runChildren(ParentRunner.java:329)
09-23 18:04:29.430 13465 13542 E TestRunner: 	at org.junit.runners.ParentRunner.access$100(ParentRunner.java:66)
09-23 18:04:29.430 13465 13542 E TestRunner: 	at org.junit.runners.ParentRunner$2.evaluate(ParentRunner.java:293)
09-23 18:04:29.430 13465 13542 E TestRunner: 	at org.junit.runners.ParentRunner$3.evaluate(ParentRunner.java:306)
09-23 18:04:29.430 13465 13542 E TestRunner: 	at org.junit.runners.ParentRunner.run(ParentRunner.java:413)
09-23 18:04:29.430 13465 13542 E TestRunner: 	at androidx.test.ext.junit.runners.AndroidJUnit4.run(AndroidJUnit4.java:162)
09-23 18:04:29.430 13465 13542 E TestRunner: 	at org.junit.runners.Suite.runChild(Suite.java:128)
09-23 18:04:29.430 13465 13542 E TestRunner: 	at org.junit.runners.Suite.runChild(Suite.java:27)
09-23 18:04:29.430 13465 13542 E TestRunner: 	at org.junit.runners.ParentRunner$4.run(ParentRunner.java:331)
09-23 18:04:29.430 13465 13542 E TestRunner: 	at org.junit.runners.ParentRunner$1.schedule(ParentRunner.java:79)
09-23 18:04:29.430 13465 13542 E TestRunner: 	at org.junit.runners.ParentRunner.runChildren(ParentRunner.java:329)
09-23 18:04:29.430 13465 13542 E TestRunner: 	at org.junit.runners.ParentRunner.access$100(ParentRunner.java:66)
09-23 18:04:29.430 13465 13542 E TestRunner: 	at org.junit.runners.ParentRunner$2.evaluate(ParentRunner.java:293)
09-23 18:04:29.430 13465 13542 E TestRunner: 	at org.junit.runners.ParentRunner$3.evaluate(ParentRunner.java:306)
09-23 18:04:29.430 13465 13542 E TestRunner: 	at org.junit.runners.ParentRunner.run(ParentRunner.java:413)
09-23 18:04:29.430 13465 13542 E TestRunner: 	at org.junit.runners.Suite.runChild(Suite.java:128)
09-23 18:04:29.430 13465 13542 E TestRunner: 	at org.junit.runners.Suite.runChild(Suite.java:27)
09-23 18:04:29.430 13465 13542 E TestRunner: 	at org.junit.runners.ParentRunner$4.run(ParentRunner.java:331)
09-23 18:04:29.430 13465 13542 E TestRunner: 	at org.junit.runners.ParentRunner$1.schedule(ParentRunner.java:79)
09-23 18:04:29.430 13465 13542 E TestRunner: 	at org.junit.runners.ParentRunner.runChildren(ParentRunner.java:329)
09-23 18:04:29.430 13465 13542 E TestRunner: 	at org.junit.runners.ParentRunner.access$100(ParentRunner.java:66)
09-23 18:04:29.430 13465 13542 E TestRunner: 	at org.junit.runners.ParentRunner$2.evaluate(ParentRunner.java:293)
09-23 18:04:29.430 13465 13542 E TestRunner: 	at org.junit.runners.ParentRunner$3.evaluate(ParentRunner.java:306)
09-23 18:04:29.430 13465 13542 E TestRunner: 	at org.junit.runners.ParentRunner.run(ParentRunner.java:413)
09-23 18:04:29.430 13465 13542 E TestRunner: 	at org.junit.runner.JUnitCore.run(JUnitCore.java:137)
09-23 18:04:29.430 13465 13542 E TestRunner: 	at org.junit.runner.JUnitCore.run(JUnitCore.java:115)
09-23 18:04:29.430 13465 13542 E TestRunner: 	at androidx.test.internal.runner.TestExecutor.execute(TestExecutor.java:68)
09-23 18:04:29.430 13465 13542 E TestRunner: 	at androidx.test.internal.runner.TestExecutor.execute(TestExecutor.java:59)
09-23 18:04:29.430 13465 13542 E TestRunner: 	at androidx.test.runner.AndroidJUnitRunner.onStart(AndroidJUnitRunner.java:463)
09-23 18:04:29.430 13465 13542 E TestRunner: 	at android.app.Instrumentation$InstrumentationThread.run(Instrumentation.java:2361)
09-23 18:04:29.430 13465 13542 E TestRunner: Caused by: java.lang.ClassNotFoundException: Didn't find class "org.hamcrest.Matchers" on path: DexPathList[[zip file "/system/framework/android.test.runner.jar", zip file "/system/framework/android.test.mock.jar", zip file "/system/framework/android.test.base.jar", zip file "/data/app/~~tgPGD1IvZyVihJ5WEriGpw==/com.shareconnect.test-KRYtWayfc-BAIa-BFJT_mw==/base.apk", zip file "/data/app/~~kWNn5P5i1VBCZAn7TalMSA==/com.shareconnect-NEp2ZttYEsfwFJQKiNDPXA==/base.apk"],nativeLibraryDirectories=[/data/app/~~tgPGD1IvZyVihJ5WEriGpw==/com.shareconnect.test-KRYtWayfc-BAIa-BFJT_mw==/lib/arm64, /data/app/~~kWNn5P5i1VBCZAn7TalMSA==/com.shareconnect-NEp2ZttYEsfwFJQKiNDPXA==/lib/arm64, /data/app/~~tgPGD1IvZyVihJ5WEriGpw==/com.shareconnect.test-KRYtWayfc-BAIa-BFJT_mw==/base.apk!/lib/arm64-v8a, /data/app/~~kWNn5P5i1VBCZAn7TalMSA==/com.shareconnect-NEp2ZttYEsfwFJQKiNDPXA==/base.apk!/lib/arm64-v8a, /system/lib64, /system_ext/lib64]]
09-23 18:04:29.430 13465 13542 E TestRunner: 	at dalvik.system.BaseDexClassLoader.findClass(BaseDexClassLoader.java:259)
09-23 18:04:29.430 13465 13542 E TestRunner: 	at java.lang.ClassLoader.loadClass(ClassLoader.java:379)
09-23 18:04:29.430 13465 13542 E TestRunner: 	at java.lang.ClassLoader.loadClass(ClassLoader.java:312)
09-23 18:04:29.430 13465 13542 E TestRunner: 	... 46 more
09-23 18:04:29.430 13465 13542 E TestRunner: ----- end exception -----
09-23 18:04:29.431 13465 13542 I TestRunner: finished: testCompleteAppNavigationFlow(com.shareconnect.automation.FullAppFlowAutomationTest)
