09-23 18:03:49.434 13465 13542 I TestRunner: started: testAppStressTest(com.shareconnect.automation.FullAppFlowAutomationTest)
09-23 18:03:49.438 13465 13542 W Settings: Setting always_finish_activities has moved from android.provider.Settings.System to android.provider.Settings.Global, returning read-only value.
09-23 18:03:49.448   779   868 W Parcel  : Expecting binder but got null!
09-23 18:03:49.449 13465 13465 D LifecycleMonitor: Lifecycle status change: com.shareconnect.MainActivity@81490a9 in: PRE_ON_CREATE
09-23 18:03:49.449 13465 13465 V ActivityScenario: Activity lifecycle changed event received but ignored because the reported transition was not ON_CREATE while the last known transition was PRE_ON_CREATE
09-23 18:03:49.450 13465 13465 D Console : getDefaultTheme() returned: Warm Orange Light (ID: 1, isDefault: true)
09-23 18:03:49.450 13465 13465 D Console : getDefaultTheme() returned: Warm Orange Light (ID: 1, isDefault: true)
09-23 18:03:49.450 13465 13465 D Console : Applying theme: Warm Orange Light, colorScheme: warm_orange, isDarkMode: false, currentTheme: WARM_ORANGE_LIGHT
09-23 18:03:49.450 13465 13465 D Console : Activity MainActivity usesToolbar: true
09-23 18:03:49.450 13465 13465 D Console : Setting night mode to NO
09-23 18:03:49.457 13465 13465 D LifecycleMonitor: Lifecycle status change: com.shareconnect.MainActivity@81490a9 in: CREATED
09-23 18:03:49.457 13465 13465 V ActivityScenario: Update currentActivityStage to CREATED, currentActivity=com.shareconnect.MainActivity@81490a9
09-23 18:03:49.459 13465 13465 D LifecycleMonitor: Lifecycle status change: com.shareconnect.MainActivity@81490a9 in: STARTED
09-23 18:03:49.459 13465 13465 V ActivityScenario: Update currentActivityStage to STARTED, currentActivity=com.shareconnect.MainActivity@81490a9
09-23 18:03:49.461 13465 13465 D FirebaseSessions: App foregrounded on com.shareconnect
09-23 18:03:49.462   779   868 E OpenGLRenderer: Unable to match the desired swap behavior.
09-23 18:03:49.463 13465 13465 V Console : Activity lifecycle :: RESUMED :: MainActivity
09-23 18:03:49.463 13465 13465 V Console : Foreground activity counter :: AtomicIntWrapper :: 12312792 :: 227589169 :: Value of: 0
09-23 18:03:49.463 13465 13465 I Console : Activity lifecycle :: Main state :: Foreground
09-23 18:03:49.464 13465 13465 V Console : Foreground activity counter :: AtomicIntWrapper :: 12312792 :: 227589169 :: Incremented to: 1
09-23 18:03:49.464 13465 13465 D Console : hasThemeChanged() returned: false
09-23 18:03:49.464 13465 13465 D Console : onResume() called, themeChanged: false
09-23 18:03:49.464 13465 13465 D LifecycleMonitor: Lifecycle status change: com.shareconnect.MainActivity@81490a9 in: RESUMED
09-23 18:03:49.464 13465 13465 V ActivityScenario: Update currentActivityStage to RESUMED, currentActivity=com.shareconnect.MainActivity@81490a9
09-23 18:03:49.464 13465 13465 V Console : Activity lifecycle :: POST-RESUMED :: MainActivity
09-23 18:03:49.474 13465 13562 W Parcel  : Expecting binder but got null!
09-23 18:03:49.479 13465 13465 V Console : Activity lifecycle :: PRE-PAUSED :: MainActivity
09-23 18:03:49.479 13465 13465 D Console : Activity lifecycle :: Top activity: MainActivity
09-23 18:03:49.479 13465 13465 D FirebaseSessions: App backgrounded on com.shareconnect
09-23 18:03:49.481 13465 13465 V Console : Activity lifecycle :: PAUSED :: MainActivity
09-23 18:03:49.481 13465 13465 V Console : Foreground activity counter :: AtomicIntWrapper :: 12312792 :: 227589169 :: Decremented to: 0
09-23 18:03:49.481 13465 13465 D LifecycleMonitor: Lifecycle status change: com.shareconnect.MainActivity@81490a9 in: PAUSED
09-23 18:03:49.481 13465 13465 V ActivityScenario: Update currentActivityStage to PAUSED, currentActivity=com.shareconnect.MainActivity@81490a9
09-23 18:03:49.495 13465 13562 E OpenGLRenderer: Unable to match the desired swap behavior.
09-23 18:03:49.501 13465 13465 D LifecycleMonitor: Lifecycle status change: com.shareconnect.SettingsActivity@3a97e4a in: PRE_ON_CREATE
09-23 18:03:49.501 13465 13465 V ActivityScenario: Activity lifecycle changed event received but ignored because the intent does not match. startActivityIntent=Intent { act=android.intent.action.MAIN cat=[android.intent.category.LAUNCHER] flg=0x10008000 cmp=com.shareconnect/.MainActivity }, activity.getIntent()=Intent { cmp=com.shareconnect/.SettingsActivity (has extras) }, activity=com.shareconnect.SettingsActivity@3a97e4a
09-23 18:03:49.502 13465 13465 D Console : getDefaultTheme() returned: Warm Orange Light (ID: 1, isDefault: true)
09-23 18:03:49.502 13465 13465 D Console : getDefaultTheme() returned: Warm Orange Light (ID: 1, isDefault: true)
09-23 18:03:49.502 13465 13465 D Console : Applying theme: Warm Orange Light, colorScheme: warm_orange, isDarkMode: false, currentTheme: WARM_ORANGE_LIGHT
09-23 18:03:49.502 13465 13465 D Console : Activity SettingsActivity usesToolbar: true
09-23 18:03:49.502 13465 13465 D Console : Setting night mode to NO
09-23 18:03:49.505 13465 13465 D LifecycleMonitor: Lifecycle status change: com.shareconnect.SettingsActivity@3a97e4a in: CREATED
09-23 18:03:49.505 13465 13465 V ActivityScenario: Activity lifecycle changed event received but ignored because the intent does not match. startActivityIntent=Intent { act=android.intent.action.MAIN cat=[android.intent.category.LAUNCHER] flg=0x10008000 cmp=com.shareconnect/.MainActivity }, activity.getIntent()=Intent { cmp=com.shareconnect/.SettingsActivity (has extras) }, activity=com.shareconnect.SettingsActivity@3a97e4a
09-23 18:03:49.509 13465 13465 D LifecycleMonitor: Lifecycle status change: com.shareconnect.SettingsActivity@3a97e4a in: STARTED
09-23 18:03:49.509 13465 13465 V ActivityScenario: Activity lifecycle changed event received but ignored because the intent does not match. startActivityIntent=Intent { act=android.intent.action.MAIN cat=[android.intent.category.LAUNCHER] flg=0x10008000 cmp=com.shareconnect/.MainActivity }, activity.getIntent()=Intent { cmp=com.shareconnect/.SettingsActivity (has extras) }, activity=com.shareconnect.SettingsActivity@3a97e4a
09-23 18:03:49.510 13465 13465 D FirebaseSessions: App foregrounded on com.shareconnect
09-23 18:03:49.512 13465 13465 V Console : Activity lifecycle :: RESUMED :: SettingsActivity
09-23 18:03:49.512 13465 13465 V Console : Foreground activity counter :: AtomicIntWrapper :: 12312792 :: 227589169 :: Value of: 0
09-23 18:03:49.512 13465 13465 I Console : Activity lifecycle :: Main state :: Foreground
09-23 18:03:49.512 13465 13465 V Console : Foreground activity counter :: AtomicIntWrapper :: 12312792 :: 227589169 :: Incremented to: 1
09-23 18:03:49.512 13465 13465 D LifecycleMonitor: Lifecycle status change: com.shareconnect.SettingsActivity@3a97e4a in: RESUMED
09-23 18:03:49.512 13465 13465 V ActivityScenario: Activity lifecycle changed event received but ignored because the intent does not match. startActivityIntent=Intent { act=android.intent.action.MAIN cat=[android.intent.category.LAUNCHER] flg=0x10008000 cmp=com.shareconnect/.MainActivity }, activity.getIntent()=Intent { cmp=com.shareconnect/.SettingsActivity (has extras) }, activity=com.shareconnect.SettingsActivity@3a97e4a
09-23 18:03:49.513 13465 13465 V Console : Activity lifecycle :: POST-RESUMED :: SettingsActivity
09-23 18:03:49.514 13465 13562 W Parcel  : Expecting binder but got null!
09-23 18:03:49.529 13465 13562 E OpenGLRenderer: Unable to match the desired swap behavior.
09-23 18:03:49.547  1581  1581 I GsaVoiceInteractionSrv: Handling ACTION_STOP_HOTWORD
09-23 18:03:49.548  1581  2233 I HwDetectorWithState: (REDACTED) a: %d
09-23 18:03:49.550   779   868 D EGL_emulation: app_time_stats: avg=531.94ms min=13.83ms max=5686.09ms count=11
09-23 18:03:49.553   488   503 W ziparchive: Unable to open '/data/app/~~kWNn5P5i1VBCZAn7TalMSA==/com.shareconnect-NEp2ZttYEsfwFJQKiNDPXA==/base.dm': No such file or directory
09-23 18:03:49.554   488   503 I ActivityTaskManager: Displayed com.shareconnect/.SettingsActivity: +113ms
09-23 18:03:49.572 11811 11811 I GoogleInputMethodService: GoogleInputMethodService.onFinishInput():3227
09-23 18:03:49.573 11811 11811 I GoogleInputMethodService: GoogleInputMethodService.updateDeviceLockedStatus():2087 repeatCheckTimes = 0, unlocked = true
09-23 18:03:49.573 11811 11811 I GoogleInputMethodService: GoogleInputMethodService.onStartInput():1877 onStartInput(EditorInfo{inputType=0x0(NULL) imeOptions=0x0 privateImeOptions=null actionName=UNSPECIFIED actionLabel=null actionId=0 initialSelStart=-1 initialSelEnd=-1 initialCapsMode=0x0 hintText=null label=null packageName=com.shareconnect fieldId=2131231190 fieldName=null extras=null}, false)
09-23 18:03:49.573 11811 11811 I GoogleInputMethodService: GoogleInputMethodService.shouldHideHeaderOnInitialState():4008 ShouldHideHeaderOnInitialState = false
09-23 18:03:49.573 11811 11811 I GoogleInputMethodService: GoogleInputMethodService.updateDeviceLockedStatus():2087 repeatCheckTimes = 2, unlocked = true
09-23 18:03:49.759 13465 13465 V Console : Activity lifecycle :: PRE-STOPPED :: MainActivity
09-23 18:03:49.760 13465 13465 V Console : Activity lifecycle :: STOPPED :: MainActivity
09-23 18:03:49.760 13465 13465 D LifecycleMonitor: Lifecycle status change: com.shareconnect.MainActivity@81490a9 in: STOPPED
09-23 18:03:49.760 13465 13465 V ActivityScenario: Update currentActivityStage to STOPPED, currentActivity=com.shareconnect.MainActivity@81490a9
09-23 18:03:49.760 13465 13465 V Console : Activity lifecycle :: POST-STOPPED :: MainActivity
09-23 18:03:49.761  1581  2228 I AssistantForeground: (REDACTED) Get launcher package: %s
09-23 18:03:49.778   998  1945 D OneSearchSuggestProvider: Shut down the binder channel
09-23 18:03:49.778   998  1037 I s.nexuslauncher: oneway function results for code 2 on binder at 0xb400007a3948a9c0 will be dropped but finished with status UNKNOWN_TRANSACTION
09-23 18:03:49.827   488   704 W InputManager-JNI: Input channel object 'b8659b2 Splash Screen com.shareconnect (client)' was disposed without first being removed with the input manager!
09-23 18:03:49.982 13465 13957 V Console : Foreground activity counter :: AtomicIntWrapper :: 12312792 :: 227589169 :: Value of: 1
09-23 18:03:50.061   779   868 D EGL_emulation: app_time_stats: avg=24.83ms min=12.48ms max=66.93ms count=40
09-23 18:03:51.154 13465 13562 D EGL_emulation: app_time_stats: avg=149.42ms min=0.78ms max=1462.65ms count=10
09-23 18:03:51.196   779   868 D EGL_emulation: app_time_stats: avg=49.19ms min=13.01ms max=169.29ms count=23
09-23 18:03:53.039   779   868 D EGL_emulation: app_time_stats: avg=317.14ms min=11.94ms max=3326.13ms count=11
09-23 18:03:54.598 13465 13465 V Console : Activity lifecycle :: PRE-PAUSED :: SettingsActivity
09-23 18:03:54.599 13465 13465 D Console : Activity lifecycle :: Top activity: SettingsActivity
09-23 18:03:54.599 13465 13465 D FirebaseSessions: App backgrounded on com.shareconnect
09-23 18:03:54.602 13465 13465 V Console : Activity lifecycle :: PAUSED :: SettingsActivity
09-23 18:03:54.603 13465 13465 V Console : Foreground activity counter :: AtomicIntWrapper :: 12312792 :: 227589169 :: Decremented to: 0
09-23 18:03:54.603 13465 13465 D LifecycleMonitor: Lifecycle status change: com.shareconnect.SettingsActivity@3a97e4a in: PAUSED
09-23 18:03:54.604 13465 13465 V ActivityScenario: Activity lifecycle changed event received but ignored because the intent does not match. startActivityIntent=Intent { act=android.intent.action.MAIN cat=[android.intent.category.LAUNCHER] flg=0x10008000 cmp=com.shareconnect/.MainActivity }, activity.getIntent()=Intent { cmp=com.shareconnect/.SettingsActivity (has extras) }, activity=com.shareconnect.SettingsActivity@3a97e4a
09-23 18:03:54.613 13465 13465 D LifecycleMonitor: Lifecycle status change: androidx.test.core.app.InstrumentationActivityInvoker$EmptyActivity@4a47a04 in: PRE_ON_CREATE
09-23 18:03:54.613 13465 13465 V ActivityScenario: Activity lifecycle changed event received but ignored because the intent does not match. startActivityIntent=Intent { act=android.intent.action.MAIN cat=[android.intent.category.LAUNCHER] flg=0x10008000 cmp=com.shareconnect/.MainActivity }, activity.getIntent()=Intent { act=android.intent.action.MAIN cat=[android.intent.category.LAUNCHER] flg=0x10000000 cmp=com.shareconnect/androidx.test.core.app.InstrumentationActivityInvoker$EmptyActivity }, activity=androidx.test.core.app.InstrumentationActivityInvoker$EmptyActivity@4a47a04
09-23 18:03:54.616 13465 13465 D LifecycleMonitor: Lifecycle status change: androidx.test.core.app.InstrumentationActivityInvoker$EmptyActivity@4a47a04 in: CREATED
09-23 18:03:54.617 13465 13465 V ActivityScenario: Activity lifecycle changed event received but ignored because the intent does not match. startActivityIntent=Intent { act=android.intent.action.MAIN cat=[android.intent.category.LAUNCHER] flg=0x10008000 cmp=com.shareconnect/.MainActivity }, activity.getIntent()=Intent { act=android.intent.action.MAIN cat=[android.intent.category.LAUNCHER] flg=0x10000000 cmp=com.shareconnect/androidx.test.core.app.InstrumentationActivityInvoker$EmptyActivity }, activity=androidx.test.core.app.InstrumentationActivityInvoker$EmptyActivity@4a47a04
09-23 18:03:54.618 13465 13465 D LifecycleMonitor: Lifecycle status change: androidx.test.core.app.InstrumentationActivityInvoker$EmptyActivity@4a47a04 in: STARTED
09-23 18:03:54.619 13465 13465 V ActivityScenario: Activity lifecycle changed event received but ignored because the intent does not match. startActivityIntent=Intent { act=android.intent.action.MAIN cat=[android.intent.category.LAUNCHER] flg=0x10008000 cmp=com.shareconnect/.MainActivity }, activity.getIntent()=Intent { act=android.intent.action.MAIN cat=[android.intent.category.LAUNCHER] flg=0x10000000 cmp=com.shareconnect/androidx.test.core.app.InstrumentationActivityInvoker$EmptyActivity }, activity=androidx.test.core.app.InstrumentationActivityInvoker$EmptyActivity@4a47a04
09-23 18:03:54.619 13465 13465 D FirebaseSessions: App foregrounded on com.shareconnect
09-23 18:03:54.621 13465 13465 V Console : Activity lifecycle :: RESUMED :: EmptyActivity
09-23 18:03:54.622 13465 13465 V Console : Foreground activity counter :: AtomicIntWrapper :: 12312792 :: 227589169 :: Value of: 0
09-23 18:03:54.622 13465 13465 I Console : Activity lifecycle :: Main state :: Foreground
09-23 18:03:54.622 13465 13465 V Console : Foreground activity counter :: AtomicIntWrapper :: 12312792 :: 227589169 :: Incremented to: 1
09-23 18:03:54.624 13465 13465 D LifecycleMonitor: Lifecycle status change: androidx.test.core.app.InstrumentationActivityInvoker$EmptyActivity@4a47a04 in: RESUMED
09-23 18:03:54.624 13465 13465 V ActivityScenario: Activity lifecycle changed event received but ignored because the intent does not match. startActivityIntent=Intent { act=android.intent.action.MAIN cat=[android.intent.category.LAUNCHER] flg=0x10008000 cmp=com.shareconnect/.MainActivity }, activity.getIntent()=Intent { act=android.intent.action.MAIN cat=[android.intent.category.LAUNCHER] flg=0x10000000 cmp=com.shareconnect/androidx.test.core.app.InstrumentationActivityInvoker$EmptyActivity }, activity=androidx.test.core.app.InstrumentationActivityInvoker$EmptyActivity@4a47a04
09-23 18:03:54.624 13465 13465 V Console : Activity lifecycle :: POST-RESUMED :: EmptyActivity
09-23 18:03:54.625 13465 13562 W Parcel  : Expecting binder but got null!
09-23 18:03:54.650 13465 13562 E OpenGLRenderer: Unable to match the desired swap behavior.
09-23 18:03:54.661   488   503 I ActivityTaskManager: Displayed com.shareconnect/androidx.test.core.app.InstrumentationActivityInvoker$EmptyActivity: +71ms
09-23 18:03:54.666 13465 13465 V Console : Activity lifecycle :: PRE-DESTROYED :: MainActivity
09-23 18:03:54.668 13465 13465 V Console : Activity lifecycle :: DESTROYED :: MainActivity
09-23 18:03:54.669 13465 13465 D LifecycleMonitor: Lifecycle status change: com.shareconnect.MainActivity@81490a9 in: DESTROYED
09-23 18:03:54.669 13465 13465 V ActivityScenario: Update currentActivityStage to DESTROYED, currentActivity=null
09-23 18:03:54.672   488   704 W InputManager-JNI: Input channel object 'a42a97b com.shareconnect/com.shareconnect.MainActivity (client)' was disposed without first being removed with the input manager!
09-23 18:03:54.675 13465 13465 V Console : Activity lifecycle :: PRE-STOPPED :: SettingsActivity
09-23 18:03:54.678 13465 13465 V Console : Activity lifecycle :: STOPPED :: SettingsActivity
09-23 18:03:54.678 13465 13465 D LifecycleMonitor: Lifecycle status change: com.shareconnect.SettingsActivity@3a97e4a in: STOPPED
09-23 18:03:54.679 13465 13465 V ActivityScenario: Activity lifecycle changed event received but ignored because the intent does not match. startActivityIntent=Intent { act=android.intent.action.MAIN cat=[android.intent.category.LAUNCHER] flg=0x10008000 cmp=com.shareconnect/.MainActivity }, activity.getIntent()=Intent { cmp=com.shareconnect/.SettingsActivity (has extras) }, activity=com.shareconnect.SettingsActivity@3a97e4a
09-23 18:03:54.679 13465 13465 V Console : Activity lifecycle :: POST-STOPPED :: SettingsActivity
09-23 18:03:54.695 11811 11811 I GoogleInputMethodService: GoogleInputMethodService.onFinishInput():3227
09-23 18:03:54.696 13465 13542 E TestRunner: failed: testAppStressTest(com.shareconnect.automation.FullAppFlowAutomationTest)
09-23 18:03:54.697 11811 11811 I GoogleInputMethodService: GoogleInputMethodService.updateDeviceLockedStatus():2087 repeatCheckTimes = 0, unlocked = true
09-23 18:03:54.697 11811 11811 I GoogleInputMethodService: GoogleInputMethodService.onStartInput():1877 onStartInput(EditorInfo{inputType=0x0(NULL) imeOptions=0x0 privateImeOptions=null actionName=UNSPECIFIED actionLabel=null actionId=0 initialSelStart=-1 initialSelEnd=-1 initialCapsMode=0x0 hintText=null label=null packageName=com.shareconnect fieldId=-1 fieldName=null extras=null}, false)
09-23 18:03:54.697 11811 11811 I GoogleInputMethodService: GoogleInputMethodService.shouldHideHeaderOnInitialState():4008 ShouldHideHeaderOnInitialState = false
09-23 18:03:54.698 11811 11811 I GoogleInputMethodService: GoogleInputMethodService.updateDeviceLockedStatus():2087 repeatCheckTimes = 2, unlocked = true
09-23 18:03:54.698 13465 13542 E TestRunner: ----- begin exception -----
09-23 18:03:54.698 13465 13542 E TestRunner: java.lang.NoClassDefFoundError: Failed resolution of: Lorg/hamcrest/Matchers;
09-23 18:03:54.698 13465 13542 E TestRunner: 	at androidx.test.espresso.matcher.ViewMatchers.withId(ViewMatchers.java:1)
09-23 18:03:54.698 13465 13542 E TestRunner: 	at com.shareconnect.automation.FullAppFlowAutomationTest.testAppStressTest(FullAppFlowAutomationTest.kt:269)
09-23 18:03:54.698 13465 13542 E TestRunner: 	at java.lang.reflect.Method.invoke(Native Method)
09-23 18:03:54.698 13465 13542 E TestRunner: 	at org.junit.runners.model.FrameworkMethod$1.runReflectiveCall(FrameworkMethod.java:59)
09-23 18:03:54.698 13465 13542 E TestRunner: 	at org.junit.internal.runners.model.ReflectiveCallable.run(ReflectiveCallable.java:12)
09-23 18:03:54.698 13465 13542 E TestRunner: 	at org.junit.runners.model.FrameworkMethod.invokeExplosively(FrameworkMethod.java:56)
09-23 18:03:54.698 13465 13542 E TestRunner: 	at org.junit.internal.runners.statements.InvokeMethod.evaluate(InvokeMethod.java:17)
09-23 18:03:54.698 13465 13542 E TestRunner: 	at androidx.test.internal.runner.junit4.statement.RunBefores.evaluate(RunBefores.java:80)
09-23 18:03:54.698 13465 13542 E TestRunner: 	at androidx.test.internal.runner.junit4.statement.RunAfters.evaluate(RunAfters.java:61)
09-23 18:03:54.698 13465 13542 E TestRunner: 	at org.junit.runners.ParentRunner$3.evaluate(ParentRunner.java:306)
09-23 18:03:54.698 13465 13542 E TestRunner: 	at org.junit.runners.BlockJUnit4ClassRunner$1.evaluate(BlockJUnit4ClassRunner.java:100)
09-23 18:03:54.698 13465 13542 E TestRunner: 	at org.junit.runners.ParentRunner.runLeaf(ParentRunner.java:366)
09-23 18:03:54.698 13465 13542 E TestRunner: 	at org.junit.runners.BlockJUnit4ClassRunner.runChild(BlockJUnit4ClassRunner.java:103)
09-23 18:03:54.698 13465 13542 E TestRunner: 	at org.junit.runners.BlockJUnit4ClassRunner.runChild(BlockJUnit4ClassRunner.java:63)
09-23 18:03:54.698 13465 13542 E TestRunner: 	at org.junit.runners.ParentRunner$4.run(ParentRunner.java:331)
09-23 18:03:54.698 13465 13542 E TestRunner: 	at org.junit.runners.ParentRunner$1.schedule(ParentRunner.java:79)
09-23 18:03:54.698 13465 13542 E TestRunner: 	at org.junit.runners.ParentRunner.runChildren(ParentRunner.java:329)
09-23 18:03:54.698 13465 13542 E TestRunner: 	at org.junit.runners.ParentRunner.access$100(ParentRunner.java:66)
09-23 18:03:54.698 13465 13542 E TestRunner: 	at org.junit.runners.ParentRunner$2.evaluate(ParentRunner.java:293)
09-23 18:03:54.698 13465 13542 E TestRunner: 	at org.junit.runners.ParentRunner$3.evaluate(ParentRunner.java:306)
09-23 18:03:54.698 13465 13542 E TestRunner: 	at org.junit.runners.ParentRunner.run(ParentRunner.java:413)
09-23 18:03:54.698 13465 13542 E TestRunner: 	at androidx.test.ext.junit.runners.AndroidJUnit4.run(AndroidJUnit4.java:162)
09-23 18:03:54.698 13465 13542 E TestRunner: 	at org.junit.runners.Suite.runChild(Suite.java:128)
09-23 18:03:54.698 13465 13542 E TestRunner: 	at org.junit.runners.Suite.runChild(Suite.java:27)
09-23 18:03:54.698 13465 13542 E TestRunner: 	at org.junit.runners.ParentRunner$4.run(ParentRunner.java:331)
09-23 18:03:54.698 13465 13542 E TestRunner: 	at org.junit.runners.ParentRunner$1.schedule(ParentRunner.java:79)
09-23 18:03:54.698 13465 13542 E TestRunner: 	at org.junit.runners.ParentRunner.runChildren(ParentRunner.java:329)
09-23 18:03:54.698 13465 13542 E TestRunner: 	at org.junit.runners.ParentRunner.access$100(ParentRunner.java:66)
09-23 18:03:54.698 13465 13542 E TestRunner: 	at org.junit.runners.ParentRunner$2.evaluate(ParentRunner.java:293)
09-23 18:03:54.698 13465 13542 E TestRunner: 	at org.junit.runners.ParentRunner$3.evaluate(ParentRunner.java:306)
09-23 18:03:54.698 13465 13542 E TestRunner: 	at org.junit.runners.ParentRunner.run(ParentRunner.java:413)
09-23 18:03:54.698 13465 13542 E TestRunner: 	at org.junit.runners.Suite.runChild(Suite.java:128)
09-23 18:03:54.698 13465 13542 E TestRunner: 	at org.junit.runners.Suite.runChild(Suite.java:27)
09-23 18:03:54.698 13465 13542 E TestRunner: 	at org.junit.runners.ParentRunner$4.run(ParentRunner.java:331)
09-23 18:03:54.698 13465 13542 E TestRunner: 	at org.junit.runners.ParentRunner$1.schedule(ParentRunner.java:79)
09-23 18:03:54.698 13465 13542 E TestRunner: 	at org.junit.runners.ParentRunner.runChildren(ParentRunner.java:329)
09-23 18:03:54.698 13465 13542 E TestRunner: 	at org.junit.runners.ParentRunner.access$100(ParentRunner.java:66)
09-23 18:03:54.698 13465 13542 E TestRunner: 	at org.junit.runners.ParentRunner$2.evaluate(ParentRunner.java:293)
09-23 18:03:54.698 13465 13542 E TestRunner: 	at org.junit.runners.ParentRunner$3.evaluate(ParentRunner.java:306)
09-23 18:03:54.698 13465 13542 E TestRunner: 	at org.junit.runners.ParentRunner.run(ParentRunner.java:413)
09-23 18:03:54.698 13465 13542 E TestRunner: 	at org.junit.runner.JUnitCore.run(JUnitCore.java:137)
09-23 18:03:54.698 13465 13542 E TestRunner: 	at org.junit.runner.JUnitCore.run(JUnitCore.java:115)
09-23 18:03:54.698 13465 13542 E TestRunner: 	at androidx.test.internal.runner.TestExecutor.execute(TestExecutor.java:68)
09-23 18:03:54.698 13465 13542 E TestRunner: 	at androidx.test.internal.runner.TestExecutor.execute(TestExecutor.java:59)
09-23 18:03:54.698 13465 13542 E TestRunner: 	at androidx.test.runner.AndroidJUnitRunner.onStart(AndroidJUnitRunner.java:463)
09-23 18:03:54.698 13465 13542 E TestRunner: 	at android.app.Instrumentation$InstrumentationThread.run(Instrumentation.java:2361)
09-23 18:03:54.699 13465 13542 E TestRunner: Caused by: java.lang.ClassNotFoundException: Didn't find class "org.hamcrest.Matchers" on path: DexPathList[[zip file "/system/framework/android.test.runner.jar", zip file "/system/framework/android.test.mock.jar", zip file "/system/framework/android.test.base.jar", zip file "/data/app/~~tgPGD1IvZyVihJ5WEriGpw==/com.shareconnect.test-KRYtWayfc-BAIa-BFJT_mw==/base.apk", zip file "/data/app/~~kWNn5P5i1VBCZAn7TalMSA==/com.shareconnect-NEp2ZttYEsfwFJQKiNDPXA==/base.apk"],nativeLibraryDirectories=[/data/app/~~tgPGD1IvZyVihJ5WEriGpw==/com.shareconnect.test-KRYtWayfc-BAIa-BFJT_mw==/lib/arm64, /data/app/~~kWNn5P5i1VBCZAn7TalMSA==/com.shareconnect-NEp2ZttYEsfwFJQKiNDPXA==/lib/arm64, /data/app/~~tgPGD1IvZyVihJ5WEriGpw==/com.shareconnect.test-KRYtWayfc-BAIa-BFJT_mw==/base.apk!/lib/arm64-v8a, /data/app/~~kWNn5P5i1VBCZAn7TalMSA==/com.shareconnect-NEp2ZttYEsfwFJQKiNDPXA==/base.apk!/lib/arm64-v8a, /system/lib64, /system_ext/lib64]]
09-23 18:03:54.699 13465 13542 E TestRunner: 	at dalvik.system.BaseDexClassLoader.findClass(BaseDexClassLoader.java:259)
09-23 18:03:54.699 13465 13542 E TestRunner: 	at java.lang.ClassLoader.loadClass(ClassLoader.java:379)
09-23 18:03:54.699 13465 13542 E TestRunner: 	at java.lang.ClassLoader.loadClass(ClassLoader.java:312)
09-23 18:03:54.699 13465 13542 E TestRunner: 	... 46 more
09-23 18:03:54.699 13465 13542 E TestRunner: ----- end exception -----
09-23 18:03:54.700 13465 13542 I TestRunner: finished: testAppStressTest(com.shareconnect.automation.FullAppFlowAutomationTest)
