09-23 18:04:47.056 13465 13542 I TestRunner: started: testContentLabeling(com.shareconnect.automation.AccessibilityAutomationTest)
09-23 18:04:47.060 13465 13542 W Settings: Setting always_finish_activities has moved from android.provider.Settings.System to android.provider.Settings.Global, returning read-only value.
09-23 18:04:47.067   779   868 W Parcel  : Expecting binder but got null!
09-23 18:04:47.072 13465 13465 D LifecycleMonitor: Lifecycle status change: com.shareconnect.MainActivity@e91f7a4 in: PRE_ON_CREATE
09-23 18:04:47.072 13465 13465 V ActivityScenario: Activity lifecycle changed event received but ignored because the reported transition was not ON_CREATE while the last known transition was PRE_ON_CREATE
09-23 18:04:47.073 13465 13465 D Console : getDefaultTheme() returned: Warm Orange Light (ID: 1, isDefault: true)
09-23 18:04:47.073 13465 13465 D Console : getDefaultTheme() returned: Warm Orange Light (ID: 1, isDefault: true)
09-23 18:04:47.073 13465 13465 D Console : Applying theme: Warm Orange Light, colorScheme: warm_orange, isDarkMode: false, currentTheme: WARM_ORANGE_LIGHT
09-23 18:04:47.073 13465 13465 D Console : Activity MainActivity usesToolbar: true
09-23 18:04:47.073 13465 13465 D Console : Setting night mode to NO
09-23 18:04:47.076   779   868 E OpenGLRenderer: Unable to match the desired swap behavior.
09-23 18:04:47.079 13465 13465 D LifecycleMonitor: Lifecycle status change: com.shareconnect.MainActivity@e91f7a4 in: CREATED
09-23 18:04:47.079 13465 13465 V ActivityScenario: Update currentActivityStage to CREATED, currentActivity=com.shareconnect.MainActivity@e91f7a4
09-23 18:04:47.080 13465 13465 D LifecycleMonitor: Lifecycle status change: com.shareconnect.MainActivity@e91f7a4 in: STARTED
09-23 18:04:47.080 13465 13465 V ActivityScenario: Update currentActivityStage to STARTED, currentActivity=com.shareconnect.MainActivity@e91f7a4
09-23 18:04:47.080 13465 13465 D FirebaseSessions: App foregrounded on com.shareconnect
09-23 18:04:47.082 13465 13465 V Console : Activity lifecycle :: RESUMED :: MainActivity
09-23 18:04:47.082 13465 13465 V Console : Foreground activity counter :: AtomicIntWrapper :: 12312792 :: 227589169 :: Value of: 0
09-23 18:04:47.082 13465 13465 I Console : Activity lifecycle :: Main state :: Foreground
09-23 18:04:47.083 13465 13465 V Console : Foreground activity counter :: AtomicIntWrapper :: 12312792 :: 227589169 :: Incremented to: 1
09-23 18:04:47.083 13465 13465 D Console : hasThemeChanged() returned: false
09-23 18:04:47.083 13465 13465 D Console : onResume() called, themeChanged: false
09-23 18:04:47.083 13465 13465 D LifecycleMonitor: Lifecycle status change: com.shareconnect.MainActivity@e91f7a4 in: RESUMED
09-23 18:04:47.083 13465 13465 V ActivityScenario: Update currentActivityStage to RESUMED, currentActivity=com.shareconnect.MainActivity@e91f7a4
09-23 18:04:47.083 13465 13465 V Console : Activity lifecycle :: POST-RESUMED :: MainActivity
09-23 18:04:47.084 13465 13562 W Parcel  : Expecting binder but got null!
09-23 18:04:47.096 13465 13465 V Console : Activity lifecycle :: PRE-PAUSED :: MainActivity
09-23 18:04:47.096 13465 13465 D Console : Activity lifecycle :: Top activity: MainActivity
09-23 18:04:47.097 13465 13465 D FirebaseSessions: App backgrounded on com.shareconnect
09-23 18:04:47.098 13465 13465 V Console : Activity lifecycle :: PAUSED :: MainActivity
09-23 18:04:47.098 13465 13465 V Console : Foreground activity counter :: AtomicIntWrapper :: 12312792 :: 227589169 :: Decremented to: 0
09-23 18:04:47.101 13465 13465 D LifecycleMonitor: Lifecycle status change: com.shareconnect.MainActivity@e91f7a4 in: PAUSED
09-23 18:04:47.101 13465 13465 V ActivityScenario: Update currentActivityStage to PAUSED, currentActivity=com.shareconnect.MainActivity@e91f7a4
09-23 18:04:47.112 13465 13740 V Console : Foreground activity counter :: AtomicIntWrapper :: 12312792 :: 227589169 :: Value of: 0
09-23 18:04:47.112 13465 13740 I Console : Activity lifecycle :: Main state :: Background
09-23 18:04:47.115 13465 13562 E OpenGLRenderer: Unable to match the desired swap behavior.
09-23 18:04:47.121 13465 13465 D LifecycleMonitor: Lifecycle status change: com.shareconnect.SettingsActivity@2f2559 in: PRE_ON_CREATE
09-23 18:04:47.122 13465 13465 V ActivityScenario: Activity lifecycle changed event received but ignored because the intent does not match. startActivityIntent=Intent { act=android.intent.action.MAIN cat=[android.intent.category.LAUNCHER] flg=0x10008000 cmp=com.shareconnect/.MainActivity }, activity.getIntent()=Intent { cmp=com.shareconnect/.SettingsActivity (has extras) }, activity=com.shareconnect.SettingsActivity@2f2559
09-23 18:04:47.122 13465 13465 D Console : getDefaultTheme() returned: Warm Orange Light (ID: 1, isDefault: true)
09-23 18:04:47.128 13465 13465 D Console : getDefaultTheme() returned: Warm Orange Light (ID: 1, isDefault: true)
09-23 18:04:47.128 13465 13465 D Console : Applying theme: Warm Orange Light, colorScheme: warm_orange, isDarkMode: false, currentTheme: WARM_ORANGE_LIGHT
09-23 18:04:47.128 13465 13465 D Console : Activity SettingsActivity usesToolbar: true
09-23 18:04:47.129 13465 13465 D Console : Setting night mode to NO
09-23 18:04:47.133 13465 13465 D LifecycleMonitor: Lifecycle status change: com.shareconnect.SettingsActivity@2f2559 in: CREATED
09-23 18:04:47.133 13465 13465 V ActivityScenario: Activity lifecycle changed event received but ignored because the intent does not match. startActivityIntent=Intent { act=android.intent.action.MAIN cat=[android.intent.category.LAUNCHER] flg=0x10008000 cmp=com.shareconnect/.MainActivity }, activity.getIntent()=Intent { cmp=com.shareconnect/.SettingsActivity (has extras) }, activity=com.shareconnect.SettingsActivity@2f2559
09-23 18:04:47.135 13465 13465 D LifecycleMonitor: Lifecycle status change: com.shareconnect.SettingsActivity@2f2559 in: STARTED
09-23 18:04:47.136 13465 13465 V ActivityScenario: Activity lifecycle changed event received but ignored because the intent does not match. startActivityIntent=Intent { act=android.intent.action.MAIN cat=[android.intent.category.LAUNCHER] flg=0x10008000 cmp=com.shareconnect/.MainActivity }, activity.getIntent()=Intent { cmp=com.shareconnect/.SettingsActivity (has extras) }, activity=com.shareconnect.SettingsActivity@2f2559
09-23 18:04:47.136 13465 13465 D FirebaseSessions: App foregrounded on com.shareconnect
09-23 18:04:47.137 13465 13465 V Console : Activity lifecycle :: RESUMED :: SettingsActivity
09-23 18:04:47.137 13465 13465 V Console : Foreground activity counter :: AtomicIntWrapper :: 12312792 :: 227589169 :: Value of: 0
09-23 18:04:47.137 13465 13465 I Console : Activity lifecycle :: Main state :: Foreground
09-23 18:04:47.138 13465 13465 V Console : Foreground activity counter :: AtomicIntWrapper :: 12312792 :: 227589169 :: Incremented to: 1
09-23 18:04:47.138 13465 13465 D LifecycleMonitor: Lifecycle status change: com.shareconnect.SettingsActivity@2f2559 in: RESUMED
09-23 18:04:47.138 13465 13465 V ActivityScenario: Activity lifecycle changed event received but ignored because the intent does not match. startActivityIntent=Intent { act=android.intent.action.MAIN cat=[android.intent.category.LAUNCHER] flg=0x10008000 cmp=com.shareconnect/.MainActivity }, activity.getIntent()=Intent { cmp=com.shareconnect/.SettingsActivity (has extras) }, activity=com.shareconnect.SettingsActivity@2f2559
09-23 18:04:47.138 13465 13465 V Console : Activity lifecycle :: POST-RESUMED :: SettingsActivity
09-23 18:04:47.146 13465 13562 W Parcel  : Expecting binder but got null!
09-23 18:04:47.166 13465 13562 E OpenGLRenderer: Unable to match the desired swap behavior.
09-23 18:04:47.171  1581  1581 I GsaVoiceInteractionSrv: Handling ACTION_STOP_HOTWORD
09-23 18:04:47.171  1581  2154 I HwDetectorWithState: (REDACTED) a: %d
09-23 18:04:47.194   779   868 D EGL_emulation: app_time_stats: avg=527.04ms min=12.19ms max=5630.63ms count=11
09-23 18:04:47.198   488   503 W ziparchive: Unable to open '/data/app/~~kWNn5P5i1VBCZAn7TalMSA==/com.shareconnect-NEp2ZttYEsfwFJQKiNDPXA==/base.dm': No such file or directory
09-23 18:04:47.200   488   503 I ActivityTaskManager: Displayed com.shareconnect/.SettingsActivity: +123ms
09-23 18:04:47.213 11811 11811 I GoogleInputMethodService: GoogleInputMethodService.onFinishInput():3227
09-23 18:04:47.214 11811 11811 I GoogleInputMethodService: GoogleInputMethodService.updateDeviceLockedStatus():2087 repeatCheckTimes = 0, unlocked = true
09-23 18:04:47.214 11811 11811 I GoogleInputMethodService: GoogleInputMethodService.onStartInput():1877 onStartInput(EditorInfo{inputType=0x0(NULL) imeOptions=0x0 privateImeOptions=null actionName=UNSPECIFIED actionLabel=null actionId=0 initialSelStart=-1 initialSelEnd=-1 initialCapsMode=0x0 hintText=null label=null packageName=com.shareconnect fieldId=2131231190 fieldName=null extras=null}, false)
09-23 18:04:47.214 11811 11811 I GoogleInputMethodService: GoogleInputMethodService.shouldHideHeaderOnInitialState():4008 ShouldHideHeaderOnInitialState = false
09-23 18:04:47.214 11811 11811 I GoogleInputMethodService: GoogleInputMethodService.updateDeviceLockedStatus():2087 repeatCheckTimes = 2, unlocked = true
09-23 18:04:47.364   779   868 D EGL_emulation: app_time_stats: avg=953.81ms min=47.75ms max=4370.46ms count=5
09-23 18:04:47.393 13465 13465 V Console : Activity lifecycle :: PRE-STOPPED :: MainActivity
09-23 18:04:47.394 13465 13465 V Console : Activity lifecycle :: STOPPED :: MainActivity
09-23 18:04:47.394 13465 13465 D LifecycleMonitor: Lifecycle status change: com.shareconnect.MainActivity@e91f7a4 in: STOPPED
09-23 18:04:47.394 13465 13465 V ActivityScenario: Update currentActivityStage to STOPPED, currentActivity=com.shareconnect.MainActivity@e91f7a4
09-23 18:04:47.394 13465 13465 V Console : Activity lifecycle :: POST-STOPPED :: MainActivity
09-23 18:04:47.397  1581  2228 I AssistantForeground: (REDACTED) Get launcher package: %s
09-23 18:04:47.417   998  1945 D OneSearchSuggestProvider: Shut down the binder channel
09-23 18:04:47.417   998 13981 I s.nexuslauncher: oneway function results for code 2 on binder at 0xb400007a394743a0 will be dropped but finished with status UNKNOWN_TRANSACTION
09-23 18:04:47.495   488   591 W InputManager-JNI: Input channel object '65c0aa8 Splash Screen com.shareconnect (client)' was disposed without first being removed with the input manager!
09-23 18:04:47.607 13465 13753 V Console : Foreground activity counter :: AtomicIntWrapper :: 12312792 :: 227589169 :: Value of: 1
09-23 18:04:48.428   779   868 D EGL_emulation: app_time_stats: avg=21.91ms min=0.70ms max=67.00ms count=46
09-23 18:04:48.783 13465 13562 D EGL_emulation: app_time_stats: avg=135.11ms min=0.92ms max=1440.94ms count=11
09-23 18:04:52.245 13465 13465 V Console : Activity lifecycle :: PRE-PAUSED :: SettingsActivity
09-23 18:04:52.246 13465 13465 D Console : Activity lifecycle :: Top activity: SettingsActivity
09-23 18:04:52.246 13465 13465 D FirebaseSessions: App backgrounded on com.shareconnect
09-23 18:04:52.248 13465 13465 V Console : Activity lifecycle :: PAUSED :: SettingsActivity
09-23 18:04:52.249 13465 13465 V Console : Foreground activity counter :: AtomicIntWrapper :: 12312792 :: 227589169 :: Decremented to: 0
09-23 18:04:52.249 13465 13465 D LifecycleMonitor: Lifecycle status change: com.shareconnect.SettingsActivity@2f2559 in: PAUSED
09-23 18:04:52.249 13465 13465 V ActivityScenario: Activity lifecycle changed event received but ignored because the intent does not match. startActivityIntent=Intent { act=android.intent.action.MAIN cat=[android.intent.category.LAUNCHER] flg=0x10008000 cmp=com.shareconnect/.MainActivity }, activity.getIntent()=Intent { cmp=com.shareconnect/.SettingsActivity (has extras) }, activity=com.shareconnect.SettingsActivity@2f2559
09-23 18:04:52.253 13465 13465 D LifecycleMonitor: Lifecycle status change: androidx.test.core.app.InstrumentationActivityInvoker$EmptyActivity@adcee9b in: PRE_ON_CREATE
09-23 18:04:52.253 13465 13465 V ActivityScenario: Activity lifecycle changed event received but ignored because the intent does not match. startActivityIntent=Intent { act=android.intent.action.MAIN cat=[android.intent.category.LAUNCHER] flg=0x10008000 cmp=com.shareconnect/.MainActivity }, activity.getIntent()=Intent { act=android.intent.action.MAIN cat=[android.intent.category.LAUNCHER] flg=0x10000000 cmp=com.shareconnect/androidx.test.core.app.InstrumentationActivityInvoker$EmptyActivity }, activity=androidx.test.core.app.InstrumentationActivityInvoker$EmptyActivity@adcee9b
09-23 18:04:52.257 13465 13465 D LifecycleMonitor: Lifecycle status change: androidx.test.core.app.InstrumentationActivityInvoker$EmptyActivity@adcee9b in: CREATED
09-23 18:04:52.258 13465 13465 V ActivityScenario: Activity lifecycle changed event received but ignored because the intent does not match. startActivityIntent=Intent { act=android.intent.action.MAIN cat=[android.intent.category.LAUNCHER] flg=0x10008000 cmp=com.shareconnect/.MainActivity }, activity.getIntent()=Intent { act=android.intent.action.MAIN cat=[android.intent.category.LAUNCHER] flg=0x10000000 cmp=com.shareconnect/androidx.test.core.app.InstrumentationActivityInvoker$EmptyActivity }, activity=androidx.test.core.app.InstrumentationActivityInvoker$EmptyActivity@adcee9b
09-23 18:04:52.258 13465 13465 D LifecycleMonitor: Lifecycle status change: androidx.test.core.app.InstrumentationActivityInvoker$EmptyActivity@adcee9b in: STARTED
09-23 18:04:52.258 13465 13465 V ActivityScenario: Activity lifecycle changed event received but ignored because the intent does not match. startActivityIntent=Intent { act=android.intent.action.MAIN cat=[android.intent.category.LAUNCHER] flg=0x10008000 cmp=com.shareconnect/.MainActivity }, activity.getIntent()=Intent { act=android.intent.action.MAIN cat=[android.intent.category.LAUNCHER] flg=0x10000000 cmp=com.shareconnect/androidx.test.core.app.InstrumentationActivityInvoker$EmptyActivity }, activity=androidx.test.core.app.InstrumentationActivityInvoker$EmptyActivity@adcee9b
09-23 18:04:52.260 13465 13465 D FirebaseSessions: App foregrounded on com.shareconnect
09-23 18:04:52.262 13465 13465 V Console : Activity lifecycle :: RESUMED :: EmptyActivity
09-23 18:04:52.263 13465 13465 V Console : Foreground activity counter :: AtomicIntWrapper :: 12312792 :: 227589169 :: Value of: 0
09-23 18:04:52.263 13465 13465 I Console : Activity lifecycle :: Main state :: Foreground
09-23 18:04:52.263 13465 13465 V Console : Foreground activity counter :: AtomicIntWrapper :: 12312792 :: 227589169 :: Incremented to: 1
09-23 18:04:52.266 13465 13465 D LifecycleMonitor: Lifecycle status change: androidx.test.core.app.InstrumentationActivityInvoker$EmptyActivity@adcee9b in: RESUMED
09-23 18:04:52.266 13465 13465 V ActivityScenario: Activity lifecycle changed event received but ignored because the intent does not match. startActivityIntent=Intent { act=android.intent.action.MAIN cat=[android.intent.category.LAUNCHER] flg=0x10008000 cmp=com.shareconnect/.MainActivity }, activity.getIntent()=Intent { act=android.intent.action.MAIN cat=[android.intent.category.LAUNCHER] flg=0x10000000 cmp=com.shareconnect/androidx.test.core.app.InstrumentationActivityInvoker$EmptyActivity }, activity=androidx.test.core.app.InstrumentationActivityInvoker$EmptyActivity@adcee9b
09-23 18:04:52.267 13465 13465 V Console : Activity lifecycle :: POST-RESUMED :: EmptyActivity
09-23 18:04:52.268 13465 13562 W Parcel  : Expecting binder but got null!
09-23 18:04:52.285 13465 13562 E OpenGLRenderer: Unable to match the desired swap behavior.
09-23 18:04:52.293   488   503 I ActivityTaskManager: Displayed com.shareconnect/androidx.test.core.app.InstrumentationActivityInvoker$EmptyActivity: +61ms
09-23 18:04:52.309 13465 13465 V Console : Activity lifecycle :: PRE-DESTROYED :: MainActivity
09-23 18:04:52.310 13465 13465 V Console : Activity lifecycle :: DESTROYED :: MainActivity
09-23 18:04:52.310 13465 13465 D LifecycleMonitor: Lifecycle status change: com.shareconnect.MainActivity@e91f7a4 in: DESTROYED
09-23 18:04:52.310 13465 13465 V ActivityScenario: Update currentActivityStage to DESTROYED, currentActivity=null
09-23 18:04:52.312 13465 13562 D EGL_emulation: app_time_stats: avg=207.38ms min=11.69ms max=3268.92ms count=17
09-23 18:04:52.313   488   591 W InputManager-JNI: Input channel object '665db3e com.shareconnect/com.shareconnect.MainActivity (client)' was disposed without first being removed with the input manager!
09-23 18:04:52.314 13465 13465 V Console : Activity lifecycle :: PRE-STOPPED :: SettingsActivity
09-23 18:04:52.316 13465 13465 V Console : Activity lifecycle :: STOPPED :: SettingsActivity
09-23 18:04:52.316 13465 13465 D LifecycleMonitor: Lifecycle status change: com.shareconnect.SettingsActivity@2f2559 in: STOPPED
09-23 18:04:52.316 13465 13465 V ActivityScenario: Activity lifecycle changed event received but ignored because the intent does not match. startActivityIntent=Intent { act=android.intent.action.MAIN cat=[android.intent.category.LAUNCHER] flg=0x10008000 cmp=com.shareconnect/.MainActivity }, activity.getIntent()=Intent { cmp=com.shareconnect/.SettingsActivity (has extras) }, activity=com.shareconnect.SettingsActivity@2f2559
09-23 18:04:52.316 13465 13465 V Console : Activity lifecycle :: POST-STOPPED :: SettingsActivity
09-23 18:04:52.328 11811 11811 I GoogleInputMethodService: GoogleInputMethodService.onFinishInput():3227
09-23 18:04:52.328 13465 13542 E TestRunner: failed: testContentLabeling(com.shareconnect.automation.AccessibilityAutomationTest)
09-23 18:04:52.328 11811 11811 I GoogleInputMethodService: GoogleInputMethodService.updateDeviceLockedStatus():2087 repeatCheckTimes = 0, unlocked = true
09-23 18:04:52.328 11811 11811 I GoogleInputMethodService: GoogleInputMethodService.onStartInput():1877 onStartInput(EditorInfo{inputType=0x0(NULL) imeOptions=0x0 privateImeOptions=null actionName=UNSPECIFIED actionLabel=null actionId=0 initialSelStart=-1 initialSelEnd=-1 initialCapsMode=0x0 hintText=null label=null packageName=com.shareconnect fieldId=-1 fieldName=null extras=null}, false)
09-23 18:04:52.328 11811 11811 I GoogleInputMethodService: GoogleInputMethodService.shouldHideHeaderOnInitialState():4008 ShouldHideHeaderOnInitialState = false
09-23 18:04:52.328 13465 13542 E TestRunner: ----- begin exception -----
09-23 18:04:52.328 13465 13542 E TestRunner: java.lang.NoClassDefFoundError: Failed resolution of: Lorg/hamcrest/Matchers;
09-23 18:04:52.328 13465 13542 E TestRunner: 	at androidx.test.espresso.matcher.ViewMatchers.withId(ViewMatchers.java:1)
09-23 18:04:52.328 13465 13542 E TestRunner: 	at com.shareconnect.automation.AccessibilityAutomationTest.testContentLabeling(AccessibilityAutomationTest.kt:140)
09-23 18:04:52.328 13465 13542 E TestRunner: 	at java.lang.reflect.Method.invoke(Native Method)
09-23 18:04:52.328 13465 13542 E TestRunner: 	at org.junit.runners.model.FrameworkMethod$1.runReflectiveCall(FrameworkMethod.java:59)
09-23 18:04:52.328 13465 13542 E TestRunner: 	at org.junit.internal.runners.model.ReflectiveCallable.run(ReflectiveCallable.java:12)
09-23 18:04:52.328 13465 13542 E TestRunner: 	at org.junit.runners.model.FrameworkMethod.invokeExplosively(FrameworkMethod.java:56)
09-23 18:04:52.328 13465 13542 E TestRunner: 	at org.junit.internal.runners.statements.InvokeMethod.evaluate(InvokeMethod.java:17)
09-23 18:04:52.328 13465 13542 E TestRunner: 	at androidx.test.internal.runner.junit4.statement.RunBefores.evaluate(RunBefores.java:80)
09-23 18:04:52.328 13465 13542 E TestRunner: 	at androidx.test.internal.runner.junit4.statement.RunAfters.evaluate(RunAfters.java:61)
09-23 18:04:52.328 13465 13542 E TestRunner: 	at org.junit.runners.ParentRunner$3.evaluate(ParentRunner.java:306)
09-23 18:04:52.328 13465 13542 E TestRunner: 	at org.junit.runners.BlockJUnit4ClassRunner$1.evaluate(BlockJUnit4ClassRunner.java:100)
09-23 18:04:52.328 13465 13542 E TestRunner: 	at org.junit.runners.ParentRunner.runLeaf(ParentRunner.java:366)
09-23 18:04:52.328 13465 13542 E TestRunner: 	at org.junit.runners.BlockJUnit4ClassRunner.runChild(BlockJUnit4ClassRunner.java:103)
09-23 18:04:52.328 13465 13542 E TestRunner: 	at org.junit.runners.BlockJUnit4ClassRunner.runChild(BlockJUnit4ClassRunner.java:63)
09-23 18:04:52.328 13465 13542 E TestRunner: 	at org.junit.runners.ParentRunner$4.run(ParentRunner.java:331)
09-23 18:04:52.328 13465 13542 E TestRunner: 	at org.junit.runners.ParentRunner$1.schedule(ParentRunner.java:79)
09-23 18:04:52.328 13465 13542 E TestRunner: 	at org.junit.runners.ParentRunner.runChildren(ParentRunner.java:329)
09-23 18:04:52.328 13465 13542 E TestRunner: 	at org.junit.runners.ParentRunner.access$100(ParentRunner.java:66)
09-23 18:04:52.328 13465 13542 E TestRunner: 	at org.junit.runners.ParentRunner$2.evaluate(ParentRunner.java:293)
09-23 18:04:52.328 13465 13542 E TestRunner: 	at org.junit.runners.ParentRunner$3.evaluate(ParentRunner.java:306)
09-23 18:04:52.328 13465 13542 E TestRunner: 	at org.junit.runners.ParentRunner.run(ParentRunner.java:413)
09-23 18:04:52.328 13465 13542 E TestRunner: 	at androidx.test.ext.junit.runners.AndroidJUnit4.run(AndroidJUnit4.java:162)
09-23 18:04:52.328 13465 13542 E TestRunner: 	at org.junit.runners.Suite.runChild(Suite.java:128)
09-23 18:04:52.328 13465 13542 E TestRunner: 	at org.junit.runners.Suite.runChild(Suite.java:27)
09-23 18:04:52.328 13465 13542 E TestRunner: 	at org.junit.runners.ParentRunner$4.run(ParentRunner.java:331)
09-23 18:04:52.328 13465 13542 E TestRunner: 	at org.junit.runners.ParentRunner$1.schedule(ParentRunner.java:79)
09-23 18:04:52.328 13465 13542 E TestRunner: 	at org.junit.runners.ParentRunner.runChildren(ParentRunner.java:329)
09-23 18:04:52.328 13465 13542 E TestRunner: 	at org.junit.runners.ParentRunner.access$100(ParentRunner.java:66)
09-23 18:04:52.328 13465 13542 E TestRunner: 	at org.junit.runners.ParentRunner$2.evaluate(ParentRunner.java:293)
09-23 18:04:52.328 13465 13542 E TestRunner: 	at org.junit.runners.ParentRunner$3.evaluate(ParentRunner.java:306)
09-23 18:04:52.328 13465 13542 E TestRunner: 	at org.junit.runners.ParentRunner.run(ParentRunner.java:413)
09-23 18:04:52.328 13465 13542 E TestRunner: 	at org.junit.runners.Suite.runChild(Suite.java:128)
09-23 18:04:52.328 13465 13542 E TestRunner: 	at org.junit.runners.Suite.runChild(Suite.java:27)
09-23 18:04:52.328 13465 13542 E TestRunner: 	at org.junit.runners.ParentRunner$4.run(ParentRunner.java:331)
09-23 18:04:52.328 13465 13542 E TestRunner: 	at org.junit.runners.ParentRunner$1.schedule(ParentRunner.java:79)
09-23 18:04:52.328 13465 13542 E TestRunner: 	at org.junit.runners.ParentRunner.runChildren(ParentRunner.java:329)
09-23 18:04:52.328 13465 13542 E TestRunner: 	at org.junit.runners.ParentRunner.access$100(ParentRunner.java:66)
09-23 18:04:52.328 13465 13542 E TestRunner: 	at org.junit.runners.ParentRunner$2.evaluate(ParentRunner.java:293)
09-23 18:04:52.328 13465 13542 E TestRunner: 	at org.junit.runners.ParentRunner$3.evaluate(ParentRunner.java:306)
09-23 18:04:52.328 13465 13542 E TestRunner: 	at org.junit.runners.ParentRunner.run(ParentRunner.java:413)
09-23 18:04:52.328 13465 13542 E TestRunner: 	at org.junit.runner.JUnitCore.run(JUnitCore.java:137)
09-23 18:04:52.328 13465 13542 E TestRunner: 	at org.junit.runner.JUnitCore.run(JUnitCore.java:115)
09-23 18:04:52.328 13465 13542 E TestRunner: 	at androidx.test.internal.runner.TestExecutor.execute(TestExecutor.java:68)
09-23 18:04:52.328 13465 13542 E TestRunner: 	at androidx.test.internal.runner.TestExecutor.execute(TestExecutor.java:59)
09-23 18:04:52.328 13465 13542 E TestRunner: 	at androidx.test.runner.AndroidJUnitRunner.onStart(AndroidJUnitRunner.java:463)
09-23 18:04:52.328 13465 13542 E TestRunner: 	at android.app.Instrumentation$InstrumentationThread.run(Instrumentation.java:2361)
09-23 18:04:52.328 13465 13542 E TestRunner: Caused by: java.lang.ClassNotFoundException: Didn't find class "org.hamcrest.Matchers" on path: DexPathList[[zip file "/system/framework/android.test.runner.jar", zip file "/system/framework/android.test.mock.jar", zip file "/system/framework/android.test.base.jar", zip file "/data/app/~~tgPGD1IvZyVihJ5WEriGpw==/com.shareconnect.test-KRYtWayfc-BAIa-BFJT_mw==/base.apk", zip file "/data/app/~~kWNn5P5i1VBCZAn7TalMSA==/com.shareconnect-NEp2ZttYEsfwFJQKiNDPXA==/base.apk"],nativeLibraryDirectories=[/data/app/~~tgPGD1IvZyVihJ5WEriGpw==/com.shareconnect.test-KRYtWayfc-BAIa-BFJT_mw==/lib/arm64, /data/app/~~kWNn5P5i1VBCZAn7TalMSA==/com.shareconnect-NEp2ZttYEsfwFJQKiNDPXA==/lib/arm64, /data/app/~~tgPGD1IvZyVihJ5WEriGpw==/com.shareconnect.test-KRYtWayfc-BAIa-BFJT_mw==/base.apk!/lib/arm64-v8a, /data/app/~~kWNn5P5i1VBCZAn7TalMSA==/com.shareconnect-NEp2ZttYEsfwFJQKiNDPXA==/base.apk!/lib/arm64-v8a, /system/lib64, /system_ext/lib64]]
09-23 18:04:52.328 13465 13542 E TestRunner: 	at dalvik.system.BaseDexClassLoader.findClass(BaseDexClassLoader.java:259)
09-23 18:04:52.328 13465 13542 E TestRunner: 	at java.lang.ClassLoader.loadClass(ClassLoader.java:379)
09-23 18:04:52.328 13465 13542 E TestRunner: 	at java.lang.ClassLoader.loadClass(ClassLoader.java:312)
09-23 18:04:52.328 13465 13542 E TestRunner: 	... 46 more
09-23 18:04:52.328 13465 13542 E TestRunner: ----- end exception -----
09-23 18:04:52.328 11811 11811 I GoogleInputMethodService: GoogleInputMethodService.updateDeviceLockedStatus():2087 repeatCheckTimes = 2, unlocked = true
09-23 18:04:52.328 13465 13542 I TestRunner: finished: testContentLabeling(com.shareconnect.automation.AccessibilityAutomationTest)
