09-23 18:06:12.476 13465 13542 I TestRunner: started: testSettingsFragmentIsLoaded(com.shareconnect.activities.SettingsActivityInstrumentationTest)
09-23 18:06:12.478 13465 13542 W Settings: Setting always_finish_activities has moved from android.provider.Settings.System to android.provider.Settings.Global, returning read-only value.
09-23 18:06:12.482   779   868 W Parcel  : Expecting binder but got null!
09-23 18:06:12.484 13465 13465 D LifecycleMonitor: Lifecycle status change: com.shareconnect.SettingsActivity@57308dd in: PRE_ON_CREATE
09-23 18:06:12.484 13465 13465 V ActivityScenario: Activity lifecycle changed event received but ignored because the reported transition was not ON_CREATE while the last known transition was PRE_ON_CREATE
09-23 18:06:12.485 13465 13465 D Console : getDefaultTheme() returned: Warm Orange Light (ID: 1, isDefault: true)
09-23 18:06:12.485 13465 13465 D Console : getDefaultTheme() returned: Warm Orange Light (ID: 1, isDefault: true)
09-23 18:06:12.485 13465 13465 D Console : Applying theme: Warm Orange Light, colorScheme: warm_orange, isDarkMode: false, currentTheme: WARM_ORANGE_LIGHT
09-23 18:06:12.485 13465 13465 D Console : Activity SettingsActivity usesToolbar: true
09-23 18:06:12.485 13465 13465 D Console : Setting night mode to NO
09-23 18:06:12.487 13465 13465 D LifecycleMonitor: Lifecycle status change: com.shareconnect.SettingsActivity@57308dd in: CREATED
09-23 18:06:12.488 13465 13465 V ActivityScenario: Update currentActivityStage to CREATED, currentActivity=com.shareconnect.SettingsActivity@57308dd
09-23 18:06:12.489 13465 13465 D LifecycleMonitor: Lifecycle status change: com.shareconnect.SettingsActivity@57308dd in: STARTED
09-23 18:06:12.489 13465 13465 V ActivityScenario: Update currentActivityStage to STARTED, currentActivity=com.shareconnect.SettingsActivity@57308dd
09-23 18:06:12.491 13465 13465 D FirebaseSessions: App foregrounded on com.shareconnect
09-23 18:06:12.493 13465 13465 V Console : Activity lifecycle :: RESUMED :: SettingsActivity
09-23 18:06:12.493 13465 13465 V Console : Foreground activity counter :: AtomicIntWrapper :: 12312792 :: 227589169 :: Value of: 0
09-23 18:06:12.493 13465 13465 I Console : Activity lifecycle :: Main state :: Foreground
09-23 18:06:12.493 13465 13465 V Console : Foreground activity counter :: AtomicIntWrapper :: 12312792 :: 227589169 :: Incremented to: 1
09-23 18:06:12.494 13465 13465 D LifecycleMonitor: Lifecycle status change: com.shareconnect.SettingsActivity@57308dd in: RESUMED
09-23 18:06:12.494 13465 13465 V ActivityScenario: Update currentActivityStage to RESUMED, currentActivity=com.shareconnect.SettingsActivity@57308dd
09-23 18:06:12.494 13465 13465 V Console : Activity lifecycle :: POST-RESUMED :: SettingsActivity
09-23 18:06:12.495 13465 13562 W Parcel  : Expecting binder but got null!
09-23 18:06:12.497   779   868 E OpenGLRenderer: Unable to match the desired swap behavior.
09-23 18:06:12.512 13465 13562 E OpenGLRenderer: Unable to match the desired swap behavior.
09-23 18:06:12.520   488   503 W ziparchive: Unable to open '/data/app/~~kWNn5P5i1VBCZAn7TalMSA==/com.shareconnect-NEp2ZttYEsfwFJQKiNDPXA==/base.dm': No such file or directory
09-23 18:06:12.520   488   503 I ActivityTaskManager: Displayed com.shareconnect/.SettingsActivity: +40ms
09-23 18:06:12.526 11811 11811 I GoogleInputMethodService: GoogleInputMethodService.onFinishInput():3227
09-23 18:06:12.526 11811 11811 I GoogleInputMethodService: GoogleInputMethodService.updateDeviceLockedStatus():2087 repeatCheckTimes = 0, unlocked = true
09-23 18:06:12.526 11811 11811 I GoogleInputMethodService: GoogleInputMethodService.onStartInput():1877 onStartInput(EditorInfo{inputType=0x0(NULL) imeOptions=0x0 privateImeOptions=null actionName=UNSPECIFIED actionLabel=null actionId=0 initialSelStart=-1 initialSelEnd=-1 initialCapsMode=0x0 hintText=null label=null packageName=com.shareconnect fieldId=2131231190 fieldName=null extras=null}, false)
09-23 18:06:12.526 11811 11811 I GoogleInputMethodService: GoogleInputMethodService.shouldHideHeaderOnInitialState():4008 ShouldHideHeaderOnInitialState = false
09-23 18:06:12.526 11811 11811 I GoogleInputMethodService: GoogleInputMethodService.updateDeviceLockedStatus():2087 repeatCheckTimes = 2, unlocked = true
09-23 18:06:12.538 13465 13740 V Console : Foreground activity counter :: AtomicIntWrapper :: 12312792 :: 227589169 :: Value of: 1
09-23 18:06:12.582  1581  1581 I GsaVoiceInteractionSrv: Handling ACTION_STOP_HOTWORD
09-23 18:06:12.582  1581  2232 I HwDetectorWithState: (REDACTED) a: %d
09-23 18:06:12.677   779   868 D EGL_emulation: app_time_stats: avg=52.68ms min=11.68ms max=705.72ms count=19
09-23 18:06:12.783  1581  2227 I AssistantForeground: (REDACTED) Get launcher package: %s
09-23 18:06:12.795   488   591 W InputManager-JNI: Input channel object '2cb51bd Splash Screen com.shareconnect (client)' was disposed without first being removed with the input manager!
09-23 18:06:12.797   998  1945 D OneSearchSuggestProvider: Shut down the binder channel
09-23 18:06:12.797   998 11368 I s.nexuslauncher: oneway function results for code 2 on binder at 0xb400007a394790b0 will be dropped but finished with status UNKNOWN_TRANSACTION
09-23 18:06:12.799 13465 13465 V Console : Activity lifecycle :: PRE-PAUSED :: SettingsActivity
09-23 18:06:12.799 13465 13465 D Console : Activity lifecycle :: Top activity: SettingsActivity
09-23 18:06:12.799 13465 13465 D FirebaseSessions: App backgrounded on com.shareconnect
09-23 18:06:12.800 13465 13465 V Console : Activity lifecycle :: PAUSED :: SettingsActivity
09-23 18:06:12.801 13465 13465 V Console : Foreground activity counter :: AtomicIntWrapper :: 12312792 :: 227589169 :: Decremented to: 0
09-23 18:06:12.801 13465 13465 D LifecycleMonitor: Lifecycle status change: com.shareconnect.SettingsActivity@57308dd in: PAUSED
09-23 18:06:12.801 13465 13465 V ActivityScenario: Update currentActivityStage to PAUSED, currentActivity=com.shareconnect.SettingsActivity@57308dd
09-23 18:06:12.810 13465 13465 D LifecycleMonitor: Lifecycle status change: androidx.test.core.app.InstrumentationActivityInvoker$EmptyActivity@4d4df46 in: PRE_ON_CREATE
09-23 18:06:12.810 13465 13465 V ActivityScenario: Activity lifecycle changed event received but ignored because the intent does not match. startActivityIntent=Intent { act=android.intent.action.MAIN cat=[android.intent.category.LAUNCHER] flg=0x10008000 cmp=com.shareconnect/.SettingsActivity }, activity.getIntent()=Intent { act=android.intent.action.MAIN cat=[android.intent.category.LAUNCHER] flg=0x10000000 cmp=com.shareconnect/androidx.test.core.app.InstrumentationActivityInvoker$EmptyActivity }, activity=androidx.test.core.app.InstrumentationActivityInvoker$EmptyActivity@4d4df46
09-23 18:06:12.811 13465 13465 D LifecycleMonitor: Lifecycle status change: androidx.test.core.app.InstrumentationActivityInvoker$EmptyActivity@4d4df46 in: CREATED
09-23 18:06:12.811 13465 13465 V ActivityScenario: Activity lifecycle changed event received but ignored because the intent does not match. startActivityIntent=Intent { act=android.intent.action.MAIN cat=[android.intent.category.LAUNCHER] flg=0x10008000 cmp=com.shareconnect/.SettingsActivity }, activity.getIntent()=Intent { act=android.intent.action.MAIN cat=[android.intent.category.LAUNCHER] flg=0x10000000 cmp=com.shareconnect/androidx.test.core.app.InstrumentationActivityInvoker$EmptyActivity }, activity=androidx.test.core.app.InstrumentationActivityInvoker$EmptyActivity@4d4df46
09-23 18:06:12.812 13465 13465 D LifecycleMonitor: Lifecycle status change: androidx.test.core.app.InstrumentationActivityInvoker$EmptyActivity@4d4df46 in: STARTED
09-23 18:06:12.812 13465 13465 V ActivityScenario: Activity lifecycle changed event received but ignored because the intent does not match. startActivityIntent=Intent { act=android.intent.action.MAIN cat=[android.intent.category.LAUNCHER] flg=0x10008000 cmp=com.shareconnect/.SettingsActivity }, activity.getIntent()=Intent { act=android.intent.action.MAIN cat=[android.intent.category.LAUNCHER] flg=0x10000000 cmp=com.shareconnect/androidx.test.core.app.InstrumentationActivityInvoker$EmptyActivity }, activity=androidx.test.core.app.InstrumentationActivityInvoker$EmptyActivity@4d4df46
09-23 18:06:12.812 13465 13465 D FirebaseSessions: App foregrounded on com.shareconnect
09-23 18:06:12.814 13465 13465 V Console : Activity lifecycle :: RESUMED :: EmptyActivity
09-23 18:06:12.814 13465 13465 V Console : Foreground activity counter :: AtomicIntWrapper :: 12312792 :: 227589169 :: Value of: 0
09-23 18:06:12.814 13465 13465 I Console : Activity lifecycle :: Main state :: Foreground
09-23 18:06:12.814 13465 13465 V Console : Foreground activity counter :: AtomicIntWrapper :: 12312792 :: 227589169 :: Incremented to: 1
09-23 18:06:12.814 13465 13465 D LifecycleMonitor: Lifecycle status change: androidx.test.core.app.InstrumentationActivityInvoker$EmptyActivity@4d4df46 in: RESUMED
09-23 18:06:12.814 13465 13465 V ActivityScenario: Activity lifecycle changed event received but ignored because the intent does not match. startActivityIntent=Intent { act=android.intent.action.MAIN cat=[android.intent.category.LAUNCHER] flg=0x10008000 cmp=com.shareconnect/.SettingsActivity }, activity.getIntent()=Intent { act=android.intent.action.MAIN cat=[android.intent.category.LAUNCHER] flg=0x10000000 cmp=com.shareconnect/androidx.test.core.app.InstrumentationActivityInvoker$EmptyActivity }, activity=androidx.test.core.app.InstrumentationActivityInvoker$EmptyActivity@4d4df46
09-23 18:06:12.815 13465 13465 V Console : Activity lifecycle :: POST-RESUMED :: EmptyActivity
09-23 18:06:12.816 13465 13562 W Parcel  : Expecting binder but got null!
09-23 18:06:12.836 13465 13562 E OpenGLRenderer: Unable to match the desired swap behavior.
09-23 18:06:12.842   488   503 I ActivityTaskManager: Displayed com.shareconnect/androidx.test.core.app.InstrumentationActivityInvoker$EmptyActivity: +46ms
09-23 18:06:12.845   779   850 W FrameTracker: Missing HWUI jank callback for vsyncId: 225914, CUJ=J<SPLASHSCREEN_EXIT_ANIM>
09-23 18:06:12.858 13465 13465 V Console : Activity lifecycle :: PRE-STOPPED :: SettingsActivity
09-23 18:06:12.860 13465 13465 V Console : Activity lifecycle :: STOPPED :: SettingsActivity
09-23 18:06:12.860 13465 13465 D LifecycleMonitor: Lifecycle status change: com.shareconnect.SettingsActivity@57308dd in: STOPPED
09-23 18:06:12.861 13465 13465 V ActivityScenario: Update currentActivityStage to STOPPED, currentActivity=com.shareconnect.SettingsActivity@57308dd
09-23 18:06:12.861 13465 13465 V Console : Activity lifecycle :: POST-STOPPED :: SettingsActivity
09-23 18:06:12.863 13465 13465 V Console : Activity lifecycle :: PRE-DESTROYED :: SettingsActivity
09-23 18:06:12.863 13465 13465 V Console : Activity lifecycle :: DESTROYED :: SettingsActivity
09-23 18:06:12.864 13465 13465 D LifecycleMonitor: Lifecycle status change: com.shareconnect.SettingsActivity@57308dd in: DESTROYED
09-23 18:06:12.864 13465 13465 V ActivityScenario: Update currentActivityStage to DESTROYED, currentActivity=null
09-23 18:06:12.872 13465 13465 I om.shareconnect: Explicit concurrent copying GC freed 24051(1798KB) AllocSpace objects, 14(660KB) LOS objects, 49% free, 8651KB/16MB, paused 13us,11us total 8.073ms
09-23 18:06:12.881 13465 13465 I om.shareconnect: Explicit concurrent copying GC freed 4284(222KB) AllocSpace objects, 0(0B) LOS objects, 49% free, 8461KB/16MB, paused 13us,15us total 8.441ms
09-23 18:06:12.884   488   591 W InputManager-JNI: Input channel object '3e04cb9 com.shareconnect/com.shareconnect.SettingsActivity (client)' was disposed without first being removed with the input manager!
09-23 18:06:12.886 11811 11811 I GoogleInputMethodService: GoogleInputMethodService.onFinishInput():3227
09-23 18:06:12.887 11811 11811 I GoogleInputMethodService: GoogleInputMethodService.updateDeviceLockedStatus():2087 repeatCheckTimes = 0, unlocked = true
09-23 18:06:12.887 11811 11811 I GoogleInputMethodService: GoogleInputMethodService.onStartInput():1877 onStartInput(EditorInfo{inputType=0x0(NULL) imeOptions=0x0 privateImeOptions=null actionName=UNSPECIFIED actionLabel=null actionId=0 initialSelStart=-1 initialSelEnd=-1 initialCapsMode=0x0 hintText=null label=null packageName=com.shareconnect fieldId=-1 fieldName=null extras=null}, false)
09-23 18:06:12.887 11811 11811 I GoogleInputMethodService: GoogleInputMethodService.shouldHideHeaderOnInitialState():4008 ShouldHideHeaderOnInitialState = false
09-23 18:06:12.887 13465 13542 E TestRunner: failed: testSettingsFragmentIsLoaded(com.shareconnect.activities.SettingsActivityInstrumentationTest)
09-23 18:06:12.887 11811 11811 I GoogleInputMethodService: GoogleInputMethodService.updateDeviceLockedStatus():2087 repeatCheckTimes = 2, unlocked = true
09-23 18:06:12.888 13465 13542 E TestRunner: ----- begin exception -----
09-23 18:06:12.888 13465 13542 E TestRunner: java.lang.NoClassDefFoundError: Failed resolution of: Lorg/hamcrest/Matchers;
09-23 18:06:12.888 13465 13542 E TestRunner: 	at androidx.test.espresso.matcher.ViewMatchers.withId(ViewMatchers.java:1)
09-23 18:06:12.888 13465 13542 E TestRunner: 	at com.shareconnect.activities.SettingsActivityInstrumentationTest.testSettingsFragmentIsLoaded(SettingsActivityInstrumentationTest.kt:94)
09-23 18:06:12.888 13465 13542 E TestRunner: 	at java.lang.reflect.Method.invoke(Native Method)
09-23 18:06:12.888 13465 13542 E TestRunner: 	at org.junit.runners.model.FrameworkMethod$1.runReflectiveCall(FrameworkMethod.java:59)
09-23 18:06:12.888 13465 13542 E TestRunner: 	at org.junit.internal.runners.model.ReflectiveCallable.run(ReflectiveCallable.java:12)
09-23 18:06:12.888 13465 13542 E TestRunner: 	at org.junit.runners.model.FrameworkMethod.invokeExplosively(FrameworkMethod.java:56)
09-23 18:06:12.888 13465 13542 E TestRunner: 	at org.junit.internal.runners.statements.InvokeMethod.evaluate(InvokeMethod.java:17)
09-23 18:06:12.888 13465 13542 E TestRunner: 	at androidx.test.internal.runner.junit4.statement.RunBefores.evaluate(RunBefores.java:80)
09-23 18:06:12.888 13465 13542 E TestRunner: 	at androidx.test.internal.runner.junit4.statement.RunAfters.evaluate(RunAfters.java:61)
09-23 18:06:12.888 13465 13542 E TestRunner: 	at org.junit.runners.ParentRunner$3.evaluate(ParentRunner.java:306)
09-23 18:06:12.888 13465 13542 E TestRunner: 	at org.junit.runners.BlockJUnit4ClassRunner$1.evaluate(BlockJUnit4ClassRunner.java:100)
09-23 18:06:12.888 13465 13542 E TestRunner: 	at org.junit.runners.ParentRunner.runLeaf(ParentRunner.java:366)
09-23 18:06:12.888 13465 13542 E TestRunner: 	at org.junit.runners.BlockJUnit4ClassRunner.runChild(BlockJUnit4ClassRunner.java:103)
09-23 18:06:12.888 13465 13542 E TestRunner: 	at org.junit.runners.BlockJUnit4ClassRunner.runChild(BlockJUnit4ClassRunner.java:63)
09-23 18:06:12.888 13465 13542 E TestRunner: 	at org.junit.runners.ParentRunner$4.run(ParentRunner.java:331)
09-23 18:06:12.888 13465 13542 E TestRunner: 	at org.junit.runners.ParentRunner$1.schedule(ParentRunner.java:79)
09-23 18:06:12.888 13465 13542 E TestRunner: 	at org.junit.runners.ParentRunner.runChildren(ParentRunner.java:329)
09-23 18:06:12.888 13465 13542 E TestRunner: 	at org.junit.runners.ParentRunner.access$100(ParentRunner.java:66)
09-23 18:06:12.888 13465 13542 E TestRunner: 	at org.junit.runners.ParentRunner$2.evaluate(ParentRunner.java:293)
09-23 18:06:12.888 13465 13542 E TestRunner: 	at org.junit.runners.ParentRunner$3.evaluate(ParentRunner.java:306)
09-23 18:06:12.888 13465 13542 E TestRunner: 	at org.junit.runners.ParentRunner.run(ParentRunner.java:413)
09-23 18:06:12.888 13465 13542 E TestRunner: 	at androidx.test.ext.junit.runners.AndroidJUnit4.run(AndroidJUnit4.java:162)
09-23 18:06:12.888 13465 13542 E TestRunner: 	at org.junit.runners.Suite.runChild(Suite.java:128)
09-23 18:06:12.888 13465 13542 E TestRunner: 	at org.junit.runners.Suite.runChild(Suite.java:27)
09-23 18:06:12.888 13465 13542 E TestRunner: 	at org.junit.runners.ParentRunner$4.run(ParentRunner.java:331)
09-23 18:06:12.888 13465 13542 E TestRunner: 	at org.junit.runners.ParentRunner$1.schedule(ParentRunner.java:79)
09-23 18:06:12.888 13465 13542 E TestRunner: 	at org.junit.runners.ParentRunner.runChildren(ParentRunner.java:329)
09-23 18:06:12.888 13465 13542 E TestRunner: 	at org.junit.runners.ParentRunner.access$100(ParentRunner.java:66)
09-23 18:06:12.888 13465 13542 E TestRunner: 	at org.junit.runners.ParentRunner$2.evaluate(ParentRunner.java:293)
09-23 18:06:12.888 13465 13542 E TestRunner: 	at org.junit.runners.ParentRunner$3.evaluate(ParentRunner.java:306)
09-23 18:06:12.888 13465 13542 E TestRunner: 	at org.junit.runners.ParentRunner.run(ParentRunner.java:413)
09-23 18:06:12.888 13465 13542 E TestRunner: 	at org.junit.runners.Suite.runChild(Suite.java:128)
09-23 18:06:12.888 13465 13542 E TestRunner: 	at org.junit.runners.Suite.runChild(Suite.java:27)
09-23 18:06:12.888 13465 13542 E TestRunner: 	at org.junit.runners.ParentRunner$4.run(ParentRunner.java:331)
09-23 18:06:12.888 13465 13542 E TestRunner: 	at org.junit.runners.ParentRunner$1.schedule(ParentRunner.java:79)
09-23 18:06:12.888 13465 13542 E TestRunner: 	at org.junit.runners.ParentRunner.runChildren(ParentRunner.java:329)
09-23 18:06:12.888 13465 13542 E TestRunner: 	at org.junit.runners.ParentRunner.access$100(ParentRunner.java:66)
09-23 18:06:12.888 13465 13542 E TestRunner: 	at org.junit.runners.ParentRunner$2.evaluate(ParentRunner.java:293)
09-23 18:06:12.888 13465 13542 E TestRunner: 	at org.junit.runners.ParentRunner$3.evaluate(ParentRunner.java:306)
09-23 18:06:12.888 13465 13542 E TestRunner: 	at org.junit.runners.ParentRunner.run(ParentRunner.java:413)
09-23 18:06:12.888 13465 13542 E TestRunner: 	at org.junit.runner.JUnitCore.run(JUnitCore.java:137)
09-23 18:06:12.888 13465 13542 E TestRunner: 	at org.junit.runner.JUnitCore.run(JUnitCore.java:115)
09-23 18:06:12.888 13465 13542 E TestRunner: 	at androidx.test.internal.runner.TestExecutor.execute(TestExecutor.java:68)
09-23 18:06:12.888 13465 13542 E TestRunner: 	at androidx.test.internal.runner.TestExecutor.execute(TestExecutor.java:59)
09-23 18:06:12.888 13465 13542 E TestRunner: 	at androidx.test.runner.AndroidJUnitRunner.onStart(AndroidJUnitRunner.java:463)
09-23 18:06:12.888 13465 13542 E TestRunner: 	at android.app.Instrumentation$InstrumentationThread.run(Instrumentation.java:2361)
09-23 18:06:12.888 13465 13542 E TestRunner: Caused by: java.lang.ClassNotFoundException: Didn't find class "org.hamcrest.Matchers" on path: DexPathList[[zip file "/system/framework/android.test.runner.jar", zip file "/system/framework/android.test.mock.jar", zip file "/system/framework/android.test.base.jar", zip file "/data/app/~~tgPGD1IvZyVihJ5WEriGpw==/com.shareconnect.test-KRYtWayfc-BAIa-BFJT_mw==/base.apk", zip file "/data/app/~~kWNn5P5i1VBCZAn7TalMSA==/com.shareconnect-NEp2ZttYEsfwFJQKiNDPXA==/base.apk"],nativeLibraryDirectories=[/data/app/~~tgPGD1IvZyVihJ5WEriGpw==/com.shareconnect.test-KRYtWayfc-BAIa-BFJT_mw==/lib/arm64, /data/app/~~kWNn5P5i1VBCZAn7TalMSA==/com.shareconnect-NEp2ZttYEsfwFJQKiNDPXA==/lib/arm64, /data/app/~~tgPGD1IvZyVihJ5WEriGpw==/com.shareconnect.test-KRYtWayfc-BAIa-BFJT_mw==/base.apk!/lib/arm64-v8a, /data/app/~~kWNn5P5i1VBCZAn7TalMSA==/com.shareconnect-NEp2ZttYEsfwFJQKiNDPXA==/base.apk!/lib/arm64-v8a, /system/lib64, /system_ext/lib64]]
09-23 18:06:12.888 13465 13542 E TestRunner: 	at dalvik.system.BaseDexClassLoader.findClass(BaseDexClassLoader.java:259)
09-23 18:06:12.888 13465 13542 E TestRunner: 	at java.lang.ClassLoader.loadClass(ClassLoader.java:379)
09-23 18:06:12.888 13465 13542 E TestRunner: 	at java.lang.ClassLoader.loadClass(ClassLoader.java:312)
09-23 18:06:12.888 13465 13542 E TestRunner: 	... 46 more
09-23 18:06:12.888 13465 13542 E TestRunner: ----- end exception -----
09-23 18:06:12.888 13465 13542 I TestRunner: finished: testSettingsFragmentIsLoaded(com.shareconnect.activities.SettingsActivityInstrumentationTest)
