09-23 18:04:41.257 13465 13542 I TestRunner: started: testTextContrast(com.shareconnect.automation.AccessibilityAutomationTest)
09-23 18:04:41.259 13465 13542 W Settings: Setting always_finish_activities has moved from android.provider.Settings.System to android.provider.Settings.Global, returning read-only value.
09-23 18:04:41.266   779   868 W Parcel  : Expecting binder but got null!
09-23 18:04:41.280 13465 13465 D LifecycleMonitor: Lifecycle status change: com.shareconnect.MainActivity@e0d6661 in: PRE_ON_CREATE
09-23 18:04:41.280 13465 13465 V ActivityScenario: Activity lifecycle changed event received but ignored because the reported transition was not ON_CREATE while the last known transition was PRE_ON_CREATE
09-23 18:04:41.281 13465 13465 D Console : getDefaultTheme() returned: Warm Orange Light (ID: 1, isDefault: true)
09-23 18:04:41.281 13465 13465 D Console : getDefaultTheme() returned: Warm Orange Light (ID: 1, isDefault: true)
09-23 18:04:41.281 13465 13465 D Console : Applying theme: Warm Orange Light, colorScheme: warm_orange, isDarkMode: false, currentTheme: WARM_ORANGE_LIGHT
09-23 18:04:41.281 13465 13465 D Console : Activity MainActivity usesToolbar: true
09-23 18:04:41.281 13465 13465 D Console : Setting night mode to NO
09-23 18:04:41.283   779   868 E OpenGLRenderer: Unable to match the desired swap behavior.
09-23 18:04:41.291 13465 13465 D LifecycleMonitor: Lifecycle status change: com.shareconnect.MainActivity@e0d6661 in: CREATED
09-23 18:04:41.291 13465 13465 V ActivityScenario: Update currentActivityStage to CREATED, currentActivity=com.shareconnect.MainActivity@e0d6661
09-23 18:04:41.292 13465 13465 D LifecycleMonitor: Lifecycle status change: com.shareconnect.MainActivity@e0d6661 in: STARTED
09-23 18:04:41.292 13465 13465 V ActivityScenario: Update currentActivityStage to STARTED, currentActivity=com.shareconnect.MainActivity@e0d6661
09-23 18:04:41.293 13465 13465 D FirebaseSessions: App foregrounded on com.shareconnect
09-23 18:04:41.296 13465 13465 V Console : Activity lifecycle :: RESUMED :: MainActivity
09-23 18:04:41.296 13465 13465 V Console : Foreground activity counter :: AtomicIntWrapper :: 12312792 :: 227589169 :: Value of: 0
09-23 18:04:41.296 13465 13465 I Console : Activity lifecycle :: Main state :: Foreground
09-23 18:04:41.296 13465 13465 V Console : Foreground activity counter :: AtomicIntWrapper :: 12312792 :: 227589169 :: Incremented to: 1
09-23 18:04:41.296 13465 13465 D Console : hasThemeChanged() returned: false
09-23 18:04:41.296 13465 13465 D Console : onResume() called, themeChanged: false
09-23 18:04:41.296 13465 13465 D LifecycleMonitor: Lifecycle status change: com.shareconnect.MainActivity@e0d6661 in: RESUMED
09-23 18:04:41.296 13465 13465 V ActivityScenario: Update currentActivityStage to RESUMED, currentActivity=com.shareconnect.MainActivity@e0d6661
09-23 18:04:41.297 13465 13465 V Console : Activity lifecycle :: POST-RESUMED :: MainActivity
09-23 18:04:41.300 13465 13562 W Parcel  : Expecting binder but got null!
09-23 18:04:41.304 13465 13465 V Console : Activity lifecycle :: PRE-PAUSED :: MainActivity
09-23 18:04:41.305 13465 13465 D Console : Activity lifecycle :: Top activity: MainActivity
09-23 18:04:41.305 13465 13465 D FirebaseSessions: App backgrounded on com.shareconnect
09-23 18:04:41.307 13465 13465 V Console : Activity lifecycle :: PAUSED :: MainActivity
09-23 18:04:41.308 13465 13465 V Console : Foreground activity counter :: AtomicIntWrapper :: 12312792 :: 227589169 :: Decremented to: 0
09-23 18:04:41.308 13465 13465 D LifecycleMonitor: Lifecycle status change: com.shareconnect.MainActivity@e0d6661 in: PAUSED
09-23 18:04:41.308 13465 13465 V ActivityScenario: Update currentActivityStage to PAUSED, currentActivity=com.shareconnect.MainActivity@e0d6661
09-23 18:04:41.314 13465 13720 V Console : Foreground activity counter :: AtomicIntWrapper :: 12312792 :: 227589169 :: Value of: 0
09-23 18:04:41.314 13465 13720 I Console : Activity lifecycle :: Main state :: Background
09-23 18:04:41.333 13465 13562 E OpenGLRenderer: Unable to match the desired swap behavior.
09-23 18:04:41.345 13465 13465 D LifecycleMonitor: Lifecycle status change: com.shareconnect.SettingsActivity@8c23aa5 in: PRE_ON_CREATE
09-23 18:04:41.345 13465 13465 V ActivityScenario: Activity lifecycle changed event received but ignored because the intent does not match. startActivityIntent=Intent { act=android.intent.action.MAIN cat=[android.intent.category.LAUNCHER] flg=0x10008000 cmp=com.shareconnect/.MainActivity }, activity.getIntent()=Intent { cmp=com.shareconnect/.SettingsActivity (has extras) }, activity=com.shareconnect.SettingsActivity@8c23aa5
09-23 18:04:41.346 13465 13465 D Console : getDefaultTheme() returned: Warm Orange Light (ID: 1, isDefault: true)
09-23 18:04:41.346 13465 13465 D Console : getDefaultTheme() returned: Warm Orange Light (ID: 1, isDefault: true)
09-23 18:04:41.346 13465 13465 D Console : Applying theme: Warm Orange Light, colorScheme: warm_orange, isDarkMode: false, currentTheme: WARM_ORANGE_LIGHT
09-23 18:04:41.346 13465 13465 D Console : Activity SettingsActivity usesToolbar: true
09-23 18:04:41.347 13465 13465 D Console : Setting night mode to NO
09-23 18:04:41.353 13465 13465 D LifecycleMonitor: Lifecycle status change: com.shareconnect.SettingsActivity@8c23aa5 in: CREATED
09-23 18:04:41.353 13465 13465 V ActivityScenario: Activity lifecycle changed event received but ignored because the intent does not match. startActivityIntent=Intent { act=android.intent.action.MAIN cat=[android.intent.category.LAUNCHER] flg=0x10008000 cmp=com.shareconnect/.MainActivity }, activity.getIntent()=Intent { cmp=com.shareconnect/.SettingsActivity (has extras) }, activity=com.shareconnect.SettingsActivity@8c23aa5
09-23 18:04:41.355 13465 13465 D LifecycleMonitor: Lifecycle status change: com.shareconnect.SettingsActivity@8c23aa5 in: STARTED
09-23 18:04:41.356 13465 13465 V ActivityScenario: Activity lifecycle changed event received but ignored because the intent does not match. startActivityIntent=Intent { act=android.intent.action.MAIN cat=[android.intent.category.LAUNCHER] flg=0x10008000 cmp=com.shareconnect/.MainActivity }, activity.getIntent()=Intent { cmp=com.shareconnect/.SettingsActivity (has extras) }, activity=com.shareconnect.SettingsActivity@8c23aa5
09-23 18:04:41.356 13465 13465 D FirebaseSessions: App foregrounded on com.shareconnect
09-23 18:04:41.358 13465 13465 V Console : Activity lifecycle :: RESUMED :: SettingsActivity
09-23 18:04:41.358 13465 13465 V Console : Foreground activity counter :: AtomicIntWrapper :: 12312792 :: 227589169 :: Value of: 0
09-23 18:04:41.358 13465 13465 I Console : Activity lifecycle :: Main state :: Foreground
09-23 18:04:41.358 13465 13465 V Console : Foreground activity counter :: AtomicIntWrapper :: 12312792 :: 227589169 :: Incremented to: 1
09-23 18:04:41.358 13465 13465 D LifecycleMonitor: Lifecycle status change: com.shareconnect.SettingsActivity@8c23aa5 in: RESUMED
09-23 18:04:41.358 13465 13465 V ActivityScenario: Activity lifecycle changed event received but ignored because the intent does not match. startActivityIntent=Intent { act=android.intent.action.MAIN cat=[android.intent.category.LAUNCHER] flg=0x10008000 cmp=com.shareconnect/.MainActivity }, activity.getIntent()=Intent { cmp=com.shareconnect/.SettingsActivity (has extras) }, activity=com.shareconnect.SettingsActivity@8c23aa5
09-23 18:04:41.359 13465 13465 V Console : Activity lifecycle :: POST-RESUMED :: SettingsActivity
09-23 18:04:41.361 13465 13562 W Parcel  : Expecting binder but got null!
09-23 18:04:41.364 13465 13465 V Console : Activity lifecycle :: PRE-STOPPED :: MainActivity
09-23 18:04:41.365 13465 13465 V Console : Activity lifecycle :: STOPPED :: MainActivity
09-23 18:04:41.365 13465 13465 D LifecycleMonitor: Lifecycle status change: com.shareconnect.MainActivity@e0d6661 in: STOPPED
09-23 18:04:41.365 13465 13465 V ActivityScenario: Update currentActivityStage to STOPPED, currentActivity=com.shareconnect.MainActivity@e0d6661
09-23 18:04:41.365 13465 13465 V Console : Activity lifecycle :: POST-STOPPED :: MainActivity
09-23 18:04:41.370  1581  1581 I GsaVoiceInteractionSrv: Handling ACTION_STOP_HOTWORD
09-23 18:04:41.370  1581  2234 I HwDetectorWithState: (REDACTED) a: %d
09-23 18:04:41.386 13465 13562 E OpenGLRenderer: Unable to match the desired swap behavior.
09-23 18:04:41.397   779   868 D EGL_emulation: app_time_stats: avg=714.04ms min=14.68ms max=5518.57ms count=8
09-23 18:04:41.406   488   503 W ziparchive: Unable to open '/data/app/~~kWNn5P5i1VBCZAn7TalMSA==/com.shareconnect-NEp2ZttYEsfwFJQKiNDPXA==/base.dm': No such file or directory
09-23 18:04:41.406   488   503 I ActivityTaskManager: Displayed com.shareconnect/.SettingsActivity: +144ms
09-23 18:04:41.416 11811 11811 I GoogleInputMethodService: GoogleInputMethodService.onFinishInput():3227
09-23 18:04:41.417 11811 11811 I GoogleInputMethodService: GoogleInputMethodService.updateDeviceLockedStatus():2087 repeatCheckTimes = 0, unlocked = true
09-23 18:04:41.417 11811 11811 I GoogleInputMethodService: GoogleInputMethodService.onStartInput():1877 onStartInput(EditorInfo{inputType=0x0(NULL) imeOptions=0x0 privateImeOptions=null actionName=UNSPECIFIED actionLabel=null actionId=0 initialSelStart=-1 initialSelEnd=-1 initialCapsMode=0x0 hintText=null label=null packageName=com.shareconnect fieldId=2131231190 fieldName=null extras=null}, false)
09-23 18:04:41.417 11811 11811 I GoogleInputMethodService: GoogleInputMethodService.shouldHideHeaderOnInitialState():4008 ShouldHideHeaderOnInitialState = false
09-23 18:04:41.417 11811 11811 I GoogleInputMethodService: GoogleInputMethodService.updateDeviceLockedStatus():2087 repeatCheckTimes = 2, unlocked = true
09-23 18:04:41.565   779   868 D EGL_emulation: app_time_stats: avg=1054.52ms min=51.44ms max=4871.54ms count=5
09-23 18:04:41.616  1581  2227 I AssistantForeground: (REDACTED) Get launcher package: %s
09-23 18:04:41.635   998  1945 D OneSearchSuggestProvider: Shut down the binder channel
09-23 18:04:41.636   998 13981 I s.nexuslauncher: oneway function results for code 2 on binder at 0xb400007a3946e4c0 will be dropped but finished with status UNKNOWN_TRANSACTION
09-23 18:04:41.679   488  2445 W InputManager-JNI: Input channel object '126ed40 Splash Screen com.shareconnect (client)' was disposed without first being removed with the input manager!
09-23 18:04:41.809 13465 13727 V Console : Foreground activity counter :: AtomicIntWrapper :: 12312792 :: 227589169 :: Value of: 1
09-23 18:04:42.595   779   868 D EGL_emulation: app_time_stats: avg=35.39ms min=12.86ms max=116.04ms count=29
09-23 18:04:42.997 13465 13562 D EGL_emulation: app_time_stats: avg=148.96ms min=1.40ms max=1455.92ms count=10
09-23 18:04:45.321 12330 12330 W ThreadPoolForeg: type=1400 audit(0.0:241): avc: denied { write } for name="traced_producer" dev="tmpfs" ino=647 scontext=u:r:gmscore_app:s0:c512,c768 tcontext=u:object_r:traced_producer_socket:s0 tclass=sock_file permissive=0 app=com.google.android.gms
09-23 18:04:46.484 13465 13465 V Console : Activity lifecycle :: PRE-PAUSED :: SettingsActivity
09-23 18:04:46.484 13465 13465 D Console : Activity lifecycle :: Top activity: SettingsActivity
09-23 18:04:46.484 13465 13465 D FirebaseSessions: App backgrounded on com.shareconnect
09-23 18:04:46.486 13465 13465 V Console : Activity lifecycle :: PAUSED :: SettingsActivity
09-23 18:04:46.491 13465 13465 V Console : Foreground activity counter :: AtomicIntWrapper :: 12312792 :: 227589169 :: Decremented to: 0
09-23 18:04:46.491 13465 13465 D LifecycleMonitor: Lifecycle status change: com.shareconnect.SettingsActivity@8c23aa5 in: PAUSED
09-23 18:04:46.491 13465 13465 V ActivityScenario: Activity lifecycle changed event received but ignored because the intent does not match. startActivityIntent=Intent { act=android.intent.action.MAIN cat=[android.intent.category.LAUNCHER] flg=0x10008000 cmp=com.shareconnect/.MainActivity }, activity.getIntent()=Intent { cmp=com.shareconnect/.SettingsActivity (has extras) }, activity=com.shareconnect.SettingsActivity@8c23aa5
09-23 18:04:46.501 13465 13465 D LifecycleMonitor: Lifecycle status change: androidx.test.core.app.InstrumentationActivityInvoker$EmptyActivity@71b1187 in: PRE_ON_CREATE
09-23 18:04:46.501 13465 13465 V ActivityScenario: Activity lifecycle changed event received but ignored because the intent does not match. startActivityIntent=Intent { act=android.intent.action.MAIN cat=[android.intent.category.LAUNCHER] flg=0x10008000 cmp=com.shareconnect/.MainActivity }, activity.getIntent()=Intent { act=android.intent.action.MAIN cat=[android.intent.category.LAUNCHER] flg=0x10000000 cmp=com.shareconnect/androidx.test.core.app.InstrumentationActivityInvoker$EmptyActivity }, activity=androidx.test.core.app.InstrumentationActivityInvoker$EmptyActivity@71b1187
09-23 18:04:46.526 13465 13465 D LifecycleMonitor: Lifecycle status change: androidx.test.core.app.InstrumentationActivityInvoker$EmptyActivity@71b1187 in: CREATED
09-23 18:04:46.526 13465 13465 V ActivityScenario: Activity lifecycle changed event received but ignored because the intent does not match. startActivityIntent=Intent { act=android.intent.action.MAIN cat=[android.intent.category.LAUNCHER] flg=0x10008000 cmp=com.shareconnect/.MainActivity }, activity.getIntent()=Intent { act=android.intent.action.MAIN cat=[android.intent.category.LAUNCHER] flg=0x10000000 cmp=com.shareconnect/androidx.test.core.app.InstrumentationActivityInvoker$EmptyActivity }, activity=androidx.test.core.app.InstrumentationActivityInvoker$EmptyActivity@71b1187
09-23 18:04:46.526 13465 13465 D LifecycleMonitor: Lifecycle status change: androidx.test.core.app.InstrumentationActivityInvoker$EmptyActivity@71b1187 in: STARTED
09-23 18:04:46.526 13465 13465 V ActivityScenario: Activity lifecycle changed event received but ignored because the intent does not match. startActivityIntent=Intent { act=android.intent.action.MAIN cat=[android.intent.category.LAUNCHER] flg=0x10008000 cmp=com.shareconnect/.MainActivity }, activity.getIntent()=Intent { act=android.intent.action.MAIN cat=[android.intent.category.LAUNCHER] flg=0x10000000 cmp=com.shareconnect/androidx.test.core.app.InstrumentationActivityInvoker$EmptyActivity }, activity=androidx.test.core.app.InstrumentationActivityInvoker$EmptyActivity@71b1187
09-23 18:04:46.527 13465 13465 D FirebaseSessions: App foregrounded on com.shareconnect
09-23 18:04:46.529 13465 13465 V Console : Activity lifecycle :: RESUMED :: EmptyActivity
09-23 18:04:46.529 13465 13465 V Console : Foreground activity counter :: AtomicIntWrapper :: 12312792 :: 227589169 :: Value of: 0
09-23 18:04:46.529 13465 13465 I Console : Activity lifecycle :: Main state :: Foreground
09-23 18:04:46.530 13465 13465 V Console : Foreground activity counter :: AtomicIntWrapper :: 12312792 :: 227589169 :: Incremented to: 1
09-23 18:04:46.530 13465 13465 D LifecycleMonitor: Lifecycle status change: androidx.test.core.app.InstrumentationActivityInvoker$EmptyActivity@71b1187 in: RESUMED
09-23 18:04:46.530 13465 13465 V ActivityScenario: Activity lifecycle changed event received but ignored because the intent does not match. startActivityIntent=Intent { act=android.intent.action.MAIN cat=[android.intent.category.LAUNCHER] flg=0x10008000 cmp=com.shareconnect/.MainActivity }, activity.getIntent()=Intent { act=android.intent.action.MAIN cat=[android.intent.category.LAUNCHER] flg=0x10000000 cmp=com.shareconnect/androidx.test.core.app.InstrumentationActivityInvoker$EmptyActivity }, activity=androidx.test.core.app.InstrumentationActivityInvoker$EmptyActivity@71b1187
09-23 18:04:46.531 13465 13465 V Console : Activity lifecycle :: POST-RESUMED :: EmptyActivity
09-23 18:04:46.534 13465 13562 W Parcel  : Expecting binder but got null!
09-23 18:04:46.550 13465 13562 E OpenGLRenderer: Unable to match the desired swap behavior.
09-23 18:04:46.560   488   503 I ActivityTaskManager: Displayed com.shareconnect/androidx.test.core.app.InstrumentationActivityInvoker$EmptyActivity: +80ms
09-23 18:04:46.564 11307 13554 D AdvertisingIdClient: AdvertisingIdClient already created.
09-23 18:04:46.566 11307 13554 I AdvertisingIdClient: shouldSendLog 1481099
09-23 18:04:46.566 11307 13554 I AdvertisingIdClient: GetInfoInternal elapse 1ms
09-23 18:04:46.577 13465 13465 V Console : Activity lifecycle :: PRE-DESTROYED :: MainActivity
09-23 18:04:46.578 13465 13465 V Console : Activity lifecycle :: DESTROYED :: MainActivity
09-23 18:04:46.578 13465 13465 D LifecycleMonitor: Lifecycle status change: com.shareconnect.MainActivity@e0d6661 in: DESTROYED
09-23 18:04:46.578 13465 13465 V ActivityScenario: Update currentActivityStage to DESTROYED, currentActivity=null
09-23 18:04:46.579   488  1119 W InputManager-JNI: Input channel object '6bb79b1 com.shareconnect/com.shareconnect.MainActivity (client)' was disposed without first being removed with the input manager!
09-23 18:04:46.580 13465 13465 V Console : Activity lifecycle :: PRE-STOPPED :: SettingsActivity
09-23 18:04:46.580 13465 13465 V Console : Activity lifecycle :: STOPPED :: SettingsActivity
09-23 18:04:46.580 13465 13465 D LifecycleMonitor: Lifecycle status change: com.shareconnect.SettingsActivity@8c23aa5 in: STOPPED
09-23 18:04:46.580 13465 13465 V ActivityScenario: Activity lifecycle changed event received but ignored because the intent does not match. startActivityIntent=Intent { act=android.intent.action.MAIN cat=[android.intent.category.LAUNCHER] flg=0x10008000 cmp=com.shareconnect/.MainActivity }, activity.getIntent()=Intent { cmp=com.shareconnect/.SettingsActivity (has extras) }, activity=com.shareconnect.SettingsActivity@8c23aa5
09-23 18:04:46.580 13465 13465 V Console : Activity lifecycle :: POST-STOPPED :: SettingsActivity
09-23 18:04:46.585 11811 11811 I GoogleInputMethodService: GoogleInputMethodService.onFinishInput():3227
09-23 18:04:46.585 11811 11811 I GoogleInputMethodService: GoogleInputMethodService.updateDeviceLockedStatus():2087 repeatCheckTimes = 0, unlocked = true
09-23 18:04:46.585 11811 11811 I GoogleInputMethodService: GoogleInputMethodService.onStartInput():1877 onStartInput(EditorInfo{inputType=0x0(NULL) imeOptions=0x0 privateImeOptions=null actionName=UNSPECIFIED actionLabel=null actionId=0 initialSelStart=-1 initialSelEnd=-1 initialCapsMode=0x0 hintText=null label=null packageName=com.shareconnect fieldId=-1 fieldName=null extras=null}, false)
09-23 18:04:46.585 11811 11811 I GoogleInputMethodService: GoogleInputMethodService.shouldHideHeaderOnInitialState():4008 ShouldHideHeaderOnInitialState = false
09-23 18:04:46.585 11811 11811 I GoogleInputMethodService: GoogleInputMethodService.updateDeviceLockedStatus():2087 repeatCheckTimes = 2, unlocked = true
09-23 18:04:46.592 13465 13542 E TestRunner: failed: testTextContrast(com.shareconnect.automation.AccessibilityAutomationTest)
09-23 18:04:46.593 13465 13542 E TestRunner: ----- begin exception -----
09-23 18:04:46.593 13465 13542 E TestRunner: java.lang.NoClassDefFoundError: Failed resolution of: Lorg/hamcrest/Matchers;
09-23 18:04:46.593 13465 13542 E TestRunner: 	at androidx.test.espresso.matcher.ViewMatchers.withId(ViewMatchers.java:1)
09-23 18:04:46.593 13465 13542 E TestRunner: 	at com.shareconnect.automation.AccessibilityAutomationTest.testTextContrast(AccessibilityAutomationTest.kt:81)
09-23 18:04:46.593 13465 13542 E TestRunner: 	at java.lang.reflect.Method.invoke(Native Method)
09-23 18:04:46.593 13465 13542 E TestRunner: 	at org.junit.runners.model.FrameworkMethod$1.runReflectiveCall(FrameworkMethod.java:59)
09-23 18:04:46.593 13465 13542 E TestRunner: 	at org.junit.internal.runners.model.ReflectiveCallable.run(ReflectiveCallable.java:12)
09-23 18:04:46.593 13465 13542 E TestRunner: 	at org.junit.runners.model.FrameworkMethod.invokeExplosively(FrameworkMethod.java:56)
09-23 18:04:46.593 13465 13542 E TestRunner: 	at org.junit.internal.runners.statements.InvokeMethod.evaluate(InvokeMethod.java:17)
09-23 18:04:46.593 13465 13542 E TestRunner: 	at androidx.test.internal.runner.junit4.statement.RunBefores.evaluate(RunBefores.java:80)
09-23 18:04:46.593 13465 13542 E TestRunner: 	at androidx.test.internal.runner.junit4.statement.RunAfters.evaluate(RunAfters.java:61)
09-23 18:04:46.593 13465 13542 E TestRunner: 	at org.junit.runners.ParentRunner$3.evaluate(ParentRunner.java:306)
09-23 18:04:46.593 13465 13542 E TestRunner: 	at org.junit.runners.BlockJUnit4ClassRunner$1.evaluate(BlockJUnit4ClassRunner.java:100)
09-23 18:04:46.593 13465 13542 E TestRunner: 	at org.junit.runners.ParentRunner.runLeaf(ParentRunner.java:366)
09-23 18:04:46.593 13465 13542 E TestRunner: 	at org.junit.runners.BlockJUnit4ClassRunner.runChild(BlockJUnit4ClassRunner.java:103)
09-23 18:04:46.593 13465 13542 E TestRunner: 	at org.junit.runners.BlockJUnit4ClassRunner.runChild(BlockJUnit4ClassRunner.java:63)
09-23 18:04:46.593 13465 13542 E TestRunner: 	at org.junit.runners.ParentRunner$4.run(ParentRunner.java:331)
09-23 18:04:46.593 13465 13542 E TestRunner: 	at org.junit.runners.ParentRunner$1.schedule(ParentRunner.java:79)
09-23 18:04:46.593 13465 13542 E TestRunner: 	at org.junit.runners.ParentRunner.runChildren(ParentRunner.java:329)
09-23 18:04:46.593 13465 13542 E TestRunner: 	at org.junit.runners.ParentRunner.access$100(ParentRunner.java:66)
09-23 18:04:46.593 13465 13542 E TestRunner: 	at org.junit.runners.ParentRunner$2.evaluate(ParentRunner.java:293)
09-23 18:04:46.593 13465 13542 E TestRunner: 	at org.junit.runners.ParentRunner$3.evaluate(ParentRunner.java:306)
09-23 18:04:46.593 13465 13542 E TestRunner: 	at org.junit.runners.ParentRunner.run(ParentRunner.java:413)
09-23 18:04:46.593 13465 13542 E TestRunner: 	at androidx.test.ext.junit.runners.AndroidJUnit4.run(AndroidJUnit4.java:162)
09-23 18:04:46.593 13465 13542 E TestRunner: 	at org.junit.runners.Suite.runChild(Suite.java:128)
09-23 18:04:46.593 13465 13542 E TestRunner: 	at org.junit.runners.Suite.runChild(Suite.java:27)
09-23 18:04:46.593 13465 13542 E TestRunner: 	at org.junit.runners.ParentRunner$4.run(ParentRunner.java:331)
09-23 18:04:46.593 13465 13542 E TestRunner: 	at org.junit.runners.ParentRunner$1.schedule(ParentRunner.java:79)
09-23 18:04:46.593 13465 13542 E TestRunner: 	at org.junit.runners.ParentRunner.runChildren(ParentRunner.java:329)
09-23 18:04:46.593 13465 13542 E TestRunner: 	at org.junit.runners.ParentRunner.access$100(ParentRunner.java:66)
09-23 18:04:46.593 13465 13542 E TestRunner: 	at org.junit.runners.ParentRunner$2.evaluate(ParentRunner.java:293)
09-23 18:04:46.593 13465 13542 E TestRunner: 	at org.junit.runners.ParentRunner$3.evaluate(ParentRunner.java:306)
09-23 18:04:46.593 13465 13542 E TestRunner: 	at org.junit.runners.ParentRunner.run(ParentRunner.java:413)
09-23 18:04:46.593 13465 13542 E TestRunner: 	at org.junit.runners.Suite.runChild(Suite.java:128)
09-23 18:04:46.593 13465 13542 E TestRunner: 	at org.junit.runners.Suite.runChild(Suite.java:27)
09-23 18:04:46.593 13465 13542 E TestRunner: 	at org.junit.runners.ParentRunner$4.run(ParentRunner.java:331)
09-23 18:04:46.593 13465 13542 E TestRunner: 	at org.junit.runners.ParentRunner$1.schedule(ParentRunner.java:79)
09-23 18:04:46.593 13465 13542 E TestRunner: 	at org.junit.runners.ParentRunner.runChildren(ParentRunner.java:329)
09-23 18:04:46.593 13465 13542 E TestRunner: 	at org.junit.runners.ParentRunner.access$100(ParentRunner.java:66)
09-23 18:04:46.593 13465 13542 E TestRunner: 	at org.junit.runners.ParentRunner$2.evaluate(ParentRunner.java:293)
09-23 18:04:46.593 13465 13542 E TestRunner: 	at org.junit.runners.ParentRunner$3.evaluate(ParentRunner.java:306)
09-23 18:04:46.593 13465 13542 E TestRunner: 	at org.junit.runners.ParentRunner.run(ParentRunner.java:413)
09-23 18:04:46.593 13465 13542 E TestRunner: 	at org.junit.runner.JUnitCore.run(JUnitCore.java:137)
09-23 18:04:46.593 13465 13542 E TestRunner: 	at org.junit.runner.JUnitCore.run(JUnitCore.java:115)
09-23 18:04:46.593 13465 13542 E TestRunner: 	at androidx.test.internal.runner.TestExecutor.execute(TestExecutor.java:68)
09-23 18:04:46.593 13465 13542 E TestRunner: 	at androidx.test.internal.runner.TestExecutor.execute(TestExecutor.java:59)
09-23 18:04:46.593 13465 13542 E TestRunner: 	at androidx.test.runner.AndroidJUnitRunner.onStart(AndroidJUnitRunner.java:463)
09-23 18:04:46.593 13465 13542 E TestRunner: 	at android.app.Instrumentation$InstrumentationThread.run(Instrumentation.java:2361)
09-23 18:04:46.593 13465 13542 E TestRunner: Caused by: java.lang.ClassNotFoundException: Didn't find class "org.hamcrest.Matchers" on path: DexPathList[[zip file "/system/framework/android.test.runner.jar", zip file "/system/framework/android.test.mock.jar", zip file "/system/framework/android.test.base.jar", zip file "/data/app/~~tgPGD1IvZyVihJ5WEriGpw==/com.shareconnect.test-KRYtWayfc-BAIa-BFJT_mw==/base.apk", zip file "/data/app/~~kWNn5P5i1VBCZAn7TalMSA==/com.shareconnect-NEp2ZttYEsfwFJQKiNDPXA==/base.apk"],nativeLibraryDirectories=[/data/app/~~tgPGD1IvZyVihJ5WEriGpw==/com.shareconnect.test-KRYtWayfc-BAIa-BFJT_mw==/lib/arm64, /data/app/~~kWNn5P5i1VBCZAn7TalMSA==/com.shareconnect-NEp2ZttYEsfwFJQKiNDPXA==/lib/arm64, /data/app/~~tgPGD1IvZyVihJ5WEriGpw==/com.shareconnect.test-KRYtWayfc-BAIa-BFJT_mw==/base.apk!/lib/arm64-v8a, /data/app/~~kWNn5P5i1VBCZAn7TalMSA==/com.shareconnect-NEp2ZttYEsfwFJQKiNDPXA==/base.apk!/lib/arm64-v8a, /system/lib64, /system_ext/lib64]]
09-23 18:04:46.593 13465 13542 E TestRunner: 	at dalvik.system.BaseDexClassLoader.findClass(BaseDexClassLoader.java:259)
09-23 18:04:46.593 13465 13542 E TestRunner: 	at java.lang.ClassLoader.loadClass(ClassLoader.java:379)
09-23 18:04:46.593 13465 13542 E TestRunner: 	at java.lang.ClassLoader.loadClass(ClassLoader.java:312)
09-23 18:04:46.593 13465 13542 E TestRunner: 	... 46 more
09-23 18:04:46.593 13465 13542 E TestRunner: ----- end exception -----
09-23 18:04:46.593 13465 13542 I TestRunner: finished: testTextContrast(com.shareconnect.automation.AccessibilityAutomationTest)
