09-23 18:06:15.000 13465 13542 I TestRunner: started: testPreferenceCategories(com.shareconnect.activities.SettingsActivityInstrumentationTest)
09-23 18:06:15.001 13465 13542 W Settings: Setting always_finish_activities has moved from android.provider.Settings.System to android.provider.Settings.Global, returning read-only value.
09-23 18:06:15.005   779   868 W Parcel  : Expecting binder but got null!
09-23 18:06:15.013 13465 13465 D LifecycleMonitor: Lifecycle status change: com.shareconnect.SettingsActivity@3b5fa41 in: PRE_ON_CREATE
09-23 18:06:15.013 13465 13465 V ActivityScenario: Activity lifecycle changed event received but ignored because the reported transition was not ON_CREATE while the last known transition was PRE_ON_CREATE
09-23 18:06:15.013 13465 13465 D Console : getDefaultTheme() returned: Warm Orange Light (ID: 1, isDefault: true)
09-23 18:06:15.013 13465 13465 D Console : getDefaultTheme() returned: Warm Orange Light (ID: 1, isDefault: true)
09-23 18:06:15.013 13465 13465 D Console : Applying theme: Warm Orange Light, colorScheme: warm_orange, isDarkMode: false, currentTheme: WARM_ORANGE_LIGHT
09-23 18:06:15.013 13465 13465 D Console : Activity SettingsActivity usesToolbar: true
09-23 18:06:15.014 13465 13465 D Console : Setting night mode to NO
09-23 18:06:15.015 13465 13800 V Console : Foreground activity counter :: AtomicIntWrapper :: 12312792 :: 227589169 :: Value of: 0
09-23 18:06:15.015 13465 13800 I Console : Activity lifecycle :: Main state :: Background
09-23 18:06:15.016   779   868 E OpenGLRenderer: Unable to match the desired swap behavior.
09-23 18:06:15.022 13465 13465 D LifecycleMonitor: Lifecycle status change: com.shareconnect.SettingsActivity@3b5fa41 in: CREATED
09-23 18:06:15.022 13465 13465 V ActivityScenario: Update currentActivityStage to CREATED, currentActivity=com.shareconnect.SettingsActivity@3b5fa41
09-23 18:06:15.025 13465 13465 D LifecycleMonitor: Lifecycle status change: com.shareconnect.SettingsActivity@3b5fa41 in: STARTED
09-23 18:06:15.025 13465 13465 V ActivityScenario: Update currentActivityStage to STARTED, currentActivity=com.shareconnect.SettingsActivity@3b5fa41
09-23 18:06:15.026 13465 13465 D FirebaseSessions: App foregrounded on com.shareconnect
09-23 18:06:15.028 13465 13465 V Console : Activity lifecycle :: RESUMED :: SettingsActivity
09-23 18:06:15.028 13465 13465 V Console : Foreground activity counter :: AtomicIntWrapper :: 12312792 :: 227589169 :: Value of: 0
09-23 18:06:15.028 13465 13465 I Console : Activity lifecycle :: Main state :: Foreground
09-23 18:06:15.028 13465 13465 V Console : Foreground activity counter :: AtomicIntWrapper :: 12312792 :: 227589169 :: Incremented to: 1
09-23 18:06:15.028 13465 13465 D LifecycleMonitor: Lifecycle status change: com.shareconnect.SettingsActivity@3b5fa41 in: RESUMED
09-23 18:06:15.028 13465 13465 V ActivityScenario: Update currentActivityStage to RESUMED, currentActivity=com.shareconnect.SettingsActivity@3b5fa41
09-23 18:06:15.028 13465 13465 V Console : Activity lifecycle :: POST-RESUMED :: SettingsActivity
09-23 18:06:15.030 13465 13562 W Parcel  : Expecting binder but got null!
09-23 18:06:15.048 13465 13562 E OpenGLRenderer: Unable to match the desired swap behavior.
09-23 18:06:15.062   488   503 W ziparchive: Unable to open '/data/app/~~kWNn5P5i1VBCZAn7TalMSA==/com.shareconnect-NEp2ZttYEsfwFJQKiNDPXA==/base.dm': No such file or directory
09-23 18:06:15.062   488   503 I ActivityTaskManager: Displayed com.shareconnect/.SettingsActivity: +59ms
09-23 18:06:15.080 11811 11811 I GoogleInputMethodService: GoogleInputMethodService.onFinishInput():3227
09-23 18:06:15.081 11811 11811 I GoogleInputMethodService: GoogleInputMethodService.updateDeviceLockedStatus():2087 repeatCheckTimes = 0, unlocked = true
09-23 18:06:15.081 11811 11811 I GoogleInputMethodService: GoogleInputMethodService.onStartInput():1877 onStartInput(EditorInfo{inputType=0x0(NULL) imeOptions=0x0 privateImeOptions=null actionName=UNSPECIFIED actionLabel=null actionId=0 initialSelStart=-1 initialSelEnd=-1 initialCapsMode=0x0 hintText=null label=null packageName=com.shareconnect fieldId=2131231190 fieldName=null extras=null}, false)
09-23 18:06:15.081 11811 11811 I GoogleInputMethodService: GoogleInputMethodService.shouldHideHeaderOnInitialState():4008 ShouldHideHeaderOnInitialState = false
09-23 18:06:15.081 11811 11811 I GoogleInputMethodService: GoogleInputMethodService.updateDeviceLockedStatus():2087 repeatCheckTimes = 2, unlocked = true
09-23 18:06:15.107 13465 13799 V Console : Foreground activity counter :: AtomicIntWrapper :: 12312792 :: 227589169 :: Value of: 1
09-23 18:06:15.111  1581  1581 I GsaVoiceInteractionSrv: Handling ACTION_STOP_HOTWORD
09-23 18:06:15.111  1581  2233 I HwDetectorWithState: (REDACTED) a: %d
09-23 18:06:15.278   779   868 D EGL_emulation: app_time_stats: avg=27.21ms min=13.66ms max=112.58ms count=37
09-23 18:06:15.294  1581  2227 I AssistantForeground: (REDACTED) Get launcher package: %s
09-23 18:06:15.312   998  1945 D OneSearchSuggestProvider: Shut down the binder channel
09-23 18:06:15.312   998 11368 I s.nexuslauncher: oneway function results for code 2 on binder at 0xb400007a39487390 will be dropped but finished with status UNKNOWN_TRANSACTION
09-23 18:06:15.313 13465 13465 V Console : Activity lifecycle :: PRE-PAUSED :: SettingsActivity
09-23 18:06:15.313 13465 13465 D Console : Activity lifecycle :: Top activity: SettingsActivity
09-23 18:06:15.314 13465 13465 D FirebaseSessions: App backgrounded on com.shareconnect
09-23 18:06:15.315 13465 13465 V Console : Activity lifecycle :: PAUSED :: SettingsActivity
09-23 18:06:15.315 13465 13465 V Console : Foreground activity counter :: AtomicIntWrapper :: 12312792 :: 227589169 :: Decremented to: 0
09-23 18:06:15.315 13465 13465 D LifecycleMonitor: Lifecycle status change: com.shareconnect.SettingsActivity@3b5fa41 in: PAUSED
09-23 18:06:15.315 13465 13465 V ActivityScenario: Update currentActivityStage to PAUSED, currentActivity=com.shareconnect.SettingsActivity@3b5fa41
09-23 18:06:15.318 13465 13465 D LifecycleMonitor: Lifecycle status change: androidx.test.core.app.InstrumentationActivityInvoker$EmptyActivity@7f0759a in: PRE_ON_CREATE
09-23 18:06:15.318 13465 13465 V ActivityScenario: Activity lifecycle changed event received but ignored because the intent does not match. startActivityIntent=Intent { act=android.intent.action.MAIN cat=[android.intent.category.LAUNCHER] flg=0x10008000 cmp=com.shareconnect/.SettingsActivity }, activity.getIntent()=Intent { act=android.intent.action.MAIN cat=[android.intent.category.LAUNCHER] flg=0x10000000 cmp=com.shareconnect/androidx.test.core.app.InstrumentationActivityInvoker$EmptyActivity }, activity=androidx.test.core.app.InstrumentationActivityInvoker$EmptyActivity@7f0759a
09-23 18:06:15.320 13465 13465 D LifecycleMonitor: Lifecycle status change: androidx.test.core.app.InstrumentationActivityInvoker$EmptyActivity@7f0759a in: CREATED
09-23 18:06:15.320 13465 13465 V ActivityScenario: Activity lifecycle changed event received but ignored because the intent does not match. startActivityIntent=Intent { act=android.intent.action.MAIN cat=[android.intent.category.LAUNCHER] flg=0x10008000 cmp=com.shareconnect/.SettingsActivity }, activity.getIntent()=Intent { act=android.intent.action.MAIN cat=[android.intent.category.LAUNCHER] flg=0x10000000 cmp=com.shareconnect/androidx.test.core.app.InstrumentationActivityInvoker$EmptyActivity }, activity=androidx.test.core.app.InstrumentationActivityInvoker$EmptyActivity@7f0759a
09-23 18:06:15.320 13465 13465 D LifecycleMonitor: Lifecycle status change: androidx.test.core.app.InstrumentationActivityInvoker$EmptyActivity@7f0759a in: STARTED
09-23 18:06:15.320 13465 13465 V ActivityScenario: Activity lifecycle changed event received but ignored because the intent does not match. startActivityIntent=Intent { act=android.intent.action.MAIN cat=[android.intent.category.LAUNCHER] flg=0x10008000 cmp=com.shareconnect/.SettingsActivity }, activity.getIntent()=Intent { act=android.intent.action.MAIN cat=[android.intent.category.LAUNCHER] flg=0x10000000 cmp=com.shareconnect/androidx.test.core.app.InstrumentationActivityInvoker$EmptyActivity }, activity=androidx.test.core.app.InstrumentationActivityInvoker$EmptyActivity@7f0759a
09-23 18:06:15.320 13465 13465 D FirebaseSessions: App foregrounded on com.shareconnect
09-23 18:06:15.322 13465 13465 V Console : Activity lifecycle :: RESUMED :: EmptyActivity
09-23 18:06:15.322 13465 13465 V Console : Foreground activity counter :: AtomicIntWrapper :: 12312792 :: 227589169 :: Value of: 0
09-23 18:06:15.322 13465 13465 I Console : Activity lifecycle :: Main state :: Foreground
09-23 18:06:15.322 13465 13465 V Console : Foreground activity counter :: AtomicIntWrapper :: 12312792 :: 227589169 :: Incremented to: 1
09-23 18:06:15.329 13465 13465 D LifecycleMonitor: Lifecycle status change: androidx.test.core.app.InstrumentationActivityInvoker$EmptyActivity@7f0759a in: RESUMED
09-23 18:06:15.329 13465 13465 V ActivityScenario: Activity lifecycle changed event received but ignored because the intent does not match. startActivityIntent=Intent { act=android.intent.action.MAIN cat=[android.intent.category.LAUNCHER] flg=0x10008000 cmp=com.shareconnect/.SettingsActivity }, activity.getIntent()=Intent { act=android.intent.action.MAIN cat=[android.intent.category.LAUNCHER] flg=0x10000000 cmp=com.shareconnect/androidx.test.core.app.InstrumentationActivityInvoker$EmptyActivity }, activity=androidx.test.core.app.InstrumentationActivityInvoker$EmptyActivity@7f0759a
09-23 18:06:15.330 13465 13465 V Console : Activity lifecycle :: POST-RESUMED :: EmptyActivity
09-23 18:06:15.331 13465 13562 W Parcel  : Expecting binder but got null!
09-23 18:06:15.345   488  4122 W InputManager-JNI: Input channel object 'ff9ba3b Splash Screen com.shareconnect (client)' was disposed without first being removed with the input manager!
09-23 18:06:15.350 13465 13562 E OpenGLRenderer: Unable to match the desired swap behavior.
09-23 18:06:15.358   488   503 I ActivityTaskManager: Displayed com.shareconnect/androidx.test.core.app.InstrumentationActivityInvoker$EmptyActivity: +45ms
09-23 18:06:15.362 13465 13465 V Console : Activity lifecycle :: PRE-STOPPED :: SettingsActivity
09-23 18:06:15.363 13465 13465 V Console : Activity lifecycle :: STOPPED :: SettingsActivity
09-23 18:06:15.364 13465 13465 D LifecycleMonitor: Lifecycle status change: com.shareconnect.SettingsActivity@3b5fa41 in: STOPPED
09-23 18:06:15.364 13465 13465 V ActivityScenario: Update currentActivityStage to STOPPED, currentActivity=com.shareconnect.SettingsActivity@3b5fa41
09-23 18:06:15.364 13465 13465 V Console : Activity lifecycle :: POST-STOPPED :: SettingsActivity
09-23 18:06:15.366 13465 13465 V Console : Activity lifecycle :: PRE-DESTROYED :: SettingsActivity
09-23 18:06:15.366 13465 13465 V Console : Activity lifecycle :: DESTROYED :: SettingsActivity
09-23 18:06:15.367 13465 13465 D LifecycleMonitor: Lifecycle status change: com.shareconnect.SettingsActivity@3b5fa41 in: DESTROYED
09-23 18:06:15.367 13465 13465 V ActivityScenario: Update currentActivityStage to DESTROYED, currentActivity=null
09-23 18:06:15.381 13465 13465 I om.shareconnect: Explicit concurrent copying GC freed 24031(1764KB) AllocSpace objects, 13(644KB) LOS objects, 49% free, 8712KB/17MB, paused 20us,14us total 13.831ms
09-23 18:06:15.385 12330 12330 W ThreadPoolForeg: type=1400 audit(0.0:250): avc: denied { write } for name="traced_producer" dev="tmpfs" ino=647 scontext=u:r:gmscore_app:s0:c512,c768 tcontext=u:object_r:traced_producer_socket:s0 tclass=sock_file permissive=0 app=com.google.android.gms
09-23 18:06:15.392 13465 13465 I om.shareconnect: Explicit concurrent copying GC freed 4254(252KB) AllocSpace objects, 0(0B) LOS objects, 49% free, 8492KB/16MB, paused 9us,18us total 10.208ms
09-23 18:06:15.395   488   501 W InputManager-JNI: Input channel object 'abfba9c com.shareconnect/com.shareconnect.SettingsActivity (client)' was disposed without first being removed with the input manager!
09-23 18:06:15.398 11811 11811 I GoogleInputMethodService: GoogleInputMethodService.onFinishInput():3227
09-23 18:06:15.398 13465 13542 E TestRunner: failed: testPreferenceCategories(com.shareconnect.activities.SettingsActivityInstrumentationTest)
09-23 18:06:15.398 11811 11811 I GoogleInputMethodService: GoogleInputMethodService.updateDeviceLockedStatus():2087 repeatCheckTimes = 0, unlocked = true
09-23 18:06:15.398 11811 11811 I GoogleInputMethodService: GoogleInputMethodService.onStartInput():1877 onStartInput(EditorInfo{inputType=0x0(NULL) imeOptions=0x0 privateImeOptions=null actionName=UNSPECIFIED actionLabel=null actionId=0 initialSelStart=-1 initialSelEnd=-1 initialCapsMode=0x0 hintText=null label=null packageName=com.shareconnect fieldId=-1 fieldName=null extras=null}, false)
09-23 18:06:15.398 11811 11811 I GoogleInputMethodService: GoogleInputMethodService.shouldHideHeaderOnInitialState():4008 ShouldHideHeaderOnInitialState = false
09-23 18:06:15.398 13465 13542 E TestRunner: ----- begin exception -----
09-23 18:06:15.398 13465 13542 E TestRunner: java.lang.NoClassDefFoundError: Failed resolution of: Lorg/hamcrest/Matchers;
09-23 18:06:15.398 13465 13542 E TestRunner: 	at androidx.test.espresso.matcher.ViewMatchers.withText(ViewMatchers.java:2)
09-23 18:06:15.398 13465 13542 E TestRunner: 	at com.shareconnect.activities.SettingsActivityInstrumentationTest.testPreferenceCategories(SettingsActivityInstrumentationTest.kt:106)
09-23 18:06:15.398 13465 13542 E TestRunner: 	at java.lang.reflect.Method.invoke(Native Method)
09-23 18:06:15.398 13465 13542 E TestRunner: 	at org.junit.runners.model.FrameworkMethod$1.runReflectiveCall(FrameworkMethod.java:59)
09-23 18:06:15.398 13465 13542 E TestRunner: 	at org.junit.internal.runners.model.ReflectiveCallable.run(ReflectiveCallable.java:12)
09-23 18:06:15.398 13465 13542 E TestRunner: 	at org.junit.runners.model.FrameworkMethod.invokeExplosively(FrameworkMethod.java:56)
09-23 18:06:15.398 13465 13542 E TestRunner: 	at org.junit.internal.runners.statements.InvokeMethod.evaluate(InvokeMethod.java:17)
09-23 18:06:15.398 13465 13542 E TestRunner: 	at androidx.test.internal.runner.junit4.statement.RunBefores.evaluate(RunBefores.java:80)
09-23 18:06:15.398 13465 13542 E TestRunner: 	at androidx.test.internal.runner.junit4.statement.RunAfters.evaluate(RunAfters.java:61)
09-23 18:06:15.398 13465 13542 E TestRunner: 	at org.junit.runners.ParentRunner$3.evaluate(ParentRunner.java:306)
09-23 18:06:15.398 13465 13542 E TestRunner: 	at org.junit.runners.BlockJUnit4ClassRunner$1.evaluate(BlockJUnit4ClassRunner.java:100)
09-23 18:06:15.398 13465 13542 E TestRunner: 	at org.junit.runners.ParentRunner.runLeaf(ParentRunner.java:366)
09-23 18:06:15.398 13465 13542 E TestRunner: 	at org.junit.runners.BlockJUnit4ClassRunner.runChild(BlockJUnit4ClassRunner.java:103)
09-23 18:06:15.398 13465 13542 E TestRunner: 	at org.junit.runners.BlockJUnit4ClassRunner.runChild(BlockJUnit4ClassRunner.java:63)
09-23 18:06:15.398 13465 13542 E TestRunner: 	at org.junit.runners.ParentRunner$4.run(ParentRunner.java:331)
09-23 18:06:15.398 13465 13542 E TestRunner: 	at org.junit.runners.ParentRunner$1.schedule(ParentRunner.java:79)
09-23 18:06:15.398 13465 13542 E TestRunner: 	at org.junit.runners.ParentRunner.runChildren(ParentRunner.java:329)
09-23 18:06:15.398 13465 13542 E TestRunner: 	at org.junit.runners.ParentRunner.access$100(ParentRunner.java:66)
09-23 18:06:15.398 13465 13542 E TestRunner: 	at org.junit.runners.ParentRunner$2.evaluate(ParentRunner.java:293)
09-23 18:06:15.398 13465 13542 E TestRunner: 	at org.junit.runners.ParentRunner$3.evaluate(ParentRunner.java:306)
09-23 18:06:15.398 13465 13542 E TestRunner: 	at org.junit.runners.ParentRunner.run(ParentRunner.java:413)
09-23 18:06:15.398 13465 13542 E TestRunner: 	at androidx.test.ext.junit.runners.AndroidJUnit4.run(AndroidJUnit4.java:162)
09-23 18:06:15.398 13465 13542 E TestRunner: 	at org.junit.runners.Suite.runChild(Suite.java:128)
09-23 18:06:15.398 13465 13542 E TestRunner: 	at org.junit.runners.Suite.runChild(Suite.java:27)
09-23 18:06:15.398 13465 13542 E TestRunner: 	at org.junit.runners.ParentRunner$4.run(ParentRunner.java:331)
09-23 18:06:15.398 13465 13542 E TestRunner: 	at org.junit.runners.ParentRunner$1.schedule(ParentRunner.java:79)
09-23 18:06:15.398 13465 13542 E TestRunner: 	at org.junit.runners.ParentRunner.runChildren(ParentRunner.java:329)
09-23 18:06:15.398 13465 13542 E TestRunner: 	at org.junit.runners.ParentRunner.access$100(ParentRunner.java:66)
09-23 18:06:15.398 13465 13542 E TestRunner: 	at org.junit.runners.ParentRunner$2.evaluate(ParentRunner.java:293)
09-23 18:06:15.398 13465 13542 E TestRunner: 	at org.junit.runners.ParentRunner$3.evaluate(ParentRunner.java:306)
09-23 18:06:15.398 13465 13542 E TestRunner: 	at org.junit.runners.ParentRunner.run(ParentRunner.java:413)
09-23 18:06:15.398 13465 13542 E TestRunner: 	at org.junit.runners.Suite.runChild(Suite.java:128)
09-23 18:06:15.398 13465 13542 E TestRunner: 	at org.junit.runners.Suite.runChild(Suite.java:27)
09-23 18:06:15.398 13465 13542 E TestRunner: 	at org.junit.runners.ParentRunner$4.run(ParentRunner.java:331)
09-23 18:06:15.398 13465 13542 E TestRunner: 	at org.junit.runners.ParentRunner$1.schedule(ParentRunner.java:79)
09-23 18:06:15.398 13465 13542 E TestRunner: 	at org.junit.runners.ParentRunner.runChildren(ParentRunner.java:329)
09-23 18:06:15.398 13465 13542 E TestRunner: 	at org.junit.runners.ParentRunner.access$100(ParentRunner.java:66)
09-23 18:06:15.398 13465 13542 E TestRunner: 	at org.junit.runners.ParentRunner$2.evaluate(ParentRunner.java:293)
09-23 18:06:15.398 13465 13542 E TestRunner: 	at org.junit.runners.ParentRunner$3.evaluate(ParentRunner.java:306)
09-23 18:06:15.398 13465 13542 E TestRunner: 	at org.junit.runners.ParentRunner.run(ParentRunner.java:413)
09-23 18:06:15.398 13465 13542 E TestRunner: 	at org.junit.runner.JUnitCore.run(JUnitCore.java:137)
09-23 18:06:15.398 13465 13542 E TestRunner: 	at org.junit.runner.JUnitCore.run(JUnitCore.java:115)
09-23 18:06:15.398 13465 13542 E TestRunner: 	at androidx.test.internal.runner.TestExecutor.execute(TestExecutor.java:68)
09-23 18:06:15.398 13465 13542 E TestRunner: 	at androidx.test.internal.runner.TestExecutor.execute(TestExecutor.java:59)
09-23 18:06:15.398 13465 13542 E TestRunner: 	at androidx.test.runner.AndroidJUnitRunner.onStart(AndroidJUnitRunner.java:463)
09-23 18:06:15.398 13465 13542 E TestRunner: 	at android.app.Instrumentation$InstrumentationThread.run(Instrumentation.java:2361)
09-23 18:06:15.398 11811 11811 I GoogleInputMethodService: GoogleInputMethodService.updateDeviceLockedStatus():2087 repeatCheckTimes = 2, unlocked = true
09-23 18:06:15.398 13465 13542 E TestRunner: Caused by: java.lang.ClassNotFoundException: Didn't find class "org.hamcrest.Matchers" on path: DexPathList[[zip file "/system/framework/android.test.runner.jar", zip file "/system/framework/android.test.mock.jar", zip file "/system/framework/android.test.base.jar", zip file "/data/app/~~tgPGD1IvZyVihJ5WEriGpw==/com.shareconnect.test-KRYtWayfc-BAIa-BFJT_mw==/base.apk", zip file "/data/app/~~kWNn5P5i1VBCZAn7TalMSA==/com.shareconnect-NEp2ZttYEsfwFJQKiNDPXA==/base.apk"],nativeLibraryDirectories=[/data/app/~~tgPGD1IvZyVihJ5WEriGpw==/com.shareconnect.test-KRYtWayfc-BAIa-BFJT_mw==/lib/arm64, /data/app/~~kWNn5P5i1VBCZAn7TalMSA==/com.shareconnect-NEp2ZttYEsfwFJQKiNDPXA==/lib/arm64, /data/app/~~tgPGD1IvZyVihJ5WEriGpw==/com.shareconnect.test-KRYtWayfc-BAIa-BFJT_mw==/base.apk!/lib/arm64-v8a, /data/app/~~kWNn5P5i1VBCZAn7TalMSA==/com.shareconnect-NEp2ZttYEsfwFJQKiNDPXA==/base.apk!/lib/arm64-v8a, /system/lib64, /system_ext/lib64]]
09-23 18:06:15.398 13465 13542 E TestRunner: 	at dalvik.system.BaseDexClassLoader.findClass(BaseDexClassLoader.java:259)
09-23 18:06:15.398 13465 13542 E TestRunner: 	at java.lang.ClassLoader.loadClass(ClassLoader.java:379)
09-23 18:06:15.398 13465 13542 E TestRunner: 	at java.lang.ClassLoader.loadClass(ClassLoader.java:312)
09-23 18:06:15.398 13465 13542 E TestRunner: 	... 46 more
09-23 18:06:15.398 13465 13542 E TestRunner: ----- end exception -----
09-23 18:06:15.399 13465 13542 I TestRunner: finished: testPreferenceCategories(com.shareconnect.activities.SettingsActivityInstrumentationTest)
