09-23 18:05:27.054 13465 13542 I TestRunner: started: testFabAddButtonClick(com.shareconnect.activities.MainActivityInstrumentationTest)
09-23 18:05:27.059 13465 13542 W Settings: Setting always_finish_activities has moved from android.provider.Settings.System to android.provider.Settings.Global, returning read-only value.
09-23 18:05:27.064   779   868 W Parcel  : Expecting binder but got null!
09-23 18:05:27.069 13465 13465 D LifecycleMonitor: Lifecycle status change: com.shareconnect.MainActivity@69c6145 in: PRE_ON_CREATE
09-23 18:05:27.069 13465 13465 V ActivityScenario: Activity lifecycle changed event received but ignored because the reported transition was not ON_CREATE while the last known transition was PRE_ON_CREATE
09-23 18:05:27.070 13465 13465 D Console : getDefaultTheme() returned: Warm Orange Light (ID: 1, isDefault: true)
09-23 18:05:27.070 13465 13465 D Console : getDefaultTheme() returned: Warm Orange Light (ID: 1, isDefault: true)
09-23 18:05:27.070 13465 13465 D Console : Applying theme: Warm Orange Light, colorScheme: warm_orange, isDarkMode: false, currentTheme: WARM_ORANGE_LIGHT
09-23 18:05:27.070 13465 13465 D Console : Activity MainActivity usesToolbar: true
09-23 18:05:27.070 13465 13465 D Console : Setting night mode to NO
09-23 18:05:27.077 13465 13465 D LifecycleMonitor: Lifecycle status change: com.shareconnect.MainActivity@69c6145 in: CREATED
09-23 18:05:27.077 13465 13465 V ActivityScenario: Update currentActivityStage to CREATED, currentActivity=com.shareconnect.MainActivity@69c6145
09-23 18:05:27.078   779   868 E OpenGLRenderer: Unable to match the desired swap behavior.
09-23 18:05:27.078 13465 13465 D LifecycleMonitor: Lifecycle status change: com.shareconnect.MainActivity@69c6145 in: STARTED
09-23 18:05:27.078 13465 13465 V ActivityScenario: Update currentActivityStage to STARTED, currentActivity=com.shareconnect.MainActivity@69c6145
09-23 18:05:27.085 13465 13465 D FirebaseSessions: App foregrounded on com.shareconnect
09-23 18:05:27.087 13465 13465 V Console : Activity lifecycle :: RESUMED :: MainActivity
09-23 18:05:27.088 13465 13465 V Console : Foreground activity counter :: AtomicIntWrapper :: 12312792 :: 227589169 :: Value of: 0
09-23 18:05:27.088 13465 13465 I Console : Activity lifecycle :: Main state :: Foreground
09-23 18:05:27.088 13465 13465 V Console : Foreground activity counter :: AtomicIntWrapper :: 12312792 :: 227589169 :: Incremented to: 1
09-23 18:05:27.088 13465 13465 D Console : hasThemeChanged() returned: false
09-23 18:05:27.088 13465 13465 D Console : onResume() called, themeChanged: false
09-23 18:05:27.088 13465 13465 D LifecycleMonitor: Lifecycle status change: com.shareconnect.MainActivity@69c6145 in: RESUMED
09-23 18:05:27.088 13465 13465 V ActivityScenario: Update currentActivityStage to RESUMED, currentActivity=com.shareconnect.MainActivity@69c6145
09-23 18:05:27.088 13465 13465 V Console : Activity lifecycle :: POST-RESUMED :: MainActivity
09-23 18:05:27.090 13465 13562 W Parcel  : Expecting binder but got null!
09-23 18:05:27.094 13465 13465 V Console : Activity lifecycle :: PRE-PAUSED :: MainActivity
09-23 18:05:27.094 13465 13465 D Console : Activity lifecycle :: Top activity: MainActivity
09-23 18:05:27.095 13465 13465 D FirebaseSessions: App backgrounded on com.shareconnect
09-23 18:05:27.096 13465 13465 V Console : Activity lifecycle :: PAUSED :: MainActivity
09-23 18:05:27.096 13465 13465 V Console : Foreground activity counter :: AtomicIntWrapper :: 12312792 :: 227589169 :: Decremented to: 0
09-23 18:05:27.097 13465 13465 D LifecycleMonitor: Lifecycle status change: com.shareconnect.MainActivity@69c6145 in: PAUSED
09-23 18:05:27.097 13465 13465 V ActivityScenario: Update currentActivityStage to PAUSED, currentActivity=com.shareconnect.MainActivity@69c6145
09-23 18:05:27.112 13465 13562 E OpenGLRenderer: Unable to match the desired swap behavior.
09-23 18:05:27.113 13465 13911 V Console : Foreground activity counter :: AtomicIntWrapper :: 12312792 :: 227589169 :: Value of: 0
09-23 18:05:27.113 13465 13911 I Console : Activity lifecycle :: Main state :: Background
09-23 18:05:27.119 13465 13465 D LifecycleMonitor: Lifecycle status change: com.shareconnect.SettingsActivity@eedd349 in: PRE_ON_CREATE
09-23 18:05:27.119 13465 13465 V ActivityScenario: Activity lifecycle changed event received but ignored because the intent does not match. startActivityIntent=Intent { act=android.intent.action.MAIN cat=[android.intent.category.LAUNCHER] flg=0x10008000 cmp=com.shareconnect/.MainActivity }, activity.getIntent()=Intent { cmp=com.shareconnect/.SettingsActivity (has extras) }, activity=com.shareconnect.SettingsActivity@eedd349
09-23 18:05:27.120 13465 13465 D Console : getDefaultTheme() returned: Warm Orange Light (ID: 1, isDefault: true)
09-23 18:05:27.120 13465 13465 D Console : getDefaultTheme() returned: Warm Orange Light (ID: 1, isDefault: true)
09-23 18:05:27.120 13465 13465 D Console : Applying theme: Warm Orange Light, colorScheme: warm_orange, isDarkMode: false, currentTheme: WARM_ORANGE_LIGHT
09-23 18:05:27.120 13465 13465 D Console : Activity SettingsActivity usesToolbar: true
09-23 18:05:27.120 13465 13465 D Console : Setting night mode to NO
09-23 18:05:27.123 13465 13465 D LifecycleMonitor: Lifecycle status change: com.shareconnect.SettingsActivity@eedd349 in: CREATED
09-23 18:05:27.123 13465 13465 V ActivityScenario: Activity lifecycle changed event received but ignored because the intent does not match. startActivityIntent=Intent { act=android.intent.action.MAIN cat=[android.intent.category.LAUNCHER] flg=0x10008000 cmp=com.shareconnect/.MainActivity }, activity.getIntent()=Intent { cmp=com.shareconnect/.SettingsActivity (has extras) }, activity=com.shareconnect.SettingsActivity@eedd349
09-23 18:05:27.127 13465 13465 D LifecycleMonitor: Lifecycle status change: com.shareconnect.SettingsActivity@eedd349 in: STARTED
09-23 18:05:27.127 13465 13465 V ActivityScenario: Activity lifecycle changed event received but ignored because the intent does not match. startActivityIntent=Intent { act=android.intent.action.MAIN cat=[android.intent.category.LAUNCHER] flg=0x10008000 cmp=com.shareconnect/.MainActivity }, activity.getIntent()=Intent { cmp=com.shareconnect/.SettingsActivity (has extras) }, activity=com.shareconnect.SettingsActivity@eedd349
09-23 18:05:27.127 13465 13465 D FirebaseSessions: App foregrounded on com.shareconnect
09-23 18:05:27.130 13465 13465 V Console : Activity lifecycle :: RESUMED :: SettingsActivity
09-23 18:05:27.130 13465 13465 V Console : Foreground activity counter :: AtomicIntWrapper :: 12312792 :: 227589169 :: Value of: 0
09-23 18:05:27.130 13465 13465 I Console : Activity lifecycle :: Main state :: Foreground
09-23 18:05:27.130 13465 13465 V Console : Foreground activity counter :: AtomicIntWrapper :: 12312792 :: 227589169 :: Incremented to: 1
09-23 18:05:27.130 13465 13465 D LifecycleMonitor: Lifecycle status change: com.shareconnect.SettingsActivity@eedd349 in: RESUMED
09-23 18:05:27.130 13465 13465 V ActivityScenario: Activity lifecycle changed event received but ignored because the intent does not match. startActivityIntent=Intent { act=android.intent.action.MAIN cat=[android.intent.category.LAUNCHER] flg=0x10008000 cmp=com.shareconnect/.MainActivity }, activity.getIntent()=Intent { cmp=com.shareconnect/.SettingsActivity (has extras) }, activity=com.shareconnect.SettingsActivity@eedd349
09-23 18:05:27.130 13465 13465 V Console : Activity lifecycle :: POST-RESUMED :: SettingsActivity
09-23 18:05:27.132 13465 13562 W Parcel  : Expecting binder but got null!
09-23 18:05:27.144 13465 13562 E OpenGLRenderer: Unable to match the desired swap behavior.
09-23 18:05:27.163   488   503 W ziparchive: Unable to open '/data/app/~~kWNn5P5i1VBCZAn7TalMSA==/com.shareconnect-NEp2ZttYEsfwFJQKiNDPXA==/base.dm': No such file or directory
09-23 18:05:27.166   779   868 D EGL_emulation: app_time_stats: avg=475.22ms min=14.45ms max=5520.97ms count=12
09-23 18:05:27.167  1581  1581 I GsaVoiceInteractionSrv: Handling ACTION_STOP_HOTWORD
09-23 18:05:27.167   488   503 I ActivityTaskManager: Displayed com.shareconnect/.SettingsActivity: +102ms
09-23 18:05:27.169  1581  2233 I HwDetectorWithState: (REDACTED) a: %d
09-23 18:05:27.179 11811 11811 I GoogleInputMethodService: GoogleInputMethodService.onFinishInput():3227
09-23 18:05:27.179 11811 11811 I GoogleInputMethodService: GoogleInputMethodService.updateDeviceLockedStatus():2087 repeatCheckTimes = 0, unlocked = true
09-23 18:05:27.179 11811 11811 I GoogleInputMethodService: GoogleInputMethodService.onStartInput():1877 onStartInput(EditorInfo{inputType=0x0(NULL) imeOptions=0x0 privateImeOptions=null actionName=UNSPECIFIED actionLabel=null actionId=0 initialSelStart=-1 initialSelEnd=-1 initialCapsMode=0x0 hintText=null label=null packageName=com.shareconnect fieldId=2131231190 fieldName=null extras=null}, false)
09-23 18:05:27.179 11811 11811 I GoogleInputMethodService: GoogleInputMethodService.shouldHideHeaderOnInitialState():4008 ShouldHideHeaderOnInitialState = false
09-23 18:05:27.179 11811 11811 I GoogleInputMethodService: GoogleInputMethodService.updateDeviceLockedStatus():2087 repeatCheckTimes = 2, unlocked = true
09-23 18:05:27.379 13465 13465 V Console : Activity lifecycle :: PRE-STOPPED :: MainActivity
09-23 18:05:27.381 13465 13465 V Console : Activity lifecycle :: STOPPED :: MainActivity
09-23 18:05:27.381 13465 13465 D LifecycleMonitor: Lifecycle status change: com.shareconnect.MainActivity@69c6145 in: STOPPED
09-23 18:05:27.381 13465 13465 V ActivityScenario: Update currentActivityStage to STOPPED, currentActivity=com.shareconnect.MainActivity@69c6145
09-23 18:05:27.381 13465 13465 V Console : Activity lifecycle :: POST-STOPPED :: MainActivity
09-23 18:05:27.382  1581  2228 I AssistantForeground: (REDACTED) Get launcher package: %s
09-23 18:05:27.399   998  1945 D OneSearchSuggestProvider: Shut down the binder channel
09-23 18:05:27.400   998  1022 I s.nexuslauncher: oneway function results for code 2 on binder at 0xb400007a39486f70 will be dropped but finished with status UNKNOWN_TRANSACTION
09-23 18:05:27.443   488   591 W InputManager-JNI: Input channel object 'f7aeb74 Splash Screen com.shareconnect (client)' was disposed without first being removed with the input manager!
09-23 18:05:27.597 13465 13936 V Console : Foreground activity counter :: AtomicIntWrapper :: 12312792 :: 227589169 :: Value of: 1
09-23 18:05:27.807   779   868 D EGL_emulation: app_time_stats: avg=24.49ms min=13.13ms max=49.28ms count=41
09-23 18:05:28.744 13465 13562 D EGL_emulation: app_time_stats: avg=158.40ms min=3.68ms max=1450.68ms count=10
09-23 18:05:28.807   779   868 D EGL_emulation: app_time_stats: avg=52.59ms min=16.39ms max=148.15ms count=19
09-23 18:05:32.185 13465 13465 V Console : Activity lifecycle :: PRE-PAUSED :: SettingsActivity
09-23 18:05:32.185 13465 13465 D Console : Activity lifecycle :: Top activity: SettingsActivity
09-23 18:05:32.185 13465 13465 D FirebaseSessions: App backgrounded on com.shareconnect
09-23 18:05:32.193 13465 13465 V Console : Activity lifecycle :: PAUSED :: SettingsActivity
09-23 18:05:32.194 13465 13465 V Console : Foreground activity counter :: AtomicIntWrapper :: 12312792 :: 227589169 :: Decremented to: 0
09-23 18:05:32.194 13465 13465 D LifecycleMonitor: Lifecycle status change: com.shareconnect.SettingsActivity@eedd349 in: PAUSED
09-23 18:05:32.194 13465 13465 V ActivityScenario: Activity lifecycle changed event received but ignored because the intent does not match. startActivityIntent=Intent { act=android.intent.action.MAIN cat=[android.intent.category.LAUNCHER] flg=0x10008000 cmp=com.shareconnect/.MainActivity }, activity.getIntent()=Intent { cmp=com.shareconnect/.SettingsActivity (has extras) }, activity=com.shareconnect.SettingsActivity@eedd349
09-23 18:05:32.198 13465 13465 D LifecycleMonitor: Lifecycle status change: androidx.test.core.app.InstrumentationActivityInvoker$EmptyActivity@cfc8e01 in: PRE_ON_CREATE
09-23 18:05:32.199 13465 13465 V ActivityScenario: Activity lifecycle changed event received but ignored because the intent does not match. startActivityIntent=Intent { act=android.intent.action.MAIN cat=[android.intent.category.LAUNCHER] flg=0x10008000 cmp=com.shareconnect/.MainActivity }, activity.getIntent()=Intent { act=android.intent.action.MAIN cat=[android.intent.category.LAUNCHER] flg=0x10000000 cmp=com.shareconnect/androidx.test.core.app.InstrumentationActivityInvoker$EmptyActivity }, activity=androidx.test.core.app.InstrumentationActivityInvoker$EmptyActivity@cfc8e01
09-23 18:05:32.201 13465 13465 D LifecycleMonitor: Lifecycle status change: androidx.test.core.app.InstrumentationActivityInvoker$EmptyActivity@cfc8e01 in: CREATED
09-23 18:05:32.202 13465 13465 V ActivityScenario: Activity lifecycle changed event received but ignored because the intent does not match. startActivityIntent=Intent { act=android.intent.action.MAIN cat=[android.intent.category.LAUNCHER] flg=0x10008000 cmp=com.shareconnect/.MainActivity }, activity.getIntent()=Intent { act=android.intent.action.MAIN cat=[android.intent.category.LAUNCHER] flg=0x10000000 cmp=com.shareconnect/androidx.test.core.app.InstrumentationActivityInvoker$EmptyActivity }, activity=androidx.test.core.app.InstrumentationActivityInvoker$EmptyActivity@cfc8e01
09-23 18:05:32.202 13465 13465 D LifecycleMonitor: Lifecycle status change: androidx.test.core.app.InstrumentationActivityInvoker$EmptyActivity@cfc8e01 in: STARTED
09-23 18:05:32.202 13465 13465 V ActivityScenario: Activity lifecycle changed event received but ignored because the intent does not match. startActivityIntent=Intent { act=android.intent.action.MAIN cat=[android.intent.category.LAUNCHER] flg=0x10008000 cmp=com.shareconnect/.MainActivity }, activity.getIntent()=Intent { act=android.intent.action.MAIN cat=[android.intent.category.LAUNCHER] flg=0x10000000 cmp=com.shareconnect/androidx.test.core.app.InstrumentationActivityInvoker$EmptyActivity }, activity=androidx.test.core.app.InstrumentationActivityInvoker$EmptyActivity@cfc8e01
09-23 18:05:32.204 13465 13465 D FirebaseSessions: App foregrounded on com.shareconnect
09-23 18:05:32.209 13465 13465 V Console : Activity lifecycle :: RESUMED :: EmptyActivity
09-23 18:05:32.209 13465 13465 V Console : Foreground activity counter :: AtomicIntWrapper :: 12312792 :: 227589169 :: Value of: 0
09-23 18:05:32.209 13465 13465 I Console : Activity lifecycle :: Main state :: Foreground
09-23 18:05:32.209 13465 13465 V Console : Foreground activity counter :: AtomicIntWrapper :: 12312792 :: 227589169 :: Incremented to: 1
09-23 18:05:32.210 13465 13465 D LifecycleMonitor: Lifecycle status change: androidx.test.core.app.InstrumentationActivityInvoker$EmptyActivity@cfc8e01 in: RESUMED
09-23 18:05:32.210 13465 13465 V ActivityScenario: Activity lifecycle changed event received but ignored because the intent does not match. startActivityIntent=Intent { act=android.intent.action.MAIN cat=[android.intent.category.LAUNCHER] flg=0x10008000 cmp=com.shareconnect/.MainActivity }, activity.getIntent()=Intent { act=android.intent.action.MAIN cat=[android.intent.category.LAUNCHER] flg=0x10000000 cmp=com.shareconnect/androidx.test.core.app.InstrumentationActivityInvoker$EmptyActivity }, activity=androidx.test.core.app.InstrumentationActivityInvoker$EmptyActivity@cfc8e01
09-23 18:05:32.211 13465 13465 V Console : Activity lifecycle :: POST-RESUMED :: EmptyActivity
09-23 18:05:32.212 13465 13562 W Parcel  : Expecting binder but got null!
09-23 18:05:32.231 13465 13562 E OpenGLRenderer: Unable to match the desired swap behavior.
09-23 18:05:32.238   488   503 I ActivityTaskManager: Displayed com.shareconnect/androidx.test.core.app.InstrumentationActivityInvoker$EmptyActivity: +57ms
09-23 18:05:32.243 13465 13465 V Console : Activity lifecycle :: PRE-DESTROYED :: MainActivity
09-23 18:05:32.244 13465 13465 V Console : Activity lifecycle :: DESTROYED :: MainActivity
09-23 18:05:32.244 13465 13465 D LifecycleMonitor: Lifecycle status change: com.shareconnect.MainActivity@69c6145 in: DESTROYED
09-23 18:05:32.244 13465 13465 V ActivityScenario: Update currentActivityStage to DESTROYED, currentActivity=null
09-23 18:05:32.245 13465 13562 D EGL_emulation: app_time_stats: avg=205.85ms min=14.46ms max=3233.89ms count=17
09-23 18:05:32.246   488  4122 W InputManager-JNI: Input channel object '8c7106a com.shareconnect/com.shareconnect.MainActivity (client)' was disposed without first being removed with the input manager!
09-23 18:05:32.247 13465 13465 V Console : Activity lifecycle :: PRE-STOPPED :: SettingsActivity
09-23 18:05:32.248 13465 13465 V Console : Activity lifecycle :: STOPPED :: SettingsActivity
09-23 18:05:32.248 13465 13465 D LifecycleMonitor: Lifecycle status change: com.shareconnect.SettingsActivity@eedd349 in: STOPPED
09-23 18:05:32.248 13465 13465 V ActivityScenario: Activity lifecycle changed event received but ignored because the intent does not match. startActivityIntent=Intent { act=android.intent.action.MAIN cat=[android.intent.category.LAUNCHER] flg=0x10008000 cmp=com.shareconnect/.MainActivity }, activity.getIntent()=Intent { cmp=com.shareconnect/.SettingsActivity (has extras) }, activity=com.shareconnect.SettingsActivity@eedd349
09-23 18:05:32.248 13465 13465 V Console : Activity lifecycle :: POST-STOPPED :: SettingsActivity
09-23 18:05:32.248 11307 13554 D AdvertisingIdClient: AdvertisingIdClient already created.
09-23 18:05:32.249 11307 13554 I AdvertisingIdClient: shouldSendLog 1481099
09-23 18:05:32.249 11307 13554 I AdvertisingIdClient: GetInfoInternal elapse 1ms
09-23 18:05:32.260 11811 11811 I GoogleInputMethodService: GoogleInputMethodService.onFinishInput():3227
09-23 18:05:32.260 13465 13542 E TestRunner: failed: testFabAddButtonClick(com.shareconnect.activities.MainActivityInstrumentationTest)
09-23 18:05:32.260 11811 11811 I GoogleInputMethodService: GoogleInputMethodService.updateDeviceLockedStatus():2087 repeatCheckTimes = 0, unlocked = true
09-23 18:05:32.260 11811 11811 I GoogleInputMethodService: GoogleInputMethodService.onStartInput():1877 onStartInput(EditorInfo{inputType=0x0(NULL) imeOptions=0x0 privateImeOptions=null actionName=UNSPECIFIED actionLabel=null actionId=0 initialSelStart=-1 initialSelEnd=-1 initialCapsMode=0x0 hintText=null label=null packageName=com.shareconnect fieldId=-1 fieldName=null extras=null}, false)
09-23 18:05:32.261 11811 11811 I GoogleInputMethodService: GoogleInputMethodService.shouldHideHeaderOnInitialState():4008 ShouldHideHeaderOnInitialState = false
09-23 18:05:32.261 11811 11811 I GoogleInputMethodService: GoogleInputMethodService.updateDeviceLockedStatus():2087 repeatCheckTimes = 2, unlocked = true
09-23 18:05:32.262 13465 13542 E TestRunner: ----- begin exception -----
09-23 18:05:32.262 13465 13542 E TestRunner: java.lang.NoClassDefFoundError: Failed resolution of: Lorg/hamcrest/Matchers;
09-23 18:05:32.262 13465 13542 E TestRunner: 	at androidx.test.espresso.matcher.ViewMatchers.withId(ViewMatchers.java:1)
09-23 18:05:32.262 13465 13542 E TestRunner: 	at com.shareconnect.activities.MainActivityInstrumentationTest.testFabAddButtonClick(MainActivityInstrumentationTest.kt:89)
09-23 18:05:32.262 13465 13542 E TestRunner: 	at java.lang.reflect.Method.invoke(Native Method)
09-23 18:05:32.262 13465 13542 E TestRunner: 	at org.junit.runners.model.FrameworkMethod$1.runReflectiveCall(FrameworkMethod.java:59)
09-23 18:05:32.262 13465 13542 E TestRunner: 	at org.junit.internal.runners.model.ReflectiveCallable.run(ReflectiveCallable.java:12)
09-23 18:05:32.262 13465 13542 E TestRunner: 	at org.junit.runners.model.FrameworkMethod.invokeExplosively(FrameworkMethod.java:56)
09-23 18:05:32.262 13465 13542 E TestRunner: 	at org.junit.internal.runners.statements.InvokeMethod.evaluate(InvokeMethod.java:17)
09-23 18:05:32.262 13465 13542 E TestRunner: 	at androidx.test.internal.runner.junit4.statement.RunBefores.evaluate(RunBefores.java:80)
09-23 18:05:32.262 13465 13542 E TestRunner: 	at androidx.test.internal.runner.junit4.statement.RunAfters.evaluate(RunAfters.java:61)
09-23 18:05:32.262 13465 13542 E TestRunner: 	at androidx.test.rule.ActivityTestRule$ActivityStatement.evaluate(ActivityTestRule.java:522)
09-23 18:05:32.262 13465 13542 E TestRunner: 	at org.junit.runners.ParentRunner$3.evaluate(ParentRunner.java:306)
09-23 18:05:32.262 13465 13542 E TestRunner: 	at org.junit.runners.BlockJUnit4ClassRunner$1.evaluate(BlockJUnit4ClassRunner.java:100)
09-23 18:05:32.262 13465 13542 E TestRunner: 	at org.junit.runners.ParentRunner.runLeaf(ParentRunner.java:366)
09-23 18:05:32.262 13465 13542 E TestRunner: 	at org.junit.runners.BlockJUnit4ClassRunner.runChild(BlockJUnit4ClassRunner.java:103)
09-23 18:05:32.262 13465 13542 E TestRunner: 	at org.junit.runners.BlockJUnit4ClassRunner.runChild(BlockJUnit4ClassRunner.java:63)
09-23 18:05:32.262 13465 13542 E TestRunner: 	at org.junit.runners.ParentRunner$4.run(ParentRunner.java:331)
09-23 18:05:32.262 13465 13542 E TestRunner: 	at org.junit.runners.ParentRunner$1.schedule(ParentRunner.java:79)
09-23 18:05:32.262 13465 13542 E TestRunner: 	at org.junit.runners.ParentRunner.runChildren(ParentRunner.java:329)
09-23 18:05:32.262 13465 13542 E TestRunner: 	at org.junit.runners.ParentRunner.access$100(ParentRunner.java:66)
09-23 18:05:32.262 13465 13542 E TestRunner: 	at org.junit.runners.ParentRunner$2.evaluate(ParentRunner.java:293)
09-23 18:05:32.262 13465 13542 E TestRunner: 	at org.junit.runners.ParentRunner$3.evaluate(ParentRunner.java:306)
09-23 18:05:32.262 13465 13542 E TestRunner: 	at org.junit.runners.ParentRunner.run(ParentRunner.java:413)
09-23 18:05:32.262 13465 13542 E TestRunner: 	at androidx.test.ext.junit.runners.AndroidJUnit4.run(AndroidJUnit4.java:162)
09-23 18:05:32.262 13465 13542 E TestRunner: 	at org.junit.runners.Suite.runChild(Suite.java:128)
09-23 18:05:32.262 13465 13542 E TestRunner: 	at org.junit.runners.Suite.runChild(Suite.java:27)
09-23 18:05:32.262 13465 13542 E TestRunner: 	at org.junit.runners.ParentRunner$4.run(ParentRunner.java:331)
09-23 18:05:32.262 13465 13542 E TestRunner: 	at org.junit.runners.ParentRunner$1.schedule(ParentRunner.java:79)
09-23 18:05:32.262 13465 13542 E TestRunner: 	at org.junit.runners.ParentRunner.runChildren(ParentRunner.java:329)
09-23 18:05:32.262 13465 13542 E TestRunner: 	at org.junit.runners.ParentRunner.access$100(ParentRunner.java:66)
09-23 18:05:32.262 13465 13542 E TestRunner: 	at org.junit.runners.ParentRunner$2.evaluate(ParentRunner.java:293)
09-23 18:05:32.262 13465 13542 E TestRunner: 	at org.junit.runners.ParentRunner$3.evaluate(ParentRunner.java:306)
09-23 18:05:32.262 13465 13542 E TestRunner: 	at org.junit.runners.ParentRunner.run(ParentRunner.java:413)
09-23 18:05:32.262 13465 13542 E TestRunner: 	at org.junit.runners.Suite.runChild(Suite.java:128)
09-23 18:05:32.262 13465 13542 E TestRunner: 	at org.junit.runners.Suite.runChild(Suite.java:27)
09-23 18:05:32.262 13465 13542 E TestRunner: 	at org.junit.runners.ParentRunner$4.run(ParentRunner.java:331)
09-23 18:05:32.262 13465 13542 E TestRunner: 	at org.junit.runners.ParentRunner$1.schedule(ParentRunner.java:79)
09-23 18:05:32.262 13465 13542 E TestRunner: 	at org.junit.runners.ParentRunner.runChildren(ParentRunner.java:329)
09-23 18:05:32.262 13465 13542 E TestRunner: 	at org.junit.runners.ParentRunner.access$100(ParentRunner.java:66)
09-23 18:05:32.262 13465 13542 E TestRunner: 	at org.junit.runners.ParentRunner$2.evaluate(ParentRunner.java:293)
09-23 18:05:32.262 13465 13542 E TestRunner: 	at org.junit.runners.ParentRunner$3.evaluate(ParentRunner.java:306)
09-23 18:05:32.262 13465 13542 E TestRunner: 	at org.junit.runners.ParentRunner.run(ParentRunner.java:413)
09-23 18:05:32.262 13465 13542 E TestRunner: 	at org.junit.runner.JUnitCore.run(JUnitCore.java:137)
09-23 18:05:32.262 13465 13542 E TestRunner: 	at org.junit.runner.JUnitCore.run(JUnitCore.java:115)
09-23 18:05:32.262 13465 13542 E TestRunner: 	at androidx.test.internal.runner.TestExecutor.execute(TestExecutor.java:68)
09-23 18:05:32.262 13465 13542 E TestRunner: 	at androidx.test.internal.runner.TestExecutor.execute(TestExecutor.java:59)
09-23 18:05:32.262 13465 13542 E TestRunner: 	at androidx.test.runner.AndroidJUnitRunner.onStart(AndroidJUnitRunner.java:463)
09-23 18:05:32.262 13465 13542 E TestRunner: 	at android.app.Instrumentation$InstrumentationThread.run(Instrumentation.java:2361)
09-23 18:05:32.262 13465 13542 E TestRunner: Caused by: java.lang.ClassNotFoundException: Didn't find class "org.hamcrest.Matchers" on path: DexPathList[[zip file "/system/framework/android.test.runner.jar", zip file "/system/framework/android.test.mock.jar", zip file "/system/framework/android.test.base.jar", zip file "/data/app/~~tgPGD1IvZyVihJ5WEriGpw==/com.shareconnect.test-KRYtWayfc-BAIa-BFJT_mw==/base.apk", zip file "/data/app/~~kWNn5P5i1VBCZAn7TalMSA==/com.shareconnect-NEp2ZttYEsfwFJQKiNDPXA==/base.apk"],nativeLibraryDirectories=[/data/app/~~tgPGD1IvZyVihJ5WEriGpw==/com.shareconnect.test-KRYtWayfc-BAIa-BFJT_mw==/lib/arm64, /data/app/~~kWNn5P5i1VBCZAn7TalMSA==/com.shareconnect-NEp2ZttYEsfwFJQKiNDPXA==/lib/arm64, /data/app/~~tgPGD1IvZyVihJ5WEriGpw==/com.shareconnect.test-KRYtWayfc-BAIa-BFJT_mw==/base.apk!/lib/arm64-v8a, /data/app/~~kWNn5P5i1VBCZAn7TalMSA==/com.shareconnect-NEp2ZttYEsfwFJQKiNDPXA==/base.apk!/lib/arm64-v8a, /system/lib64, /system_ext/lib64]]
09-23 18:05:32.262 13465 13542 E TestRunner: 	at dalvik.system.BaseDexClassLoader.findClass(BaseDexClassLoader.java:259)
09-23 18:05:32.262 13465 13542 E TestRunner: 	at java.lang.ClassLoader.loadClass(ClassLoader.java:379)
09-23 18:05:32.262 13465 13542 E TestRunner: 	at java.lang.ClassLoader.loadClass(ClassLoader.java:312)
09-23 18:05:32.262 13465 13542 E TestRunner: 	... 47 more
09-23 18:05:32.262 13465 13542 E TestRunner: ----- end exception -----
09-23 18:05:32.262 13465 13542 I TestRunner: finished: testFabAddButtonClick(com.shareconnect.activities.MainActivityInstrumentationTest)
