09-23 18:33:53.952 21173 21248 I TestRunner: started: testCompleteAppNavigationFlow(com.shareconnect.automation.FullAppFlowAutomationTest)
09-23 18:33:53.955 21173 21248 W Settings: Setting always_finish_activities has moved from android.provider.Settings.System to android.provider.Settings.Global, returning read-only value.
09-23 18:33:53.973 21173 21173 D LifecycleMonitor: Lifecycle status change: com.shareconnect.MainActivity@7ffae73 in: PRE_ON_CREATE
09-23 18:33:53.973 21173 21173 V ActivityScenario: Activity lifecycle changed event received but ignored because the reported transition was not ON_CREATE while the last known transition was PRE_ON_CREATE
09-23 18:33:53.975 21173 21173 D Console : getDefaultTheme() returned: Warm Orange Light (ID: 1, isDefault: true)
09-23 18:33:53.975 21173 21173 D Console : getDefaultTheme() returned: Warm Orange Light (ID: 1, isDefault: true)
09-23 18:33:53.975 21173 21173 D Console : Applying theme: Warm Orange Light, colorScheme: warm_orange, isDarkMode: false, currentTheme: WARM_ORANGE_LIGHT
09-23 18:33:53.975 21173 21173 D Console : Activity MainActivity usesToolbar: true
09-23 18:33:53.976 21173 21173 D Console : Setting night mode to NO
09-23 18:33:53.978   779   868 W Parcel  : Expecting binder but got null!
09-23 18:33:53.983 21173 21173 D LifecycleMonitor: Lifecycle status change: com.shareconnect.MainActivity@7ffae73 in: CREATED
09-23 18:33:53.983 21173 21173 V ActivityScenario: Update currentActivityStage to CREATED, currentActivity=com.shareconnect.MainActivity@7ffae73
09-23 18:33:53.983 21173 21173 D LifecycleMonitor: Lifecycle status change: com.shareconnect.MainActivity@7ffae73 in: STARTED
09-23 18:33:53.984 21173 21173 V ActivityScenario: Update currentActivityStage to STARTED, currentActivity=com.shareconnect.MainActivity@7ffae73
09-23 18:33:53.985 21173 21173 D FirebaseSessions: App foregrounded on com.shareconnect
09-23 18:33:53.987 21173 21173 V Console : Activity lifecycle :: RESUMED :: MainActivity
09-23 18:33:53.987 21173 21173 V Console : Foreground activity counter :: AtomicIntWrapper :: 12312792 :: 227589169 :: Value of: 0
09-23 18:33:53.987 21173 21173 I Console : Activity lifecycle :: Main state :: Foreground
09-23 18:33:53.987 21173 21173 V Console : Foreground activity counter :: AtomicIntWrapper :: 12312792 :: 227589169 :: Incremented to: 1
09-23 18:33:53.987 21173 21173 D Console : hasThemeChanged() returned: false
09-23 18:33:53.987 21173 21173 D Console : onResume() called, themeChanged: false
09-23 18:33:53.988 21173 21173 D LifecycleMonitor: Lifecycle status change: com.shareconnect.MainActivity@7ffae73 in: RESUMED
09-23 18:33:53.988 21173 21173 V ActivityScenario: Update currentActivityStage to RESUMED, currentActivity=com.shareconnect.MainActivity@7ffae73
09-23 18:33:53.988 21173 21173 V Console : Activity lifecycle :: POST-RESUMED :: MainActivity
09-23 18:33:53.991 21173 21267 W Parcel  : Expecting binder but got null!
09-23 18:33:53.995   779   868 E OpenGLRenderer: Unable to match the desired swap behavior.
09-23 18:33:53.996 21173 21173 V Console : Activity lifecycle :: PRE-PAUSED :: MainActivity
09-23 18:33:53.996 21173 21173 D Console : Activity lifecycle :: Top activity: MainActivity
09-23 18:33:53.997 21173 21173 D FirebaseSessions: App backgrounded on com.shareconnect
09-23 18:33:53.999 21173 21173 V Console : Activity lifecycle :: PAUSED :: MainActivity
09-23 18:33:54.000 21173 21173 V Console : Foreground activity counter :: AtomicIntWrapper :: 12312792 :: 227589169 :: Decremented to: 0
09-23 18:33:54.000 21173 21173 D LifecycleMonitor: Lifecycle status change: com.shareconnect.MainActivity@7ffae73 in: PAUSED
09-23 18:33:54.000 21173 21173 V ActivityScenario: Update currentActivityStage to PAUSED, currentActivity=com.shareconnect.MainActivity@7ffae73
09-23 18:33:54.017 21173 21267 E OpenGLRenderer: Unable to match the desired swap behavior.
09-23 18:33:54.032 21173 21173 D LifecycleMonitor: Lifecycle status change: com.shareconnect.SettingsActivity@765bb4a in: PRE_ON_CREATE
09-23 18:33:54.033 21173 21173 V ActivityScenario: Activity lifecycle changed event received but ignored because the intent does not match. startActivityIntent=Intent { act=android.intent.action.MAIN cat=[android.intent.category.LAUNCHER] flg=0x10008000 cmp=com.shareconnect/.MainActivity }, activity.getIntent()=Intent { cmp=com.shareconnect/.SettingsActivity (has extras) }, activity=com.shareconnect.SettingsActivity@765bb4a
09-23 18:33:54.033 21173 21173 D Console : getDefaultTheme() returned: Warm Orange Light (ID: 1, isDefault: true)
09-23 18:33:54.033 21173 21173 D Console : getDefaultTheme() returned: Warm Orange Light (ID: 1, isDefault: true)
09-23 18:33:54.033 21173 21173 D Console : Applying theme: Warm Orange Light, colorScheme: warm_orange, isDarkMode: false, currentTheme: WARM_ORANGE_LIGHT
09-23 18:33:54.033 21173 21173 D Console : Activity SettingsActivity usesToolbar: true
09-23 18:33:54.034 21173 21173 D Console : Setting night mode to NO
09-23 18:33:54.038 21173 21173 D LifecycleMonitor: Lifecycle status change: com.shareconnect.SettingsActivity@765bb4a in: CREATED
09-23 18:33:54.038 21173 21173 V ActivityScenario: Activity lifecycle changed event received but ignored because the intent does not match. startActivityIntent=Intent { act=android.intent.action.MAIN cat=[android.intent.category.LAUNCHER] flg=0x10008000 cmp=com.shareconnect/.MainActivity }, activity.getIntent()=Intent { cmp=com.shareconnect/.SettingsActivity (has extras) }, activity=com.shareconnect.SettingsActivity@765bb4a
09-23 18:33:54.043 21173 21173 D LifecycleMonitor: Lifecycle status change: com.shareconnect.SettingsActivity@765bb4a in: STARTED
09-23 18:33:54.043 21173 21173 V ActivityScenario: Activity lifecycle changed event received but ignored because the intent does not match. startActivityIntent=Intent { act=android.intent.action.MAIN cat=[android.intent.category.LAUNCHER] flg=0x10008000 cmp=com.shareconnect/.MainActivity }, activity.getIntent()=Intent { cmp=com.shareconnect/.SettingsActivity (has extras) }, activity=com.shareconnect.SettingsActivity@765bb4a
09-23 18:33:54.044 21173 21173 D FirebaseSessions: App foregrounded on com.shareconnect
09-23 18:33:54.046 21173 21173 V Console : Activity lifecycle :: RESUMED :: SettingsActivity
09-23 18:33:54.046 21173 21173 V Console : Foreground activity counter :: AtomicIntWrapper :: 12312792 :: 227589169 :: Value of: 0
09-23 18:33:54.046 21173 21173 I Console : Activity lifecycle :: Main state :: Foreground
09-23 18:33:54.046 21173 21173 V Console : Foreground activity counter :: AtomicIntWrapper :: 12312792 :: 227589169 :: Incremented to: 1
09-23 18:33:54.046 21173 21173 D LifecycleMonitor: Lifecycle status change: com.shareconnect.SettingsActivity@765bb4a in: RESUMED
09-23 18:33:54.046 21173 21173 V ActivityScenario: Activity lifecycle changed event received but ignored because the intent does not match. startActivityIntent=Intent { act=android.intent.action.MAIN cat=[android.intent.category.LAUNCHER] flg=0x10008000 cmp=com.shareconnect/.MainActivity }, activity.getIntent()=Intent { cmp=com.shareconnect/.SettingsActivity (has extras) }, activity=com.shareconnect.SettingsActivity@765bb4a
09-23 18:33:54.047 21173 21173 V Console : Activity lifecycle :: POST-RESUMED :: SettingsActivity
09-23 18:33:54.048 21173 21267 W Parcel  : Expecting binder but got null!
09-23 18:33:54.051 21173 21173 V Console : Activity lifecycle :: PRE-STOPPED :: MainActivity
09-23 18:33:54.053 21173 21173 V Console : Activity lifecycle :: STOPPED :: MainActivity
09-23 18:33:54.053 21173 21173 D LifecycleMonitor: Lifecycle status change: com.shareconnect.MainActivity@7ffae73 in: STOPPED
09-23 18:33:54.053 21173 21173 V ActivityScenario: Update currentActivityStage to STOPPED, currentActivity=com.shareconnect.MainActivity@7ffae73
09-23 18:33:54.053 21173 21173 V Console : Activity lifecycle :: POST-STOPPED :: MainActivity
09-23 18:33:54.066 21173 21267 E OpenGLRenderer: Unable to match the desired swap behavior.
09-23 18:33:54.067  1581  1581 I GsaVoiceInteractionSrv: Handling ACTION_STOP_HOTWORD
09-23 18:33:54.067  1581  2233 I HwDetectorWithState: (REDACTED) a: %d
09-23 18:33:54.086   779   868 D EGL_emulation: app_time_stats: avg=562.52ms min=14.45ms max=6007.19ms count=11
09-23 18:33:54.086   488   503 W ziparchive: Unable to open '/data/app/~~LXf1C5enh4HIgT1m7WO3MQ==/com.shareconnect-n7Z_t5OsurgLPD3lXxcr6A==/base.dm': No such file or directory
09-23 18:33:54.088   488   503 I ActivityTaskManager: Displayed com.shareconnect/.SettingsActivity: +126ms
09-23 18:33:54.099 11811 11811 I GoogleInputMethodService: GoogleInputMethodService.onFinishInput():3227
09-23 18:33:54.100 11811 11811 I GoogleInputMethodService: GoogleInputMethodService.updateDeviceLockedStatus():2087 repeatCheckTimes = 0, unlocked = true
09-23 18:33:54.101 11811 11811 I GoogleInputMethodService: GoogleInputMethodService.onStartInput():1877 onStartInput(EditorInfo{inputType=0x0(NULL) imeOptions=0x0 privateImeOptions=null actionName=UNSPECIFIED actionLabel=null actionId=0 initialSelStart=-1 initialSelEnd=-1 initialCapsMode=0x0 hintText=null label=null packageName=com.shareconnect fieldId=2131231190 fieldName=null extras=null}, false)
09-23 18:33:54.101 11811 11811 I GoogleInputMethodService: GoogleInputMethodService.shouldHideHeaderOnInitialState():4008 ShouldHideHeaderOnInitialState = false
09-23 18:33:54.102 11811 11811 I GoogleInputMethodService: GoogleInputMethodService.updateDeviceLockedStatus():2087 repeatCheckTimes = 2, unlocked = true
09-23 18:33:54.298  1581  2227 I AssistantForeground: (REDACTED) Get launcher package: %s
09-23 18:33:54.314   998  1945 D OneSearchSuggestProvider: Shut down the binder channel
09-23 18:33:54.314   779   868 D EGL_emulation: app_time_stats: avg=2300.24ms min=51.65ms max=11103.91ms count=5
09-23 18:33:54.315   998  1150 I s.nexuslauncher: oneway function results for code 2 on binder at 0xb400007a39479da0 will be dropped but finished with status UNKNOWN_TRANSACTION
09-23 18:33:54.378   488  4122 W InputManager-JNI: Input channel object '2d4e9ef Splash Screen com.shareconnect (client)' was disposed without first being removed with the input manager!
09-23 18:33:54.501 21173 21447 V Console : Foreground activity counter :: AtomicIntWrapper :: 12312792 :: 227589169 :: Value of: 1
09-23 18:33:55.325   779   868 D EGL_emulation: app_time_stats: avg=35.55ms min=1.27ms max=117.11ms count=28
09-23 18:33:55.683 21173 21267 D EGL_emulation: app_time_stats: avg=148.55ms min=0.82ms max=1456.99ms count=10
09-23 18:33:59.254 21173 21173 V Console : Activity lifecycle :: PRE-PAUSED :: SettingsActivity
09-23 18:33:59.254 21173 21173 D Console : Activity lifecycle :: Top activity: SettingsActivity
09-23 18:33:59.269 21173 21173 D FirebaseSessions: App backgrounded on com.shareconnect
09-23 18:33:59.286 21173 21173 V Console : Activity lifecycle :: PAUSED :: SettingsActivity
09-23 18:33:59.295 21173 21173 V Console : Foreground activity counter :: AtomicIntWrapper :: 12312792 :: 227589169 :: Decremented to: 0
09-23 18:33:59.296 21173 21173 D LifecycleMonitor: Lifecycle status change: com.shareconnect.SettingsActivity@765bb4a in: PAUSED
09-23 18:33:59.296 21173 21173 V ActivityScenario: Activity lifecycle changed event received but ignored because the intent does not match. startActivityIntent=Intent { act=android.intent.action.MAIN cat=[android.intent.category.LAUNCHER] flg=0x10008000 cmp=com.shareconnect/.MainActivity }, activity.getIntent()=Intent { cmp=com.shareconnect/.SettingsActivity (has extras) }, activity=com.shareconnect.SettingsActivity@765bb4a
09-23 18:33:59.329 21173 21173 D LifecycleMonitor: Lifecycle status change: androidx.test.core.app.InstrumentationActivityInvoker$EmptyActivity@a30cf04 in: PRE_ON_CREATE
09-23 18:33:59.329 21173 21173 V ActivityScenario: Activity lifecycle changed event received but ignored because the intent does not match. startActivityIntent=Intent { act=android.intent.action.MAIN cat=[android.intent.category.LAUNCHER] flg=0x10008000 cmp=com.shareconnect/.MainActivity }, activity.getIntent()=Intent { act=android.intent.action.MAIN cat=[android.intent.category.LAUNCHER] flg=0x10000000 cmp=com.shareconnect/androidx.test.core.app.InstrumentationActivityInvoker$EmptyActivity }, activity=androidx.test.core.app.InstrumentationActivityInvoker$EmptyActivity@a30cf04
09-23 18:33:59.339 21173 21173 D LifecycleMonitor: Lifecycle status change: androidx.test.core.app.InstrumentationActivityInvoker$EmptyActivity@a30cf04 in: CREATED
09-23 18:33:59.340 21173 21173 V ActivityScenario: Activity lifecycle changed event received but ignored because the intent does not match. startActivityIntent=Intent { act=android.intent.action.MAIN cat=[android.intent.category.LAUNCHER] flg=0x10008000 cmp=com.shareconnect/.MainActivity }, activity.getIntent()=Intent { act=android.intent.action.MAIN cat=[android.intent.category.LAUNCHER] flg=0x10000000 cmp=com.shareconnect/androidx.test.core.app.InstrumentationActivityInvoker$EmptyActivity }, activity=androidx.test.core.app.InstrumentationActivityInvoker$EmptyActivity@a30cf04
09-23 18:33:59.344 21173 21173 D LifecycleMonitor: Lifecycle status change: androidx.test.core.app.InstrumentationActivityInvoker$EmptyActivity@a30cf04 in: STARTED
09-23 18:33:59.344 21173 21173 V ActivityScenario: Activity lifecycle changed event received but ignored because the intent does not match. startActivityIntent=Intent { act=android.intent.action.MAIN cat=[android.intent.category.LAUNCHER] flg=0x10008000 cmp=com.shareconnect/.MainActivity }, activity.getIntent()=Intent { act=android.intent.action.MAIN cat=[android.intent.category.LAUNCHER] flg=0x10000000 cmp=com.shareconnect/androidx.test.core.app.InstrumentationActivityInvoker$EmptyActivity }, activity=androidx.test.core.app.InstrumentationActivityInvoker$EmptyActivity@a30cf04
09-23 18:33:59.347 21173 21173 D FirebaseSessions: App foregrounded on com.shareconnect
09-23 18:33:59.350 21173 21173 V Console : Activity lifecycle :: RESUMED :: EmptyActivity
09-23 18:33:59.350 21173 21173 V Console : Foreground activity counter :: AtomicIntWrapper :: 12312792 :: 227589169 :: Value of: 0
09-23 18:33:59.350 21173 21173 I Console : Activity lifecycle :: Main state :: Foreground
09-23 18:33:59.350 21173 21173 V Console : Foreground activity counter :: AtomicIntWrapper :: 12312792 :: 227589169 :: Incremented to: 1
09-23 18:33:59.350 21173 21173 D LifecycleMonitor: Lifecycle status change: androidx.test.core.app.InstrumentationActivityInvoker$EmptyActivity@a30cf04 in: RESUMED
09-23 18:33:59.351 21173 21173 V ActivityScenario: Activity lifecycle changed event received but ignored because the intent does not match. startActivityIntent=Intent { act=android.intent.action.MAIN cat=[android.intent.category.LAUNCHER] flg=0x10008000 cmp=com.shareconnect/.MainActivity }, activity.getIntent()=Intent { act=android.intent.action.MAIN cat=[android.intent.category.LAUNCHER] flg=0x10000000 cmp=com.shareconnect/androidx.test.core.app.InstrumentationActivityInvoker$EmptyActivity }, activity=androidx.test.core.app.InstrumentationActivityInvoker$EmptyActivity@a30cf04
09-23 18:33:59.351 21173 21173 V Console : Activity lifecycle :: POST-RESUMED :: EmptyActivity
09-23 18:33:59.363 21173 21267 W Parcel  : Expecting binder but got null!
09-23 18:33:59.402 21173 21267 E OpenGLRenderer: Unable to match the desired swap behavior.
09-23 18:33:59.433   488   503 I ActivityTaskManager: Displayed com.shareconnect/androidx.test.core.app.InstrumentationActivityInvoker$EmptyActivity: +233ms
09-23 18:33:59.450 21173 21173 V Console : Activity lifecycle :: PRE-DESTROYED :: MainActivity
09-23 18:33:59.453 21173 21173 V Console : Activity lifecycle :: DESTROYED :: MainActivity
09-23 18:33:59.455 21173 21173 D LifecycleMonitor: Lifecycle status change: com.shareconnect.MainActivity@7ffae73 in: DESTROYED
09-23 18:33:59.455 21173 21173 V ActivityScenario: Update currentActivityStage to DESTROYED, currentActivity=null
09-23 18:33:59.457 11307 21262 D AdvertisingIdClient: AdvertisingIdClient already created.
09-23 18:33:59.462 21173 21267 D EGL_emulation: app_time_stats: avg=343.30ms min=9.97ms max=3519.32ms count=11
09-23 18:33:59.464   488  2254 W InputManager-JNI: Input channel object '82971a6 com.shareconnect/com.shareconnect.MainActivity (client)' was disposed without first being removed with the input manager!
09-23 18:33:59.467 21173 21173 V Console : Activity lifecycle :: PRE-STOPPED :: SettingsActivity
09-23 18:33:59.470 11307 21262 I AdvertisingIdClient: shouldSendLog 3283680
09-23 18:33:59.470 11307 21262 I AdvertisingIdClient: GetInfoInternal elapse 12ms
09-23 18:33:59.471 21173 21173 V Console : Activity lifecycle :: STOPPED :: SettingsActivity
09-23 18:33:59.474 21173 21173 D LifecycleMonitor: Lifecycle status change: com.shareconnect.SettingsActivity@765bb4a in: STOPPED
09-23 18:33:59.474 21173 21173 V ActivityScenario: Activity lifecycle changed event received but ignored because the intent does not match. startActivityIntent=Intent { act=android.intent.action.MAIN cat=[android.intent.category.LAUNCHER] flg=0x10008000 cmp=com.shareconnect/.MainActivity }, activity.getIntent()=Intent { cmp=com.shareconnect/.SettingsActivity (has extras) }, activity=com.shareconnect.SettingsActivity@765bb4a
09-23 18:33:59.474 21173 21173 V Console : Activity lifecycle :: POST-STOPPED :: SettingsActivity
09-23 18:33:59.495 11811 11811 I GoogleInputMethodService: GoogleInputMethodService.onFinishInput():3227
09-23 18:33:59.500 21173 21248 E TestRunner: failed: testCompleteAppNavigationFlow(com.shareconnect.automation.FullAppFlowAutomationTest)
09-23 18:33:59.501 11811 11811 I GoogleInputMethodService: GoogleInputMethodService.updateDeviceLockedStatus():2087 repeatCheckTimes = 0, unlocked = true
09-23 18:33:59.501 11811 11811 I GoogleInputMethodService: GoogleInputMethodService.onStartInput():1877 onStartInput(EditorInfo{inputType=0x0(NULL) imeOptions=0x0 privateImeOptions=null actionName=UNSPECIFIED actionLabel=null actionId=0 initialSelStart=-1 initialSelEnd=-1 initialCapsMode=0x0 hintText=null label=null packageName=com.shareconnect fieldId=-1 fieldName=null extras=null}, false)
09-23 18:33:59.501 11811 11811 I GoogleInputMethodService: GoogleInputMethodService.shouldHideHeaderOnInitialState():4008 ShouldHideHeaderOnInitialState = false
09-23 18:33:59.502 11811 11811 I GoogleInputMethodService: GoogleInputMethodService.updateDeviceLockedStatus():2087 repeatCheckTimes = 2, unlocked = true
09-23 18:33:59.503 21173 21248 E TestRunner: ----- begin exception -----
09-23 18:33:59.503 21173 21248 E TestRunner: java.lang.NoClassDefFoundError: Failed resolution of: Lorg/hamcrest/Matchers;
09-23 18:33:59.503 21173 21248 E TestRunner: 	at androidx.test.espresso.matcher.ViewMatchers.withId(ViewMatchers.java:1)
09-23 18:33:59.503 21173 21248 E TestRunner: 	at com.shareconnect.automation.FullAppFlowAutomationTest.testCompleteAppNavigationFlow(FullAppFlowAutomationTest.kt:215)
09-23 18:33:59.503 21173 21248 E TestRunner: 	at java.lang.reflect.Method.invoke(Native Method)
09-23 18:33:59.503 21173 21248 E TestRunner: 	at org.junit.runners.model.FrameworkMethod$1.runReflectiveCall(FrameworkMethod.java:59)
09-23 18:33:59.503 21173 21248 E TestRunner: 	at org.junit.internal.runners.model.ReflectiveCallable.run(ReflectiveCallable.java:12)
09-23 18:33:59.503 21173 21248 E TestRunner: 	at org.junit.runners.model.FrameworkMethod.invokeExplosively(FrameworkMethod.java:56)
09-23 18:33:59.503 21173 21248 E TestRunner: 	at org.junit.internal.runners.statements.InvokeMethod.evaluate(InvokeMethod.java:17)
09-23 18:33:59.503 21173 21248 E TestRunner: 	at androidx.test.internal.runner.junit4.statement.RunBefores.evaluate(RunBefores.java:80)
09-23 18:33:59.503 21173 21248 E TestRunner: 	at androidx.test.internal.runner.junit4.statement.RunAfters.evaluate(RunAfters.java:61)
09-23 18:33:59.503 21173 21248 E TestRunner: 	at org.junit.runners.ParentRunner$3.evaluate(ParentRunner.java:306)
09-23 18:33:59.503 21173 21248 E TestRunner: 	at org.junit.runners.BlockJUnit4ClassRunner$1.evaluate(BlockJUnit4ClassRunner.java:100)
09-23 18:33:59.503 21173 21248 E TestRunner: 	at org.junit.runners.ParentRunner.runLeaf(ParentRunner.java:366)
09-23 18:33:59.503 21173 21248 E TestRunner: 	at org.junit.runners.BlockJUnit4ClassRunner.runChild(BlockJUnit4ClassRunner.java:103)
09-23 18:33:59.503 21173 21248 E TestRunner: 	at org.junit.runners.BlockJUnit4ClassRunner.runChild(BlockJUnit4ClassRunner.java:63)
09-23 18:33:59.503 21173 21248 E TestRunner: 	at org.junit.runners.ParentRunner$4.run(ParentRunner.java:331)
09-23 18:33:59.503 21173 21248 E TestRunner: 	at org.junit.runners.ParentRunner$1.schedule(ParentRunner.java:79)
09-23 18:33:59.503 21173 21248 E TestRunner: 	at org.junit.runners.ParentRunner.runChildren(ParentRunner.java:329)
09-23 18:33:59.503 21173 21248 E TestRunner: 	at org.junit.runners.ParentRunner.access$100(ParentRunner.java:66)
09-23 18:33:59.503 21173 21248 E TestRunner: 	at org.junit.runners.ParentRunner$2.evaluate(ParentRunner.java:293)
09-23 18:33:59.503 21173 21248 E TestRunner: 	at org.junit.runners.ParentRunner$3.evaluate(ParentRunner.java:306)
09-23 18:33:59.503 21173 21248 E TestRunner: 	at org.junit.runners.ParentRunner.run(ParentRunner.java:413)
09-23 18:33:59.503 21173 21248 E TestRunner: 	at androidx.test.ext.junit.runners.AndroidJUnit4.run(AndroidJUnit4.java:162)
09-23 18:33:59.503 21173 21248 E TestRunner: 	at org.junit.runners.Suite.runChild(Suite.java:128)
09-23 18:33:59.503 21173 21248 E TestRunner: 	at org.junit.runners.Suite.runChild(Suite.java:27)
09-23 18:33:59.503 21173 21248 E TestRunner: 	at org.junit.runners.ParentRunner$4.run(ParentRunner.java:331)
09-23 18:33:59.503 21173 21248 E TestRunner: 	at org.junit.runners.ParentRunner$1.schedule(ParentRunner.java:79)
09-23 18:33:59.503 21173 21248 E TestRunner: 	at org.junit.runners.ParentRunner.runChildren(ParentRunner.java:329)
09-23 18:33:59.503 21173 21248 E TestRunner: 	at org.junit.runners.ParentRunner.access$100(ParentRunner.java:66)
09-23 18:33:59.503 21173 21248 E TestRunner: 	at org.junit.runners.ParentRunner$2.evaluate(ParentRunner.java:293)
09-23 18:33:59.503 21173 21248 E TestRunner: 	at org.junit.runners.ParentRunner$3.evaluate(ParentRunner.java:306)
09-23 18:33:59.503 21173 21248 E TestRunner: 	at org.junit.runners.ParentRunner.run(ParentRunner.java:413)
09-23 18:33:59.503 21173 21248 E TestRunner: 	at org.junit.runners.Suite.runChild(Suite.java:128)
09-23 18:33:59.503 21173 21248 E TestRunner: 	at org.junit.runners.Suite.runChild(Suite.java:27)
09-23 18:33:59.503 21173 21248 E TestRunner: 	at org.junit.runners.ParentRunner$4.run(ParentRunner.java:331)
09-23 18:33:59.503 21173 21248 E TestRunner: 	at org.junit.runners.ParentRunner$1.schedule(ParentRunner.java:79)
09-23 18:33:59.503 21173 21248 E TestRunner: 	at org.junit.runners.ParentRunner.runChildren(ParentRunner.java:329)
09-23 18:33:59.503 21173 21248 E TestRunner: 	at org.junit.runners.ParentRunner.access$100(ParentRunner.java:66)
09-23 18:33:59.503 21173 21248 E TestRunner: 	at org.junit.runners.ParentRunner$2.evaluate(ParentRunner.java:293)
09-23 18:33:59.503 21173 21248 E TestRunner: 	at org.junit.runners.ParentRunner$3.evaluate(ParentRunner.java:306)
09-23 18:33:59.503 21173 21248 E TestRunner: 	at org.junit.runners.ParentRunner.run(ParentRunner.java:413)
09-23 18:33:59.503 21173 21248 E TestRunner: 	at org.junit.runner.JUnitCore.run(JUnitCore.java:137)
09-23 18:33:59.503 21173 21248 E TestRunner: 	at org.junit.runner.JUnitCore.run(JUnitCore.java:115)
09-23 18:33:59.503 21173 21248 E TestRunner: 	at androidx.test.internal.runner.TestExecutor.execute(TestExecutor.java:68)
09-23 18:33:59.503 21173 21248 E TestRunner: 	at androidx.test.internal.runner.TestExecutor.execute(TestExecutor.java:59)
09-23 18:33:59.503 21173 21248 E TestRunner: 	at androidx.test.runner.AndroidJUnitRunner.onStart(AndroidJUnitRunner.java:463)
09-23 18:33:59.503 21173 21248 E TestRunner: 	at android.app.Instrumentation$InstrumentationThread.run(Instrumentation.java:2361)
09-23 18:33:59.503 21173 21248 E TestRunner: Caused by: java.lang.ClassNotFoundException: Didn't find class "org.hamcrest.Matchers" on path: DexPathList[[zip file "/system/framework/android.test.runner.jar", zip file "/system/framework/android.test.mock.jar", zip file "/system/framework/android.test.base.jar", zip file "/data/app/~~YOVoV3whYp25XUuerLfoEg==/com.shareconnect.test-eEA3urOlFgaxwn0QxaixJw==/base.apk", zip file "/data/app/~~LXf1C5enh4HIgT1m7WO3MQ==/com.shareconnect-n7Z_t5OsurgLPD3lXxcr6A==/base.apk"],nativeLibraryDirectories=[/data/app/~~YOVoV3whYp25XUuerLfoEg==/com.shareconnect.test-eEA3urOlFgaxwn0QxaixJw==/lib/arm64, /data/app/~~LXf1C5enh4HIgT1m7WO3MQ==/com.shareconnect-n7Z_t5OsurgLPD3lXxcr6A==/lib/arm64, /data/app/~~YOVoV3whYp25XUuerLfoEg==/com.shareconnect.test-eEA3urOlFgaxwn0QxaixJw==/base.apk!/lib/arm64-v8a, /data/app/~~LXf1C5enh4HIgT1m7WO3MQ==/com.shareconnect-n7Z_t5OsurgLPD3lXxcr6A==/base.apk!/lib/arm64-v8a, /system/lib64, /system_ext/lib64]]
09-23 18:33:59.503 21173 21248 E TestRunner: 	at dalvik.system.BaseDexClassLoader.findClass(BaseDexClassLoader.java:259)
09-23 18:33:59.503 21173 21248 E TestRunner: 	at java.lang.ClassLoader.loadClass(ClassLoader.java:379)
09-23 18:33:59.503 21173 21248 E TestRunner: 	at java.lang.ClassLoader.loadClass(ClassLoader.java:312)
09-23 18:33:59.503 21173 21248 E TestRunner: 	... 46 more
09-23 18:33:59.503 21173 21248 E TestRunner: ----- end exception -----
09-23 18:33:59.504 21173 21248 I TestRunner: finished: testCompleteAppNavigationFlow(com.shareconnect.automation.FullAppFlowAutomationTest)
