09-23 18:35:00.214 21173 21248 I TestRunner: started: testMainActivityLaunches(com.shareconnect.activities.MainActivityInstrumentationTest)
09-23 18:35:00.224 21173 21248 W Settings: Setting always_finish_activities has moved from android.provider.Settings.System to android.provider.Settings.Global, returning read-only value.
09-23 18:35:00.228   488  1119 W InputManager-JNI: Input channel object '8250bb2 com.shareconnect/androidx.test.core.app.InstrumentationActivityInvoker$EmptyActivity (client)' was disposed without first being removed with the input manager!
09-23 18:35:00.238   779   868 D EGL_emulation: app_time_stats: avg=794.33ms min=12.60ms max=6827.78ms count=9
09-23 18:35:00.314   779   868 W Parcel  : Expecting binder but got null!
09-23 18:35:00.324   779   799 I ndroid.systemui: NativeAlloc concurrent copying GC freed 77718(3070KB) AllocSpace objects, 3(60KB) LOS objects, 49% free, 16MB/32MB, paused 638us,78us total 1.234s
09-23 18:35:00.351   779   868 E OpenGLRenderer: Unable to match the desired swap behavior.
09-23 18:35:00.361 21173 21173 D LifecycleMonitor: Lifecycle status change: com.shareconnect.MainActivity@b377383 in: PRE_ON_CREATE
09-23 18:35:00.363 21173 21173 V ActivityScenario: Activity lifecycle changed event received but ignored because the reported transition was not ON_CREATE while the last known transition was PRE_ON_CREATE
09-23 18:35:00.385   998  1661 D EGL_emulation: app_time_stats: avg=48.31ms min=2.87ms max=187.41ms count=17
09-23 18:35:00.426 21173 21173 D Console : getDefaultTheme() returned: Warm Orange Light (ID: 1, isDefault: true)
09-23 18:35:00.439  1581  1581 I GsaVoiceInteractionSrv: Handling ACTION_STOP_HOTWORD
09-23 18:35:00.441 21173 21173 D Console : getDefaultTheme() returned: Warm Orange Light (ID: 1, isDefault: true)
09-23 18:35:00.445 21173 21173 D Console : Applying theme: Warm Orange Light, colorScheme: warm_orange, isDarkMode: false, currentTheme: WARM_ORANGE_LIGHT
09-23 18:35:00.446 21173 21173 D Console : Activity MainActivity usesToolbar: true
09-23 18:35:00.464  1581  2233 I HwDetectorWithState: (REDACTED) a: %d
09-23 18:35:00.469 21173 21173 D Console : Setting night mode to NO
09-23 18:35:00.535 21173 21173 D LifecycleMonitor: Lifecycle status change: com.shareconnect.MainActivity@b377383 in: CREATED
09-23 18:35:00.535 21173 21173 V ActivityScenario: Update currentActivityStage to CREATED, currentActivity=com.shareconnect.MainActivity@b377383
09-23 18:35:00.539 21173 21173 D LifecycleMonitor: Lifecycle status change: com.shareconnect.MainActivity@b377383 in: STARTED
09-23 18:35:00.540 21173 21173 V ActivityScenario: Update currentActivityStage to STARTED, currentActivity=com.shareconnect.MainActivity@b377383
09-23 18:35:00.553 21173 21173 D FirebaseSessions: App foregrounded on com.shareconnect
09-23 18:35:00.577 21173 21173 V Console : Activity lifecycle :: RESUMED :: MainActivity
09-23 18:35:00.579 21173 21173 V Console : Foreground activity counter :: AtomicIntWrapper :: 12312792 :: 227589169 :: Value of: 0
09-23 18:35:00.580 21173 21173 I Console : Activity lifecycle :: Main state :: Foreground
09-23 18:35:00.581 21173 21173 V Console : Foreground activity counter :: AtomicIntWrapper :: 12312792 :: 227589169 :: Incremented to: 1
09-23 18:35:00.581 21173 21173 D Console : hasThemeChanged() returned: false
09-23 18:35:00.582 21173 21173 D Console : onResume() called, themeChanged: false
09-23 18:35:00.582 21173 21173 D LifecycleMonitor: Lifecycle status change: com.shareconnect.MainActivity@b377383 in: RESUMED
09-23 18:35:00.582 21173 21173 V ActivityScenario: Update currentActivityStage to RESUMED, currentActivity=com.shareconnect.MainActivity@b377383
09-23 18:35:00.583 21173 21173 V Console : Activity lifecycle :: POST-RESUMED :: MainActivity
09-23 18:35:00.597 21173 21267 W Parcel  : Expecting binder but got null!
09-23 18:35:00.611 21173 21173 V Console : Activity lifecycle :: PRE-PAUSED :: MainActivity
09-23 18:35:00.612 21173 21173 D Console : Activity lifecycle :: Top activity: MainActivity
09-23 18:35:00.612 21173 21173 D FirebaseSessions: App backgrounded on com.shareconnect
09-23 18:35:00.616 21173 21173 V Console : Activity lifecycle :: PAUSED :: MainActivity
09-23 18:35:00.616 21173 21173 V Console : Foreground activity counter :: AtomicIntWrapper :: 12312792 :: 227589169 :: Decremented to: 0
09-23 18:35:00.616 21173 21173 D LifecycleMonitor: Lifecycle status change: com.shareconnect.MainActivity@b377383 in: PAUSED
09-23 18:35:00.617 21173 21173 V ActivityScenario: Update currentActivityStage to PAUSED, currentActivity=com.shareconnect.MainActivity@b377383
09-23 18:35:00.642 21173 21267 E OpenGLRenderer: Unable to match the desired swap behavior.
09-23 18:35:00.670 21173 21173 D LifecycleMonitor: Lifecycle status change: com.shareconnect.SettingsActivity@42d7dcb in: PRE_ON_CREATE
09-23 18:35:00.671 21173 21173 V ActivityScenario: Activity lifecycle changed event received but ignored because the intent does not match. startActivityIntent=Intent { act=android.intent.action.MAIN cat=[android.intent.category.LAUNCHER] flg=0x10008000 cmp=com.shareconnect/.MainActivity }, activity.getIntent()=Intent { cmp=com.shareconnect/.SettingsActivity (has extras) }, activity=com.shareconnect.SettingsActivity@42d7dcb
09-23 18:35:00.672 21173 21173 D Console : getDefaultTheme() returned: Warm Orange Light (ID: 1, isDefault: true)
09-23 18:35:00.672 21173 21173 D Console : getDefaultTheme() returned: Warm Orange Light (ID: 1, isDefault: true)
09-23 18:35:00.672 21173 21173 D Console : Applying theme: Warm Orange Light, colorScheme: warm_orange, isDarkMode: false, currentTheme: WARM_ORANGE_LIGHT
09-23 18:35:00.672 21173 21173 D Console : Activity SettingsActivity usesToolbar: true
09-23 18:35:00.678 21173 21173 D Console : Setting night mode to NO
09-23 18:35:00.686 21173 21173 D LifecycleMonitor: Lifecycle status change: com.shareconnect.SettingsActivity@42d7dcb in: CREATED
09-23 18:35:00.686 21173 21173 V ActivityScenario: Activity lifecycle changed event received but ignored because the intent does not match. startActivityIntent=Intent { act=android.intent.action.MAIN cat=[android.intent.category.LAUNCHER] flg=0x10008000 cmp=com.shareconnect/.MainActivity }, activity.getIntent()=Intent { cmp=com.shareconnect/.SettingsActivity (has extras) }, activity=com.shareconnect.SettingsActivity@42d7dcb
09-23 18:35:00.699 21173 21173 D LifecycleMonitor: Lifecycle status change: com.shareconnect.SettingsActivity@42d7dcb in: STARTED
09-23 18:35:00.699 21173 21173 V ActivityScenario: Activity lifecycle changed event received but ignored because the intent does not match. startActivityIntent=Intent { act=android.intent.action.MAIN cat=[android.intent.category.LAUNCHER] flg=0x10008000 cmp=com.shareconnect/.MainActivity }, activity.getIntent()=Intent { cmp=com.shareconnect/.SettingsActivity (has extras) }, activity=com.shareconnect.SettingsActivity@42d7dcb
09-23 18:35:00.702 21173 21173 D FirebaseSessions: App foregrounded on com.shareconnect
09-23 18:35:00.713 21173 21173 V Console : Activity lifecycle :: RESUMED :: SettingsActivity
09-23 18:35:00.713 21173 21173 V Console : Foreground activity counter :: AtomicIntWrapper :: 12312792 :: 227589169 :: Value of: 0
09-23 18:35:00.713 21173 21173 I Console : Activity lifecycle :: Main state :: Foreground
09-23 18:35:00.713 21173 21173 V Console : Foreground activity counter :: AtomicIntWrapper :: 12312792 :: 227589169 :: Incremented to: 1
09-23 18:35:00.714 21173 21173 D LifecycleMonitor: Lifecycle status change: com.shareconnect.SettingsActivity@42d7dcb in: RESUMED
09-23 18:35:00.715 21173 21173 V ActivityScenario: Activity lifecycle changed event received but ignored because the intent does not match. startActivityIntent=Intent { act=android.intent.action.MAIN cat=[android.intent.category.LAUNCHER] flg=0x10008000 cmp=com.shareconnect/.MainActivity }, activity.getIntent()=Intent { cmp=com.shareconnect/.SettingsActivity (has extras) }, activity=com.shareconnect.SettingsActivity@42d7dcb
09-23 18:35:00.716 21173 21173 V Console : Activity lifecycle :: POST-RESUMED :: SettingsActivity
09-23 18:35:00.721 21173 21267 W Parcel  : Expecting binder but got null!
09-23 18:35:00.771 21173 21267 E OpenGLRenderer: Unable to match the desired swap behavior.
09-23 18:35:00.839   779   868 D EGL_emulation: app_time_stats: avg=355.13ms min=15.44ms max=5624.27ms count=18
09-23 18:35:00.863   488   503 W ziparchive: Unable to open '/data/app/~~LXf1C5enh4HIgT1m7WO3MQ==/com.shareconnect-n7Z_t5OsurgLPD3lXxcr6A==/base.dm': No such file or directory
09-23 18:35:00.884   488   503 I ActivityTaskManager: Displayed com.shareconnect/.SettingsActivity: +612ms
09-23 18:35:00.921 11811 11811 I GoogleInputMethodService: GoogleInputMethodService.onFinishInput():3227
09-23 18:35:00.926 11811 11811 I GoogleInputMethodService: GoogleInputMethodService.updateDeviceLockedStatus():2087 repeatCheckTimes = 0, unlocked = true
09-23 18:35:00.927 11811 11811 I GoogleInputMethodService: GoogleInputMethodService.onStartInput():1877 onStartInput(EditorInfo{inputType=0x0(NULL) imeOptions=0x0 privateImeOptions=null actionName=UNSPECIFIED actionLabel=null actionId=0 initialSelStart=-1 initialSelEnd=-1 initialCapsMode=0x0 hintText=null label=null packageName=com.shareconnect fieldId=2131231190 fieldName=null extras=null}, false)
09-23 18:35:00.934 11811 11811 I GoogleInputMethodService: GoogleInputMethodService.shouldHideHeaderOnInitialState():4008 ShouldHideHeaderOnInitialState = false
09-23 18:35:00.942 11811 11811 I GoogleInputMethodService: GoogleInputMethodService.updateDeviceLockedStatus():2087 repeatCheckTimes = 2, unlocked = true
09-23 18:35:00.969 21173 21173 V Console : Activity lifecycle :: PRE-STOPPED :: MainActivity
09-23 18:35:00.979   998  1945 D OneSearchSuggestProvider: Shut down the binder channel
09-23 18:35:00.983 21173 21173 V Console : Activity lifecycle :: STOPPED :: MainActivity
09-23 18:35:00.984 21173 21173 D LifecycleMonitor: Lifecycle status change: com.shareconnect.MainActivity@b377383 in: STOPPED
09-23 18:35:00.984 21173 21173 V ActivityScenario: Update currentActivityStage to STOPPED, currentActivity=com.shareconnect.MainActivity@b377383
09-23 18:35:00.985 21173 21173 V Console : Activity lifecycle :: POST-STOPPED :: MainActivity
09-23 18:35:00.987   998  1604 I s.nexuslauncher: oneway function results for code 2 on binder at 0xb400007a394902d0 will be dropped but finished with status UNKNOWN_TRANSACTION
09-23 18:35:01.009  1581  2228 I AssistantForeground: (REDACTED) Get launcher package: %s
09-23 18:35:01.119 21173 21661 V Console : Foreground activity counter :: AtomicIntWrapper :: 12312792 :: 227589169 :: Value of: 1
09-23 18:35:01.174   488  1119 W InputManager-JNI: Input channel object '7870ad3 Splash Screen com.shareconnect (client)' was disposed without first being removed with the input manager!
09-23 18:35:01.869   779   868 D EGL_emulation: app_time_stats: avg=18.32ms min=1.31ms max=56.37ms count=50
09-23 18:35:02.421 21173 21267 D EGL_emulation: app_time_stats: avg=149.81ms min=2.49ms max=1384.13ms count=10
09-23 18:35:06.167 21173 21173 V Console : Activity lifecycle :: PRE-PAUSED :: SettingsActivity
09-23 18:35:06.168 21173 21173 D Console : Activity lifecycle :: Top activity: SettingsActivity
09-23 18:35:06.172 21173 21173 D FirebaseSessions: App backgrounded on com.shareconnect
09-23 18:35:06.192 21173 21173 V Console : Activity lifecycle :: PAUSED :: SettingsActivity
09-23 18:35:06.194 21173 21173 V Console : Foreground activity counter :: AtomicIntWrapper :: 12312792 :: 227589169 :: Decremented to: 0
09-23 18:35:06.194 21173 21173 D LifecycleMonitor: Lifecycle status change: com.shareconnect.SettingsActivity@42d7dcb in: PAUSED
09-23 18:35:06.194 21173 21173 V ActivityScenario: Activity lifecycle changed event received but ignored because the intent does not match. startActivityIntent=Intent { act=android.intent.action.MAIN cat=[android.intent.category.LAUNCHER] flg=0x10008000 cmp=com.shareconnect/.MainActivity }, activity.getIntent()=Intent { cmp=com.shareconnect/.SettingsActivity (has extras) }, activity=com.shareconnect.SettingsActivity@42d7dcb
09-23 18:35:06.228 21173 21173 D LifecycleMonitor: Lifecycle status change: androidx.test.core.app.InstrumentationActivityInvoker$EmptyActivity@e4f4672 in: PRE_ON_CREATE
09-23 18:35:06.228 21173 21173 V ActivityScenario: Activity lifecycle changed event received but ignored because the intent does not match. startActivityIntent=Intent { act=android.intent.action.MAIN cat=[android.intent.category.LAUNCHER] flg=0x10008000 cmp=com.shareconnect/.MainActivity }, activity.getIntent()=Intent { act=android.intent.action.MAIN cat=[android.intent.category.LAUNCHER] flg=0x10000000 cmp=com.shareconnect/androidx.test.core.app.InstrumentationActivityInvoker$EmptyActivity }, activity=androidx.test.core.app.InstrumentationActivityInvoker$EmptyActivity@e4f4672
09-23 18:35:06.239 21173 21173 D LifecycleMonitor: Lifecycle status change: androidx.test.core.app.InstrumentationActivityInvoker$EmptyActivity@e4f4672 in: CREATED
09-23 18:35:06.239 21173 21173 V ActivityScenario: Activity lifecycle changed event received but ignored because the intent does not match. startActivityIntent=Intent { act=android.intent.action.MAIN cat=[android.intent.category.LAUNCHER] flg=0x10008000 cmp=com.shareconnect/.MainActivity }, activity.getIntent()=Intent { act=android.intent.action.MAIN cat=[android.intent.category.LAUNCHER] flg=0x10000000 cmp=com.shareconnect/androidx.test.core.app.InstrumentationActivityInvoker$EmptyActivity }, activity=androidx.test.core.app.InstrumentationActivityInvoker$EmptyActivity@e4f4672
09-23 18:35:06.240 21173 21173 D LifecycleMonitor: Lifecycle status change: androidx.test.core.app.InstrumentationActivityInvoker$EmptyActivity@e4f4672 in: STARTED
09-23 18:35:06.241 21173 21173 V ActivityScenario: Activity lifecycle changed event received but ignored because the intent does not match. startActivityIntent=Intent { act=android.intent.action.MAIN cat=[android.intent.category.LAUNCHER] flg=0x10008000 cmp=com.shareconnect/.MainActivity }, activity.getIntent()=Intent { act=android.intent.action.MAIN cat=[android.intent.category.LAUNCHER] flg=0x10000000 cmp=com.shareconnect/androidx.test.core.app.InstrumentationActivityInvoker$EmptyActivity }, activity=androidx.test.core.app.InstrumentationActivityInvoker$EmptyActivity@e4f4672
09-23 18:35:06.244 21173 21173 D FirebaseSessions: App foregrounded on com.shareconnect
09-23 18:35:06.250 21173 21173 V Console : Activity lifecycle :: RESUMED :: EmptyActivity
09-23 18:35:06.250 21173 21173 V Console : Foreground activity counter :: AtomicIntWrapper :: 12312792 :: 227589169 :: Value of: 0
09-23 18:35:06.250 21173 21173 I Console : Activity lifecycle :: Main state :: Foreground
09-23 18:35:06.250 21173 21173 V Console : Foreground activity counter :: AtomicIntWrapper :: 12312792 :: 227589169 :: Incremented to: 1
09-23 18:35:06.252 21173 21173 D LifecycleMonitor: Lifecycle status change: androidx.test.core.app.InstrumentationActivityInvoker$EmptyActivity@e4f4672 in: RESUMED
09-23 18:35:06.252 21173 21173 V ActivityScenario: Activity lifecycle changed event received but ignored because the intent does not match. startActivityIntent=Intent { act=android.intent.action.MAIN cat=[android.intent.category.LAUNCHER] flg=0x10008000 cmp=com.shareconnect/.MainActivity }, activity.getIntent()=Intent { act=android.intent.action.MAIN cat=[android.intent.category.LAUNCHER] flg=0x10000000 cmp=com.shareconnect/androidx.test.core.app.InstrumentationActivityInvoker$EmptyActivity }, activity=androidx.test.core.app.InstrumentationActivityInvoker$EmptyActivity@e4f4672
09-23 18:35:06.253 21173 21173 V Console : Activity lifecycle :: POST-RESUMED :: EmptyActivity
09-23 18:35:06.262 21173 21267 W Parcel  : Expecting binder but got null!
09-23 18:35:06.321 21173 21267 E OpenGLRenderer: Unable to match the desired swap behavior.
09-23 18:35:06.343   488   503 I ActivityTaskManager: Displayed com.shareconnect/androidx.test.core.app.InstrumentationActivityInvoker$EmptyActivity: +246ms
09-23 18:35:06.365 21173 21173 V Console : Activity lifecycle :: PRE-STOPPED :: SettingsActivity
09-23 18:35:06.366 11307 21262 D AdvertisingIdClient: AdvertisingIdClient already created.
09-23 18:35:06.367 21173 21173 V Console : Activity lifecycle :: STOPPED :: SettingsActivity
09-23 18:35:06.368 21173 21173 D LifecycleMonitor: Lifecycle status change: com.shareconnect.SettingsActivity@42d7dcb in: STOPPED
09-23 18:35:06.368 21173 21173 V ActivityScenario: Activity lifecycle changed event received but ignored because the intent does not match. startActivityIntent=Intent { act=android.intent.action.MAIN cat=[android.intent.category.LAUNCHER] flg=0x10008000 cmp=com.shareconnect/.MainActivity }, activity.getIntent()=Intent { cmp=com.shareconnect/.SettingsActivity (has extras) }, activity=com.shareconnect.SettingsActivity@42d7dcb
09-23 18:35:06.369 21173 21173 V Console : Activity lifecycle :: POST-STOPPED :: SettingsActivity
09-23 18:35:06.370 11307 21262 I AdvertisingIdClient: shouldSendLog 3283680
09-23 18:35:06.370 11307 21262 I AdvertisingIdClient: GetInfoInternal elapse 4ms
09-23 18:35:06.370 21173 21173 V Console : Activity lifecycle :: PRE-DESTROYED :: MainActivity
09-23 18:35:06.371 21173 21173 V Console : Activity lifecycle :: DESTROYED :: MainActivity
09-23 18:35:06.373 21173 21173 D LifecycleMonitor: Lifecycle status change: com.shareconnect.MainActivity@b377383 in: DESTROYED
09-23 18:35:06.373 21173 21173 V ActivityScenario: Update currentActivityStage to DESTROYED, currentActivity=null
09-23 18:35:06.377   488  1120 W InputManager-JNI: Input channel object 'a92d33b com.shareconnect/com.shareconnect.MainActivity (client)' was disposed without first being removed with the input manager!
09-23 18:35:06.384 11811 11811 I GoogleInputMethodService: GoogleInputMethodService.onFinishInput():3227
09-23 18:35:06.388 11811 11811 I GoogleInputMethodService: GoogleInputMethodService.updateDeviceLockedStatus():2087 repeatCheckTimes = 0, unlocked = true
09-23 18:35:06.388 11811 11811 I GoogleInputMethodService: GoogleInputMethodService.onStartInput():1877 onStartInput(EditorInfo{inputType=0x0(NULL) imeOptions=0x0 privateImeOptions=null actionName=UNSPECIFIED actionLabel=null actionId=0 initialSelStart=-1 initialSelEnd=-1 initialCapsMode=0x0 hintText=null label=null packageName=com.shareconnect fieldId=-1 fieldName=null extras=null}, false)
09-23 18:35:06.388 11811 11811 I GoogleInputMethodService: GoogleInputMethodService.shouldHideHeaderOnInitialState():4008 ShouldHideHeaderOnInitialState = false
09-23 18:35:06.390 21173 21248 E TestRunner: failed: testMainActivityLaunches(com.shareconnect.activities.MainActivityInstrumentationTest)
09-23 18:35:06.391 11811 11811 I GoogleInputMethodService: GoogleInputMethodService.updateDeviceLockedStatus():2087 repeatCheckTimes = 2, unlocked = true
09-23 18:35:06.395 21173 21248 E TestRunner: ----- begin exception -----
09-23 18:35:06.395 21173 21248 E TestRunner: java.lang.NoClassDefFoundError: Failed resolution of: Lorg/hamcrest/Matchers;
09-23 18:35:06.395 21173 21248 E TestRunner: 	at androidx.test.espresso.matcher.ViewMatchers.withId(ViewMatchers.java:1)
09-23 18:35:06.395 21173 21248 E TestRunner: 	at com.shareconnect.activities.MainActivityInstrumentationTest.testMainActivityLaunches(MainActivityInstrumentationTest.kt:41)
09-23 18:35:06.395 21173 21248 E TestRunner: 	at java.lang.reflect.Method.invoke(Native Method)
09-23 18:35:06.395 21173 21248 E TestRunner: 	at org.junit.runners.model.FrameworkMethod$1.runReflectiveCall(FrameworkMethod.java:59)
09-23 18:35:06.395 21173 21248 E TestRunner: 	at org.junit.internal.runners.model.ReflectiveCallable.run(ReflectiveCallable.java:12)
09-23 18:35:06.395 21173 21248 E TestRunner: 	at org.junit.runners.model.FrameworkMethod.invokeExplosively(FrameworkMethod.java:56)
09-23 18:35:06.395 21173 21248 E TestRunner: 	at org.junit.internal.runners.statements.InvokeMethod.evaluate(InvokeMethod.java:17)
09-23 18:35:06.395 21173 21248 E TestRunner: 	at androidx.test.internal.runner.junit4.statement.RunBefores.evaluate(RunBefores.java:80)
09-23 18:35:06.395 21173 21248 E TestRunner: 	at androidx.test.internal.runner.junit4.statement.RunAfters.evaluate(RunAfters.java:61)
09-23 18:35:06.395 21173 21248 E TestRunner: 	at androidx.test.rule.ActivityTestRule$ActivityStatement.evaluate(ActivityTestRule.java:522)
09-23 18:35:06.395 21173 21248 E TestRunner: 	at org.junit.runners.ParentRunner$3.evaluate(ParentRunner.java:306)
09-23 18:35:06.395 21173 21248 E TestRunner: 	at org.junit.runners.BlockJUnit4ClassRunner$1.evaluate(BlockJUnit4ClassRunner.java:100)
09-23 18:35:06.395 21173 21248 E TestRunner: 	at org.junit.runners.ParentRunner.runLeaf(ParentRunner.java:366)
09-23 18:35:06.395 21173 21248 E TestRunner: 	at org.junit.runners.BlockJUnit4ClassRunner.runChild(BlockJUnit4ClassRunner.java:103)
09-23 18:35:06.395 21173 21248 E TestRunner: 	at org.junit.runners.BlockJUnit4ClassRunner.runChild(BlockJUnit4ClassRunner.java:63)
09-23 18:35:06.395 21173 21248 E TestRunner: 	at org.junit.runners.ParentRunner$4.run(ParentRunner.java:331)
09-23 18:35:06.395 21173 21248 E TestRunner: 	at org.junit.runners.ParentRunner$1.schedule(ParentRunner.java:79)
09-23 18:35:06.395 21173 21248 E TestRunner: 	at org.junit.runners.ParentRunner.runChildren(ParentRunner.java:329)
09-23 18:35:06.395 21173 21248 E TestRunner: 	at org.junit.runners.ParentRunner.access$100(ParentRunner.java:66)
09-23 18:35:06.395 21173 21248 E TestRunner: 	at org.junit.runners.ParentRunner$2.evaluate(ParentRunner.java:293)
09-23 18:35:06.395 21173 21248 E TestRunner: 	at org.junit.runners.ParentRunner$3.evaluate(ParentRunner.java:306)
09-23 18:35:06.395 21173 21248 E TestRunner: 	at org.junit.runners.ParentRunner.run(ParentRunner.java:413)
09-23 18:35:06.395 21173 21248 E TestRunner: 	at androidx.test.ext.junit.runners.AndroidJUnit4.run(AndroidJUnit4.java:162)
09-23 18:35:06.395 21173 21248 E TestRunner: 	at org.junit.runners.Suite.runChild(Suite.java:128)
09-23 18:35:06.395 21173 21248 E TestRunner: 	at org.junit.runners.Suite.runChild(Suite.java:27)
09-23 18:35:06.395 21173 21248 E TestRunner: 	at org.junit.runners.ParentRunner$4.run(ParentRunner.java:331)
09-23 18:35:06.395 21173 21248 E TestRunner: 	at org.junit.runners.ParentRunner$1.schedule(ParentRunner.java:79)
09-23 18:35:06.395 21173 21248 E TestRunner: 	at org.junit.runners.ParentRunner.runChildren(ParentRunner.java:329)
09-23 18:35:06.395 21173 21248 E TestRunner: 	at org.junit.runners.ParentRunner.access$100(ParentRunner.java:66)
09-23 18:35:06.395 21173 21248 E TestRunner: 	at org.junit.runners.ParentRunner$2.evaluate(ParentRunner.java:293)
09-23 18:35:06.395 21173 21248 E TestRunner: 	at org.junit.runners.ParentRunner$3.evaluate(ParentRunner.java:306)
09-23 18:35:06.395 21173 21248 E TestRunner: 	at org.junit.runners.ParentRunner.run(ParentRunner.java:413)
09-23 18:35:06.395 21173 21248 E TestRunner: 	at org.junit.runners.Suite.runChild(Suite.java:128)
09-23 18:35:06.395 21173 21248 E TestRunner: 	at org.junit.runners.Suite.runChild(Suite.java:27)
09-23 18:35:06.395 21173 21248 E TestRunner: 	at org.junit.runners.ParentRunner$4.run(ParentRunner.java:331)
09-23 18:35:06.395 21173 21248 E TestRunner: 	at org.junit.runners.ParentRunner$1.schedule(ParentRunner.java:79)
09-23 18:35:06.395 21173 21248 E TestRunner: 	at org.junit.runners.ParentRunner.runChildren(ParentRunner.java:329)
09-23 18:35:06.395 21173 21248 E TestRunner: 	at org.junit.runners.ParentRunner.access$100(ParentRunner.java:66)
09-23 18:35:06.395 21173 21248 E TestRunner: 	at org.junit.runners.ParentRunner$2.evaluate(ParentRunner.java:293)
09-23 18:35:06.395 21173 21248 E TestRunner: 	at org.junit.runners.ParentRunner$3.evaluate(ParentRunner.java:306)
09-23 18:35:06.395 21173 21248 E TestRunner: 	at org.junit.runners.ParentRunner.run(ParentRunner.java:413)
09-23 18:35:06.395 21173 21248 E TestRunner: 	at org.junit.runner.JUnitCore.run(JUnitCore.java:137)
09-23 18:35:06.395 21173 21248 E TestRunner: 	at org.junit.runner.JUnitCore.run(JUnitCore.java:115)
09-23 18:35:06.395 21173 21248 E TestRunner: 	at androidx.test.internal.runner.TestExecutor.execute(TestExecutor.java:68)
09-23 18:35:06.395 21173 21248 E TestRunner: 	at androidx.test.internal.runner.TestExecutor.execute(TestExecutor.java:59)
09-23 18:35:06.395 21173 21248 E TestRunner: 	at androidx.test.runner.AndroidJUnitRunner.onStart(AndroidJUnitRunner.java:463)
09-23 18:35:06.395 21173 21248 E TestRunner: 	at android.app.Instrumentation$InstrumentationThread.run(Instrumentation.java:2361)
09-23 18:35:06.395 21173 21248 E TestRunner: Caused by: java.lang.ClassNotFoundException: Didn't find class "org.hamcrest.Matchers" on path: DexPathList[[zip file "/system/framework/android.test.runner.jar", zip file "/system/framework/android.test.mock.jar", zip file "/system/framework/android.test.base.jar", zip file "/data/app/~~YOVoV3whYp25XUuerLfoEg==/com.shareconnect.test-eEA3urOlFgaxwn0QxaixJw==/base.apk", zip file "/data/app/~~LXf1C5enh4HIgT1m7WO3MQ==/com.shareconnect-n7Z_t5OsurgLPD3lXxcr6A==/base.apk"],nativeLibraryDirectories=[/data/app/~~YOVoV3whYp25XUuerLfoEg==/com.shareconnect.test-eEA3urOlFgaxwn0QxaixJw==/lib/arm64, /data/app/~~LXf1C5enh4HIgT1m7WO3MQ==/com.shareconnect-n7Z_t5OsurgLPD3lXxcr6A==/lib/arm64, /data/app/~~YOVoV3whYp25XUuerLfoEg==/com.shareconnect.test-eEA3urOlFgaxwn0QxaixJw==/base.apk!/lib/arm64-v8a, /data/app/~~LXf1C5enh4HIgT1m7WO3MQ==/com.shareconnect-n7Z_t5OsurgLPD3lXxcr6A==/base.apk!/lib/arm64-v8a, /system/lib64, /system_ext/lib64]]
09-23 18:35:06.395 21173 21248 E TestRunner: 	at dalvik.system.BaseDexClassLoader.findClass(BaseDexClassLoader.java:259)
09-23 18:35:06.395 21173 21248 E TestRunner: 	at java.lang.ClassLoader.loadClass(ClassLoader.java:379)
09-23 18:35:06.395 21173 21248 E TestRunner: 	at java.lang.ClassLoader.loadClass(ClassLoader.java:312)
09-23 18:35:06.395 21173 21248 E TestRunner: 	... 47 more
09-23 18:35:06.395 21173 21248 E TestRunner: ----- end exception -----
09-23 18:35:06.398 21173 21248 I TestRunner: finished: testMainActivityLaunches(com.shareconnect.activities.MainActivityInstrumentationTest)
