09-23 18:34:27.283 21173 21248 I TestRunner: started: testKeyboardNavigation(com.shareconnect.automation.AccessibilityAutomationTest)
09-23 18:34:27.286 21173 21248 W Settings: Setting always_finish_activities has moved from android.provider.Settings.System to android.provider.Settings.Global, returning read-only value.
09-23 18:34:27.297   779   868 W Parcel  : Expecting binder but got null!
09-23 18:34:27.301 21173 21173 D LifecycleMonitor: Lifecycle status change: com.shareconnect.MainActivity@eb40949 in: PRE_ON_CREATE
09-23 18:34:27.301 21173 21173 V ActivityScenario: Activity lifecycle changed event received but ignored because the reported transition was not ON_CREATE while the last known transition was PRE_ON_CREATE
09-23 18:34:27.303 21173 21173 D Console : getDefaultTheme() returned: Warm Orange Light (ID: 1, isDefault: true)
09-23 18:34:27.303 21173 21173 D Console : getDefaultTheme() returned: Warm Orange Light (ID: 1, isDefault: true)
09-23 18:34:27.303 21173 21173 D Console : Applying theme: Warm Orange Light, colorScheme: warm_orange, isDarkMode: false, currentTheme: WARM_ORANGE_LIGHT
09-23 18:34:27.303 21173 21173 D Console : Activity MainActivity usesToolbar: true
09-23 18:34:27.304 21173 21173 D Console : Setting night mode to NO
09-23 18:34:27.312 21173 21173 D LifecycleMonitor: Lifecycle status change: com.shareconnect.MainActivity@eb40949 in: CREATED
09-23 18:34:27.312 21173 21173 V ActivityScenario: Update currentActivityStage to CREATED, currentActivity=com.shareconnect.MainActivity@eb40949
09-23 18:34:27.312   779   868 E OpenGLRenderer: Unable to match the desired swap behavior.
09-23 18:34:27.312 21173 21173 D LifecycleMonitor: Lifecycle status change: com.shareconnect.MainActivity@eb40949 in: STARTED
09-23 18:34:27.312 21173 21173 V ActivityScenario: Update currentActivityStage to STARTED, currentActivity=com.shareconnect.MainActivity@eb40949
09-23 18:34:27.314 21173 21173 D FirebaseSessions: App foregrounded on com.shareconnect
09-23 18:34:27.320 21173 21173 V Console : Activity lifecycle :: RESUMED :: MainActivity
09-23 18:34:27.320 21173 21173 V Console : Foreground activity counter :: AtomicIntWrapper :: 12312792 :: 227589169 :: Value of: 0
09-23 18:34:27.320 21173 21173 I Console : Activity lifecycle :: Main state :: Foreground
09-23 18:34:27.320 21173 21173 V Console : Foreground activity counter :: AtomicIntWrapper :: 12312792 :: 227589169 :: Incremented to: 1
09-23 18:34:27.321 21173 21173 D Console : hasThemeChanged() returned: false
09-23 18:34:27.321 21173 21173 D Console : onResume() called, themeChanged: false
09-23 18:34:27.321 21173 21173 D LifecycleMonitor: Lifecycle status change: com.shareconnect.MainActivity@eb40949 in: RESUMED
09-23 18:34:27.321 21173 21173 V ActivityScenario: Update currentActivityStage to RESUMED, currentActivity=com.shareconnect.MainActivity@eb40949
09-23 18:34:27.321 21173 21173 V Console : Activity lifecycle :: POST-RESUMED :: MainActivity
09-23 18:34:27.322 21173 21267 W Parcel  : Expecting binder but got null!
09-23 18:34:27.327 21173 21173 V Console : Activity lifecycle :: PRE-PAUSED :: MainActivity
09-23 18:34:27.327 21173 21173 D Console : Activity lifecycle :: Top activity: MainActivity
09-23 18:34:27.327 21173 21173 D FirebaseSessions: App backgrounded on com.shareconnect
09-23 18:34:27.328 21173 21173 V Console : Activity lifecycle :: PAUSED :: MainActivity
09-23 18:34:27.328 21173 21173 V Console : Foreground activity counter :: AtomicIntWrapper :: 12312792 :: 227589169 :: Decremented to: 0
09-23 18:34:27.328 21173 21173 D LifecycleMonitor: Lifecycle status change: com.shareconnect.MainActivity@eb40949 in: PAUSED
09-23 18:34:27.328 21173 21173 V ActivityScenario: Update currentActivityStage to PAUSED, currentActivity=com.shareconnect.MainActivity@eb40949
09-23 18:34:27.348 21173 21267 E OpenGLRenderer: Unable to match the desired swap behavior.
09-23 18:34:27.361 21173 21173 D LifecycleMonitor: Lifecycle status change: com.shareconnect.SettingsActivity@2bb6cd3 in: PRE_ON_CREATE
09-23 18:34:27.361 21173 21173 V ActivityScenario: Activity lifecycle changed event received but ignored because the intent does not match. startActivityIntent=Intent { act=android.intent.action.MAIN cat=[android.intent.category.LAUNCHER] flg=0x10008000 cmp=com.shareconnect/.MainActivity }, activity.getIntent()=Intent { cmp=com.shareconnect/.SettingsActivity (has extras) }, activity=com.shareconnect.SettingsActivity@2bb6cd3
09-23 18:34:27.362 21173 21173 D Console : getDefaultTheme() returned: Warm Orange Light (ID: 1, isDefault: true)
09-23 18:34:27.362 21173 21173 D Console : getDefaultTheme() returned: Warm Orange Light (ID: 1, isDefault: true)
09-23 18:34:27.362 21173 21173 D Console : Applying theme: Warm Orange Light, colorScheme: warm_orange, isDarkMode: false, currentTheme: WARM_ORANGE_LIGHT
09-23 18:34:27.362 21173 21173 D Console : Activity SettingsActivity usesToolbar: true
09-23 18:34:27.362 21173 21173 D Console : Setting night mode to NO
09-23 18:34:27.366 21173 21173 D LifecycleMonitor: Lifecycle status change: com.shareconnect.SettingsActivity@2bb6cd3 in: CREATED
09-23 18:34:27.366 21173 21173 V ActivityScenario: Activity lifecycle changed event received but ignored because the intent does not match. startActivityIntent=Intent { act=android.intent.action.MAIN cat=[android.intent.category.LAUNCHER] flg=0x10008000 cmp=com.shareconnect/.MainActivity }, activity.getIntent()=Intent { cmp=com.shareconnect/.SettingsActivity (has extras) }, activity=com.shareconnect.SettingsActivity@2bb6cd3
09-23 18:34:27.369 21173 21173 D LifecycleMonitor: Lifecycle status change: com.shareconnect.SettingsActivity@2bb6cd3 in: STARTED
09-23 18:34:27.369 21173 21173 V ActivityScenario: Activity lifecycle changed event received but ignored because the intent does not match. startActivityIntent=Intent { act=android.intent.action.MAIN cat=[android.intent.category.LAUNCHER] flg=0x10008000 cmp=com.shareconnect/.MainActivity }, activity.getIntent()=Intent { cmp=com.shareconnect/.SettingsActivity (has extras) }, activity=com.shareconnect.SettingsActivity@2bb6cd3
09-23 18:34:27.371 21173 21173 D FirebaseSessions: App foregrounded on com.shareconnect
09-23 18:34:27.375 21173 21173 V Console : Activity lifecycle :: RESUMED :: SettingsActivity
09-23 18:34:27.376 21173 21173 V Console : Foreground activity counter :: AtomicIntWrapper :: 12312792 :: 227589169 :: Value of: 0
09-23 18:34:27.376 21173 21173 I Console : Activity lifecycle :: Main state :: Foreground
09-23 18:34:27.376 21173 21173 V Console : Foreground activity counter :: AtomicIntWrapper :: 12312792 :: 227589169 :: Incremented to: 1
09-23 18:34:27.376 21173 21173 D LifecycleMonitor: Lifecycle status change: com.shareconnect.SettingsActivity@2bb6cd3 in: RESUMED
09-23 18:34:27.376 21173 21173 V ActivityScenario: Activity lifecycle changed event received but ignored because the intent does not match. startActivityIntent=Intent { act=android.intent.action.MAIN cat=[android.intent.category.LAUNCHER] flg=0x10008000 cmp=com.shareconnect/.MainActivity }, activity.getIntent()=Intent { cmp=com.shareconnect/.SettingsActivity (has extras) }, activity=com.shareconnect.SettingsActivity@2bb6cd3
09-23 18:34:27.376 21173 21173 V Console : Activity lifecycle :: POST-RESUMED :: SettingsActivity
09-23 18:34:27.378 21173 21267 W Parcel  : Expecting binder but got null!
09-23 18:34:27.396  1581  1581 I GsaVoiceInteractionSrv: Handling ACTION_STOP_HOTWORD
09-23 18:34:27.396  1581  2234 I HwDetectorWithState: (REDACTED) a: %d
09-23 18:34:27.399 21173 21267 E OpenGLRenderer: Unable to match the desired swap behavior.
09-23 18:34:27.414   779   868 D EGL_emulation: app_time_stats: avg=647.14ms min=6.35ms max=6946.33ms count=11
09-23 18:34:27.426   488   503 W ziparchive: Unable to open '/data/app/~~LXf1C5enh4HIgT1m7WO3MQ==/com.shareconnect-n7Z_t5OsurgLPD3lXxcr6A==/base.dm': No such file or directory
09-23 18:34:27.429   488   503 I ActivityTaskManager: Displayed com.shareconnect/.SettingsActivity: +133ms
09-23 18:34:27.437 11811 11811 I GoogleInputMethodService: GoogleInputMethodService.onFinishInput():3227
09-23 18:34:27.440 11811 11811 I GoogleInputMethodService: GoogleInputMethodService.updateDeviceLockedStatus():2087 repeatCheckTimes = 0, unlocked = true
09-23 18:34:27.441 11811 11811 I GoogleInputMethodService: GoogleInputMethodService.onStartInput():1877 onStartInput(EditorInfo{inputType=0x0(NULL) imeOptions=0x0 privateImeOptions=null actionName=UNSPECIFIED actionLabel=null actionId=0 initialSelStart=-1 initialSelEnd=-1 initialCapsMode=0x0 hintText=null label=null packageName=com.shareconnect fieldId=2131231190 fieldName=null extras=null}, false)
09-23 18:34:27.441 11811 11811 I GoogleInputMethodService: GoogleInputMethodService.shouldHideHeaderOnInitialState():4008 ShouldHideHeaderOnInitialState = false
09-23 18:34:27.442 11811 11811 I GoogleInputMethodService: GoogleInputMethodService.updateDeviceLockedStatus():2087 repeatCheckTimes = 2, unlocked = true
09-23 18:34:27.609 21173 21173 V Console : Activity lifecycle :: PRE-STOPPED :: MainActivity
09-23 18:34:27.609   779   868 D EGL_emulation: app_time_stats: avg=766.35ms min=28.93ms max=5601.26ms count=8
09-23 18:34:27.610 21173 21173 V Console : Activity lifecycle :: STOPPED :: MainActivity
09-23 18:34:27.611 21173 21173 D LifecycleMonitor: Lifecycle status change: com.shareconnect.MainActivity@eb40949 in: STOPPED
09-23 18:34:27.611 21173 21173 V ActivityScenario: Update currentActivityStage to STOPPED, currentActivity=com.shareconnect.MainActivity@eb40949
09-23 18:34:27.611 21173 21173 V Console : Activity lifecycle :: POST-STOPPED :: MainActivity
09-23 18:34:27.615  1581  2228 I AssistantForeground: (REDACTED) Get launcher package: %s
09-23 18:34:27.634   998  1945 D OneSearchSuggestProvider: Shut down the binder channel
09-23 18:34:27.635   998  1150 I s.nexuslauncher: oneway function results for code 2 on binder at 0xb400007a39478b70 will be dropped but finished with status UNKNOWN_TRANSACTION
09-23 18:34:27.711   488  1060 W InputManager-JNI: Input channel object '5a0fcf0 Splash Screen com.shareconnect (client)' was disposed without first being removed with the input manager!
09-23 18:34:27.831 21173 21557 V Console : Foreground activity counter :: AtomicIntWrapper :: 12312792 :: 227589169 :: Value of: 1
09-23 18:34:28.642   779   868 D EGL_emulation: app_time_stats: avg=36.47ms min=0.72ms max=113.52ms count=27
09-23 18:34:28.999 21173 21267 D EGL_emulation: app_time_stats: avg=147.42ms min=1.07ms max=1440.70ms count=10
09-23 18:34:32.491 21173 21173 V Console : Activity lifecycle :: PRE-PAUSED :: SettingsActivity
09-23 18:34:32.492 21173 21173 D Console : Activity lifecycle :: Top activity: SettingsActivity
09-23 18:34:32.492 21173 21173 D FirebaseSessions: App backgrounded on com.shareconnect
09-23 18:34:32.496 21173 21173 V Console : Activity lifecycle :: PAUSED :: SettingsActivity
09-23 18:34:32.497 21173 21173 V Console : Foreground activity counter :: AtomicIntWrapper :: 12312792 :: 227589169 :: Decremented to: 0
09-23 18:34:32.497 21173 21173 D LifecycleMonitor: Lifecycle status change: com.shareconnect.SettingsActivity@2bb6cd3 in: PAUSED
09-23 18:34:32.498 21173 21173 V ActivityScenario: Activity lifecycle changed event received but ignored because the intent does not match. startActivityIntent=Intent { act=android.intent.action.MAIN cat=[android.intent.category.LAUNCHER] flg=0x10008000 cmp=com.shareconnect/.MainActivity }, activity.getIntent()=Intent { cmp=com.shareconnect/.SettingsActivity (has extras) }, activity=com.shareconnect.SettingsActivity@2bb6cd3
09-23 18:34:32.506 21173 21173 D LifecycleMonitor: Lifecycle status change: androidx.test.core.app.InstrumentationActivityInvoker$EmptyActivity@d6e42cb in: PRE_ON_CREATE
09-23 18:34:32.506 21173 21173 V ActivityScenario: Activity lifecycle changed event received but ignored because the intent does not match. startActivityIntent=Intent { act=android.intent.action.MAIN cat=[android.intent.category.LAUNCHER] flg=0x10008000 cmp=com.shareconnect/.MainActivity }, activity.getIntent()=Intent { act=android.intent.action.MAIN cat=[android.intent.category.LAUNCHER] flg=0x10000000 cmp=com.shareconnect/androidx.test.core.app.InstrumentationActivityInvoker$EmptyActivity }, activity=androidx.test.core.app.InstrumentationActivityInvoker$EmptyActivity@d6e42cb
09-23 18:34:32.510 21173 21173 D LifecycleMonitor: Lifecycle status change: androidx.test.core.app.InstrumentationActivityInvoker$EmptyActivity@d6e42cb in: CREATED
09-23 18:34:32.510 21173 21173 V ActivityScenario: Activity lifecycle changed event received but ignored because the intent does not match. startActivityIntent=Intent { act=android.intent.action.MAIN cat=[android.intent.category.LAUNCHER] flg=0x10008000 cmp=com.shareconnect/.MainActivity }, activity.getIntent()=Intent { act=android.intent.action.MAIN cat=[android.intent.category.LAUNCHER] flg=0x10000000 cmp=com.shareconnect/androidx.test.core.app.InstrumentationActivityInvoker$EmptyActivity }, activity=androidx.test.core.app.InstrumentationActivityInvoker$EmptyActivity@d6e42cb
09-23 18:34:32.511 21173 21173 D LifecycleMonitor: Lifecycle status change: androidx.test.core.app.InstrumentationActivityInvoker$EmptyActivity@d6e42cb in: STARTED
09-23 18:34:32.511 21173 21173 V ActivityScenario: Activity lifecycle changed event received but ignored because the intent does not match. startActivityIntent=Intent { act=android.intent.action.MAIN cat=[android.intent.category.LAUNCHER] flg=0x10008000 cmp=com.shareconnect/.MainActivity }, activity.getIntent()=Intent { act=android.intent.action.MAIN cat=[android.intent.category.LAUNCHER] flg=0x10000000 cmp=com.shareconnect/androidx.test.core.app.InstrumentationActivityInvoker$EmptyActivity }, activity=androidx.test.core.app.InstrumentationActivityInvoker$EmptyActivity@d6e42cb
09-23 18:34:32.512 21173 21173 D FirebaseSessions: App foregrounded on com.shareconnect
09-23 18:34:32.513 21173 21173 V Console : Activity lifecycle :: RESUMED :: EmptyActivity
09-23 18:34:32.513 21173 21173 V Console : Foreground activity counter :: AtomicIntWrapper :: 12312792 :: 227589169 :: Value of: 0
09-23 18:34:32.513 21173 21173 I Console : Activity lifecycle :: Main state :: Foreground
09-23 18:34:32.514 21173 21173 V Console : Foreground activity counter :: AtomicIntWrapper :: 12312792 :: 227589169 :: Incremented to: 1
09-23 18:34:32.514 21173 21173 D LifecycleMonitor: Lifecycle status change: androidx.test.core.app.InstrumentationActivityInvoker$EmptyActivity@d6e42cb in: RESUMED
09-23 18:34:32.514 21173 21173 V ActivityScenario: Activity lifecycle changed event received but ignored because the intent does not match. startActivityIntent=Intent { act=android.intent.action.MAIN cat=[android.intent.category.LAUNCHER] flg=0x10008000 cmp=com.shareconnect/.MainActivity }, activity.getIntent()=Intent { act=android.intent.action.MAIN cat=[android.intent.category.LAUNCHER] flg=0x10000000 cmp=com.shareconnect/androidx.test.core.app.InstrumentationActivityInvoker$EmptyActivity }, activity=androidx.test.core.app.InstrumentationActivityInvoker$EmptyActivity@d6e42cb
09-23 18:34:32.514 21173 21173 V Console : Activity lifecycle :: POST-RESUMED :: EmptyActivity
09-23 18:34:32.516 21173 21267 W Parcel  : Expecting binder but got null!
09-23 18:34:32.531 21173 21267 E OpenGLRenderer: Unable to match the desired swap behavior.
09-23 18:34:32.537   488   503 I ActivityTaskManager: Displayed com.shareconnect/androidx.test.core.app.InstrumentationActivityInvoker$EmptyActivity: +54ms
09-23 18:34:32.542 21173 21173 V Console : Activity lifecycle :: PRE-DESTROYED :: MainActivity
09-23 18:34:32.543 21173 21173 V Console : Activity lifecycle :: DESTROYED :: MainActivity
09-23 18:34:32.544 21173 21173 D LifecycleMonitor: Lifecycle status change: com.shareconnect.MainActivity@eb40949 in: DESTROYED
09-23 18:34:32.544 21173 21173 V ActivityScenario: Update currentActivityStage to DESTROYED, currentActivity=null
09-23 18:34:32.544 21173 21267 D EGL_emulation: app_time_stats: avg=208.30ms min=12.29ms max=3281.27ms count=17
09-23 18:34:32.546   488  4122 W InputManager-JNI: Input channel object 'e637a08 com.shareconnect/com.shareconnect.MainActivity (client)' was disposed without first being removed with the input manager!
09-23 18:34:32.552 12330 12330 D BoundBrokerSvc: onRebind: Intent { act=com.google.android.gms.presencemanager.service.START dat=chimera-action:/... cmp=com.google.android.gms/.chimera.PersistentApiService }
09-23 18:34:32.559 12330 12330 D BoundBrokerSvc: onRebind: Intent { act=com.google.android.gms.presencemanager.service.INTERNAL_IDENTITY dat=chimera-action:/... cmp=com.google.android.gms/.chimera.PersistentApiService }
09-23 18:34:32.562 11811 11811 I GoogleInputMethodService: GoogleInputMethodService.onFinishInput():3227
09-23 18:34:32.562 21173 21173 V Console : Activity lifecycle :: PRE-STOPPED :: SettingsActivity
09-23 18:34:32.563 11811 11811 I GoogleInputMethodService: GoogleInputMethodService.updateDeviceLockedStatus():2087 repeatCheckTimes = 0, unlocked = true
09-23 18:34:32.563 21173 21173 V Console : Activity lifecycle :: STOPPED :: SettingsActivity
09-23 18:34:32.563 11811 11811 I GoogleInputMethodService: GoogleInputMethodService.onStartInput():1877 onStartInput(EditorInfo{inputType=0x0(NULL) imeOptions=0x0 privateImeOptions=null actionName=UNSPECIFIED actionLabel=null actionId=0 initialSelStart=-1 initialSelEnd=-1 initialCapsMode=0x0 hintText=null label=null packageName=com.shareconnect fieldId=-1 fieldName=null extras=null}, false)
09-23 18:34:32.563 11811 11811 I GoogleInputMethodService: GoogleInputMethodService.shouldHideHeaderOnInitialState():4008 ShouldHideHeaderOnInitialState = false
09-23 18:34:32.563 21173 21173 D LifecycleMonitor: Lifecycle status change: com.shareconnect.SettingsActivity@2bb6cd3 in: STOPPED
09-23 18:34:32.563 11811 11811 I GoogleInputMethodService: GoogleInputMethodService.updateDeviceLockedStatus():2087 repeatCheckTimes = 2, unlocked = true
09-23 18:34:32.563 21173 21173 V ActivityScenario: Activity lifecycle changed event received but ignored because the intent does not match. startActivityIntent=Intent { act=android.intent.action.MAIN cat=[android.intent.category.LAUNCHER] flg=0x10008000 cmp=com.shareconnect/.MainActivity }, activity.getIntent()=Intent { cmp=com.shareconnect/.SettingsActivity (has extras) }, activity=com.shareconnect.SettingsActivity@2bb6cd3
09-23 18:34:32.563 21173 21173 V Console : Activity lifecycle :: POST-STOPPED :: SettingsActivity
09-23 18:34:32.580 21173 21248 E TestRunner: failed: testKeyboardNavigation(com.shareconnect.automation.AccessibilityAutomationTest)
09-23 18:34:32.581 21173 21248 E TestRunner: ----- begin exception -----
09-23 18:34:32.581 21173 21248 E TestRunner: java.lang.NoClassDefFoundError: Failed resolution of: Lorg/hamcrest/Matchers;
09-23 18:34:32.581 21173 21248 E TestRunner: 	at androidx.test.espresso.matcher.ViewMatchers.withId(ViewMatchers.java:1)
09-23 18:34:32.581 21173 21248 E TestRunner: 	at com.shareconnect.automation.AccessibilityAutomationTest.testKeyboardNavigation(AccessibilityAutomationTest.kt:97)
09-23 18:34:32.581 21173 21248 E TestRunner: 	at java.lang.reflect.Method.invoke(Native Method)
09-23 18:34:32.581 21173 21248 E TestRunner: 	at org.junit.runners.model.FrameworkMethod$1.runReflectiveCall(FrameworkMethod.java:59)
09-23 18:34:32.581 21173 21248 E TestRunner: 	at org.junit.internal.runners.model.ReflectiveCallable.run(ReflectiveCallable.java:12)
09-23 18:34:32.581 21173 21248 E TestRunner: 	at org.junit.runners.model.FrameworkMethod.invokeExplosively(FrameworkMethod.java:56)
09-23 18:34:32.581 21173 21248 E TestRunner: 	at org.junit.internal.runners.statements.InvokeMethod.evaluate(InvokeMethod.java:17)
09-23 18:34:32.581 21173 21248 E TestRunner: 	at androidx.test.internal.runner.junit4.statement.RunBefores.evaluate(RunBefores.java:80)
09-23 18:34:32.581 21173 21248 E TestRunner: 	at androidx.test.internal.runner.junit4.statement.RunAfters.evaluate(RunAfters.java:61)
09-23 18:34:32.581 21173 21248 E TestRunner: 	at org.junit.runners.ParentRunner$3.evaluate(ParentRunner.java:306)
09-23 18:34:32.581 21173 21248 E TestRunner: 	at org.junit.runners.BlockJUnit4ClassRunner$1.evaluate(BlockJUnit4ClassRunner.java:100)
09-23 18:34:32.581 21173 21248 E TestRunner: 	at org.junit.runners.ParentRunner.runLeaf(ParentRunner.java:366)
09-23 18:34:32.581 21173 21248 E TestRunner: 	at org.junit.runners.BlockJUnit4ClassRunner.runChild(BlockJUnit4ClassRunner.java:103)
09-23 18:34:32.581 21173 21248 E TestRunner: 	at org.junit.runners.BlockJUnit4ClassRunner.runChild(BlockJUnit4ClassRunner.java:63)
09-23 18:34:32.581 21173 21248 E TestRunner: 	at org.junit.runners.ParentRunner$4.run(ParentRunner.java:331)
09-23 18:34:32.581 21173 21248 E TestRunner: 	at org.junit.runners.ParentRunner$1.schedule(ParentRunner.java:79)
09-23 18:34:32.581 21173 21248 E TestRunner: 	at org.junit.runners.ParentRunner.runChildren(ParentRunner.java:329)
09-23 18:34:32.581 21173 21248 E TestRunner: 	at org.junit.runners.ParentRunner.access$100(ParentRunner.java:66)
09-23 18:34:32.581 21173 21248 E TestRunner: 	at org.junit.runners.ParentRunner$2.evaluate(ParentRunner.java:293)
09-23 18:34:32.581 21173 21248 E TestRunner: 	at org.junit.runners.ParentRunner$3.evaluate(ParentRunner.java:306)
09-23 18:34:32.581 21173 21248 E TestRunner: 	at org.junit.runners.ParentRunner.run(ParentRunner.java:413)
09-23 18:34:32.581 21173 21248 E TestRunner: 	at androidx.test.ext.junit.runners.AndroidJUnit4.run(AndroidJUnit4.java:162)
09-23 18:34:32.581 21173 21248 E TestRunner: 	at org.junit.runners.Suite.runChild(Suite.java:128)
09-23 18:34:32.581 21173 21248 E TestRunner: 	at org.junit.runners.Suite.runChild(Suite.java:27)
09-23 18:34:32.581 21173 21248 E TestRunner: 	at org.junit.runners.ParentRunner$4.run(ParentRunner.java:331)
09-23 18:34:32.581 21173 21248 E TestRunner: 	at org.junit.runners.ParentRunner$1.schedule(ParentRunner.java:79)
09-23 18:34:32.581 21173 21248 E TestRunner: 	at org.junit.runners.ParentRunner.runChildren(ParentRunner.java:329)
09-23 18:34:32.581 21173 21248 E TestRunner: 	at org.junit.runners.ParentRunner.access$100(ParentRunner.java:66)
09-23 18:34:32.581 21173 21248 E TestRunner: 	at org.junit.runners.ParentRunner$2.evaluate(ParentRunner.java:293)
09-23 18:34:32.581 21173 21248 E TestRunner: 	at org.junit.runners.ParentRunner$3.evaluate(ParentRunner.java:306)
09-23 18:34:32.581 21173 21248 E TestRunner: 	at org.junit.runners.ParentRunner.run(ParentRunner.java:413)
09-23 18:34:32.581 21173 21248 E TestRunner: 	at org.junit.runners.Suite.runChild(Suite.java:128)
09-23 18:34:32.581 21173 21248 E TestRunner: 	at org.junit.runners.Suite.runChild(Suite.java:27)
09-23 18:34:32.581 21173 21248 E TestRunner: 	at org.junit.runners.ParentRunner$4.run(ParentRunner.java:331)
09-23 18:34:32.581 21173 21248 E TestRunner: 	at org.junit.runners.ParentRunner$1.schedule(ParentRunner.java:79)
09-23 18:34:32.581 21173 21248 E TestRunner: 	at org.junit.runners.ParentRunner.runChildren(ParentRunner.java:329)
09-23 18:34:32.581 21173 21248 E TestRunner: 	at org.junit.runners.ParentRunner.access$100(ParentRunner.java:66)
09-23 18:34:32.581 21173 21248 E TestRunner: 	at org.junit.runners.ParentRunner$2.evaluate(ParentRunner.java:293)
09-23 18:34:32.581 21173 21248 E TestRunner: 	at org.junit.runners.ParentRunner$3.evaluate(ParentRunner.java:306)
09-23 18:34:32.581 21173 21248 E TestRunner: 	at org.junit.runners.ParentRunner.run(ParentRunner.java:413)
09-23 18:34:32.581 21173 21248 E TestRunner: 	at org.junit.runner.JUnitCore.run(JUnitCore.java:137)
09-23 18:34:32.581 21173 21248 E TestRunner: 	at org.junit.runner.JUnitCore.run(JUnitCore.java:115)
09-23 18:34:32.581 21173 21248 E TestRunner: 	at androidx.test.internal.runner.TestExecutor.execute(TestExecutor.java:68)
09-23 18:34:32.581 21173 21248 E TestRunner: 	at androidx.test.internal.runner.TestExecutor.execute(TestExecutor.java:59)
09-23 18:34:32.581 21173 21248 E TestRunner: 	at androidx.test.runner.AndroidJUnitRunner.onStart(AndroidJUnitRunner.java:463)
09-23 18:34:32.581 21173 21248 E TestRunner: 	at android.app.Instrumentation$InstrumentationThread.run(Instrumentation.java:2361)
09-23 18:34:32.581 21173 21248 E TestRunner: Caused by: java.lang.ClassNotFoundException: Didn't find class "org.hamcrest.Matchers" on path: DexPathList[[zip file "/system/framework/android.test.runner.jar", zip file "/system/framework/android.test.mock.jar", zip file "/system/framework/android.test.base.jar", zip file "/data/app/~~YOVoV3whYp25XUuerLfoEg==/com.shareconnect.test-eEA3urOlFgaxwn0QxaixJw==/base.apk", zip file "/data/app/~~LXf1C5enh4HIgT1m7WO3MQ==/com.shareconnect-n7Z_t5OsurgLPD3lXxcr6A==/base.apk"],nativeLibraryDirectories=[/data/app/~~YOVoV3whYp25XUuerLfoEg==/com.shareconnect.test-eEA3urOlFgaxwn0QxaixJw==/lib/arm64, /data/app/~~LXf1C5enh4HIgT1m7WO3MQ==/com.shareconnect-n7Z_t5OsurgLPD3lXxcr6A==/lib/arm64, /data/app/~~YOVoV3whYp25XUuerLfoEg==/com.shareconnect.test-eEA3urOlFgaxwn0QxaixJw==/base.apk!/lib/arm64-v8a, /data/app/~~LXf1C5enh4HIgT1m7WO3MQ==/com.shareconnect-n7Z_t5OsurgLPD3lXxcr6A==/base.apk!/lib/arm64-v8a, /system/lib64, /system_ext/lib64]]
09-23 18:34:32.581 21173 21248 E TestRunner: 	at dalvik.system.BaseDexClassLoader.findClass(BaseDexClassLoader.java:259)
09-23 18:34:32.581 21173 21248 E TestRunner: 	at java.lang.ClassLoader.loadClass(ClassLoader.java:379)
09-23 18:34:32.581 21173 21248 E TestRunner: 	at java.lang.ClassLoader.loadClass(ClassLoader.java:312)
09-23 18:34:32.581 21173 21248 E TestRunner: 	... 46 more
09-23 18:34:32.581 21173 21248 E TestRunner: ----- end exception -----
09-23 18:34:32.581 21173 21248 I TestRunner: finished: testKeyboardNavigation(com.shareconnect.automation.AccessibilityAutomationTest)
