09-23 18:34:00.477 21173 21248 I TestRunner: started: testAccessibilityLabels(com.shareconnect.automation.AccessibilityAutomationTest)
09-23 18:34:00.489 21173 21248 W Settings: Setting always_finish_activities has moved from android.provider.Settings.System to android.provider.Settings.Global, returning read-only value.
09-23 18:34:00.533   779   868 W Parcel  : Expecting binder but got null!
09-23 18:34:00.548 21173 21173 D LifecycleMonitor: Lifecycle status change: com.shareconnect.MainActivity@8f14960 in: PRE_ON_CREATE
09-23 18:34:00.548 21173 21173 V ActivityScenario: Activity lifecycle changed event received but ignored because the reported transition was not ON_CREATE while the last known transition was PRE_ON_CREATE
09-23 18:34:00.552   779   868 E OpenGLRenderer: Unable to match the desired swap behavior.
09-23 18:34:00.580 21173 21173 D Console : getDefaultTheme() returned: Warm Orange Light (ID: 1, isDefault: true)
09-23 18:34:00.580 21173 21173 D Console : getDefaultTheme() returned: Warm Orange Light (ID: 1, isDefault: true)
09-23 18:34:00.580 21173 21173 D Console : Applying theme: Warm Orange Light, colorScheme: warm_orange, isDarkMode: false, currentTheme: WARM_ORANGE_LIGHT
09-23 18:34:00.580 21173 21173 D Console : Activity MainActivity usesToolbar: true
09-23 18:34:00.598 21173 21173 D Console : Setting night mode to NO
09-23 18:34:00.622 21173 21173 D LifecycleMonitor: Lifecycle status change: com.shareconnect.MainActivity@8f14960 in: CREATED
09-23 18:34:00.622 21173 21173 V ActivityScenario: Update currentActivityStage to CREATED, currentActivity=com.shareconnect.MainActivity@8f14960
09-23 18:34:00.623 21173 21173 D LifecycleMonitor: Lifecycle status change: com.shareconnect.MainActivity@8f14960 in: STARTED
09-23 18:34:00.625 21173 21173 V ActivityScenario: Update currentActivityStage to STARTED, currentActivity=com.shareconnect.MainActivity@8f14960
09-23 18:34:00.630 21173 21173 D FirebaseSessions: App foregrounded on com.shareconnect
09-23 18:34:00.636  1581  1581 I GsaVoiceInteractionSrv: Handling ACTION_STOP_HOTWORD
09-23 18:34:00.637  1581  2234 I HwDetectorWithState: (REDACTED) a: %d
09-23 18:34:00.640 21173 21173 V Console : Activity lifecycle :: RESUMED :: MainActivity
09-23 18:34:00.641 21173 21173 V Console : Foreground activity counter :: AtomicIntWrapper :: 12312792 :: 227589169 :: Value of: 0
09-23 18:34:00.642 21173 21173 I Console : Activity lifecycle :: Main state :: Foreground
09-23 18:34:00.643 21173 21173 V Console : Foreground activity counter :: AtomicIntWrapper :: 12312792 :: 227589169 :: Incremented to: 1
09-23 18:34:00.643 21173 21173 D Console : hasThemeChanged() returned: false
09-23 18:34:00.643 21173 21173 D Console : onResume() called, themeChanged: false
09-23 18:34:00.643 21173 21173 D LifecycleMonitor: Lifecycle status change: com.shareconnect.MainActivity@8f14960 in: RESUMED
09-23 18:34:00.644 21173 21173 V ActivityScenario: Update currentActivityStage to RESUMED, currentActivity=com.shareconnect.MainActivity@8f14960
09-23 18:34:00.645 21173 21173 V Console : Activity lifecycle :: POST-RESUMED :: MainActivity
09-23 18:34:00.653 21173 21267 W Parcel  : Expecting binder but got null!
09-23 18:34:00.662 21173 21173 V Console : Activity lifecycle :: PRE-PAUSED :: MainActivity
09-23 18:34:00.662 21173 21173 D Console : Activity lifecycle :: Top activity: MainActivity
09-23 18:34:00.662 21173 21173 D FirebaseSessions: App backgrounded on com.shareconnect
09-23 18:34:00.665 21173 21173 V Console : Activity lifecycle :: PAUSED :: MainActivity
09-23 18:34:00.671 21173 21173 V Console : Foreground activity counter :: AtomicIntWrapper :: 12312792 :: 227589169 :: Decremented to: 0
09-23 18:34:00.671 21173 21173 D LifecycleMonitor: Lifecycle status change: com.shareconnect.MainActivity@8f14960 in: PAUSED
09-23 18:34:00.671 21173 21173 V ActivityScenario: Update currentActivityStage to PAUSED, currentActivity=com.shareconnect.MainActivity@8f14960
09-23 18:34:00.701 21173 21267 E OpenGLRenderer: Unable to match the desired swap behavior.
09-23 18:34:00.712 21173 21173 D LifecycleMonitor: Lifecycle status change: com.shareconnect.SettingsActivity@5823a52 in: PRE_ON_CREATE
09-23 18:34:00.712 21173 21173 V ActivityScenario: Activity lifecycle changed event received but ignored because the intent does not match. startActivityIntent=Intent { act=android.intent.action.MAIN cat=[android.intent.category.LAUNCHER] flg=0x10008000 cmp=com.shareconnect/.MainActivity }, activity.getIntent()=Intent { cmp=com.shareconnect/.SettingsActivity (has extras) }, activity=com.shareconnect.SettingsActivity@5823a52
09-23 18:34:00.713 21173 21173 D Console : getDefaultTheme() returned: Warm Orange Light (ID: 1, isDefault: true)
09-23 18:34:00.713 21173 21173 D Console : getDefaultTheme() returned: Warm Orange Light (ID: 1, isDefault: true)
09-23 18:34:00.713 21173 21173 D Console : Applying theme: Warm Orange Light, colorScheme: warm_orange, isDarkMode: false, currentTheme: WARM_ORANGE_LIGHT
09-23 18:34:00.713 21173 21173 D Console : Activity SettingsActivity usesToolbar: true
09-23 18:34:00.713 21173 21173 D Console : Setting night mode to NO
09-23 18:34:00.720 21173 21173 D LifecycleMonitor: Lifecycle status change: com.shareconnect.SettingsActivity@5823a52 in: CREATED
09-23 18:34:00.720 21173 21173 V ActivityScenario: Activity lifecycle changed event received but ignored because the intent does not match. startActivityIntent=Intent { act=android.intent.action.MAIN cat=[android.intent.category.LAUNCHER] flg=0x10008000 cmp=com.shareconnect/.MainActivity }, activity.getIntent()=Intent { cmp=com.shareconnect/.SettingsActivity (has extras) }, activity=com.shareconnect.SettingsActivity@5823a52
09-23 18:34:00.730 21173 21173 D LifecycleMonitor: Lifecycle status change: com.shareconnect.SettingsActivity@5823a52 in: STARTED
09-23 18:34:00.730 21173 21173 V ActivityScenario: Activity lifecycle changed event received but ignored because the intent does not match. startActivityIntent=Intent { act=android.intent.action.MAIN cat=[android.intent.category.LAUNCHER] flg=0x10008000 cmp=com.shareconnect/.MainActivity }, activity.getIntent()=Intent { cmp=com.shareconnect/.SettingsActivity (has extras) }, activity=com.shareconnect.SettingsActivity@5823a52
09-23 18:34:00.732 21173 21173 D FirebaseSessions: App foregrounded on com.shareconnect
09-23 18:34:00.736 21173 21173 V Console : Activity lifecycle :: RESUMED :: SettingsActivity
09-23 18:34:00.737 21173 21173 V Console : Foreground activity counter :: AtomicIntWrapper :: 12312792 :: 227589169 :: Value of: 0
09-23 18:34:00.737 21173 21173 I Console : Activity lifecycle :: Main state :: Foreground
09-23 18:34:00.737 21173 21173 V Console : Foreground activity counter :: AtomicIntWrapper :: 12312792 :: 227589169 :: Incremented to: 1
09-23 18:34:00.737 21173 21173 D LifecycleMonitor: Lifecycle status change: com.shareconnect.SettingsActivity@5823a52 in: RESUMED
09-23 18:34:00.737 21173 21173 V ActivityScenario: Activity lifecycle changed event received but ignored because the intent does not match. startActivityIntent=Intent { act=android.intent.action.MAIN cat=[android.intent.category.LAUNCHER] flg=0x10008000 cmp=com.shareconnect/.MainActivity }, activity.getIntent()=Intent { cmp=com.shareconnect/.SettingsActivity (has extras) }, activity=com.shareconnect.SettingsActivity@5823a52
09-23 18:34:00.740 21173 21173 V Console : Activity lifecycle :: POST-RESUMED :: SettingsActivity
09-23 18:34:00.743 21173 21267 W Parcel  : Expecting binder but got null!
09-23 18:34:00.772 21173 21267 E OpenGLRenderer: Unable to match the desired swap behavior.
09-23 18:34:00.812   488   503 W ziparchive: Unable to open '/data/app/~~LXf1C5enh4HIgT1m7WO3MQ==/com.shareconnect-n7Z_t5OsurgLPD3lXxcr6A==/base.dm': No such file or directory
09-23 18:34:00.822 11811 11811 I GoogleInputMethodService: GoogleInputMethodService.onFinishInput():3227
09-23 18:34:00.833   488   503 I ActivityTaskManager: Displayed com.shareconnect/.SettingsActivity: +306ms
09-23 18:34:00.836 11811 11811 I GoogleInputMethodService: GoogleInputMethodService.updateDeviceLockedStatus():2087 repeatCheckTimes = 0, unlocked = true
09-23 18:34:00.836 11811 11811 I GoogleInputMethodService: GoogleInputMethodService.onStartInput():1877 onStartInput(EditorInfo{inputType=0x0(NULL) imeOptions=0x0 privateImeOptions=null actionName=UNSPECIFIED actionLabel=null actionId=0 initialSelStart=-1 initialSelEnd=-1 initialCapsMode=0x0 hintText=null label=null packageName=com.shareconnect fieldId=2131231190 fieldName=null extras=null}, false)
09-23 18:34:00.836 11811 11811 I GoogleInputMethodService: GoogleInputMethodService.shouldHideHeaderOnInitialState():4008 ShouldHideHeaderOnInitialState = false
09-23 18:34:00.837 11811 11811 I GoogleInputMethodService: GoogleInputMethodService.updateDeviceLockedStatus():2087 repeatCheckTimes = 2, unlocked = true
09-23 18:34:00.886  1581  2227 I AssistantForeground: (REDACTED) Get launcher package: %s
09-23 18:34:00.901   998  1945 D OneSearchSuggestProvider: Shut down the binder channel
09-23 18:34:00.903 21173 21173 V Console : Activity lifecycle :: PRE-STOPPED :: MainActivity
09-23 18:34:00.903   998  1022 I s.nexuslauncher: oneway function results for code 2 on binder at 0xb400007a3948f190 will be dropped but finished with status UNKNOWN_TRANSACTION
09-23 18:34:00.912 21173 21173 V Console : Activity lifecycle :: STOPPED :: MainActivity
09-23 18:34:00.912 21173 21173 D LifecycleMonitor: Lifecycle status change: com.shareconnect.MainActivity@8f14960 in: STOPPED
09-23 18:34:00.912 21173 21173 V ActivityScenario: Update currentActivityStage to STOPPED, currentActivity=com.shareconnect.MainActivity@8f14960
09-23 18:34:00.912 21173 21173 V Console : Activity lifecycle :: POST-STOPPED :: MainActivity
09-23 18:34:00.977   779   868 D EGL_emulation: app_time_stats: avg=1130.37ms min=50.58ms max=5247.75ms count=5
09-23 18:34:01.114   488  3829 W InputManager-JNI: Input channel object 'f204a77 Splash Screen com.shareconnect (client)' was disposed without first being removed with the input manager!
09-23 18:34:01.164   779   850 W FrameTracker: Missed App frame:UNKNOWN: 24, 755153, 27065802, CUJ=J<SPLASHSCREEN_EXIT_ANIM>
09-23 18:34:01.164   779   850 W FrameTracker: Missed SF frame:UNKNOWN: 24, 755153, 27065802, CUJ=J<SPLASHSCREEN_EXIT_ANIM>
09-23 18:34:01.164   779   850 W FrameTracker: Missed SF frame:UNKNOWN: 80, 755189, 21991136, CUJ=J<SPLASHSCREEN_EXIT_ANIM>
09-23 18:34:01.164   779   850 W FrameTracker: Missed SF frame:UNKNOWN: 80, 755225, 22094178, CUJ=J<SPLASHSCREEN_EXIT_ANIM>
09-23 18:34:01.164   779   850 W FrameTracker: Missed SF frame:UNKNOWN: 80, 755247, 21926554, CUJ=J<SPLASHSCREEN_EXIT_ANIM>
09-23 18:34:01.164   779   850 W FrameTracker: Missed SF frame:UNKNOWN: 80, 755276, 20543346, CUJ=J<SPLASHSCREEN_EXIT_ANIM>
09-23 18:34:01.164   779   850 W FrameTracker: Missed SF frame:UNKNOWN: 80, 755340, 20381722, CUJ=J<SPLASHSCREEN_EXIT_ANIM>
09-23 18:34:01.164   779   850 W FrameTracker: Missed SF frame:UNKNOWN: 80, 755376, 21982681, CUJ=J<SPLASHSCREEN_EXIT_ANIM>
09-23 18:34:01.164   779   850 W FrameTracker: Missed SF frame:UNKNOWN: 80, 755412, 20348723, CUJ=J<SPLASHSCREEN_EXIT_ANIM>
09-23 18:34:01.164   779   850 W FrameTracker: Missed SF frame:UNKNOWN: 80, 755434, 19053391, CUJ=J<SPLASHSCREEN_EXIT_ANIM>
09-23 18:34:01.164   779   850 W FrameTracker: Missed SF frame:UNKNOWN: 80, 755449, 20043683, CUJ=J<SPLASHSCREEN_EXIT_ANIM>
09-23 18:34:01.164   779   850 W FrameTracker: Missed SF frame:UNKNOWN: 80, 755457, 19725142, CUJ=J<SPLASHSCREEN_EXIT_ANIM>
09-23 18:34:01.164   779   850 W FrameTracker: Missed SF frame:UNKNOWN: 80, 755472, 19919351, CUJ=J<SPLASHSCREEN_EXIT_ANIM>
09-23 18:34:01.164   779   850 W FrameTracker: Missed SF frame:UNKNOWN: 80, 755480, 19996268, CUJ=J<SPLASHSCREEN_EXIT_ANIM>
09-23 18:34:01.164   779   850 W FrameTracker: Missed SF frame:UNKNOWN: 80, 755495, 19842977, CUJ=J<SPLASHSCREEN_EXIT_ANIM>
09-23 18:34:01.164   779   850 W FrameTracker: Missed SF frame:UNKNOWN: 80, 755510, 0, CUJ=J<SPLASHSCREEN_EXIT_ANIM>
09-23 18:34:01.164   779   850 W FrameTracker: Missing HWUI jank callback for vsyncId: 755510, CUJ=J<SPLASHSCREEN_EXIT_ANIM>
09-23 18:34:01.164   779   850 W FrameTracker: Missed SF frame:UNKNOWN: 80, 755525, 19233812, CUJ=J<SPLASHSCREEN_EXIT_ANIM>
09-23 18:34:01.184 21173 21473 V Console : Foreground activity counter :: AtomicIntWrapper :: 12312792 :: 227589169 :: Value of: 1
09-23 18:34:02.026   779   868 D EGL_emulation: app_time_stats: avg=22.35ms min=0.80ms max=65.73ms count=45
09-23 18:34:02.393 21173 21267 D EGL_emulation: app_time_stats: avg=149.40ms min=1.68ms max=1448.49ms count=10
09-23 18:34:05.922 21173 21173 V Console : Activity lifecycle :: PRE-PAUSED :: SettingsActivity
09-23 18:34:05.923 21173 21173 D Console : Activity lifecycle :: Top activity: SettingsActivity
09-23 18:34:05.924 21173 21173 D FirebaseSessions: App backgrounded on com.shareconnect
09-23 18:34:05.936 21173 21173 V Console : Activity lifecycle :: PAUSED :: SettingsActivity
09-23 18:34:05.942 21173 21173 V Console : Foreground activity counter :: AtomicIntWrapper :: 12312792 :: 227589169 :: Decremented to: 0
09-23 18:34:05.942 21173 21173 D LifecycleMonitor: Lifecycle status change: com.shareconnect.SettingsActivity@5823a52 in: PAUSED
09-23 18:34:05.942 21173 21173 V ActivityScenario: Activity lifecycle changed event received but ignored because the intent does not match. startActivityIntent=Intent { act=android.intent.action.MAIN cat=[android.intent.category.LAUNCHER] flg=0x10008000 cmp=com.shareconnect/.MainActivity }, activity.getIntent()=Intent { cmp=com.shareconnect/.SettingsActivity (has extras) }, activity=com.shareconnect.SettingsActivity@5823a52
09-23 18:34:05.957 21173 21173 D LifecycleMonitor: Lifecycle status change: androidx.test.core.app.InstrumentationActivityInvoker$EmptyActivity@ea0d3ff in: PRE_ON_CREATE
09-23 18:34:05.958 21173 21173 V ActivityScenario: Activity lifecycle changed event received but ignored because the intent does not match. startActivityIntent=Intent { act=android.intent.action.MAIN cat=[android.intent.category.LAUNCHER] flg=0x10008000 cmp=com.shareconnect/.MainActivity }, activity.getIntent()=Intent { act=android.intent.action.MAIN cat=[android.intent.category.LAUNCHER] flg=0x10000000 cmp=com.shareconnect/androidx.test.core.app.InstrumentationActivityInvoker$EmptyActivity }, activity=androidx.test.core.app.InstrumentationActivityInvoker$EmptyActivity@ea0d3ff
09-23 18:34:05.972 21173 21173 D LifecycleMonitor: Lifecycle status change: androidx.test.core.app.InstrumentationActivityInvoker$EmptyActivity@ea0d3ff in: CREATED
09-23 18:34:05.972 21173 21173 V ActivityScenario: Activity lifecycle changed event received but ignored because the intent does not match. startActivityIntent=Intent { act=android.intent.action.MAIN cat=[android.intent.category.LAUNCHER] flg=0x10008000 cmp=com.shareconnect/.MainActivity }, activity.getIntent()=Intent { act=android.intent.action.MAIN cat=[android.intent.category.LAUNCHER] flg=0x10000000 cmp=com.shareconnect/androidx.test.core.app.InstrumentationActivityInvoker$EmptyActivity }, activity=androidx.test.core.app.InstrumentationActivityInvoker$EmptyActivity@ea0d3ff
09-23 18:34:05.979 21173 21173 D LifecycleMonitor: Lifecycle status change: androidx.test.core.app.InstrumentationActivityInvoker$EmptyActivity@ea0d3ff in: STARTED
09-23 18:34:05.979 21173 21173 V ActivityScenario: Activity lifecycle changed event received but ignored because the intent does not match. startActivityIntent=Intent { act=android.intent.action.MAIN cat=[android.intent.category.LAUNCHER] flg=0x10008000 cmp=com.shareconnect/.MainActivity }, activity.getIntent()=Intent { act=android.intent.action.MAIN cat=[android.intent.category.LAUNCHER] flg=0x10000000 cmp=com.shareconnect/androidx.test.core.app.InstrumentationActivityInvoker$EmptyActivity }, activity=androidx.test.core.app.InstrumentationActivityInvoker$EmptyActivity@ea0d3ff
09-23 18:34:05.980 21173 21173 D FirebaseSessions: App foregrounded on com.shareconnect
09-23 18:34:05.987 21173 21173 V Console : Activity lifecycle :: RESUMED :: EmptyActivity
09-23 18:34:05.987 21173 21173 V Console : Foreground activity counter :: AtomicIntWrapper :: 12312792 :: 227589169 :: Value of: 0
09-23 18:34:05.987 21173 21173 I Console : Activity lifecycle :: Main state :: Foreground
09-23 18:34:05.988 21173 21173 V Console : Foreground activity counter :: AtomicIntWrapper :: 12312792 :: 227589169 :: Incremented to: 1
09-23 18:34:05.989 21173 21173 D LifecycleMonitor: Lifecycle status change: androidx.test.core.app.InstrumentationActivityInvoker$EmptyActivity@ea0d3ff in: RESUMED
09-23 18:34:05.989 21173 21173 V ActivityScenario: Activity lifecycle changed event received but ignored because the intent does not match. startActivityIntent=Intent { act=android.intent.action.MAIN cat=[android.intent.category.LAUNCHER] flg=0x10008000 cmp=com.shareconnect/.MainActivity }, activity.getIntent()=Intent { act=android.intent.action.MAIN cat=[android.intent.category.LAUNCHER] flg=0x10000000 cmp=com.shareconnect/androidx.test.core.app.InstrumentationActivityInvoker$EmptyActivity }, activity=androidx.test.core.app.InstrumentationActivityInvoker$EmptyActivity@ea0d3ff
09-23 18:34:05.990 21173 21173 V Console : Activity lifecycle :: POST-RESUMED :: EmptyActivity
09-23 18:34:05.994 21173 21267 W Parcel  : Expecting binder but got null!
09-23 18:34:06.038 21173 21267 E OpenGLRenderer: Unable to match the desired swap behavior.
09-23 18:34:06.061   488   503 I ActivityTaskManager: Displayed com.shareconnect/androidx.test.core.app.InstrumentationActivityInvoker$EmptyActivity: +185ms
09-23 18:34:06.076 21173 21173 V Console : Activity lifecycle :: PRE-DESTROYED :: MainActivity
09-23 18:34:06.078 21173 21173 V Console : Activity lifecycle :: DESTROYED :: MainActivity
09-23 18:34:06.080 21173 21173 D LifecycleMonitor: Lifecycle status change: com.shareconnect.MainActivity@8f14960 in: DESTROYED
09-23 18:34:06.080 21173 21173 V ActivityScenario: Update currentActivityStage to DESTROYED, currentActivity=null
09-23 18:34:06.083 21173 21267 D EGL_emulation: app_time_stats: avg=203.39ms min=1.11ms max=3422.86ms count=17
09-23 18:34:06.086   488  1100 W InputManager-JNI: Input channel object '5ee2a80 com.shareconnect/com.shareconnect.MainActivity (client)' was disposed without first being removed with the input manager!
09-23 18:34:06.090 21173 21173 V Console : Activity lifecycle :: PRE-STOPPED :: SettingsActivity
09-23 18:34:06.096 21173 21173 V Console : Activity lifecycle :: STOPPED :: SettingsActivity
09-23 18:34:06.097 21173 21173 D LifecycleMonitor: Lifecycle status change: com.shareconnect.SettingsActivity@5823a52 in: STOPPED
09-23 18:34:06.097 21173 21173 V ActivityScenario: Activity lifecycle changed event received but ignored because the intent does not match. startActivityIntent=Intent { act=android.intent.action.MAIN cat=[android.intent.category.LAUNCHER] flg=0x10008000 cmp=com.shareconnect/.MainActivity }, activity.getIntent()=Intent { cmp=com.shareconnect/.SettingsActivity (has extras) }, activity=com.shareconnect.SettingsActivity@5823a52
09-23 18:34:06.097 21173 21173 V Console : Activity lifecycle :: POST-STOPPED :: SettingsActivity
09-23 18:34:06.109 21173 21248 E TestRunner: failed: testAccessibilityLabels(com.shareconnect.automation.AccessibilityAutomationTest)
09-23 18:34:06.110 11811 11811 I GoogleInputMethodService: GoogleInputMethodService.onFinishInput():3227
09-23 18:34:06.114 21173 21248 E TestRunner: ----- begin exception -----
09-23 18:34:06.114 21173 21248 E TestRunner: java.lang.NoClassDefFoundError: Failed resolution of: Lorg/hamcrest/Matchers;
09-23 18:34:06.114 21173 21248 E TestRunner: 	at androidx.test.espresso.matcher.ViewMatchers.withId(ViewMatchers.java:1)
09-23 18:34:06.114 21173 21248 E TestRunner: 	at com.shareconnect.automation.AccessibilityAutomationTest.testAccessibilityLabels(AccessibilityAutomationTest.kt:35)
09-23 18:34:06.114 21173 21248 E TestRunner: 	at java.lang.reflect.Method.invoke(Native Method)
09-23 18:34:06.114 21173 21248 E TestRunner: 	at org.junit.runners.model.FrameworkMethod$1.runReflectiveCall(FrameworkMethod.java:59)
09-23 18:34:06.114 21173 21248 E TestRunner: 	at org.junit.internal.runners.model.ReflectiveCallable.run(ReflectiveCallable.java:12)
09-23 18:34:06.114 21173 21248 E TestRunner: 	at org.junit.runners.model.FrameworkMethod.invokeExplosively(FrameworkMethod.java:56)
09-23 18:34:06.114 21173 21248 E TestRunner: 	at org.junit.internal.runners.statements.InvokeMethod.evaluate(InvokeMethod.java:17)
09-23 18:34:06.114 21173 21248 E TestRunner: 	at androidx.test.internal.runner.junit4.statement.RunBefores.evaluate(RunBefores.java:80)
09-23 18:34:06.114 21173 21248 E TestRunner: 	at androidx.test.internal.runner.junit4.statement.RunAfters.evaluate(RunAfters.java:61)
09-23 18:34:06.114 21173 21248 E TestRunner: 	at org.junit.runners.ParentRunner$3.evaluate(ParentRunner.java:306)
09-23 18:34:06.114 21173 21248 E TestRunner: 	at org.junit.runners.BlockJUnit4ClassRunner$1.evaluate(BlockJUnit4ClassRunner.java:100)
09-23 18:34:06.114 21173 21248 E TestRunner: 	at org.junit.runners.ParentRunner.runLeaf(ParentRunner.java:366)
09-23 18:34:06.114 21173 21248 E TestRunner: 	at org.junit.runners.BlockJUnit4ClassRunner.runChild(BlockJUnit4ClassRunner.java:103)
09-23 18:34:06.114 21173 21248 E TestRunner: 	at org.junit.runners.BlockJUnit4ClassRunner.runChild(BlockJUnit4ClassRunner.java:63)
09-23 18:34:06.114 21173 21248 E TestRunner: 	at org.junit.runners.ParentRunner$4.run(ParentRunner.java:331)
09-23 18:34:06.114 21173 21248 E TestRunner: 	at org.junit.runners.ParentRunner$1.schedule(ParentRunner.java:79)
09-23 18:34:06.114 21173 21248 E TestRunner: 	at org.junit.runners.ParentRunner.runChildren(ParentRunner.java:329)
09-23 18:34:06.114 21173 21248 E TestRunner: 	at org.junit.runners.ParentRunner.access$100(ParentRunner.java:66)
09-23 18:34:06.114 21173 21248 E TestRunner: 	at org.junit.runners.ParentRunner$2.evaluate(ParentRunner.java:293)
09-23 18:34:06.114 21173 21248 E TestRunner: 	at org.junit.runners.ParentRunner$3.evaluate(ParentRunner.java:306)
09-23 18:34:06.114 21173 21248 E TestRunner: 	at org.junit.runners.ParentRunner.run(ParentRunner.java:413)
09-23 18:34:06.114 21173 21248 E TestRunner: 	at androidx.test.ext.junit.runners.AndroidJUnit4.run(AndroidJUnit4.java:162)
09-23 18:34:06.114 21173 21248 E TestRunner: 	at org.junit.runners.Suite.runChild(Suite.java:128)
09-23 18:34:06.114 21173 21248 E TestRunner: 	at org.junit.runners.Suite.runChild(Suite.java:27)
09-23 18:34:06.114 21173 21248 E TestRunner: 	at org.junit.runners.ParentRunner$4.run(ParentRunner.java:331)
09-23 18:34:06.114 21173 21248 E TestRunner: 	at org.junit.runners.ParentRunner$1.schedule(ParentRunner.java:79)
09-23 18:34:06.114 21173 21248 E TestRunner: 	at org.junit.runners.ParentRunner.runChildren(ParentRunner.java:329)
09-23 18:34:06.114 21173 21248 E TestRunner: 	at org.junit.runners.ParentRunner.access$100(ParentRunner.java:66)
09-23 18:34:06.114 21173 21248 E TestRunner: 	at org.junit.runners.ParentRunner$2.evaluate(ParentRunner.java:293)
09-23 18:34:06.114 21173 21248 E TestRunner: 	at org.junit.runners.ParentRunner$3.evaluate(ParentRunner.java:306)
09-23 18:34:06.114 21173 21248 E TestRunner: 	at org.junit.runners.ParentRunner.run(ParentRunner.java:413)
09-23 18:34:06.114 21173 21248 E TestRunner: 	at org.junit.runners.Suite.runChild(Suite.java:128)
09-23 18:34:06.114 21173 21248 E TestRunner: 	at org.junit.runners.Suite.runChild(Suite.java:27)
09-23 18:34:06.114 21173 21248 E TestRunner: 	at org.junit.runners.ParentRunner$4.run(ParentRunner.java:331)
09-23 18:34:06.114 21173 21248 E TestRunner: 	at org.junit.runners.ParentRunner$1.schedule(ParentRunner.java:79)
09-23 18:34:06.114 21173 21248 E TestRunner: 	at org.junit.runners.ParentRunner.runChildren(ParentRunner.java:329)
09-23 18:34:06.114 21173 21248 E TestRunner: 	at org.junit.runners.ParentRunner.access$100(ParentRunner.java:66)
09-23 18:34:06.114 21173 21248 E TestRunner: 	at org.junit.runners.ParentRunner$2.evaluate(ParentRunner.java:293)
09-23 18:34:06.114 21173 21248 E TestRunner: 	at org.junit.runners.ParentRunner$3.evaluate(ParentRunner.java:306)
09-23 18:34:06.114 21173 21248 E TestRunner: 	at org.junit.runners.ParentRunner.run(ParentRunner.java:413)
09-23 18:34:06.114 21173 21248 E TestRunner: 	at org.junit.runner.JUnitCore.run(JUnitCore.java:137)
09-23 18:34:06.114 21173 21248 E TestRunner: 	at org.junit.runner.JUnitCore.run(JUnitCore.java:115)
09-23 18:34:06.114 21173 21248 E TestRunner: 	at androidx.test.internal.runner.TestExecutor.execute(TestExecutor.java:68)
09-23 18:34:06.114 21173 21248 E TestRunner: 	at androidx.test.internal.runner.TestExecutor.execute(TestExecutor.java:59)
09-23 18:34:06.114 21173 21248 E TestRunner: 	at androidx.test.runner.AndroidJUnitRunner.onStart(AndroidJUnitRunner.java:463)
09-23 18:34:06.114 21173 21248 E TestRunner: 	at android.app.Instrumentation$InstrumentationThread.run(Instrumentation.java:2361)
09-23 18:34:06.114 21173 21248 E TestRunner: Caused by: java.lang.ClassNotFoundException: Didn't find class "org.hamcrest.Matchers" on path: DexPathList[[zip file "/system/framework/android.test.runner.jar", zip file "/system/framework/android.test.mock.jar", zip file "/system/framework/android.test.base.jar", zip file "/data/app/~~YOVoV3whYp25XUuerLfoEg==/com.shareconnect.test-eEA3urOlFgaxwn0QxaixJw==/base.apk", zip file "/data/app/~~LXf1C5enh4HIgT1m7WO3MQ==/com.shareconnect-n7Z_t5OsurgLPD3lXxcr6A==/base.apk"],nativeLibraryDirectories=[/data/app/~~YOVoV3whYp25XUuerLfoEg==/com.shareconnect.test-eEA3urOlFgaxwn0QxaixJw==/lib/arm64, /data/app/~~LXf1C5enh4HIgT1m7WO3MQ==/com.shareconnect-n7Z_t5OsurgLPD3lXxcr6A==/lib/arm64, /data/app/~~YOVoV3whYp25XUuerLfoEg==/com.shareconnect.test-eEA3urOlFgaxwn0QxaixJw==/base.apk!/lib/arm64-v8a, /data/app/~~LXf1C5enh4HIgT1m7WO3MQ==/com.shareconnect-n7Z_t5OsurgLPD3lXxcr6A==/base.apk!/lib/arm64-v8a, /system/lib64, /system_ext/lib64]]
09-23 18:34:06.114 21173 21248 E TestRunner: 	at dalvik.system.BaseDexClassLoader.findClass(BaseDexClassLoader.java:259)
09-23 18:34:06.114 21173 21248 E TestRunner: 	at java.lang.ClassLoader.loadClass(ClassLoader.java:379)
09-23 18:34:06.114 21173 21248 E TestRunner: 	at java.lang.ClassLoader.loadClass(ClassLoader.java:312)
09-23 18:34:06.114 21173 21248 E TestRunner: 	... 46 more
09-23 18:34:06.114 21173 21248 E TestRunner: ----- end exception -----
09-23 18:34:06.122 21173 21248 I TestRunner: finished: testAccessibilityLabels(com.shareconnect.automation.AccessibilityAutomationTest)
