09-23 18:34:07.086 21173 21248 I TestRunner: started: testStateDescriptions(com.shareconnect.automation.AccessibilityAutomationTest)
09-23 18:34:07.089 21173 21248 W Settings: Setting always_finish_activities has moved from android.provider.Settings.System to android.provider.Settings.Global, returning read-only value.
09-23 18:34:07.106   779   868 W Parcel  : Expecting binder but got null!
09-23 18:34:07.111 21173 21173 D LifecycleMonitor: Lifecycle status change: com.shareconnect.MainActivity@16784a7 in: PRE_ON_CREATE
09-23 18:34:07.111 21173 21173 V ActivityScenario: Activity lifecycle changed event received but ignored because the reported transition was not ON_CREATE while the last known transition was PRE_ON_CREATE
09-23 18:34:07.112 21173 21173 D Console : getDefaultTheme() returned: Warm Orange Light (ID: 1, isDefault: true)
09-23 18:34:07.112 21173 21173 D Console : getDefaultTheme() returned: Warm Orange Light (ID: 1, isDefault: true)
09-23 18:34:07.112 21173 21173 D Console : Applying theme: Warm Orange Light, colorScheme: warm_orange, isDarkMode: false, currentTheme: WARM_ORANGE_LIGHT
09-23 18:34:07.112 21173 21173 D Console : Activity MainActivity usesToolbar: true
09-23 18:34:07.112 21173 21173 D Console : Setting night mode to NO
09-23 18:34:07.117 21173 21173 D LifecycleMonitor: Lifecycle status change: com.shareconnect.MainActivity@16784a7 in: CREATED
09-23 18:34:07.117 21173 21173 V ActivityScenario: Update currentActivityStage to CREATED, currentActivity=com.shareconnect.MainActivity@16784a7
09-23 18:34:07.118 21173 21173 D LifecycleMonitor: Lifecycle status change: com.shareconnect.MainActivity@16784a7 in: STARTED
09-23 18:34:07.118 21173 21173 V ActivityScenario: Update currentActivityStage to STARTED, currentActivity=com.shareconnect.MainActivity@16784a7
09-23 18:34:07.119 21173 21173 D FirebaseSessions: App foregrounded on com.shareconnect
09-23 18:34:07.120 21173 21173 V Console : Activity lifecycle :: RESUMED :: MainActivity
09-23 18:34:07.120 21173 21173 V Console : Foreground activity counter :: AtomicIntWrapper :: 12312792 :: 227589169 :: Value of: 0
09-23 18:34:07.120 21173 21173 I Console : Activity lifecycle :: Main state :: Foreground
09-23 18:34:07.120 21173 21173 V Console : Foreground activity counter :: AtomicIntWrapper :: 12312792 :: 227589169 :: Incremented to: 1
09-23 18:34:07.121 21173 21173 D Console : hasThemeChanged() returned: false
09-23 18:34:07.121 21173 21173 D Console : onResume() called, themeChanged: false
09-23 18:34:07.121 21173 21173 D LifecycleMonitor: Lifecycle status change: com.shareconnect.MainActivity@16784a7 in: RESUMED
09-23 18:34:07.121 21173 21173 V ActivityScenario: Update currentActivityStage to RESUMED, currentActivity=com.shareconnect.MainActivity@16784a7
09-23 18:34:07.121 21173 21173 V Console : Activity lifecycle :: POST-RESUMED :: MainActivity
09-23 18:34:07.122 21173 21267 W Parcel  : Expecting binder but got null!
09-23 18:34:07.127   779   868 E OpenGLRenderer: Unable to match the desired swap behavior.
09-23 18:34:07.127 21173 21173 V Console : Activity lifecycle :: PRE-PAUSED :: MainActivity
09-23 18:34:07.127 21173 21173 D Console : Activity lifecycle :: Top activity: MainActivity
09-23 18:34:07.128 21173 21173 D FirebaseSessions: App backgrounded on com.shareconnect
09-23 18:34:07.128 21173 21173 V Console : Activity lifecycle :: PAUSED :: MainActivity
09-23 18:34:07.129 21173 21173 V Console : Foreground activity counter :: AtomicIntWrapper :: 12312792 :: 227589169 :: Decremented to: 0
09-23 18:34:07.129 21173 21173 D LifecycleMonitor: Lifecycle status change: com.shareconnect.MainActivity@16784a7 in: PAUSED
09-23 18:34:07.129 21173 21173 V ActivityScenario: Update currentActivityStage to PAUSED, currentActivity=com.shareconnect.MainActivity@16784a7
09-23 18:34:07.152 21173 21267 E OpenGLRenderer: Unable to match the desired swap behavior.
09-23 18:34:07.165 21173 21173 D LifecycleMonitor: Lifecycle status change: com.shareconnect.SettingsActivity@a40e14e in: PRE_ON_CREATE
09-23 18:34:07.165 21173 21173 V ActivityScenario: Activity lifecycle changed event received but ignored because the intent does not match. startActivityIntent=Intent { act=android.intent.action.MAIN cat=[android.intent.category.LAUNCHER] flg=0x10008000 cmp=com.shareconnect/.MainActivity }, activity.getIntent()=Intent { cmp=com.shareconnect/.SettingsActivity (has extras) }, activity=com.shareconnect.SettingsActivity@a40e14e
09-23 18:34:07.166 21173 21173 D Console : getDefaultTheme() returned: Warm Orange Light (ID: 1, isDefault: true)
09-23 18:34:07.166 21173 21173 D Console : getDefaultTheme() returned: Warm Orange Light (ID: 1, isDefault: true)
09-23 18:34:07.166 21173 21173 D Console : Applying theme: Warm Orange Light, colorScheme: warm_orange, isDarkMode: false, currentTheme: WARM_ORANGE_LIGHT
09-23 18:34:07.166 21173 21173 D Console : Activity SettingsActivity usesToolbar: true
09-23 18:34:07.166 21173 21173 D Console : Setting night mode to NO
09-23 18:34:07.169 21173 21173 D LifecycleMonitor: Lifecycle status change: com.shareconnect.SettingsActivity@a40e14e in: CREATED
09-23 18:34:07.169 21173 21173 V ActivityScenario: Activity lifecycle changed event received but ignored because the intent does not match. startActivityIntent=Intent { act=android.intent.action.MAIN cat=[android.intent.category.LAUNCHER] flg=0x10008000 cmp=com.shareconnect/.MainActivity }, activity.getIntent()=Intent { cmp=com.shareconnect/.SettingsActivity (has extras) }, activity=com.shareconnect.SettingsActivity@a40e14e
09-23 18:34:07.172 21173 21173 D LifecycleMonitor: Lifecycle status change: com.shareconnect.SettingsActivity@a40e14e in: STARTED
09-23 18:34:07.172 21173 21173 V ActivityScenario: Activity lifecycle changed event received but ignored because the intent does not match. startActivityIntent=Intent { act=android.intent.action.MAIN cat=[android.intent.category.LAUNCHER] flg=0x10008000 cmp=com.shareconnect/.MainActivity }, activity.getIntent()=Intent { cmp=com.shareconnect/.SettingsActivity (has extras) }, activity=com.shareconnect.SettingsActivity@a40e14e
09-23 18:34:07.176 21173 21173 D FirebaseSessions: App foregrounded on com.shareconnect
09-23 18:34:07.178 21173 21173 V Console : Activity lifecycle :: RESUMED :: SettingsActivity
09-23 18:34:07.178 21173 21173 V Console : Foreground activity counter :: AtomicIntWrapper :: 12312792 :: 227589169 :: Value of: 0
09-23 18:34:07.178 21173 21173 I Console : Activity lifecycle :: Main state :: Foreground
09-23 18:34:07.178 21173 21173 V Console : Foreground activity counter :: AtomicIntWrapper :: 12312792 :: 227589169 :: Incremented to: 1
09-23 18:34:07.179 21173 21173 D LifecycleMonitor: Lifecycle status change: com.shareconnect.SettingsActivity@a40e14e in: RESUMED
09-23 18:34:07.179 21173 21173 V ActivityScenario: Activity lifecycle changed event received but ignored because the intent does not match. startActivityIntent=Intent { act=android.intent.action.MAIN cat=[android.intent.category.LAUNCHER] flg=0x10008000 cmp=com.shareconnect/.MainActivity }, activity.getIntent()=Intent { cmp=com.shareconnect/.SettingsActivity (has extras) }, activity=com.shareconnect.SettingsActivity@a40e14e
09-23 18:34:07.179 21173 21173 V Console : Activity lifecycle :: POST-RESUMED :: SettingsActivity
09-23 18:34:07.180 21173 21267 W Parcel  : Expecting binder but got null!
09-23 18:34:07.182 21173 21173 V Console : Activity lifecycle :: PRE-STOPPED :: MainActivity
09-23 18:34:07.183 21173 21173 V Console : Activity lifecycle :: STOPPED :: MainActivity
09-23 18:34:07.183 21173 21173 D LifecycleMonitor: Lifecycle status change: com.shareconnect.MainActivity@16784a7 in: STOPPED
09-23 18:34:07.183 21173 21173 V ActivityScenario: Update currentActivityStage to STOPPED, currentActivity=com.shareconnect.MainActivity@16784a7
09-23 18:34:07.183 21173 21173 V Console : Activity lifecycle :: POST-STOPPED :: MainActivity
09-23 18:34:07.196 21173 21267 E OpenGLRenderer: Unable to match the desired swap behavior.
09-23 18:34:07.198  1581  1581 I GsaVoiceInteractionSrv: Handling ACTION_STOP_HOTWORD
09-23 18:34:07.199  1581  2233 I HwDetectorWithState: (REDACTED) a: %d
09-23 18:34:07.217   779   868 D EGL_emulation: app_time_stats: avg=547.00ms min=11.90ms max=6222.52ms count=13
09-23 18:34:07.221   488   503 W ziparchive: Unable to open '/data/app/~~LXf1C5enh4HIgT1m7WO3MQ==/com.shareconnect-n7Z_t5OsurgLPD3lXxcr6A==/base.dm': No such file or directory
09-23 18:34:07.229 11811 11811 I GoogleInputMethodService: GoogleInputMethodService.onFinishInput():3227
09-23 18:34:07.230   488   503 I ActivityTaskManager: Displayed com.shareconnect/.SettingsActivity: +127ms
09-23 18:34:07.230 11811 11811 I GoogleInputMethodService: GoogleInputMethodService.updateDeviceLockedStatus():2087 repeatCheckTimes = 0, unlocked = true
09-23 18:34:07.231 11811 11811 I GoogleInputMethodService: GoogleInputMethodService.onStartInput():1877 onStartInput(EditorInfo{inputType=0x0(NULL) imeOptions=0x0 privateImeOptions=null actionName=UNSPECIFIED actionLabel=null actionId=0 initialSelStart=-1 initialSelEnd=-1 initialCapsMode=0x0 hintText=null label=null packageName=com.shareconnect fieldId=2131231190 fieldName=null extras=null}, false)
09-23 18:34:07.231 11811 11811 I GoogleInputMethodService: GoogleInputMethodService.shouldHideHeaderOnInitialState():4008 ShouldHideHeaderOnInitialState = false
09-23 18:34:07.231 11811 11811 I GoogleInputMethodService: GoogleInputMethodService.updateDeviceLockedStatus():2087 repeatCheckTimes = 2, unlocked = true
09-23 18:34:07.431   779   868 D EGL_emulation: app_time_stats: avg=540.49ms min=18.26ms max=4854.10ms count=10
09-23 18:34:07.437  1581  2228 I AssistantForeground: (REDACTED) Get launcher package: %s
09-23 18:34:07.452   998  1945 D OneSearchSuggestProvider: Shut down the binder channel
09-23 18:34:07.453   998  3874 I s.nexuslauncher: oneway function results for code 2 on binder at 0xb400007a39477cd0 will be dropped but finished with status UNKNOWN_TRANSACTION
09-23 18:34:07.514   488  1120 W InputManager-JNI: Input channel object 'e4d9e15 Splash Screen com.shareconnect (client)' was disposed without first being removed with the input manager!
09-23 18:34:07.629 21173 21497 V Console : Foreground activity counter :: AtomicIntWrapper :: 12312792 :: 227589169 :: Value of: 1
09-23 18:34:08.462   779   868 D EGL_emulation: app_time_stats: avg=36.54ms min=10.25ms max=113.59ms count=28
09-23 18:34:08.822 21173 21267 D EGL_emulation: app_time_stats: avg=150.15ms min=1.88ms max=1460.94ms count=10
09-23 18:34:09.997 15832 15832 W ThreadPoolForeg: type=1400 audit(0.0:660): avc: denied { write } for name="traced_producer" dev="tmpfs" ino=647 scontext=u:r:gmscore_app:s0:c512,c768 tcontext=u:object_r:traced_producer_socket:s0 tclass=sock_file permissive=0 app=com.google.android.gms
09-23 18:34:12.356 21173 21173 V Console : Activity lifecycle :: PRE-PAUSED :: SettingsActivity
09-23 18:34:12.365 11307 11307 W ThreadPoolForeg: type=1400 audit(0.0:661): avc: denied { write } for name="traced_producer" dev="tmpfs" ino=647 scontext=u:r:gmscore_app:s0:c512,c768 tcontext=u:object_r:traced_producer_socket:s0 tclass=sock_file permissive=0 app=com.google.android.gms
09-23 18:34:12.356 21173 21173 D Console : Activity lifecycle :: Top activity: SettingsActivity
09-23 18:34:12.357 21173 21173 D FirebaseSessions: App backgrounded on com.shareconnect
09-23 18:34:12.371 21173 21173 V Console : Activity lifecycle :: PAUSED :: SettingsActivity
09-23 18:34:12.375 21173 21173 V Console : Foreground activity counter :: AtomicIntWrapper :: 12312792 :: 227589169 :: Decremented to: 0
09-23 18:34:12.377 21173 21173 D LifecycleMonitor: Lifecycle status change: com.shareconnect.SettingsActivity@a40e14e in: PAUSED
09-23 18:34:12.377 21173 21173 V ActivityScenario: Activity lifecycle changed event received but ignored because the intent does not match. startActivityIntent=Intent { act=android.intent.action.MAIN cat=[android.intent.category.LAUNCHER] flg=0x10008000 cmp=com.shareconnect/.MainActivity }, activity.getIntent()=Intent { cmp=com.shareconnect/.SettingsActivity (has extras) }, activity=com.shareconnect.SettingsActivity@a40e14e
09-23 18:34:12.405 21173 21173 D LifecycleMonitor: Lifecycle status change: androidx.test.core.app.InstrumentationActivityInvoker$EmptyActivity@f0b3cfc in: PRE_ON_CREATE
09-23 18:34:12.406 21173 21173 V ActivityScenario: Activity lifecycle changed event received but ignored because the intent does not match. startActivityIntent=Intent { act=android.intent.action.MAIN cat=[android.intent.category.LAUNCHER] flg=0x10008000 cmp=com.shareconnect/.MainActivity }, activity.getIntent()=Intent { act=android.intent.action.MAIN cat=[android.intent.category.LAUNCHER] flg=0x10000000 cmp=com.shareconnect/androidx.test.core.app.InstrumentationActivityInvoker$EmptyActivity }, activity=androidx.test.core.app.InstrumentationActivityInvoker$EmptyActivity@f0b3cfc
09-23 18:34:12.428 21173 21173 D LifecycleMonitor: Lifecycle status change: androidx.test.core.app.InstrumentationActivityInvoker$EmptyActivity@f0b3cfc in: CREATED
09-23 18:34:12.428 21173 21173 V ActivityScenario: Activity lifecycle changed event received but ignored because the intent does not match. startActivityIntent=Intent { act=android.intent.action.MAIN cat=[android.intent.category.LAUNCHER] flg=0x10008000 cmp=com.shareconnect/.MainActivity }, activity.getIntent()=Intent { act=android.intent.action.MAIN cat=[android.intent.category.LAUNCHER] flg=0x10000000 cmp=com.shareconnect/androidx.test.core.app.InstrumentationActivityInvoker$EmptyActivity }, activity=androidx.test.core.app.InstrumentationActivityInvoker$EmptyActivity@f0b3cfc
09-23 18:34:12.429 21173 21173 D LifecycleMonitor: Lifecycle status change: androidx.test.core.app.InstrumentationActivityInvoker$EmptyActivity@f0b3cfc in: STARTED
09-23 18:34:12.429 21173 21173 V ActivityScenario: Activity lifecycle changed event received but ignored because the intent does not match. startActivityIntent=Intent { act=android.intent.action.MAIN cat=[android.intent.category.LAUNCHER] flg=0x10008000 cmp=com.shareconnect/.MainActivity }, activity.getIntent()=Intent { act=android.intent.action.MAIN cat=[android.intent.category.LAUNCHER] flg=0x10000000 cmp=com.shareconnect/androidx.test.core.app.InstrumentationActivityInvoker$EmptyActivity }, activity=androidx.test.core.app.InstrumentationActivityInvoker$EmptyActivity@f0b3cfc
09-23 18:34:12.430 21173 21173 D FirebaseSessions: App foregrounded on com.shareconnect
09-23 18:34:12.435 21173 21173 V Console : Activity lifecycle :: RESUMED :: EmptyActivity
09-23 18:34:12.435 21173 21173 V Console : Foreground activity counter :: AtomicIntWrapper :: 12312792 :: 227589169 :: Value of: 0
09-23 18:34:12.436 21173 21173 I Console : Activity lifecycle :: Main state :: Foreground
09-23 18:34:12.436 21173 21173 V Console : Foreground activity counter :: AtomicIntWrapper :: 12312792 :: 227589169 :: Incremented to: 1
09-23 18:34:12.436 21173 21173 D LifecycleMonitor: Lifecycle status change: androidx.test.core.app.InstrumentationActivityInvoker$EmptyActivity@f0b3cfc in: RESUMED
09-23 18:34:12.436 21173 21173 V ActivityScenario: Activity lifecycle changed event received but ignored because the intent does not match. startActivityIntent=Intent { act=android.intent.action.MAIN cat=[android.intent.category.LAUNCHER] flg=0x10008000 cmp=com.shareconnect/.MainActivity }, activity.getIntent()=Intent { act=android.intent.action.MAIN cat=[android.intent.category.LAUNCHER] flg=0x10000000 cmp=com.shareconnect/androidx.test.core.app.InstrumentationActivityInvoker$EmptyActivity }, activity=androidx.test.core.app.InstrumentationActivityInvoker$EmptyActivity@f0b3cfc
09-23 18:34:12.437 21173 21173 V Console : Activity lifecycle :: POST-RESUMED :: EmptyActivity
09-23 18:34:12.450 21173 21267 W Parcel  : Expecting binder but got null!
09-23 18:34:12.488 21173 21267 E OpenGLRenderer: Unable to match the desired swap behavior.
09-23 18:34:12.518   488   503 I ActivityTaskManager: Displayed com.shareconnect/androidx.test.core.app.InstrumentationActivityInvoker$EmptyActivity: +195ms
09-23 18:34:12.537 11307 21262 D AdvertisingIdClient: AdvertisingIdClient already created.
09-23 18:34:12.542 11307 21262 I AdvertisingIdClient: shouldSendLog 3283680
09-23 18:34:12.542 11307 21262 I AdvertisingIdClient: GetInfoInternal elapse 4ms
09-23 18:34:12.551 21173 21173 V Console : Activity lifecycle :: PRE-STOPPED :: SettingsActivity
09-23 18:34:12.555 21173 21173 V Console : Activity lifecycle :: STOPPED :: SettingsActivity
09-23 18:34:12.556 21173 21173 D LifecycleMonitor: Lifecycle status change: com.shareconnect.SettingsActivity@a40e14e in: STOPPED
09-23 18:34:12.556 21173 21173 V ActivityScenario: Activity lifecycle changed event received but ignored because the intent does not match. startActivityIntent=Intent { act=android.intent.action.MAIN cat=[android.intent.category.LAUNCHER] flg=0x10008000 cmp=com.shareconnect/.MainActivity }, activity.getIntent()=Intent { cmp=com.shareconnect/.SettingsActivity (has extras) }, activity=com.shareconnect.SettingsActivity@a40e14e
09-23 18:34:12.556 21173 21173 V Console : Activity lifecycle :: POST-STOPPED :: SettingsActivity
09-23 18:34:12.558 21173 21173 V Console : Activity lifecycle :: PRE-DESTROYED :: MainActivity
09-23 18:34:12.559 21173 21173 V Console : Activity lifecycle :: DESTROYED :: MainActivity
09-23 18:34:12.560 21173 21173 D LifecycleMonitor: Lifecycle status change: com.shareconnect.MainActivity@16784a7 in: DESTROYED
09-23 18:34:12.560 21173 21173 V ActivityScenario: Update currentActivityStage to DESTROYED, currentActivity=null
09-23 18:34:12.563   488  1120 W InputManager-JNI: Input channel object '1cb4864 com.shareconnect/com.shareconnect.MainActivity (client)' was disposed without first being removed with the input manager!
09-23 18:34:12.580 11811 11811 I GoogleInputMethodService: GoogleInputMethodService.onFinishInput():3227
09-23 18:34:12.585 21173 21248 E TestRunner: failed: testStateDescriptions(com.shareconnect.automation.AccessibilityAutomationTest)
09-23 18:34:12.585 21173 21248 E TestRunner: ----- begin exception -----
09-23 18:34:12.585 21173 21248 E TestRunner: java.lang.NullPointerException: Attempt to invoke virtual method 'boolean android.view.View.isEnabled()' on a null object reference
09-23 18:34:12.585 21173 21248 E TestRunner: 	at com.shareconnect.automation.AccessibilityAutomationTest.testStateDescriptions$lambda$0(AccessibilityAutomationTest.kt:163)
09-23 18:34:12.585 21173 21248 E TestRunner: 	at com.shareconnect.automation.AccessibilityAutomationTest.$r8$lambda$UZDz-2ZK8LnEJF36JAwnFqS9YgM(Unknown Source:0)
09-23 18:34:12.585 21173 21248 E TestRunner: 	at com.shareconnect.automation.AccessibilityAutomationTest$$ExternalSyntheticLambda0.perform(D8$$SyntheticClass:0)
09-23 18:34:12.585 21173 21248 E TestRunner: 	at androidx.test.core.app.ActivityScenario.lambda$onActivity$2$androidx-test-core-app-ActivityScenario(ActivityScenario.java:794)
09-23 18:34:12.585 21173 21248 E TestRunner: 	at androidx.test.core.app.ActivityScenario$$ExternalSyntheticLambda2.run(D8$$SyntheticClass:0)
09-23 18:34:12.585 21173 21248 E TestRunner: 	at java.util.concurrent.Executors$RunnableAdapter.call(Executors.java:463)
09-23 18:34:12.585 21173 21248 E TestRunner: 	at java.util.concurrent.FutureTask.run(FutureTask.java:264)
09-23 18:34:12.585 21173 21248 E TestRunner: 	at android.app.Instrumentation$SyncRunnable.run(Instrumentation.java:2379)
09-23 18:34:12.585 21173 21248 E TestRunner: 	at android.os.Handler.handleCallback(Handler.java:942)
09-23 18:34:12.585 21173 21248 E TestRunner: 	at android.os.Handler.dispatchMessage(Handler.java:99)
09-23 18:34:12.585 21173 21248 E TestRunner: 	at android.os.Looper.loopOnce(Looper.java:201)
09-23 18:34:12.585 21173 21248 E TestRunner: 	at android.os.Looper.loop(Looper.java:288)
09-23 18:34:12.585 21173 21248 E TestRunner: 	at android.app.ActivityThread.main(ActivityThread.java:7924)
09-23 18:34:12.585 21173 21248 E TestRunner: 	at java.lang.reflect.Method.invoke(Native Method)
09-23 18:34:12.585 21173 21248 E TestRunner: 	at com.android.internal.os.RuntimeInit$MethodAndArgsCaller.run(RuntimeInit.java:548)
09-23 18:34:12.585 21173 21248 E TestRunner: 	at com.android.internal.os.ZygoteInit.main(ZygoteInit.java:936)
09-23 18:34:12.585 11811 11811 I GoogleInputMethodService: GoogleInputMethodService.updateDeviceLockedStatus():2087 repeatCheckTimes = 0, unlocked = true
09-23 18:34:12.586 11811 11811 I GoogleInputMethodService: GoogleInputMethodService.onStartInput():1877 onStartInput(EditorInfo{inputType=0x0(NULL) imeOptions=0x0 privateImeOptions=null actionName=UNSPECIFIED actionLabel=null actionId=0 initialSelStart=-1 initialSelEnd=-1 initialCapsMode=0x0 hintText=null label=null packageName=com.shareconnect fieldId=-1 fieldName=null extras=null}, false)
09-23 18:34:12.586 21173 21248 E TestRunner: ----- end exception -----
09-23 18:34:12.586 11811 11811 I GoogleInputMethodService: GoogleInputMethodService.shouldHideHeaderOnInitialState():4008 ShouldHideHeaderOnInitialState = false
09-23 18:34:12.586 21173 21248 I TestRunner: finished: testStateDescriptions(com.shareconnect.automation.AccessibilityAutomationTest)
