09-23 18:35:07.314 21173 21248 I TestRunner: started: testFabAddButtonClick(com.shareconnect.activities.MainActivityInstrumentationTest)
09-23 18:35:07.429 21173 21248 W Settings: Setting always_finish_activities has moved from android.provider.Settings.System to android.provider.Settings.Global, returning read-only value.
09-23 18:35:07.564   779   868 W Parcel  : Expecting binder but got null!
09-23 18:35:07.832 21173 21173 D LifecycleMonitor: Lifecycle status change: com.shareconnect.MainActivity@29e2273 in: PRE_ON_CREATE
09-23 18:35:07.833 21173 21173 V ActivityScenario: Activity lifecycle changed event received but ignored because the reported transition was not ON_CREATE while the last known transition was PRE_ON_CREATE
09-23 18:35:07.858  1581  1581 I GsaVoiceInteractionSrv: Handling ACTION_STOP_HOTWORD
09-23 18:35:07.862 21173 21173 D Console : getDefaultTheme() returned: Warm Orange Light (ID: 1, isDefault: true)
09-23 18:35:07.863 21173 21173 D Console : getDefaultTheme() returned: Warm Orange Light (ID: 1, isDefault: true)
09-23 18:35:07.864 21173 21173 D Console : Applying theme: Warm Orange Light, colorScheme: warm_orange, isDarkMode: false, currentTheme: WARM_ORANGE_LIGHT
09-23 18:35:07.864 21173 21173 D Console : Activity MainActivity usesToolbar: true
09-23 18:35:07.965   998  1661 D EGL_emulation: app_time_stats: avg=28.94ms min=1.78ms max=693.58ms count=34
09-23 18:35:07.970 21173 21173 D Console : Setting night mode to NO
09-23 18:35:07.989   779   868 E OpenGLRenderer: Unable to match the desired swap behavior.
09-23 18:35:07.995  1581  2234 I HwDetectorWithState: (REDACTED) a: %d
09-23 18:35:08.053 21173 21173 D LifecycleMonitor: Lifecycle status change: com.shareconnect.MainActivity@29e2273 in: CREATED
09-23 18:35:08.054 21173 21173 V ActivityScenario: Update currentActivityStage to CREATED, currentActivity=com.shareconnect.MainActivity@29e2273
09-23 18:35:08.055 21173 21173 D LifecycleMonitor: Lifecycle status change: com.shareconnect.MainActivity@29e2273 in: STARTED
09-23 18:35:08.055 21173 21173 V ActivityScenario: Update currentActivityStage to STARTED, currentActivity=com.shareconnect.MainActivity@29e2273
09-23 18:35:08.061 21173 21173 D FirebaseSessions: App foregrounded on com.shareconnect
09-23 18:35:08.068 21173 21173 V Console : Activity lifecycle :: RESUMED :: MainActivity
09-23 18:35:08.069 21173 21173 V Console : Foreground activity counter :: AtomicIntWrapper :: 12312792 :: 227589169 :: Value of: 0
09-23 18:35:08.069 21173 21173 I Console : Activity lifecycle :: Main state :: Foreground
09-23 18:35:08.069 21173 21173 V Console : Foreground activity counter :: AtomicIntWrapper :: 12312792 :: 227589169 :: Incremented to: 1
09-23 18:35:08.069 21173 21173 D Console : hasThemeChanged() returned: false
09-23 18:35:08.070 21173 21173 D Console : onResume() called, themeChanged: false
09-23 18:35:08.070 21173 21173 D LifecycleMonitor: Lifecycle status change: com.shareconnect.MainActivity@29e2273 in: RESUMED
09-23 18:35:08.070 21173 21173 V ActivityScenario: Update currentActivityStage to RESUMED, currentActivity=com.shareconnect.MainActivity@29e2273
09-23 18:35:08.071 21173 21173 V Console : Activity lifecycle :: POST-RESUMED :: MainActivity
09-23 18:35:08.081 21173 21267 W Parcel  : Expecting binder but got null!
09-23 18:35:08.089 21173 21173 V Console : Activity lifecycle :: PRE-PAUSED :: MainActivity
09-23 18:35:08.089 21173 21173 D Console : Activity lifecycle :: Top activity: MainActivity
09-23 18:35:08.089 21173 21173 D FirebaseSessions: App backgrounded on com.shareconnect
09-23 18:35:08.093 21173 21173 V Console : Activity lifecycle :: PAUSED :: MainActivity
09-23 18:35:08.094 21173 21173 V Console : Foreground activity counter :: AtomicIntWrapper :: 12312792 :: 227589169 :: Decremented to: 0
09-23 18:35:08.096 21173 21173 D LifecycleMonitor: Lifecycle status change: com.shareconnect.MainActivity@29e2273 in: PAUSED
09-23 18:35:08.096 21173 21173 V ActivityScenario: Update currentActivityStage to PAUSED, currentActivity=com.shareconnect.MainActivity@29e2273
09-23 18:35:08.136 21173 21267 E OpenGLRenderer: Unable to match the desired swap behavior.
09-23 18:35:08.169 21173 21173 D LifecycleMonitor: Lifecycle status change: com.shareconnect.SettingsActivity@4a62da2 in: PRE_ON_CREATE
09-23 18:35:08.170 21173 21173 V ActivityScenario: Activity lifecycle changed event received but ignored because the intent does not match. startActivityIntent=Intent { act=android.intent.action.MAIN cat=[android.intent.category.LAUNCHER] flg=0x10008000 cmp=com.shareconnect/.MainActivity }, activity.getIntent()=Intent { cmp=com.shareconnect/.SettingsActivity (has extras) }, activity=com.shareconnect.SettingsActivity@4a62da2
09-23 18:35:08.177 21173 21173 D Console : getDefaultTheme() returned: Warm Orange Light (ID: 1, isDefault: true)
09-23 18:35:08.177 21173 21173 D Console : getDefaultTheme() returned: Warm Orange Light (ID: 1, isDefault: true)
09-23 18:35:08.178 21173 21173 D Console : Applying theme: Warm Orange Light, colorScheme: warm_orange, isDarkMode: false, currentTheme: WARM_ORANGE_LIGHT
09-23 18:35:08.178 21173 21173 D Console : Activity SettingsActivity usesToolbar: true
09-23 18:35:08.179 21173 21173 D Console : Setting night mode to NO
09-23 18:35:08.185 21173 21173 D LifecycleMonitor: Lifecycle status change: com.shareconnect.SettingsActivity@4a62da2 in: CREATED
09-23 18:35:08.185 21173 21173 V ActivityScenario: Activity lifecycle changed event received but ignored because the intent does not match. startActivityIntent=Intent { act=android.intent.action.MAIN cat=[android.intent.category.LAUNCHER] flg=0x10008000 cmp=com.shareconnect/.MainActivity }, activity.getIntent()=Intent { cmp=com.shareconnect/.SettingsActivity (has extras) }, activity=com.shareconnect.SettingsActivity@4a62da2
09-23 18:35:08.196 21173 21173 D LifecycleMonitor: Lifecycle status change: com.shareconnect.SettingsActivity@4a62da2 in: STARTED
09-23 18:35:08.196 21173 21173 V ActivityScenario: Activity lifecycle changed event received but ignored because the intent does not match. startActivityIntent=Intent { act=android.intent.action.MAIN cat=[android.intent.category.LAUNCHER] flg=0x10008000 cmp=com.shareconnect/.MainActivity }, activity.getIntent()=Intent { cmp=com.shareconnect/.SettingsActivity (has extras) }, activity=com.shareconnect.SettingsActivity@4a62da2
09-23 18:35:08.197 21173 21173 D FirebaseSessions: App foregrounded on com.shareconnect
09-23 18:35:08.201 21173 21173 V Console : Activity lifecycle :: RESUMED :: SettingsActivity
09-23 18:35:08.201 21173 21173 V Console : Foreground activity counter :: AtomicIntWrapper :: 12312792 :: 227589169 :: Value of: 0
09-23 18:35:08.201 21173 21173 I Console : Activity lifecycle :: Main state :: Foreground
09-23 18:35:08.201 21173 21173 V Console : Foreground activity counter :: AtomicIntWrapper :: 12312792 :: 227589169 :: Incremented to: 1
09-23 18:35:08.202 21173 21173 D LifecycleMonitor: Lifecycle status change: com.shareconnect.SettingsActivity@4a62da2 in: RESUMED
09-23 18:35:08.202 21173 21173 V ActivityScenario: Activity lifecycle changed event received but ignored because the intent does not match. startActivityIntent=Intent { act=android.intent.action.MAIN cat=[android.intent.category.LAUNCHER] flg=0x10008000 cmp=com.shareconnect/.MainActivity }, activity.getIntent()=Intent { cmp=com.shareconnect/.SettingsActivity (has extras) }, activity=com.shareconnect.SettingsActivity@4a62da2
09-23 18:35:08.203 21173 21173 V Console : Activity lifecycle :: POST-RESUMED :: SettingsActivity
09-23 18:35:08.211 21173 21267 W Parcel  : Expecting binder but got null!
09-23 18:35:08.237 21173 21267 E OpenGLRenderer: Unable to match the desired swap behavior.
09-23 18:35:08.253   779   868 D EGL_emulation: app_time_stats: avg=666.53ms min=6.35ms max=7137.63ms count=12
09-23 18:35:08.271   488   503 W ziparchive: Unable to open '/data/app/~~LXf1C5enh4HIgT1m7WO3MQ==/com.shareconnect-n7Z_t5OsurgLPD3lXxcr6A==/base.dm': No such file or directory
09-23 18:35:08.283   488   503 I ActivityTaskManager: Displayed com.shareconnect/.SettingsActivity: +823ms
09-23 18:35:08.294 11811 11811 I GoogleInputMethodService: GoogleInputMethodService.onFinishInput():3227
09-23 18:35:08.297 11811 11811 I GoogleInputMethodService: GoogleInputMethodService.updateDeviceLockedStatus():2087 repeatCheckTimes = 0, unlocked = true
09-23 18:35:08.297 11811 11811 I GoogleInputMethodService: GoogleInputMethodService.onStartInput():1877 onStartInput(EditorInfo{inputType=0x0(NULL) imeOptions=0x0 privateImeOptions=null actionName=UNSPECIFIED actionLabel=null actionId=0 initialSelStart=-1 initialSelEnd=-1 initialCapsMode=0x0 hintText=null label=null packageName=com.shareconnect fieldId=2131231190 fieldName=null extras=null}, false)
09-23 18:35:08.297 11811 11811 I GoogleInputMethodService: GoogleInputMethodService.shouldHideHeaderOnInitialState():4008 ShouldHideHeaderOnInitialState = false
09-23 18:35:08.299 11811 11811 I GoogleInputMethodService: GoogleInputMethodService.updateDeviceLockedStatus():2087 repeatCheckTimes = 2, unlocked = true
09-23 18:35:08.380   779   868 D EGL_emulation: app_time_stats: avg=269.53ms min=2.28ms max=5610.25ms count=24
09-23 18:35:08.396 21173 21173 V Console : Activity lifecycle :: PRE-STOPPED :: MainActivity
09-23 18:35:08.417 21173 21173 V Console : Activity lifecycle :: STOPPED :: MainActivity
09-23 18:35:08.417 21173 21173 D LifecycleMonitor: Lifecycle status change: com.shareconnect.MainActivity@29e2273 in: STOPPED
09-23 18:35:08.417 21173 21173 V ActivityScenario: Update currentActivityStage to STOPPED, currentActivity=com.shareconnect.MainActivity@29e2273
09-23 18:35:08.420 21173 21173 V Console : Activity lifecycle :: POST-STOPPED :: MainActivity
09-23 18:35:08.437  1581  2228 I AssistantForeground: (REDACTED) Get launcher package: %s
09-23 18:35:08.453   998  1945 D OneSearchSuggestProvider: Shut down the binder channel
09-23 18:35:08.454   998  3874 I s.nexuslauncher: oneway function results for code 2 on binder at 0xb400007a3946e460 will be dropped but finished with status UNKNOWN_TRANSACTION
09-23 18:35:08.548   488  4082 W InputManager-JNI: Input channel object 'c8e8851 Splash Screen com.shareconnect (client)' was disposed without first being removed with the input manager!
09-23 18:35:08.597 21173 21682 V Console : Foreground activity counter :: AtomicIntWrapper :: 12312792 :: 227589169 :: Value of: 1
09-23 18:35:09.428   779   868 D EGL_emulation: app_time_stats: avg=24.12ms min=11.86ms max=70.37ms count=43
09-23 18:35:09.853 21173 21267 D EGL_emulation: app_time_stats: avg=146.71ms min=1.16ms max=1438.50ms count=10
09-23 18:35:10.049 15832 15832 W ThreadPoolForeg: type=1400 audit(0.0:666): avc: denied { write } for name="traced_producer" dev="tmpfs" ino=647 scontext=u:r:gmscore_app:s0:c512,c768 tcontext=u:object_r:traced_producer_socket:s0 tclass=sock_file permissive=0 app=com.google.android.gms
09-23 18:35:12.405 11307 11307 W ThreadPoolForeg: type=1400 audit(0.0:667): avc: denied { write } for name="traced_producer" dev="tmpfs" ino=647 scontext=u:r:gmscore_app:s0:c512,c768 tcontext=u:object_r:traced_producer_socket:s0 tclass=sock_file permissive=0 app=com.google.android.gms
09-23 18:35:13.469 21173 21173 V Console : Activity lifecycle :: PRE-PAUSED :: SettingsActivity
09-23 18:35:13.471 21173 21173 D Console : Activity lifecycle :: Top activity: SettingsActivity
09-23 18:35:13.477 21173 21173 D FirebaseSessions: App backgrounded on com.shareconnect
09-23 18:35:13.485 21173 21173 V Console : Activity lifecycle :: PAUSED :: SettingsActivity
09-23 18:35:13.488 21173 21173 V Console : Foreground activity counter :: AtomicIntWrapper :: 12312792 :: 227589169 :: Decremented to: 0
09-23 18:35:13.488 21173 21173 D LifecycleMonitor: Lifecycle status change: com.shareconnect.SettingsActivity@4a62da2 in: PAUSED
09-23 18:35:13.488 21173 21173 V ActivityScenario: Activity lifecycle changed event received but ignored because the intent does not match. startActivityIntent=Intent { act=android.intent.action.MAIN cat=[android.intent.category.LAUNCHER] flg=0x10008000 cmp=com.shareconnect/.MainActivity }, activity.getIntent()=Intent { cmp=com.shareconnect/.SettingsActivity (has extras) }, activity=com.shareconnect.SettingsActivity@4a62da2
09-23 18:35:13.507 21173 21173 D LifecycleMonitor: Lifecycle status change: androidx.test.core.app.InstrumentationActivityInvoker$EmptyActivity@d90dc2b in: PRE_ON_CREATE
09-23 18:35:13.507 21173 21173 V ActivityScenario: Activity lifecycle changed event received but ignored because the intent does not match. startActivityIntent=Intent { act=android.intent.action.MAIN cat=[android.intent.category.LAUNCHER] flg=0x10008000 cmp=com.shareconnect/.MainActivity }, activity.getIntent()=Intent { act=android.intent.action.MAIN cat=[android.intent.category.LAUNCHER] flg=0x10000000 cmp=com.shareconnect/androidx.test.core.app.InstrumentationActivityInvoker$EmptyActivity }, activity=androidx.test.core.app.InstrumentationActivityInvoker$EmptyActivity@d90dc2b
09-23 18:35:13.517 21173 21173 D LifecycleMonitor: Lifecycle status change: androidx.test.core.app.InstrumentationActivityInvoker$EmptyActivity@d90dc2b in: CREATED
09-23 18:35:13.517 21173 21173 V ActivityScenario: Activity lifecycle changed event received but ignored because the intent does not match. startActivityIntent=Intent { act=android.intent.action.MAIN cat=[android.intent.category.LAUNCHER] flg=0x10008000 cmp=com.shareconnect/.MainActivity }, activity.getIntent()=Intent { act=android.intent.action.MAIN cat=[android.intent.category.LAUNCHER] flg=0x10000000 cmp=com.shareconnect/androidx.test.core.app.InstrumentationActivityInvoker$EmptyActivity }, activity=androidx.test.core.app.InstrumentationActivityInvoker$EmptyActivity@d90dc2b
09-23 18:35:13.518 21173 21173 D LifecycleMonitor: Lifecycle status change: androidx.test.core.app.InstrumentationActivityInvoker$EmptyActivity@d90dc2b in: STARTED
09-23 18:35:13.518 21173 21173 V ActivityScenario: Activity lifecycle changed event received but ignored because the intent does not match. startActivityIntent=Intent { act=android.intent.action.MAIN cat=[android.intent.category.LAUNCHER] flg=0x10008000 cmp=com.shareconnect/.MainActivity }, activity.getIntent()=Intent { act=android.intent.action.MAIN cat=[android.intent.category.LAUNCHER] flg=0x10000000 cmp=com.shareconnect/androidx.test.core.app.InstrumentationActivityInvoker$EmptyActivity }, activity=androidx.test.core.app.InstrumentationActivityInvoker$EmptyActivity@d90dc2b
09-23 18:35:13.520 21173 21173 D FirebaseSessions: App foregrounded on com.shareconnect
09-23 18:35:13.525 21173 21173 V Console : Activity lifecycle :: RESUMED :: EmptyActivity
09-23 18:35:13.525 21173 21173 V Console : Foreground activity counter :: AtomicIntWrapper :: 12312792 :: 227589169 :: Value of: 0
09-23 18:35:13.525 21173 21173 I Console : Activity lifecycle :: Main state :: Foreground
09-23 18:35:13.525 21173 21173 V Console : Foreground activity counter :: AtomicIntWrapper :: 12312792 :: 227589169 :: Incremented to: 1
09-23 18:35:13.532 21173 21173 D LifecycleMonitor: Lifecycle status change: androidx.test.core.app.InstrumentationActivityInvoker$EmptyActivity@d90dc2b in: RESUMED
09-23 18:35:13.532 21173 21173 V ActivityScenario: Activity lifecycle changed event received but ignored because the intent does not match. startActivityIntent=Intent { act=android.intent.action.MAIN cat=[android.intent.category.LAUNCHER] flg=0x10008000 cmp=com.shareconnect/.MainActivity }, activity.getIntent()=Intent { act=android.intent.action.MAIN cat=[android.intent.category.LAUNCHER] flg=0x10000000 cmp=com.shareconnect/androidx.test.core.app.InstrumentationActivityInvoker$EmptyActivity }, activity=androidx.test.core.app.InstrumentationActivityInvoker$EmptyActivity@d90dc2b
09-23 18:35:13.533 21173 21173 V Console : Activity lifecycle :: POST-RESUMED :: EmptyActivity
09-23 18:35:13.540 21173 21267 W Parcel  : Expecting binder but got null!
09-23 18:35:13.599 21173 21267 E OpenGLRenderer: Unable to match the desired swap behavior.
09-23 18:35:13.621   488   503 I ActivityTaskManager: Displayed com.shareconnect/androidx.test.core.app.InstrumentationActivityInvoker$EmptyActivity: +209ms
09-23 18:35:13.651 21173 21173 V Console : Activity lifecycle :: PRE-STOPPED :: SettingsActivity
09-23 18:35:13.653 21173 21173 V Console : Activity lifecycle :: STOPPED :: SettingsActivity
09-23 18:35:13.654 21173 21173 D LifecycleMonitor: Lifecycle status change: com.shareconnect.SettingsActivity@4a62da2 in: STOPPED
09-23 18:35:13.654 21173 21173 V ActivityScenario: Activity lifecycle changed event received but ignored because the intent does not match. startActivityIntent=Intent { act=android.intent.action.MAIN cat=[android.intent.category.LAUNCHER] flg=0x10008000 cmp=com.shareconnect/.MainActivity }, activity.getIntent()=Intent { cmp=com.shareconnect/.SettingsActivity (has extras) }, activity=com.shareconnect.SettingsActivity@4a62da2
09-23 18:35:13.656 21173 21173 V Console : Activity lifecycle :: POST-STOPPED :: SettingsActivity
09-23 18:35:13.659 21173 21173 V Console : Activity lifecycle :: PRE-DESTROYED :: MainActivity
09-23 18:35:13.660 21173 21173 V Console : Activity lifecycle :: DESTROYED :: MainActivity
09-23 18:35:13.662 21173 21173 D LifecycleMonitor: Lifecycle status change: com.shareconnect.MainActivity@29e2273 in: DESTROYED
09-23 18:35:13.662 21173 21173 V ActivityScenario: Update currentActivityStage to DESTROYED, currentActivity=null
09-23 18:35:13.664   488  4082 W InputManager-JNI: Input channel object '70b28af com.shareconnect/com.shareconnect.MainActivity (client)' was disposed without first being removed with the input manager!
09-23 18:35:13.675 11811 11811 I GoogleInputMethodService: GoogleInputMethodService.onFinishInput():3227
09-23 18:35:13.678 11811 11811 I GoogleInputMethodService: GoogleInputMethodService.updateDeviceLockedStatus():2087 repeatCheckTimes = 0, unlocked = true
09-23 18:35:13.678 11811 11811 I GoogleInputMethodService: GoogleInputMethodService.onStartInput():1877 onStartInput(EditorInfo{inputType=0x0(NULL) imeOptions=0x0 privateImeOptions=null actionName=UNSPECIFIED actionLabel=null actionId=0 initialSelStart=-1 initialSelEnd=-1 initialCapsMode=0x0 hintText=null label=null packageName=com.shareconnect fieldId=-1 fieldName=null extras=null}, false)
09-23 18:35:13.678 11811 11811 I GoogleInputMethodService: GoogleInputMethodService.shouldHideHeaderOnInitialState():4008 ShouldHideHeaderOnInitialState = false
09-23 18:35:13.679 11811 11811 I GoogleInputMethodService: GoogleInputMethodService.updateDeviceLockedStatus():2087 repeatCheckTimes = 2, unlocked = true
09-23 18:35:13.685 21173 21248 E TestRunner: failed: testFabAddButtonClick(com.shareconnect.activities.MainActivityInstrumentationTest)
09-23 18:35:13.686 21173 21248 E TestRunner: ----- begin exception -----
09-23 18:35:13.686 21173 21248 E TestRunner: java.lang.NoClassDefFoundError: Failed resolution of: Lorg/hamcrest/Matchers;
09-23 18:35:13.686 21173 21248 E TestRunner: 	at androidx.test.espresso.matcher.ViewMatchers.withId(ViewMatchers.java:1)
09-23 18:35:13.686 21173 21248 E TestRunner: 	at com.shareconnect.activities.MainActivityInstrumentationTest.testFabAddButtonClick(MainActivityInstrumentationTest.kt:89)
09-23 18:35:13.686 21173 21248 E TestRunner: 	at java.lang.reflect.Method.invoke(Native Method)
09-23 18:35:13.686 21173 21248 E TestRunner: 	at org.junit.runners.model.FrameworkMethod$1.runReflectiveCall(FrameworkMethod.java:59)
09-23 18:35:13.686 21173 21248 E TestRunner: 	at org.junit.internal.runners.model.ReflectiveCallable.run(ReflectiveCallable.java:12)
09-23 18:35:13.686 21173 21248 E TestRunner: 	at org.junit.runners.model.FrameworkMethod.invokeExplosively(FrameworkMethod.java:56)
09-23 18:35:13.686 21173 21248 E TestRunner: 	at org.junit.internal.runners.statements.InvokeMethod.evaluate(InvokeMethod.java:17)
09-23 18:35:13.686 21173 21248 E TestRunner: 	at androidx.test.internal.runner.junit4.statement.RunBefores.evaluate(RunBefores.java:80)
09-23 18:35:13.686 21173 21248 E TestRunner: 	at androidx.test.internal.runner.junit4.statement.RunAfters.evaluate(RunAfters.java:61)
09-23 18:35:13.686 21173 21248 E TestRunner: 	at androidx.test.rule.ActivityTestRule$ActivityStatement.evaluate(ActivityTestRule.java:522)
09-23 18:35:13.686 21173 21248 E TestRunner: 	at org.junit.runners.ParentRunner$3.evaluate(ParentRunner.java:306)
09-23 18:35:13.686 21173 21248 E TestRunner: 	at org.junit.runners.BlockJUnit4ClassRunner$1.evaluate(BlockJUnit4ClassRunner.java:100)
09-23 18:35:13.686 21173 21248 E TestRunner: 	at org.junit.runners.ParentRunner.runLeaf(ParentRunner.java:366)
09-23 18:35:13.686 21173 21248 E TestRunner: 	at org.junit.runners.BlockJUnit4ClassRunner.runChild(BlockJUnit4ClassRunner.java:103)
09-23 18:35:13.686 21173 21248 E TestRunner: 	at org.junit.runners.BlockJUnit4ClassRunner.runChild(BlockJUnit4ClassRunner.java:63)
09-23 18:35:13.686 21173 21248 E TestRunner: 	at org.junit.runners.ParentRunner$4.run(ParentRunner.java:331)
09-23 18:35:13.686 21173 21248 E TestRunner: 	at org.junit.runners.ParentRunner$1.schedule(ParentRunner.java:79)
09-23 18:35:13.686 21173 21248 E TestRunner: 	at org.junit.runners.ParentRunner.runChildren(ParentRunner.java:329)
09-23 18:35:13.686 21173 21248 E TestRunner: 	at org.junit.runners.ParentRunner.access$100(ParentRunner.java:66)
09-23 18:35:13.686 21173 21248 E TestRunner: 	at org.junit.runners.ParentRunner$2.evaluate(ParentRunner.java:293)
09-23 18:35:13.686 21173 21248 E TestRunner: 	at org.junit.runners.ParentRunner$3.evaluate(ParentRunner.java:306)
09-23 18:35:13.686 21173 21248 E TestRunner: 	at org.junit.runners.ParentRunner.run(ParentRunner.java:413)
09-23 18:35:13.686 21173 21248 E TestRunner: 	at androidx.test.ext.junit.runners.AndroidJUnit4.run(AndroidJUnit4.java:162)
09-23 18:35:13.686 21173 21248 E TestRunner: 	at org.junit.runners.Suite.runChild(Suite.java:128)
09-23 18:35:13.686 21173 21248 E TestRunner: 	at org.junit.runners.Suite.runChild(Suite.java:27)
09-23 18:35:13.686 21173 21248 E TestRunner: 	at org.junit.runners.ParentRunner$4.run(ParentRunner.java:331)
09-23 18:35:13.686 21173 21248 E TestRunner: 	at org.junit.runners.ParentRunner$1.schedule(ParentRunner.java:79)
09-23 18:35:13.686 21173 21248 E TestRunner: 	at org.junit.runners.ParentRunner.runChildren(ParentRunner.java:329)
09-23 18:35:13.686 21173 21248 E TestRunner: 	at org.junit.runners.ParentRunner.access$100(ParentRunner.java:66)
09-23 18:35:13.686 21173 21248 E TestRunner: 	at org.junit.runners.ParentRunner$2.evaluate(ParentRunner.java:293)
09-23 18:35:13.686 21173 21248 E TestRunner: 	at org.junit.runners.ParentRunner$3.evaluate(ParentRunner.java:306)
09-23 18:35:13.686 21173 21248 E TestRunner: 	at org.junit.runners.ParentRunner.run(ParentRunner.java:413)
09-23 18:35:13.686 21173 21248 E TestRunner: 	at org.junit.runners.Suite.runChild(Suite.java:128)
09-23 18:35:13.686 21173 21248 E TestRunner: 	at org.junit.runners.Suite.runChild(Suite.java:27)
09-23 18:35:13.686 21173 21248 E TestRunner: 	at org.junit.runners.ParentRunner$4.run(ParentRunner.java:331)
09-23 18:35:13.686 21173 21248 E TestRunner: 	at org.junit.runners.ParentRunner$1.schedule(ParentRunner.java:79)
09-23 18:35:13.686 21173 21248 E TestRunner: 	at org.junit.runners.ParentRunner.runChildren(ParentRunner.java:329)
09-23 18:35:13.686 21173 21248 E TestRunner: 	at org.junit.runners.ParentRunner.access$100(ParentRunner.java:66)
09-23 18:35:13.686 21173 21248 E TestRunner: 	at org.junit.runners.ParentRunner$2.evaluate(ParentRunner.java:293)
09-23 18:35:13.686 21173 21248 E TestRunner: 	at org.junit.runners.ParentRunner$3.evaluate(ParentRunner.java:306)
09-23 18:35:13.686 21173 21248 E TestRunner: 	at org.junit.runners.ParentRunner.run(ParentRunner.java:413)
09-23 18:35:13.686 21173 21248 E TestRunner: 	at org.junit.runner.JUnitCore.run(JUnitCore.java:137)
09-23 18:35:13.686 21173 21248 E TestRunner: 	at org.junit.runner.JUnitCore.run(JUnitCore.java:115)
09-23 18:35:13.686 21173 21248 E TestRunner: 	at androidx.test.internal.runner.TestExecutor.execute(TestExecutor.java:68)
09-23 18:35:13.686 21173 21248 E TestRunner: 	at androidx.test.internal.runner.TestExecutor.execute(TestExecutor.java:59)
09-23 18:35:13.686 21173 21248 E TestRunner: 	at androidx.test.runner.AndroidJUnitRunner.onStart(AndroidJUnitRunner.java:463)
09-23 18:35:13.686 21173 21248 E TestRunner: 	at android.app.Instrumentation$InstrumentationThread.run(Instrumentation.java:2361)
09-23 18:35:13.686 21173 21248 E TestRunner: Caused by: java.lang.ClassNotFoundException: Didn't find class "org.hamcrest.Matchers" on path: DexPathList[[zip file "/system/framework/android.test.runner.jar", zip file "/system/framework/android.test.mock.jar", zip file "/system/framework/android.test.base.jar", zip file "/data/app/~~YOVoV3whYp25XUuerLfoEg==/com.shareconnect.test-eEA3urOlFgaxwn0QxaixJw==/base.apk", zip file "/data/app/~~LXf1C5enh4HIgT1m7WO3MQ==/com.shareconnect-n7Z_t5OsurgLPD3lXxcr6A==/base.apk"],nativeLibraryDirectories=[/data/app/~~YOVoV3whYp25XUuerLfoEg==/com.shareconnect.test-eEA3urOlFgaxwn0QxaixJw==/lib/arm64, /data/app/~~LXf1C5enh4HIgT1m7WO3MQ==/com.shareconnect-n7Z_t5OsurgLPD3lXxcr6A==/lib/arm64, /data/app/~~YOVoV3whYp25XUuerLfoEg==/com.shareconnect.test-eEA3urOlFgaxwn0QxaixJw==/base.apk!/lib/arm64-v8a, /data/app/~~LXf1C5enh4HIgT1m7WO3MQ==/com.shareconnect-n7Z_t5OsurgLPD3lXxcr6A==/base.apk!/lib/arm64-v8a, /system/lib64, /system_ext/lib64]]
09-23 18:35:13.686 21173 21248 E TestRunner: 	at dalvik.system.BaseDexClassLoader.findClass(BaseDexClassLoader.java:259)
09-23 18:35:13.686 21173 21248 E TestRunner: 	at java.lang.ClassLoader.loadClass(ClassLoader.java:379)
09-23 18:35:13.686 21173 21248 E TestRunner: 	at java.lang.ClassLoader.loadClass(ClassLoader.java:312)
09-23 18:35:13.686 21173 21248 E TestRunner: 	... 47 more
09-23 18:35:13.686 21173 21248 E TestRunner: ----- end exception -----
09-23 18:35:13.687 21173 21248 I TestRunner: finished: testFabAddButtonClick(com.shareconnect.activities.MainActivityInstrumentationTest)
