09-23 18:34:52.641 21173 21248 I TestRunner: started: testOpenMeTubeButtonClick(com.shareconnect.activities.MainActivityInstrumentationTest)
09-23 18:34:52.653 21173 21248 W Settings: Setting always_finish_activities has moved from android.provider.Settings.System to android.provider.Settings.Global, returning read-only value.
09-23 18:34:52.725 21173 21173 D LifecycleMonitor: Lifecycle status change: com.shareconnect.MainActivity@2ad4bff in: PRE_ON_CREATE
09-23 18:34:52.725 21173 21173 V ActivityScenario: Activity lifecycle changed event received but ignored because the reported transition was not ON_CREATE while the last known transition was PRE_ON_CREATE
09-23 18:34:52.733   779   868 W Parcel  : Expecting binder but got null!
09-23 18:34:52.743 21173 21173 D Console : getDefaultTheme() returned: Warm Orange Light (ID: 1, isDefault: true)
09-23 18:34:52.743 21173 21173 D Console : getDefaultTheme() returned: Warm Orange Light (ID: 1, isDefault: true)
09-23 18:34:52.743 21173 21173 D Console : Applying theme: Warm Orange Light, colorScheme: warm_orange, isDarkMode: false, currentTheme: WARM_ORANGE_LIGHT
09-23 18:34:52.743 21173 21173 D Console : Activity MainActivity usesToolbar: true
09-23 18:34:52.749 21173 21173 D Console : Setting night mode to NO
09-23 18:34:52.781 21173 21173 D LifecycleMonitor: Lifecycle status change: com.shareconnect.MainActivity@2ad4bff in: CREATED
09-23 18:34:52.782   779   868 E OpenGLRenderer: Unable to match the desired swap behavior.
09-23 18:34:52.782 21173 21173 V ActivityScenario: Update currentActivityStage to CREATED, currentActivity=com.shareconnect.MainActivity@2ad4bff
09-23 18:34:52.784 21173 21173 D LifecycleMonitor: Lifecycle status change: com.shareconnect.MainActivity@2ad4bff in: STARTED
09-23 18:34:52.785 21173 21173 V ActivityScenario: Update currentActivityStage to STARTED, currentActivity=com.shareconnect.MainActivity@2ad4bff
09-23 18:34:52.798  1581  1581 I GsaVoiceInteractionSrv: Handling ACTION_STOP_HOTWORD
09-23 18:34:52.801  1581  2154 I HwDetectorWithState: (REDACTED) a: %d
09-23 18:34:52.816 21173 21173 D FirebaseSessions: App foregrounded on com.shareconnect
09-23 18:34:52.823   998  1661 D EGL_emulation: app_time_stats: avg=41.32ms min=3.41ms max=262.11ms count=20
09-23 18:34:52.834 21173 21173 V Console : Activity lifecycle :: RESUMED :: MainActivity
09-23 18:34:52.834 21173 21173 V Console : Foreground activity counter :: AtomicIntWrapper :: 12312792 :: 227589169 :: Value of: 0
09-23 18:34:52.834 21173 21173 I Console : Activity lifecycle :: Main state :: Foreground
09-23 18:34:52.834 21173 21173 V Console : Foreground activity counter :: AtomicIntWrapper :: 12312792 :: 227589169 :: Incremented to: 1
09-23 18:34:52.835 21173 21173 D Console : hasThemeChanged() returned: false
09-23 18:34:52.835 21173 21173 D Console : onResume() called, themeChanged: false
09-23 18:34:52.835 21173 21173 D LifecycleMonitor: Lifecycle status change: com.shareconnect.MainActivity@2ad4bff in: RESUMED
09-23 18:34:52.835 21173 21173 V ActivityScenario: Update currentActivityStage to RESUMED, currentActivity=com.shareconnect.MainActivity@2ad4bff
09-23 18:34:52.835 21173 21173 V Console : Activity lifecycle :: POST-RESUMED :: MainActivity
09-23 18:34:52.846 21173 21267 W Parcel  : Expecting binder but got null!
09-23 18:34:52.863 21173 21173 V Console : Activity lifecycle :: PRE-PAUSED :: MainActivity
09-23 18:34:52.864 21173 21173 D Console : Activity lifecycle :: Top activity: MainActivity
09-23 18:34:52.864 21173 21173 D FirebaseSessions: App backgrounded on com.shareconnect
09-23 18:34:52.873 21173 21173 V Console : Activity lifecycle :: PAUSED :: MainActivity
09-23 18:34:52.875 21173 21173 V Console : Foreground activity counter :: AtomicIntWrapper :: 12312792 :: 227589169 :: Decremented to: 0
09-23 18:34:52.875 21173 21173 D LifecycleMonitor: Lifecycle status change: com.shareconnect.MainActivity@2ad4bff in: PAUSED
09-23 18:34:52.875 21173 21173 V ActivityScenario: Update currentActivityStage to PAUSED, currentActivity=com.shareconnect.MainActivity@2ad4bff
09-23 18:34:52.926 21173 21267 E OpenGLRenderer: Unable to match the desired swap behavior.
09-23 18:34:52.974 21173 21173 D LifecycleMonitor: Lifecycle status change: com.shareconnect.SettingsActivity@a0e8fbf in: PRE_ON_CREATE
09-23 18:34:52.977 21173 21173 V ActivityScenario: Activity lifecycle changed event received but ignored because the intent does not match. startActivityIntent=Intent { act=android.intent.action.MAIN cat=[android.intent.category.LAUNCHER] flg=0x10008000 cmp=com.shareconnect/.MainActivity }, activity.getIntent()=Intent { cmp=com.shareconnect/.SettingsActivity (has extras) }, activity=com.shareconnect.SettingsActivity@a0e8fbf
09-23 18:34:52.982 21173 21173 D Console : getDefaultTheme() returned: Warm Orange Light (ID: 1, isDefault: true)
09-23 18:34:52.982 21173 21173 D Console : getDefaultTheme() returned: Warm Orange Light (ID: 1, isDefault: true)
09-23 18:34:52.982 21173 21173 D Console : Applying theme: Warm Orange Light, colorScheme: warm_orange, isDarkMode: false, currentTheme: WARM_ORANGE_LIGHT
09-23 18:34:52.984 21173 21173 D Console : Activity SettingsActivity usesToolbar: true
09-23 18:34:52.986 21173 21173 D Console : Setting night mode to NO
09-23 18:34:53.003 21173 21173 D LifecycleMonitor: Lifecycle status change: com.shareconnect.SettingsActivity@a0e8fbf in: CREATED
09-23 18:34:53.003 21173 21173 V ActivityScenario: Activity lifecycle changed event received but ignored because the intent does not match. startActivityIntent=Intent { act=android.intent.action.MAIN cat=[android.intent.category.LAUNCHER] flg=0x10008000 cmp=com.shareconnect/.MainActivity }, activity.getIntent()=Intent { cmp=com.shareconnect/.SettingsActivity (has extras) }, activity=com.shareconnect.SettingsActivity@a0e8fbf
09-23 18:34:53.023 21173 21173 D LifecycleMonitor: Lifecycle status change: com.shareconnect.SettingsActivity@a0e8fbf in: STARTED
09-23 18:34:53.023 21173 21173 V ActivityScenario: Activity lifecycle changed event received but ignored because the intent does not match. startActivityIntent=Intent { act=android.intent.action.MAIN cat=[android.intent.category.LAUNCHER] flg=0x10008000 cmp=com.shareconnect/.MainActivity }, activity.getIntent()=Intent { cmp=com.shareconnect/.SettingsActivity (has extras) }, activity=com.shareconnect.SettingsActivity@a0e8fbf
09-23 18:34:53.025 21173 21173 D FirebaseSessions: App foregrounded on com.shareconnect
09-23 18:34:53.034 21173 21173 V Console : Activity lifecycle :: RESUMED :: SettingsActivity
09-23 18:34:53.035 21173 21173 V Console : Foreground activity counter :: AtomicIntWrapper :: 12312792 :: 227589169 :: Value of: 0
09-23 18:34:53.035 21173 21173 I Console : Activity lifecycle :: Main state :: Foreground
09-23 18:34:53.035 21173 21173 V Console : Foreground activity counter :: AtomicIntWrapper :: 12312792 :: 227589169 :: Incremented to: 1
09-23 18:34:53.035 21173 21173 D LifecycleMonitor: Lifecycle status change: com.shareconnect.SettingsActivity@a0e8fbf in: RESUMED
09-23 18:34:53.036 21173 21173 V ActivityScenario: Activity lifecycle changed event received but ignored because the intent does not match. startActivityIntent=Intent { act=android.intent.action.MAIN cat=[android.intent.category.LAUNCHER] flg=0x10008000 cmp=com.shareconnect/.MainActivity }, activity.getIntent()=Intent { cmp=com.shareconnect/.SettingsActivity (has extras) }, activity=com.shareconnect.SettingsActivity@a0e8fbf
09-23 18:34:53.037 21173 21173 V Console : Activity lifecycle :: POST-RESUMED :: SettingsActivity
09-23 18:34:53.045 21173 21267 W Parcel  : Expecting binder but got null!
09-23 18:34:53.080 21173 21267 E OpenGLRenderer: Unable to match the desired swap behavior.
09-23 18:34:53.086   779   868 D EGL_emulation: app_time_stats: avg=638.64ms min=2.60ms max=6978.22ms count=11
09-23 18:34:53.122   488   503 W ziparchive: Unable to open '/data/app/~~LXf1C5enh4HIgT1m7WO3MQ==/com.shareconnect-n7Z_t5OsurgLPD3lXxcr6A==/base.dm': No such file or directory
09-23 18:34:53.125   488   503 I ActivityTaskManager: Displayed com.shareconnect/.SettingsActivity: +461ms
09-23 18:34:53.156 11811 11811 I GoogleInputMethodService: GoogleInputMethodService.onFinishInput():3227
09-23 18:34:53.166 11811 11811 I GoogleInputMethodService: GoogleInputMethodService.updateDeviceLockedStatus():2087 repeatCheckTimes = 0, unlocked = true
09-23 18:34:53.166 11811 11811 I GoogleInputMethodService: GoogleInputMethodService.onStartInput():1877 onStartInput(EditorInfo{inputType=0x0(NULL) imeOptions=0x0 privateImeOptions=null actionName=UNSPECIFIED actionLabel=null actionId=0 initialSelStart=-1 initialSelEnd=-1 initialCapsMode=0x0 hintText=null label=null packageName=com.shareconnect fieldId=2131231190 fieldName=null extras=null}, false)
09-23 18:34:53.166 11811 11811 I GoogleInputMethodService: GoogleInputMethodService.shouldHideHeaderOnInitialState():4008 ShouldHideHeaderOnInitialState = false
09-23 18:34:53.167 11811 11811 I GoogleInputMethodService: GoogleInputMethodService.updateDeviceLockedStatus():2087 repeatCheckTimes = 2, unlocked = true
09-23 18:34:53.185 21173 21173 V Console : Activity lifecycle :: PRE-STOPPED :: MainActivity
09-23 18:34:53.222 21173 21173 V Console : Activity lifecycle :: STOPPED :: MainActivity
09-23 18:34:53.223 21173 21173 D LifecycleMonitor: Lifecycle status change: com.shareconnect.MainActivity@2ad4bff in: STOPPED
09-23 18:34:53.230 21173 21173 V ActivityScenario: Update currentActivityStage to STOPPED, currentActivity=com.shareconnect.MainActivity@2ad4bff
09-23 18:34:53.230 21173 21173 V Console : Activity lifecycle :: POST-STOPPED :: MainActivity
09-23 18:34:53.243   998  1945 D OneSearchSuggestProvider: Shut down the binder channel
09-23 18:34:53.268   998  3874 I s.nexuslauncher: oneway function results for code 2 on binder at 0xb400007a39468e80 will be dropped but finished with status UNKNOWN_TRANSACTION
09-23 18:34:53.377  1581  2228 I AssistantForeground: (REDACTED) Get launcher package: %s
09-23 18:34:53.381 21173 21647 V Console : Foreground activity counter :: AtomicIntWrapper :: 12312792 :: 227589169 :: Value of: 1
09-23 18:34:53.415   779   868 D EGL_emulation: app_time_stats: avg=1250.90ms min=46.43ms max=5815.99ms count=5
09-23 18:34:53.426   488  4122 W InputManager-JNI: Input channel object '92161cb Splash Screen com.shareconnect (client)' was disposed without first being removed with the input manager!
09-23 18:34:53.598   323   323 E android.hardware.power.stats@1.0-service-mock: Failed to getEnergyData
09-23 18:34:54.443   779   868 D EGL_emulation: app_time_stats: avg=14.49ms min=1.66ms max=34.83ms count=58
09-23 18:34:54.683 21173 21267 D EGL_emulation: app_time_stats: avg=188.57ms min=1.95ms max=1272.69ms count=8
09-23 18:34:58.333 21173 21173 V Console : Activity lifecycle :: PRE-PAUSED :: SettingsActivity
09-23 18:34:58.334 21173 21173 D Console : Activity lifecycle :: Top activity: SettingsActivity
09-23 18:34:58.336 21173 21173 D FirebaseSessions: App backgrounded on com.shareconnect
09-23 18:34:58.402 21173 21173 V Console : Activity lifecycle :: PAUSED :: SettingsActivity
09-23 18:34:58.408 21173 21173 V Console : Foreground activity counter :: AtomicIntWrapper :: 12312792 :: 227589169 :: Decremented to: 0
09-23 18:34:58.410 21173 21173 D LifecycleMonitor: Lifecycle status change: com.shareconnect.SettingsActivity@a0e8fbf in: PAUSED
09-23 18:34:58.414 21173 21173 V ActivityScenario: Activity lifecycle changed event received but ignored because the intent does not match. startActivityIntent=Intent { act=android.intent.action.MAIN cat=[android.intent.category.LAUNCHER] flg=0x10008000 cmp=com.shareconnect/.MainActivity }, activity.getIntent()=Intent { cmp=com.shareconnect/.SettingsActivity (has extras) }, activity=com.shareconnect.SettingsActivity@a0e8fbf
09-23 18:34:58.580 21173 21173 D LifecycleMonitor: Lifecycle status change: androidx.test.core.app.InstrumentationActivityInvoker$EmptyActivity@517cca4 in: PRE_ON_CREATE
09-23 18:34:58.580 21173 21173 V ActivityScenario: Activity lifecycle changed event received but ignored because the intent does not match. startActivityIntent=Intent { act=android.intent.action.MAIN cat=[android.intent.category.LAUNCHER] flg=0x10008000 cmp=com.shareconnect/.MainActivity }, activity.getIntent()=Intent { act=android.intent.action.MAIN cat=[android.intent.category.LAUNCHER] flg=0x10000000 cmp=com.shareconnect/androidx.test.core.app.InstrumentationActivityInvoker$EmptyActivity }, activity=androidx.test.core.app.InstrumentationActivityInvoker$EmptyActivity@517cca4
09-23 18:34:58.658 21173 21173 D LifecycleMonitor: Lifecycle status change: androidx.test.core.app.InstrumentationActivityInvoker$EmptyActivity@517cca4 in: CREATED
09-23 18:34:58.659 21173 21173 V ActivityScenario: Activity lifecycle changed event received but ignored because the intent does not match. startActivityIntent=Intent { act=android.intent.action.MAIN cat=[android.intent.category.LAUNCHER] flg=0x10008000 cmp=com.shareconnect/.MainActivity }, activity.getIntent()=Intent { act=android.intent.action.MAIN cat=[android.intent.category.LAUNCHER] flg=0x10000000 cmp=com.shareconnect/androidx.test.core.app.InstrumentationActivityInvoker$EmptyActivity }, activity=androidx.test.core.app.InstrumentationActivityInvoker$EmptyActivity@517cca4
09-23 18:34:58.662 21173 21173 D LifecycleMonitor: Lifecycle status change: androidx.test.core.app.InstrumentationActivityInvoker$EmptyActivity@517cca4 in: STARTED
09-23 18:34:58.663 21173 21173 V ActivityScenario: Activity lifecycle changed event received but ignored because the intent does not match. startActivityIntent=Intent { act=android.intent.action.MAIN cat=[android.intent.category.LAUNCHER] flg=0x10008000 cmp=com.shareconnect/.MainActivity }, activity.getIntent()=Intent { act=android.intent.action.MAIN cat=[android.intent.category.LAUNCHER] flg=0x10000000 cmp=com.shareconnect/androidx.test.core.app.InstrumentationActivityInvoker$EmptyActivity }, activity=androidx.test.core.app.InstrumentationActivityInvoker$EmptyActivity@517cca4
09-23 18:34:58.667 21173 21173 D FirebaseSessions: App foregrounded on com.shareconnect
09-23 18:34:58.682 21173 21173 V Console : Activity lifecycle :: RESUMED :: EmptyActivity
09-23 18:34:58.682 21173 21173 V Console : Foreground activity counter :: AtomicIntWrapper :: 12312792 :: 227589169 :: Value of: 0
09-23 18:34:58.683 21173 21173 I Console : Activity lifecycle :: Main state :: Foreground
09-23 18:34:58.684 21173 21173 V Console : Foreground activity counter :: AtomicIntWrapper :: 12312792 :: 227589169 :: Incremented to: 1
09-23 18:34:58.687 21173 21173 D LifecycleMonitor: Lifecycle status change: androidx.test.core.app.InstrumentationActivityInvoker$EmptyActivity@517cca4 in: RESUMED
09-23 18:34:58.687 21173 21173 V ActivityScenario: Activity lifecycle changed event received but ignored because the intent does not match. startActivityIntent=Intent { act=android.intent.action.MAIN cat=[android.intent.category.LAUNCHER] flg=0x10008000 cmp=com.shareconnect/.MainActivity }, activity.getIntent()=Intent { act=android.intent.action.MAIN cat=[android.intent.category.LAUNCHER] flg=0x10000000 cmp=com.shareconnect/androidx.test.core.app.InstrumentationActivityInvoker$EmptyActivity }, activity=androidx.test.core.app.InstrumentationActivityInvoker$EmptyActivity@517cca4
09-23 18:34:58.688 21173 21173 V Console : Activity lifecycle :: POST-RESUMED :: EmptyActivity
09-23 18:34:58.704 21173 21267 W Parcel  : Expecting binder but got null!
09-23 18:34:58.903 21173 21267 E OpenGLRenderer: Unable to match the desired swap behavior.
09-23 18:34:58.910 21173 21650 V Console : Foreground activity counter :: AtomicIntWrapper :: 12312792 :: 227589169 :: Value of: 1
09-23 18:34:58.933   488   503 I ActivityTaskManager: Displayed com.shareconnect/androidx.test.core.app.InstrumentationActivityInvoker$EmptyActivity: +663ms
09-23 18:34:58.958 21173 21173 V Console : Activity lifecycle :: PRE-DESTROYED :: MainActivity
09-23 18:34:58.961 21173 21173 V Console : Activity lifecycle :: DESTROYED :: MainActivity
09-23 18:34:58.963 21173 21173 D LifecycleMonitor: Lifecycle status change: com.shareconnect.MainActivity@2ad4bff in: DESTROYED
09-23 18:34:58.963 21173 21173 V ActivityScenario: Update currentActivityStage to DESTROYED, currentActivity=null
09-23 18:34:58.969   488  4122 W InputManager-JNI: Input channel object 'cd456f9 com.shareconnect/com.shareconnect.MainActivity (client)' was disposed without first being removed with the input manager!
09-23 18:34:58.974 21173 21173 V Console : Activity lifecycle :: PRE-STOPPED :: SettingsActivity
09-23 18:34:58.983 21173 21173 V Console : Activity lifecycle :: STOPPED :: SettingsActivity
09-23 18:34:58.984 21173 21173 D LifecycleMonitor: Lifecycle status change: com.shareconnect.SettingsActivity@a0e8fbf in: STOPPED
09-23 18:34:58.984 21173 21173 V ActivityScenario: Activity lifecycle changed event received but ignored because the intent does not match. startActivityIntent=Intent { act=android.intent.action.MAIN cat=[android.intent.category.LAUNCHER] flg=0x10008000 cmp=com.shareconnect/.MainActivity }, activity.getIntent()=Intent { cmp=com.shareconnect/.SettingsActivity (has extras) }, activity=com.shareconnect.SettingsActivity@a0e8fbf
09-23 18:34:58.984 21173 21173 V Console : Activity lifecycle :: POST-STOPPED :: SettingsActivity
09-23 18:34:58.998 11811 11811 I GoogleInputMethodService: GoogleInputMethodService.onFinishInput():3227
09-23 18:34:59.008 11811 11811 I GoogleInputMethodService: GoogleInputMethodService.updateDeviceLockedStatus():2087 repeatCheckTimes = 0, unlocked = true
09-23 18:34:59.012 11811 11811 I GoogleInputMethodService: GoogleInputMethodService.onStartInput():1877 onStartInput(EditorInfo{inputType=0x0(NULL) imeOptions=0x0 privateImeOptions=null actionName=UNSPECIFIED actionLabel=null actionId=0 initialSelStart=-1 initialSelEnd=-1 initialCapsMode=0x0 hintText=null label=null packageName=com.shareconnect fieldId=-1 fieldName=null extras=null}, false)
09-23 18:34:59.012 11811 11811 I GoogleInputMethodService: GoogleInputMethodService.shouldHideHeaderOnInitialState():4008 ShouldHideHeaderOnInitialState = false
09-23 18:34:59.013 11811 11811 I GoogleInputMethodService: GoogleInputMethodService.updateDeviceLockedStatus():2087 repeatCheckTimes = 2, unlocked = true
09-23 18:34:59.039 21173 21248 E TestRunner: failed: testOpenMeTubeButtonClick(com.shareconnect.activities.MainActivityInstrumentationTest)
09-23 18:34:59.043 21173 21248 E TestRunner: ----- begin exception -----
09-23 18:34:59.043 21173 21248 E TestRunner: java.lang.NoClassDefFoundError: Failed resolution of: Lorg/hamcrest/Matchers;
09-23 18:34:59.043 21173 21248 E TestRunner: 	at androidx.test.espresso.matcher.ViewMatchers.withId(ViewMatchers.java:1)
09-23 18:34:59.043 21173 21248 E TestRunner: 	at com.shareconnect.activities.MainActivityInstrumentationTest.testOpenMeTubeButtonClick(MainActivityInstrumentationTest.kt:66)
09-23 18:34:59.043 21173 21248 E TestRunner: 	at java.lang.reflect.Method.invoke(Native Method)
09-23 18:34:59.043 21173 21248 E TestRunner: 	at org.junit.runners.model.FrameworkMethod$1.runReflectiveCall(FrameworkMethod.java:59)
09-23 18:34:59.043 21173 21248 E TestRunner: 	at org.junit.internal.runners.model.ReflectiveCallable.run(ReflectiveCallable.java:12)
09-23 18:34:59.043 21173 21248 E TestRunner: 	at org.junit.runners.model.FrameworkMethod.invokeExplosively(FrameworkMethod.java:56)
09-23 18:34:59.043 21173 21248 E TestRunner: 	at org.junit.internal.runners.statements.InvokeMethod.evaluate(InvokeMethod.java:17)
09-23 18:34:59.043 21173 21248 E TestRunner: 	at androidx.test.internal.runner.junit4.statement.RunBefores.evaluate(RunBefores.java:80)
09-23 18:34:59.043 21173 21248 E TestRunner: 	at androidx.test.internal.runner.junit4.statement.RunAfters.evaluate(RunAfters.java:61)
09-23 18:34:59.043 21173 21248 E TestRunner: 	at androidx.test.rule.ActivityTestRule$ActivityStatement.evaluate(ActivityTestRule.java:522)
09-23 18:34:59.043 21173 21248 E TestRunner: 	at org.junit.runners.ParentRunner$3.evaluate(ParentRunner.java:306)
09-23 18:34:59.043 21173 21248 E TestRunner: 	at org.junit.runners.BlockJUnit4ClassRunner$1.evaluate(BlockJUnit4ClassRunner.java:100)
09-23 18:34:59.043 21173 21248 E TestRunner: 	at org.junit.runners.ParentRunner.runLeaf(ParentRunner.java:366)
09-23 18:34:59.043 21173 21248 E TestRunner: 	at org.junit.runners.BlockJUnit4ClassRunner.runChild(BlockJUnit4ClassRunner.java:103)
09-23 18:34:59.043 21173 21248 E TestRunner: 	at org.junit.runners.BlockJUnit4ClassRunner.runChild(BlockJUnit4ClassRunner.java:63)
09-23 18:34:59.043 21173 21248 E TestRunner: 	at org.junit.runners.ParentRunner$4.run(ParentRunner.java:331)
09-23 18:34:59.043 21173 21248 E TestRunner: 	at org.junit.runners.ParentRunner$1.schedule(ParentRunner.java:79)
09-23 18:34:59.043 21173 21248 E TestRunner: 	at org.junit.runners.ParentRunner.runChildren(ParentRunner.java:329)
09-23 18:34:59.043 21173 21248 E TestRunner: 	at org.junit.runners.ParentRunner.access$100(ParentRunner.java:66)
09-23 18:34:59.043 21173 21248 E TestRunner: 	at org.junit.runners.ParentRunner$2.evaluate(ParentRunner.java:293)
09-23 18:34:59.043 21173 21248 E TestRunner: 	at org.junit.runners.ParentRunner$3.evaluate(ParentRunner.java:306)
09-23 18:34:59.043 21173 21248 E TestRunner: 	at org.junit.runners.ParentRunner.run(ParentRunner.java:413)
09-23 18:34:59.043 21173 21248 E TestRunner: 	at androidx.test.ext.junit.runners.AndroidJUnit4.run(AndroidJUnit4.java:162)
09-23 18:34:59.043 21173 21248 E TestRunner: 	at org.junit.runners.Suite.runChild(Suite.java:128)
09-23 18:34:59.043 21173 21248 E TestRunner: 	at org.junit.runners.Suite.runChild(Suite.java:27)
09-23 18:34:59.043 21173 21248 E TestRunner: 	at org.junit.runners.ParentRunner$4.run(ParentRunner.java:331)
09-23 18:34:59.043 21173 21248 E TestRunner: 	at org.junit.runners.ParentRunner$1.schedule(ParentRunner.java:79)
09-23 18:34:59.043 21173 21248 E TestRunner: 	at org.junit.runners.ParentRunner.runChildren(ParentRunner.java:329)
09-23 18:34:59.043 21173 21248 E TestRunner: 	at org.junit.runners.ParentRunner.access$100(ParentRunner.java:66)
09-23 18:34:59.043 21173 21248 E TestRunner: 	at org.junit.runners.ParentRunner$2.evaluate(ParentRunner.java:293)
09-23 18:34:59.043 21173 21248 E TestRunner: 	at org.junit.runners.ParentRunner$3.evaluate(ParentRunner.java:306)
09-23 18:34:59.043 21173 21248 E TestRunner: 	at org.junit.runners.ParentRunner.run(ParentRunner.java:413)
09-23 18:34:59.043 21173 21248 E TestRunner: 	at org.junit.runners.Suite.runChild(Suite.java:128)
09-23 18:34:59.043 21173 21248 E TestRunner: 	at org.junit.runners.Suite.runChild(Suite.java:27)
09-23 18:34:59.043 21173 21248 E TestRunner: 	at org.junit.runners.ParentRunner$4.run(ParentRunner.java:331)
09-23 18:34:59.043 21173 21248 E TestRunner: 	at org.junit.runners.ParentRunner$1.schedule(ParentRunner.java:79)
09-23 18:34:59.043 21173 21248 E TestRunner: 	at org.junit.runners.ParentRunner.runChildren(ParentRunner.java:329)
09-23 18:34:59.043 21173 21248 E TestRunner: 	at org.junit.runners.ParentRunner.access$100(ParentRunner.java:66)
09-23 18:34:59.043 21173 21248 E TestRunner: 	at org.junit.runners.ParentRunner$2.evaluate(ParentRunner.java:293)
09-23 18:34:59.043 21173 21248 E TestRunner: 	at org.junit.runners.ParentRunner$3.evaluate(ParentRunner.java:306)
09-23 18:34:59.043 21173 21248 E TestRunner: 	at org.junit.runners.ParentRunner.run(ParentRunner.java:413)
09-23 18:34:59.043 21173 21248 E TestRunner: 	at org.junit.runner.JUnitCore.run(JUnitCore.java:137)
09-23 18:34:59.043 21173 21248 E TestRunner: 	at org.junit.runner.JUnitCore.run(JUnitCore.java:115)
09-23 18:34:59.043 21173 21248 E TestRunner: 	at androidx.test.internal.runner.TestExecutor.execute(TestExecutor.java:68)
09-23 18:34:59.043 21173 21248 E TestRunner: 	at androidx.test.internal.runner.TestExecutor.execute(TestExecutor.java:59)
09-23 18:34:59.043 21173 21248 E TestRunner: 	at androidx.test.runner.AndroidJUnitRunner.onStart(AndroidJUnitRunner.java:463)
09-23 18:34:59.043 21173 21248 E TestRunner: 	at android.app.Instrumentation$InstrumentationThread.run(Instrumentation.java:2361)
09-23 18:34:59.045 21173 21248 E TestRunner: Caused by: java.lang.ClassNotFoundException: Didn't find class "org.hamcrest.Matchers" on path: DexPathList[[zip file "/system/framework/android.test.runner.jar", zip file "/system/framework/android.test.mock.jar", zip file "/system/framework/android.test.base.jar", zip file "/data/app/~~YOVoV3whYp25XUuerLfoEg==/com.shareconnect.test-eEA3urOlFgaxwn0QxaixJw==/base.apk", zip file "/data/app/~~LXf1C5enh4HIgT1m7WO3MQ==/com.shareconnect-n7Z_t5OsurgLPD3lXxcr6A==/base.apk"],nativeLibraryDirectories=[/data/app/~~YOVoV3whYp25XUuerLfoEg==/com.shareconnect.test-eEA3urOlFgaxwn0QxaixJw==/lib/arm64, /data/app/~~LXf1C5enh4HIgT1m7WO3MQ==/com.shareconnect-n7Z_t5OsurgLPD3lXxcr6A==/lib/arm64, /data/app/~~YOVoV3whYp25XUuerLfoEg==/com.shareconnect.test-eEA3urOlFgaxwn0QxaixJw==/base.apk!/lib/arm64-v8a, /data/app/~~LXf1C5enh4HIgT1m7WO3MQ==/com.shareconnect-n7Z_t5OsurgLPD3lXxcr6A==/base.apk!/lib/arm64-v8a, /system/lib64, /system_ext/lib64]]
09-23 18:34:59.045 21173 21248 E TestRunner: 	at dalvik.system.BaseDexClassLoader.findClass(BaseDexClassLoader.java:259)
09-23 18:34:59.045 21173 21248 E TestRunner: 	at java.lang.ClassLoader.loadClass(ClassLoader.java:379)
09-23 18:34:59.045 21173 21248 E TestRunner: 	at java.lang.ClassLoader.loadClass(ClassLoader.java:312)
09-23 18:34:59.045 21173 21248 E TestRunner: 	... 47 more
09-23 18:34:59.046 21173 21248 E TestRunner: ----- end exception -----
09-23 18:34:59.048 21173 21248 I TestRunner: finished: testOpenMeTubeButtonClick(com.shareconnect.activities.MainActivityInstrumentationTest)
