09-23 18:34:39.568 21173 21248 I TestRunner: started: testScreenReaderSupport(com.shareconnect.automation.AccessibilityAutomationTest)
09-23 18:34:39.577 21173 21248 W Settings: Setting always_finish_activities has moved from android.provider.Settings.System to android.provider.Settings.Global, returning read-only value.
09-23 18:34:39.597   779   868 W Parcel  : Expecting binder but got null!
09-23 18:34:39.606 21173 21173 D LifecycleMonitor: Lifecycle status change: com.shareconnect.MainActivity@a3eea9d in: PRE_ON_CREATE
09-23 18:34:39.606 21173 21173 V ActivityScenario: Activity lifecycle changed event received but ignored because the reported transition was not ON_CREATE while the last known transition was PRE_ON_CREATE
09-23 18:34:39.608 21173 21173 D Console : getDefaultTheme() returned: Warm Orange Light (ID: 1, isDefault: true)
09-23 18:34:39.609 21173 21173 D Console : getDefaultTheme() returned: Warm Orange Light (ID: 1, isDefault: true)
09-23 18:34:39.609 21173 21173 D Console : Applying theme: Warm Orange Light, colorScheme: warm_orange, isDarkMode: false, currentTheme: WARM_ORANGE_LIGHT
09-23 18:34:39.609 21173 21173 D Console : Activity MainActivity usesToolbar: true
09-23 18:34:39.610 21173 21173 D Console : Setting night mode to NO
09-23 18:34:39.619   779   868 E OpenGLRenderer: Unable to match the desired swap behavior.
09-23 18:34:39.660 21173 21173 D LifecycleMonitor: Lifecycle status change: com.shareconnect.MainActivity@a3eea9d in: CREATED
09-23 18:34:39.660 21173 21173 V ActivityScenario: Update currentActivityStage to CREATED, currentActivity=com.shareconnect.MainActivity@a3eea9d
09-23 18:34:39.661 21173 21173 D LifecycleMonitor: Lifecycle status change: com.shareconnect.MainActivity@a3eea9d in: STARTED
09-23 18:34:39.661 21173 21173 V ActivityScenario: Update currentActivityStage to STARTED, currentActivity=com.shareconnect.MainActivity@a3eea9d
09-23 18:34:39.663 21173 21173 D FirebaseSessions: App foregrounded on com.shareconnect
09-23 18:34:39.665 21173 21173 V Console : Activity lifecycle :: RESUMED :: MainActivity
09-23 18:34:39.665 21173 21173 V Console : Foreground activity counter :: AtomicIntWrapper :: 12312792 :: 227589169 :: Value of: 0
09-23 18:34:39.666 21173 21173 I Console : Activity lifecycle :: Main state :: Foreground
09-23 18:34:39.666 21173 21173 V Console : Foreground activity counter :: AtomicIntWrapper :: 12312792 :: 227589169 :: Incremented to: 1
09-23 18:34:39.666 21173 21173 D Console : hasThemeChanged() returned: false
09-23 18:34:39.666 21173 21173 D Console : onResume() called, themeChanged: false
09-23 18:34:39.666 21173 21173 D LifecycleMonitor: Lifecycle status change: com.shareconnect.MainActivity@a3eea9d in: RESUMED
09-23 18:34:39.666 21173 21173 V ActivityScenario: Update currentActivityStage to RESUMED, currentActivity=com.shareconnect.MainActivity@a3eea9d
09-23 18:34:39.666 21173 21173 V Console : Activity lifecycle :: POST-RESUMED :: MainActivity
09-23 18:34:39.668 21173 21267 W Parcel  : Expecting binder but got null!
09-23 18:34:39.674 21173 21173 V Console : Activity lifecycle :: PRE-PAUSED :: MainActivity
09-23 18:34:39.674 21173 21173 D Console : Activity lifecycle :: Top activity: MainActivity
09-23 18:34:39.674 21173 21173 D FirebaseSessions: App backgrounded on com.shareconnect
09-23 18:34:39.678 21173 21173 V Console : Activity lifecycle :: PAUSED :: MainActivity
09-23 18:34:39.678 21173 21173 V Console : Foreground activity counter :: AtomicIntWrapper :: 12312792 :: 227589169 :: Decremented to: 0
09-23 18:34:39.678 21173 21173 D LifecycleMonitor: Lifecycle status change: com.shareconnect.MainActivity@a3eea9d in: PAUSED
09-23 18:34:39.678 21173 21173 V ActivityScenario: Update currentActivityStage to PAUSED, currentActivity=com.shareconnect.MainActivity@a3eea9d
09-23 18:34:39.697  1581  1581 I GsaVoiceInteractionSrv: Handling ACTION_STOP_HOTWORD
09-23 18:34:39.698  1581  2154 I HwDetectorWithState: (REDACTED) a: %d
09-23 18:34:39.705 21173 21267 E OpenGLRenderer: Unable to match the desired swap behavior.
09-23 18:34:39.719 21173 21173 D LifecycleMonitor: Lifecycle status change: com.shareconnect.SettingsActivity@3a3a507 in: PRE_ON_CREATE
09-23 18:34:39.719 21173 21173 V ActivityScenario: Activity lifecycle changed event received but ignored because the intent does not match. startActivityIntent=Intent { act=android.intent.action.MAIN cat=[android.intent.category.LAUNCHER] flg=0x10008000 cmp=com.shareconnect/.MainActivity }, activity.getIntent()=Intent { cmp=com.shareconnect/.SettingsActivity (has extras) }, activity=com.shareconnect.SettingsActivity@3a3a507
09-23 18:34:39.719 21173 21173 D Console : getDefaultTheme() returned: Warm Orange Light (ID: 1, isDefault: true)
09-23 18:34:39.719 21173 21173 D Console : getDefaultTheme() returned: Warm Orange Light (ID: 1, isDefault: true)
09-23 18:34:39.719 21173 21173 D Console : Applying theme: Warm Orange Light, colorScheme: warm_orange, isDarkMode: false, currentTheme: WARM_ORANGE_LIGHT
09-23 18:34:39.720 21173 21173 D Console : Activity SettingsActivity usesToolbar: true
09-23 18:34:39.720 21173 21173 D Console : Setting night mode to NO
09-23 18:34:39.726 21173 21173 D LifecycleMonitor: Lifecycle status change: com.shareconnect.SettingsActivity@3a3a507 in: CREATED
09-23 18:34:39.726 21173 21173 V ActivityScenario: Activity lifecycle changed event received but ignored because the intent does not match. startActivityIntent=Intent { act=android.intent.action.MAIN cat=[android.intent.category.LAUNCHER] flg=0x10008000 cmp=com.shareconnect/.MainActivity }, activity.getIntent()=Intent { cmp=com.shareconnect/.SettingsActivity (has extras) }, activity=com.shareconnect.SettingsActivity@3a3a507
09-23 18:34:39.731 21173 21173 D LifecycleMonitor: Lifecycle status change: com.shareconnect.SettingsActivity@3a3a507 in: STARTED
09-23 18:34:39.731 21173 21173 V ActivityScenario: Activity lifecycle changed event received but ignored because the intent does not match. startActivityIntent=Intent { act=android.intent.action.MAIN cat=[android.intent.category.LAUNCHER] flg=0x10008000 cmp=com.shareconnect/.MainActivity }, activity.getIntent()=Intent { cmp=com.shareconnect/.SettingsActivity (has extras) }, activity=com.shareconnect.SettingsActivity@3a3a507
09-23 18:34:39.732 21173 21173 D FirebaseSessions: App foregrounded on com.shareconnect
09-23 18:34:39.734 21173 21173 V Console : Activity lifecycle :: RESUMED :: SettingsActivity
09-23 18:34:39.734 21173 21173 V Console : Foreground activity counter :: AtomicIntWrapper :: 12312792 :: 227589169 :: Value of: 0
09-23 18:34:39.734 21173 21173 I Console : Activity lifecycle :: Main state :: Foreground
09-23 18:34:39.734 21173 21173 V Console : Foreground activity counter :: AtomicIntWrapper :: 12312792 :: 227589169 :: Incremented to: 1
09-23 18:34:39.734 21173 21173 D LifecycleMonitor: Lifecycle status change: com.shareconnect.SettingsActivity@3a3a507 in: RESUMED
09-23 18:34:39.734 21173 21173 V ActivityScenario: Activity lifecycle changed event received but ignored because the intent does not match. startActivityIntent=Intent { act=android.intent.action.MAIN cat=[android.intent.category.LAUNCHER] flg=0x10008000 cmp=com.shareconnect/.MainActivity }, activity.getIntent()=Intent { cmp=com.shareconnect/.SettingsActivity (has extras) }, activity=com.shareconnect.SettingsActivity@3a3a507
09-23 18:34:39.734 21173 21173 V Console : Activity lifecycle :: POST-RESUMED :: SettingsActivity
09-23 18:34:39.737 21173 21267 W Parcel  : Expecting binder but got null!
09-23 18:34:39.750 21173 21267 E OpenGLRenderer: Unable to match the desired swap behavior.
09-23 18:34:39.765   779   868 D EGL_emulation: app_time_stats: avg=522.70ms min=13.55ms max=5617.78ms count=12
09-23 18:34:39.768   488   503 W ziparchive: Unable to open '/data/app/~~LXf1C5enh4HIgT1m7WO3MQ==/com.shareconnect-n7Z_t5OsurgLPD3lXxcr6A==/base.dm': No such file or directory
09-23 18:34:39.769   488   503 I ActivityTaskManager: Displayed com.shareconnect/.SettingsActivity: +184ms
09-23 18:34:39.790 11811 11811 I GoogleInputMethodService: GoogleInputMethodService.onFinishInput():3227
09-23 18:34:39.792 11811 11811 I GoogleInputMethodService: GoogleInputMethodService.updateDeviceLockedStatus():2087 repeatCheckTimes = 0, unlocked = true
09-23 18:34:39.792 11811 11811 I GoogleInputMethodService: GoogleInputMethodService.onStartInput():1877 onStartInput(EditorInfo{inputType=0x0(NULL) imeOptions=0x0 privateImeOptions=null actionName=UNSPECIFIED actionLabel=null actionId=0 initialSelStart=-1 initialSelEnd=-1 initialCapsMode=0x0 hintText=null label=null packageName=com.shareconnect fieldId=2131231190 fieldName=null extras=null}, false)
09-23 18:34:39.793 11811 11811 I GoogleInputMethodService: GoogleInputMethodService.shouldHideHeaderOnInitialState():4008 ShouldHideHeaderOnInitialState = false
09-23 18:34:39.794 11811 11811 I GoogleInputMethodService: GoogleInputMethodService.updateDeviceLockedStatus():2087 repeatCheckTimes = 2, unlocked = true
09-23 18:34:39.960   779   868 D EGL_emulation: app_time_stats: avg=2263.57ms min=49.35ms max=10915.54ms count=5
09-23 18:34:39.978 21173 21173 V Console : Activity lifecycle :: PRE-STOPPED :: MainActivity
09-23 18:34:39.981 21173 21173 V Console : Activity lifecycle :: STOPPED :: MainActivity
09-23 18:34:39.981  1581  2228 I AssistantForeground: (REDACTED) Get launcher package: %s
09-23 18:34:39.981 21173 21173 D LifecycleMonitor: Lifecycle status change: com.shareconnect.MainActivity@a3eea9d in: STOPPED
09-23 18:34:39.982 21173 21173 V ActivityScenario: Update currentActivityStage to STOPPED, currentActivity=com.shareconnect.MainActivity@a3eea9d
09-23 18:34:39.982 21173 21173 V Console : Activity lifecycle :: POST-STOPPED :: MainActivity
09-23 18:34:40.000   998  1945 D OneSearchSuggestProvider: Shut down the binder channel
09-23 18:34:40.001   998  1150 I s.nexuslauncher: oneway function results for code 2 on binder at 0xb400007a3948a660 will be dropped but finished with status UNKNOWN_TRANSACTION
09-23 18:34:40.029 15832 15832 W ThreadPoolForeg: type=1400 audit(0.0:663): avc: denied { write } for name="traced_producer" dev="tmpfs" ino=647 scontext=u:r:gmscore_app:s0:c512,c768 tcontext=u:object_r:traced_producer_socket:s0 tclass=sock_file permissive=0 app=com.google.android.gms
09-23 18:34:40.046   488  3829 W InputManager-JNI: Input channel object '8f442b5 Splash Screen com.shareconnect (client)' was disposed without first being removed with the input manager!
09-23 18:34:40.179 21173 21600 V Console : Foreground activity counter :: AtomicIntWrapper :: 12312792 :: 227589169 :: Value of: 1
09-23 18:34:40.975   779   868 D EGL_emulation: app_time_stats: avg=36.84ms min=1.39ms max=185.11ms count=26
09-23 18:34:41.353 21173 21267 D EGL_emulation: app_time_stats: avg=148.14ms min=1.18ms max=1444.95ms count=10
09-23 18:34:42.373 11307 11307 W ThreadPoolForeg: type=1400 audit(0.0:664): avc: denied { write } for name="traced_producer" dev="tmpfs" ino=647 scontext=u:r:gmscore_app:s0:c512,c768 tcontext=u:object_r:traced_producer_socket:s0 tclass=sock_file permissive=0 app=com.google.android.gms
09-23 18:34:44.822 21173 21173 V Console : Activity lifecycle :: PRE-PAUSED :: SettingsActivity
09-23 18:34:44.823 21173 21173 D Console : Activity lifecycle :: Top activity: SettingsActivity
09-23 18:34:44.824 21173 21173 D FirebaseSessions: App backgrounded on com.shareconnect
09-23 18:34:44.827 21173 21173 V Console : Activity lifecycle :: PAUSED :: SettingsActivity
09-23 18:34:44.829 21173 21173 V Console : Foreground activity counter :: AtomicIntWrapper :: 12312792 :: 227589169 :: Decremented to: 0
09-23 18:34:44.829 21173 21173 D LifecycleMonitor: Lifecycle status change: com.shareconnect.SettingsActivity@3a3a507 in: PAUSED
09-23 18:34:44.829 21173 21173 V ActivityScenario: Activity lifecycle changed event received but ignored because the intent does not match. startActivityIntent=Intent { act=android.intent.action.MAIN cat=[android.intent.category.LAUNCHER] flg=0x10008000 cmp=com.shareconnect/.MainActivity }, activity.getIntent()=Intent { cmp=com.shareconnect/.SettingsActivity (has extras) }, activity=com.shareconnect.SettingsActivity@3a3a507
09-23 18:34:44.836 21173 21173 D LifecycleMonitor: Lifecycle status change: androidx.test.core.app.InstrumentationActivityInvoker$EmptyActivity@8f2757f in: PRE_ON_CREATE
09-23 18:34:44.836 21173 21173 V ActivityScenario: Activity lifecycle changed event received but ignored because the intent does not match. startActivityIntent=Intent { act=android.intent.action.MAIN cat=[android.intent.category.LAUNCHER] flg=0x10008000 cmp=com.shareconnect/.MainActivity }, activity.getIntent()=Intent { act=android.intent.action.MAIN cat=[android.intent.category.LAUNCHER] flg=0x10000000 cmp=com.shareconnect/androidx.test.core.app.InstrumentationActivityInvoker$EmptyActivity }, activity=androidx.test.core.app.InstrumentationActivityInvoker$EmptyActivity@8f2757f
09-23 18:34:44.844 21173 21173 D LifecycleMonitor: Lifecycle status change: androidx.test.core.app.InstrumentationActivityInvoker$EmptyActivity@8f2757f in: CREATED
09-23 18:34:44.844 21173 21173 V ActivityScenario: Activity lifecycle changed event received but ignored because the intent does not match. startActivityIntent=Intent { act=android.intent.action.MAIN cat=[android.intent.category.LAUNCHER] flg=0x10008000 cmp=com.shareconnect/.MainActivity }, activity.getIntent()=Intent { act=android.intent.action.MAIN cat=[android.intent.category.LAUNCHER] flg=0x10000000 cmp=com.shareconnect/androidx.test.core.app.InstrumentationActivityInvoker$EmptyActivity }, activity=androidx.test.core.app.InstrumentationActivityInvoker$EmptyActivity@8f2757f
09-23 18:34:44.845 21173 21173 D LifecycleMonitor: Lifecycle status change: androidx.test.core.app.InstrumentationActivityInvoker$EmptyActivity@8f2757f in: STARTED
09-23 18:34:44.846 21173 21173 V ActivityScenario: Activity lifecycle changed event received but ignored because the intent does not match. startActivityIntent=Intent { act=android.intent.action.MAIN cat=[android.intent.category.LAUNCHER] flg=0x10008000 cmp=com.shareconnect/.MainActivity }, activity.getIntent()=Intent { act=android.intent.action.MAIN cat=[android.intent.category.LAUNCHER] flg=0x10000000 cmp=com.shareconnect/androidx.test.core.app.InstrumentationActivityInvoker$EmptyActivity }, activity=androidx.test.core.app.InstrumentationActivityInvoker$EmptyActivity@8f2757f
09-23 18:34:44.847 21173 21173 D FirebaseSessions: App foregrounded on com.shareconnect
09-23 18:34:44.849 21173 21173 V Console : Activity lifecycle :: RESUMED :: EmptyActivity
09-23 18:34:44.849 21173 21173 V Console : Foreground activity counter :: AtomicIntWrapper :: 12312792 :: 227589169 :: Value of: 0
09-23 18:34:44.849 21173 21173 I Console : Activity lifecycle :: Main state :: Foreground
09-23 18:34:44.849 21173 21173 V Console : Foreground activity counter :: AtomicIntWrapper :: 12312792 :: 227589169 :: Incremented to: 1
09-23 18:34:44.851 21173 21173 D LifecycleMonitor: Lifecycle status change: androidx.test.core.app.InstrumentationActivityInvoker$EmptyActivity@8f2757f in: RESUMED
09-23 18:34:44.851 21173 21173 V ActivityScenario: Activity lifecycle changed event received but ignored because the intent does not match. startActivityIntent=Intent { act=android.intent.action.MAIN cat=[android.intent.category.LAUNCHER] flg=0x10008000 cmp=com.shareconnect/.MainActivity }, activity.getIntent()=Intent { act=android.intent.action.MAIN cat=[android.intent.category.LAUNCHER] flg=0x10000000 cmp=com.shareconnect/androidx.test.core.app.InstrumentationActivityInvoker$EmptyActivity }, activity=androidx.test.core.app.InstrumentationActivityInvoker$EmptyActivity@8f2757f
09-23 18:34:44.851 21173 21173 V Console : Activity lifecycle :: POST-RESUMED :: EmptyActivity
09-23 18:34:44.856 21173 21267 W Parcel  : Expecting binder but got null!
09-23 18:34:44.880 21173 21267 E OpenGLRenderer: Unable to match the desired swap behavior.
09-23 18:34:44.893   488   503 I ActivityTaskManager: Displayed com.shareconnect/androidx.test.core.app.InstrumentationActivityInvoker$EmptyActivity: +81ms
09-23 18:34:44.902 21173 21173 V Console : Activity lifecycle :: PRE-DESTROYED :: MainActivity
09-23 18:34:44.904 21173 21267 D EGL_emulation: app_time_stats: avg=205.87ms min=0.92ms max=3276.43ms count=17
09-23 18:34:44.905 21173 21173 V Console : Activity lifecycle :: DESTROYED :: MainActivity
09-23 18:34:44.906 21173 21173 D LifecycleMonitor: Lifecycle status change: com.shareconnect.MainActivity@a3eea9d in: DESTROYED
09-23 18:34:44.906 21173 21173 V ActivityScenario: Update currentActivityStage to DESTROYED, currentActivity=null
09-23 18:34:44.913   488  3829 W InputManager-JNI: Input channel object '36caba2 com.shareconnect/com.shareconnect.MainActivity (client)' was disposed without first being removed with the input manager!
09-23 18:34:44.915 21173 21173 V Console : Activity lifecycle :: PRE-STOPPED :: SettingsActivity
09-23 18:34:44.917 21173 21173 V Console : Activity lifecycle :: STOPPED :: SettingsActivity
09-23 18:34:44.917 21173 21173 D LifecycleMonitor: Lifecycle status change: com.shareconnect.SettingsActivity@3a3a507 in: STOPPED
09-23 18:34:44.917 21173 21173 V ActivityScenario: Activity lifecycle changed event received but ignored because the intent does not match. startActivityIntent=Intent { act=android.intent.action.MAIN cat=[android.intent.category.LAUNCHER] flg=0x10008000 cmp=com.shareconnect/.MainActivity }, activity.getIntent()=Intent { cmp=com.shareconnect/.SettingsActivity (has extras) }, activity=com.shareconnect.SettingsActivity@3a3a507
09-23 18:34:44.917 21173 21173 V Console : Activity lifecycle :: POST-STOPPED :: SettingsActivity
09-23 18:34:44.934 21173 21248 E TestRunner: failed: testScreenReaderSupport(com.shareconnect.automation.AccessibilityAutomationTest)
09-23 18:34:44.935 21173 21248 E TestRunner: ----- begin exception -----
09-23 18:34:44.935 21173 21248 E TestRunner: java.lang.NoClassDefFoundError: Failed resolution of: Lorg/hamcrest/Matchers;
09-23 18:34:44.935 21173 21248 E TestRunner: 	at androidx.test.espresso.matcher.ViewMatchers.withId(ViewMatchers.java:1)
09-23 18:34:44.935 21173 21248 E TestRunner: 	at com.shareconnect.automation.AccessibilityAutomationTest.testScreenReaderSupport(AccessibilityAutomationTest.kt:114)
09-23 18:34:44.935 21173 21248 E TestRunner: 	at java.lang.reflect.Method.invoke(Native Method)
09-23 18:34:44.935 21173 21248 E TestRunner: 	at org.junit.runners.model.FrameworkMethod$1.runReflectiveCall(FrameworkMethod.java:59)
09-23 18:34:44.935 21173 21248 E TestRunner: 	at org.junit.internal.runners.model.ReflectiveCallable.run(ReflectiveCallable.java:12)
09-23 18:34:44.935 21173 21248 E TestRunner: 	at org.junit.runners.model.FrameworkMethod.invokeExplosively(FrameworkMethod.java:56)
09-23 18:34:44.935 21173 21248 E TestRunner: 	at org.junit.internal.runners.statements.InvokeMethod.evaluate(InvokeMethod.java:17)
09-23 18:34:44.935 21173 21248 E TestRunner: 	at androidx.test.internal.runner.junit4.statement.RunBefores.evaluate(RunBefores.java:80)
09-23 18:34:44.935 21173 21248 E TestRunner: 	at androidx.test.internal.runner.junit4.statement.RunAfters.evaluate(RunAfters.java:61)
09-23 18:34:44.935 21173 21248 E TestRunner: 	at org.junit.runners.ParentRunner$3.evaluate(ParentRunner.java:306)
09-23 18:34:44.935 21173 21248 E TestRunner: 	at org.junit.runners.BlockJUnit4ClassRunner$1.evaluate(BlockJUnit4ClassRunner.java:100)
09-23 18:34:44.935 21173 21248 E TestRunner: 	at org.junit.runners.ParentRunner.runLeaf(ParentRunner.java:366)
09-23 18:34:44.935 21173 21248 E TestRunner: 	at org.junit.runners.BlockJUnit4ClassRunner.runChild(BlockJUnit4ClassRunner.java:103)
09-23 18:34:44.935 21173 21248 E TestRunner: 	at org.junit.runners.BlockJUnit4ClassRunner.runChild(BlockJUnit4ClassRunner.java:63)
09-23 18:34:44.935 21173 21248 E TestRunner: 	at org.junit.runners.ParentRunner$4.run(ParentRunner.java:331)
09-23 18:34:44.935 21173 21248 E TestRunner: 	at org.junit.runners.ParentRunner$1.schedule(ParentRunner.java:79)
09-23 18:34:44.935 21173 21248 E TestRunner: 	at org.junit.runners.ParentRunner.runChildren(ParentRunner.java:329)
09-23 18:34:44.935 21173 21248 E TestRunner: 	at org.junit.runners.ParentRunner.access$100(ParentRunner.java:66)
09-23 18:34:44.935 21173 21248 E TestRunner: 	at org.junit.runners.ParentRunner$2.evaluate(ParentRunner.java:293)
09-23 18:34:44.935 21173 21248 E TestRunner: 	at org.junit.runners.ParentRunner$3.evaluate(ParentRunner.java:306)
09-23 18:34:44.935 21173 21248 E TestRunner: 	at org.junit.runners.ParentRunner.run(ParentRunner.java:413)
09-23 18:34:44.935 21173 21248 E TestRunner: 	at androidx.test.ext.junit.runners.AndroidJUnit4.run(AndroidJUnit4.java:162)
09-23 18:34:44.935 21173 21248 E TestRunner: 	at org.junit.runners.Suite.runChild(Suite.java:128)
09-23 18:34:44.935 21173 21248 E TestRunner: 	at org.junit.runners.Suite.runChild(Suite.java:27)
09-23 18:34:44.935 21173 21248 E TestRunner: 	at org.junit.runners.ParentRunner$4.run(ParentRunner.java:331)
09-23 18:34:44.935 21173 21248 E TestRunner: 	at org.junit.runners.ParentRunner$1.schedule(ParentRunner.java:79)
09-23 18:34:44.935 21173 21248 E TestRunner: 	at org.junit.runners.ParentRunner.runChildren(ParentRunner.java:329)
09-23 18:34:44.935 21173 21248 E TestRunner: 	at org.junit.runners.ParentRunner.access$100(ParentRunner.java:66)
09-23 18:34:44.935 21173 21248 E TestRunner: 	at org.junit.runners.ParentRunner$2.evaluate(ParentRunner.java:293)
09-23 18:34:44.935 21173 21248 E TestRunner: 	at org.junit.runners.ParentRunner$3.evaluate(ParentRunner.java:306)
09-23 18:34:44.935 21173 21248 E TestRunner: 	at org.junit.runners.ParentRunner.run(ParentRunner.java:413)
09-23 18:34:44.935 21173 21248 E TestRunner: 	at org.junit.runners.Suite.runChild(Suite.java:128)
09-23 18:34:44.935 21173 21248 E TestRunner: 	at org.junit.runners.Suite.runChild(Suite.java:27)
09-23 18:34:44.935 21173 21248 E TestRunner: 	at org.junit.runners.ParentRunner$4.run(ParentRunner.java:331)
09-23 18:34:44.935 21173 21248 E TestRunner: 	at org.junit.runners.ParentRunner$1.schedule(ParentRunner.java:79)
09-23 18:34:44.935 21173 21248 E TestRunner: 	at org.junit.runners.ParentRunner.runChildren(ParentRunner.java:329)
09-23 18:34:44.935 21173 21248 E TestRunner: 	at org.junit.runners.ParentRunner.access$100(ParentRunner.java:66)
09-23 18:34:44.935 21173 21248 E TestRunner: 	at org.junit.runners.ParentRunner$2.evaluate(ParentRunner.java:293)
09-23 18:34:44.935 21173 21248 E TestRunner: 	at org.junit.runners.ParentRunner$3.evaluate(ParentRunner.java:306)
09-23 18:34:44.935 21173 21248 E TestRunner: 	at org.junit.runners.ParentRunner.run(ParentRunner.java:413)
09-23 18:34:44.935 21173 21248 E TestRunner: 	at org.junit.runner.JUnitCore.run(JUnitCore.java:137)
09-23 18:34:44.935 21173 21248 E TestRunner: 	at org.junit.runner.JUnitCore.run(JUnitCore.java:115)
09-23 18:34:44.935 21173 21248 E TestRunner: 	at androidx.test.internal.runner.TestExecutor.execute(TestExecutor.java:68)
09-23 18:34:44.935 21173 21248 E TestRunner: 	at androidx.test.internal.runner.TestExecutor.execute(TestExecutor.java:59)
09-23 18:34:44.935 21173 21248 E TestRunner: 	at androidx.test.runner.AndroidJUnitRunner.onStart(AndroidJUnitRunner.java:463)
09-23 18:34:44.935 21173 21248 E TestRunner: 	at android.app.Instrumentation$InstrumentationThread.run(Instrumentation.java:2361)
09-23 18:34:44.935 21173 21248 E TestRunner: Caused by: java.lang.ClassNotFoundException: Didn't find class "org.hamcrest.Matchers" on path: DexPathList[[zip file "/system/framework/android.test.runner.jar", zip file "/system/framework/android.test.mock.jar", zip file "/system/framework/android.test.base.jar", zip file "/data/app/~~YOVoV3whYp25XUuerLfoEg==/com.shareconnect.test-eEA3urOlFgaxwn0QxaixJw==/base.apk", zip file "/data/app/~~LXf1C5enh4HIgT1m7WO3MQ==/com.shareconnect-n7Z_t5OsurgLPD3lXxcr6A==/base.apk"],nativeLibraryDirectories=[/data/app/~~YOVoV3whYp25XUuerLfoEg==/com.shareconnect.test-eEA3urOlFgaxwn0QxaixJw==/lib/arm64, /data/app/~~LXf1C5enh4HIgT1m7WO3MQ==/com.shareconnect-n7Z_t5OsurgLPD3lXxcr6A==/lib/arm64, /data/app/~~YOVoV3whYp25XUuerLfoEg==/com.shareconnect.test-eEA3urOlFgaxwn0QxaixJw==/base.apk!/lib/arm64-v8a, /data/app/~~LXf1C5enh4HIgT1m7WO3MQ==/com.shareconnect-n7Z_t5OsurgLPD3lXxcr6A==/base.apk!/lib/arm64-v8a, /system/lib64, /system_ext/lib64]]
09-23 18:34:44.935 21173 21248 E TestRunner: 	at dalvik.system.BaseDexClassLoader.findClass(BaseDexClassLoader.java:259)
09-23 18:34:44.935 21173 21248 E TestRunner: 	at java.lang.ClassLoader.loadClass(ClassLoader.java:379)
09-23 18:34:44.935 21173 21248 E TestRunner: 	at java.lang.ClassLoader.loadClass(ClassLoader.java:312)
09-23 18:34:44.935 21173 21248 E TestRunner: 	... 46 more
09-23 18:34:44.935 21173 21248 E TestRunner: ----- end exception -----
09-23 18:34:44.935 11811 11811 I GoogleInputMethodService: GoogleInputMethodService.onFinishInput():3227
09-23 18:34:44.936 21173 21248 I TestRunner: finished: testScreenReaderSupport(com.shareconnect.automation.AccessibilityAutomationTest)
