09-23 18:34:45.782 21173 21248 I TestRunner: started: testSettingsButtonClick(com.shareconnect.activities.MainActivityInstrumentationTest)
09-23 18:34:45.783 21173 21248 W Settings: Setting always_finish_activities has moved from android.provider.Settings.System to android.provider.Settings.Global, returning read-only value.
09-23 18:34:45.792   779   868 W Parcel  : Expecting binder but got null!
09-23 18:34:45.805 21173 21173 D LifecycleMonitor: Lifecycle status change: com.shareconnect.MainActivity@90da4a5 in: PRE_ON_CREATE
09-23 18:34:45.805 21173 21173 V ActivityScenario: Activity lifecycle changed event received but ignored because the reported transition was not ON_CREATE while the last known transition was PRE_ON_CREATE
09-23 18:34:45.808 21173 21173 D Console : getDefaultTheme() returned: Warm Orange Light (ID: 1, isDefault: true)
09-23 18:34:45.808 21173 21173 D Console : getDefaultTheme() returned: Warm Orange Light (ID: 1, isDefault: true)
09-23 18:34:45.809 21173 21173 D Console : Applying theme: Warm Orange Light, colorScheme: warm_orange, isDarkMode: false, currentTheme: WARM_ORANGE_LIGHT
09-23 18:34:45.809 21173 21173 D Console : Activity MainActivity usesToolbar: true
09-23 18:34:45.812 21173 21173 D Console : Setting night mode to NO
09-23 18:34:45.817   779   868 E OpenGLRenderer: Unable to match the desired swap behavior.
09-23 18:34:45.846 21173 21173 D LifecycleMonitor: Lifecycle status change: com.shareconnect.MainActivity@90da4a5 in: CREATED
09-23 18:34:45.846 21173 21173 V ActivityScenario: Update currentActivityStage to CREATED, currentActivity=com.shareconnect.MainActivity@90da4a5
09-23 18:34:45.852 21173 21173 D LifecycleMonitor: Lifecycle status change: com.shareconnect.MainActivity@90da4a5 in: STARTED
09-23 18:34:45.852 21173 21173 V ActivityScenario: Update currentActivityStage to STARTED, currentActivity=com.shareconnect.MainActivity@90da4a5
09-23 18:34:45.855 21173 21173 D FirebaseSessions: App foregrounded on com.shareconnect
09-23 18:34:45.857 21173 21173 V Console : Activity lifecycle :: RESUMED :: MainActivity
09-23 18:34:45.857 21173 21173 V Console : Foreground activity counter :: AtomicIntWrapper :: 12312792 :: 227589169 :: Value of: 0
09-23 18:34:45.857 21173 21173 I Console : Activity lifecycle :: Main state :: Foreground
09-23 18:34:45.857 21173 21173 V Console : Foreground activity counter :: AtomicIntWrapper :: 12312792 :: 227589169 :: Incremented to: 1
09-23 18:34:45.858 21173 21173 D Console : hasThemeChanged() returned: false
09-23 18:34:45.858 21173 21173 D Console : onResume() called, themeChanged: false
09-23 18:34:45.858 21173 21173 D LifecycleMonitor: Lifecycle status change: com.shareconnect.MainActivity@90da4a5 in: RESUMED
09-23 18:34:45.858 21173 21173 V ActivityScenario: Update currentActivityStage to RESUMED, currentActivity=com.shareconnect.MainActivity@90da4a5
09-23 18:34:45.858 21173 21173 V Console : Activity lifecycle :: POST-RESUMED :: MainActivity
09-23 18:34:45.860 21173 21267 W Parcel  : Expecting binder but got null!
09-23 18:34:45.863 21173 21173 V Console : Activity lifecycle :: PRE-PAUSED :: MainActivity
09-23 18:34:45.863 21173 21173 D Console : Activity lifecycle :: Top activity: MainActivity
09-23 18:34:45.863 21173 21173 D FirebaseSessions: App backgrounded on com.shareconnect
09-23 18:34:45.864 21173 21173 V Console : Activity lifecycle :: PAUSED :: MainActivity
09-23 18:34:45.864 21173 21173 V Console : Foreground activity counter :: AtomicIntWrapper :: 12312792 :: 227589169 :: Decremented to: 0
09-23 18:34:45.864 21173 21173 D LifecycleMonitor: Lifecycle status change: com.shareconnect.MainActivity@90da4a5 in: PAUSED
09-23 18:34:45.864 21173 21173 V ActivityScenario: Update currentActivityStage to PAUSED, currentActivity=com.shareconnect.MainActivity@90da4a5
09-23 18:34:45.879 21173 21267 E OpenGLRenderer: Unable to match the desired swap behavior.
09-23 18:34:45.887 21173 21173 D LifecycleMonitor: Lifecycle status change: com.shareconnect.SettingsActivity@f8537c4 in: PRE_ON_CREATE
09-23 18:34:45.887 21173 21173 V ActivityScenario: Activity lifecycle changed event received but ignored because the intent does not match. startActivityIntent=Intent { act=android.intent.action.MAIN cat=[android.intent.category.LAUNCHER] flg=0x10008000 cmp=com.shareconnect/.MainActivity }, activity.getIntent()=Intent { cmp=com.shareconnect/.SettingsActivity (has extras) }, activity=com.shareconnect.SettingsActivity@f8537c4
09-23 18:34:45.888 21173 21173 D Console : getDefaultTheme() returned: Warm Orange Light (ID: 1, isDefault: true)
09-23 18:34:45.888 21173 21173 D Console : getDefaultTheme() returned: Warm Orange Light (ID: 1, isDefault: true)
09-23 18:34:45.888 21173 21173 D Console : Applying theme: Warm Orange Light, colorScheme: warm_orange, isDarkMode: false, currentTheme: WARM_ORANGE_LIGHT
09-23 18:34:45.888 21173 21173 D Console : Activity SettingsActivity usesToolbar: true
09-23 18:34:45.888 21173 21173 D Console : Setting night mode to NO
09-23 18:34:45.893  1581  1581 I GsaVoiceInteractionSrv: Handling ACTION_STOP_HOTWORD
09-23 18:34:45.893  1581  2233 I HwDetectorWithState: (REDACTED) a: %d
09-23 18:34:45.896 21173 21173 D LifecycleMonitor: Lifecycle status change: com.shareconnect.SettingsActivity@f8537c4 in: CREATED
09-23 18:34:45.896 21173 21173 V ActivityScenario: Activity lifecycle changed event received but ignored because the intent does not match. startActivityIntent=Intent { act=android.intent.action.MAIN cat=[android.intent.category.LAUNCHER] flg=0x10008000 cmp=com.shareconnect/.MainActivity }, activity.getIntent()=Intent { cmp=com.shareconnect/.SettingsActivity (has extras) }, activity=com.shareconnect.SettingsActivity@f8537c4
09-23 18:34:45.899 21173 21173 D LifecycleMonitor: Lifecycle status change: com.shareconnect.SettingsActivity@f8537c4 in: STARTED
09-23 18:34:45.899 21173 21173 V ActivityScenario: Activity lifecycle changed event received but ignored because the intent does not match. startActivityIntent=Intent { act=android.intent.action.MAIN cat=[android.intent.category.LAUNCHER] flg=0x10008000 cmp=com.shareconnect/.MainActivity }, activity.getIntent()=Intent { cmp=com.shareconnect/.SettingsActivity (has extras) }, activity=com.shareconnect.SettingsActivity@f8537c4
09-23 18:34:45.899 21173 21173 D FirebaseSessions: App foregrounded on com.shareconnect
09-23 18:34:45.901 21173 21173 V Console : Activity lifecycle :: RESUMED :: SettingsActivity
09-23 18:34:45.901 21173 21173 V Console : Foreground activity counter :: AtomicIntWrapper :: 12312792 :: 227589169 :: Value of: 0
09-23 18:34:45.901 21173 21173 I Console : Activity lifecycle :: Main state :: Foreground
09-23 18:34:45.901 21173 21173 V Console : Foreground activity counter :: AtomicIntWrapper :: 12312792 :: 227589169 :: Incremented to: 1
09-23 18:34:45.901 21173 21173 D LifecycleMonitor: Lifecycle status change: com.shareconnect.SettingsActivity@f8537c4 in: RESUMED
09-23 18:34:45.901 21173 21173 V ActivityScenario: Activity lifecycle changed event received but ignored because the intent does not match. startActivityIntent=Intent { act=android.intent.action.MAIN cat=[android.intent.category.LAUNCHER] flg=0x10008000 cmp=com.shareconnect/.MainActivity }, activity.getIntent()=Intent { cmp=com.shareconnect/.SettingsActivity (has extras) }, activity=com.shareconnect.SettingsActivity@f8537c4
09-23 18:34:45.901 21173 21173 V Console : Activity lifecycle :: POST-RESUMED :: SettingsActivity
09-23 18:34:45.902 21173 21267 W Parcel  : Expecting binder but got null!
09-23 18:34:45.913 21173 21267 E OpenGLRenderer: Unable to match the desired swap behavior.
09-23 18:34:45.926   488   503 W ziparchive: Unable to open '/data/app/~~LXf1C5enh4HIgT1m7WO3MQ==/com.shareconnect-n7Z_t5OsurgLPD3lXxcr6A==/base.dm': No such file or directory
09-23 18:34:45.930   488   503 I ActivityTaskManager: Displayed com.shareconnect/.SettingsActivity: +139ms
09-23 18:34:45.946 11811 11811 I GoogleInputMethodService: GoogleInputMethodService.onFinishInput():3227
09-23 18:34:45.948 11811 11811 I GoogleInputMethodService: GoogleInputMethodService.updateDeviceLockedStatus():2087 repeatCheckTimes = 0, unlocked = true
09-23 18:34:45.948 11811 11811 I GoogleInputMethodService: GoogleInputMethodService.onStartInput():1877 onStartInput(EditorInfo{inputType=0x0(NULL) imeOptions=0x0 privateImeOptions=null actionName=UNSPECIFIED actionLabel=null actionId=0 initialSelStart=-1 initialSelEnd=-1 initialCapsMode=0x0 hintText=null label=null packageName=com.shareconnect fieldId=2131231190 fieldName=null extras=null}, false)
09-23 18:34:45.948 11811 11811 I GoogleInputMethodService: GoogleInputMethodService.shouldHideHeaderOnInitialState():4008 ShouldHideHeaderOnInitialState = false
09-23 18:34:45.948   779   868 D EGL_emulation: app_time_stats: avg=562.05ms min=14.66ms max=6005.31ms count=11
09-23 18:34:45.948 11811 11811 I GoogleInputMethodService: GoogleInputMethodService.updateDeviceLockedStatus():2087 repeatCheckTimes = 2, unlocked = true
09-23 18:34:46.145 21173 21173 V Console : Activity lifecycle :: PRE-STOPPED :: MainActivity
09-23 18:34:46.146   779   868 D EGL_emulation: app_time_stats: avg=1034.19ms min=48.44ms max=4770.20ms count=5
09-23 18:34:46.149 21173 21173 V Console : Activity lifecycle :: STOPPED :: MainActivity
09-23 18:34:46.150 21173 21173 D LifecycleMonitor: Lifecycle status change: com.shareconnect.MainActivity@90da4a5 in: STOPPED
09-23 18:34:46.150 21173 21173 V ActivityScenario: Update currentActivityStage to STOPPED, currentActivity=com.shareconnect.MainActivity@90da4a5
09-23 18:34:46.150 21173 21173 V Console : Activity lifecycle :: POST-STOPPED :: MainActivity
09-23 18:34:46.169  1581  2227 I AssistantForeground: (REDACTED) Get launcher package: %s
09-23 18:34:46.177   998  1945 D OneSearchSuggestProvider: Shut down the binder channel
09-23 18:34:46.178   998 17829 I s.nexuslauncher: oneway function results for code 2 on binder at 0xb400007a394905a0 will be dropped but finished with status UNKNOWN_TRANSACTION
09-23 18:34:46.213   488  2445 W InputManager-JNI: Input channel object 'bac7f72 Splash Screen com.shareconnect (client)' was disposed without first being removed with the input manager!
09-23 18:34:46.334  1581  1596 I hbox:interactor: Background young concurrent copying GC freed 214871(10MB) AllocSpace objects, 0(0B) LOS objects, 50% free, 10MB/21MB, paused 148us,7us total 186.203ms
09-23 18:34:46.365 21173 21622 V Console : Foreground activity counter :: AtomicIntWrapper :: 12312792 :: 227589169 :: Value of: 1
09-23 18:34:47.161   779   868 D EGL_emulation: app_time_stats: avg=36.12ms min=10.01ms max=116.22ms count=28
09-23 18:34:47.317 12330 12330 W ThreadPoolForeg: type=1400 audit(0.0:665): avc: denied { write } for name="traced_producer" dev="tmpfs" ino=647 scontext=u:r:gmscore_app:s0:c512,c768 tcontext=u:object_r:traced_producer_socket:s0 tclass=sock_file permissive=0 app=com.google.android.gms
09-23 18:34:47.568 21173 21267 D EGL_emulation: app_time_stats: avg=153.13ms min=0.69ms max=1492.61ms count=10
09-23 18:34:47.667 12330 12330 D BoundBrokerSvc: onUnbind: Intent { act=com.google.android.gms.presencemanager.service.START dat=chimera-action:/... cmp=com.google.android.gms/.chimera.PersistentApiService }
09-23 18:34:47.669 12330 12330 D BoundBrokerSvc: onUnbind: Intent { act=com.google.android.gms.presencemanager.service.INTERNAL_IDENTITY dat=chimera-action:/... cmp=com.google.android.gms/.chimera.PersistentApiService }
09-23 18:34:51.123 21173 21173 V Console : Activity lifecycle :: PRE-PAUSED :: SettingsActivity
09-23 18:34:51.127 21173 21173 D Console : Activity lifecycle :: Top activity: SettingsActivity
09-23 18:34:51.129 21173 21173 D FirebaseSessions: App backgrounded on com.shareconnect
09-23 18:34:51.153 21173 21173 V Console : Activity lifecycle :: PAUSED :: SettingsActivity
09-23 18:34:51.155 21173 21173 V Console : Foreground activity counter :: AtomicIntWrapper :: 12312792 :: 227589169 :: Decremented to: 0
09-23 18:34:51.156 21173 21173 D LifecycleMonitor: Lifecycle status change: com.shareconnect.SettingsActivity@f8537c4 in: PAUSED
09-23 18:34:51.156 21173 21173 V ActivityScenario: Activity lifecycle changed event received but ignored because the intent does not match. startActivityIntent=Intent { act=android.intent.action.MAIN cat=[android.intent.category.LAUNCHER] flg=0x10008000 cmp=com.shareconnect/.MainActivity }, activity.getIntent()=Intent { cmp=com.shareconnect/.SettingsActivity (has extras) }, activity=com.shareconnect.SettingsActivity@f8537c4
09-23 18:34:51.184 21173 21173 D LifecycleMonitor: Lifecycle status change: androidx.test.core.app.InstrumentationActivityInvoker$EmptyActivity@e5bcbae in: PRE_ON_CREATE
09-23 18:34:51.185 21173 21173 V ActivityScenario: Activity lifecycle changed event received but ignored because the intent does not match. startActivityIntent=Intent { act=android.intent.action.MAIN cat=[android.intent.category.LAUNCHER] flg=0x10008000 cmp=com.shareconnect/.MainActivity }, activity.getIntent()=Intent { act=android.intent.action.MAIN cat=[android.intent.category.LAUNCHER] flg=0x10000000 cmp=com.shareconnect/androidx.test.core.app.InstrumentationActivityInvoker$EmptyActivity }, activity=androidx.test.core.app.InstrumentationActivityInvoker$EmptyActivity@e5bcbae
09-23 18:34:51.211 21173 21173 D LifecycleMonitor: Lifecycle status change: androidx.test.core.app.InstrumentationActivityInvoker$EmptyActivity@e5bcbae in: CREATED
09-23 18:34:51.212 21173 21173 V ActivityScenario: Activity lifecycle changed event received but ignored because the intent does not match. startActivityIntent=Intent { act=android.intent.action.MAIN cat=[android.intent.category.LAUNCHER] flg=0x10008000 cmp=com.shareconnect/.MainActivity }, activity.getIntent()=Intent { act=android.intent.action.MAIN cat=[android.intent.category.LAUNCHER] flg=0x10000000 cmp=com.shareconnect/androidx.test.core.app.InstrumentationActivityInvoker$EmptyActivity }, activity=androidx.test.core.app.InstrumentationActivityInvoker$EmptyActivity@e5bcbae
09-23 18:34:51.214 21173 21173 D LifecycleMonitor: Lifecycle status change: androidx.test.core.app.InstrumentationActivityInvoker$EmptyActivity@e5bcbae in: STARTED
09-23 18:34:51.215 21173 21173 V ActivityScenario: Activity lifecycle changed event received but ignored because the intent does not match. startActivityIntent=Intent { act=android.intent.action.MAIN cat=[android.intent.category.LAUNCHER] flg=0x10008000 cmp=com.shareconnect/.MainActivity }, activity.getIntent()=Intent { act=android.intent.action.MAIN cat=[android.intent.category.LAUNCHER] flg=0x10000000 cmp=com.shareconnect/androidx.test.core.app.InstrumentationActivityInvoker$EmptyActivity }, activity=androidx.test.core.app.InstrumentationActivityInvoker$EmptyActivity@e5bcbae
09-23 18:34:51.220 21173 21173 D FirebaseSessions: App foregrounded on com.shareconnect
09-23 18:34:51.229 21173 21173 V Console : Activity lifecycle :: RESUMED :: EmptyActivity
09-23 18:34:51.229 21173 21173 V Console : Foreground activity counter :: AtomicIntWrapper :: 12312792 :: 227589169 :: Value of: 0
09-23 18:34:51.230 21173 21173 I Console : Activity lifecycle :: Main state :: Foreground
09-23 18:34:51.230 21173 21173 V Console : Foreground activity counter :: AtomicIntWrapper :: 12312792 :: 227589169 :: Incremented to: 1
09-23 18:34:51.232 21173 21173 D LifecycleMonitor: Lifecycle status change: androidx.test.core.app.InstrumentationActivityInvoker$EmptyActivity@e5bcbae in: RESUMED
09-23 18:34:51.232 21173 21173 V ActivityScenario: Activity lifecycle changed event received but ignored because the intent does not match. startActivityIntent=Intent { act=android.intent.action.MAIN cat=[android.intent.category.LAUNCHER] flg=0x10008000 cmp=com.shareconnect/.MainActivity }, activity.getIntent()=Intent { act=android.intent.action.MAIN cat=[android.intent.category.LAUNCHER] flg=0x10000000 cmp=com.shareconnect/androidx.test.core.app.InstrumentationActivityInvoker$EmptyActivity }, activity=androidx.test.core.app.InstrumentationActivityInvoker$EmptyActivity@e5bcbae
09-23 18:34:51.233 21173 21173 V Console : Activity lifecycle :: POST-RESUMED :: EmptyActivity
09-23 18:34:51.252 21173 21267 W Parcel  : Expecting binder but got null!
09-23 18:34:51.333 21173 21267 E OpenGLRenderer: Unable to match the desired swap behavior.
09-23 18:34:51.369   488   503 I ActivityTaskManager: Displayed com.shareconnect/androidx.test.core.app.InstrumentationActivityInvoker$EmptyActivity: +342ms
09-23 18:34:51.397 21173 21173 V Console : Activity lifecycle :: PRE-STOPPED :: SettingsActivity
09-23 18:34:51.399 21173 21173 V Console : Activity lifecycle :: STOPPED :: SettingsActivity
09-23 18:34:51.405 11811 11811 I GoogleInputMethodService: GoogleInputMethodService.onFinishInput():3227
09-23 18:34:51.412 21173 21173 D LifecycleMonitor: Lifecycle status change: com.shareconnect.SettingsActivity@f8537c4 in: STOPPED
09-23 18:34:51.413 21173 21173 V ActivityScenario: Activity lifecycle changed event received but ignored because the intent does not match. startActivityIntent=Intent { act=android.intent.action.MAIN cat=[android.intent.category.LAUNCHER] flg=0x10008000 cmp=com.shareconnect/.MainActivity }, activity.getIntent()=Intent { cmp=com.shareconnect/.SettingsActivity (has extras) }, activity=com.shareconnect.SettingsActivity@f8537c4
09-23 18:34:51.413 21173 21173 V Console : Activity lifecycle :: POST-STOPPED :: SettingsActivity
09-23 18:34:51.414 11307 21262 D AdvertisingIdClient: AdvertisingIdClient already created.
09-23 18:34:51.432 11811 11811 I GoogleInputMethodService: GoogleInputMethodService.updateDeviceLockedStatus():2087 repeatCheckTimes = 0, unlocked = true
09-23 18:34:51.432 11811 11811 I GoogleInputMethodService: GoogleInputMethodService.onStartInput():1877 onStartInput(EditorInfo{inputType=0x0(NULL) imeOptions=0x0 privateImeOptions=null actionName=UNSPECIFIED actionLabel=null actionId=0 initialSelStart=-1 initialSelEnd=-1 initialCapsMode=0x0 hintText=null label=null packageName=com.shareconnect fieldId=-1 fieldName=null extras=null}, false)
09-23 18:34:51.432 11811 11811 I GoogleInputMethodService: GoogleInputMethodService.shouldHideHeaderOnInitialState():4008 ShouldHideHeaderOnInitialState = false
09-23 18:34:51.432 21173 21173 V Console : Activity lifecycle :: PRE-DESTROYED :: MainActivity
09-23 18:34:51.434 11811 11811 I GoogleInputMethodService: GoogleInputMethodService.updateDeviceLockedStatus():2087 repeatCheckTimes = 2, unlocked = true
09-23 18:34:51.435 21173 21173 V Console : Activity lifecycle :: DESTROYED :: MainActivity
09-23 18:34:51.435 11307 21262 I AdvertisingIdClient: shouldSendLog 3283680
09-23 18:34:51.435 11307 21262 I AdvertisingIdClient: GetInfoInternal elapse 22ms
09-23 18:34:51.436 21173 21173 D LifecycleMonitor: Lifecycle status change: com.shareconnect.MainActivity@90da4a5 in: DESTROYED
09-23 18:34:51.436 21173 21173 V ActivityScenario: Update currentActivityStage to DESTROYED, currentActivity=null
09-23 18:34:51.441   488  4122 W InputManager-JNI: Input channel object '5e8d43b com.shareconnect/com.shareconnect.MainActivity (client)' was disposed without first being removed with the input manager!
09-23 18:34:51.457 21173 21248 E TestRunner: failed: testSettingsButtonClick(com.shareconnect.activities.MainActivityInstrumentationTest)
09-23 18:34:51.458 21173 21248 E TestRunner: ----- begin exception -----
09-23 18:34:51.458 21173 21248 E TestRunner: java.lang.NoClassDefFoundError: Failed resolution of: Lorg/hamcrest/Matchers;
09-23 18:34:51.458 21173 21248 E TestRunner: 	at androidx.test.espresso.matcher.ViewMatchers.withId(ViewMatchers.java:1)
09-23 18:34:51.458 21173 21248 E TestRunner: 	at com.shareconnect.activities.MainActivityInstrumentationTest.testSettingsButtonClick(MainActivityInstrumentationTest.kt:56)
09-23 18:34:51.458 21173 21248 E TestRunner: 	at java.lang.reflect.Method.invoke(Native Method)
09-23 18:34:51.458 21173 21248 E TestRunner: 	at org.junit.runners.model.FrameworkMethod$1.runReflectiveCall(FrameworkMethod.java:59)
09-23 18:34:51.458 21173 21248 E TestRunner: 	at org.junit.internal.runners.model.ReflectiveCallable.run(ReflectiveCallable.java:12)
09-23 18:34:51.458 21173 21248 E TestRunner: 	at org.junit.runners.model.FrameworkMethod.invokeExplosively(FrameworkMethod.java:56)
09-23 18:34:51.458 21173 21248 E TestRunner: 	at org.junit.internal.runners.statements.InvokeMethod.evaluate(InvokeMethod.java:17)
09-23 18:34:51.458 21173 21248 E TestRunner: 	at androidx.test.internal.runner.junit4.statement.RunBefores.evaluate(RunBefores.java:80)
09-23 18:34:51.458 21173 21248 E TestRunner: 	at androidx.test.internal.runner.junit4.statement.RunAfters.evaluate(RunAfters.java:61)
09-23 18:34:51.458 21173 21248 E TestRunner: 	at androidx.test.rule.ActivityTestRule$ActivityStatement.evaluate(ActivityTestRule.java:522)
09-23 18:34:51.458 21173 21248 E TestRunner: 	at org.junit.runners.ParentRunner$3.evaluate(ParentRunner.java:306)
09-23 18:34:51.458 21173 21248 E TestRunner: 	at org.junit.runners.BlockJUnit4ClassRunner$1.evaluate(BlockJUnit4ClassRunner.java:100)
09-23 18:34:51.458 21173 21248 E TestRunner: 	at org.junit.runners.ParentRunner.runLeaf(ParentRunner.java:366)
09-23 18:34:51.458 21173 21248 E TestRunner: 	at org.junit.runners.BlockJUnit4ClassRunner.runChild(BlockJUnit4ClassRunner.java:103)
09-23 18:34:51.458 21173 21248 E TestRunner: 	at org.junit.runners.BlockJUnit4ClassRunner.runChild(BlockJUnit4ClassRunner.java:63)
09-23 18:34:51.458 21173 21248 E TestRunner: 	at org.junit.runners.ParentRunner$4.run(ParentRunner.java:331)
09-23 18:34:51.458 21173 21248 E TestRunner: 	at org.junit.runners.ParentRunner$1.schedule(ParentRunner.java:79)
09-23 18:34:51.458 21173 21248 E TestRunner: 	at org.junit.runners.ParentRunner.runChildren(ParentRunner.java:329)
09-23 18:34:51.458 21173 21248 E TestRunner: 	at org.junit.runners.ParentRunner.access$100(ParentRunner.java:66)
09-23 18:34:51.458 21173 21248 E TestRunner: 	at org.junit.runners.ParentRunner$2.evaluate(ParentRunner.java:293)
09-23 18:34:51.458 21173 21248 E TestRunner: 	at org.junit.runners.ParentRunner$3.evaluate(ParentRunner.java:306)
09-23 18:34:51.458 21173 21248 E TestRunner: 	at org.junit.runners.ParentRunner.run(ParentRunner.java:413)
09-23 18:34:51.458 21173 21248 E TestRunner: 	at androidx.test.ext.junit.runners.AndroidJUnit4.run(AndroidJUnit4.java:162)
09-23 18:34:51.458 21173 21248 E TestRunner: 	at org.junit.runners.Suite.runChild(Suite.java:128)
09-23 18:34:51.458 21173 21248 E TestRunner: 	at org.junit.runners.Suite.runChild(Suite.java:27)
09-23 18:34:51.458 21173 21248 E TestRunner: 	at org.junit.runners.ParentRunner$4.run(ParentRunner.java:331)
09-23 18:34:51.458 21173 21248 E TestRunner: 	at org.junit.runners.ParentRunner$1.schedule(ParentRunner.java:79)
09-23 18:34:51.458 21173 21248 E TestRunner: 	at org.junit.runners.ParentRunner.runChildren(ParentRunner.java:329)
09-23 18:34:51.458 21173 21248 E TestRunner: 	at org.junit.runners.ParentRunner.access$100(ParentRunner.java:66)
09-23 18:34:51.458 21173 21248 E TestRunner: 	at org.junit.runners.ParentRunner$2.evaluate(ParentRunner.java:293)
09-23 18:34:51.458 21173 21248 E TestRunner: 	at org.junit.runners.ParentRunner$3.evaluate(ParentRunner.java:306)
09-23 18:34:51.458 21173 21248 E TestRunner: 	at org.junit.runners.ParentRunner.run(ParentRunner.java:413)
09-23 18:34:51.458 21173 21248 E TestRunner: 	at org.junit.runners.Suite.runChild(Suite.java:128)
09-23 18:34:51.458 21173 21248 E TestRunner: 	at org.junit.runners.Suite.runChild(Suite.java:27)
09-23 18:34:51.458 21173 21248 E TestRunner: 	at org.junit.runners.ParentRunner$4.run(ParentRunner.java:331)
09-23 18:34:51.458 21173 21248 E TestRunner: 	at org.junit.runners.ParentRunner$1.schedule(ParentRunner.java:79)
09-23 18:34:51.458 21173 21248 E TestRunner: 	at org.junit.runners.ParentRunner.runChildren(ParentRunner.java:329)
09-23 18:34:51.458 21173 21248 E TestRunner: 	at org.junit.runners.ParentRunner.access$100(ParentRunner.java:66)
09-23 18:34:51.458 21173 21248 E TestRunner: 	at org.junit.runners.ParentRunner$2.evaluate(ParentRunner.java:293)
09-23 18:34:51.458 21173 21248 E TestRunner: 	at org.junit.runners.ParentRunner$3.evaluate(ParentRunner.java:306)
09-23 18:34:51.458 21173 21248 E TestRunner: 	at org.junit.runners.ParentRunner.run(ParentRunner.java:413)
09-23 18:34:51.458 21173 21248 E TestRunner: 	at org.junit.runner.JUnitCore.run(JUnitCore.java:137)
09-23 18:34:51.458 21173 21248 E TestRunner: 	at org.junit.runner.JUnitCore.run(JUnitCore.java:115)
09-23 18:34:51.458 21173 21248 E TestRunner: 	at androidx.test.internal.runner.TestExecutor.execute(TestExecutor.java:68)
09-23 18:34:51.458 21173 21248 E TestRunner: 	at androidx.test.internal.runner.TestExecutor.execute(TestExecutor.java:59)
09-23 18:34:51.458 21173 21248 E TestRunner: 	at androidx.test.runner.AndroidJUnitRunner.onStart(AndroidJUnitRunner.java:463)
09-23 18:34:51.458 21173 21248 E TestRunner: 	at android.app.Instrumentation$InstrumentationThread.run(Instrumentation.java:2361)
09-23 18:34:51.458 21173 21248 E TestRunner: Caused by: java.lang.ClassNotFoundException: Didn't find class "org.hamcrest.Matchers" on path: DexPathList[[zip file "/system/framework/android.test.runner.jar", zip file "/system/framework/android.test.mock.jar", zip file "/system/framework/android.test.base.jar", zip file "/data/app/~~YOVoV3whYp25XUuerLfoEg==/com.shareconnect.test-eEA3urOlFgaxwn0QxaixJw==/base.apk", zip file "/data/app/~~LXf1C5enh4HIgT1m7WO3MQ==/com.shareconnect-n7Z_t5OsurgLPD3lXxcr6A==/base.apk"],nativeLibraryDirectories=[/data/app/~~YOVoV3whYp25XUuerLfoEg==/com.shareconnect.test-eEA3urOlFgaxwn0QxaixJw==/lib/arm64, /data/app/~~LXf1C5enh4HIgT1m7WO3MQ==/com.shareconnect-n7Z_t5OsurgLPD3lXxcr6A==/lib/arm64, /data/app/~~YOVoV3whYp25XUuerLfoEg==/com.shareconnect.test-eEA3urOlFgaxwn0QxaixJw==/base.apk!/lib/arm64-v8a, /data/app/~~LXf1C5enh4HIgT1m7WO3MQ==/com.shareconnect-n7Z_t5OsurgLPD3lXxcr6A==/base.apk!/lib/arm64-v8a, /system/lib64, /system_ext/lib64]]
09-23 18:34:51.458 21173 21248 E TestRunner: 	at dalvik.system.BaseDexClassLoader.findClass(BaseDexClassLoader.java:259)
09-23 18:34:51.458 21173 21248 E TestRunner: 	at java.lang.ClassLoader.loadClass(ClassLoader.java:379)
09-23 18:34:51.458 21173 21248 E TestRunner: 	at java.lang.ClassLoader.loadClass(ClassLoader.java:312)
09-23 18:34:51.458 21173 21248 E TestRunner: 	... 47 more
09-23 18:34:51.458 21173 21248 E TestRunner: ----- end exception -----
09-23 18:34:51.463 21173 21248 I TestRunner: finished: testSettingsButtonClick(com.shareconnect.activities.MainActivityInstrumentationTest)
