09-23 20:25:14.147 12245 12346 I TestRunner: started: testSettingsFragmentIsLoaded(com.shareconnect.activities.SettingsActivityInstrumentationTest)
09-23 20:25:14.158 12245 12346 W Settings: Setting always_finish_activities has moved from android.provider.Settings.System to android.provider.Settings.Global, returning read-only value.
09-23 20:25:14.182   779   868 W Parcel  : Expecting binder but got null!
09-23 20:25:14.213   779   868 E OpenGLRenderer: Unable to match the desired swap behavior.
09-23 20:25:14.230 12245 12245 D LifecycleMonitor: Lifecycle status change: com.shareconnect.SettingsActivity@36a00ca in: PRE_ON_CREATE
09-23 20:25:14.231 12245 12245 V ActivityScenario: Activity lifecycle changed event received but ignored because the reported transition was not ON_CREATE while the last known transition was PRE_ON_CREATE
09-23 20:25:14.260 12245 12245 D Console : getDefaultTheme() returned: Warm Orange Light (ID: 1, isDefault: true)
09-23 20:25:14.260 12245 12245 D Console : getDefaultTheme() returned: Warm Orange Light (ID: 1, isDefault: true)
09-23 20:25:14.260 12245 12245 D Console : Applying theme: Warm Orange Light, colorScheme: warm_orange, isDarkMode: false, currentTheme: WARM_ORANGE_LIGHT
09-23 20:25:14.260 12245 12245 D Console : Activity SettingsActivity usesToolbar: true
09-23 20:25:14.288 12245 12245 D Console : Setting night mode to NO
09-23 20:25:14.296  1581  1581 I GsaVoiceInteractionSrv: Handling ACTION_STOP_HOTWORD
09-23 20:25:14.298  1581  2154 I HwDetectorWithState: (REDACTED) a: %d
09-23 20:25:14.331 12245 12245 D LifecycleMonitor: Lifecycle status change: com.shareconnect.SettingsActivity@36a00ca in: CREATED
09-23 20:25:14.332 12245 12245 V ActivityScenario: Update currentActivityStage to CREATED, currentActivity=com.shareconnect.SettingsActivity@36a00ca
09-23 20:25:14.358 12245 12245 D LifecycleMonitor: Lifecycle status change: com.shareconnect.SettingsActivity@36a00ca in: STARTED
09-23 20:25:14.358 12245 12245 V ActivityScenario: Update currentActivityStage to STARTED, currentActivity=com.shareconnect.SettingsActivity@36a00ca
09-23 20:25:14.362 12245 12245 D FirebaseSessions: App foregrounded on com.shareconnect
09-23 20:25:14.373 12245 12245 V Console : Activity lifecycle :: RESUMED :: SettingsActivity
09-23 20:25:14.375 12245 12245 V Console : Foreground activity counter :: AtomicIntWrapper :: 12312792 :: 227589169 :: Value of: 0
09-23 20:25:14.375 12245 12245 I Console : Activity lifecycle :: Main state :: Foreground
09-23 20:25:14.376 12245 12245 V Console : Foreground activity counter :: AtomicIntWrapper :: 12312792 :: 227589169 :: Incremented to: 1
09-23 20:25:14.377 12245 12245 D LifecycleMonitor: Lifecycle status change: com.shareconnect.SettingsActivity@36a00ca in: RESUMED
09-23 20:25:14.377 12245 12245 V ActivityScenario: Update currentActivityStage to RESUMED, currentActivity=com.shareconnect.SettingsActivity@36a00ca
09-23 20:25:14.380 12245 12245 V Console : Activity lifecycle :: POST-RESUMED :: SettingsActivity
09-23 20:25:14.387 12245 12370 W Parcel  : Expecting binder but got null!
09-23 20:25:14.458 12245 12370 E OpenGLRenderer: Unable to match the desired swap behavior.
09-23 20:25:14.480   779   868 D EGL_emulation: app_time_stats: avg=249.82ms min=3.86ms max=3264.30ms count=14
09-23 20:25:14.532   488   503 W ziparchive: Unable to open '/data/app/~~V0sNPWf4bSuZSBIaveP9IQ==/com.shareconnect-00kLe2VFJJEiqY2_sRZcLA==/base.dm': No such file or directory
09-23 20:25:14.534   488   503 I ActivityTaskManager: Displayed com.shareconnect/.SettingsActivity: +367ms
09-23 20:25:14.548 11811 11811 I GoogleInputMethodService: GoogleInputMethodService.onFinishInput():3227
09-23 20:25:14.551 11811 11811 I GoogleInputMethodService: GoogleInputMethodService.updateDeviceLockedStatus():2087 repeatCheckTimes = 0, unlocked = true
09-23 20:25:14.551 11811 11811 I GoogleInputMethodService: GoogleInputMethodService.onStartInput():1877 onStartInput(EditorInfo{inputType=0x0(NULL) imeOptions=0x0 privateImeOptions=null actionName=UNSPECIFIED actionLabel=null actionId=0 initialSelStart=-1 initialSelEnd=-1 initialCapsMode=0x0 hintText=null label=null packageName=com.shareconnect fieldId=2131231190 fieldName=null extras=null}, false)
09-23 20:25:14.551 11811 11811 I GoogleInputMethodService: GoogleInputMethodService.shouldHideHeaderOnInitialState():4008 ShouldHideHeaderOnInitialState = false
09-23 20:25:14.552 11811 11811 I GoogleInputMethodService: GoogleInputMethodService.updateDeviceLockedStatus():2087 repeatCheckTimes = 2, unlocked = true
09-23 20:25:14.578  1581  2228 I AssistantForeground: (REDACTED) Get launcher package: %s
09-23 20:25:14.595   998  1945 D OneSearchSuggestProvider: Shut down the binder channel
09-23 20:25:14.599   998 24438 I s.nexuslauncher: oneway function results for code 2 on binder at 0xb400007a39490780 will be dropped but finished with status UNKNOWN_TRANSACTION
09-23 20:25:14.655   779   868 D EGL_emulation: app_time_stats: avg=179.25ms min=17.87ms max=1861.66ms count=14
09-23 20:25:14.827   488  1120 W InputManager-JNI: Input channel object 'd3086f8 Splash Screen com.shareconnect (client)' was disposed without first being removed with the input manager!
09-23 20:25:15.693   779   868 D EGL_emulation: app_time_stats: avg=22.21ms min=12.36ms max=65.78ms count=45
09-23 20:25:16.026 11307 11307 D BoundBrokerSvc: onUnbind: Intent { act=com.google.android.gms.feedback.internal.IFeedbackService dat=chimera-action:/... cmp=com.google.android.gms/.chimera.GmsBoundBrokerService }
09-23 20:25:16.032 12245 12370 D EGL_emulation: app_time_stats: avg=157.35ms min=2.58ms max=1305.69ms count=9
09-23 20:25:17.650 12245 12245 I ViewInteraction: Checking 'MatchesViewAssertion{viewMatcher=(view has effective visibility <VISIBLE> and view.getGlobalVisibleRect() to return non-empty rectangle)}' assertion on view view.getId() is <2131231228/com.shareconnect:id/settings>
09-23 20:25:17.663 12245 12245 V Console : Activity lifecycle :: PRE-PAUSED :: SettingsActivity
09-23 20:25:17.663 12245 12245 D Console : Activity lifecycle :: Top activity: SettingsActivity
09-23 20:25:17.663 12245 12245 D FirebaseSessions: App backgrounded on com.shareconnect
09-23 20:25:17.666 12245 12245 V Console : Activity lifecycle :: PAUSED :: SettingsActivity
09-23 20:25:17.669 12245 12245 V Console : Foreground activity counter :: AtomicIntWrapper :: 12312792 :: 227589169 :: Decremented to: 0
09-23 20:25:17.670 12245 12245 D LifecycleMonitor: Lifecycle status change: com.shareconnect.SettingsActivity@36a00ca in: PAUSED
09-23 20:25:17.670 12245 12245 V ActivityScenario: Update currentActivityStage to PAUSED, currentActivity=com.shareconnect.SettingsActivity@36a00ca
09-23 20:25:17.697 12245 12245 D LifecycleMonitor: Lifecycle status change: androidx.test.core.app.InstrumentationActivityInvoker$EmptyActivity@a61e884 in: PRE_ON_CREATE
09-23 20:25:17.698 12245 12245 V ActivityScenario: Activity lifecycle changed event received but ignored because the intent does not match. startActivityIntent=Intent { act=android.intent.action.MAIN cat=[android.intent.category.LAUNCHER] flg=0x10008000 cmp=com.shareconnect/.SettingsActivity }, activity.getIntent()=Intent { act=android.intent.action.MAIN cat=[android.intent.category.LAUNCHER] flg=0x10000000 cmp=com.shareconnect/androidx.test.core.app.InstrumentationActivityInvoker$EmptyActivity }, activity=androidx.test.core.app.InstrumentationActivityInvoker$EmptyActivity@a61e884
09-23 20:25:17.706 12245 12245 D LifecycleMonitor: Lifecycle status change: androidx.test.core.app.InstrumentationActivityInvoker$EmptyActivity@a61e884 in: CREATED
09-23 20:25:17.707 12245 12245 V ActivityScenario: Activity lifecycle changed event received but ignored because the intent does not match. startActivityIntent=Intent { act=android.intent.action.MAIN cat=[android.intent.category.LAUNCHER] flg=0x10008000 cmp=com.shareconnect/.SettingsActivity }, activity.getIntent()=Intent { act=android.intent.action.MAIN cat=[android.intent.category.LAUNCHER] flg=0x10000000 cmp=com.shareconnect/androidx.test.core.app.InstrumentationActivityInvoker$EmptyActivity }, activity=androidx.test.core.app.InstrumentationActivityInvoker$EmptyActivity@a61e884
09-23 20:25:17.709 12245 12245 D LifecycleMonitor: Lifecycle status change: androidx.test.core.app.InstrumentationActivityInvoker$EmptyActivity@a61e884 in: STARTED
09-23 20:25:17.709 12245 12245 V ActivityScenario: Activity lifecycle changed event received but ignored because the intent does not match. startActivityIntent=Intent { act=android.intent.action.MAIN cat=[android.intent.category.LAUNCHER] flg=0x10008000 cmp=com.shareconnect/.SettingsActivity }, activity.getIntent()=Intent { act=android.intent.action.MAIN cat=[android.intent.category.LAUNCHER] flg=0x10000000 cmp=com.shareconnect/androidx.test.core.app.InstrumentationActivityInvoker$EmptyActivity }, activity=androidx.test.core.app.InstrumentationActivityInvoker$EmptyActivity@a61e884
09-23 20:25:17.711 12245 12245 D FirebaseSessions: App foregrounded on com.shareconnect
09-23 20:25:17.718 12245 12245 V Console : Activity lifecycle :: RESUMED :: EmptyActivity
09-23 20:25:17.719 12245 12245 V Console : Foreground activity counter :: AtomicIntWrapper :: 12312792 :: 227589169 :: Value of: 0
09-23 20:25:17.719 12245 12245 I Console : Activity lifecycle :: Main state :: Foreground
09-23 20:25:17.719 12245 12245 V Console : Foreground activity counter :: AtomicIntWrapper :: 12312792 :: 227589169 :: Incremented to: 1
09-23 20:25:17.720 12245 12245 D LifecycleMonitor: Lifecycle status change: androidx.test.core.app.InstrumentationActivityInvoker$EmptyActivity@a61e884 in: RESUMED
09-23 20:25:17.720 12245 12245 V ActivityScenario: Activity lifecycle changed event received but ignored because the intent does not match. startActivityIntent=Intent { act=android.intent.action.MAIN cat=[android.intent.category.LAUNCHER] flg=0x10008000 cmp=com.shareconnect/.SettingsActivity }, activity.getIntent()=Intent { act=android.intent.action.MAIN cat=[android.intent.category.LAUNCHER] flg=0x10000000 cmp=com.shareconnect/androidx.test.core.app.InstrumentationActivityInvoker$EmptyActivity }, activity=androidx.test.core.app.InstrumentationActivityInvoker$EmptyActivity@a61e884
09-23 20:25:17.721 12245 12245 V Console : Activity lifecycle :: POST-RESUMED :: EmptyActivity
09-23 20:25:17.723 12245 12370 W Parcel  : Expecting binder but got null!
09-23 20:25:17.765 12245 12370 E OpenGLRenderer: Unable to match the desired swap behavior.
09-23 20:25:17.785   488   503 I ActivityTaskManager: Displayed com.shareconnect/androidx.test.core.app.InstrumentationActivityInvoker$EmptyActivity: +126ms
09-23 20:25:17.795 12245 12245 V Console : Activity lifecycle :: PRE-STOPPED :: SettingsActivity
09-23 20:25:17.801 12245 12370 D EGL_emulation: app_time_stats: avg=110.39ms min=11.97ms max=1523.16ms count=16
09-23 20:25:17.805 12245 12245 V Console : Activity lifecycle :: STOPPED :: SettingsActivity
09-23 20:25:17.808 12245 12245 D LifecycleMonitor: Lifecycle status change: com.shareconnect.SettingsActivity@36a00ca in: STOPPED
09-23 20:25:17.808 12245 12245 V ActivityScenario: Update currentActivityStage to STOPPED, currentActivity=com.shareconnect.SettingsActivity@36a00ca
09-23 20:25:17.809 12245 12245 V Console : Activity lifecycle :: POST-STOPPED :: SettingsActivity
09-23 20:25:17.829 12245 12245 V Console : Activity lifecycle :: PRE-DESTROYED :: SettingsActivity
09-23 20:25:17.837 12245 12245 V Console : Activity lifecycle :: DESTROYED :: SettingsActivity
09-23 20:25:17.842 12245 12245 D LifecycleMonitor: Lifecycle status change: com.shareconnect.SettingsActivity@36a00ca in: DESTROYED
09-23 20:25:17.843 12245 12245 V ActivityScenario: Update currentActivityStage to DESTROYED, currentActivity=null
09-23 20:25:17.854   488  1120 W InputManager-JNI: Input channel object '606b741 com.shareconnect/com.shareconnect.SettingsActivity (client)' was disposed without first being removed with the input manager!
09-23 20:25:17.870 11811 11811 I GoogleInputMethodService: GoogleInputMethodService.onFinishInput():3227
09-23 20:25:17.871 11811 11811 I GoogleInputMethodService: GoogleInputMethodService.updateDeviceLockedStatus():2087 repeatCheckTimes = 0, unlocked = true
09-23 20:25:17.871 11811 11811 I GoogleInputMethodService: GoogleInputMethodService.onStartInput():1877 onStartInput(EditorInfo{inputType=0x0(NULL) imeOptions=0x0 privateImeOptions=null actionName=UNSPECIFIED actionLabel=null actionId=0 initialSelStart=-1 initialSelEnd=-1 initialCapsMode=0x0 hintText=null label=null packageName=com.shareconnect fieldId=-1 fieldName=null extras=null}, false)
09-23 20:25:17.871 11811 11811 I GoogleInputMethodService: GoogleInputMethodService.shouldHideHeaderOnInitialState():4008 ShouldHideHeaderOnInitialState = false
09-23 20:25:17.877 12245 12346 I TestRunner: finished: testSettingsFragmentIsLoaded(com.shareconnect.activities.SettingsActivityInstrumentationTest)
