09-23 20:25:30.905 12245 12346 I TestRunner: started: testThemeSelectionPreferenceExists(com.shareconnect.activities.SettingsActivityInstrumentationTest)
09-23 20:25:30.911 12245 12346 W Settings: Setting always_finish_activities has moved from android.provider.Settings.System to android.provider.Settings.Global, returning read-only value.
09-23 20:25:30.929   779   868 W Parcel  : Expecting binder but got null!
09-23 20:25:30.958   779   868 E OpenGLRenderer: Unable to match the desired swap behavior.
09-23 20:25:31.012 12245 12245 D LifecycleMonitor: Lifecycle status change: com.shareconnect.SettingsActivity@5342451 in: PRE_ON_CREATE
09-23 20:25:31.013 12245 12245 V ActivityScenario: Activity lifecycle changed event received but ignored because the reported transition was not ON_CREATE while the last known transition was PRE_ON_CREATE
09-23 20:25:31.017 12245 12245 D Console : getDefaultTheme() returned: Warm Orange Light (ID: 1, isDefault: true)
09-23 20:25:31.018 12245 12245 D Console : getDefaultTheme() returned: Warm Orange Light (ID: 1, isDefault: true)
09-23 20:25:31.018 12245 12245 D Console : Applying theme: Warm Orange Light, colorScheme: warm_orange, isDarkMode: false, currentTheme: WARM_ORANGE_LIGHT
09-23 20:25:31.025 12245 12245 D Console : Activity SettingsActivity usesToolbar: true
09-23 20:25:31.029 12245 12245 D Console : Setting night mode to NO
09-23 20:25:31.045  1581  1581 I GsaVoiceInteractionSrv: Handling ACTION_STOP_HOTWORD
09-23 20:25:31.046  1581  2154 I HwDetectorWithState: (REDACTED) a: %d
09-23 20:25:31.058 12245 12245 D LifecycleMonitor: Lifecycle status change: com.shareconnect.SettingsActivity@5342451 in: CREATED
09-23 20:25:31.059 12245 12245 V ActivityScenario: Update currentActivityStage to CREATED, currentActivity=com.shareconnect.SettingsActivity@5342451
09-23 20:25:31.073 12245 12245 D LifecycleMonitor: Lifecycle status change: com.shareconnect.SettingsActivity@5342451 in: STARTED
09-23 20:25:31.073 12245 12245 V ActivityScenario: Update currentActivityStage to STARTED, currentActivity=com.shareconnect.SettingsActivity@5342451
09-23 20:25:31.077 12245 12245 D FirebaseSessions: App foregrounded on com.shareconnect
09-23 20:25:31.081 12245 12245 V Console : Activity lifecycle :: RESUMED :: SettingsActivity
09-23 20:25:31.081 12245 12245 V Console : Foreground activity counter :: AtomicIntWrapper :: 12312792 :: 227589169 :: Value of: 0
09-23 20:25:31.082 12245 12245 I Console : Activity lifecycle :: Main state :: Foreground
09-23 20:25:31.082 12245 12245 V Console : Foreground activity counter :: AtomicIntWrapper :: 12312792 :: 227589169 :: Incremented to: 1
09-23 20:25:31.082 12245 12245 D LifecycleMonitor: Lifecycle status change: com.shareconnect.SettingsActivity@5342451 in: RESUMED
09-23 20:25:31.082 12245 12245 V ActivityScenario: Update currentActivityStage to RESUMED, currentActivity=com.shareconnect.SettingsActivity@5342451
09-23 20:25:31.084 12245 12245 V Console : Activity lifecycle :: POST-RESUMED :: SettingsActivity
09-23 20:25:31.096 12245 12370 W Parcel  : Expecting binder but got null!
09-23 20:25:31.142 12245 12370 E OpenGLRenderer: Unable to match the desired swap behavior.
09-23 20:25:31.168   779   868 D EGL_emulation: app_time_stats: avg=377.91ms min=3.79ms max=4330.50ms count=12
09-23 20:25:31.213   488   503 W ziparchive: Unable to open '/data/app/~~V0sNPWf4bSuZSBIaveP9IQ==/com.shareconnect-00kLe2VFJJEiqY2_sRZcLA==/base.dm': No such file or directory
09-23 20:25:31.214   488   503 I ActivityTaskManager: Displayed com.shareconnect/.SettingsActivity: +297ms
09-23 20:25:31.232 11811 11811 I GoogleInputMethodService: GoogleInputMethodService.onFinishInput():3227
09-23 20:25:31.234 11811 11811 I GoogleInputMethodService: GoogleInputMethodService.updateDeviceLockedStatus():2087 repeatCheckTimes = 0, unlocked = true
09-23 20:25:31.234 11811 11811 I GoogleInputMethodService: GoogleInputMethodService.onStartInput():1877 onStartInput(EditorInfo{inputType=0x0(NULL) imeOptions=0x0 privateImeOptions=null actionName=UNSPECIFIED actionLabel=null actionId=0 initialSelStart=-1 initialSelEnd=-1 initialCapsMode=0x0 hintText=null label=null packageName=com.shareconnect fieldId=2131231190 fieldName=null extras=null}, false)
09-23 20:25:31.234 11811 11811 I GoogleInputMethodService: GoogleInputMethodService.shouldHideHeaderOnInitialState():4008 ShouldHideHeaderOnInitialState = false
09-23 20:25:31.234 11811 11811 I GoogleInputMethodService: GoogleInputMethodService.updateDeviceLockedStatus():2087 repeatCheckTimes = 2, unlocked = true
09-23 20:25:31.308   998  1945 D OneSearchSuggestProvider: Shut down the binder channel
09-23 20:25:31.310   998  1038 I s.nexuslauncher: oneway function results for code 2 on binder at 0xb400007a39489850 will be dropped but finished with status UNKNOWN_TRANSACTION
09-23 20:25:31.318   779   868 D EGL_emulation: app_time_stats: avg=352.45ms min=23.08ms max=2968.58ms count=10
09-23 20:25:31.321  1581  2228 I AssistantForeground: (REDACTED) Get launcher package: %s
09-23 20:25:31.533   488  4122 W InputManager-JNI: Input channel object 'f01c803 Splash Screen com.shareconnect (client)' was disposed without first being removed with the input manager!
09-23 20:25:31.581   779   850 W FrameTracker: Missed App frame:UNKNOWN: 24, 2218855, 33575275, CUJ=J<SPLASHSCREEN_EXIT_ANIM>
09-23 20:25:31.581   779   850 W FrameTracker: Missed SF frame:UNKNOWN: 24, 2218855, 33575275, CUJ=J<SPLASHSCREEN_EXIT_ANIM>
09-23 20:25:31.581   779   850 W FrameTracker: Missed SF frame:UNKNOWN: 80, 2218899, 34077942, CUJ=J<SPLASHSCREEN_EXIT_ANIM>
09-23 20:25:31.581   779   850 W FrameTracker: Missed SF frame:UNKNOWN: 80, 2218921, 0, CUJ=J<SPLASHSCREEN_EXIT_ANIM>
09-23 20:25:31.581   779   850 W FrameTracker: Missing HWUI jank callback for vsyncId: 2218921, CUJ=J<SPLASHSCREEN_EXIT_ANIM>
09-23 20:25:31.581   779   850 W FrameTracker: Missing SF jank callback for vsyncId: 2218957, CUJ=J<SPLASHSCREEN_EXIT_ANIM>
09-23 20:25:31.581   779   850 W FrameTracker: Missed App frame:UNKNOWN: 88, 2218993, 0, CUJ=J<SPLASHSCREEN_EXIT_ANIM>
09-23 20:25:31.581   779   850 W FrameTracker: Missed SF frame:UNKNOWN: 88, 2218993, 0, CUJ=J<SPLASHSCREEN_EXIT_ANIM>
09-23 20:25:31.581   779   850 W FrameTracker: Missing HWUI jank callback for vsyncId: 2218993, CUJ=J<SPLASHSCREEN_EXIT_ANIM>
09-23 20:25:31.581   779   850 W FrameTracker: Missed SF frame:UNKNOWN: 80, 2219022, 0, CUJ=J<SPLASHSCREEN_EXIT_ANIM>
09-23 20:25:31.581   779   850 W FrameTracker: Missing HWUI jank callback for vsyncId: 2219022, CUJ=J<SPLASHSCREEN_EXIT_ANIM>
09-23 20:25:31.581   779   850 W FrameTracker: Missed SF frame:UNKNOWN: 80, 2219051, 49367654, CUJ=J<SPLASHSCREEN_EXIT_ANIM>
09-23 20:25:31.581   779   850 W FrameTracker: Missed SF frame:UNKNOWN: 66, 2219094, 40849238, CUJ=J<SPLASHSCREEN_EXIT_ANIM>
09-23 20:25:31.581   779   850 W FrameTracker: Missed SF frame:UNKNOWN: 80, 2219116, 55464322, CUJ=J<SPLASHSCREEN_EXIT_ANIM>
09-23 20:25:31.581   779   850 W FrameTracker: Missed SF frame:UNKNOWN: 80, 2219145, 0, CUJ=J<SPLASHSCREEN_EXIT_ANIM>
09-23 20:25:31.581   779   850 W FrameTracker: Missing HWUI jank callback for vsyncId: 2219145, CUJ=J<SPLASHSCREEN_EXIT_ANIM>
09-23 20:25:31.581   779   850 W FrameTracker: Missed SF frame:UNKNOWN: 80, 2219161, 0, CUJ=J<SPLASHSCREEN_EXIT_ANIM>
09-23 20:25:31.581   779   850 W FrameTracker: Missing HWUI jank callback for vsyncId: 2219161, CUJ=J<SPLASHSCREEN_EXIT_ANIM>
09-23 20:25:31.581   779   850 W FrameTracker: Missed SF frame:UNKNOWN: 80, 2219169, 34617783, CUJ=J<SPLASHSCREEN_EXIT_ANIM>
09-23 20:25:31.581   779   850 W FrameTracker: Missed SF frame:UNKNOWN: 80, 2219184, 34000742, CUJ=J<SPLASHSCREEN_EXIT_ANIM>
09-23 20:25:31.581   779   850 W FrameTracker: Missed App frame:UNKNOWN: 88, 2219199, 35189701, CUJ=J<SPLASHSCREEN_EXIT_ANIM>
09-23 20:25:31.581   779   850 W FrameTracker: Missed SF frame:UNKNOWN: 88, 2219199, 35189701, CUJ=J<SPLASHSCREEN_EXIT_ANIM>
09-23 20:25:31.581   779   850 W FrameTracker: Missed SF frame:UNKNOWN: 80, 2219214, 34060452, CUJ=J<SPLASHSCREEN_EXIT_ANIM>
09-23 20:25:32.343   779   868 D EGL_emulation: app_time_stats: avg=7.70ms min=1.12ms max=51.33ms count=54
09-23 20:25:32.596   488  4122 D TelephonyManager: requestModemActivityInfo: Sending result to app: ModemActivityInfo{ mTimestamp=10137991 mSleepTimeMs=0 mIdleTimeMs=8979790 mActivityStatsTechSpecificInfo=[{mRat=UNKNOWN,mFrequencyRange=UNKNOWN,mTxTimeMs[]=[0, 0, 0, 0, 0],mRxTimeMs=0}]}
09-23 20:25:32.736 12245 12370 D EGL_emulation: app_time_stats: avg=149.80ms min=2.14ms max=1374.30ms count=10
09-23 20:25:34.347 12245 12245 E om.shareconnect: Invalid ID 0x00000000.
09-23 20:25:34.350 12245 12245 E om.shareconnect: Invalid ID 0x00000000.
09-23 20:25:34.354 12245 12245 E om.shareconnect: Invalid ID 0x00000000.
09-23 20:25:34.356 12245 12245 E om.shareconnect: Invalid ID 0x00000000.
09-23 20:25:34.363 12245 12245 I ViewInteraction: Checking 'MatchesViewAssertion{viewMatcher=(view has effective visibility <VISIBLE> and view.getGlobalVisibleRect() to return non-empty rectangle)}' assertion on view an instance of android.widget.TextView and view.getText() with or without transformation to match: is "Theme Selection"
09-23 20:25:34.366 12245 12245 D DeviceCapture: Found 1 global views to redraw
09-23 20:25:34.431 12245 12370 D EGL_emulation: app_time_stats: avg=105.46ms min=8.32ms max=1451.56ms count=16
09-23 20:25:34.433 12245 12245 I forceRedraw: FrameCommitCallback complete
09-23 20:25:34.476 12230 12241 W System  : A resource was acquired at attached stack trace but never released. See java.io.Closeable for information on avoiding resource leaks.
09-23 20:25:34.476 12230 12241 W System  : java.lang.Throwable: Explicit termination method 'HardwareBuffer.close' not called
09-23 20:25:34.476 12230 12241 W System  : 	at dalvik.system.CloseGuard.openWithCallSite(CloseGuard.java:288)
09-23 20:25:34.476 12230 12241 W System  : 	at dalvik.system.CloseGuard.open(CloseGuard.java:257)
09-23 20:25:34.476 12230 12241 W System  : 	at android.hardware.HardwareBuffer.<init>(HardwareBuffer.java:272)
09-23 20:25:34.570 12245 12245 I DeviceCapture: got bitmap, returning
09-23 20:25:34.571 12245 12346 D FileTestStorage: openOutputFile from /sdcard/Android/media/com.shareconnect/additional_test_output/view-op-error-2.png
09-23 20:25:34.585  1552  1948 W MediaProvider: isAppCloneUserPair for user 0: false
09-23 20:25:35.001 12245 12346 E om.shareconnect: Invalid ID 0x00000000.
09-23 20:25:35.004 12245 12346 E om.shareconnect: Invalid ID 0x00000000.
09-23 20:25:35.006 12245 12346 E om.shareconnect: Invalid ID 0x00000000.
09-23 20:25:35.007 12245 12346 E om.shareconnect: Invalid ID 0x00000000.
09-23 20:25:35.010 12245 12346 D FileTestStorage: openOutputFile from /sdcard/Android/media/com.shareconnect/additional_test_output/view-hierarchy-2.txt
09-23 20:25:35.015  1552 24121 W MediaProvider: isAppCloneUserPair for user 0: false
09-23 20:25:35.024 12245 12346 W ViewHierarchyExceptionHandler: The complete view hierarchy is available in artifact file 'view-hierarchy-2.txt'.
09-23 20:25:35.053 12245 12346 E om.shareconnect: Invalid ID 0x00000000.
09-23 20:25:35.060 12245 12346 E om.shareconnect: Invalid ID 0x00000000.
09-23 20:25:35.061 12245 12346 E om.shareconnect: Invalid ID 0x00000000.
09-23 20:25:35.062 12245 12346 E om.shareconnect: Invalid ID 0x00000000.
09-23 20:25:35.066 12245 12245 I ViewInteraction: Checking 'MatchesViewAssertion{viewMatcher=(view has effective visibility <VISIBLE> and view.getGlobalVisibleRect() to return non-empty rectangle)}' assertion on view view.getId() is <2131231228/com.shareconnect:id/settings>
09-23 20:25:35.083 12245 12245 V Console : Activity lifecycle :: PRE-PAUSED :: SettingsActivity
09-23 20:25:35.083 12245 12245 D Console : Activity lifecycle :: Top activity: SettingsActivity
09-23 20:25:35.084 12245 12245 D FirebaseSessions: App backgrounded on com.shareconnect
09-23 20:25:35.086 12245 12245 V Console : Activity lifecycle :: PAUSED :: SettingsActivity
09-23 20:25:35.088 12245 12245 V Console : Foreground activity counter :: AtomicIntWrapper :: 12312792 :: 227589169 :: Decremented to: 0
09-23 20:25:35.088 12245 12245 D LifecycleMonitor: Lifecycle status change: com.shareconnect.SettingsActivity@5342451 in: PAUSED
09-23 20:25:35.089 12245 12245 V ActivityScenario: Update currentActivityStage to PAUSED, currentActivity=com.shareconnect.SettingsActivity@5342451
09-23 20:25:35.101 12245 12245 D LifecycleMonitor: Lifecycle status change: androidx.test.core.app.InstrumentationActivityInvoker$EmptyActivity@158fc2b in: PRE_ON_CREATE
09-23 20:25:35.101 12245 12245 V ActivityScenario: Activity lifecycle changed event received but ignored because the intent does not match. startActivityIntent=Intent { act=android.intent.action.MAIN cat=[android.intent.category.LAUNCHER] flg=0x10008000 cmp=com.shareconnect/.SettingsActivity }, activity.getIntent()=Intent { act=android.intent.action.MAIN cat=[android.intent.category.LAUNCHER] flg=0x10000000 cmp=com.shareconnect/androidx.test.core.app.InstrumentationActivityInvoker$EmptyActivity }, activity=androidx.test.core.app.InstrumentationActivityInvoker$EmptyActivity@158fc2b
09-23 20:25:35.128 12245 12245 D LifecycleMonitor: Lifecycle status change: androidx.test.core.app.InstrumentationActivityInvoker$EmptyActivity@158fc2b in: CREATED
09-23 20:25:35.129 12245 12245 V ActivityScenario: Activity lifecycle changed event received but ignored because the intent does not match. startActivityIntent=Intent { act=android.intent.action.MAIN cat=[android.intent.category.LAUNCHER] flg=0x10008000 cmp=com.shareconnect/.SettingsActivity }, activity.getIntent()=Intent { act=android.intent.action.MAIN cat=[android.intent.category.LAUNCHER] flg=0x10000000 cmp=com.shareconnect/androidx.test.core.app.InstrumentationActivityInvoker$EmptyActivity }, activity=androidx.test.core.app.InstrumentationActivityInvoker$EmptyActivity@158fc2b
09-23 20:25:35.131 12245 12245 D LifecycleMonitor: Lifecycle status change: androidx.test.core.app.InstrumentationActivityInvoker$EmptyActivity@158fc2b in: STARTED
09-23 20:25:35.132 12245 12245 V ActivityScenario: Activity lifecycle changed event received but ignored because the intent does not match. startActivityIntent=Intent { act=android.intent.action.MAIN cat=[android.intent.category.LAUNCHER] flg=0x10008000 cmp=com.shareconnect/.SettingsActivity }, activity.getIntent()=Intent { act=android.intent.action.MAIN cat=[android.intent.category.LAUNCHER] flg=0x10000000 cmp=com.shareconnect/androidx.test.core.app.InstrumentationActivityInvoker$EmptyActivity }, activity=androidx.test.core.app.InstrumentationActivityInvoker$EmptyActivity@158fc2b
09-23 20:25:35.134 12245 12245 D FirebaseSessions: App foregrounded on com.shareconnect
09-23 20:25:35.137 11307 12363 D AdvertisingIdClient: AdvertisingIdClient already created.
09-23 20:25:35.138 12245 12245 V Console : Activity lifecycle :: RESUMED :: EmptyActivity
09-23 20:25:35.138 12245 12245 V Console : Foreground activity counter :: AtomicIntWrapper :: 12312792 :: 227589169 :: Value of: 0
09-23 20:25:35.140 12245 12245 I Console : Activity lifecycle :: Main state :: Foreground
09-23 20:25:35.141 12245 12245 V Console : Foreground activity counter :: AtomicIntWrapper :: 12312792 :: 227589169 :: Incremented to: 1
09-23 20:25:35.142 12245 12245 D LifecycleMonitor: Lifecycle status change: androidx.test.core.app.InstrumentationActivityInvoker$EmptyActivity@158fc2b in: RESUMED
09-23 20:25:35.142 11307 12363 I AdvertisingIdClient: shouldSendLog 8709359
09-23 20:25:35.142 11307 12363 I AdvertisingIdClient: GetInfoInternal elapse 4ms
09-23 20:25:35.142 12245 12245 V ActivityScenario: Activity lifecycle changed event received but ignored because the intent does not match. startActivityIntent=Intent { act=android.intent.action.MAIN cat=[android.intent.category.LAUNCHER] flg=0x10008000 cmp=com.shareconnect/.SettingsActivity }, activity.getIntent()=Intent { act=android.intent.action.MAIN cat=[android.intent.category.LAUNCHER] flg=0x10000000 cmp=com.shareconnect/androidx.test.core.app.InstrumentationActivityInvoker$EmptyActivity }, activity=androidx.test.core.app.InstrumentationActivityInvoker$EmptyActivity@158fc2b
09-23 20:25:35.142 12245 12245 V Console : Activity lifecycle :: POST-RESUMED :: EmptyActivity
09-23 20:25:35.148 12245 12370 W Parcel  : Expecting binder but got null!
09-23 20:25:35.157 12330 12330 D BoundBrokerSvc: onRebind: Intent { act=com.google.android.gms.presencemanager.service.START dat=chimera-action:/... cmp=com.google.android.gms/.chimera.PersistentApiService }
09-23 20:25:35.168 12330 12330 D BoundBrokerSvc: onRebind: Intent { act=com.google.android.gms.presencemanager.service.INTERNAL_IDENTITY dat=chimera-action:/... cmp=com.google.android.gms/.chimera.PersistentApiService }
09-23 20:25:35.192 12245 12370 E OpenGLRenderer: Unable to match the desired swap behavior.
09-23 20:25:35.225   488   503 I ActivityTaskManager: Displayed com.shareconnect/androidx.test.core.app.InstrumentationActivityInvoker$EmptyActivity: +148ms
09-23 20:25:35.258 12245 12245 V Console : Activity lifecycle :: PRE-STOPPED :: SettingsActivity
09-23 20:25:35.261 12245 12245 V Console : Activity lifecycle :: STOPPED :: SettingsActivity
09-23 20:25:35.262 12245 12245 D LifecycleMonitor: Lifecycle status change: com.shareconnect.SettingsActivity@5342451 in: STOPPED
09-23 20:25:35.262 12245 12245 V ActivityScenario: Update currentActivityStage to STOPPED, currentActivity=com.shareconnect.SettingsActivity@5342451
09-23 20:25:35.262 12245 12245 V Console : Activity lifecycle :: POST-STOPPED :: SettingsActivity
09-23 20:25:35.264 12245 12245 V Console : Activity lifecycle :: PRE-DESTROYED :: SettingsActivity
09-23 20:25:35.265 12245 12245 V Console : Activity lifecycle :: DESTROYED :: SettingsActivity
09-23 20:25:35.271 12245 12245 D LifecycleMonitor: Lifecycle status change: com.shareconnect.SettingsActivity@5342451 in: DESTROYED
09-23 20:25:35.272 12245 12245 V ActivityScenario: Update currentActivityStage to DESTROYED, currentActivity=null
09-23 20:25:35.278   488   831 W InputManager-JNI: Input channel object 'cb08cb0 com.shareconnect/com.shareconnect.SettingsActivity (client)' was disposed without first being removed with the input manager!
09-23 20:25:35.286 11811 11811 I GoogleInputMethodService: GoogleInputMethodService.onFinishInput():3227
09-23 20:25:35.287 12245 12346 I TestRunner: finished: testThemeSelectionPreferenceExists(com.shareconnect.activities.SettingsActivityInstrumentationTest)
