09-23 20:24:25.683 12245 12346 I TestRunner: started: testHistoryButtonClick(com.shareconnect.activities.MainActivityInstrumentationTest)
09-23 20:24:25.696 12245 12346 W Settings: Setting always_finish_activities has moved from android.provider.Settings.System to android.provider.Settings.Global, returning read-only value.
09-23 20:24:25.715   779   868 W Parcel  : Expecting binder but got null!
09-23 20:24:25.745   779   868 E OpenGLRenderer: Unable to match the desired swap behavior.
09-23 20:24:25.750 12245 12245 D LifecycleMonitor: Lifecycle status change: com.shareconnect.MainActivity@ab178b in: PRE_ON_CREATE
09-23 20:24:25.750 12245 12245 V ActivityScenario: Activity lifecycle changed event received but ignored because the reported transition was not ON_CREATE while the last known transition was PRE_ON_CREATE
09-23 20:24:25.763 12245 12245 D Console : getDefaultTheme() returned: Warm Orange Light (ID: 1, isDefault: true)
09-23 20:24:25.763 12245 12245 D Console : getDefaultTheme() returned: Warm Orange Light (ID: 1, isDefault: true)
09-23 20:24:25.763 12245 12245 D Console : Applying theme: Warm Orange Light, colorScheme: warm_orange, isDarkMode: false, currentTheme: WARM_ORANGE_LIGHT
09-23 20:24:25.764 12245 12245 D Console : Activity MainActivity usesToolbar: true
09-23 20:24:25.764 12245 12245 D Console : Setting night mode to NO
09-23 20:24:25.832  1581  1581 I GsaVoiceInteractionSrv: Handling ACTION_STOP_HOTWORD
09-23 20:24:25.833  1581  2233 I HwDetectorWithState: (REDACTED) a: %d
09-23 20:24:25.837 12245 12245 D LifecycleMonitor: Lifecycle status change: com.shareconnect.MainActivity@ab178b in: CREATED
09-23 20:24:25.838 12245 12245 V ActivityScenario: Update currentActivityStage to CREATED, currentActivity=com.shareconnect.MainActivity@ab178b
09-23 20:24:25.842 12245 12245 D LifecycleMonitor: Lifecycle status change: com.shareconnect.MainActivity@ab178b in: STARTED
09-23 20:24:25.842 12245 12245 V ActivityScenario: Update currentActivityStage to STARTED, currentActivity=com.shareconnect.MainActivity@ab178b
09-23 20:24:25.845 12245 12245 D FirebaseSessions: App foregrounded on com.shareconnect
09-23 20:24:25.851 12245 12245 V Console : Activity lifecycle :: RESUMED :: MainActivity
09-23 20:24:25.852 12245 12245 V Console : Foreground activity counter :: AtomicIntWrapper :: 12312792 :: 227589169 :: Value of: 0
09-23 20:24:25.852 12245 12245 I Console : Activity lifecycle :: Main state :: Foreground
09-23 20:24:25.852 12245 12245 V Console : Foreground activity counter :: AtomicIntWrapper :: 12312792 :: 227589169 :: Incremented to: 1
09-23 20:24:25.853 12245 12245 D Console : hasThemeChanged() returned: false
09-23 20:24:25.853 12245 12245 D Console : onResume() called, themeChanged: false
09-23 20:24:25.853 12245 12245 D LifecycleMonitor: Lifecycle status change: com.shareconnect.MainActivity@ab178b in: RESUMED
09-23 20:24:25.853 12245 12245 V ActivityScenario: Update currentActivityStage to RESUMED, currentActivity=com.shareconnect.MainActivity@ab178b
09-23 20:24:25.856 12245 12245 V Console : Activity lifecycle :: POST-RESUMED :: MainActivity
09-23 20:24:25.864 12245 12370 W Parcel  : Expecting binder but got null!
09-23 20:24:25.915   779   868 D EGL_emulation: app_time_stats: avg=510.48ms min=9.58ms max=6313.70ms count=13
09-23 20:24:25.925 12245 12370 E OpenGLRenderer: Unable to match the desired swap behavior.
09-23 20:24:25.994   488   503 W ziparchive: Unable to open '/data/app/~~V0sNPWf4bSuZSBIaveP9IQ==/com.shareconnect-00kLe2VFJJEiqY2_sRZcLA==/base.dm': No such file or directory
09-23 20:24:25.996   488   503 I ActivityTaskManager: Displayed com.shareconnect/.MainActivity: +294ms
09-23 20:24:26.029 11811 11811 I GoogleInputMethodService: GoogleInputMethodService.onFinishInput():3227
09-23 20:24:26.029 11811 11811 I GoogleInputMethodService: GoogleInputMethodService.updateDeviceLockedStatus():2087 repeatCheckTimes = 0, unlocked = true
09-23 20:24:26.030 11811 11811 I GoogleInputMethodService: GoogleInputMethodService.onStartInput():1877 onStartInput(EditorInfo{inputType=0x0(NULL) imeOptions=0x0 privateImeOptions=null actionName=UNSPECIFIED actionLabel=null actionId=0 initialSelStart=-1 initialSelEnd=-1 initialCapsMode=0x0 hintText=null label=null packageName=com.shareconnect fieldId=-1 fieldName=null extras=null}, false)
09-23 20:24:26.030 11811 11811 I GoogleInputMethodService: GoogleInputMethodService.shouldHideHeaderOnInitialState():4008 ShouldHideHeaderOnInitialState = false
09-23 20:24:26.030 11811 11811 I GoogleInputMethodService: GoogleInputMethodService.updateDeviceLockedStatus():2087 repeatCheckTimes = 2, unlocked = true
09-23 20:24:26.096   779   868 D EGL_emulation: app_time_stats: avg=213.19ms min=12.88ms max=4868.76ms count=27
09-23 20:24:26.165   998  1945 D OneSearchSuggestProvider: Shut down the binder channel
09-23 20:24:26.166   998 17829 I s.nexuslauncher: oneway function results for code 2 on binder at 0xb400007a39479290 will be dropped but finished with status UNKNOWN_TRANSACTION
09-23 20:24:26.171  1581  2228 I AssistantForeground: (REDACTED) Get launcher package: %s
09-23 20:24:26.331   488  4122 W InputManager-JNI: Input channel object 'f6107c5 Splash Screen com.shareconnect (client)' was disposed without first being removed with the input manager!
09-23 20:24:27.112   779   868 D EGL_emulation: app_time_stats: avg=8.18ms min=1.12ms max=36.43ms count=54
09-23 20:24:31.180 12245 12245 I ViewInteraction: Performing 'scroll to' action on view view.getId() is <2131230851/com.shareconnect:id/buttonHistory>
09-23 20:24:31.182 12245 12245 I ScrollToAction: View is already displayed. Returning.
09-23 20:24:31.184 12245 12245 I ViewInteraction: Checking 'MatchesViewAssertion{viewMatcher=(view has effective visibility <VISIBLE> and view.getGlobalVisibleRect() to return non-empty rectangle)}' assertion on view view.getId() is <2131230851/com.shareconnect:id/buttonHistory>
09-23 20:24:31.186 12245 12245 I ViewInteraction: Checking 'MatchesViewAssertion{viewMatcher=view.isClickable() is <true>}' assertion on view view.getId() is <2131230851/com.shareconnect:id/buttonHistory>
09-23 20:24:31.200 12245 12245 V Console : Activity lifecycle :: PRE-PAUSED :: MainActivity
09-23 20:24:31.200 12245 12245 D Console : Activity lifecycle :: Top activity: MainActivity
09-23 20:24:31.200 12245 12245 D FirebaseSessions: App backgrounded on com.shareconnect
09-23 20:24:31.204 12245 12245 V Console : Activity lifecycle :: PAUSED :: MainActivity
09-23 20:24:31.205 12245 12245 V Console : Foreground activity counter :: AtomicIntWrapper :: 12312792 :: 227589169 :: Decremented to: 0
09-23 20:24:31.205 12245 12245 D LifecycleMonitor: Lifecycle status change: com.shareconnect.MainActivity@ab178b in: PAUSED
09-23 20:24:31.206 12245 12245 V ActivityScenario: Update currentActivityStage to PAUSED, currentActivity=com.shareconnect.MainActivity@ab178b
09-23 20:24:31.216 12245 12245 D LifecycleMonitor: Lifecycle status change: androidx.test.core.app.InstrumentationActivityInvoker$EmptyActivity@30e48c9 in: PRE_ON_CREATE
09-23 20:24:31.216 12245 12245 V ActivityScenario: Activity lifecycle changed event received but ignored because the intent does not match. startActivityIntent=Intent { act=android.intent.action.MAIN cat=[android.intent.category.LAUNCHER] flg=0x10008000 cmp=com.shareconnect/.MainActivity }, activity.getIntent()=Intent { act=android.intent.action.MAIN cat=[android.intent.category.LAUNCHER] flg=0x10000000 cmp=com.shareconnect/androidx.test.core.app.InstrumentationActivityInvoker$EmptyActivity }, activity=androidx.test.core.app.InstrumentationActivityInvoker$EmptyActivity@30e48c9
09-23 20:24:31.236 12245 12245 D LifecycleMonitor: Lifecycle status change: androidx.test.core.app.InstrumentationActivityInvoker$EmptyActivity@30e48c9 in: CREATED
09-23 20:24:31.236 12245 12245 V ActivityScenario: Activity lifecycle changed event received but ignored because the intent does not match. startActivityIntent=Intent { act=android.intent.action.MAIN cat=[android.intent.category.LAUNCHER] flg=0x10008000 cmp=com.shareconnect/.MainActivity }, activity.getIntent()=Intent { act=android.intent.action.MAIN cat=[android.intent.category.LAUNCHER] flg=0x10000000 cmp=com.shareconnect/androidx.test.core.app.InstrumentationActivityInvoker$EmptyActivity }, activity=androidx.test.core.app.InstrumentationActivityInvoker$EmptyActivity@30e48c9
09-23 20:24:31.246 12245 12245 D LifecycleMonitor: Lifecycle status change: androidx.test.core.app.InstrumentationActivityInvoker$EmptyActivity@30e48c9 in: STARTED
09-23 20:24:31.246 12245 12245 V ActivityScenario: Activity lifecycle changed event received but ignored because the intent does not match. startActivityIntent=Intent { act=android.intent.action.MAIN cat=[android.intent.category.LAUNCHER] flg=0x10008000 cmp=com.shareconnect/.MainActivity }, activity.getIntent()=Intent { act=android.intent.action.MAIN cat=[android.intent.category.LAUNCHER] flg=0x10000000 cmp=com.shareconnect/androidx.test.core.app.InstrumentationActivityInvoker$EmptyActivity }, activity=androidx.test.core.app.InstrumentationActivityInvoker$EmptyActivity@30e48c9
09-23 20:24:31.251 12245 12245 D FirebaseSessions: App foregrounded on com.shareconnect
09-23 20:24:31.258 11307 11307 D BoundBrokerSvc: onUnbind: Intent { act=com.google.android.gms.common.BIND_SHARED_PREFS pkg=com.google.android.gms }
09-23 20:24:31.261 12245 12245 V Console : Activity lifecycle :: RESUMED :: EmptyActivity
09-23 20:24:31.261 12245 12245 V Console : Foreground activity counter :: AtomicIntWrapper :: 12312792 :: 227589169 :: Value of: 0
09-23 20:24:31.262 12245 12245 I Console : Activity lifecycle :: Main state :: Foreground
09-23 20:24:31.262 12245 12245 V Console : Foreground activity counter :: AtomicIntWrapper :: 12312792 :: 227589169 :: Incremented to: 1
09-23 20:24:31.262 12245 12245 D LifecycleMonitor: Lifecycle status change: androidx.test.core.app.InstrumentationActivityInvoker$EmptyActivity@30e48c9 in: RESUMED
09-23 20:24:31.263 12245 12245 V ActivityScenario: Activity lifecycle changed event received but ignored because the intent does not match. startActivityIntent=Intent { act=android.intent.action.MAIN cat=[android.intent.category.LAUNCHER] flg=0x10008000 cmp=com.shareconnect/.MainActivity }, activity.getIntent()=Intent { act=android.intent.action.MAIN cat=[android.intent.category.LAUNCHER] flg=0x10000000 cmp=com.shareconnect/androidx.test.core.app.InstrumentationActivityInvoker$EmptyActivity }, activity=androidx.test.core.app.InstrumentationActivityInvoker$EmptyActivity@30e48c9
09-23 20:24:31.264 12245 12245 V Console : Activity lifecycle :: POST-RESUMED :: EmptyActivity
09-23 20:24:31.268 12245 12370 W Parcel  : Expecting binder but got null!
09-23 20:24:31.325 12245 12370 E OpenGLRenderer: Unable to match the desired swap behavior.
09-23 20:24:31.348   488   503 I ActivityTaskManager: Displayed com.shareconnect/androidx.test.core.app.InstrumentationActivityInvoker$EmptyActivity: +155ms
09-23 20:24:31.398 12245 12370 D EGL_emulation: app_time_stats: avg=593.75ms min=6.86ms max=5222.98ms count=9
09-23 20:24:31.404 12245 12245 V Console : Activity lifecycle :: PRE-STOPPED :: MainActivity
09-23 20:24:31.410 12245 12245 V Console : Activity lifecycle :: STOPPED :: MainActivity
09-23 20:24:31.412 12245 12245 D LifecycleMonitor: Lifecycle status change: com.shareconnect.MainActivity@ab178b in: STOPPED
09-23 20:24:31.412 12245 12245 V ActivityScenario: Update currentActivityStage to STOPPED, currentActivity=com.shareconnect.MainActivity@ab178b
09-23 20:24:31.413 12245 12245 V Console : Activity lifecycle :: POST-STOPPED :: MainActivity
09-23 20:24:31.469 12245 12245 V Console : Activity lifecycle :: PRE-DESTROYED :: MainActivity
09-23 20:24:31.470 12245 12245 V Console : Activity lifecycle :: DESTROYED :: MainActivity
09-23 20:24:31.473 12245 12245 D LifecycleMonitor: Lifecycle status change: com.shareconnect.MainActivity@ab178b in: DESTROYED
09-23 20:24:31.474 12245 12245 V ActivityScenario: Update currentActivityStage to DESTROYED, currentActivity=null
09-23 20:24:31.535 12245 12245 I om.shareconnect: Explicit concurrent copying GC freed 61569(3068KB) AllocSpace objects, 34(1768KB) LOS objects, 49% free, 7972KB/15MB, paused 91us,61us total 61.355ms
09-23 20:24:31.579 12245 12245 I om.shareconnect: Explicit concurrent copying GC freed 21547(955KB) AllocSpace objects, 0(0B) LOS objects, 49% free, 7048KB/13MB, paused 25us,61us total 36.427ms
09-23 20:24:31.592   488  1121 W InputManager-JNI: Input channel object '2ec6c35 com.shareconnect/com.shareconnect.MainActivity (client)' was disposed without first being removed with the input manager!
09-23 20:24:31.603 11811 11811 I GoogleInputMethodService: GoogleInputMethodService.onFinishInput():3227
09-23 20:24:31.605 11811 11811 I GoogleInputMethodService: GoogleInputMethodService.updateDeviceLockedStatus():2087 repeatCheckTimes = 0, unlocked = true
09-23 20:24:31.605 11811 11811 I GoogleInputMethodService: GoogleInputMethodService.onStartInput():1877 onStartInput(EditorInfo{inputType=0x0(NULL) imeOptions=0x0 privateImeOptions=null actionName=UNSPECIFIED actionLabel=null actionId=0 initialSelStart=-1 initialSelEnd=-1 initialCapsMode=0x0 hintText=null label=null packageName=com.shareconnect fieldId=-1 fieldName=null extras=null}, false)
09-23 20:24:31.605 11811 11811 I GoogleInputMethodService: GoogleInputMethodService.shouldHideHeaderOnInitialState():4008 ShouldHideHeaderOnInitialState = false
09-23 20:24:31.605 11811 11811 I GoogleInputMethodService: GoogleInputMethodService.updateDeviceLockedStatus():2087 repeatCheckTimes = 2, unlocked = true
09-23 20:24:31.623 12245 12346 I TestRunner: finished: testHistoryButtonClick(com.shareconnect.activities.MainActivityInstrumentationTest)
