09-23 20:24:10.941 12245 12346 I TestRunner: started: testMainContentIsScrollable(com.shareconnect.activities.MainActivityInstrumentationTest)
09-23 20:24:10.945 12245 12245 V Console : Activity lifecycle :: DESTROYED :: EmptyActivity
09-23 20:24:10.946 12245 12245 D LifecycleMonitor: Lifecycle status change: androidx.test.core.app.InstrumentationActivityInvoker$EmptyActivity@4fdd8c1 in: DESTROYED
09-23 20:24:10.949   488  4122 W InputManager-JNI: Input channel object 'b3e135b com.shareconnect/androidx.test.core.app.InstrumentationActivityInvoker$EmptyActivity (client)' was disposed without first being removed with the input manager!
09-23 20:24:10.950 12245 12346 W Settings: Setting always_finish_activities has moved from android.provider.Settings.System to android.provider.Settings.Global, returning read-only value.
09-23 20:24:10.989   779   868 W Parcel  : Expecting binder but got null!
09-23 20:24:11.014   779   868 E OpenGLRenderer: Unable to match the desired swap behavior.
09-23 20:24:11.016 12245 12245 D LifecycleMonitor: Lifecycle status change: com.shareconnect.MainActivity@7fe04c2 in: PRE_ON_CREATE
09-23 20:24:11.016 12245 12245 V ActivityScenario: Activity lifecycle changed event received but ignored because the reported transition was not ON_CREATE while the last known transition was PRE_ON_CREATE
09-23 20:24:11.018 12245 12245 D Console : getDefaultTheme() returned: Warm Orange Light (ID: 1, isDefault: true)
09-23 20:24:11.019 12245 12245 D Console : getDefaultTheme() returned: Warm Orange Light (ID: 1, isDefault: true)
09-23 20:24:11.019 12245 12245 D Console : Applying theme: Warm Orange Light, colorScheme: warm_orange, isDarkMode: false, currentTheme: WARM_ORANGE_LIGHT
09-23 20:24:11.019 12245 12245 D Console : Activity MainActivity usesToolbar: true
09-23 20:24:11.026 12245 12245 D Console : Setting night mode to NO
09-23 20:24:11.102  1581  1581 I GsaVoiceInteractionSrv: Handling ACTION_STOP_HOTWORD
09-23 20:24:11.102  1581  2233 I HwDetectorWithState: (REDACTED) a: %d
09-23 20:24:11.171 12245 12245 D LifecycleMonitor: Lifecycle status change: com.shareconnect.MainActivity@7fe04c2 in: CREATED
09-23 20:24:11.172 12245 12245 V ActivityScenario: Update currentActivityStage to CREATED, currentActivity=com.shareconnect.MainActivity@7fe04c2
09-23 20:24:11.177 12245 12245 D LifecycleMonitor: Lifecycle status change: com.shareconnect.MainActivity@7fe04c2 in: STARTED
09-23 20:24:11.177 12245 12245 V ActivityScenario: Update currentActivityStage to STARTED, currentActivity=com.shareconnect.MainActivity@7fe04c2
09-23 20:24:11.181 12245 12245 D FirebaseSessions: App foregrounded on com.shareconnect
09-23 20:24:11.190 12245 12245 V Console : Activity lifecycle :: RESUMED :: MainActivity
09-23 20:24:11.191 12245 12245 V Console : Foreground activity counter :: AtomicIntWrapper :: 12312792 :: 227589169 :: Value of: 0
09-23 20:24:11.192 12245 12245 I Console : Activity lifecycle :: Main state :: Foreground
09-23 20:24:11.193 12245 12245 V Console : Foreground activity counter :: AtomicIntWrapper :: 12312792 :: 227589169 :: Incremented to: 1
09-23 20:24:11.194 12245 12245 D Console : hasThemeChanged() returned: false
09-23 20:24:11.194 12245 12245 D Console : onResume() called, themeChanged: false
09-23 20:24:11.194 12245 12245 D LifecycleMonitor: Lifecycle status change: com.shareconnect.MainActivity@7fe04c2 in: RESUMED
09-23 20:24:11.195 12245 12245 V ActivityScenario: Update currentActivityStage to RESUMED, currentActivity=com.shareconnect.MainActivity@7fe04c2
09-23 20:24:11.196 12245 12245 V Console : Activity lifecycle :: POST-RESUMED :: MainActivity
09-23 20:24:11.202 12245 12370 W Parcel  : Expecting binder but got null!
09-23 20:24:11.263 12245 12370 E OpenGLRenderer: Unable to match the desired swap behavior.
09-23 20:24:11.283   779   868 D EGL_emulation: app_time_stats: avg=877.12ms min=5.11ms max=7708.54ms count=9
09-23 20:24:11.398   488   503 W ziparchive: Unable to open '/data/app/~~V0sNPWf4bSuZSBIaveP9IQ==/com.shareconnect-00kLe2VFJJEiqY2_sRZcLA==/base.dm': No such file or directory
09-23 20:24:11.407   488   503 I ActivityTaskManager: Displayed com.shareconnect/.MainActivity: +427ms
09-23 20:24:11.448 11811 11811 I GoogleInputMethodService: GoogleInputMethodService.onFinishInput():3227
09-23 20:24:11.452 11811 11811 I GoogleInputMethodService: GoogleInputMethodService.updateDeviceLockedStatus():2087 repeatCheckTimes = 0, unlocked = true
09-23 20:24:11.470 11811 11811 I GoogleInputMethodService: GoogleInputMethodService.onStartInput():1877 onStartInput(EditorInfo{inputType=0x0(NULL) imeOptions=0x0 privateImeOptions=null actionName=UNSPECIFIED actionLabel=null actionId=0 initialSelStart=-1 initialSelEnd=-1 initialCapsMode=0x0 hintText=null label=null packageName=com.shareconnect fieldId=-1 fieldName=null extras=null}, false)
09-23 20:24:11.471 11811 11811 I GoogleInputMethodService: GoogleInputMethodService.shouldHideHeaderOnInitialState():4008 ShouldHideHeaderOnInitialState = false
09-23 20:24:11.478 11811 11811 I GoogleInputMethodService: GoogleInputMethodService.updateDeviceLockedStatus():2087 repeatCheckTimes = 2, unlocked = true
09-23 20:24:11.526   779   868 D EGL_emulation: app_time_stats: avg=695.89ms min=16.04ms max=6432.08ms count=10
09-23 20:24:11.533   998  1945 D OneSearchSuggestProvider: Shut down the binder channel
09-23 20:24:11.536  1581  2227 I AssistantForeground: (REDACTED) Get launcher package: %s
09-23 20:24:11.564   998  1039 I s.nexuslauncher: oneway function results for code 2 on binder at 0xb400007a39489c70 will be dropped but finished with status UNKNOWN_TRANSACTION
09-23 20:24:11.734   488   591 W InputManager-JNI: Input channel object '994f2a3 Splash Screen com.shareconnect (client)' was disposed without first being removed with the input manager!
09-23 20:24:12.546   779   868 D EGL_emulation: app_time_stats: avg=18.90ms min=2.57ms max=50.66ms count=48
09-23 20:24:12.809 12245 12294 I TRuntime.CctTransportBackend: Status Code: 200
09-23 20:24:17.577 12245 12245 I ViewInteraction: Checking 'MatchesViewAssertion{viewMatcher=(view has effective visibility <VISIBLE> and view.getGlobalVisibleRect() to return non-empty rectangle)}' assertion on view view.getId() is <2131231328/com.shareconnect:id/toolbar>
09-23 20:24:17.596 12245 12245 V Console : Activity lifecycle :: PRE-PAUSED :: MainActivity
09-23 20:24:17.596 12245 12245 D Console : Activity lifecycle :: Top activity: MainActivity
09-23 20:24:17.596 12245 12245 D FirebaseSessions: App backgrounded on com.shareconnect
09-23 20:24:17.599 12245 12245 V Console : Activity lifecycle :: PAUSED :: MainActivity
09-23 20:24:17.601 12245 12245 V Console : Foreground activity counter :: AtomicIntWrapper :: 12312792 :: 227589169 :: Decremented to: 0
09-23 20:24:17.603 12245 12245 D LifecycleMonitor: Lifecycle status change: com.shareconnect.MainActivity@7fe04c2 in: PAUSED
09-23 20:24:17.603 12245 12245 V ActivityScenario: Update currentActivityStage to PAUSED, currentActivity=com.shareconnect.MainActivity@7fe04c2
09-23 20:24:17.619 12245 12245 D LifecycleMonitor: Lifecycle status change: androidx.test.core.app.InstrumentationActivityInvoker$EmptyActivity@20cd0b6 in: PRE_ON_CREATE
09-23 20:24:17.620 12245 12245 V ActivityScenario: Activity lifecycle changed event received but ignored because the intent does not match. startActivityIntent=Intent { act=android.intent.action.MAIN cat=[android.intent.category.LAUNCHER] flg=0x10008000 cmp=com.shareconnect/.MainActivity }, activity.getIntent()=Intent { act=android.intent.action.MAIN cat=[android.intent.category.LAUNCHER] flg=0x10000000 cmp=com.shareconnect/androidx.test.core.app.InstrumentationActivityInvoker$EmptyActivity }, activity=androidx.test.core.app.InstrumentationActivityInvoker$EmptyActivity@20cd0b6
09-23 20:24:17.629 12245 12245 D LifecycleMonitor: Lifecycle status change: androidx.test.core.app.InstrumentationActivityInvoker$EmptyActivity@20cd0b6 in: CREATED
09-23 20:24:17.629 12245 12245 V ActivityScenario: Activity lifecycle changed event received but ignored because the intent does not match. startActivityIntent=Intent { act=android.intent.action.MAIN cat=[android.intent.category.LAUNCHER] flg=0x10008000 cmp=com.shareconnect/.MainActivity }, activity.getIntent()=Intent { act=android.intent.action.MAIN cat=[android.intent.category.LAUNCHER] flg=0x10000000 cmp=com.shareconnect/androidx.test.core.app.InstrumentationActivityInvoker$EmptyActivity }, activity=androidx.test.core.app.InstrumentationActivityInvoker$EmptyActivity@20cd0b6
09-23 20:24:17.631 12245 12245 D LifecycleMonitor: Lifecycle status change: androidx.test.core.app.InstrumentationActivityInvoker$EmptyActivity@20cd0b6 in: STARTED
09-23 20:24:17.631 12245 12245 V ActivityScenario: Activity lifecycle changed event received but ignored because the intent does not match. startActivityIntent=Intent { act=android.intent.action.MAIN cat=[android.intent.category.LAUNCHER] flg=0x10008000 cmp=com.shareconnect/.MainActivity }, activity.getIntent()=Intent { act=android.intent.action.MAIN cat=[android.intent.category.LAUNCHER] flg=0x10000000 cmp=com.shareconnect/androidx.test.core.app.InstrumentationActivityInvoker$EmptyActivity }, activity=androidx.test.core.app.InstrumentationActivityInvoker$EmptyActivity@20cd0b6
09-23 20:24:17.632 12245 12245 D FirebaseSessions: App foregrounded on com.shareconnect
09-23 20:24:17.642 12245 12245 V Console : Activity lifecycle :: RESUMED :: EmptyActivity
09-23 20:24:17.643 12245 12245 V Console : Foreground activity counter :: AtomicIntWrapper :: 12312792 :: 227589169 :: Value of: 0
09-23 20:24:17.643 12245 12245 I Console : Activity lifecycle :: Main state :: Foreground
09-23 20:24:17.644 12245 12245 V Console : Foreground activity counter :: AtomicIntWrapper :: 12312792 :: 227589169 :: Incremented to: 1
09-23 20:24:17.645 12245 12245 D LifecycleMonitor: Lifecycle status change: androidx.test.core.app.InstrumentationActivityInvoker$EmptyActivity@20cd0b6 in: RESUMED
09-23 20:24:17.645 12245 12245 V ActivityScenario: Activity lifecycle changed event received but ignored because the intent does not match. startActivityIntent=Intent { act=android.intent.action.MAIN cat=[android.intent.category.LAUNCHER] flg=0x10008000 cmp=com.shareconnect/.MainActivity }, activity.getIntent()=Intent { act=android.intent.action.MAIN cat=[android.intent.category.LAUNCHER] flg=0x10000000 cmp=com.shareconnect/androidx.test.core.app.InstrumentationActivityInvoker$EmptyActivity }, activity=androidx.test.core.app.InstrumentationActivityInvoker$EmptyActivity@20cd0b6
09-23 20:24:17.647 12245 12245 V Console : Activity lifecycle :: POST-RESUMED :: EmptyActivity
09-23 20:24:17.653 12245 12370 W Parcel  : Expecting binder but got null!
09-23 20:24:17.686 12245 12370 E OpenGLRenderer: Unable to match the desired swap behavior.
09-23 20:24:17.714   488   503 I ActivityTaskManager: Displayed com.shareconnect/androidx.test.core.app.InstrumentationActivityInvoker$EmptyActivity: +127ms
09-23 20:24:17.745 12245 12245 V Console : Activity lifecycle :: PRE-STOPPED :: MainActivity
09-23 20:24:17.747 11307 12363 D AdvertisingIdClient: AdvertisingIdClient already created.
09-23 20:24:17.752 12245 12245 V Console : Activity lifecycle :: STOPPED :: MainActivity
09-23 20:24:17.753 12245 12245 D LifecycleMonitor: Lifecycle status change: com.shareconnect.MainActivity@7fe04c2 in: STOPPED
09-23 20:24:17.753 12245 12245 V ActivityScenario: Update currentActivityStage to STOPPED, currentActivity=com.shareconnect.MainActivity@7fe04c2
09-23 20:24:17.753 12245 12245 V Console : Activity lifecycle :: POST-STOPPED :: MainActivity
09-23 20:24:17.756 12245 12245 V Console : Activity lifecycle :: PRE-DESTROYED :: MainActivity
09-23 20:24:17.759 12245 12245 V Console : Activity lifecycle :: DESTROYED :: MainActivity
09-23 20:24:17.760 12245 12245 D LifecycleMonitor: Lifecycle status change: com.shareconnect.MainActivity@7fe04c2 in: DESTROYED
09-23 20:24:17.760 12245 12245 V ActivityScenario: Update currentActivityStage to DESTROYED, currentActivity=null
09-23 20:24:17.764 11307 12363 I AdvertisingIdClient: shouldSendLog 8709359
09-23 20:24:17.764 11307 12363 I AdvertisingIdClient: GetInfoInternal elapse 17ms
09-23 20:24:17.833 12245 12245 I om.shareconnect: Explicit concurrent copying GC freed 66939(3500KB) AllocSpace objects, 34(1704KB) LOS objects, 49% free, 7975KB/15MB, paused 51us,56us total 71.238ms
09-23 20:24:17.881 12245 12245 I om.shareconnect: Explicit concurrent copying GC freed 21244(890KB) AllocSpace objects, 4(80KB) LOS objects, 49% free, 7037KB/13MB, paused 36us,75us total 39.604ms
09-23 20:24:17.908   488   591 W InputManager-JNI: Input channel object '5f7ca93 com.shareconnect/com.shareconnect.MainActivity (client)' was disposed without first being removed with the input manager!
09-23 20:24:17.920 11811 11811 I GoogleInputMethodService: GoogleInputMethodService.onFinishInput():3227
09-23 20:24:17.921 11811 11811 I GoogleInputMethodService: GoogleInputMethodService.updateDeviceLockedStatus():2087 repeatCheckTimes = 0, unlocked = true
09-23 20:24:17.922 11811 11811 I GoogleInputMethodService: GoogleInputMethodService.onStartInput():1877 onStartInput(EditorInfo{inputType=0x0(NULL) imeOptions=0x0 privateImeOptions=null actionName=UNSPECIFIED actionLabel=null actionId=0 initialSelStart=-1 initialSelEnd=-1 initialCapsMode=0x0 hintText=null label=null packageName=com.shareconnect fieldId=-1 fieldName=null extras=null}, false)
09-23 20:24:17.922 11811 11811 I GoogleInputMethodService: GoogleInputMethodService.shouldHideHeaderOnInitialState():4008 ShouldHideHeaderOnInitialState = false
09-23 20:24:17.936 11811 11811 I GoogleInputMethodService: GoogleInputMethodService.updateDeviceLockedStatus():2087 repeatCheckTimes = 2, unlocked = true
09-23 20:24:17.937 12245 12346 I TestRunner: finished: testMainContentIsScrollable(com.shareconnect.activities.MainActivityInstrumentationTest)
