09-23 20:23:48.860 12245 12346 I TestRunner: started: testMainActivityLaunches(com.shareconnect.activities.MainActivityInstrumentationTest)
09-23 20:23:48.880 12245 12346 W Settings: Setting always_finish_activities has moved from android.provider.Settings.System to android.provider.Settings.Global, returning read-only value.
09-23 20:23:48.930   779   868 W Parcel  : Expecting binder but got null!
09-23 20:23:48.949 12245 12245 D LifecycleMonitor: Lifecycle status change: com.shareconnect.MainActivity@6e46ce6 in: PRE_ON_CREATE
09-23 20:23:48.950 12245 12245 V ActivityScenario: Activity lifecycle changed event received but ignored because the reported transition was not ON_CREATE while the last known transition was PRE_ON_CREATE
09-23 20:23:48.954 12245 12245 D Console : getDefaultTheme() returned: Warm Orange Light (ID: 1, isDefault: true)
09-23 20:23:48.955   779   868 E OpenGLRenderer: Unable to match the desired swap behavior.
09-23 20:23:48.955 12245 12245 D Console : getDefaultTheme() returned: Warm Orange Light (ID: 1, isDefault: true)
09-23 20:23:48.955 12245 12245 D Console : Applying theme: Warm Orange Light, colorScheme: warm_orange, isDarkMode: false, currentTheme: WARM_ORANGE_LIGHT
09-23 20:23:48.955 12245 12245 D Console : Activity MainActivity usesToolbar: true
09-23 20:23:48.963 12245 12245 D Console : Setting night mode to NO
09-23 20:23:49.034  1581  1581 I GsaVoiceInteractionSrv: Handling ACTION_STOP_HOTWORD
09-23 20:23:49.035  1581  2234 I HwDetectorWithState: (REDACTED) a: %d
09-23 20:23:49.037 11563 11563 I Finsky  : [2] SCH: job service start with id 9457.
09-23 20:23:49.066 11563 12131 I Finsky  : [551] SCH: Satisfied jobs for 9457 are: 12-1
09-23 20:23:49.069 11563 12476 I Finsky  : [553] SCH: Job 12-1 starting
09-23 20:23:49.070 11563 11563 I Finsky  : [2] WM::SCH: Logging work start for 12-1
09-23 20:23:49.071 11563 11563 I Finsky  : [2] [ContentSync] job started
09-23 20:23:49.188 12245 12245 D LifecycleMonitor: Lifecycle status change: com.shareconnect.MainActivity@6e46ce6 in: CREATED
09-23 20:23:49.188 12245 12245 V ActivityScenario: Update currentActivityStage to CREATED, currentActivity=com.shareconnect.MainActivity@6e46ce6
09-23 20:23:49.193 12245 12245 D LifecycleMonitor: Lifecycle status change: com.shareconnect.MainActivity@6e46ce6 in: STARTED
09-23 20:23:49.193 12245 12245 V ActivityScenario: Update currentActivityStage to STARTED, currentActivity=com.shareconnect.MainActivity@6e46ce6
09-23 20:23:49.194 12245 12245 D FirebaseSessions: App foregrounded on com.shareconnect
09-23 20:23:49.245 12245 12245 V Console : Activity lifecycle :: RESUMED :: MainActivity
09-23 20:23:49.246 12245 12245 V Console : Foreground activity counter :: AtomicIntWrapper :: 12312792 :: 227589169 :: Value of: 0
09-23 20:23:49.246 12245 12245 I Console : Activity lifecycle :: Main state :: Foreground
09-23 20:23:49.246 12245 12245 V Console : Foreground activity counter :: AtomicIntWrapper :: 12312792 :: 227589169 :: Incremented to: 1
09-23 20:23:49.247 12245 12245 D Console : hasThemeChanged() returned: false
09-23 20:23:49.247 12245 12245 D Console : onResume() called, themeChanged: false
09-23 20:23:49.247 12245 12245 D LifecycleMonitor: Lifecycle status change: com.shareconnect.MainActivity@6e46ce6 in: RESUMED
09-23 20:23:49.247 12245 12245 V ActivityScenario: Update currentActivityStage to RESUMED, currentActivity=com.shareconnect.MainActivity@6e46ce6
09-23 20:23:49.248 12245 12245 V Console : Activity lifecycle :: POST-RESUMED :: MainActivity
09-23 20:23:49.253 12245 12370 W Parcel  : Expecting binder but got null!
09-23 20:23:49.264 11563 12477 I Finsky  : [554] App states replicator found 8 unowned apps
09-23 20:23:49.277 12330 12330 D BoundBrokerSvc: onUnbind: Intent { act=com.google.android.gms.presencemanager.service.START dat=chimera-action:/... cmp=com.google.android.gms/.chimera.PersistentApiService }
09-23 20:23:49.291 11563 11617 I Finsky  : [58] Completed 0 account content syncs with 0 successful.
09-23 20:23:49.292 12330 12330 D BoundBrokerSvc: onUnbind: Intent { act=com.google.android.gms.presencemanager.service.INTERNAL_IDENTITY dat=chimera-action:/... cmp=com.google.android.gms/.chimera.PersistentApiService }
09-23 20:23:49.300 11563 11563 I Finsky  : [2] [ContentSync] Installation state replication succeeded.
09-23 20:23:49.300 11563 11563 I Finsky  : [2] SCH: jobFinished: 12-1. TimeElapsed: 231ms.
09-23 20:23:49.301 11563 11563 I Finsky  : [2] WM::SCH: Logging work end for 12-1
09-23 20:23:49.333   779   868 D EGL_emulation: app_time_stats: avg=570.56ms min=33.00ms max=5122.61ms count=10
09-23 20:23:49.343 12245 12370 E OpenGLRenderer: Unable to match the desired swap behavior.
09-23 20:23:49.364 11563 11631 I Finsky  : [68] SCH: Scheduling phonesky job Id: 1-1337, CT: 1758638892964, Constraints: [{ L: 14399999, D: 49890511, C: CHARGING_NONE, I: IDLE_NONE, N: NET_ANY, B: BATTERY_ANY }]
09-23 20:23:49.378 11563 11632 I Finsky  : [69] SCH: Scheduling 1 system job(s)
09-23 20:23:49.378 11563 11632 I Finsky  : [69] SCH: Scheduling system job Id: 9459, L: 5063585, D: 40554097, C: false, I: false, N: 1
09-23 20:23:49.405   779   868 D EGL_emulation: app_time_stats: avg=629.13ms min=3.90ms max=6707.44ms count=11
09-23 20:23:49.410 11563 12476 I Finsky  : [553] SCH: job service finished with id 9457.
09-23 20:23:49.434   488   503 W ziparchive: Unable to open '/data/app/~~V0sNPWf4bSuZSBIaveP9IQ==/com.shareconnect-00kLe2VFJJEiqY2_sRZcLA==/base.dm': No such file or directory
09-23 20:23:49.436   488   503 I ActivityTaskManager: Displayed com.shareconnect/.MainActivity: +545ms
09-23 20:23:49.509 11811 11811 I GoogleInputMethodService: GoogleInputMethodService.onFinishInput():3227
09-23 20:23:49.545 11811 11811 I GoogleInputMethodService: GoogleInputMethodService.updateDeviceLockedStatus():2087 repeatCheckTimes = 0, unlocked = true
09-23 20:23:49.545 11811 11811 I GoogleInputMethodService: GoogleInputMethodService.onStartInput():1877 onStartInput(EditorInfo{inputType=0x0(NULL) imeOptions=0x0 privateImeOptions=null actionName=UNSPECIFIED actionLabel=null actionId=0 initialSelStart=-1 initialSelEnd=-1 initialCapsMode=0x0 hintText=null label=null packageName=com.shareconnect fieldId=-1 fieldName=null extras=null}, false)
09-23 20:23:49.545 11811 11811 I GoogleInputMethodService: GoogleInputMethodService.shouldHideHeaderOnInitialState():4008 ShouldHideHeaderOnInitialState = false
09-23 20:23:49.547 11811 11811 I GoogleInputMethodService: GoogleInputMethodService.updateDeviceLockedStatus():2087 repeatCheckTimes = 2, unlocked = true
09-23 20:23:49.654   998  1945 D OneSearchSuggestProvider: Shut down the binder channel
09-23 20:23:49.662   998 17829 I s.nexuslauncher: oneway function results for code 2 on binder at 0xb400007a394885c0 will be dropped but finished with status UNKNOWN_TRANSACTION
09-23 20:23:49.675  1581  2228 I AssistantForeground: (REDACTED) Get launcher package: %s
09-23 20:23:49.750   488  4122 W InputManager-JNI: Input channel object '734da1d Splash Screen com.shareconnect (client)' was disposed without first being removed with the input manager!
09-23 20:23:50.347   779   868 D EGL_emulation: app_time_stats: avg=21.00ms min=5.16ms max=89.48ms count=45
09-23 20:23:51.925 12330 12330 W ThreadPoolForeg: type=1400 audit(0.0:1849): avc: denied { write } for name="traced_producer" dev="tmpfs" ino=647 scontext=u:r:gmscore_app:s0:c512,c768 tcontext=u:object_r:traced_producer_socket:s0 tclass=sock_file permissive=0 app=com.google.android.gms
09-23 20:23:54.449 12330 10888 W WakeLock: GCM_HB_ALARM release without a matched acquire!
09-23 20:23:54.450 12330 10888 W WakeLock: GCM_HB_ALARM counter does not exist
09-23 20:23:54.592 12330 23703 D TrafficStats: tagSocket(-1) with statsTag=0x407, statsUid=-1
09-23 20:23:54.592 12330 23703 I TrafficStats: tagSocketFd(-1, 1031, -1) failed with errno-9
09-23 20:23:54.593 12330 23703 D TrafficStats: tagSocket(79) with statsTag=0x407, statsUid=-1
09-23 20:23:54.669 12245 12245 I ViewInteraction: Performing 'scroll to' action on view view.getId() is <2131230859/com.shareconnect:id/buttonSettings>
09-23 20:23:54.671 12245 12245 I ScrollToAction: View is already displayed. Returning.
09-23 20:23:54.674 12245 12245 I ViewInteraction: Checking 'MatchesViewAssertion{viewMatcher=(view has effective visibility <VISIBLE> and view.getGlobalVisibleRect() to return non-empty rectangle)}' assertion on view view.getId() is <2131230859/com.shareconnect:id/buttonSettings>
09-23 20:23:54.678 12245 12245 I ViewInteraction: Performing 'scroll to' action on view view.getId() is <2131230852/com.shareconnect:id/buttonOpenMeTube>
09-23 20:23:54.680 12245 12245 I ScrollToAction: View is already displayed. Returning.
09-23 20:23:54.682 12245 12245 I ViewInteraction: Checking 'MatchesViewAssertion{viewMatcher=(view has effective visibility <VISIBLE> and view.getGlobalVisibleRect() to return non-empty rectangle)}' assertion on view view.getId() is <2131230852/com.shareconnect:id/buttonOpenMeTube>
09-23 20:23:54.685 12245 12245 I ViewInteraction: Performing 'scroll to' action on view view.getId() is <2131230851/com.shareconnect:id/buttonHistory>
09-23 20:23:54.686 12245 12245 I ScrollToAction: View is already displayed. Returning.
09-23 20:23:54.688 12245 12245 I ViewInteraction: Checking 'MatchesViewAssertion{viewMatcher=(view has effective visibility <VISIBLE> and view.getGlobalVisibleRect() to return non-empty rectangle)}' assertion on view view.getId() is <2131230851/com.shareconnect:id/buttonHistory>
09-23 20:23:54.690 12245 12245 I ViewInteraction: Performing 'scroll to' action on view view.getId() is <2131230970/com.shareconnect:id/fabAdd>
09-23 20:23:54.695 12245 12245 I ViewInteraction: Checking 'MatchesViewAssertion{viewMatcher=(view has effective visibility <VISIBLE> and view.getGlobalVisibleRect() to return non-empty rectangle)}' assertion on view view.getId() is <2131230970/com.shareconnect:id/fabAdd>
09-23 20:23:54.715 12245 12245 V Console : Activity lifecycle :: PRE-PAUSED :: MainActivity
09-23 20:23:54.715 12245 12245 D Console : Activity lifecycle :: Top activity: MainActivity
09-23 20:23:54.716 12245 12245 D FirebaseSessions: App backgrounded on com.shareconnect
09-23 20:23:54.719 12245 12245 V Console : Activity lifecycle :: PAUSED :: MainActivity
09-23 20:23:54.720 12245 12245 V Console : Foreground activity counter :: AtomicIntWrapper :: 12312792 :: 227589169 :: Decremented to: 0
09-23 20:23:54.720 12245 12245 D LifecycleMonitor: Lifecycle status change: com.shareconnect.MainActivity@6e46ce6 in: PAUSED
09-23 20:23:54.721 12245 12245 V ActivityScenario: Update currentActivityStage to PAUSED, currentActivity=com.shareconnect.MainActivity@6e46ce6
09-23 20:23:54.772 12245 12245 D LifecycleMonitor: Lifecycle status change: androidx.test.core.app.InstrumentationActivityInvoker$EmptyActivity@5e71d38 in: PRE_ON_CREATE
09-23 20:23:54.772 12245 12245 V ActivityScenario: Activity lifecycle changed event received but ignored because the intent does not match. startActivityIntent=Intent { act=android.intent.action.MAIN cat=[android.intent.category.LAUNCHER] flg=0x10008000 cmp=com.shareconnect/.MainActivity }, activity.getIntent()=Intent { act=android.intent.action.MAIN cat=[android.intent.category.LAUNCHER] flg=0x10000000 cmp=com.shareconnect/androidx.test.core.app.InstrumentationActivityInvoker$EmptyActivity }, activity=androidx.test.core.app.InstrumentationActivityInvoker$EmptyActivity@5e71d38
09-23 20:23:54.858 12245 12245 D LifecycleMonitor: Lifecycle status change: androidx.test.core.app.InstrumentationActivityInvoker$EmptyActivity@5e71d38 in: CREATED
09-23 20:23:54.858 12245 12245 V ActivityScenario: Activity lifecycle changed event received but ignored because the intent does not match. startActivityIntent=Intent { act=android.intent.action.MAIN cat=[android.intent.category.LAUNCHER] flg=0x10008000 cmp=com.shareconnect/.MainActivity }, activity.getIntent()=Intent { act=android.intent.action.MAIN cat=[android.intent.category.LAUNCHER] flg=0x10000000 cmp=com.shareconnect/androidx.test.core.app.InstrumentationActivityInvoker$EmptyActivity }, activity=androidx.test.core.app.InstrumentationActivityInvoker$EmptyActivity@5e71d38
09-23 20:23:54.866 12245 12245 D LifecycleMonitor: Lifecycle status change: androidx.test.core.app.InstrumentationActivityInvoker$EmptyActivity@5e71d38 in: STARTED
09-23 20:23:54.868 12245 12245 V ActivityScenario: Activity lifecycle changed event received but ignored because the intent does not match. startActivityIntent=Intent { act=android.intent.action.MAIN cat=[android.intent.category.LAUNCHER] flg=0x10008000 cmp=com.shareconnect/.MainActivity }, activity.getIntent()=Intent { act=android.intent.action.MAIN cat=[android.intent.category.LAUNCHER] flg=0x10000000 cmp=com.shareconnect/androidx.test.core.app.InstrumentationActivityInvoker$EmptyActivity }, activity=androidx.test.core.app.InstrumentationActivityInvoker$EmptyActivity@5e71d38
09-23 20:23:54.869 12245 12370 D EGL_emulation: app_time_stats: avg=540.53ms min=5.06ms max=5200.06ms count=10
09-23 20:23:54.878 12245 12245 D FirebaseSessions: App foregrounded on com.shareconnect
09-23 20:23:54.886 12330 10888 D TrafficStats: tagSocket(81) with statsTag=0x407, statsUid=-1
09-23 20:23:54.889 12245 12245 V Console : Activity lifecycle :: RESUMED :: EmptyActivity
09-23 20:23:54.889 12245 12245 V Console : Foreground activity counter :: AtomicIntWrapper :: 12312792 :: 227589169 :: Value of: 0
09-23 20:23:54.889 12245 12245 I Console : Activity lifecycle :: Main state :: Foreground
09-23 20:23:54.889 12245 12245 V Console : Foreground activity counter :: AtomicIntWrapper :: 12312792 :: 227589169 :: Incremented to: 1
09-23 20:23:54.891 12245 12245 D LifecycleMonitor: Lifecycle status change: androidx.test.core.app.InstrumentationActivityInvoker$EmptyActivity@5e71d38 in: RESUMED
09-23 20:23:54.892 12245 12245 V ActivityScenario: Activity lifecycle changed event received but ignored because the intent does not match. startActivityIntent=Intent { act=android.intent.action.MAIN cat=[android.intent.category.LAUNCHER] flg=0x10008000 cmp=com.shareconnect/.MainActivity }, activity.getIntent()=Intent { act=android.intent.action.MAIN cat=[android.intent.category.LAUNCHER] flg=0x10000000 cmp=com.shareconnect/androidx.test.core.app.InstrumentationActivityInvoker$EmptyActivity }, activity=androidx.test.core.app.InstrumentationActivityInvoker$EmptyActivity@5e71d38
09-23 20:23:54.894 12245 12245 V Console : Activity lifecycle :: POST-RESUMED :: EmptyActivity
09-23 20:23:54.901 12245 12370 W Parcel  : Expecting binder but got null!
09-23 20:23:54.908 12330 10888 I AlarmManager: setExactAndAllowWhileIdle [name: GCM_HB_ALARM type: 2 triggerAtMillis: 10640304]
09-23 20:23:54.964 12245 12370 E OpenGLRenderer: Unable to match the desired swap behavior.
09-23 20:23:54.992   488   503 I ActivityTaskManager: Displayed com.shareconnect/androidx.test.core.app.InstrumentationActivityInvoker$EmptyActivity: +284ms
09-23 20:23:55.017 12245 12245 V Console : Activity lifecycle :: PRE-STOPPED :: MainActivity
09-23 20:23:55.028 12245 12245 V Console : Activity lifecycle :: STOPPED :: MainActivity
09-23 20:23:55.029 12245 12245 D LifecycleMonitor: Lifecycle status change: com.shareconnect.MainActivity@6e46ce6 in: STOPPED
09-23 20:23:55.029 12245 12245 V ActivityScenario: Update currentActivityStage to STOPPED, currentActivity=com.shareconnect.MainActivity@6e46ce6
09-23 20:23:55.030 12245 12245 V Console : Activity lifecycle :: POST-STOPPED :: MainActivity
09-23 20:23:55.034 12245 12245 V Console : Activity lifecycle :: PRE-DESTROYED :: MainActivity
09-23 20:23:55.038 12245 12245 V Console : Activity lifecycle :: DESTROYED :: MainActivity
09-23 20:23:55.042 12245 12245 D LifecycleMonitor: Lifecycle status change: com.shareconnect.MainActivity@6e46ce6 in: DESTROYED
09-23 20:23:55.042 12245 12245 V ActivityScenario: Update currentActivityStage to DESTROYED, currentActivity=null
09-23 20:23:55.053   488  2288 W InputManager-JNI: Input channel object '5335155 com.shareconnect/com.shareconnect.MainActivity (client)' was disposed without first being removed with the input manager!
09-23 20:23:55.068 12330 10888 I AlarmManager: setExactAndAllowWhileIdle [name: GCM_HB_ALARM type: 2 triggerAtMillis: 10640464]
09-23 20:23:55.069 12330 10888 W WakeLock: GCM_CONN_ALARM release without a matched acquire!
09-23 20:23:55.073 11811 11811 I GoogleInputMethodService: GoogleInputMethodService.onFinishInput():3227
09-23 20:23:55.080 11811 11811 I GoogleInputMethodService: GoogleInputMethodService.updateDeviceLockedStatus():2087 repeatCheckTimes = 0, unlocked = true
09-23 20:23:55.081 11811 11811 I GoogleInputMethodService: GoogleInputMethodService.onStartInput():1877 onStartInput(EditorInfo{inputType=0x0(NULL) imeOptions=0x0 privateImeOptions=null actionName=UNSPECIFIED actionLabel=null actionId=0 initialSelStart=-1 initialSelEnd=-1 initialCapsMode=0x0 hintText=null label=null packageName=com.shareconnect fieldId=-1 fieldName=null extras=null}, false)
09-23 20:23:55.081 11811 11811 I GoogleInputMethodService: GoogleInputMethodService.shouldHideHeaderOnInitialState():4008 ShouldHideHeaderOnInitialState = false
09-23 20:23:55.083 11811 11811 I GoogleInputMethodService: GoogleInputMethodService.updateDeviceLockedStatus():2087 repeatCheckTimes = 2, unlocked = true
09-23 20:23:55.097 12245 12346 I TestRunner: finished: testMainActivityLaunches(com.shareconnect.activities.MainActivityInstrumentationTest)
