09-23 20:25:00.147 12245 12346 I TestRunner: started: testServerProfilesPreferenceClickable(com.shareconnect.activities.SettingsActivityInstrumentationTest)
09-23 20:25:00.157 12245 12346 W Settings: Setting always_finish_activities has moved from android.provider.Settings.System to android.provider.Settings.Global, returning read-only value.
09-23 20:25:00.185   779   868 W Parcel  : Expecting binder but got null!
09-23 20:25:00.211   779   868 E OpenGLRenderer: Unable to match the desired swap behavior.
09-23 20:25:00.217 12245 12245 D LifecycleMonitor: Lifecycle status change: com.shareconnect.SettingsActivity@a9e428e in: PRE_ON_CREATE
09-23 20:25:00.218 12245 12245 V ActivityScenario: Activity lifecycle changed event received but ignored because the reported transition was not ON_CREATE while the last known transition was PRE_ON_CREATE
09-23 20:25:00.222 12245 12245 D Console : getDefaultTheme() returned: Warm Orange Light (ID: 1, isDefault: true)
09-23 20:25:00.222 12245 12245 D Console : getDefaultTheme() returned: Warm Orange Light (ID: 1, isDefault: true)
09-23 20:25:00.222 12245 12245 D Console : Applying theme: Warm Orange Light, colorScheme: warm_orange, isDarkMode: false, currentTheme: WARM_ORANGE_LIGHT
09-23 20:25:00.222 12245 12245 D Console : Activity SettingsActivity usesToolbar: true
09-23 20:25:00.225 12245 12245 D Console : Setting night mode to NO
09-23 20:25:00.262 12245 12245 D LifecycleMonitor: Lifecycle status change: com.shareconnect.SettingsActivity@a9e428e in: CREATED
09-23 20:25:00.264 12245 12245 V ActivityScenario: Update currentActivityStage to CREATED, currentActivity=com.shareconnect.SettingsActivity@a9e428e
09-23 20:25:00.298  1581  1581 I GsaVoiceInteractionSrv: Handling ACTION_STOP_HOTWORD
09-23 20:25:00.300 12245 12245 D LifecycleMonitor: Lifecycle status change: com.shareconnect.SettingsActivity@a9e428e in: STARTED
09-23 20:25:00.301  1581  2233 I HwDetectorWithState: (REDACTED) a: %d
09-23 20:25:00.301 12245 12245 V ActivityScenario: Update currentActivityStage to STARTED, currentActivity=com.shareconnect.SettingsActivity@a9e428e
09-23 20:25:00.308 12245 12245 D FirebaseSessions: App foregrounded on com.shareconnect
09-23 20:25:00.320 12245 12245 V Console : Activity lifecycle :: RESUMED :: SettingsActivity
09-23 20:25:00.320 12245 12245 V Console : Foreground activity counter :: AtomicIntWrapper :: 12312792 :: 227589169 :: Value of: 0
09-23 20:25:00.320 12245 12245 I Console : Activity lifecycle :: Main state :: Foreground
09-23 20:25:00.320 12245 12245 V Console : Foreground activity counter :: AtomicIntWrapper :: 12312792 :: 227589169 :: Incremented to: 1
09-23 20:25:00.321 12245 12245 D LifecycleMonitor: Lifecycle status change: com.shareconnect.SettingsActivity@a9e428e in: RESUMED
09-23 20:25:00.321 12245 12245 V ActivityScenario: Update currentActivityStage to RESUMED, currentActivity=com.shareconnect.SettingsActivity@a9e428e
09-23 20:25:00.325 12245 12245 V Console : Activity lifecycle :: POST-RESUMED :: SettingsActivity
09-23 20:25:00.330 12245 12370 W Parcel  : Expecting binder but got null!
09-23 20:25:00.369 12245 12370 E OpenGLRenderer: Unable to match the desired swap behavior.
09-23 20:25:00.466   488   503 W ziparchive: Unable to open '/data/app/~~V0sNPWf4bSuZSBIaveP9IQ==/com.shareconnect-00kLe2VFJJEiqY2_sRZcLA==/base.dm': No such file or directory
09-23 20:25:00.470   488   503 I ActivityTaskManager: Displayed com.shareconnect/.SettingsActivity: +302ms
09-23 20:25:00.492 11811 11811 I GoogleInputMethodService: GoogleInputMethodService.onFinishInput():3227
09-23 20:25:00.493 11811 11811 I GoogleInputMethodService: GoogleInputMethodService.updateDeviceLockedStatus():2087 repeatCheckTimes = 0, unlocked = true
09-23 20:25:00.493 11811 11811 I GoogleInputMethodService: GoogleInputMethodService.onStartInput():1877 onStartInput(EditorInfo{inputType=0x0(NULL) imeOptions=0x0 privateImeOptions=null actionName=UNSPECIFIED actionLabel=null actionId=0 initialSelStart=-1 initialSelEnd=-1 initialCapsMode=0x0 hintText=null label=null packageName=com.shareconnect fieldId=2131231190 fieldName=null extras=null}, false)
09-23 20:25:00.493 11811 11811 I GoogleInputMethodService: GoogleInputMethodService.shouldHideHeaderOnInitialState():4008 ShouldHideHeaderOnInitialState = false
09-23 20:25:00.494 11811 11811 I GoogleInputMethodService: GoogleInputMethodService.updateDeviceLockedStatus():2087 repeatCheckTimes = 2, unlocked = true
09-23 20:25:00.581  1581  2228 I AssistantForeground: (REDACTED) Get launcher package: %s
09-23 20:25:00.596   998  1945 D OneSearchSuggestProvider: Shut down the binder channel
09-23 20:25:00.599   998 17829 I s.nexuslauncher: oneway function results for code 2 on binder at 0xb400007a39488890 will be dropped but finished with status UNKNOWN_TRANSACTION
09-23 20:25:00.670   779   868 D EGL_emulation: app_time_stats: avg=794.13ms min=18.97ms max=7388.76ms count=10
09-23 20:25:00.788   488   834 W InputManager-JNI: Input channel object '3ab4db5 Splash Screen com.shareconnect (client)' was disposed without first being removed with the input manager!
09-23 20:25:00.837   779   850 W FrameTracker: Missed App frame:UNKNOWN: 24, 2201934, 0, CUJ=J<SPLASHSCREEN_EXIT_ANIM>
09-23 20:25:00.837   779   850 W FrameTracker: Missed SF frame:UNKNOWN: 24, 2201934, 0, CUJ=J<SPLASHSCREEN_EXIT_ANIM>
09-23 20:25:00.837   779   850 W FrameTracker: Missing HWUI jank callback for vsyncId: 2201934, CUJ=J<SPLASHSCREEN_EXIT_ANIM>
09-23 20:25:00.837   779   850 W FrameTracker: Missed SF frame:UNKNOWN: 80, 2201970, 0, CUJ=J<SPLASHSCREEN_EXIT_ANIM>
09-23 20:25:00.837   779   850 W FrameTracker: Missing HWUI jank callback for vsyncId: 2201970, CUJ=J<SPLASHSCREEN_EXIT_ANIM>
09-23 20:25:00.837   779   850 W FrameTracker: Missed App frame:UNKNOWN: 88, 2202028, 67287866, CUJ=J<SPLASHSCREEN_EXIT_ANIM>
09-23 20:25:00.837   779   850 W FrameTracker: Missed SF frame:UNKNOWN: 88, 2202028, 67287866, CUJ=J<SPLASHSCREEN_EXIT_ANIM>
09-23 20:25:00.837   779   850 W FrameTracker: Missed App frame:UNKNOWN: 88, 2202064, 0, CUJ=J<SPLASHSCREEN_EXIT_ANIM>
09-23 20:25:00.837   779   850 W FrameTracker: Missed SF frame:UNKNOWN: 88, 2202064, 0, CUJ=J<SPLASHSCREEN_EXIT_ANIM>
09-23 20:25:00.837   779   850 W FrameTracker: Missing HWUI jank callback for vsyncId: 2202064, CUJ=J<SPLASHSCREEN_EXIT_ANIM>
09-23 20:25:00.837   779   850 W FrameTracker: Missed SF frame:UNKNOWN: 80, 2202151, 0, CUJ=J<SPLASHSCREEN_EXIT_ANIM>
09-23 20:25:00.837   779   850 W FrameTracker: Missing HWUI jank callback for vsyncId: 2202151, CUJ=J<SPLASHSCREEN_EXIT_ANIM>
09-23 20:25:00.837   779   850 W FrameTracker: Missed SF frame:UNKNOWN: 80, 2202201, 39574911, CUJ=J<SPLASHSCREEN_EXIT_ANIM>
09-23 20:25:00.837   779   850 W FrameTracker: Missed SF frame:UNKNOWN: 80, 2202209, 50327912, CUJ=J<SPLASHSCREEN_EXIT_ANIM>
09-23 20:25:00.837   779   850 W FrameTracker: Missed App frame:UNKNOWN: 88, 2202231, 50926246, CUJ=J<SPLASHSCREEN_EXIT_ANIM>
09-23 20:25:00.837   779   850 W FrameTracker: Missed SF frame:UNKNOWN: 88, 2202231, 50926246, CUJ=J<SPLASHSCREEN_EXIT_ANIM>
09-23 20:25:00.837   779   850 W FrameTracker: Missed SF frame:UNKNOWN: 80, 2202239, 46299080, CUJ=J<SPLASHSCREEN_EXIT_ANIM>
09-23 20:25:00.837   779   850 W FrameTracker: Missed SF frame:UNKNOWN: 80, 2202255, 23702498, CUJ=J<SPLASHSCREEN_EXIT_ANIM>
09-23 20:25:00.837   779   850 W FrameTracker: Missed SF frame:UNKNOWN: 80, 2202270, 0, CUJ=J<SPLASHSCREEN_EXIT_ANIM>
09-23 20:25:00.837   779   850 W FrameTracker: Missing HWUI jank callback for vsyncId: 2202270, CUJ=J<SPLASHSCREEN_EXIT_ANIM>
09-23 20:25:00.837   779   850 W FrameTracker: Missing SF jank callback for vsyncId: 2202285, CUJ=J<SPLASHSCREEN_EXIT_ANIM>
09-23 20:25:01.696   779   868 D EGL_emulation: app_time_stats: avg=21.62ms min=2.80ms max=68.31ms count=45
09-23 20:25:01.967 12245 12370 D EGL_emulation: app_time_stats: avg=141.61ms min=1.78ms max=1351.42ms count=10
09-23 20:25:03.601 12245 12245 I ViewInteraction: Checking 'MatchesViewAssertion{viewMatcher=(view has effective visibility <VISIBLE> and view.getGlobalVisibleRect() to return non-empty rectangle)}' assertion on view view.getId() is <2131231228/com.shareconnect:id/settings>
09-23 20:25:03.616 12245 12245 V Console : Activity lifecycle :: PRE-PAUSED :: SettingsActivity
09-23 20:25:03.616 12245 12245 D Console : Activity lifecycle :: Top activity: SettingsActivity
09-23 20:25:03.616 12245 12245 D FirebaseSessions: App backgrounded on com.shareconnect
09-23 20:25:03.620 12245 12245 V Console : Activity lifecycle :: PAUSED :: SettingsActivity
09-23 20:25:03.620 12245 12245 V Console : Foreground activity counter :: AtomicIntWrapper :: 12312792 :: 227589169 :: Decremented to: 0
09-23 20:25:03.622 12245 12245 D LifecycleMonitor: Lifecycle status change: com.shareconnect.SettingsActivity@a9e428e in: PAUSED
09-23 20:25:03.622 12245 12245 V ActivityScenario: Update currentActivityStage to PAUSED, currentActivity=com.shareconnect.SettingsActivity@a9e428e
09-23 20:25:03.685 12245 12245 D LifecycleMonitor: Lifecycle status change: androidx.test.core.app.InstrumentationActivityInvoker$EmptyActivity@6f06aae in: PRE_ON_CREATE
09-23 20:25:03.686 12245 12245 V ActivityScenario: Activity lifecycle changed event received but ignored because the intent does not match. startActivityIntent=Intent { act=android.intent.action.MAIN cat=[android.intent.category.LAUNCHER] flg=0x10008000 cmp=com.shareconnect/.SettingsActivity }, activity.getIntent()=Intent { act=android.intent.action.MAIN cat=[android.intent.category.LAUNCHER] flg=0x10000000 cmp=com.shareconnect/androidx.test.core.app.InstrumentationActivityInvoker$EmptyActivity }, activity=androidx.test.core.app.InstrumentationActivityInvoker$EmptyActivity@6f06aae
09-23 20:25:03.706 12245 12245 D LifecycleMonitor: Lifecycle status change: androidx.test.core.app.InstrumentationActivityInvoker$EmptyActivity@6f06aae in: CREATED
09-23 20:25:03.707 12245 12245 V ActivityScenario: Activity lifecycle changed event received but ignored because the intent does not match. startActivityIntent=Intent { act=android.intent.action.MAIN cat=[android.intent.category.LAUNCHER] flg=0x10008000 cmp=com.shareconnect/.SettingsActivity }, activity.getIntent()=Intent { act=android.intent.action.MAIN cat=[android.intent.category.LAUNCHER] flg=0x10000000 cmp=com.shareconnect/androidx.test.core.app.InstrumentationActivityInvoker$EmptyActivity }, activity=androidx.test.core.app.InstrumentationActivityInvoker$EmptyActivity@6f06aae
09-23 20:25:03.709 12245 12245 D LifecycleMonitor: Lifecycle status change: androidx.test.core.app.InstrumentationActivityInvoker$EmptyActivity@6f06aae in: STARTED
09-23 20:25:03.709 12245 12245 V ActivityScenario: Activity lifecycle changed event received but ignored because the intent does not match. startActivityIntent=Intent { act=android.intent.action.MAIN cat=[android.intent.category.LAUNCHER] flg=0x10008000 cmp=com.shareconnect/.SettingsActivity }, activity.getIntent()=Intent { act=android.intent.action.MAIN cat=[android.intent.category.LAUNCHER] flg=0x10000000 cmp=com.shareconnect/androidx.test.core.app.InstrumentationActivityInvoker$EmptyActivity }, activity=androidx.test.core.app.InstrumentationActivityInvoker$EmptyActivity@6f06aae
09-23 20:25:03.710 12245 12245 D FirebaseSessions: App foregrounded on com.shareconnect
09-23 20:25:03.714 12245 12245 V Console : Activity lifecycle :: RESUMED :: EmptyActivity
09-23 20:25:03.714 12245 12245 V Console : Foreground activity counter :: AtomicIntWrapper :: 12312792 :: 227589169 :: Value of: 0
09-23 20:25:03.714 12245 12245 I Console : Activity lifecycle :: Main state :: Foreground
09-23 20:25:03.714 12245 12245 V Console : Foreground activity counter :: AtomicIntWrapper :: 12312792 :: 227589169 :: Incremented to: 1
09-23 20:25:03.715 12245 12245 D LifecycleMonitor: Lifecycle status change: androidx.test.core.app.InstrumentationActivityInvoker$EmptyActivity@6f06aae in: RESUMED
09-23 20:25:03.716 12245 12245 V ActivityScenario: Activity lifecycle changed event received but ignored because the intent does not match. startActivityIntent=Intent { act=android.intent.action.MAIN cat=[android.intent.category.LAUNCHER] flg=0x10008000 cmp=com.shareconnect/.SettingsActivity }, activity.getIntent()=Intent { act=android.intent.action.MAIN cat=[android.intent.category.LAUNCHER] flg=0x10000000 cmp=com.shareconnect/androidx.test.core.app.InstrumentationActivityInvoker$EmptyActivity }, activity=androidx.test.core.app.InstrumentationActivityInvoker$EmptyActivity@6f06aae
09-23 20:25:03.717 12245 12245 V Console : Activity lifecycle :: POST-RESUMED :: EmptyActivity
09-23 20:25:03.720 12245 12370 W Parcel  : Expecting binder but got null!
09-23 20:25:03.762 12245 12370 E OpenGLRenderer: Unable to match the desired swap behavior.
09-23 20:25:03.783   488   503 I ActivityTaskManager: Displayed com.shareconnect/androidx.test.core.app.InstrumentationActivityInvoker$EmptyActivity: +174ms
09-23 20:25:03.794 12245 12245 V Console : Activity lifecycle :: PRE-STOPPED :: SettingsActivity
09-23 20:25:03.799 12245 12370 D EGL_emulation: app_time_stats: avg=104.84ms min=1.55ms max=1553.43ms count=17
09-23 20:25:03.803 12245 12245 V Console : Activity lifecycle :: STOPPED :: SettingsActivity
09-23 20:25:03.804 12245 12245 D LifecycleMonitor: Lifecycle status change: com.shareconnect.SettingsActivity@a9e428e in: STOPPED
09-23 20:25:03.804 12245 12245 V ActivityScenario: Update currentActivityStage to STOPPED, currentActivity=com.shareconnect.SettingsActivity@a9e428e
09-23 20:25:03.805 12245 12245 V Console : Activity lifecycle :: POST-STOPPED :: SettingsActivity
09-23 20:25:03.808 12245 12245 V Console : Activity lifecycle :: PRE-DESTROYED :: SettingsActivity
09-23 20:25:03.809 12245 12245 V Console : Activity lifecycle :: DESTROYED :: SettingsActivity
09-23 20:25:03.816 12245 12245 D LifecycleMonitor: Lifecycle status change: com.shareconnect.SettingsActivity@a9e428e in: DESTROYED
09-23 20:25:03.816 12245 12245 V ActivityScenario: Update currentActivityStage to DESTROYED, currentActivity=null
09-23 20:25:03.823   488   834 W InputManager-JNI: Input channel object 'af2321c com.shareconnect/com.shareconnect.SettingsActivity (client)' was disposed without first being removed with the input manager!
09-23 20:25:03.831 11811 11811 I GoogleInputMethodService: GoogleInputMethodService.onFinishInput():3227
09-23 20:25:03.832 12245 12346 I TestRunner: finished: testServerProfilesPreferenceClickable(com.shareconnect.activities.SettingsActivityInstrumentationTest)
