09-23 20:25:18.711 12245 12346 I TestRunner: started: testActivityTitle(com.shareconnect.activities.SettingsActivityInstrumentationTest)
09-23 20:25:18.712 12245 12245 V Console : Activity lifecycle :: DESTROYED :: EmptyActivity
09-23 20:25:18.713 12245 12245 D LifecycleMonitor: Lifecycle status change: androidx.test.core.app.InstrumentationActivityInvoker$EmptyActivity@a61e884 in: DESTROYED
09-23 20:25:18.726 12245 12346 W Settings: Setting always_finish_activities has moved from android.provider.Settings.System to android.provider.Settings.Global, returning read-only value.
09-23 20:25:18.768 12245 12245 I om.shareconnect: Explicit concurrent copying GC freed 35131(2187KB) AllocSpace objects, 16(832KB) LOS objects, 49% free, 7214KB/14MB, paused 100us,113us total 55.136ms
09-23 20:25:18.810 12245 12245 I om.shareconnect: Explicit concurrent copying GC freed 8387(479KB) AllocSpace objects, 0(0B) LOS objects, 49% free, 6767KB/13MB, paused 73us,122us total 31.437ms
09-23 20:25:18.866 27599 12844 I ProvidersCache: Provider returned no roots. Possibly naughty: com.google.android.apps.docs.storage
09-23 20:25:18.873   488   834 W InputManager-JNI: Input channel object '91ec515 com.shareconnect/androidx.test.core.app.InstrumentationActivityInvoker$EmptyActivity (client)' was disposed without first being removed with the input manager!
09-23 20:25:18.900   779   868 W Parcel  : Expecting binder but got null!
09-23 20:25:18.930   779   868 E OpenGLRenderer: Unable to match the desired swap behavior.
09-23 20:25:18.934 12245 12245 D LifecycleMonitor: Lifecycle status change: com.shareconnect.SettingsActivity@f03e83f in: PRE_ON_CREATE
09-23 20:25:18.934 12245 12245 V ActivityScenario: Activity lifecycle changed event received but ignored because the reported transition was not ON_CREATE while the last known transition was PRE_ON_CREATE
09-23 20:25:18.938 12245 12245 D Console : getDefaultTheme() returned: Warm Orange Light (ID: 1, isDefault: true)
09-23 20:25:18.938 12245 12245 D Console : getDefaultTheme() returned: Warm Orange Light (ID: 1, isDefault: true)
09-23 20:25:18.938 12245 12245 D Console : Applying theme: Warm Orange Light, colorScheme: warm_orange, isDarkMode: false, currentTheme: WARM_ORANGE_LIGHT
09-23 20:25:18.938 12245 12245 D Console : Activity SettingsActivity usesToolbar: true
09-23 20:25:18.958 12245 12245 D Console : Setting night mode to NO
09-23 20:25:18.970 12245 12245 D LifecycleMonitor: Lifecycle status change: com.shareconnect.SettingsActivity@f03e83f in: CREATED
09-23 20:25:18.970 12245 12245 V ActivityScenario: Update currentActivityStage to CREATED, currentActivity=com.shareconnect.SettingsActivity@f03e83f
09-23 20:25:18.990 12245 12245 D LifecycleMonitor: Lifecycle status change: com.shareconnect.SettingsActivity@f03e83f in: STARTED
09-23 20:25:18.991 12245 12245 V ActivityScenario: Update currentActivityStage to STARTED, currentActivity=com.shareconnect.SettingsActivity@f03e83f
09-23 20:25:18.994 12245 12245 D FirebaseSessions: App foregrounded on com.shareconnect
09-23 20:25:18.997 12245 12245 V Console : Activity lifecycle :: RESUMED :: SettingsActivity
09-23 20:25:18.997 12245 12245 V Console : Foreground activity counter :: AtomicIntWrapper :: 12312792 :: 227589169 :: Value of: 0
09-23 20:25:18.997 12245 12245 I Console : Activity lifecycle :: Main state :: Foreground
09-23 20:25:18.997 12245 12245 V Console : Foreground activity counter :: AtomicIntWrapper :: 12312792 :: 227589169 :: Incremented to: 1
09-23 20:25:18.998 12245 12245 D LifecycleMonitor: Lifecycle status change: com.shareconnect.SettingsActivity@f03e83f in: RESUMED
09-23 20:25:18.998 12245 12245 V ActivityScenario: Update currentActivityStage to RESUMED, currentActivity=com.shareconnect.SettingsActivity@f03e83f
09-23 20:25:19.001 12245 12245 V Console : Activity lifecycle :: POST-RESUMED :: SettingsActivity
09-23 20:25:19.004 12245 12370 W Parcel  : Expecting binder but got null!
09-23 20:25:19.013  1581  1581 I GsaVoiceInteractionSrv: Handling ACTION_STOP_HOTWORD
09-23 20:25:19.014  1581  2233 I HwDetectorWithState: (REDACTED) a: %d
09-23 20:25:19.055 12245 12370 E OpenGLRenderer: Unable to match the desired swap behavior.
09-23 20:25:19.064   779   868 D EGL_emulation: app_time_stats: avg=376.77ms min=2.07ms max=4345.60ms count=12
09-23 20:25:19.164   488   503 W ziparchive: Unable to open '/data/app/~~V0sNPWf4bSuZSBIaveP9IQ==/com.shareconnect-00kLe2VFJJEiqY2_sRZcLA==/base.dm': No such file or directory
09-23 20:25:19.168   488   503 I ActivityTaskManager: Displayed com.shareconnect/.SettingsActivity: +273ms
09-23 20:25:19.205 11811 11811 I GoogleInputMethodService: GoogleInputMethodService.onFinishInput():3227
09-23 20:25:19.212 11811 11811 I GoogleInputMethodService: GoogleInputMethodService.updateDeviceLockedStatus():2087 repeatCheckTimes = 0, unlocked = true
09-23 20:25:19.213 11811 11811 I GoogleInputMethodService: GoogleInputMethodService.onStartInput():1877 onStartInput(EditorInfo{inputType=0x0(NULL) imeOptions=0x0 privateImeOptions=null actionName=UNSPECIFIED actionLabel=null actionId=0 initialSelStart=-1 initialSelEnd=-1 initialCapsMode=0x0 hintText=null label=null packageName=com.shareconnect fieldId=2131231190 fieldName=null extras=null}, false)
09-23 20:25:19.213 11811 11811 I GoogleInputMethodService: GoogleInputMethodService.shouldHideHeaderOnInitialState():4008 ShouldHideHeaderOnInitialState = false
09-23 20:25:19.218 11811 11811 I GoogleInputMethodService: GoogleInputMethodService.updateDeviceLockedStatus():2087 repeatCheckTimes = 2, unlocked = true
09-23 20:25:19.306   998  1945 D OneSearchSuggestProvider: Shut down the binder channel
09-23 20:25:19.310   998 24438 I s.nexuslauncher: oneway function results for code 2 on binder at 0xb400007a39489a90 will be dropped but finished with status UNKNOWN_TRANSACTION
09-23 20:25:19.348  1581  2228 I AssistantForeground: (REDACTED) Get launcher package: %s
09-23 20:25:19.358   779   868 D EGL_emulation: app_time_stats: avg=366.31ms min=17.71ms max=3113.29ms count=10
09-23 20:25:19.460   488  1100 W InputManager-JNI: Input channel object '212c548 Splash Screen com.shareconnect (client)' was disposed without first being removed with the input manager!
09-23 20:25:20.411   779   868 D EGL_emulation: app_time_stats: avg=25.56ms min=10.23ms max=68.82ms count=40
09-23 20:25:20.651 12245 12370 D EGL_emulation: app_time_stats: avg=133.01ms min=4.94ms max=1320.40ms count=11
09-23 20:25:21.307 12245 12245 V Console : Activity lifecycle :: PRE-PAUSED :: SettingsActivity
09-23 20:25:21.307 12245 12245 D Console : Activity lifecycle :: Top activity: SettingsActivity
09-23 20:25:21.308 12245 12245 D FirebaseSessions: App backgrounded on com.shareconnect
09-23 20:25:21.312 12245 12245 V Console : Activity lifecycle :: PAUSED :: SettingsActivity
09-23 20:25:21.313 12245 12245 V Console : Foreground activity counter :: AtomicIntWrapper :: 12312792 :: 227589169 :: Decremented to: 0
09-23 20:25:21.320 12245 12245 D LifecycleMonitor: Lifecycle status change: com.shareconnect.SettingsActivity@f03e83f in: PAUSED
09-23 20:25:21.321 12245 12245 V ActivityScenario: Update currentActivityStage to PAUSED, currentActivity=com.shareconnect.SettingsActivity@f03e83f
09-23 20:25:21.336 12245 12245 D LifecycleMonitor: Lifecycle status change: androidx.test.core.app.InstrumentationActivityInvoker$EmptyActivity@ac3f651 in: PRE_ON_CREATE
09-23 20:25:21.337 12245 12245 V ActivityScenario: Activity lifecycle changed event received but ignored because the intent does not match. startActivityIntent=Intent { act=android.intent.action.MAIN cat=[android.intent.category.LAUNCHER] flg=0x10008000 cmp=com.shareconnect/.SettingsActivity }, activity.getIntent()=Intent { act=android.intent.action.MAIN cat=[android.intent.category.LAUNCHER] flg=0x10000000 cmp=com.shareconnect/androidx.test.core.app.InstrumentationActivityInvoker$EmptyActivity }, activity=androidx.test.core.app.InstrumentationActivityInvoker$EmptyActivity@ac3f651
09-23 20:25:21.352 12245 12245 D LifecycleMonitor: Lifecycle status change: androidx.test.core.app.InstrumentationActivityInvoker$EmptyActivity@ac3f651 in: CREATED
09-23 20:25:21.352 12245 12245 V ActivityScenario: Activity lifecycle changed event received but ignored because the intent does not match. startActivityIntent=Intent { act=android.intent.action.MAIN cat=[android.intent.category.LAUNCHER] flg=0x10008000 cmp=com.shareconnect/.SettingsActivity }, activity.getIntent()=Intent { act=android.intent.action.MAIN cat=[android.intent.category.LAUNCHER] flg=0x10000000 cmp=com.shareconnect/androidx.test.core.app.InstrumentationActivityInvoker$EmptyActivity }, activity=androidx.test.core.app.InstrumentationActivityInvoker$EmptyActivity@ac3f651
09-23 20:25:21.354 12245 12245 D LifecycleMonitor: Lifecycle status change: androidx.test.core.app.InstrumentationActivityInvoker$EmptyActivity@ac3f651 in: STARTED
09-23 20:25:21.354 12245 12245 V ActivityScenario: Activity lifecycle changed event received but ignored because the intent does not match. startActivityIntent=Intent { act=android.intent.action.MAIN cat=[android.intent.category.LAUNCHER] flg=0x10008000 cmp=com.shareconnect/.SettingsActivity }, activity.getIntent()=Intent { act=android.intent.action.MAIN cat=[android.intent.category.LAUNCHER] flg=0x10000000 cmp=com.shareconnect/androidx.test.core.app.InstrumentationActivityInvoker$EmptyActivity }, activity=androidx.test.core.app.InstrumentationActivityInvoker$EmptyActivity@ac3f651
09-23 20:25:21.361 12245 12245 D FirebaseSessions: App foregrounded on com.shareconnect
09-23 20:25:21.376 12245 12245 V Console : Activity lifecycle :: RESUMED :: EmptyActivity
09-23 20:25:21.376 12245 12245 V Console : Foreground activity counter :: AtomicIntWrapper :: 12312792 :: 227589169 :: Value of: 0
09-23 20:25:21.376 12245 12245 I Console : Activity lifecycle :: Main state :: Foreground
09-23 20:25:21.377 12245 12245 V Console : Foreground activity counter :: AtomicIntWrapper :: 12312792 :: 227589169 :: Incremented to: 1
09-23 20:25:21.378 12245 12245 D LifecycleMonitor: Lifecycle status change: androidx.test.core.app.InstrumentationActivityInvoker$EmptyActivity@ac3f651 in: RESUMED
09-23 20:25:21.378 12245 12245 V ActivityScenario: Activity lifecycle changed event received but ignored because the intent does not match. startActivityIntent=Intent { act=android.intent.action.MAIN cat=[android.intent.category.LAUNCHER] flg=0x10008000 cmp=com.shareconnect/.SettingsActivity }, activity.getIntent()=Intent { act=android.intent.action.MAIN cat=[android.intent.category.LAUNCHER] flg=0x10000000 cmp=com.shareconnect/androidx.test.core.app.InstrumentationActivityInvoker$EmptyActivity }, activity=androidx.test.core.app.InstrumentationActivityInvoker$EmptyActivity@ac3f651
09-23 20:25:21.378 12245 12245 V Console : Activity lifecycle :: POST-RESUMED :: EmptyActivity
09-23 20:25:21.382 12245 12370 W Parcel  : Expecting binder but got null!
09-23 20:25:21.390 11307 12363 D AdvertisingIdClient: AdvertisingIdClient already created.
09-23 20:25:21.395 11307 12363 I AdvertisingIdClient: shouldSendLog 8709359
09-23 20:25:21.396 11307 12363 I AdvertisingIdClient: GetInfoInternal elapse 4ms
09-23 20:25:21.449 12245 12370 E OpenGLRenderer: Unable to match the desired swap behavior.
09-23 20:25:21.480   488   503 I ActivityTaskManager: Displayed com.shareconnect/androidx.test.core.app.InstrumentationActivityInvoker$EmptyActivity: +180ms
09-23 20:25:21.501 12245 12245 V Console : Activity lifecycle :: PRE-STOPPED :: SettingsActivity
09-23 20:25:21.507 12245 12245 V Console : Activity lifecycle :: STOPPED :: SettingsActivity
09-23 20:25:21.509 12245 12245 D LifecycleMonitor: Lifecycle status change: com.shareconnect.SettingsActivity@f03e83f in: STOPPED
09-23 20:25:21.509 12245 12245 V ActivityScenario: Update currentActivityStage to STOPPED, currentActivity=com.shareconnect.SettingsActivity@f03e83f
09-23 20:25:21.510 12245 12245 V Console : Activity lifecycle :: POST-STOPPED :: SettingsActivity
09-23 20:25:21.512 12245 12245 V Console : Activity lifecycle :: PRE-DESTROYED :: SettingsActivity
09-23 20:25:21.513 12245 12245 V Console : Activity lifecycle :: DESTROYED :: SettingsActivity
09-23 20:25:21.522 12245 12245 D LifecycleMonitor: Lifecycle status change: com.shareconnect.SettingsActivity@f03e83f in: DESTROYED
09-23 20:25:21.523 12245 12245 V ActivityScenario: Update currentActivityStage to DESTROYED, currentActivity=null
09-23 20:25:21.535   488  1100 W InputManager-JNI: Input channel object 'f2a0ed5 com.shareconnect/com.shareconnect.SettingsActivity (client)' was disposed without first being removed with the input manager!
09-23 20:25:21.552 11811 11811 I GoogleInputMethodService: GoogleInputMethodService.onFinishInput():3227
09-23 20:25:21.553 11811 11811 I GoogleInputMethodService: GoogleInputMethodService.updateDeviceLockedStatus():2087 repeatCheckTimes = 0, unlocked = true
09-23 20:25:21.553 12245 12346 I TestRunner: finished: testActivityTitle(com.shareconnect.activities.SettingsActivityInstrumentationTest)
