09-23 20:34:32.445 14451 14529 I TestRunner: started: testToolbarIsDisplayed(com.shareconnect.activities.SettingsActivityInstrumentationTest)
09-23 20:34:32.454 14451 14529 W Settings: Setting always_finish_activities has moved from android.provider.Settings.System to android.provider.Settings.Global, returning read-only value.
09-23 20:34:32.470   779   868 W Parcel  : Expecting binder but got null!
09-23 20:34:32.558 14451 14451 D LifecycleMonitor: Lifecycle status change: com.shareconnect.SettingsActivity@79f63ac in: PRE_ON_CREATE
09-23 20:34:32.558 14451 14451 V ActivityScenario: Activity lifecycle changed event received but ignored because the reported transition was not ON_CREATE while the last known transition was PRE_ON_CREATE
09-23 20:34:32.562   779   868 E OpenGLRenderer: Unable to match the desired swap behavior.
09-23 20:34:32.564 14451 14451 D Console : getDefaultTheme() returned: Warm Orange Light (ID: 1, isDefault: true)
09-23 20:34:32.564 14451 14451 D Console : getDefaultTheme() returned: Warm Orange Light (ID: 1, isDefault: true)
09-23 20:34:32.564 14451 14451 D Console : Applying theme: Warm Orange Light, colorScheme: warm_orange, isDarkMode: false, currentTheme: WARM_ORANGE_LIGHT
09-23 20:34:32.564 14451 14451 D Console : Activity SettingsActivity usesToolbar: true
09-23 20:34:32.570 14451 14451 D Console : Setting night mode to NO
09-23 20:34:32.587  1581  1581 I GsaVoiceInteractionSrv: Handling ACTION_STOP_HOTWORD
09-23 20:34:32.587  1581  2233 I HwDetectorWithState: (REDACTED) a: %d
09-23 20:34:32.611 14451 14451 D LifecycleMonitor: Lifecycle status change: com.shareconnect.SettingsActivity@79f63ac in: CREATED
09-23 20:34:32.612 14451 14451 V ActivityScenario: Update currentActivityStage to CREATED, currentActivity=com.shareconnect.SettingsActivity@79f63ac
09-23 20:34:32.625 14451 14451 D LifecycleMonitor: Lifecycle status change: com.shareconnect.SettingsActivity@79f63ac in: STARTED
09-23 20:34:32.626 14451 14451 V ActivityScenario: Update currentActivityStage to STARTED, currentActivity=com.shareconnect.SettingsActivity@79f63ac
09-23 20:34:32.628 14451 14451 D FirebaseSessions: App foregrounded on com.shareconnect
09-23 20:34:32.662 14451 14451 V Console : Activity lifecycle :: RESUMED :: SettingsActivity
09-23 20:34:32.662 14451 14451 V Console : Foreground activity counter :: AtomicIntWrapper :: 12312792 :: 227589169 :: Value of: 0
09-23 20:34:32.662 14451 14451 I Console : Activity lifecycle :: Main state :: Foreground
09-23 20:34:32.663 14451 14451 V Console : Foreground activity counter :: AtomicIntWrapper :: 12312792 :: 227589169 :: Incremented to: 1
09-23 20:34:32.663 14451 14451 D LifecycleMonitor: Lifecycle status change: com.shareconnect.SettingsActivity@79f63ac in: RESUMED
09-23 20:34:32.663 14451 14451 V ActivityScenario: Update currentActivityStage to RESUMED, currentActivity=com.shareconnect.SettingsActivity@79f63ac
09-23 20:34:32.664 14451 14451 V Console : Activity lifecycle :: POST-RESUMED :: SettingsActivity
09-23 20:34:32.668 14451 14544 W Parcel  : Expecting binder but got null!
09-23 20:34:32.735   998  1661 D EGL_emulation: app_time_stats: avg=16.76ms min=2.14ms max=219.84ms count=39
09-23 20:34:32.741 14451 14544 E OpenGLRenderer: Unable to match the desired swap behavior.
09-23 20:34:32.749   779   868 D EGL_emulation: app_time_stats: avg=320.72ms min=4.56ms max=3422.33ms count=12
09-23 20:34:32.832   488   503 W ziparchive: Unable to open '/data/app/~~oupOlfVo85VjjJjgKudTNQ==/com.shareconnect-EH_RpdXvH7n6ovraMpysgA==/base.dm': No such file or directory
09-23 20:34:32.834   488   503 I ActivityTaskManager: Displayed com.shareconnect/.SettingsActivity: +373ms
09-23 20:34:32.850 11811 11811 I GoogleInputMethodService: GoogleInputMethodService.onFinishInput():3227
09-23 20:34:32.850 11811 11811 I GoogleInputMethodService: GoogleInputMethodService.updateDeviceLockedStatus():2087 repeatCheckTimes = 0, unlocked = true
09-23 20:34:32.850 11811 11811 I GoogleInputMethodService: GoogleInputMethodService.onStartInput():1877 onStartInput(EditorInfo{inputType=0x0(NULL) imeOptions=0x0 privateImeOptions=null actionName=UNSPECIFIED actionLabel=null actionId=0 initialSelStart=-1 initialSelEnd=-1 initialCapsMode=0x0 hintText=null label=null packageName=com.shareconnect fieldId=2131231190 fieldName=null extras=null}, false)
09-23 20:34:32.850 11811 11811 I GoogleInputMethodService: GoogleInputMethodService.shouldHideHeaderOnInitialState():4008 ShouldHideHeaderOnInitialState = false
09-23 20:34:32.851 11811 11811 I GoogleInputMethodService: GoogleInputMethodService.updateDeviceLockedStatus():2087 repeatCheckTimes = 2, unlocked = true
09-23 20:34:32.901   998  1945 D OneSearchSuggestProvider: Shut down the binder channel
09-23 20:34:32.903   998  4934 I s.nexuslauncher: oneway function results for code 2 on binder at 0xb400007a3947b180 will be dropped but finished with status UNKNOWN_TRANSACTION
09-23 20:34:32.960   779   868 D EGL_emulation: app_time_stats: avg=129.45ms min=11.69ms max=2051.06ms count=22
09-23 20:34:32.967  1581  2228 I AssistantForeground: (REDACTED) Get launcher package: %s
09-23 20:34:33.122   488   831 W InputManager-JNI: Input channel object 'd734a07 Splash Screen com.shareconnect (client)' was disposed without first being removed with the input manager!
09-23 20:34:33.170   779   850 W FrameTracker: Missing SF jank callback for vsyncId: 2329461, CUJ=J<SPLASHSCREEN_EXIT_ANIM>
09-23 20:34:33.170   779   850 W FrameTracker: Missed App frame:UNKNOWN: 72, 2329483, 0, CUJ=J<SPLASHSCREEN_EXIT_ANIM>
09-23 20:34:33.170   779   850 W FrameTracker: Missing HWUI jank callback for vsyncId: 2329483, CUJ=J<SPLASHSCREEN_EXIT_ANIM>
09-23 20:34:33.170   779   850 W FrameTracker: Missed App frame:UNKNOWN: 88, 2329526, 0, CUJ=J<SPLASHSCREEN_EXIT_ANIM>
09-23 20:34:33.170   779   850 W FrameTracker: Missed SF frame:UNKNOWN: 88, 2329526, 0, CUJ=J<SPLASHSCREEN_EXIT_ANIM>
09-23 20:34:33.170   779   850 W FrameTracker: Missing HWUI jank callback for vsyncId: 2329526, CUJ=J<SPLASHSCREEN_EXIT_ANIM>
09-23 20:34:33.170   779   850 W FrameTracker: Missed SF frame:UNKNOWN: 80, 2329633, 0, CUJ=J<SPLASHSCREEN_EXIT_ANIM>
09-23 20:34:33.170   779   850 W FrameTracker: Missing HWUI jank callback for vsyncId: 2329633, CUJ=J<SPLASHSCREEN_EXIT_ANIM>
09-23 20:34:33.170   779   850 W FrameTracker: Missed SF frame:UNKNOWN: 80, 2329664, 38587495, CUJ=J<SPLASHSCREEN_EXIT_ANIM>
09-23 20:34:33.170   779   850 W FrameTracker: Missed App frame:UNKNOWN: 88, 2329686, 67614912, CUJ=J<SPLASHSCREEN_EXIT_ANIM>
09-23 20:34:33.170   779   850 W FrameTracker: Missed SF frame:UNKNOWN: 88, 2329686, 67614912, CUJ=J<SPLASHSCREEN_EXIT_ANIM>
09-23 20:34:33.170   779   850 W FrameTracker: Missed SF frame:UNKNOWN: 80, 2329708, 63552996, CUJ=J<SPLASHSCREEN_EXIT_ANIM>
09-23 20:34:33.170   779   850 W FrameTracker: Missed SF frame:UNKNOWN: 80, 2329724, 21911665, CUJ=J<SPLASHSCREEN_EXIT_ANIM>
09-23 20:34:33.170   779   850 W FrameTracker: Missed SF frame:UNKNOWN: 80, 2329732, 20718082, CUJ=J<SPLASHSCREEN_EXIT_ANIM>
09-23 20:34:33.170   779   850 W FrameTracker: Missed SF frame:UNKNOWN: 80, 2329747, 0, CUJ=J<SPLASHSCREEN_EXIT_ANIM>
09-23 20:34:33.170   779   850 W FrameTracker: Missing HWUI jank callback for vsyncId: 2329747, CUJ=J<SPLASHSCREEN_EXIT_ANIM>
09-23 20:34:33.976   779   868 D EGL_emulation: app_time_stats: avg=17.00ms min=1.73ms max=60.97ms count=43
09-23 20:34:34.290 14451 14544 D EGL_emulation: app_time_stats: avg=156.50ms min=1.51ms max=1309.46ms count=9
09-23 20:34:34.972 14451 14451 I ViewInteraction: Checking 'MatchesViewAssertion{viewMatcher=(view has effective visibility <VISIBLE> and view.getGlobalVisibleRect() to return non-empty rectangle)}' assertion on view view.getId() is <2131231228/com.shareconnect:id/settings>
09-23 20:34:34.999 14451 14451 V Console : Activity lifecycle :: PRE-PAUSED :: SettingsActivity
09-23 20:34:34.999 14451 14451 D Console : Activity lifecycle :: Top activity: SettingsActivity
09-23 20:34:35.000 14451 14451 D FirebaseSessions: App backgrounded on com.shareconnect
09-23 20:34:35.008 14451 14451 V Console : Activity lifecycle :: PAUSED :: SettingsActivity
09-23 20:34:35.010 14451 14451 V Console : Foreground activity counter :: AtomicIntWrapper :: 12312792 :: 227589169 :: Decremented to: 0
09-23 20:34:35.012 14451 14451 D LifecycleMonitor: Lifecycle status change: com.shareconnect.SettingsActivity@79f63ac in: PAUSED
09-23 20:34:35.012 14451 14451 V ActivityScenario: Update currentActivityStage to PAUSED, currentActivity=com.shareconnect.SettingsActivity@79f63ac
09-23 20:34:35.079 14451 14451 D LifecycleMonitor: Lifecycle status change: androidx.test.core.app.InstrumentationActivityInvoker$EmptyActivity@706a77e in: PRE_ON_CREATE
09-23 20:34:35.079 14451 14451 V ActivityScenario: Activity lifecycle changed event received but ignored because the intent does not match. startActivityIntent=Intent { act=android.intent.action.MAIN cat=[android.intent.category.LAUNCHER] flg=0x10008000 cmp=com.shareconnect/.SettingsActivity }, activity.getIntent()=Intent { act=android.intent.action.MAIN cat=[android.intent.category.LAUNCHER] flg=0x10000000 cmp=com.shareconnect/androidx.test.core.app.InstrumentationActivityInvoker$EmptyActivity }, activity=androidx.test.core.app.InstrumentationActivityInvoker$EmptyActivity@706a77e
09-23 20:34:35.088 14451 14451 D LifecycleMonitor: Lifecycle status change: androidx.test.core.app.InstrumentationActivityInvoker$EmptyActivity@706a77e in: CREATED
09-23 20:34:35.088 14451 14451 V ActivityScenario: Activity lifecycle changed event received but ignored because the intent does not match. startActivityIntent=Intent { act=android.intent.action.MAIN cat=[android.intent.category.LAUNCHER] flg=0x10008000 cmp=com.shareconnect/.SettingsActivity }, activity.getIntent()=Intent { act=android.intent.action.MAIN cat=[android.intent.category.LAUNCHER] flg=0x10000000 cmp=com.shareconnect/androidx.test.core.app.InstrumentationActivityInvoker$EmptyActivity }, activity=androidx.test.core.app.InstrumentationActivityInvoker$EmptyActivity@706a77e
09-23 20:34:35.089 14451 14451 D LifecycleMonitor: Lifecycle status change: androidx.test.core.app.InstrumentationActivityInvoker$EmptyActivity@706a77e in: STARTED
09-23 20:34:35.090 14451 14451 V ActivityScenario: Activity lifecycle changed event received but ignored because the intent does not match. startActivityIntent=Intent { act=android.intent.action.MAIN cat=[android.intent.category.LAUNCHER] flg=0x10008000 cmp=com.shareconnect/.SettingsActivity }, activity.getIntent()=Intent { act=android.intent.action.MAIN cat=[android.intent.category.LAUNCHER] flg=0x10000000 cmp=com.shareconnect/androidx.test.core.app.InstrumentationActivityInvoker$EmptyActivity }, activity=androidx.test.core.app.InstrumentationActivityInvoker$EmptyActivity@706a77e
09-23 20:34:35.092 14451 14451 D FirebaseSessions: App foregrounded on com.shareconnect
09-23 20:34:35.103 14451 14451 V Console : Activity lifecycle :: RESUMED :: EmptyActivity
09-23 20:34:35.104 14451 14451 V Console : Foreground activity counter :: AtomicIntWrapper :: 12312792 :: 227589169 :: Value of: 0
09-23 20:34:35.104 14451 14451 I Console : Activity lifecycle :: Main state :: Foreground
09-23 20:34:35.108 14451 14451 V Console : Foreground activity counter :: AtomicIntWrapper :: 12312792 :: 227589169 :: Incremented to: 1
09-23 20:34:35.113 14451 14451 D LifecycleMonitor: Lifecycle status change: androidx.test.core.app.InstrumentationActivityInvoker$EmptyActivity@706a77e in: RESUMED
09-23 20:34:35.113 14451 14451 V ActivityScenario: Activity lifecycle changed event received but ignored because the intent does not match. startActivityIntent=Intent { act=android.intent.action.MAIN cat=[android.intent.category.LAUNCHER] flg=0x10008000 cmp=com.shareconnect/.SettingsActivity }, activity.getIntent()=Intent { act=android.intent.action.MAIN cat=[android.intent.category.LAUNCHER] flg=0x10000000 cmp=com.shareconnect/androidx.test.core.app.InstrumentationActivityInvoker$EmptyActivity }, activity=androidx.test.core.app.InstrumentationActivityInvoker$EmptyActivity@706a77e
09-23 20:34:35.114 14451 14451 V Console : Activity lifecycle :: POST-RESUMED :: EmptyActivity
09-23 20:34:35.120 14451 14544 W Parcel  : Expecting binder but got null!
09-23 20:34:35.192 14451 14544 E OpenGLRenderer: Unable to match the desired swap behavior.
09-23 20:34:35.230   488   503 I ActivityTaskManager: Displayed com.shareconnect/androidx.test.core.app.InstrumentationActivityInvoker$EmptyActivity: +241ms
09-23 20:34:35.259 14451 14451 V Console : Activity lifecycle :: PRE-STOPPED :: SettingsActivity
09-23 20:34:35.276 14451 14451 V Console : Activity lifecycle :: STOPPED :: SettingsActivity
09-23 20:34:35.278 14451 14451 D LifecycleMonitor: Lifecycle status change: com.shareconnect.SettingsActivity@79f63ac in: STOPPED
09-23 20:34:35.278 14451 14451 V ActivityScenario: Update currentActivityStage to STOPPED, currentActivity=com.shareconnect.SettingsActivity@79f63ac
09-23 20:34:35.279 14451 14451 V Console : Activity lifecycle :: POST-STOPPED :: SettingsActivity
09-23 20:34:35.280 14451 14451 V Console : Activity lifecycle :: PRE-DESTROYED :: SettingsActivity
09-23 20:34:35.282 14451 14451 V Console : Activity lifecycle :: DESTROYED :: SettingsActivity
09-23 20:34:35.289 14451 14451 D LifecycleMonitor: Lifecycle status change: com.shareconnect.SettingsActivity@79f63ac in: DESTROYED
09-23 20:34:35.289 14451 14451 V ActivityScenario: Update currentActivityStage to DESTROYED, currentActivity=null
09-23 20:34:35.299   488   831 W InputManager-JNI: Input channel object '23ea3cd com.shareconnect/com.shareconnect.SettingsActivity (client)' was disposed without first being removed with the input manager!
09-23 20:34:35.336 11811 11811 I GoogleInputMethodService: GoogleInputMethodService.onFinishInput():3227
09-23 20:34:35.336 11811 11811 I GoogleInputMethodService: GoogleInputMethodService.updateDeviceLockedStatus():2087 repeatCheckTimes = 0, unlocked = true
09-23 20:34:35.336 11811 11811 I GoogleInputMethodService: GoogleInputMethodService.onStartInput():1877 onStartInput(EditorInfo{inputType=0x0(NULL) imeOptions=0x0 privateImeOptions=null actionName=UNSPECIFIED actionLabel=null actionId=0 initialSelStart=-1 initialSelEnd=-1 initialCapsMode=0x0 hintText=null label=null packageName=com.shareconnect fieldId=-1 fieldName=null extras=null}, false)
09-23 20:34:35.337 11811 11811 I GoogleInputMethodService: GoogleInputMethodService.shouldHideHeaderOnInitialState():4008 ShouldHideHeaderOnInitialState = false
09-23 20:34:35.338 11811 11811 I GoogleInputMethodService: GoogleInputMethodService.updateDeviceLockedStatus():2087 repeatCheckTimes = 2, unlocked = true
09-23 20:34:35.340 14451 14529 I TestRunner: finished: testToolbarIsDisplayed(com.shareconnect.activities.SettingsActivityInstrumentationTest)
