09-23 20:33:54.992 14451 14529 I TestRunner: started: testBackButtonNavigatesUp(com.shareconnect.activities.SettingsActivityInstrumentationTest)
09-23 20:33:55.003 14451 14529 W Settings: Setting always_finish_activities has moved from android.provider.Settings.System to android.provider.Settings.Global, returning read-only value.
09-23 20:33:55.037   779   868 W Parcel  : Expecting binder but got null!
09-23 20:33:55.086   779   868 E OpenGLRenderer: Unable to match the desired swap behavior.
09-23 20:33:55.110 14451 14451 D LifecycleMonitor: Lifecycle status change: com.shareconnect.SettingsActivity@cda2af4 in: PRE_ON_CREATE
09-23 20:33:55.110 14451 14451 V ActivityScenario: Activity lifecycle changed event received but ignored because the reported transition was not ON_CREATE while the last known transition was PRE_ON_CREATE
09-23 20:33:55.122 14451 14451 D Console : getDefaultTheme() returned: Warm Orange Light (ID: 1, isDefault: true)
09-23 20:33:55.122 14451 14451 D Console : getDefaultTheme() returned: Warm Orange Light (ID: 1, isDefault: true)
09-23 20:33:55.122 14451 14451 D Console : Applying theme: Warm Orange Light, colorScheme: warm_orange, isDarkMode: false, currentTheme: WARM_ORANGE_LIGHT
09-23 20:33:55.122 14451 14451 D Console : Activity SettingsActivity usesToolbar: true
09-23 20:33:55.149 14451 14451 D Console : Setting night mode to NO
09-23 20:33:55.164  1581  1581 I GsaVoiceInteractionSrv: Handling ACTION_STOP_HOTWORD
09-23 20:33:55.165  1581  2233 I HwDetectorWithState: (REDACTED) a: %d
09-23 20:33:55.213 14451 14451 D LifecycleMonitor: Lifecycle status change: com.shareconnect.SettingsActivity@cda2af4 in: CREATED
09-23 20:33:55.213 14451 14451 V ActivityScenario: Update currentActivityStage to CREATED, currentActivity=com.shareconnect.SettingsActivity@cda2af4
09-23 20:33:55.261 14451 14451 D LifecycleMonitor: Lifecycle status change: com.shareconnect.SettingsActivity@cda2af4 in: STARTED
09-23 20:33:55.262 14451 14451 V ActivityScenario: Update currentActivityStage to STARTED, currentActivity=com.shareconnect.SettingsActivity@cda2af4
09-23 20:33:55.265 14451 14451 D FirebaseSessions: App foregrounded on com.shareconnect
09-23 20:33:55.272 14451 14451 V Console : Activity lifecycle :: RESUMED :: SettingsActivity
09-23 20:33:55.272 14451 14451 V Console : Foreground activity counter :: AtomicIntWrapper :: 12312792 :: 227589169 :: Value of: 0
09-23 20:33:55.272 14451 14451 I Console : Activity lifecycle :: Main state :: Foreground
09-23 20:33:55.273 14451 14451 V Console : Foreground activity counter :: AtomicIntWrapper :: 12312792 :: 227589169 :: Incremented to: 1
09-23 20:33:55.274 14451 14451 D LifecycleMonitor: Lifecycle status change: com.shareconnect.SettingsActivity@cda2af4 in: RESUMED
09-23 20:33:55.275 14451 14451 V ActivityScenario: Update currentActivityStage to RESUMED, currentActivity=com.shareconnect.SettingsActivity@cda2af4
09-23 20:33:55.277 14451 14451 V Console : Activity lifecycle :: POST-RESUMED :: SettingsActivity
09-23 20:33:55.283 14451 14544 W Parcel  : Expecting binder but got null!
09-23 20:33:55.353   779   868 D EGL_emulation: app_time_stats: avg=532.01ms min=7.14ms max=6735.17ms count=13
09-23 20:33:55.356 14451 14544 E OpenGLRenderer: Unable to match the desired swap behavior.
09-23 20:33:55.510   779   868 D EGL_emulation: app_time_stats: avg=659.26ms min=31.76ms max=5366.66ms count=9
09-23 20:33:55.591   488   503 W ziparchive: Unable to open '/data/app/~~oupOlfVo85VjjJjgKudTNQ==/com.shareconnect-EH_RpdXvH7n6ovraMpysgA==/base.dm': No such file or directory
09-23 20:33:55.593   488   503 I ActivityTaskManager: Displayed com.shareconnect/.SettingsActivity: +571ms
09-23 20:33:55.637   998  1945 D OneSearchSuggestProvider: Shut down the binder channel
09-23 20:33:55.641   998 11368 I s.nexuslauncher: oneway function results for code 2 on binder at 0xb400007a3948be00 will be dropped but finished with status UNKNOWN_TRANSACTION
09-23 20:33:55.665 11811 11811 I GoogleInputMethodService: GoogleInputMethodService.onFinishInput():3227
09-23 20:33:55.667 11811 11811 I GoogleInputMethodService: GoogleInputMethodService.updateDeviceLockedStatus():2087 repeatCheckTimes = 0, unlocked = true
09-23 20:33:55.668 11811 11811 I GoogleInputMethodService: GoogleInputMethodService.onStartInput():1877 onStartInput(EditorInfo{inputType=0x0(NULL) imeOptions=0x0 privateImeOptions=null actionName=UNSPECIFIED actionLabel=null actionId=0 initialSelStart=-1 initialSelEnd=-1 initialCapsMode=0x0 hintText=null label=null packageName=com.shareconnect fieldId=2131231190 fieldName=null extras=null}, false)
09-23 20:33:55.668 11811 11811 I GoogleInputMethodService: GoogleInputMethodService.shouldHideHeaderOnInitialState():4008 ShouldHideHeaderOnInitialState = false
09-23 20:33:55.669  1581  2227 I AssistantForeground: (REDACTED) Get launcher package: %s
09-23 20:33:55.669 11811 11811 I GoogleInputMethodService: GoogleInputMethodService.updateDeviceLockedStatus():2087 repeatCheckTimes = 2, unlocked = true
09-23 20:33:55.892   488  4083 W InputManager-JNI: Input channel object 'b7f8bbb Splash Screen com.shareconnect (client)' was disposed without first being removed with the input manager!
09-23 20:33:56.511   779   868 D EGL_emulation: app_time_stats: avg=17.26ms min=4.58ms max=42.18ms count=51
09-23 20:33:56.578   779   868 D EGL_emulation: app_time_stats: avg=86.95ms min=8.77ms max=721.34ms count=14
09-23 20:33:56.899 14451 14544 D EGL_emulation: app_time_stats: avg=105.43ms min=4.55ms max=1099.36ms count=12
09-23 20:33:58.703 14451 14451 I ViewInteraction: Checking 'MatchesViewAssertion{viewMatcher=(view has effective visibility <VISIBLE> and view.getGlobalVisibleRect() to return non-empty rectangle)}' assertion on view view.getId() is <2131231228/com.shareconnect:id/settings>
09-23 20:33:58.719 14451 14451 V Console : Activity lifecycle :: PRE-PAUSED :: SettingsActivity
09-23 20:33:58.720 14451 14451 D Console : Activity lifecycle :: Top activity: SettingsActivity
09-23 20:33:58.720 14451 14451 D FirebaseSessions: App backgrounded on com.shareconnect
09-23 20:33:58.726 14451 14451 V Console : Activity lifecycle :: PAUSED :: SettingsActivity
09-23 20:33:58.729 14451 14451 V Console : Foreground activity counter :: AtomicIntWrapper :: 12312792 :: 227589169 :: Decremented to: 0
09-23 20:33:58.730 14451 14451 D LifecycleMonitor: Lifecycle status change: com.shareconnect.SettingsActivity@cda2af4 in: PAUSED
09-23 20:33:58.731 14451 14451 V ActivityScenario: Update currentActivityStage to PAUSED, currentActivity=com.shareconnect.SettingsActivity@cda2af4
09-23 20:33:58.759 14451 14451 D LifecycleMonitor: Lifecycle status change: androidx.test.core.app.InstrumentationActivityInvoker$EmptyActivity@8ea835f in: PRE_ON_CREATE
09-23 20:33:58.759 14451 14451 V ActivityScenario: Activity lifecycle changed event received but ignored because the intent does not match. startActivityIntent=Intent { act=android.intent.action.MAIN cat=[android.intent.category.LAUNCHER] flg=0x10008000 cmp=com.shareconnect/.SettingsActivity }, activity.getIntent()=Intent { act=android.intent.action.MAIN cat=[android.intent.category.LAUNCHER] flg=0x10000000 cmp=com.shareconnect/androidx.test.core.app.InstrumentationActivityInvoker$EmptyActivity }, activity=androidx.test.core.app.InstrumentationActivityInvoker$EmptyActivity@8ea835f
09-23 20:33:58.768 14451 14451 D LifecycleMonitor: Lifecycle status change: androidx.test.core.app.InstrumentationActivityInvoker$EmptyActivity@8ea835f in: CREATED
09-23 20:33:58.768 14451 14451 V ActivityScenario: Activity lifecycle changed event received but ignored because the intent does not match. startActivityIntent=Intent { act=android.intent.action.MAIN cat=[android.intent.category.LAUNCHER] flg=0x10008000 cmp=com.shareconnect/.SettingsActivity }, activity.getIntent()=Intent { act=android.intent.action.MAIN cat=[android.intent.category.LAUNCHER] flg=0x10000000 cmp=com.shareconnect/androidx.test.core.app.InstrumentationActivityInvoker$EmptyActivity }, activity=androidx.test.core.app.InstrumentationActivityInvoker$EmptyActivity@8ea835f
09-23 20:33:58.769 14451 14451 D LifecycleMonitor: Lifecycle status change: androidx.test.core.app.InstrumentationActivityInvoker$EmptyActivity@8ea835f in: STARTED
09-23 20:33:58.769 14451 14451 V ActivityScenario: Activity lifecycle changed event received but ignored because the intent does not match. startActivityIntent=Intent { act=android.intent.action.MAIN cat=[android.intent.category.LAUNCHER] flg=0x10008000 cmp=com.shareconnect/.SettingsActivity }, activity.getIntent()=Intent { act=android.intent.action.MAIN cat=[android.intent.category.LAUNCHER] flg=0x10000000 cmp=com.shareconnect/androidx.test.core.app.InstrumentationActivityInvoker$EmptyActivity }, activity=androidx.test.core.app.InstrumentationActivityInvoker$EmptyActivity@8ea835f
09-23 20:33:58.770 14451 14451 D FirebaseSessions: App foregrounded on com.shareconnect
09-23 20:33:58.776 14451 14451 V Console : Activity lifecycle :: RESUMED :: EmptyActivity
09-23 20:33:58.777 14451 14451 V Console : Foreground activity counter :: AtomicIntWrapper :: 12312792 :: 227589169 :: Value of: 0
09-23 20:33:58.777 14451 14451 I Console : Activity lifecycle :: Main state :: Foreground
09-23 20:33:58.777 14451 14451 V Console : Foreground activity counter :: AtomicIntWrapper :: 12312792 :: 227589169 :: Incremented to: 1
09-23 20:33:58.779 14451 14451 D LifecycleMonitor: Lifecycle status change: androidx.test.core.app.InstrumentationActivityInvoker$EmptyActivity@8ea835f in: RESUMED
09-23 20:33:58.780 14451 14451 V ActivityScenario: Activity lifecycle changed event received but ignored because the intent does not match. startActivityIntent=Intent { act=android.intent.action.MAIN cat=[android.intent.category.LAUNCHER] flg=0x10008000 cmp=com.shareconnect/.SettingsActivity }, activity.getIntent()=Intent { act=android.intent.action.MAIN cat=[android.intent.category.LAUNCHER] flg=0x10000000 cmp=com.shareconnect/androidx.test.core.app.InstrumentationActivityInvoker$EmptyActivity }, activity=androidx.test.core.app.InstrumentationActivityInvoker$EmptyActivity@8ea835f
09-23 20:33:58.782 14451 14451 V Console : Activity lifecycle :: POST-RESUMED :: EmptyActivity
09-23 20:33:58.789 14451 14544 W Parcel  : Expecting binder but got null!
09-23 20:33:58.849 14451 14544 E OpenGLRenderer: Unable to match the desired swap behavior.
09-23 20:33:58.868   488   503 I ActivityTaskManager: Displayed com.shareconnect/androidx.test.core.app.InstrumentationActivityInvoker$EmptyActivity: +156ms
09-23 20:33:58.893 14451 14451 V Console : Activity lifecycle :: PRE-STOPPED :: SettingsActivity
09-23 20:33:58.901 14451 14544 D EGL_emulation: app_time_stats: avg=117.46ms min=11.36ms max=1739.59ms count=17
09-23 20:33:58.907 14451 14451 V Console : Activity lifecycle :: STOPPED :: SettingsActivity
09-23 20:33:58.909 14451 14451 D LifecycleMonitor: Lifecycle status change: com.shareconnect.SettingsActivity@cda2af4 in: STOPPED
09-23 20:33:58.909 14451 14451 V ActivityScenario: Update currentActivityStage to STOPPED, currentActivity=com.shareconnect.SettingsActivity@cda2af4
09-23 20:33:58.911 14451 14451 V Console : Activity lifecycle :: POST-STOPPED :: SettingsActivity
09-23 20:33:58.913 14451 14451 V Console : Activity lifecycle :: PRE-DESTROYED :: SettingsActivity
09-23 20:33:58.915 14451 14451 V Console : Activity lifecycle :: DESTROYED :: SettingsActivity
09-23 20:33:58.933 14451 14451 D LifecycleMonitor: Lifecycle status change: com.shareconnect.SettingsActivity@cda2af4 in: DESTROYED
09-23 20:33:58.933 14451 14451 V ActivityScenario: Update currentActivityStage to DESTROYED, currentActivity=null
09-23 20:33:58.941   488  4083 W InputManager-JNI: Input channel object 'b26d9ab com.shareconnect/com.shareconnect.SettingsActivity (client)' was disposed without first being removed with the input manager!
09-23 20:33:58.953 11811 11811 I GoogleInputMethodService: GoogleInputMethodService.onFinishInput():3227
09-23 20:33:58.954 11811 11811 I GoogleInputMethodService: GoogleInputMethodService.updateDeviceLockedStatus():2087 repeatCheckTimes = 0, unlocked = true
09-23 20:33:58.954 11811 11811 I GoogleInputMethodService: GoogleInputMethodService.onStartInput():1877 onStartInput(EditorInfo{inputType=0x0(NULL) imeOptions=0x0 privateImeOptions=null actionName=UNSPECIFIED actionLabel=null actionId=0 initialSelStart=-1 initialSelEnd=-1 initialCapsMode=0x0 hintText=null label=null packageName=com.shareconnect fieldId=-1 fieldName=null extras=null}, false)
09-23 20:33:58.954 11811 11811 I GoogleInputMethodService: GoogleInputMethodService.shouldHideHeaderOnInitialState():4008 ShouldHideHeaderOnInitialState = false
09-23 20:33:58.955 14451 14529 I TestRunner: finished: testBackButtonNavigatesUp(com.shareconnect.activities.SettingsActivityInstrumentationTest)
