09-23 20:32:52.053 14451 14529 I TestRunner: started: testOpenMeTubeButtonClick(com.shareconnect.activities.MainActivityInstrumentationTest)
09-23 20:32:52.064 14451 14529 W Settings: Setting always_finish_activities has moved from android.provider.Settings.System to android.provider.Settings.Global, returning read-only value.
09-23 20:32:52.082   779   868 W Parcel  : Expecting binder but got null!
09-23 20:32:52.116 14451 14451 D LifecycleMonitor: Lifecycle status change: com.shareconnect.MainActivity@a1b02dc in: PRE_ON_CREATE
09-23 20:32:52.117 14451 14451 V ActivityScenario: Activity lifecycle changed event received but ignored because the reported transition was not ON_CREATE while the last known transition was PRE_ON_CREATE
09-23 20:32:52.122 14451 14451 D Console : getDefaultTheme() returned: Warm Orange Light (ID: 1, isDefault: true)
09-23 20:32:52.122 14451 14451 D Console : getDefaultTheme() returned: Warm Orange Light (ID: 1, isDefault: true)
09-23 20:32:52.123 14451 14451 D Console : Applying theme: Warm Orange Light, colorScheme: warm_orange, isDarkMode: false, currentTheme: WARM_ORANGE_LIGHT
09-23 20:32:52.123 14451 14451 D Console : Activity MainActivity usesToolbar: true
09-23 20:32:52.125 14451 14451 D Console : Setting night mode to NO
09-23 20:32:52.130   779   868 E OpenGLRenderer: Unable to match the desired swap behavior.
09-23 20:32:52.188  1581  1581 I GsaVoiceInteractionSrv: Handling ACTION_STOP_HOTWORD
09-23 20:32:52.189  1581  2232 I HwDetectorWithState: (REDACTED) a: %d
09-23 20:32:52.245 12330 12330 W ThreadPoolForeg: type=1400 audit(0.0:2030): avc: denied { write } for name="traced_producer" dev="tmpfs" ino=647 scontext=u:r:gmscore_app:s0:c512,c768 tcontext=u:object_r:traced_producer_socket:s0 tclass=sock_file permissive=0 app=com.google.android.gms
09-23 20:32:52.283 14451 14451 D LifecycleMonitor: Lifecycle status change: com.shareconnect.MainActivity@a1b02dc in: CREATED
09-23 20:32:52.284 14451 14451 V ActivityScenario: Update currentActivityStage to CREATED, currentActivity=com.shareconnect.MainActivity@a1b02dc
09-23 20:32:52.286 14451 14451 D LifecycleMonitor: Lifecycle status change: com.shareconnect.MainActivity@a1b02dc in: STARTED
09-23 20:32:52.286 14451 14451 V ActivityScenario: Update currentActivityStage to STARTED, currentActivity=com.shareconnect.MainActivity@a1b02dc
09-23 20:32:52.288 14451 14451 D FirebaseSessions: App foregrounded on com.shareconnect
09-23 20:32:52.293 14451 14451 V Console : Activity lifecycle :: RESUMED :: MainActivity
09-23 20:32:52.294 14451 14451 V Console : Foreground activity counter :: AtomicIntWrapper :: 12312792 :: 227589169 :: Value of: 0
09-23 20:32:52.294 14451 14451 I Console : Activity lifecycle :: Main state :: Foreground
09-23 20:32:52.294 14451 14451 V Console : Foreground activity counter :: AtomicIntWrapper :: 12312792 :: 227589169 :: Incremented to: 1
09-23 20:32:52.294 14451 14451 D Console : hasThemeChanged() returned: false
09-23 20:32:52.294 14451 14451 D Console : onResume() called, themeChanged: false
09-23 20:32:52.294 14451 14451 D LifecycleMonitor: Lifecycle status change: com.shareconnect.MainActivity@a1b02dc in: RESUMED
09-23 20:32:52.294 14451 14451 V ActivityScenario: Update currentActivityStage to RESUMED, currentActivity=com.shareconnect.MainActivity@a1b02dc
09-23 20:32:52.295 14451 14451 V Console : Activity lifecycle :: POST-RESUMED :: MainActivity
09-23 20:32:52.301 14451 14544 W Parcel  : Expecting binder but got null!
09-23 20:32:52.341 14451 14544 E OpenGLRenderer: Unable to match the desired swap behavior.
09-23 20:32:52.355   779   868 D EGL_emulation: app_time_stats: avg=578.52ms min=9.20ms max=6450.38ms count=12
09-23 20:32:52.420   488   503 W ziparchive: Unable to open '/data/app/~~oupOlfVo85VjjJjgKudTNQ==/com.shareconnect-EH_RpdXvH7n6ovraMpysgA==/base.dm': No such file or directory
09-23 20:32:52.421   488   503 I ActivityTaskManager: Displayed com.shareconnect/.MainActivity: +353ms
09-23 20:32:52.453 11811 11811 I GoogleInputMethodService: GoogleInputMethodService.onFinishInput():3227
09-23 20:32:52.454 11811 11811 I GoogleInputMethodService: GoogleInputMethodService.updateDeviceLockedStatus():2087 repeatCheckTimes = 0, unlocked = true
09-23 20:32:52.455 11811 11811 I GoogleInputMethodService: GoogleInputMethodService.onStartInput():1877 onStartInput(EditorInfo{inputType=0x0(NULL) imeOptions=0x0 privateImeOptions=null actionName=UNSPECIFIED actionLabel=null actionId=0 initialSelStart=-1 initialSelEnd=-1 initialCapsMode=0x0 hintText=null label=null packageName=com.shareconnect fieldId=-1 fieldName=null extras=null}, false)
09-23 20:32:52.455 11811 11811 I GoogleInputMethodService: GoogleInputMethodService.shouldHideHeaderOnInitialState():4008 ShouldHideHeaderOnInitialState = false
09-23 20:32:52.457 11811 11811 I GoogleInputMethodService: GoogleInputMethodService.updateDeviceLockedStatus():2087 repeatCheckTimes = 2, unlocked = true
09-23 20:32:52.485 14451 14460 W om.shareconnect: Cleared Reference was only reachable from finalizer (only reported once)
09-23 20:32:52.496 14451 14460 I om.shareconnect: NativeAlloc concurrent copying GC freed 218353(14MB) AllocSpace objects, 81(3536KB) LOS objects, 49% free, 7939KB/15MB, paused 108us,50us total 117.733ms
09-23 20:32:52.508   998  1945 D OneSearchSuggestProvider: Shut down the binder channel
09-23 20:32:52.509   998  1604 I s.nexuslauncher: oneway function results for code 2 on binder at 0xb400007a39478cc0 will be dropped but finished with status UNKNOWN_TRANSACTION
09-23 20:32:52.525  1581  2227 I AssistantForeground: (REDACTED) Get launcher package: %s
09-23 20:32:52.553   779   868 D EGL_emulation: app_time_stats: avg=349.03ms min=15.46ms max=5057.92ms count=16
09-23 20:32:52.725   488  2562 W InputManager-JNI: Input channel object 'c619682 Splash Screen com.shareconnect (client)' was disposed without first being removed with the input manager!
09-23 20:32:53.593   779   868 D EGL_emulation: app_time_stats: avg=22.62ms min=9.91ms max=66.69ms count=45
09-23 20:32:53.868   323   323 E android.hardware.power.stats@1.0-service-mock: Failed to getEnergyData
09-23 20:32:54.445 12330 14208 W WakeLock: GCM_HB_ALARM release without a matched acquire!
09-23 20:32:54.447 12330 14208 W WakeLock: GCM_HB_ALARM counter does not exist
09-23 20:32:54.544 12330 23703 D TrafficStats: tagSocket(-1) with statsTag=0x407, statsUid=-1
09-23 20:32:54.544 12330 23703 I TrafficStats: tagSocketFd(-1, 1031, -1) failed with errno-9
09-23 20:32:54.544 12330 23703 D TrafficStats: tagSocket(79) with statsTag=0x407, statsUid=-1
09-23 20:32:54.804 12330 14208 D TrafficStats: tagSocket(81) with statsTag=0x407, statsUid=-1
09-23 20:32:54.829 12330 14208 I AlarmManager: setExactAndAllowWhileIdle [name: GCM_HB_ALARM type: 2 triggerAtMillis: 11180225]
09-23 20:32:54.952 12330 14252 I AlarmManager: setExactAndAllowWhileIdle [name: GCM_HB_ALARM type: 2 triggerAtMillis: 11180349]
09-23 20:32:54.953 12330 14252 W WakeLock: GCM_CONN_ALARM release without a matched acquire!
09-23 20:32:54.963 12330 14252 I AlarmManager: setExactAndAllowWhileIdle [name: GCM_HB_ALARM type: 2 triggerAtMillis: 11180359]
09-23 20:32:57.521 14451 14451 I ViewInteraction: Performing 'scroll to' action on view view.getId() is <2131230852/com.shareconnect:id/buttonOpenMeTube>
09-23 20:32:57.524 14451 14451 I ScrollToAction: View is already displayed. Returning.
09-23 20:32:57.527 14451 14451 I ViewInteraction: Checking 'MatchesViewAssertion{viewMatcher=(view has effective visibility <VISIBLE> and view.getGlobalVisibleRect() to return non-empty rectangle)}' assertion on view view.getId() is <2131230852/com.shareconnect:id/buttonOpenMeTube>
09-23 20:32:57.529 14451 14451 I ViewInteraction: Checking 'MatchesViewAssertion{viewMatcher=view.isClickable() is <true>}' assertion on view view.getId() is <2131230852/com.shareconnect:id/buttonOpenMeTube>
09-23 20:32:57.546 14451 14451 V Console : Activity lifecycle :: PRE-PAUSED :: MainActivity
09-23 20:32:57.546 14451 14451 D Console : Activity lifecycle :: Top activity: MainActivity
09-23 20:32:57.547 14451 14451 D FirebaseSessions: App backgrounded on com.shareconnect
09-23 20:32:57.554 14451 14451 V Console : Activity lifecycle :: PAUSED :: MainActivity
09-23 20:32:57.557 14451 14451 V Console : Foreground activity counter :: AtomicIntWrapper :: 12312792 :: 227589169 :: Decremented to: 0
09-23 20:32:57.557 14451 14451 D LifecycleMonitor: Lifecycle status change: com.shareconnect.MainActivity@a1b02dc in: PAUSED
09-23 20:32:57.558 14451 14451 V ActivityScenario: Update currentActivityStage to PAUSED, currentActivity=com.shareconnect.MainActivity@a1b02dc
09-23 20:32:57.577 14451 14451 D LifecycleMonitor: Lifecycle status change: androidx.test.core.app.InstrumentationActivityInvoker$EmptyActivity@f20286f in: PRE_ON_CREATE
09-23 20:32:57.578 14451 14451 V ActivityScenario: Activity lifecycle changed event received but ignored because the intent does not match. startActivityIntent=Intent { act=android.intent.action.MAIN cat=[android.intent.category.LAUNCHER] flg=0x10008000 cmp=com.shareconnect/.MainActivity }, activity.getIntent()=Intent { act=android.intent.action.MAIN cat=[android.intent.category.LAUNCHER] flg=0x10000000 cmp=com.shareconnect/androidx.test.core.app.InstrumentationActivityInvoker$EmptyActivity }, activity=androidx.test.core.app.InstrumentationActivityInvoker$EmptyActivity@f20286f
09-23 20:32:57.591 14451 14451 D LifecycleMonitor: Lifecycle status change: androidx.test.core.app.InstrumentationActivityInvoker$EmptyActivity@f20286f in: CREATED
09-23 20:32:57.592 14451 14451 V ActivityScenario: Activity lifecycle changed event received but ignored because the intent does not match. startActivityIntent=Intent { act=android.intent.action.MAIN cat=[android.intent.category.LAUNCHER] flg=0x10008000 cmp=com.shareconnect/.MainActivity }, activity.getIntent()=Intent { act=android.intent.action.MAIN cat=[android.intent.category.LAUNCHER] flg=0x10000000 cmp=com.shareconnect/androidx.test.core.app.InstrumentationActivityInvoker$EmptyActivity }, activity=androidx.test.core.app.InstrumentationActivityInvoker$EmptyActivity@f20286f
09-23 20:32:57.595 14451 14451 D LifecycleMonitor: Lifecycle status change: androidx.test.core.app.InstrumentationActivityInvoker$EmptyActivity@f20286f in: STARTED
09-23 20:32:57.595 14451 14451 V ActivityScenario: Activity lifecycle changed event received but ignored because the intent does not match. startActivityIntent=Intent { act=android.intent.action.MAIN cat=[android.intent.category.LAUNCHER] flg=0x10008000 cmp=com.shareconnect/.MainActivity }, activity.getIntent()=Intent { act=android.intent.action.MAIN cat=[android.intent.category.LAUNCHER] flg=0x10000000 cmp=com.shareconnect/androidx.test.core.app.InstrumentationActivityInvoker$EmptyActivity }, activity=androidx.test.core.app.InstrumentationActivityInvoker$EmptyActivity@f20286f
09-23 20:32:57.597 14451 14451 D FirebaseSessions: App foregrounded on com.shareconnect
09-23 20:32:57.604 14451 14451 V Console : Activity lifecycle :: RESUMED :: EmptyActivity
09-23 20:32:57.604 14451 14451 V Console : Foreground activity counter :: AtomicIntWrapper :: 12312792 :: 227589169 :: Value of: 0
09-23 20:32:57.605 14451 14451 I Console : Activity lifecycle :: Main state :: Foreground
09-23 20:32:57.605 14451 14451 V Console : Foreground activity counter :: AtomicIntWrapper :: 12312792 :: 227589169 :: Incremented to: 1
09-23 20:32:57.607 14451 14451 D LifecycleMonitor: Lifecycle status change: androidx.test.core.app.InstrumentationActivityInvoker$EmptyActivity@f20286f in: RESUMED
09-23 20:32:57.608 14451 14451 V ActivityScenario: Activity lifecycle changed event received but ignored because the intent does not match. startActivityIntent=Intent { act=android.intent.action.MAIN cat=[android.intent.category.LAUNCHER] flg=0x10008000 cmp=com.shareconnect/.MainActivity }, activity.getIntent()=Intent { act=android.intent.action.MAIN cat=[android.intent.category.LAUNCHER] flg=0x10000000 cmp=com.shareconnect/androidx.test.core.app.InstrumentationActivityInvoker$EmptyActivity }, activity=androidx.test.core.app.InstrumentationActivityInvoker$EmptyActivity@f20286f
09-23 20:32:57.609 14451 14451 V Console : Activity lifecycle :: POST-RESUMED :: EmptyActivity
09-23 20:32:57.614 14451 14544 W Parcel  : Expecting binder but got null!
09-23 20:32:57.650 14451 14544 E OpenGLRenderer: Unable to match the desired swap behavior.
09-23 20:32:57.677   488   503 I ActivityTaskManager: Displayed com.shareconnect/androidx.test.core.app.InstrumentationActivityInvoker$EmptyActivity: +139ms
09-23 20:32:57.705 14451 14451 V Console : Activity lifecycle :: PRE-STOPPED :: MainActivity
09-23 20:32:57.718 14451 14544 D EGL_emulation: app_time_stats: avg=582.19ms min=3.54ms max=5129.68ms count=9
09-23 20:32:57.724 14451 14451 V Console : Activity lifecycle :: STOPPED :: MainActivity
09-23 20:32:57.724 14451 14451 D LifecycleMonitor: Lifecycle status change: com.shareconnect.MainActivity@a1b02dc in: STOPPED
09-23 20:32:57.725 14451 14451 V ActivityScenario: Update currentActivityStage to STOPPED, currentActivity=com.shareconnect.MainActivity@a1b02dc
09-23 20:32:57.726 14451 14451 V Console : Activity lifecycle :: POST-STOPPED :: MainActivity
09-23 20:32:57.729 14451 14451 V Console : Activity lifecycle :: PRE-DESTROYED :: MainActivity
09-23 20:32:57.732 14451 14451 V Console : Activity lifecycle :: DESTROYED :: MainActivity
09-23 20:32:57.733 11307 14538 D AdvertisingIdClient: AdvertisingIdClient already created.
09-23 20:32:57.736 14451 14451 D LifecycleMonitor: Lifecycle status change: com.shareconnect.MainActivity@a1b02dc in: DESTROYED
09-23 20:32:57.737 14451 14451 V ActivityScenario: Update currentActivityStage to DESTROYED, currentActivity=null
09-23 20:32:57.741 11307 14538 I AdvertisingIdClient: shouldSendLog 10569668
09-23 20:32:57.741 11307 14538 I AdvertisingIdClient: GetInfoInternal elapse 7ms
09-23 20:32:57.748   488   591 W InputManager-JNI: Input channel object '7398300 com.shareconnect/com.shareconnect.MainActivity (client)' was disposed without first being removed with the input manager!
09-23 20:32:57.770 11811 11811 I GoogleInputMethodService: GoogleInputMethodService.onFinishInput():3227
09-23 20:32:57.771 11811 11811 I GoogleInputMethodService: GoogleInputMethodService.updateDeviceLockedStatus():2087 repeatCheckTimes = 0, unlocked = true
09-23 20:32:57.773 11811 11811 I GoogleInputMethodService: GoogleInputMethodService.onStartInput():1877 onStartInput(EditorInfo{inputType=0x0(NULL) imeOptions=0x0 privateImeOptions=null actionName=UNSPECIFIED actionLabel=null actionId=0 initialSelStart=-1 initialSelEnd=-1 initialCapsMode=0x0 hintText=null label=null packageName=com.shareconnect fieldId=-1 fieldName=null extras=null}, false)
09-23 20:32:57.773 11811 11811 I GoogleInputMethodService: GoogleInputMethodService.shouldHideHeaderOnInitialState():4008 ShouldHideHeaderOnInitialState = false
09-23 20:32:57.774 11811 11811 I GoogleInputMethodService: GoogleInputMethodService.updateDeviceLockedStatus():2087 repeatCheckTimes = 2, unlocked = true
09-23 20:32:57.798 14451 14529 I TestRunner: finished: testOpenMeTubeButtonClick(com.shareconnect.activities.MainActivityInstrumentationTest)
