09-23 20:33:05.348 14451 14529 I TestRunner: started: testFabAddButtonClick(com.shareconnect.activities.MainActivityInstrumentationTest)
09-23 20:33:05.350   488  2562 W InputManager-JNI: Input channel object '5f285a9 com.shareconnect/androidx.test.core.app.InstrumentationActivityInvoker$EmptyActivity (client)' was disposed without first being removed with the input manager!
09-23 20:33:05.359 14451 14529 W Settings: Setting always_finish_activities has moved from android.provider.Settings.System to android.provider.Settings.Global, returning read-only value.
09-23 20:33:05.385   779   868 W Parcel  : Expecting binder but got null!
09-23 20:33:05.413   779   868 E OpenGLRenderer: Unable to match the desired swap behavior.
09-23 20:33:05.416 14451 14451 D LifecycleMonitor: Lifecycle status change: com.shareconnect.MainActivity@4f51622 in: PRE_ON_CREATE
09-23 20:33:05.417 14451 14451 V ActivityScenario: Activity lifecycle changed event received but ignored because the reported transition was not ON_CREATE while the last known transition was PRE_ON_CREATE
09-23 20:33:05.421 14451 14451 D Console : getDefaultTheme() returned: Warm Orange Light (ID: 1, isDefault: true)
09-23 20:33:05.421 14451 14451 D Console : getDefaultTheme() returned: Warm Orange Light (ID: 1, isDefault: true)
09-23 20:33:05.421 14451 14451 D Console : Applying theme: Warm Orange Light, colorScheme: warm_orange, isDarkMode: false, currentTheme: WARM_ORANGE_LIGHT
09-23 20:33:05.421 14451 14451 D Console : Activity MainActivity usesToolbar: true
09-23 20:33:05.422 14451 14451 D Console : Setting night mode to NO
09-23 20:33:05.497  1581  1581 I GsaVoiceInteractionSrv: Handling ACTION_STOP_HOTWORD
09-23 20:33:05.497  1581  2233 I HwDetectorWithState: (REDACTED) a: %d
09-23 20:33:05.543 14451 14451 D LifecycleMonitor: Lifecycle status change: com.shareconnect.MainActivity@4f51622 in: CREATED
09-23 20:33:05.544 14451 14451 V ActivityScenario: Update currentActivityStage to CREATED, currentActivity=com.shareconnect.MainActivity@4f51622
09-23 20:33:05.546 14451 14451 D LifecycleMonitor: Lifecycle status change: com.shareconnect.MainActivity@4f51622 in: STARTED
09-23 20:33:05.546 14451 14451 V ActivityScenario: Update currentActivityStage to STARTED, currentActivity=com.shareconnect.MainActivity@4f51622
09-23 20:33:05.549 14451 14451 D FirebaseSessions: App foregrounded on com.shareconnect
09-23 20:33:05.555 14451 14451 V Console : Activity lifecycle :: RESUMED :: MainActivity
09-23 20:33:05.556 14451 14451 V Console : Foreground activity counter :: AtomicIntWrapper :: 12312792 :: 227589169 :: Value of: 0
09-23 20:33:05.557 14451 14451 I Console : Activity lifecycle :: Main state :: Foreground
09-23 20:33:05.557 14451 14451 V Console : Foreground activity counter :: AtomicIntWrapper :: 12312792 :: 227589169 :: Incremented to: 1
09-23 20:33:05.558 14451 14451 D Console : hasThemeChanged() returned: false
09-23 20:33:05.558 14451 14451 D Console : onResume() called, themeChanged: false
09-23 20:33:05.558 14451 14451 D LifecycleMonitor: Lifecycle status change: com.shareconnect.MainActivity@4f51622 in: RESUMED
09-23 20:33:05.558 14451 14451 V ActivityScenario: Update currentActivityStage to RESUMED, currentActivity=com.shareconnect.MainActivity@4f51622
09-23 20:33:05.560 14451 14451 V Console : Activity lifecycle :: POST-RESUMED :: MainActivity
09-23 20:33:05.565 14451 14544 W Parcel  : Expecting binder but got null!
09-23 20:33:05.632 14451 14544 E OpenGLRenderer: Unable to match the desired swap behavior.
09-23 20:33:05.638   779   868 D EGL_emulation: app_time_stats: avg=5609.74ms min=5609.74ms max=5609.74ms count=1
09-23 20:33:05.682   488   503 W ziparchive: Unable to open '/data/app/~~oupOlfVo85VjjJjgKudTNQ==/com.shareconnect-EH_RpdXvH7n6ovraMpysgA==/base.dm': No such file or directory
09-23 20:33:05.684   488   503 I ActivityTaskManager: Displayed com.shareconnect/.MainActivity: +317ms
09-23 20:33:05.713 11811 11811 I GoogleInputMethodService: GoogleInputMethodService.onFinishInput():3227
09-23 20:33:05.713 11811 11811 I GoogleInputMethodService: GoogleInputMethodService.updateDeviceLockedStatus():2087 repeatCheckTimes = 0, unlocked = true
09-23 20:33:05.713 11811 11811 I GoogleInputMethodService: GoogleInputMethodService.onStartInput():1877 onStartInput(EditorInfo{inputType=0x0(NULL) imeOptions=0x0 privateImeOptions=null actionName=UNSPECIFIED actionLabel=null actionId=0 initialSelStart=-1 initialSelEnd=-1 initialCapsMode=0x0 hintText=null label=null packageName=com.shareconnect fieldId=-1 fieldName=null extras=null}, false)
09-23 20:33:05.713 11811 11811 I GoogleInputMethodService: GoogleInputMethodService.shouldHideHeaderOnInitialState():4008 ShouldHideHeaderOnInitialState = false
09-23 20:33:05.714 11811 11811 I GoogleInputMethodService: GoogleInputMethodService.updateDeviceLockedStatus():2087 repeatCheckTimes = 2, unlocked = true
09-23 20:33:05.790   998  1945 D OneSearchSuggestProvider: Shut down the binder channel
09-23 20:33:05.791   998  1038 I s.nexuslauncher: oneway function results for code 2 on binder at 0xb400007a39481030 will be dropped but finished with status UNKNOWN_TRANSACTION
09-23 20:33:05.812  1581  2228 I AssistantForeground: (REDACTED) Get launcher package: %s
09-23 20:33:05.883   779   868 D EGL_emulation: app_time_stats: avg=518.26ms min=20.28ms max=5122.99ms count=11
09-23 20:33:05.982   488  1752 W InputManager-JNI: Input channel object '9b829f9 Splash Screen com.shareconnect (client)' was disposed without first being removed with the input manager!
09-23 20:33:06.944   779   868 D EGL_emulation: app_time_stats: avg=30.54ms min=8.51ms max=116.97ms count=34
09-23 20:33:10.815 14451 14451 I ViewInteraction: Performing 'scroll to' action on view view.getId() is <2131230970/com.shareconnect:id/fabAdd>
09-23 20:33:10.820 14451 14451 I ViewInteraction: Checking 'MatchesViewAssertion{viewMatcher=(view has effective visibility <VISIBLE> and view.getGlobalVisibleRect() to return non-empty rectangle)}' assertion on view view.getId() is <2131230970/com.shareconnect:id/fabAdd>
09-23 20:33:10.822 14451 14451 I ViewInteraction: Checking 'MatchesViewAssertion{viewMatcher=view.isClickable() is <true>}' assertion on view view.getId() is <2131230970/com.shareconnect:id/fabAdd>
09-23 20:33:10.905 14451 14544 D EGL_emulation: app_time_stats: avg=577.79ms min=7.04ms max=5072.00ms count=9
09-23 20:33:10.950 14451 14451 V Console : Activity lifecycle :: PRE-PAUSED :: MainActivity
09-23 20:33:10.950 14451 14451 D Console : Activity lifecycle :: Top activity: MainActivity
09-23 20:33:10.950 14451 14451 D FirebaseSessions: App backgrounded on com.shareconnect
09-23 20:33:10.953 14451 14451 V Console : Activity lifecycle :: PAUSED :: MainActivity
09-23 20:33:10.954 14451 14451 V Console : Foreground activity counter :: AtomicIntWrapper :: 12312792 :: 227589169 :: Decremented to: 0
09-23 20:33:10.956 14451 14451 D LifecycleMonitor: Lifecycle status change: com.shareconnect.MainActivity@4f51622 in: PAUSED
09-23 20:33:10.960 14451 14451 V ActivityScenario: Update currentActivityStage to PAUSED, currentActivity=com.shareconnect.MainActivity@4f51622
09-23 20:33:10.973 14451 14451 D LifecycleMonitor: Lifecycle status change: androidx.test.core.app.InstrumentationActivityInvoker$EmptyActivity@4bae5d8 in: PRE_ON_CREATE
09-23 20:33:10.977 14451 14451 V ActivityScenario: Activity lifecycle changed event received but ignored because the intent does not match. startActivityIntent=Intent { act=android.intent.action.MAIN cat=[android.intent.category.LAUNCHER] flg=0x10008000 cmp=com.shareconnect/.MainActivity }, activity.getIntent()=Intent { act=android.intent.action.MAIN cat=[android.intent.category.LAUNCHER] flg=0x10000000 cmp=com.shareconnect/androidx.test.core.app.InstrumentationActivityInvoker$EmptyActivity }, activity=androidx.test.core.app.InstrumentationActivityInvoker$EmptyActivity@4bae5d8
09-23 20:33:10.986 14451 14451 D LifecycleMonitor: Lifecycle status change: androidx.test.core.app.InstrumentationActivityInvoker$EmptyActivity@4bae5d8 in: CREATED
09-23 20:33:10.987 14451 14451 V ActivityScenario: Activity lifecycle changed event received but ignored because the intent does not match. startActivityIntent=Intent { act=android.intent.action.MAIN cat=[android.intent.category.LAUNCHER] flg=0x10008000 cmp=com.shareconnect/.MainActivity }, activity.getIntent()=Intent { act=android.intent.action.MAIN cat=[android.intent.category.LAUNCHER] flg=0x10000000 cmp=com.shareconnect/androidx.test.core.app.InstrumentationActivityInvoker$EmptyActivity }, activity=androidx.test.core.app.InstrumentationActivityInvoker$EmptyActivity@4bae5d8
09-23 20:33:10.992 14451 14451 D LifecycleMonitor: Lifecycle status change: androidx.test.core.app.InstrumentationActivityInvoker$EmptyActivity@4bae5d8 in: STARTED
09-23 20:33:10.993 14451 14451 V ActivityScenario: Activity lifecycle changed event received but ignored because the intent does not match. startActivityIntent=Intent { act=android.intent.action.MAIN cat=[android.intent.category.LAUNCHER] flg=0x10008000 cmp=com.shareconnect/.MainActivity }, activity.getIntent()=Intent { act=android.intent.action.MAIN cat=[android.intent.category.LAUNCHER] flg=0x10000000 cmp=com.shareconnect/androidx.test.core.app.InstrumentationActivityInvoker$EmptyActivity }, activity=androidx.test.core.app.InstrumentationActivityInvoker$EmptyActivity@4bae5d8
09-23 20:33:10.995 14451 14451 D FirebaseSessions: App foregrounded on com.shareconnect
09-23 20:33:11.001 14451 14451 V Console : Activity lifecycle :: RESUMED :: EmptyActivity
09-23 20:33:11.001 14451 14451 V Console : Foreground activity counter :: AtomicIntWrapper :: 12312792 :: 227589169 :: Value of: 0
09-23 20:33:11.001 14451 14451 I Console : Activity lifecycle :: Main state :: Foreground
09-23 20:33:11.002 14451 14451 V Console : Foreground activity counter :: AtomicIntWrapper :: 12312792 :: 227589169 :: Incremented to: 1
09-23 20:33:11.003 14451 14451 D LifecycleMonitor: Lifecycle status change: androidx.test.core.app.InstrumentationActivityInvoker$EmptyActivity@4bae5d8 in: RESUMED
09-23 20:33:11.004 14451 14451 V ActivityScenario: Activity lifecycle changed event received but ignored because the intent does not match. startActivityIntent=Intent { act=android.intent.action.MAIN cat=[android.intent.category.LAUNCHER] flg=0x10008000 cmp=com.shareconnect/.MainActivity }, activity.getIntent()=Intent { act=android.intent.action.MAIN cat=[android.intent.category.LAUNCHER] flg=0x10000000 cmp=com.shareconnect/androidx.test.core.app.InstrumentationActivityInvoker$EmptyActivity }, activity=androidx.test.core.app.InstrumentationActivityInvoker$EmptyActivity@4bae5d8
09-23 20:33:11.004 14451 14451 V Console : Activity lifecycle :: POST-RESUMED :: EmptyActivity
09-23 20:33:11.010 14451 14544 W Parcel  : Expecting binder but got null!
09-23 20:33:11.056 14451 14544 E OpenGLRenderer: Unable to match the desired swap behavior.
09-23 20:33:11.082   488   503 I ActivityTaskManager: Displayed com.shareconnect/androidx.test.core.app.InstrumentationActivityInvoker$EmptyActivity: +250ms
09-23 20:33:11.112 11307 14538 D AdvertisingIdClient: AdvertisingIdClient already created.
09-23 20:33:11.116 11307 14538 I AdvertisingIdClient: shouldSendLog 10569668
09-23 20:33:11.116 11307 14538 I AdvertisingIdClient: GetInfoInternal elapse 3ms
09-23 20:33:11.118 14451 14451 V Console : Activity lifecycle :: PRE-STOPPED :: MainActivity
09-23 20:33:11.122 14451 14451 V Console : Activity lifecycle :: STOPPED :: MainActivity
09-23 20:33:11.124 14451 14451 D LifecycleMonitor: Lifecycle status change: com.shareconnect.MainActivity@4f51622 in: STOPPED
09-23 20:33:11.125 14451 14451 V ActivityScenario: Update currentActivityStage to STOPPED, currentActivity=com.shareconnect.MainActivity@4f51622
09-23 20:33:11.128 14451 14451 V Console : Activity lifecycle :: POST-STOPPED :: MainActivity
09-23 20:33:11.128 14451 14451 V Console : Activity lifecycle :: PRE-DESTROYED :: MainActivity
09-23 20:33:11.133 14451 14451 V Console : Activity lifecycle :: DESTROYED :: MainActivity
09-23 20:33:11.136 14451 14451 D LifecycleMonitor: Lifecycle status change: com.shareconnect.MainActivity@4f51622 in: DESTROYED
09-23 20:33:11.137 14451 14451 V ActivityScenario: Update currentActivityStage to DESTROYED, currentActivity=null
09-23 20:33:11.201 14451 14451 I om.shareconnect: Explicit concurrent copying GC freed 96166(4602KB) AllocSpace objects, 48(2112KB) LOS objects, 49% free, 8020KB/15MB, paused 79us,50us total 62.633ms
09-23 20:33:11.237 14451 14451 I om.shareconnect: Explicit concurrent copying GC freed 25220(1023KB) AllocSpace objects, 0(0B) LOS objects, 49% free, 7029KB/13MB, paused 36us,110us total 24.750ms
09-23 20:33:11.264   488  1100 W InputManager-JNI: Input channel object 'dfa8369 com.shareconnect/com.shareconnect.MainActivity (client)' was disposed without first being removed with the input manager!
09-23 20:33:11.271 11811 11811 I GoogleInputMethodService: GoogleInputMethodService.onFinishInput():3227
09-23 20:33:11.272 11811 11811 I GoogleInputMethodService: GoogleInputMethodService.updateDeviceLockedStatus():2087 repeatCheckTimes = 0, unlocked = true
09-23 20:33:11.272 11811 11811 I GoogleInputMethodService: GoogleInputMethodService.onStartInput():1877 onStartInput(EditorInfo{inputType=0x0(NULL) imeOptions=0x0 privateImeOptions=null actionName=UNSPECIFIED actionLabel=null actionId=0 initialSelStart=-1 initialSelEnd=-1 initialCapsMode=0x0 hintText=null label=null packageName=com.shareconnect fieldId=-1 fieldName=null extras=null}, false)
09-23 20:33:11.272 11811 11811 I GoogleInputMethodService: GoogleInputMethodService.shouldHideHeaderOnInitialState():4008 ShouldHideHeaderOnInitialState = false
09-23 20:33:11.273 11811 11811 I GoogleInputMethodService: GoogleInputMethodService.updateDeviceLockedStatus():2087 repeatCheckTimes = 2, unlocked = true
09-23 20:33:11.275 14451 14529 I TestRunner: finished: testFabAddButtonClick(com.shareconnect.activities.MainActivityInstrumentationTest)
