09-23 20:33:34.519 14451 14529 I TestRunner: started: testHistoryButtonClick(com.shareconnect.activities.MainActivityInstrumentationTest)
09-23 20:33:34.521   488   591 W InputManager-JNI: Input channel object '90501b1 com.shareconnect/androidx.test.core.app.InstrumentationActivityInvoker$EmptyActivity (client)' was disposed without first being removed with the input manager!
09-23 20:33:34.535 14451 14529 W Settings: Setting always_finish_activities has moved from android.provider.Settings.System to android.provider.Settings.Global, returning read-only value.
09-23 20:33:34.551   779   868 W Parcel  : Expecting binder but got null!
09-23 20:33:34.565 14451 14451 D LifecycleMonitor: Lifecycle status change: com.shareconnect.MainActivity@bfddfd6 in: PRE_ON_CREATE
09-23 20:33:34.566 14451 14451 V ActivityScenario: Activity lifecycle changed event received but ignored because the reported transition was not ON_CREATE while the last known transition was PRE_ON_CREATE
09-23 20:33:34.569 14451 14451 D Console : getDefaultTheme() returned: Warm Orange Light (ID: 1, isDefault: true)
09-23 20:33:34.570 14451 14451 D Console : getDefaultTheme() returned: Warm Orange Light (ID: 1, isDefault: true)
09-23 20:33:34.571 14451 14451 D Console : Applying theme: Warm Orange Light, colorScheme: warm_orange, isDarkMode: false, currentTheme: WARM_ORANGE_LIGHT
09-23 20:33:34.571 14451 14451 D Console : Activity MainActivity usesToolbar: true
09-23 20:33:34.574 14451 14451 D Console : Setting night mode to NO
09-23 20:33:34.585   779   868 E OpenGLRenderer: Unable to match the desired swap behavior.
09-23 20:33:34.658 14451 14451 D LifecycleMonitor: Lifecycle status change: com.shareconnect.MainActivity@bfddfd6 in: CREATED
09-23 20:33:34.658 14451 14451 V ActivityScenario: Update currentActivityStage to CREATED, currentActivity=com.shareconnect.MainActivity@bfddfd6
09-23 20:33:34.661 14451 14451 D LifecycleMonitor: Lifecycle status change: com.shareconnect.MainActivity@bfddfd6 in: STARTED
09-23 20:33:34.661  1581  1581 I GsaVoiceInteractionSrv: Handling ACTION_STOP_HOTWORD
09-23 20:33:34.661 14451 14451 V ActivityScenario: Update currentActivityStage to STARTED, currentActivity=com.shareconnect.MainActivity@bfddfd6
09-23 20:33:34.661  1581  2233 I HwDetectorWithState: (REDACTED) a: %d
09-23 20:33:34.663 14451 14451 D FirebaseSessions: App foregrounded on com.shareconnect
09-23 20:33:34.669 14451 14451 V Console : Activity lifecycle :: RESUMED :: MainActivity
09-23 20:33:34.669 14451 14451 V Console : Foreground activity counter :: AtomicIntWrapper :: 12312792 :: 227589169 :: Value of: 0
09-23 20:33:34.669 14451 14451 I Console : Activity lifecycle :: Main state :: Foreground
09-23 20:33:34.670 14451 14451 V Console : Foreground activity counter :: AtomicIntWrapper :: 12312792 :: 227589169 :: Incremented to: 1
09-23 20:33:34.670 14451 14451 D Console : hasThemeChanged() returned: false
09-23 20:33:34.671 14451 14451 D Console : onResume() called, themeChanged: false
09-23 20:33:34.672 14451 14451 D LifecycleMonitor: Lifecycle status change: com.shareconnect.MainActivity@bfddfd6 in: RESUMED
09-23 20:33:34.676 14451 14451 V ActivityScenario: Update currentActivityStage to RESUMED, currentActivity=com.shareconnect.MainActivity@bfddfd6
09-23 20:33:34.677 14451 14451 V Console : Activity lifecycle :: POST-RESUMED :: MainActivity
09-23 20:33:34.681 14451 14544 W Parcel  : Expecting binder but got null!
09-23 20:33:34.720 14451 14544 E OpenGLRenderer: Unable to match the desired swap behavior.
09-23 20:33:34.732   779   868 D EGL_emulation: app_time_stats: avg=670.05ms min=4.43ms max=6481.74ms count=10
09-23 20:33:34.810   488   503 W ziparchive: Unable to open '/data/app/~~oupOlfVo85VjjJjgKudTNQ==/com.shareconnect-EH_RpdXvH7n6ovraMpysgA==/base.dm': No such file or directory
09-23 20:33:34.814   488   503 I ActivityTaskManager: Displayed com.shareconnect/.MainActivity: +266ms
09-23 20:33:34.837 11811 11811 I GoogleInputMethodService: GoogleInputMethodService.onFinishInput():3227
09-23 20:33:34.839 11811 11811 I GoogleInputMethodService: GoogleInputMethodService.updateDeviceLockedStatus():2087 repeatCheckTimes = 0, unlocked = true
09-23 20:33:34.839 11811 11811 I GoogleInputMethodService: GoogleInputMethodService.onStartInput():1877 onStartInput(EditorInfo{inputType=0x0(NULL) imeOptions=0x0 privateImeOptions=null actionName=UNSPECIFIED actionLabel=null actionId=0 initialSelStart=-1 initialSelEnd=-1 initialCapsMode=0x0 hintText=null label=null packageName=com.shareconnect fieldId=-1 fieldName=null extras=null}, false)
09-23 20:33:34.839 11811 11811 I GoogleInputMethodService: GoogleInputMethodService.shouldHideHeaderOnInitialState():4008 ShouldHideHeaderOnInitialState = false
09-23 20:33:34.846 11811 11811 I GoogleInputMethodService: GoogleInputMethodService.updateDeviceLockedStatus():2087 repeatCheckTimes = 2, unlocked = true
09-23 20:33:34.885   779   868 D EGL_emulation: app_time_stats: avg=405.33ms min=20.53ms max=5004.31ms count=14
09-23 20:33:34.964   998  1945 D OneSearchSuggestProvider: Shut down the binder channel
09-23 20:33:34.965   998 11368 I s.nexuslauncher: oneway function results for code 2 on binder at 0xb400007a3947d9a0 will be dropped but finished with status UNKNOWN_TRANSACTION
09-23 20:33:34.994  1581  2228 I AssistantForeground: (REDACTED) Get launcher package: %s
09-23 20:33:35.127   488   831 W InputManager-JNI: Input channel object '726aaa6 Splash Screen com.shareconnect (client)' was disposed without first being removed with the input manager!
09-23 20:33:35.892   779   868 D EGL_emulation: app_time_stats: avg=18.83ms min=2.02ms max=60.52ms count=50
09-23 20:33:38.062   488   831 D WifiNl80211Manager: Scan result ready event
09-23 20:33:38.062   488   831 D WifiNative: Scan result ready event
09-23 20:33:39.982 14451 14451 I ViewInteraction: Performing 'scroll to' action on view view.getId() is <2131230851/com.shareconnect:id/buttonHistory>
09-23 20:33:39.985 14451 14451 I ScrollToAction: View is already displayed. Returning.
09-23 20:33:39.988 14451 14451 I ViewInteraction: Checking 'MatchesViewAssertion{viewMatcher=(view has effective visibility <VISIBLE> and view.getGlobalVisibleRect() to return non-empty rectangle)}' assertion on view view.getId() is <2131230851/com.shareconnect:id/buttonHistory>
09-23 20:33:39.990 14451 14451 I ViewInteraction: Checking 'MatchesViewAssertion{viewMatcher=view.isClickable() is <true>}' assertion on view view.getId() is <2131230851/com.shareconnect:id/buttonHistory>
09-23 20:33:40.013 14451 14451 V Console : Activity lifecycle :: PRE-PAUSED :: MainActivity
09-23 20:33:40.013 14451 14451 D Console : Activity lifecycle :: Top activity: MainActivity
09-23 20:33:40.014 14451 14451 D FirebaseSessions: App backgrounded on com.shareconnect
09-23 20:33:40.021 14451 14451 V Console : Activity lifecycle :: PAUSED :: MainActivity
09-23 20:33:40.027 14451 14451 V Console : Foreground activity counter :: AtomicIntWrapper :: 12312792 :: 227589169 :: Decremented to: 0
09-23 20:33:40.029 14451 14451 D LifecycleMonitor: Lifecycle status change: com.shareconnect.MainActivity@bfddfd6 in: PAUSED
09-23 20:33:40.029 14451 14451 V ActivityScenario: Update currentActivityStage to PAUSED, currentActivity=com.shareconnect.MainActivity@bfddfd6
09-23 20:33:40.063 14451 14451 D LifecycleMonitor: Lifecycle status change: androidx.test.core.app.InstrumentationActivityInvoker$EmptyActivity@dfa1a2c in: PRE_ON_CREATE
09-23 20:33:40.064 14451 14451 V ActivityScenario: Activity lifecycle changed event received but ignored because the intent does not match. startActivityIntent=Intent { act=android.intent.action.MAIN cat=[android.intent.category.LAUNCHER] flg=0x10008000 cmp=com.shareconnect/.MainActivity }, activity.getIntent()=Intent { act=android.intent.action.MAIN cat=[android.intent.category.LAUNCHER] flg=0x10000000 cmp=com.shareconnect/androidx.test.core.app.InstrumentationActivityInvoker$EmptyActivity }, activity=androidx.test.core.app.InstrumentationActivityInvoker$EmptyActivity@dfa1a2c
09-23 20:33:40.098 14451 14451 D LifecycleMonitor: Lifecycle status change: androidx.test.core.app.InstrumentationActivityInvoker$EmptyActivity@dfa1a2c in: CREATED
09-23 20:33:40.098 14451 14451 V ActivityScenario: Activity lifecycle changed event received but ignored because the intent does not match. startActivityIntent=Intent { act=android.intent.action.MAIN cat=[android.intent.category.LAUNCHER] flg=0x10008000 cmp=com.shareconnect/.MainActivity }, activity.getIntent()=Intent { act=android.intent.action.MAIN cat=[android.intent.category.LAUNCHER] flg=0x10000000 cmp=com.shareconnect/androidx.test.core.app.InstrumentationActivityInvoker$EmptyActivity }, activity=androidx.test.core.app.InstrumentationActivityInvoker$EmptyActivity@dfa1a2c
09-23 20:33:40.101 14451 14451 D LifecycleMonitor: Lifecycle status change: androidx.test.core.app.InstrumentationActivityInvoker$EmptyActivity@dfa1a2c in: STARTED
09-23 20:33:40.102 14451 14451 V ActivityScenario: Activity lifecycle changed event received but ignored because the intent does not match. startActivityIntent=Intent { act=android.intent.action.MAIN cat=[android.intent.category.LAUNCHER] flg=0x10008000 cmp=com.shareconnect/.MainActivity }, activity.getIntent()=Intent { act=android.intent.action.MAIN cat=[android.intent.category.LAUNCHER] flg=0x10000000 cmp=com.shareconnect/androidx.test.core.app.InstrumentationActivityInvoker$EmptyActivity }, activity=androidx.test.core.app.InstrumentationActivityInvoker$EmptyActivity@dfa1a2c
09-23 20:33:40.106 14451 14451 D FirebaseSessions: App foregrounded on com.shareconnect
09-23 20:33:40.112 14451 14451 V Console : Activity lifecycle :: RESUMED :: EmptyActivity
09-23 20:33:40.112 14451 14451 V Console : Foreground activity counter :: AtomicIntWrapper :: 12312792 :: 227589169 :: Value of: 0
09-23 20:33:40.112 14451 14451 I Console : Activity lifecycle :: Main state :: Foreground
09-23 20:33:40.113 14451 14451 V Console : Foreground activity counter :: AtomicIntWrapper :: 12312792 :: 227589169 :: Incremented to: 1
09-23 20:33:40.116 14451 14451 D LifecycleMonitor: Lifecycle status change: androidx.test.core.app.InstrumentationActivityInvoker$EmptyActivity@dfa1a2c in: RESUMED
09-23 20:33:40.118 14451 14451 V ActivityScenario: Activity lifecycle changed event received but ignored because the intent does not match. startActivityIntent=Intent { act=android.intent.action.MAIN cat=[android.intent.category.LAUNCHER] flg=0x10008000 cmp=com.shareconnect/.MainActivity }, activity.getIntent()=Intent { act=android.intent.action.MAIN cat=[android.intent.category.LAUNCHER] flg=0x10000000 cmp=com.shareconnect/androidx.test.core.app.InstrumentationActivityInvoker$EmptyActivity }, activity=androidx.test.core.app.InstrumentationActivityInvoker$EmptyActivity@dfa1a2c
09-23 20:33:40.122 14451 14451 V Console : Activity lifecycle :: POST-RESUMED :: EmptyActivity
09-23 20:33:40.141 14451 14544 W Parcel  : Expecting binder but got null!
09-23 20:33:40.193 14451 14544 E OpenGLRenderer: Unable to match the desired swap behavior.
09-23 20:33:40.228   488   503 I ActivityTaskManager: Displayed com.shareconnect/androidx.test.core.app.InstrumentationActivityInvoker$EmptyActivity: +227ms
09-23 20:33:40.252 14451 14451 V Console : Activity lifecycle :: PRE-STOPPED :: MainActivity
09-23 20:33:40.268 11307 14538 D AdvertisingIdClient: AdvertisingIdClient already created.
09-23 20:33:40.272 14451 14544 D EGL_emulation: app_time_stats: avg=606.88ms min=5.82ms max=5306.29ms count=9
09-23 20:33:40.276 11307 14538 I AdvertisingIdClient: shouldSendLog 10569668
09-23 20:33:40.276 11307 14538 I AdvertisingIdClient: GetInfoInternal elapse 7ms
09-23 20:33:40.278 14451 14451 V Console : Activity lifecycle :: STOPPED :: MainActivity
09-23 20:33:40.279 14451 14451 D LifecycleMonitor: Lifecycle status change: com.shareconnect.MainActivity@bfddfd6 in: STOPPED
09-23 20:33:40.280 14451 14451 V ActivityScenario: Update currentActivityStage to STOPPED, currentActivity=com.shareconnect.MainActivity@bfddfd6
09-23 20:33:40.282 14451 14451 V Console : Activity lifecycle :: POST-STOPPED :: MainActivity
09-23 20:33:40.284 14451 14451 V Console : Activity lifecycle :: PRE-DESTROYED :: MainActivity
09-23 20:33:40.285 14451 14451 V Console : Activity lifecycle :: DESTROYED :: MainActivity
09-23 20:33:40.287 14451 14451 D LifecycleMonitor: Lifecycle status change: com.shareconnect.MainActivity@bfddfd6 in: DESTROYED
09-23 20:33:40.288 14451 14451 V ActivityScenario: Update currentActivityStage to DESTROYED, currentActivity=null
09-23 20:33:40.366 14451 14451 I om.shareconnect: Explicit concurrent copying GC freed 61839(3102KB) AllocSpace objects, 34(1768KB) LOS objects, 49% free, 7894KB/15MB, paused 77us,61us total 77.107ms
09-23 20:33:40.403 14451 14451 I om.shareconnect: Explicit concurrent copying GC freed 20796(875KB) AllocSpace objects, 0(0B) LOS objects, 49% free, 7050KB/13MB, paused 37us,63us total 29.323ms
09-23 20:33:40.435   488   591 W InputManager-JNI: Input channel object '5ec4771 com.shareconnect/com.shareconnect.MainActivity (client)' was disposed without first being removed with the input manager!
09-23 20:33:40.445 11811 11811 I GoogleInputMethodService: GoogleInputMethodService.onFinishInput():3227
09-23 20:33:40.447 11811 11811 I GoogleInputMethodService: GoogleInputMethodService.updateDeviceLockedStatus():2087 repeatCheckTimes = 0, unlocked = true
09-23 20:33:40.447 11811 11811 I GoogleInputMethodService: GoogleInputMethodService.onStartInput():1877 onStartInput(EditorInfo{inputType=0x0(NULL) imeOptions=0x0 privateImeOptions=null actionName=UNSPECIFIED actionLabel=null actionId=0 initialSelStart=-1 initialSelEnd=-1 initialCapsMode=0x0 hintText=null label=null packageName=com.shareconnect fieldId=-1 fieldName=null extras=null}, false)
09-23 20:33:40.447 11811 11811 I GoogleInputMethodService: GoogleInputMethodService.shouldHideHeaderOnInitialState():4008 ShouldHideHeaderOnInitialState = false
09-23 20:33:40.448 11811 11811 I GoogleInputMethodService: GoogleInputMethodService.updateDeviceLockedStatus():2087 repeatCheckTimes = 2, unlocked = true
09-23 20:33:40.450 14451 14529 I TestRunner: finished: testHistoryButtonClick(com.shareconnect.activities.MainActivityInstrumentationTest)
