09-23 20:33:27.690 14451 14529 I TestRunner: started: testAppNameIsDisplayed(com.shareconnect.activities.MainActivityInstrumentationTest)
09-23 20:33:27.701 14451 14529 W Settings: Setting always_finish_activities has moved from android.provider.Settings.System to android.provider.Settings.Global, returning read-only value.
09-23 20:33:27.716   779   868 W Parcel  : Expecting binder but got null!
09-23 20:33:27.768   779   868 E OpenGLRenderer: Unable to match the desired swap behavior.
09-23 20:33:27.774 14451 14451 D LifecycleMonitor: Lifecycle status change: com.shareconnect.MainActivity@4278b2d in: PRE_ON_CREATE
09-23 20:33:27.778 14451 14451 V ActivityScenario: Activity lifecycle changed event received but ignored because the reported transition was not ON_CREATE while the last known transition was PRE_ON_CREATE
09-23 20:33:27.785 14451 14451 D Console : getDefaultTheme() returned: Warm Orange Light (ID: 1, isDefault: true)
09-23 20:33:27.798 14451 14451 D Console : getDefaultTheme() returned: Warm Orange Light (ID: 1, isDefault: true)
09-23 20:33:27.799 14451 14451 D Console : Applying theme: Warm Orange Light, colorScheme: warm_orange, isDarkMode: false, currentTheme: WARM_ORANGE_LIGHT
09-23 20:33:27.799 14451 14451 D Console : Activity MainActivity usesToolbar: true
09-23 20:33:27.801 14451 14451 D Console : Setting night mode to NO
09-23 20:33:27.822  1581  1581 I GsaVoiceInteractionSrv: Handling ACTION_STOP_HOTWORD
09-23 20:33:27.825  1581  2154 I HwDetectorWithState: (REDACTED) a: %d
09-23 20:33:27.901 14451 14451 D LifecycleMonitor: Lifecycle status change: com.shareconnect.MainActivity@4278b2d in: CREATED
09-23 20:33:27.902 14451 14451 V ActivityScenario: Update currentActivityStage to CREATED, currentActivity=com.shareconnect.MainActivity@4278b2d
09-23 20:33:27.905 14451 14451 D LifecycleMonitor: Lifecycle status change: com.shareconnect.MainActivity@4278b2d in: STARTED
09-23 20:33:27.905 14451 14451 V ActivityScenario: Update currentActivityStage to STARTED, currentActivity=com.shareconnect.MainActivity@4278b2d
09-23 20:33:27.910 14451 14451 D FirebaseSessions: App foregrounded on com.shareconnect
09-23 20:33:27.916 14451 14451 V Console : Activity lifecycle :: RESUMED :: MainActivity
09-23 20:33:27.917 14451 14451 V Console : Foreground activity counter :: AtomicIntWrapper :: 12312792 :: 227589169 :: Value of: 0
09-23 20:33:27.917 14451 14451 I Console : Activity lifecycle :: Main state :: Foreground
09-23 20:33:27.918 14451 14451 V Console : Foreground activity counter :: AtomicIntWrapper :: 12312792 :: 227589169 :: Incremented to: 1
09-23 20:33:27.919 14451 14451 D Console : hasThemeChanged() returned: false
09-23 20:33:27.920 14451 14451 D Console : onResume() called, themeChanged: false
09-23 20:33:27.920 14451 14451 D LifecycleMonitor: Lifecycle status change: com.shareconnect.MainActivity@4278b2d in: RESUMED
09-23 20:33:27.920 14451 14451 V ActivityScenario: Update currentActivityStage to RESUMED, currentActivity=com.shareconnect.MainActivity@4278b2d
09-23 20:33:27.922 14451 14451 V Console : Activity lifecycle :: POST-RESUMED :: MainActivity
09-23 20:33:27.933 14451 14544 W Parcel  : Expecting binder but got null!
09-23 20:33:28.001 14451 14544 E OpenGLRenderer: Unable to match the desired swap behavior.
09-23 20:33:28.002   779   868 D EGL_emulation: app_time_stats: avg=770.93ms min=8.71ms max=7449.54ms count=10
09-23 20:33:28.049   488   503 W ziparchive: Unable to open '/data/app/~~oupOlfVo85VjjJjgKudTNQ==/com.shareconnect-EH_RpdXvH7n6ovraMpysgA==/base.dm': No such file or directory
09-23 20:33:28.051   488   503 I ActivityTaskManager: Displayed com.shareconnect/.MainActivity: +342ms
09-23 20:33:28.079 11811 11811 I GoogleInputMethodService: GoogleInputMethodService.onFinishInput():3227
09-23 20:33:28.080 11811 11811 I GoogleInputMethodService: GoogleInputMethodService.updateDeviceLockedStatus():2087 repeatCheckTimes = 0, unlocked = true
09-23 20:33:28.080 11811 11811 I GoogleInputMethodService: GoogleInputMethodService.onStartInput():1877 onStartInput(EditorInfo{inputType=0x0(NULL) imeOptions=0x0 privateImeOptions=null actionName=UNSPECIFIED actionLabel=null actionId=0 initialSelStart=-1 initialSelEnd=-1 initialCapsMode=0x0 hintText=null label=null packageName=com.shareconnect fieldId=-1 fieldName=null extras=null}, false)
09-23 20:33:28.080 11811 11811 I GoogleInputMethodService: GoogleInputMethodService.shouldHideHeaderOnInitialState():4008 ShouldHideHeaderOnInitialState = false
09-23 20:33:28.081 11811 11811 I GoogleInputMethodService: GoogleInputMethodService.updateDeviceLockedStatus():2087 repeatCheckTimes = 2, unlocked = true
09-23 20:33:28.154  1581  2227 I AssistantForeground: (REDACTED) Get launcher package: %s
09-23 20:33:28.162   998  1945 D OneSearchSuggestProvider: Shut down the binder channel
09-23 20:33:28.163   998 11368 I s.nexuslauncher: oneway function results for code 2 on binder at 0xb400007a3948ed40 will be dropped but finished with status UNKNOWN_TRANSACTION
09-23 20:33:28.196   779   868 D EGL_emulation: app_time_stats: avg=424.03ms min=17.76ms max=6070.44ms count=16
09-23 20:33:28.361   488  1119 W InputManager-JNI: Input channel object 'c40e657 Splash Screen com.shareconnect (client)' was disposed without first being removed with the input manager!
09-23 20:33:29.210   779   868 D EGL_emulation: app_time_stats: avg=14.45ms min=1.24ms max=36.85ms count=52
09-23 20:33:33.214 14451 14451 I ViewInteraction: Checking 'MatchesViewAssertion{viewMatcher=(view has effective visibility <VISIBLE> and view.getGlobalVisibleRect() to return non-empty rectangle)}' assertion on view view.getId() is <2131231328/com.shareconnect:id/toolbar>
09-23 20:33:33.259 14451 14451 V Console : Activity lifecycle :: PRE-PAUSED :: MainActivity
09-23 20:33:33.262 14451 14451 D Console : Activity lifecycle :: Top activity: MainActivity
09-23 20:33:33.265 14451 14451 D FirebaseSessions: App backgrounded on com.shareconnect
09-23 20:33:33.286 14451 14451 V Console : Activity lifecycle :: PAUSED :: MainActivity
09-23 20:33:33.294 14451 14451 V Console : Foreground activity counter :: AtomicIntWrapper :: 12312792 :: 227589169 :: Decremented to: 0
09-23 20:33:33.296 14451 14451 D LifecycleMonitor: Lifecycle status change: com.shareconnect.MainActivity@4278b2d in: PAUSED
09-23 20:33:33.296 14451 14451 V ActivityScenario: Update currentActivityStage to PAUSED, currentActivity=com.shareconnect.MainActivity@4278b2d
09-23 20:33:33.319 14451 14451 D LifecycleMonitor: Lifecycle status change: androidx.test.core.app.InstrumentationActivityInvoker$EmptyActivity@d4afaf2 in: PRE_ON_CREATE
09-23 20:33:33.320 14451 14451 V ActivityScenario: Activity lifecycle changed event received but ignored because the intent does not match. startActivityIntent=Intent { act=android.intent.action.MAIN cat=[android.intent.category.LAUNCHER] flg=0x10008000 cmp=com.shareconnect/.MainActivity }, activity.getIntent()=Intent { act=android.intent.action.MAIN cat=[android.intent.category.LAUNCHER] flg=0x10000000 cmp=com.shareconnect/androidx.test.core.app.InstrumentationActivityInvoker$EmptyActivity }, activity=androidx.test.core.app.InstrumentationActivityInvoker$EmptyActivity@d4afaf2
09-23 20:33:33.345 14451 14451 D LifecycleMonitor: Lifecycle status change: androidx.test.core.app.InstrumentationActivityInvoker$EmptyActivity@d4afaf2 in: CREATED
09-23 20:33:33.345 14451 14451 V ActivityScenario: Activity lifecycle changed event received but ignored because the intent does not match. startActivityIntent=Intent { act=android.intent.action.MAIN cat=[android.intent.category.LAUNCHER] flg=0x10008000 cmp=com.shareconnect/.MainActivity }, activity.getIntent()=Intent { act=android.intent.action.MAIN cat=[android.intent.category.LAUNCHER] flg=0x10000000 cmp=com.shareconnect/androidx.test.core.app.InstrumentationActivityInvoker$EmptyActivity }, activity=androidx.test.core.app.InstrumentationActivityInvoker$EmptyActivity@d4afaf2
09-23 20:33:33.349 14451 14451 D LifecycleMonitor: Lifecycle status change: androidx.test.core.app.InstrumentationActivityInvoker$EmptyActivity@d4afaf2 in: STARTED
09-23 20:33:33.350 14451 14451 V ActivityScenario: Activity lifecycle changed event received but ignored because the intent does not match. startActivityIntent=Intent { act=android.intent.action.MAIN cat=[android.intent.category.LAUNCHER] flg=0x10008000 cmp=com.shareconnect/.MainActivity }, activity.getIntent()=Intent { act=android.intent.action.MAIN cat=[android.intent.category.LAUNCHER] flg=0x10000000 cmp=com.shareconnect/androidx.test.core.app.InstrumentationActivityInvoker$EmptyActivity }, activity=androidx.test.core.app.InstrumentationActivityInvoker$EmptyActivity@d4afaf2
09-23 20:33:33.357 14451 14451 D FirebaseSessions: App foregrounded on com.shareconnect
09-23 20:33:33.370 14451 14451 V Console : Activity lifecycle :: RESUMED :: EmptyActivity
09-23 20:33:33.370 14451 14451 V Console : Foreground activity counter :: AtomicIntWrapper :: 12312792 :: 227589169 :: Value of: 0
09-23 20:33:33.370 14451 14451 I Console : Activity lifecycle :: Main state :: Foreground
09-23 20:33:33.371 14451 14451 V Console : Foreground activity counter :: AtomicIntWrapper :: 12312792 :: 227589169 :: Incremented to: 1
09-23 20:33:33.376 14451 14451 D LifecycleMonitor: Lifecycle status change: androidx.test.core.app.InstrumentationActivityInvoker$EmptyActivity@d4afaf2 in: RESUMED
09-23 20:33:33.378 14451 14451 V ActivityScenario: Activity lifecycle changed event received but ignored because the intent does not match. startActivityIntent=Intent { act=android.intent.action.MAIN cat=[android.intent.category.LAUNCHER] flg=0x10008000 cmp=com.shareconnect/.MainActivity }, activity.getIntent()=Intent { act=android.intent.action.MAIN cat=[android.intent.category.LAUNCHER] flg=0x10000000 cmp=com.shareconnect/androidx.test.core.app.InstrumentationActivityInvoker$EmptyActivity }, activity=androidx.test.core.app.InstrumentationActivityInvoker$EmptyActivity@d4afaf2
09-23 20:33:33.380 14451 14451 V Console : Activity lifecycle :: POST-RESUMED :: EmptyActivity
09-23 20:33:33.389 14451 14544 W Parcel  : Expecting binder but got null!
09-23 20:33:33.465 14451 14544 E OpenGLRenderer: Unable to match the desired swap behavior.
09-23 20:33:33.502   488   503 I ActivityTaskManager: Displayed com.shareconnect/androidx.test.core.app.InstrumentationActivityInvoker$EmptyActivity: +273ms
09-23 20:33:33.574 14451 14451 V Console : Activity lifecycle :: PRE-STOPPED :: MainActivity
09-23 20:33:33.579 14451 14451 V Console : Activity lifecycle :: STOPPED :: MainActivity
09-23 20:33:33.580 14451 14451 D LifecycleMonitor: Lifecycle status change: com.shareconnect.MainActivity@4278b2d in: STOPPED
09-23 20:33:33.581 14451 14451 V ActivityScenario: Update currentActivityStage to STOPPED, currentActivity=com.shareconnect.MainActivity@4278b2d
09-23 20:33:33.582 14451 14451 V Console : Activity lifecycle :: POST-STOPPED :: MainActivity
09-23 20:33:33.584 14451 14451 V Console : Activity lifecycle :: PRE-DESTROYED :: MainActivity
09-23 20:33:33.590 14451 14451 V Console : Activity lifecycle :: DESTROYED :: MainActivity
09-23 20:33:33.595 14451 14451 D LifecycleMonitor: Lifecycle status change: com.shareconnect.MainActivity@4278b2d in: DESTROYED
09-23 20:33:33.597 14451 14451 V ActivityScenario: Update currentActivityStage to DESTROYED, currentActivity=null
09-23 20:33:33.606   488  1119 W InputManager-JNI: Input channel object 'ef21347 com.shareconnect/com.shareconnect.MainActivity (client)' was disposed without first being removed with the input manager!
09-23 20:33:33.629 11811 11811 I GoogleInputMethodService: GoogleInputMethodService.onFinishInput():3227
09-23 20:33:33.631 11811 11811 I GoogleInputMethodService: GoogleInputMethodService.updateDeviceLockedStatus():2087 repeatCheckTimes = 0, unlocked = true
09-23 20:33:33.631 11811 11811 I GoogleInputMethodService: GoogleInputMethodService.onStartInput():1877 onStartInput(EditorInfo{inputType=0x0(NULL) imeOptions=0x0 privateImeOptions=null actionName=UNSPECIFIED actionLabel=null actionId=0 initialSelStart=-1 initialSelEnd=-1 initialCapsMode=0x0 hintText=null label=null packageName=com.shareconnect fieldId=-1 fieldName=null extras=null}, false)
09-23 20:33:33.631 11811 11811 I GoogleInputMethodService: GoogleInputMethodService.shouldHideHeaderOnInitialState():4008 ShouldHideHeaderOnInitialState = false
09-23 20:33:33.632 11811 11811 I GoogleInputMethodService: GoogleInputMethodService.updateDeviceLockedStatus():2087 repeatCheckTimes = 2, unlocked = true
09-23 20:33:33.636 14451 14529 I TestRunner: finished: testAppNameIsDisplayed(com.shareconnect.activities.MainActivityInstrumentationTest)
